This is pdfTeX, Version 3.141592653-2.6-1.40.24 (TeX Live 2022/nixos.org) (preloaded format=pdflatex 1980.1.1)  5 FEB 2024 12:00
entering extended mode
 \write18 enabled.
 file:line:error style messages enabled.
 %&-line parsing enabled.
**effekt.tex
(./effekt.tex
LaTeX2e <2022-11-01> patch level 1
L3 programming layer <2023-02-22> (./acmart.cls
Document Class: acmart 2021/09/24 v1.80 Typesetting articles for the Associatio
n for Computing Machinery

(/nix/store/l622q5dry1nrr19rvidifnqcxyg8d42p-texlive-combined-full-2022-final-t
exmfdist/tex/latex/xkeyval/xkeyval.sty
Package: xkeyval 2022/06/16 v2.9 package option processing (HA)

(/nix/store/l622q5dry1nrr19rvidifnqcxyg8d42p-texlive-combined-full-2022-final-t
exmfdist/tex/generic/xkeyval/xkeyval.tex
(/nix/store/l622q5dry1nrr19rvidifnqcxyg8d42p-texlive-combined-full-2022-final-t
exmfdist/tex/generic/xkeyval/xkvutils.tex
\XKV@toks=\toks16
\XKV@tempa@toks=\toks17

(/nix/store/l622q5dry1nrr19rvidifnqcxyg8d42p-texlive-combined-full-2022-final-t
exmfdist/tex/generic/xkeyval/keyval.tex))
\XKV@depth=\count185
File: xkeyval.tex 2014/12/03 v2.7a key=value parser (HA)
))
(/nix/store/l622q5dry1nrr19rvidifnqcxyg8d42p-texlive-combined-full-2022-final-t
exmfdist/tex/generic/xstring/xstring.sty
(/nix/store/l622q5dry1nrr19rvidifnqcxyg8d42p-texlive-combined-full-2022-final-t
exmfdist/tex/generic/xstring/xstring.tex
\integerpart=\count186
\decimalpart=\count187
)
Package: xstring 2023/01/14 v1.85 String manipulations (CT)
)
(/nix/store/l622q5dry1nrr19rvidifnqcxyg8d42p-texlive-combined-full-2022-final-t
exmfdist/tex/generic/iftex/iftex.sty
Package: iftex 2022/02/03 v1.0f TeX engine tests
)
Package acmart Info: Not using screen mode on input line 73.
Package acmart Info: Using breaking urls on hyphens on input line 81.
Package acmart Info: Requiring acmthm on input line 89.
Package acmart Info: Not using review mode on input line 98.
Package acmart Info: Not using authorversion mode on input line 106.
Package acmart Info: Not using nonacm mode on input line 118.
Package acmart Info: Explicitly selecting natbib mode on input line 134.
Package acmart Info: Not using anonymous mode on input line 142.
Package acmart Info: Not using timestamp mode on input line 150.
Package acmart Info: Not using authordraft mode on input line 160.
Package acmart Info: Using screen mode on input line 169.
Class acmart Info: Using format acmsmall, number 1 on input line 169.
Class acmart Info: Using fontsize 10pt on input line 253.

(/nix/store/l622q5dry1nrr19rvidifnqcxyg8d42p-texlive-combined-full-2022-final-t
exmfdist/tex/latex/amscls/amsart.cls
Document Class: amsart 2020/05/29 v2.20.6
\linespacing=\dimen140
\normalparindent=\dimen141
\normaltopskip=\skip48

(/nix/store/l622q5dry1nrr19rvidifnqcxyg8d42p-texlive-combined-full-2022-final-t
exmfdist/tex/latex/amsmath/amsmath.sty
Package: amsmath 2022/04/08 v2.17n AMS math features
\@mathmargin=\skip49

For additional information on amsmath, use the `?' option.

(/nix/store/l622q5dry1nrr19rvidifnqcxyg8d42p-texlive-combined-full-2022-final-t
exmfdist/tex/latex/amsmath/amstext.sty
Package: amstext 2021/08/26 v2.01 AMS text

(/nix/store/l622q5dry1nrr19rvidifnqcxyg8d42p-texlive-combined-full-2022-final-t
exmfdist/tex/latex/amsmath/amsgen.sty
File: amsgen.sty 1999/11/30 v2.0 generic functions
\@emptytoks=\toks18
\ex@=\dimen142
))
(/nix/store/l622q5dry1nrr19rvidifnqcxyg8d42p-texlive-combined-full-2022-final-t
exmfdist/tex/latex/amsmath/amsbsy.sty
Package: amsbsy 1999/11/29 v1.2d Bold Symbols
\pmbraise@=\dimen143
)
(/nix/store/l622q5dry1nrr19rvidifnqcxyg8d42p-texlive-combined-full-2022-final-t
exmfdist/tex/latex/amsmath/amsopn.sty
Package: amsopn 2022/04/08 v2.04 operator names
)
\inf@bad=\count188
LaTeX Info: Redefining \frac on input line 234.
\uproot@=\count189
\leftroot@=\count190
LaTeX Info: Redefining \overline on input line 399.
LaTeX Info: Redefining \colon on input line 410.
\classnum@=\count191
\DOTSCASE@=\count192
LaTeX Info: Redefining \ldots on input line 496.
LaTeX Info: Redefining \dots on input line 499.
LaTeX Info: Redefining \cdots on input line 620.
\Mathstrutbox@=\box51
\strutbox@=\box52
LaTeX Info: Redefining \big on input line 722.
LaTeX Info: Redefining \Big on input line 723.
LaTeX Info: Redefining \bigg on input line 724.
LaTeX Info: Redefining \Bigg on input line 725.
\big@size=\dimen144
LaTeX Font Info:    Redeclaring font encoding OML on input line 743.
LaTeX Font Info:    Redeclaring font encoding OMS on input line 744.
\macc@depth=\count193
LaTeX Info: Redefining \bmod on input line 905.
LaTeX Info: Redefining \pmod on input line 910.
LaTeX Info: Redefining \smash on input line 940.
LaTeX Info: Redefining \relbar on input line 970.
LaTeX Info: Redefining \Relbar on input line 971.
\c@MaxMatrixCols=\count194
\dotsspace@=\muskip16
\c@parentequation=\count195
\dspbrk@lvl=\count196
\tag@help=\toks19
\row@=\count197
\column@=\count198
\maxfields@=\count199
\andhelp@=\toks20
\eqnshift@=\dimen145
\alignsep@=\dimen146
\tagshift@=\dimen147
\tagwidth@=\dimen148
\totwidth@=\dimen149
\lineht@=\dimen150
\@envbody=\toks21
\multlinegap=\skip50
\multlinetaggap=\skip51
\mathdisplay@stack=\toks22
LaTeX Info: Redefining \[ on input line 2953.
LaTeX Info: Redefining \] on input line 2954.
)
LaTeX Font Info:    Trying to load font information for U+msa on input line 397
.

(/nix/store/l622q5dry1nrr19rvidifnqcxyg8d42p-texlive-combined-full-2022-final-t
exmfdist/tex/latex/amsfonts/umsa.fd
File: umsa.fd 2013/01/14 v3.01 AMS symbols A
)
(/nix/store/l622q5dry1nrr19rvidifnqcxyg8d42p-texlive-combined-full-2022-final-t
exmfdist/tex/latex/amsfonts/amsfonts.sty
Package: amsfonts 2013/01/14 v3.01 Basic AMSFonts support
\symAMSa=\mathgroup4
\symAMSb=\mathgroup5
LaTeX Font Info:    Redeclaring math symbol \hbar on input line 98.
LaTeX Font Info:    Overwriting math alphabet `\mathfrak' in version `bold'
(Font)                  U/euf/m/n --> U/euf/b/n on input line 106.
)
\copyins=\insert252
\abstractbox=\box53
\listisep=\skip52
\c@part=\count266
\c@section=\count267
\c@subsection=\count268
\c@subsubsection=\count269
\c@paragraph=\count270
\c@subparagraph=\count271
\c@figure=\count272
\c@table=\count273
\abovecaptionskip=\skip53
\belowcaptionskip=\skip54
\captionindent=\dimen151
\thm@style=\toks23
\thm@bodyfont=\toks24
\thm@headfont=\toks25
\thm@notefont=\toks26
\thm@headpunct=\toks27
\thm@preskip=\skip55
\thm@postskip=\skip56
\thm@headsep=\skip57
\dth@everypar=\toks28
)
(/nix/store/l622q5dry1nrr19rvidifnqcxyg8d42p-texlive-combined-full-2022-final-t
exmfdist/tex/latex/microtype/microtype.sty
Package: microtype 2023/03/13 v3.1a Micro-typographical refinements (RS)

(/nix/store/l622q5dry1nrr19rvidifnqcxyg8d42p-texlive-combined-full-2022-final-t
exmfdist/tex/latex/etoolbox/etoolbox.sty
Package: etoolbox 2020/10/05 v2.5k e-TeX tools for LaTeX (JAW)
\etb@tempcnta=\count274
)
\MT@toks=\toks29
\MT@tempbox=\box54
\MT@count=\count275
LaTeX Info: Redefining \noprotrusionifhmode on input line 1059.
LaTeX Info: Redefining \leftprotrusion on input line 1060.
\MT@prot@toks=\toks30
LaTeX Info: Redefining \rightprotrusion on input line 1078.
LaTeX Info: Redefining \textls on input line 1368.
\MT@outer@kern=\dimen152
LaTeX Info: Redefining \textmicrotypecontext on input line 1988.
\MT@listname@count=\count276

(/nix/store/l622q5dry1nrr19rvidifnqcxyg8d42p-texlive-combined-full-2022-final-t
exmfdist/tex/latex/microtype/microtype-pdftex.def
File: microtype-pdftex.def 2023/03/13 v3.1a Definitions specific to pdftex (RS)

LaTeX Info: Redefining \lsstyle on input line 902.
LaTeX Info: Redefining \lslig on input line 902.
\MT@outer@space=\skip58
)
Package microtype Info: Loading configuration file microtype.cfg.

(/nix/store/l622q5dry1nrr19rvidifnqcxyg8d42p-texlive-combined-full-2022-final-t
exmfdist/tex/latex/microtype/microtype.cfg
File: microtype.cfg 2023/03/13 v3.1a microtype main configuration file (RS)
))
(/nix/store/l622q5dry1nrr19rvidifnqcxyg8d42p-texlive-combined-full-2022-final-t
exmfdist/tex/latex/booktabs/booktabs.sty
Package: booktabs 2020/01/12 v1.61803398 Publication quality tables
\heavyrulewidth=\dimen153
\lightrulewidth=\dimen154
\cmidrulewidth=\dimen155
\belowrulesep=\dimen156
\belowbottomsep=\dimen157
\aboverulesep=\dimen158
\abovetopsep=\dimen159
\cmidrulesep=\dimen160
\cmidrulekern=\dimen161
\defaultaddspace=\dimen162
\@cmidla=\count277
\@cmidlb=\count278
\@aboverulesep=\dimen163
\@belowrulesep=\dimen164
\@thisruleclass=\count279
\@lastruleclass=\count280
\@thisrulewidth=\dimen165
)
(/nix/store/l622q5dry1nrr19rvidifnqcxyg8d42p-texlive-combined-full-2022-final-t
exmfdist/tex/latex/refcount/refcount.sty
Package: refcount 2019/12/15 v3.6 Data extraction from label references (HO)

(/nix/store/l622q5dry1nrr19rvidifnqcxyg8d42p-texlive-combined-full-2022-final-t
exmfdist/tex/generic/ltxcmds/ltxcmds.sty
Package: ltxcmds 2020-05-10 v1.25 LaTeX kernel commands for general use (HO)
)
(/nix/store/l622q5dry1nrr19rvidifnqcxyg8d42p-texlive-combined-full-2022-final-t
exmfdist/tex/generic/infwarerr/infwarerr.sty
Package: infwarerr 2019/12/03 v1.5 Providing info/warning/error messages (HO)
))
(/nix/store/l622q5dry1nrr19rvidifnqcxyg8d42p-texlive-combined-full-2022-final-t
exmfdist/tex/latex/totpages/totpages.sty
Package: totpages 2005/09/19 v2.00 Totpages Package (muewi)

(/nix/store/l622q5dry1nrr19rvidifnqcxyg8d42p-texlive-combined-full-2022-final-t
exmfdist/tex/latex/everyshi/everyshi.sty
Package: everyshi 2020/11/18 v4.00 EveryShipout Package
))
(/nix/store/l622q5dry1nrr19rvidifnqcxyg8d42p-texlive-combined-full-2022-final-t
exmfdist/tex/latex/environ/environ.sty
Package: environ 2014/05/04 v0.3 A new way to define environments

(/nix/store/l622q5dry1nrr19rvidifnqcxyg8d42p-texlive-combined-full-2022-final-t
exmfdist/tex/latex/trimspaces/trimspaces.sty
Package: trimspaces 2009/09/17 v1.1 Trim spaces around a token list
))
(/nix/store/l622q5dry1nrr19rvidifnqcxyg8d42p-texlive-combined-full-2022-final-t
exmfdist/tex/latex/textcase/textcase.sty
Package: textcase 2022/07/10 v1.03 Text only upper/lower case changing (DPC)
Package textcase Info: Defining Legacy names on input line 20.
)
(/nix/store/l622q5dry1nrr19rvidifnqcxyg8d42p-texlive-combined-full-2022-final-t
exmfdist/tex/latex/natbib/natbib.sty
Package: natbib 2010/09/13 8.31b (PWD, AO)
\bibhang=\skip59
\bibsep=\skip60
LaTeX Info: Redefining \cite on input line 694.
\c@NAT@ctr=\count281
)
(/nix/store/l622q5dry1nrr19rvidifnqcxyg8d42p-texlive-combined-full-2022-final-t
exmfdist/tex/latex/hyperxmp/hyperxmp.sty
Package: hyperxmp 2022/10/16 v5.11 Store hyperref metadata in XMP format
\hyxmp@aep@toks=\toks31

(/nix/store/l622q5dry1nrr19rvidifnqcxyg8d42p-texlive-combined-full-2022-final-t
exmfdist/tex/latex/kvoptions/kvoptions.sty
Package: kvoptions 2022-06-15 v3.15 Key value format for package options (HO)

(/nix/store/l622q5dry1nrr19rvidifnqcxyg8d42p-texlive-combined-full-2022-final-t
exmfdist/tex/latex/kvsetkeys/kvsetkeys.sty
Package: kvsetkeys 2022-10-05 v1.19 Key value parser (HO)
))
(/nix/store/l622q5dry1nrr19rvidifnqcxyg8d42p-texlive-combined-full-2022-final-t
exmfdist/tex/generic/pdfescape/pdfescape.sty
Package: pdfescape 2019/12/09 v1.15 Implements pdfTeX's escape features (HO)

(/nix/store/l622q5dry1nrr19rvidifnqcxyg8d42p-texlive-combined-full-2022-final-t
exmfdist/tex/generic/pdftexcmds/pdftexcmds.sty
Package: pdftexcmds 2020-06-27 v0.33 Utility functions of pdfTeX for LuaTeX (HO
)
Package pdftexcmds Info: \pdf@primitive is available.
Package pdftexcmds Info: \pdf@ifprimitive is available.
Package pdftexcmds Info: \pdfdraftmode found.
))
(/nix/store/l622q5dry1nrr19rvidifnqcxyg8d42p-texlive-combined-full-2022-final-t
exmfdist/tex/generic/stringenc/stringenc.sty
Package: stringenc 2019/11/29 v1.12 Convert strings between diff. encodings (HO
)
)
(/nix/store/l622q5dry1nrr19rvidifnqcxyg8d42p-texlive-combined-full-2022-final-t
exmfdist/tex/generic/intcalc/intcalc.sty
Package: intcalc 2019/12/15 v1.3 Expandable calculations with integers (HO)
)
(/nix/store/l622q5dry1nrr19rvidifnqcxyg8d42p-texlive-combined-full-2022-final-t
exmfdist/tex/latex/ifmtarg/ifmtarg.sty
Package: ifmtarg 2018/04/16 v1.2b check for an empty argument
)
(/nix/store/l622q5dry1nrr19rvidifnqcxyg8d42p-texlive-combined-full-2022-final-t
exmfdist/tex/latex/base/ifthen.sty
Package: ifthen 2022/04/13 v1.1d Standard LaTeX ifthen package (DPC)
)
\@hyxmp@count=\count282

(/nix/store/l622q5dry1nrr19rvidifnqcxyg8d42p-texlive-combined-full-2022-final-t
exmfdist/tex/latex/oberdiek/ifdraft.sty
Package: ifdraft 2016/05/16 v1.4 Detect class options draft and final (HO)
)
(/nix/store/l622q5dry1nrr19rvidifnqcxyg8d42p-texlive-combined-full-2022-final-t
exmfdist/tex/generic/iftex/ifluatex.sty
Package: ifluatex 2019/10/25 v1.5 ifluatex legacy package. Use iftex instead.
))
(/nix/store/l622q5dry1nrr19rvidifnqcxyg8d42p-texlive-combined-full-2022-final-t
exmfdist/tex/latex/hyperref/hyperref.sty
Package: hyperref 2023-02-07 v7.00v Hypertext links for LaTeX

(/nix/store/l622q5dry1nrr19rvidifnqcxyg8d42p-texlive-combined-full-2022-final-t
exmfdist/tex/generic/kvdefinekeys/kvdefinekeys.sty
Package: kvdefinekeys 2019-12-19 v1.6 Define keys (HO)
)
(/nix/store/l622q5dry1nrr19rvidifnqcxyg8d42p-texlive-combined-full-2022-final-t
exmfdist/tex/latex/hycolor/hycolor.sty
Package: hycolor 2020-01-27 v1.10 Color options for hyperref/bookmark (HO)
)
(/nix/store/l622q5dry1nrr19rvidifnqcxyg8d42p-texlive-combined-full-2022-final-t
exmfdist/tex/latex/letltxmacro/letltxmacro.sty
Package: letltxmacro 2019/12/03 v1.6 Let assignment for LaTeX macros (HO)
)
(/nix/store/l622q5dry1nrr19rvidifnqcxyg8d42p-texlive-combined-full-2022-final-t
exmfdist/tex/latex/auxhook/auxhook.sty
Package: auxhook 2019-12-17 v1.6 Hooks for auxiliary files (HO)
)
(/nix/store/l622q5dry1nrr19rvidifnqcxyg8d42p-texlive-combined-full-2022-final-t
exmfdist/tex/latex/hyperref/nameref.sty
Package: nameref 2022-05-17 v2.50 Cross-referencing by name of section

(/nix/store/l622q5dry1nrr19rvidifnqcxyg8d42p-texlive-combined-full-2022-final-t
exmfdist/tex/generic/gettitlestring/gettitlestring.sty
Package: gettitlestring 2019/12/15 v1.6 Cleanup title references (HO)
)
\c@section@level=\count283
)
\@linkdim=\dimen166
\Hy@linkcounter=\count284
\Hy@pagecounter=\count285

(/nix/store/l622q5dry1nrr19rvidifnqcxyg8d42p-texlive-combined-full-2022-final-t
exmfdist/tex/latex/hyperref/pd1enc.def
File: pd1enc.def 2023-02-07 v7.00v Hyperref: PDFDocEncoding definition (HO)
Now handling font encoding PD1 ...
... no UTF-8 mapping file for font encoding PD1
)
(/nix/store/l622q5dry1nrr19rvidifnqcxyg8d42p-texlive-combined-full-2022-final-t
exmfdist/tex/generic/etexcmds/etexcmds.sty
Package: etexcmds 2019/12/15 v1.7 Avoid name clashes with e-TeX commands (HO)
)
\Hy@SavedSpaceFactor=\count286

(/nix/store/l622q5dry1nrr19rvidifnqcxyg8d42p-texlive-combined-full-2022-final-t
exmfdist/tex/latex/hyperref/puenc.def
File: puenc.def 2023-02-07 v7.00v Hyperref: PDF Unicode definition (HO)
Now handling font encoding PU ...
... no UTF-8 mapping file for font encoding PU
)
Package hyperref Info: Option `bookmarksnumbered' set `true' on input line 4060
.
Package hyperref Info: Option `unicode' set `true' on input line 4060.
Package hyperref Info: Hyper figures OFF on input line 4177.
Package hyperref Info: Link nesting OFF on input line 4182.
Package hyperref Info: Hyper index ON on input line 4185.
Package hyperref Info: Plain pages OFF on input line 4192.
Package hyperref Info: Backreferencing OFF on input line 4197.
Package hyperref Info: Implicit mode ON; LaTeX internals redefined.
Package hyperref Info: Bookmarks ON on input line 4425.
\c@Hy@tempcnt=\count287

(/nix/store/l622q5dry1nrr19rvidifnqcxyg8d42p-texlive-combined-full-2022-final-t
exmfdist/tex/latex/url/url.sty
\Urlmuskip=\muskip17
Package: url 2013/09/16  ver 3.4  Verb mode for urls, etc.
)
LaTeX Info: Redefining \url on input line 4763.
\XeTeXLinkMargin=\dimen167

(/nix/store/l622q5dry1nrr19rvidifnqcxyg8d42p-texlive-combined-full-2022-final-t
exmfdist/tex/generic/bitset/bitset.sty
Package: bitset 2019/12/09 v1.3 Handle bit-vector datatype (HO)

(/nix/store/l622q5dry1nrr19rvidifnqcxyg8d42p-texlive-combined-full-2022-final-t
exmfdist/tex/generic/bigintcalc/bigintcalc.sty
Package: bigintcalc 2019/12/15 v1.5 Expandable calculations on big integers (HO
)
))
\Fld@menulength=\count288
\Field@Width=\dimen168
\Fld@charsize=\dimen169
Package hyperref Info: Hyper figures OFF on input line 6042.
Package hyperref Info: Link nesting OFF on input line 6047.
Package hyperref Info: Hyper index ON on input line 6050.
Package hyperref Info: backreferencing OFF on input line 6057.
Package hyperref Info: Link coloring OFF on input line 6062.
Package hyperref Info: Link coloring with OCG OFF on input line 6067.
Package hyperref Info: PDF/A mode OFF on input line 6072.

(/nix/store/l622q5dry1nrr19rvidifnqcxyg8d42p-texlive-combined-full-2022-final-t
exmfdist/tex/latex/base/atbegshi-ltx.sty
Package: atbegshi-ltx 2021/01/10 v1.0c Emulation of the original atbegshi
package with kernel methods
)
\Hy@abspage=\count289
\c@Item=\count290
\c@Hfootnote=\count291
)
Package hyperref Info: Driver (autodetected): hpdftex.

(/nix/store/l622q5dry1nrr19rvidifnqcxyg8d42p-texlive-combined-full-2022-final-t
exmfdist/tex/latex/hyperref/hpdftex.def
File: hpdftex.def 2023-02-07 v7.00v Hyperref driver for pdfTeX

(/nix/store/l622q5dry1nrr19rvidifnqcxyg8d42p-texlive-combined-full-2022-final-t
exmfdist/tex/latex/base/atveryend-ltx.sty
Package: atveryend-ltx 2020/08/19 v1.0a Emulation of the original atveryend pac
kage
with kernel methods
)
\Fld@listcount=\count292
\c@bookmark@seq@number=\count293

(/nix/store/l622q5dry1nrr19rvidifnqcxyg8d42p-texlive-combined-full-2022-final-t
exmfdist/tex/latex/rerunfilecheck/rerunfilecheck.sty
Package: rerunfilecheck 2022-07-10 v1.10 Rerun checks for auxiliary files (HO)

(/nix/store/l622q5dry1nrr19rvidifnqcxyg8d42p-texlive-combined-full-2022-final-t
exmfdist/tex/generic/uniquecounter/uniquecounter.sty
Package: uniquecounter 2019/12/15 v1.4 Provide unlimited unique counter (HO)
)
Package uniquecounter Info: New unique counter `rerunfilecheck' on input line 2
85.
)
\Hy@SectionHShift=\skip61
)
(/nix/store/l622q5dry1nrr19rvidifnqcxyg8d42p-texlive-combined-full-2022-final-t
exmfdist/tex/latex/graphics/graphicx.sty
Package: graphicx 2021/09/16 v1.2d Enhanced LaTeX Graphics (DPC,SPQR)

(/nix/store/l622q5dry1nrr19rvidifnqcxyg8d42p-texlive-combined-full-2022-final-t
exmfdist/tex/latex/graphics/graphics.sty
Package: graphics 2022/03/10 v1.4e Standard LaTeX Graphics (DPC,SPQR)

(/nix/store/l622q5dry1nrr19rvidifnqcxyg8d42p-texlive-combined-full-2022-final-t
exmfdist/tex/latex/graphics/trig.sty
Package: trig 2021/08/11 v1.11 sin cos tan (DPC)
)
(/nix/store/l622q5dry1nrr19rvidifnqcxyg8d42p-texlive-combined-full-2022-final-t
exmfdist/tex/latex/graphics-cfg/graphics.cfg
File: graphics.cfg 2016/06/04 v1.11 sample graphics configuration
)
Package graphics Info: Driver file: pdftex.def on input line 107.

(/nix/store/l622q5dry1nrr19rvidifnqcxyg8d42p-texlive-combined-full-2022-final-t
exmfdist/tex/latex/graphics-def/pdftex.def
File: pdftex.def 2022/09/22 v1.2b Graphics/color driver for pdftex
))
\Gin@req@height=\dimen170
\Gin@req@width=\dimen171
)
(/nix/store/l622q5dry1nrr19rvidifnqcxyg8d42p-texlive-combined-full-2022-final-t
exmfdist/tex/latex/xcolor/xcolor.sty
Package: xcolor 2022/06/12 v2.14 LaTeX color extensions (UK)

(/nix/store/l622q5dry1nrr19rvidifnqcxyg8d42p-texlive-combined-full-2022-final-t
exmfdist/tex/latex/graphics-cfg/color.cfg
File: color.cfg 2016/01/02 v1.6 sample color configuration
)
Package xcolor Info: Driver file: pdftex.def on input line 227.

(/nix/store/l622q5dry1nrr19rvidifnqcxyg8d42p-texlive-combined-full-2022-final-t
exmfdist/tex/latex/graphics/mathcolor.ltx)
Package xcolor Info: Model `cmy' substituted by `cmy0' on input line 1353.
Package xcolor Info: Model `hsb' substituted by `rgb' on input line 1357.
Package xcolor Info: Model `RGB' extended on input line 1369.
Package xcolor Info: Model `HTML' substituted by `rgb' on input line 1371.
Package xcolor Info: Model `Hsb' substituted by `hsb' on input line 1372.
Package xcolor Info: Model `tHsb' substituted by `hsb' on input line 1373.
Package xcolor Info: Model `HSB' substituted by `hsb' on input line 1374.
Package xcolor Info: Model `Gray' substituted by `gray' on input line 1375.
Package xcolor Info: Model `wave' substituted by `hsb' on input line 1376.
)
(/nix/store/l622q5dry1nrr19rvidifnqcxyg8d42p-texlive-combined-full-2022-final-t
exmfdist/tex/latex/geometry/geometry.sty
Package: geometry 2020/01/02 v5.9 Page Geometry

(/nix/store/l622q5dry1nrr19rvidifnqcxyg8d42p-texlive-combined-full-2022-final-t
exmfdist/tex/generic/iftex/ifvtex.sty
Package: ifvtex 2019/10/25 v1.7 ifvtex legacy package. Use iftex instead.
)
\Gm@cnth=\count294
\Gm@cntv=\count295
\c@Gm@tempcnt=\count296
\Gm@bindingoffset=\dimen172
\Gm@wd@mp=\dimen173
\Gm@odd@mp=\dimen174
\Gm@even@mp=\dimen175
\Gm@layoutwidth=\dimen176
\Gm@layoutheight=\dimen177
\Gm@layouthoffset=\dimen178
\Gm@layoutvoffset=\dimen179
\Gm@dimlist=\toks32
)
(/nix/store/l622q5dry1nrr19rvidifnqcxyg8d42p-texlive-combined-full-2022-final-t
exmfdist/tex/latex/ncctools/manyfoot.sty
Package: manyfoot 2019/08/03 v1.11 Many Footnote Levels Package (NCC)

(/nix/store/l622q5dry1nrr19rvidifnqcxyg8d42p-texlive-combined-full-2022-final-t
exmfdist/tex/latex/ncctools/nccfoots.sty
Package: nccfoots 2005/02/03 v1.2 NCC Footnotes Package (NCC)
)
\MFL@columnwidth=\dimen180
)
\footinsauthorsaddresses=\insert251
\c@footnoteauthorsaddresses=\count297
\footinscopyrightpermission=\insert250
\c@footnotecopyrightpermission=\count298

(/nix/store/l622q5dry1nrr19rvidifnqcxyg8d42p-texlive-combined-full-2022-final-t
exmfdist/tex/generic/pdftex/glyphtounicode.tex)
(/nix/store/l622q5dry1nrr19rvidifnqcxyg8d42p-texlive-combined-full-2022-final-t
exmfdist/tex/latex/cmap/cmap.sty
Package: cmap 2021/02/06 v1.0j CMap support: searchable PDF
)
(/nix/store/l622q5dry1nrr19rvidifnqcxyg8d42p-texlive-combined-full-2022-final-t
exmfdist/tex/latex/base/fontenc.sty
Package: fontenc 2021/04/29 v2.0v Standard LaTeX package
<<t1.cmap>>)
(/nix/store/l622q5dry1nrr19rvidifnqcxyg8d42p-texlive-combined-full-2022-final-t
exmfdist/tex/latex/libertine/libertine.sty
Package: libertine 2022/09/12 (Bob Tennent) Supports Libertine and Biolinum fon
ts for all LaTeX engines.

(/nix/store/l622q5dry1nrr19rvidifnqcxyg8d42p-texlive-combined-full-2022-final-t
exmfdist/tex/generic/iftex/ifxetex.sty
Package: ifxetex 2019/10/25 v0.7 ifxetex legacy package. Use iftex instead.
)
(/nix/store/l622q5dry1nrr19rvidifnqcxyg8d42p-texlive-combined-full-2022-final-t
exmfdist/tex/latex/base/textcomp.sty
Package: textcomp 2020/02/02 v2.0n Standard LaTeX package
)
(/nix/store/l622q5dry1nrr19rvidifnqcxyg8d42p-texlive-combined-full-2022-final-t
exmfdist/tex/latex/base/fontenc.sty
Package: fontenc 2021/04/29 v2.0v Standard LaTeX package
)
(/nix/store/l622q5dry1nrr19rvidifnqcxyg8d42p-texlive-combined-full-2022-final-t
exmfdist/tex/latex/fontaxes/fontaxes.sty
Package: fontaxes 2020/07/21 v1.0e Font selection axes
LaTeX Info: Redefining \upshape on input line 29.
LaTeX Info: Redefining \itshape on input line 31.
LaTeX Info: Redefining \slshape on input line 33.
LaTeX Info: Redefining \swshape on input line 35.
LaTeX Info: Redefining \scshape on input line 37.
LaTeX Info: Redefining \sscshape on input line 39.
LaTeX Info: Redefining \ulcshape on input line 41.
LaTeX Info: Redefining \textsw on input line 47.
LaTeX Info: Redefining \textssc on input line 48.
LaTeX Info: Redefining \textulc on input line 49.
)
LaTeX Info: Redefining \oldstylenums on input line 483.

(/nix/store/l622q5dry1nrr19rvidifnqcxyg8d42p-texlive-combined-full-2022-final-t
exmfdist/tex/latex/libertine/LinLibertine_I.tex))
(/nix/store/l622q5dry1nrr19rvidifnqcxyg8d42p-texlive-combined-full-2022-final-t
exmfdist/tex/latex/inconsolata/zi4.sty
Package: zi4 2019/05/17 v1.12

`inconsolata-zi4' v1.12, 2019/05/17 Text macros for Inconsolata (msharpe)
\zifour@ocount=\count299
)
(/nix/store/l622q5dry1nrr19rvidifnqcxyg8d42p-texlive-combined-full-2022-final-t
exmfdist/tex/latex/newtx/newtxmath.sty
Package: newtxmath 2022/01/16 v1.71

`newtxmath' v1.71, 2022/01/16 Math macros based originally on txfonts (msharpe)

(/nix/store/l622q5dry1nrr19rvidifnqcxyg8d42p-texlive-combined-full-2022-final-t
exmfdist/tex/latex/oberdiek/centernot.sty
Package: centernot 2016/05/16 v1.4 Centers the not symbol horizontally (HO)
)
\tx@cntz=\count300

(/nix/store/l622q5dry1nrr19rvidifnqcxyg8d42p-texlive-combined-full-2022-final-t
exmfdist/tex/generic/kastrup/binhex.tex)
\tx@Isdigit=\count301
\tx@IsAlNum=\count302
\tx@tA=\toks33
\tx@tB=\toks34
\tx@su=\read2

amsthm NOT loaded
LaTeX Font Info:    Redeclaring symbol font `operators' on input line 376.
LaTeX Font Info:    Overwriting symbol font `operators' in version `normal'
(Font)                  OT1/cmr/m/n --> OT1/LinuxLibertineT-TLF/m/n on input li
ne 376.
LaTeX Font Info:    Overwriting symbol font `operators' in version `bold'
(Font)                  OT1/cmr/bx/n --> OT1/LinuxLibertineT-TLF/m/n on input l
ine 376.
LaTeX Font Info:    Overwriting symbol font `operators' in version `bold'
(Font)                  OT1/LinuxLibertineT-TLF/m/n --> OT1/LinuxLibertineT-TLF
/sb/n on input line 377.
LaTeX Font Info:    Redeclaring math alphabet \mathsf on input line 383.
LaTeX Font Info:    Overwriting math alphabet `\mathsf' in version `normal'
(Font)                  OT1/cmss/m/n --> T1/LinuxBiolinumT-TLF/m/n on input lin
e 383.
LaTeX Font Info:    Overwriting math alphabet `\mathsf' in version `bold'
(Font)                  OT1/cmss/bx/n --> T1/LinuxBiolinumT-TLF/m/n on input li
ne 383.
LaTeX Font Info:    Redeclaring math alphabet \mathit on input line 384.
LaTeX Font Info:    Overwriting math alphabet `\mathit' in version `normal'
(Font)                  OT1/cmr/m/it --> OT1/LinuxLibertineT-TLF/m/it on input 
line 384.
LaTeX Font Info:    Overwriting math alphabet `\mathit' in version `bold'
(Font)                  OT1/cmr/bx/it --> OT1/LinuxLibertineT-TLF/m/it on input
 line 384.
LaTeX Font Info:    Redeclaring math alphabet \mathtt on input line 385.
LaTeX Font Info:    Overwriting math alphabet `\mathtt' in version `normal'
(Font)                  OT1/cmtt/m/n --> T1/zi4/m/n on input line 385.
LaTeX Font Info:    Overwriting math alphabet `\mathtt' in version `bold'
(Font)                  OT1/cmtt/m/n --> T1/zi4/m/n on input line 385.
LaTeX Font Info:    Redeclaring math alphabet \mathbf on input line 387.
LaTeX Font Info:    Overwriting math alphabet `\mathbf' in version `normal'
(Font)                  OT1/cmr/bx/n --> OT1/LinuxLibertineT-TLF/sb/n on input 
line 387.
LaTeX Font Info:    Overwriting math alphabet `\mathbf' in version `bold'
(Font)                  OT1/cmr/bx/n --> OT1/LinuxLibertineT-TLF/sb/n on input 
line 387.
LaTeX Font Info:    Overwriting math alphabet `\mathit' in version `bold'
(Font)                  OT1/LinuxLibertineT-TLF/m/it --> OT1/LinuxLibertineT-TL
F/sb/it on input line 388.
LaTeX Font Info:    Overwriting math alphabet `\mathsf' in version `bold'
(Font)                  T1/LinuxBiolinumT-TLF/m/n --> T1/LinuxBiolinumT-TLF/b/n
 on input line 389.
LaTeX Font Info:    Overwriting math alphabet `\mathtt' in version `bold'
(Font)                  T1/zi4/m/n --> T1/zi4/b/n on input line 390.
LaTeX Font Info:    Redeclaring symbol font `letters' on input line 407.
LaTeX Font Info:    Overwriting symbol font `letters' in version `normal'
(Font)                  OML/cmm/m/it --> OML/nxlmi/m/it on input line 407.
LaTeX Font Info:    Overwriting symbol font `letters' in version `bold'
(Font)                  OML/cmm/b/it --> OML/nxlmi/m/it on input line 407.
LaTeX Font Info:    Overwriting symbol font `letters' in version `bold'
(Font)                  OML/nxlmi/m/it --> OML/nxlmi/b/it on input line 408.
\symlettersA=\mathgroup6
LaTeX Font Info:    Overwriting symbol font `lettersA' in version `bold'
(Font)                  U/ntxmia/m/it --> U/ntxmia/b/it on input line 547.
LaTeX Font Info:    Redeclaring math alphabet \mathfrak on input line 549.
Now handling font encoding LMS ...
... no UTF-8 mapping file for font encoding LMS
LaTeX Font Info:    Redeclaring symbol font `symbols' on input line 568.
LaTeX Font Info:    Encoding `OMS' has changed to `LMS' for symbol font
(Font)              `symbols' in the math version `normal' on input line 568.
LaTeX Font Info:    Overwriting symbol font `symbols' in version `normal'
(Font)                  OMS/cmsy/m/n --> LMS/ntxsy/m/n on input line 568.
LaTeX Font Info:    Encoding `OMS' has changed to `LMS' for symbol font
(Font)              `symbols' in the math version `bold' on input line 568.
LaTeX Font Info:    Overwriting symbol font `symbols' in version `bold'
(Font)                  OMS/cmsy/b/n --> LMS/ntxsy/m/n on input line 568.
LaTeX Font Info:    Overwriting symbol font `symbols' in version `bold'
(Font)                  LMS/ntxsy/m/n --> LMS/ntxsy/b/n on input line 569.
\symAMSm=\mathgroup7
LaTeX Font Info:    Overwriting symbol font `AMSm' in version `bold'
(Font)                  U/ntxsym/m/n --> U/ntxsym/b/n on input line 594.
\symsymbolsC=\mathgroup8
LaTeX Font Info:    Overwriting symbol font `symbolsC' in version `bold'
(Font)                  U/ntxsyc/m/n --> U/ntxsyc/b/n on input line 615.
Now handling font encoding LMX ...
... no UTF-8 mapping file for font encoding LMX
LaTeX Font Info:    Redeclaring symbol font `largesymbols' on input line 628.
LaTeX Font Info:    Encoding `OMX' has changed to `LMX' for symbol font
(Font)              `largesymbols' in the math version `normal' on input line 6
28.
LaTeX Font Info:    Overwriting symbol font `largesymbols' in version `normal'
(Font)                  OMX/cmex/m/n --> LMX/ntxexx/m/n on input line 628.
LaTeX Font Info:    Encoding `OMX' has changed to `LMX' for symbol font
(Font)              `largesymbols' in the math version `bold' on input line 628
.
LaTeX Font Info:    Overwriting symbol font `largesymbols' in version `bold'
(Font)                  OMX/cmex/m/n --> LMX/ntxexx/m/n on input line 628.
LaTeX Font Info:    Overwriting symbol font `largesymbols' in version `bold'
(Font)                  LMX/ntxexx/m/n --> LMX/ntxexx/b/n on input line 629.
\symlargesymbolsTXA=\mathgroup9
LaTeX Font Info:    Overwriting symbol font `largesymbolsTXA' in version `bold'

(Font)                  U/ntxexa/m/n --> U/ntxexa/b/n on input line 643.
\tx@sbptoks=\toks35
LaTeX Font Info:    Redeclaring math delimiter \lfloor on input line 866.
LaTeX Font Info:    Redeclaring math delimiter \rfloor on input line 867.
LaTeX Font Info:    Redeclaring math delimiter \lceil on input line 868.
LaTeX Font Info:    Redeclaring math delimiter \rceil on input line 869.
LaTeX Font Info:    Redeclaring math delimiter \lbrace on input line 870.
LaTeX Font Info:    Redeclaring math delimiter \rbrace on input line 871.
LaTeX Font Info:    Redeclaring math delimiter \langle on input line 872.
LaTeX Font Info:    Redeclaring math delimiter \rangle on input line 874.
LaTeX Font Info:    Redeclaring math delimiter \arrowvert on input line 878.
LaTeX Font Info:    Redeclaring math delimiter \vert on input line 879.
LaTeX Font Info:    Redeclaring math accent \dot on input line 950.
LaTeX Font Info:    Redeclaring math accent \ddot on input line 951.
LaTeX Font Info:    Redeclaring math accent \vec on input line 2020.
LaTeX Info: Redefining \Bbbk on input line 2810.
LaTeX Info: Redefining \not on input line 2959.
LaTeX Info: Redefining \textsquare on input line 2989.
LaTeX Info: Redefining \openbox on input line 2991.
)
(/nix/store/l622q5dry1nrr19rvidifnqcxyg8d42p-texlive-combined-full-2022-final-t
exmfdist/tex/latex/caption/caption.sty
Package: caption 2022/03/01 v3.6b Customizing captions (AR)

(/nix/store/l622q5dry1nrr19rvidifnqcxyg8d42p-texlive-combined-full-2022-final-t
exmfdist/tex/latex/caption/caption3.sty
Package: caption3 2022/03/17 v2.3b caption3 kernel (AR)
\caption@tempdima=\dimen181
\captionmargin=\dimen182
\caption@leftmargin=\dimen183
\caption@rightmargin=\dimen184
\caption@width=\dimen185
\caption@indent=\dimen186
\caption@parindent=\dimen187
\caption@hangindent=\dimen188
Package caption Info: AMS or SMF document class detected.

(/nix/store/l622q5dry1nrr19rvidifnqcxyg8d42p-texlive-combined-full-2022-final-t
exmfdist/tex/latex/caption/caption-ams-smf.sto
File: caption-ams-smf.sto 2020/08/22 v2.0 Adaption of the caption package to th
e AMS and SMF document classes (AR)
))
\c@caption@flags=\count303
\c@continuedfloat=\count304
Package caption Info: hyperref package is loaded.
)
(/nix/store/l622q5dry1nrr19rvidifnqcxyg8d42p-texlive-combined-full-2022-final-t
exmfdist/tex/latex/float/float.sty
Package: float 2001/11/08 v1.3d Float enhancements (AL)
\c@float@type=\count305
\float@exts=\toks36
\float@box=\box55
\@float@everytoks=\toks37
\@floatcapt=\box56
)
\@float@every@sidebar=\toks38
\c@sidebar=\count306
\fulltextwidth=\dimen189
\@ACM@labelwidth=\dimen190
\listisep=\skip62
\num@authorgroups=\count307
\num@authors=\count308
\@ACM@badge@width=\skip63
\@ACM@title@width=\skip64
\@ACM@badge@skip=\skip65
Class acmart Info: Printing CCS on input line 1520.
Class acmart Info: Printing bibformat on input line 1520.
Class acmart Info: Printing folios on input line 1525.
Class acmart Info: Setting authorsperrow to 0 on input line 1530.

(/nix/store/l622q5dry1nrr19rvidifnqcxyg8d42p-texlive-combined-full-2022-final-t
exmfdist/tex/latex/comment/comment.sty
\CommentStream=\write3
 Excluding comment 'comment')
Excluding comment 'CCSXML'
\c@@concepts=\count309
\mktitle@bx=\box57
\@ACM@commabox=\box58
\author@bx=\box59
\author@bx@wd=\dimen191
\author@bx@sep=\skip66

(/nix/store/l622q5dry1nrr19rvidifnqcxyg8d42p-texlive-combined-full-2022-final-t
exmfdist/tex/latex/fancyhdr/fancyhdr.sty
Package: fancyhdr 2022/11/09 v4.1 Extensive control of page headers and footers

\f@nch@headwidth=\skip67
\f@nch@O@elh=\skip68
\f@nch@O@erh=\skip69
\f@nch@O@olh=\skip70
\f@nch@O@orh=\skip71
\f@nch@O@elf=\skip72
\f@nch@O@erf=\skip73
\f@nch@O@olf=\skip74
\f@nch@O@orf=\skip75
)
\@folio@wd=\dimen192
\@folio@ht=\dimen193
\@folio@voffset=\dimen194
 Special comment 'acks'
LaTeX Font Info:    Trying to load font information for T1+LinuxLibertineT-TLF 
on input line 3103.

(/nix/store/l622q5dry1nrr19rvidifnqcxyg8d42p-texlive-combined-full-2022-final-t
exmfdist/tex/latex/libertine/T1LinuxLibertineT-TLF.fd
File: T1LinuxLibertineT-TLF.fd 2017/03/20 (autoinst) Font definitions for T1/Li
nuxLibertineT-TLF.
)
LaTeX Font Info:    Font shape `T1/LinuxLibertineT-TLF/m/n' will be
(Font)              scaled to size 10.0pt on input line 3103.
) (./plaintex.sty
(/nix/store/l622q5dry1nrr19rvidifnqcxyg8d42p-texlive-combined-full-2022-final-t
exmfdist/tex/latex/colortbl/colortbl.sty
Package: colortbl 2022/06/20 v1.0f Color table columns (DPC)

(/nix/store/l622q5dry1nrr19rvidifnqcxyg8d42p-texlive-combined-full-2022-final-t
exmfdist/tex/latex/tools/array.sty
Package: array 2022/09/04 v2.5g Tabular extension package (FMi)
\col@sep=\dimen195
\ar@mcellbox=\box60
\extrarowheight=\dimen196
\NC@list=\toks39
\extratabsurround=\skip76
\backup@length=\skip77
\ar@cellbox=\box61
)
\everycr=\toks40
\minrowclearance=\skip78
\rownum=\count310
)
(/nix/store/l622q5dry1nrr19rvidifnqcxyg8d42p-texlive-combined-full-2022-final-t
exmfdist/tex/latex/options/options.sty
Package: options 2015/03/01, Daan Leijen, Provides convenient path-value (or ke
y-value) options
\opt@nesting=\count311
\opt@idx=\count312
\opt@choiceord=\count313
)
(/nix/store/l622q5dry1nrr19rvidifnqcxyg8d42p-texlive-combined-full-2022-final-t
exmfdist/tex/latex/longfbox/longfbox.sty
Package: longfbox 2015/12/01, Daan Leijen, Provides long fbox that can break ov
er pages

(/nix/store/l622q5dry1nrr19rvidifnqcxyg8d42p-texlive-combined-full-2022-final-t
exmfdist/tex/latex/longfbox/longbox.sty
Package: longbox 2015/12/01, Daan Leijen, Provides basic longbox that can break
 over pages

(/nix/store/l622q5dry1nrr19rvidifnqcxyg8d42p-texlive-combined-full-2022-final-t
exmfdist/tex/latex/mdwtools/footnote.sty
Package: footnote 1997/01/28 1.13 Save footnotes around boxes
\fn@notes=\box62
\fn@width=\dimen197
)
\lb@prevdepth=\skip79
\lb@freevspace=\skip80
\lb@headbox=\box63
\lb@savebox=\box64
\lb@mainbox=\box65
\lb@usevbox=\count314
\lb@width=\skip81
\lb@height=\skip82
\lb@skiptop=\skip83
\lb@skipright=\skip84
\lb@skipbottom=\skip85
\lb@skipleft=\skip86
\lb@skipbreaktop=\skip87
\lb@skipbreakbottom=\skip88
\lb@outerwidth=\skip89
\lb@extrasplit=\skip90
\lb@textalign=\count315
\lb@baseline=\count316
\lb@neededvspace=\skip91
\lb@splitheight=\skip92
\lb@insurance=\skip93
\/longbox/@part-height=\skip94
\/longbox/@part-width=\skip95
\/longbox/@part-depth=\skip96
\/longbox/@content-box-height=\skip97
\/longbox/@content-box-width=\skip98
\/longbox/@content-box-depth=\skip99
\/longbox/@breakat-previous=\skip100
\/longbox/@lower=\skip101
\/longbox/split-minimum=\skip102
\/longbox/split-badness=\skip103
\/longbox/raise=\skip104
\/longbox/height=\skip105
\/longbox/width=\skip106
\/longbox/outer-height=\skip107
\/longbox/outer-width=\skip108
\/longbox/skip-top=\skip109
\/longbox/skip-right=\skip110
\/longbox/skip-bottom=\skip111
\/longbox/skip-left=\skip112
\/longbox/skip-break-bottom=\skip113
\/longbox/skip-break-top=\skip114
)
(/nix/store/l622q5dry1nrr19rvidifnqcxyg8d42p-texlive-combined-full-2022-final-t
exmfdist/tex/latex/pict2e/pict2e.sty
Package: pict2e 2020/09/30 v0.4b Improved picture commands (HjG,RN,JT)

(/nix/store/l622q5dry1nrr19rvidifnqcxyg8d42p-texlive-combined-full-2022-final-t
exmfdist/tex/latex/pict2e/pict2e.cfg
File: pict2e.cfg 2016/02/05 v0.1u pict2e configuration for teTeX/TeXLive
)
Package pict2e Info: Driver file: pdftex.def on input line 112.
Package pict2e Info: Driver file for pict2e: p2e-pdftex.def on input line 114.

(/nix/store/l622q5dry1nrr19rvidifnqcxyg8d42p-texlive-combined-full-2022-final-t
exmfdist/tex/latex/pict2e/p2e-pdftex.def
File: p2e-pdftex.def 2016/02/05 v0.1u Driver-dependant file (RN,HjG,JT)
)
\pIIe@GRAPH=\toks41
\@arclen=\dimen198
\@arcrad=\dimen199
\pIIe@tempdima=\dimen256
\pIIe@tempdimb=\dimen257
\pIIe@tempdimc=\dimen258
\pIIe@tempdimd=\dimen259
\pIIe@tempdime=\dimen260
\pIIe@tempdimf=\dimen261
)
(/nix/store/l622q5dry1nrr19rvidifnqcxyg8d42p-texlive-combined-full-2022-final-t
exmfdist/tex/latex/ellipse/ellipse.sty
Package: ellipse 2004/11/05 v1.0 .dtx ellipse file
)
\fbox@oct=\count317
\fbox@quad=\count318
\fbox@diaq=\count319
\fbox@sign=\count320
\fbox@anglestart=\skip115
\fbox@angleend=\skip116
\fbox@dash=\skip117
\fbox@dashskip=\skip118
\fbox@anglecur=\skip119
\fbox@dashangle=\skip120
\fbox@dashskipangle=\skip121
\fbox@delta=\skip122
\fbox@from=\skip123
\fbox@to=\skip124
\/fbox/padding-top=\skip125
\/fbox/padding-right=\skip126
\/fbox/padding-bottom=\skip127
\/fbox/padding-left=\skip128
\/fbox/padding-break-top=\skip129
\/fbox/padding-break-bottom=\skip130
\/fbox/margin-top=\skip131
\/fbox/margin-right=\skip132
\/fbox/margin-bottom=\skip133
\/fbox/margin-left=\skip134
\/fbox/margin-break-top=\skip135
\/fbox/margin-break-bottom=\skip136
\/fbox/border-top-width=\skip137
\/fbox/border-right-width=\skip138
\/fbox/border-bottom-width=\skip139
\/fbox/border-left-width=\skip140
\/fbox/border-break-top-width=\skip141
\/fbox/border-break-bottom-width=\skip142
\/fbox/@lower=\skip143
\/fbox/@padding-box-height=\skip144
\/fbox/@padding-box-depth=\skip145
\/fbox/@padding-box-width=\skip146
\/fbox/@border-box-width=\skip147
\/fbox/@border-box-height=\skip148
\/fbox/@border-box-depth=\skip149
\/fbox/@border-top-left-radius-x=\skip150
\/fbox/@border-top-right-radius-x=\skip151
\/fbox/@border-bottom-left-radius-x=\skip152
\/fbox/@border-bottom-right-radius-x=\skip153
\/fbox/@border-top-left-radius-y=\skip154
\/fbox/@border-top-right-radius-y=\skip155
\/fbox/@border-bottom-left-radius-y=\skip156
\/fbox/@border-bottom-right-radius-y=\skip157
\/fbox/@border-top-left-ix=\skip158
\/fbox/@border-top-left-iy=\skip159
\/fbox/@border-top-right-ix=\skip160
\/fbox/@border-top-right-iy=\skip161
\/fbox/@border-bottom-left-ix=\skip162
\/fbox/@border-bottom-left-iy=\skip163
\/fbox/@border-bottom-right-ix=\skip164
\/fbox/@border-bottom-right-iy=\skip165
\/fbox/@border-top-left-phi=\skip166
\/fbox/@border-top-right-phi=\skip167
\/fbox/@border-bottom-left-phi=\skip168
\/fbox/@border-bottom-right-phi=\skip169
)
(/nix/store/l622q5dry1nrr19rvidifnqcxyg8d42p-texlive-combined-full-2022-final-t
exmfdist/tex/latex/amsfonts/amssymb.sty
Package: amssymb 2013/01/14 v3.01 AMS font symbols
LaTeX Font Info:    Redeclaring math symbol \boxdot on input line 44.
LaTeX Font Info:    Redeclaring math symbol \boxplus on input line 45.
LaTeX Font Info:    Redeclaring math symbol \boxtimes on input line 46.
LaTeX Font Info:    Redeclaring math symbol \blacksquare on input line 48.
LaTeX Font Info:    Redeclaring math symbol \centerdot on input line 49.
LaTeX Font Info:    Redeclaring math symbol \blacklozenge on input line 51.
LaTeX Font Info:    Redeclaring math symbol \circlearrowright on input line 52.

LaTeX Font Info:    Redeclaring math symbol \circlearrowleft on input line 53.
LaTeX Font Info:    Redeclaring math symbol \leftrightharpoons on input line 56
.
LaTeX Font Info:    Redeclaring math symbol \boxminus on input line 57.
LaTeX Font Info:    Redeclaring math symbol \Vdash on input line 58.
LaTeX Font Info:    Redeclaring math symbol \Vvdash on input line 59.
LaTeX Font Info:    Redeclaring math symbol \vDash on input line 60.
LaTeX Font Info:    Redeclaring math symbol \twoheadrightarrow on input line 61
.
LaTeX Font Info:    Redeclaring math symbol \twoheadleftarrow on input line 62.

LaTeX Font Info:    Redeclaring math symbol \leftleftarrows on input line 63.
LaTeX Font Info:    Redeclaring math symbol \rightrightarrows on input line 64.

LaTeX Font Info:    Redeclaring math symbol \upuparrows on input line 65.
LaTeX Font Info:    Redeclaring math symbol \downdownarrows on input line 66.
LaTeX Font Info:    Redeclaring math symbol \upharpoonright on input line 67.
LaTeX Font Info:    Redeclaring math symbol \downharpoonright on input line 69.

LaTeX Font Info:    Redeclaring math symbol \upharpoonleft on input line 70.
LaTeX Font Info:    Redeclaring math symbol \downharpoonleft on input line 71.
LaTeX Font Info:    Redeclaring math symbol \rightarrowtail on input line 72.
LaTeX Font Info:    Redeclaring math symbol \leftarrowtail on input line 73.
LaTeX Font Info:    Redeclaring math symbol \leftrightarrows on input line 74.
LaTeX Font Info:    Redeclaring math symbol \rightleftarrows on input line 75.
LaTeX Font Info:    Redeclaring math symbol \Lsh on input line 76.
LaTeX Font Info:    Redeclaring math symbol \Rsh on input line 77.
LaTeX Font Info:    Redeclaring math symbol \leftrightsquigarrow on input line 
79.
LaTeX Font Info:    Redeclaring math symbol \looparrowleft on input line 80.
LaTeX Font Info:    Redeclaring math symbol \looparrowright on input line 81.
LaTeX Font Info:    Redeclaring math symbol \circeq on input line 82.
LaTeX Font Info:    Redeclaring math symbol \succsim on input line 83.
LaTeX Font Info:    Redeclaring math symbol \gtrsim on input line 84.
LaTeX Font Info:    Redeclaring math symbol \gtrapprox on input line 85.
LaTeX Font Info:    Redeclaring math symbol \multimap on input line 86.
LaTeX Font Info:    Redeclaring math symbol \therefore on input line 87.
LaTeX Font Info:    Redeclaring math symbol \because on input line 88.
LaTeX Font Info:    Redeclaring math symbol \doteqdot on input line 89.
LaTeX Font Info:    Redeclaring math symbol \triangleq on input line 91.
LaTeX Font Info:    Redeclaring math symbol \precsim on input line 92.
LaTeX Font Info:    Redeclaring math symbol \lesssim on input line 93.
LaTeX Font Info:    Redeclaring math symbol \lessapprox on input line 94.
LaTeX Font Info:    Redeclaring math symbol \eqslantless on input line 95.
LaTeX Font Info:    Redeclaring math symbol \eqslantgtr on input line 96.
LaTeX Font Info:    Redeclaring math symbol \curlyeqprec on input line 97.
LaTeX Font Info:    Redeclaring math symbol \curlyeqsucc on input line 98.
LaTeX Font Info:    Redeclaring math symbol \preccurlyeq on input line 99.
LaTeX Font Info:    Redeclaring math symbol \leqq on input line 100.
LaTeX Font Info:    Redeclaring math symbol \leqslant on input line 101.
LaTeX Font Info:    Redeclaring math symbol \lessgtr on input line 102.
LaTeX Font Info:    Redeclaring math symbol \backprime on input line 103.
LaTeX Font Info:    Redeclaring math symbol \risingdotseq on input line 104.
LaTeX Font Info:    Redeclaring math symbol \fallingdotseq on input line 105.
LaTeX Font Info:    Redeclaring math symbol \succcurlyeq on input line 106.
LaTeX Font Info:    Redeclaring math symbol \geqq on input line 107.
LaTeX Font Info:    Redeclaring math symbol \geqslant on input line 108.
LaTeX Font Info:    Redeclaring math symbol \gtrless on input line 109.
LaTeX Font Info:    Redeclaring math symbol \bigstar on input line 117.
LaTeX Font Info:    Redeclaring math symbol \between on input line 118.
LaTeX Font Info:    Redeclaring math symbol \blacktriangledown on input line 11
9.
LaTeX Font Info:    Redeclaring math symbol \blacktriangleright on input line 1
20.
LaTeX Font Info:    Redeclaring math symbol \blacktriangleleft on input line 12
1.
LaTeX Font Info:    Redeclaring math symbol \vartriangle on input line 122.
LaTeX Font Info:    Redeclaring math symbol \blacktriangle on input line 123.
LaTeX Font Info:    Redeclaring math symbol \triangledown on input line 124.
LaTeX Font Info:    Redeclaring math symbol \eqcirc on input line 125.
LaTeX Font Info:    Redeclaring math symbol \lesseqgtr on input line 126.
LaTeX Font Info:    Redeclaring math symbol \gtreqless on input line 127.
LaTeX Font Info:    Redeclaring math symbol \lesseqqgtr on input line 128.
LaTeX Font Info:    Redeclaring math symbol \gtreqqless on input line 129.
LaTeX Font Info:    Redeclaring math symbol \Rrightarrow on input line 130.
LaTeX Font Info:    Redeclaring math symbol \Lleftarrow on input line 131.
LaTeX Font Info:    Redeclaring math symbol \veebar on input line 132.
LaTeX Font Info:    Redeclaring math symbol \barwedge on input line 133.
LaTeX Font Info:    Redeclaring math symbol \doublebarwedge on input line 134.
LaTeX Font Info:    Redeclaring math symbol \measuredangle on input line 137.
LaTeX Font Info:    Redeclaring math symbol \sphericalangle on input line 138.
LaTeX Font Info:    Redeclaring math symbol \varpropto on input line 139.
LaTeX Font Info:    Redeclaring math symbol \smallsmile on input line 140.
LaTeX Font Info:    Redeclaring math symbol \smallfrown on input line 141.
LaTeX Font Info:    Redeclaring math symbol \Subset on input line 142.
LaTeX Font Info:    Redeclaring math symbol \Supset on input line 143.
LaTeX Font Info:    Redeclaring math symbol \Cup on input line 144.
LaTeX Font Info:    Redeclaring math symbol \Cap on input line 146.
LaTeX Font Info:    Redeclaring math symbol \curlywedge on input line 148.
LaTeX Font Info:    Redeclaring math symbol \curlyvee on input line 149.
LaTeX Font Info:    Redeclaring math symbol \leftthreetimes on input line 150.
LaTeX Font Info:    Redeclaring math symbol \rightthreetimes on input line 151.

LaTeX Font Info:    Redeclaring math symbol \subseteqq on input line 152.
LaTeX Font Info:    Redeclaring math symbol \supseteqq on input line 153.
LaTeX Font Info:    Redeclaring math symbol \bumpeq on input line 154.
LaTeX Font Info:    Redeclaring math symbol \Bumpeq on input line 155.
LaTeX Font Info:    Redeclaring math symbol \lll on input line 156.
LaTeX Font Info:    Redeclaring math symbol \ggg on input line 158.
LaTeX Font Info:    Redeclaring math symbol \circledS on input line 160.
LaTeX Font Info:    Redeclaring math symbol \pitchfork on input line 161.
LaTeX Font Info:    Redeclaring math symbol \dotplus on input line 162.
LaTeX Font Info:    Redeclaring math symbol \backsim on input line 163.
LaTeX Font Info:    Redeclaring math symbol \backsimeq on input line 164.
LaTeX Font Info:    Redeclaring math symbol \complement on input line 165.
LaTeX Font Info:    Redeclaring math symbol \intercal on input line 166.
LaTeX Font Info:    Redeclaring math symbol \circledcirc on input line 167.
LaTeX Font Info:    Redeclaring math symbol \circledast on input line 168.
LaTeX Font Info:    Redeclaring math symbol \circleddash on input line 169.
LaTeX Font Info:    Redeclaring math symbol \lvertneqq on input line 171.
LaTeX Font Info:    Redeclaring math symbol \gvertneqq on input line 172.
LaTeX Font Info:    Redeclaring math symbol \nleq on input line 173.
LaTeX Font Info:    Redeclaring math symbol \ngeq on input line 174.
LaTeX Font Info:    Redeclaring math symbol \nless on input line 175.
LaTeX Font Info:    Redeclaring math symbol \ngtr on input line 176.
LaTeX Font Info:    Redeclaring math symbol \nprec on input line 177.
LaTeX Font Info:    Redeclaring math symbol \nsucc on input line 178.
LaTeX Font Info:    Redeclaring math symbol \lneqq on input line 179.
LaTeX Font Info:    Redeclaring math symbol \gneqq on input line 180.
LaTeX Font Info:    Redeclaring math symbol \nleqslant on input line 181.
LaTeX Font Info:    Redeclaring math symbol \ngeqslant on input line 182.
LaTeX Font Info:    Redeclaring math symbol \lneq on input line 183.
LaTeX Font Info:    Redeclaring math symbol \gneq on input line 184.
LaTeX Font Info:    Redeclaring math symbol \npreceq on input line 185.
LaTeX Font Info:    Redeclaring math symbol \nsucceq on input line 186.
LaTeX Font Info:    Redeclaring math symbol \precnsim on input line 187.
LaTeX Font Info:    Redeclaring math symbol \succnsim on input line 188.
LaTeX Font Info:    Redeclaring math symbol \lnsim on input line 189.
LaTeX Font Info:    Redeclaring math symbol \gnsim on input line 190.
LaTeX Font Info:    Redeclaring math symbol \nleqq on input line 191.
LaTeX Font Info:    Redeclaring math symbol \ngeqq on input line 192.
LaTeX Font Info:    Redeclaring math symbol \precneqq on input line 193.
LaTeX Font Info:    Redeclaring math symbol \succneqq on input line 194.
LaTeX Font Info:    Redeclaring math symbol \precnapprox on input line 195.
LaTeX Font Info:    Redeclaring math symbol \succnapprox on input line 196.
LaTeX Font Info:    Redeclaring math symbol \lnapprox on input line 197.
LaTeX Font Info:    Redeclaring math symbol \gnapprox on input line 198.
LaTeX Font Info:    Redeclaring math symbol \nsim on input line 199.
LaTeX Font Info:    Redeclaring math symbol \ncong on input line 200.
LaTeX Font Info:    Redeclaring math symbol \diagup on input line 201.
LaTeX Font Info:    Redeclaring math symbol \diagdown on input line 202.
LaTeX Font Info:    Redeclaring math symbol \varsubsetneq on input line 203.
LaTeX Font Info:    Redeclaring math symbol \varsupsetneq on input line 204.
LaTeX Font Info:    Redeclaring math symbol \nsubseteqq on input line 205.
LaTeX Font Info:    Redeclaring math symbol \nsupseteqq on input line 206.
LaTeX Font Info:    Redeclaring math symbol \subsetneqq on input line 207.
LaTeX Font Info:    Redeclaring math symbol \supsetneqq on input line 208.
LaTeX Font Info:    Redeclaring math symbol \varsubsetneqq on input line 209.
LaTeX Font Info:    Redeclaring math symbol \varsupsetneqq on input line 210.
LaTeX Font Info:    Redeclaring math symbol \subsetneq on input line 211.
LaTeX Font Info:    Redeclaring math symbol \supsetneq on input line 212.
LaTeX Font Info:    Redeclaring math symbol \nsubseteq on input line 213.
LaTeX Font Info:    Redeclaring math symbol \nsupseteq on input line 214.
LaTeX Font Info:    Redeclaring math symbol \nparallel on input line 215.
LaTeX Font Info:    Redeclaring math symbol \nmid on input line 216.
LaTeX Font Info:    Redeclaring math symbol \nshortmid on input line 217.
LaTeX Font Info:    Redeclaring math symbol \nshortparallel on input line 218.
LaTeX Font Info:    Redeclaring math symbol \nvdash on input line 219.
LaTeX Font Info:    Redeclaring math symbol \nVdash on input line 220.
LaTeX Font Info:    Redeclaring math symbol \nvDash on input line 221.
LaTeX Font Info:    Redeclaring math symbol \nVDash on input line 222.
LaTeX Font Info:    Redeclaring math symbol \ntrianglerighteq on input line 223
.
LaTeX Font Info:    Redeclaring math symbol \ntrianglelefteq on input line 224.

LaTeX Font Info:    Redeclaring math symbol \ntriangleleft on input line 225.
LaTeX Font Info:    Redeclaring math symbol \ntriangleright on input line 226.
LaTeX Font Info:    Redeclaring math symbol \nleftarrow on input line 227.
LaTeX Font Info:    Redeclaring math symbol \nrightarrow on input line 228.
LaTeX Font Info:    Redeclaring math symbol \nLeftarrow on input line 229.
LaTeX Font Info:    Redeclaring math symbol \nRightarrow on input line 230.
LaTeX Font Info:    Redeclaring math symbol \nLeftrightarrow on input line 231.

LaTeX Font Info:    Redeclaring math symbol \nleftrightarrow on input line 232.

LaTeX Font Info:    Redeclaring math symbol \divideontimes on input line 233.
LaTeX Font Info:    Redeclaring math symbol \varnothing on input line 234.
LaTeX Font Info:    Redeclaring math symbol \nexists on input line 235.
LaTeX Font Info:    Redeclaring math symbol \Finv on input line 236.
LaTeX Font Info:    Redeclaring math symbol \Game on input line 237.
LaTeX Font Info:    Redeclaring math symbol \eth on input line 240.
LaTeX Font Info:    Redeclaring math symbol \eqsim on input line 241.
LaTeX Font Info:    Redeclaring math symbol \beth on input line 242.
LaTeX Font Info:    Redeclaring math symbol \gimel on input line 243.
LaTeX Font Info:    Redeclaring math symbol \daleth on input line 244.
LaTeX Font Info:    Redeclaring math symbol \lessdot on input line 245.
LaTeX Font Info:    Redeclaring math symbol \gtrdot on input line 246.
LaTeX Font Info:    Redeclaring math symbol \ltimes on input line 247.
LaTeX Font Info:    Redeclaring math symbol \rtimes on input line 248.
LaTeX Font Info:    Redeclaring math symbol \shortmid on input line 249.
LaTeX Font Info:    Redeclaring math symbol \shortparallel on input line 250.
LaTeX Font Info:    Redeclaring math symbol \smallsetminus on input line 251.
LaTeX Font Info:    Redeclaring math symbol \thicksim on input line 252.
LaTeX Font Info:    Redeclaring math symbol \thickapprox on input line 253.
LaTeX Font Info:    Redeclaring math symbol \approxeq on input line 254.
LaTeX Font Info:    Redeclaring math symbol \succapprox on input line 255.
LaTeX Font Info:    Redeclaring math symbol \precapprox on input line 256.
LaTeX Font Info:    Redeclaring math symbol \curvearrowleft on input line 257.
LaTeX Font Info:    Redeclaring math symbol \curvearrowright on input line 258.

LaTeX Font Info:    Redeclaring math symbol \digamma on input line 259.
LaTeX Font Info:    Redeclaring math symbol \varkappa on input line 260.
LaTeX Font Info:    Redeclaring math symbol \hslash on input line 262.
LaTeX Font Info:    Redeclaring math symbol \backepsilon on input line 265.
)
(/nix/store/l622q5dry1nrr19rvidifnqcxyg8d42p-texlive-combined-full-2022-final-t
exmfdist/tex/latex/stmaryrd/stmaryrd.sty
Package: stmaryrd 1994/03/03 St Mary's Road symbol package
\symstmry=\mathgroup10
LaTeX Font Info:    Overwriting symbol font `stmry' in version `bold'
(Font)                  U/stmry/m/n --> U/stmry/b/n on input line 89.
)
(/nix/store/l622q5dry1nrr19rvidifnqcxyg8d42p-texlive-combined-full-2022-final-t
exmfdist/tex/latex/psnfss/pifont.sty
Package: pifont 2020/03/25 PSNFSS-v9.3 Pi font support (SPQR) 
LaTeX Font Info:    Trying to load font information for U+pzd on input line 63.


(/nix/store/l622q5dry1nrr19rvidifnqcxyg8d42p-texlive-combined-full-2022-final-t
exmfdist/tex/latex/psnfss/upzd.fd
File: upzd.fd 2001/06/04 font definitions for U/pzd.
)
LaTeX Font Info:    Trying to load font information for U+psy on input line 64.


(/nix/store/l622q5dry1nrr19rvidifnqcxyg8d42p-texlive-combined-full-2022-final-t
exmfdist/tex/latex/psnfss/upsy.fd
File: upsy.fd 2001/06/04 font definitions for U/psy.
))
(/nix/store/l622q5dry1nrr19rvidifnqcxyg8d42p-texlive-combined-full-2022-final-t
exmfdist/tex/latex/tools/longtable.sty
Package: longtable 2021-09-01 v4.17 Multi-page Table package (DPC)
\LTleft=\skip170
\LTright=\skip171
\LTpre=\skip172
\LTpost=\skip173
\LTchunksize=\count321
\LTcapwidth=\dimen262
\LT@head=\box66
\LT@firsthead=\box67
\LT@foot=\box68
\LT@lastfoot=\box69
\LT@gbox=\box70
\LT@cols=\count322
\LT@rows=\count323
\c@LT@tables=\count324
\c@LT@chunks=\count325
\LT@p@ftn=\toks42
)
(/nix/store/l622q5dry1nrr19rvidifnqcxyg8d42p-texlive-combined-full-2022-final-t
exmfdist/tex/latex/anyfontsize/anyfontsize.sty
Package: anyfontsize 2007/11/22 anyfontsize.sty by pts
)
(/nix/store/l622q5dry1nrr19rvidifnqcxyg8d42p-texlive-combined-full-2022-final-t
exmfdist/tex/latex/paralist/paralist.sty
Package: paralist 2017/01/22 v2.7 Extended list environments
\pltopsep=\skip174
\plpartopsep=\skip175
\plitemsep=\skip176
\plparsep=\skip177
\pl@lab=\toks43
)
(/nix/store/l622q5dry1nrr19rvidifnqcxyg8d42p-texlive-combined-full-2022-final-t
exmfdist/tex/latex/enumitem/enumitem.sty
Package: enumitem 2019/06/20 v3.9 Customized lists
\enitkv@toks@=\toks44
\labelindent=\skip178
\enit@outerparindent=\dimen263
\enit@toks=\toks45
\enit@inbox=\box71
\enit@count@id=\count326
\enitdp@description=\count327
)
(/nix/store/l622q5dry1nrr19rvidifnqcxyg8d42p-texlive-combined-full-2022-final-t
exmfdist/tex/latex/wrapfig/wrapfig.sty
\wrapoverhang=\dimen264
\WF@size=\dimen265
\c@WF@wrappedlines=\count328
\WF@box=\box72
\WF@everypar=\toks46
Package: wrapfig 2003/01/31  v 3.6
)
(/nix/store/l622q5dry1nrr19rvidifnqcxyg8d42p-texlive-combined-full-2022-final-t
exmfdist/tex/latex/base/fontenc.sty
Package: fontenc 2021/04/29 v2.0v Standard LaTeX package
)
(/nix/store/l622q5dry1nrr19rvidifnqcxyg8d42p-texlive-combined-full-2022-final-t
exmfdist/tex/latex/base/inputenc.sty
Package: inputenc 2021/02/14 v1.3d Input encoding file
\inpenc@prehook=\toks47
\inpenc@posthook=\toks48
)
\px=\skip179
\c@md@targetcount=\count329
\mdcompactskip=\skip180
\mdcompacttopsep=\skip181
\dim@rem=\skip182
\dim@ch=\skip183
\md@height=\skip184
\dim@marginbottom=\skip185
\dim@paddingbottom=\skip186
\md@interaction=\count330
\mddefinitionsskip=\skip187
\md@captionlen=\skip188
\mdtoclevel=\count331
\c@mdtoclevelbold=\count332
\c@mdtocleveldots=\count333
\mdtocskip=\skip189
\mdpreskip=\skip190
\presp=\skip191
LaTeX Font Info:    Trying to load font information for T1+zi4 on input line 79
2.

(/nix/store/l622q5dry1nrr19rvidifnqcxyg8d42p-texlive-combined-full-2022-final-t
exmfdist/tex/latex/inconsolata/t1zi4.fd
File: t1zi4.fd 2018/01/14 T1/zi4 (Inconsolata)
)
LaTeX Font Info:    Font shape `T1/zi4/m/n' will be
(Font)              scaled to size 10.0pt on input line 792.
\md@postskip=\skip192
\ppresp=\skip193
\md@thmcaption=\box73
\md@defaultcolwidth=\skip194
\mdtabularskip=\skip195
\mdbibindentunit=\skip196
\c@md@authorcount=\count334
\c@@mdTargetCount=\count335
\@snippetBox=\box74
\@snippetWidth=\skip197
\@snippetHeight=\skip198
\@snippetDepth=\skip199
\c@snippets=\count336
)
(/nix/store/l622q5dry1nrr19rvidifnqcxyg8d42p-texlive-combined-full-2022-final-t
exmfdist/tex/latex/caption/subcaption.sty
Package: subcaption 2022/01/07 v1.5 Sub-captions (AR)
\c@subfigure=\count337
\c@subtable=\count338
)
(/nix/store/l622q5dry1nrr19rvidifnqcxyg8d42p-texlive-combined-full-2022-final-t
exmfdist/tex/latex/placeins/placeins.sty
Package: placeins 2005/04/18  v 2.2
)
(/nix/store/l622q5dry1nrr19rvidifnqcxyg8d42p-texlive-combined-full-2022-final-t
exmfdist/tex/latex/varwidth/varwidth.sty
Package: varwidth 2009/03/30 ver 0.92;  Variable-width minipages
\@vwid@box=\box75
\sift@deathcycles=\count339
\@vwid@loff=\dimen266
\@vwid@roff=\dimen267
)
(/nix/store/l622q5dry1nrr19rvidifnqcxyg8d42p-texlive-combined-full-2022-final-t
exmfdist/tex/latex/mathtools/mathtools.sty
Package: mathtools 2022/06/29 v1.29 mathematical typesetting tools

(/nix/store/l622q5dry1nrr19rvidifnqcxyg8d42p-texlive-combined-full-2022-final-t
exmfdist/tex/latex/tools/calc.sty
Package: calc 2017/05/25 v4.3 Infix arithmetic (KKT,FJ)
\calc@Acount=\count340
\calc@Bcount=\count341
\calc@Adimen=\dimen268
\calc@Bdimen=\dimen269
\calc@Askip=\skip256
\calc@Bskip=\skip257
LaTeX Info: Redefining \setlength on input line 80.
LaTeX Info: Redefining \addtolength on input line 81.
\calc@Ccount=\count342
\calc@Cskip=\skip258
)
(/nix/store/l622q5dry1nrr19rvidifnqcxyg8d42p-texlive-combined-full-2022-final-t
exmfdist/tex/latex/mathtools/mhsetup.sty
Package: mhsetup 2021/03/18 v1.4 programming setup (MH)
)
\g_MT_multlinerow_int=\count343
\l_MT_multwidth_dim=\dimen270
\origjot=\skip259
\l_MT_shortvdotswithinadjustabove_dim=\dimen271
\l_MT_shortvdotswithinadjustbelow_dim=\dimen272
\l_MT_above_intertext_sep=\dimen273
\l_MT_below_intertext_sep=\dimen274
\l_MT_above_shortintertext_sep=\dimen275
\l_MT_below_shortintertext_sep=\dimen276
\xmathstrut@box=\box76
\xmathstrut@dim=\dimen277
)
(/nix/store/l622q5dry1nrr19rvidifnqcxyg8d42p-texlive-combined-full-2022-final-t
exmfdist/tex/latex/relsize/relsize.sty
Package: relsize 2013/03/29 ver 4.1
LaTeX Info: Redefining \larger on input line 150.
LaTeX Info: Redefining \smaller on input line 151.
)
(/nix/store/l622q5dry1nrr19rvidifnqcxyg8d42p-texlive-combined-full-2022-final-t
exmfdist/tex/latex/stackengine/stackengine.sty
Package: stackengine 2021/07/22 v4.11\ Stacking text and objects in convenient 
ways

(/nix/store/l622q5dry1nrr19rvidifnqcxyg8d42p-texlive-combined-full-2022-final-t
exmfdist/tex/generic/listofitems/listofitems.sty
(/nix/store/l622q5dry1nrr19rvidifnqcxyg8d42p-texlive-combined-full-2022-final-t
exmfdist/tex/generic/listofitems/listofitems.tex
\loi_cnt_foreach_nest=\count344
\loi_nestcnt=\count345
)
Package: listofitems 2019/08/21 v1.63 Grab items in lists using user-specified 
sep char (CT)
)
\c@@stackindex=\count346
\@boxshift=\skip260
\stack@tmplength=\skip261
\temp@stkl=\skip262
\@stackedboxwidth=\skip263
\@addedbox=\box77
\@anchorbox=\box78
\@insetbox=\box79
\se@backgroundbox=\box80
\stackedbox=\box81
\@centerbox=\box82
\c@ROWcellindex@=\count347
)
(/nix/store/l622q5dry1nrr19rvidifnqcxyg8d42p-texlive-combined-full-2022-final-t
exmfdist/tex/latex/mathalpha/mathalfa.sty)
(/nix/store/l622q5dry1nrr19rvidifnqcxyg8d42p-texlive-combined-full-2022-final-t
exmfdist/tex/latex/mathalpha/mathalpha.sty
Package: mathalpha 2021/11/18 - 1.143mathalpha (License LPPL) Michael Sharpe

`mathalpha' v1.143, 2021/11/18, a renaming of mathalfa (msharpe)
LaTeX Font Info:    Overwriting math alphabet `\mathbb' in version `bold'
(Font)                  U/BOONDOX-ds/m/n --> U/BOONDOX-ds/b/n on input line 209
.
)
(/nix/store/l622q5dry1nrr19rvidifnqcxyg8d42p-texlive-combined-full-2022-final-t
exmfdist/tex/latex/threeparttable/threeparttable.sty
Package: threeparttable 2003/06/13  v 3.0
\@tempboxb=\box83
)
(/nix/store/l622q5dry1nrr19rvidifnqcxyg8d42p-texlive-combined-full-2022-final-t
exmfdist/tex/latex/pgf/frontendlayer/tikz.sty
(/nix/store/l622q5dry1nrr19rvidifnqcxyg8d42p-texlive-combined-full-2022-final-t
exmfdist/tex/latex/pgf/basiclayer/pgf.sty
(/nix/store/l622q5dry1nrr19rvidifnqcxyg8d42p-texlive-combined-full-2022-final-t
exmfdist/tex/latex/pgf/utilities/pgfrcs.sty
(/nix/store/l622q5dry1nrr19rvidifnqcxyg8d42p-texlive-combined-full-2022-final-t
exmfdist/tex/generic/pgf/utilities/pgfutil-common.tex
\pgfutil@everybye=\toks49
\pgfutil@tempdima=\dimen278
\pgfutil@tempdimb=\dimen279
)
(/nix/store/l622q5dry1nrr19rvidifnqcxyg8d42p-texlive-combined-full-2022-final-t
exmfdist/tex/generic/pgf/utilities/pgfutil-latex.def
\pgfutil@abb=\box84
)
(/nix/store/l622q5dry1nrr19rvidifnqcxyg8d42p-texlive-combined-full-2022-final-t
exmfdist/tex/generic/pgf/utilities/pgfrcs.code.tex
(/nix/store/l622q5dry1nrr19rvidifnqcxyg8d42p-texlive-combined-full-2022-final-t
exmfdist/tex/generic/pgf/pgf.revision.tex)
Package: pgfrcs 2023-01-15 v3.1.10 (3.1.10)
))
Package: pgf 2023-01-15 v3.1.10 (3.1.10)

(/nix/store/l622q5dry1nrr19rvidifnqcxyg8d42p-texlive-combined-full-2022-final-t
exmfdist/tex/latex/pgf/basiclayer/pgfcore.sty
(/nix/store/l622q5dry1nrr19rvidifnqcxyg8d42p-texlive-combined-full-2022-final-t
exmfdist/tex/latex/pgf/systemlayer/pgfsys.sty
(/nix/store/l622q5dry1nrr19rvidifnqcxyg8d42p-texlive-combined-full-2022-final-t
exmfdist/tex/generic/pgf/systemlayer/pgfsys.code.tex
Package: pgfsys 2023-01-15 v3.1.10 (3.1.10)

(/nix/store/l622q5dry1nrr19rvidifnqcxyg8d42p-texlive-combined-full-2022-final-t
exmfdist/tex/generic/pgf/utilities/pgfkeys.code.tex
\pgfkeys@pathtoks=\toks50
\pgfkeys@temptoks=\toks51

(/nix/store/l622q5dry1nrr19rvidifnqcxyg8d42p-texlive-combined-full-2022-final-t
exmfdist/tex/generic/pgf/utilities/pgfkeyslibraryfiltered.code.tex
\pgfkeys@tmptoks=\toks52
))
\pgf@x=\dimen280
\pgf@y=\dimen281
\pgf@xa=\dimen282
\pgf@ya=\dimen283
\pgf@xb=\dimen284
\pgf@yb=\dimen285
\pgf@xc=\dimen286
\pgf@yc=\dimen287
\pgf@xd=\dimen288
\pgf@yd=\dimen289
\w@pgf@writea=\write4
\r@pgf@reada=\read3
\c@pgf@counta=\count348
\c@pgf@countb=\count349
\c@pgf@countc=\count350
\c@pgf@countd=\count351
\t@pgf@toka=\toks53
\t@pgf@tokb=\toks54
\t@pgf@tokc=\toks55
\pgf@sys@id@count=\count352

(/nix/store/l622q5dry1nrr19rvidifnqcxyg8d42p-texlive-combined-full-2022-final-t
exmfdist/tex/generic/pgf/systemlayer/pgf.cfg
File: pgf.cfg 2023-01-15 v3.1.10 (3.1.10)
)
Driver file for pgf: pgfsys-pdftex.def

(/nix/store/l622q5dry1nrr19rvidifnqcxyg8d42p-texlive-combined-full-2022-final-t
exmfdist/tex/generic/pgf/systemlayer/pgfsys-pdftex.def
File: pgfsys-pdftex.def 2023-01-15 v3.1.10 (3.1.10)

(/nix/store/l622q5dry1nrr19rvidifnqcxyg8d42p-texlive-combined-full-2022-final-t
exmfdist/tex/generic/pgf/systemlayer/pgfsys-common-pdf.def
File: pgfsys-common-pdf.def 2023-01-15 v3.1.10 (3.1.10)
)))
(/nix/store/l622q5dry1nrr19rvidifnqcxyg8d42p-texlive-combined-full-2022-final-t
exmfdist/tex/generic/pgf/systemlayer/pgfsyssoftpath.code.tex
File: pgfsyssoftpath.code.tex 2023-01-15 v3.1.10 (3.1.10)
\pgfsyssoftpath@smallbuffer@items=\count353
\pgfsyssoftpath@bigbuffer@items=\count354
)
(/nix/store/l622q5dry1nrr19rvidifnqcxyg8d42p-texlive-combined-full-2022-final-t
exmfdist/tex/generic/pgf/systemlayer/pgfsysprotocol.code.tex
File: pgfsysprotocol.code.tex 2023-01-15 v3.1.10 (3.1.10)
))
(/nix/store/l622q5dry1nrr19rvidifnqcxyg8d42p-texlive-combined-full-2022-final-t
exmfdist/tex/generic/pgf/basiclayer/pgfcore.code.tex
Package: pgfcore 2023-01-15 v3.1.10 (3.1.10)

(/nix/store/l622q5dry1nrr19rvidifnqcxyg8d42p-texlive-combined-full-2022-final-t
exmfdist/tex/generic/pgf/math/pgfmath.code.tex
(/nix/store/l622q5dry1nrr19rvidifnqcxyg8d42p-texlive-combined-full-2022-final-t
exmfdist/tex/generic/pgf/math/pgfmathutil.code.tex)
(/nix/store/l622q5dry1nrr19rvidifnqcxyg8d42p-texlive-combined-full-2022-final-t
exmfdist/tex/generic/pgf/math/pgfmathparser.code.tex
\pgfmath@dimen=\dimen290
\pgfmath@count=\count355
\pgfmath@box=\box85
\pgfmath@toks=\toks56
\pgfmath@stack@operand=\toks57
\pgfmath@stack@operation=\toks58
)
(/nix/store/l622q5dry1nrr19rvidifnqcxyg8d42p-texlive-combined-full-2022-final-t
exmfdist/tex/generic/pgf/math/pgfmathfunctions.code.tex)
(/nix/store/l622q5dry1nrr19rvidifnqcxyg8d42p-texlive-combined-full-2022-final-t
exmfdist/tex/generic/pgf/math/pgfmathfunctions.basic.code.tex)
(/nix/store/l622q5dry1nrr19rvidifnqcxyg8d42p-texlive-combined-full-2022-final-t
exmfdist/tex/generic/pgf/math/pgfmathfunctions.trigonometric.code.tex)
(/nix/store/l622q5dry1nrr19rvidifnqcxyg8d42p-texlive-combined-full-2022-final-t
exmfdist/tex/generic/pgf/math/pgfmathfunctions.random.code.tex)
(/nix/store/l622q5dry1nrr19rvidifnqcxyg8d42p-texlive-combined-full-2022-final-t
exmfdist/tex/generic/pgf/math/pgfmathfunctions.comparison.code.tex)
(/nix/store/l622q5dry1nrr19rvidifnqcxyg8d42p-texlive-combined-full-2022-final-t
exmfdist/tex/generic/pgf/math/pgfmathfunctions.base.code.tex)
(/nix/store/l622q5dry1nrr19rvidifnqcxyg8d42p-texlive-combined-full-2022-final-t
exmfdist/tex/generic/pgf/math/pgfmathfunctions.round.code.tex)
(/nix/store/l622q5dry1nrr19rvidifnqcxyg8d42p-texlive-combined-full-2022-final-t
exmfdist/tex/generic/pgf/math/pgfmathfunctions.misc.code.tex)
(/nix/store/l622q5dry1nrr19rvidifnqcxyg8d42p-texlive-combined-full-2022-final-t
exmfdist/tex/generic/pgf/math/pgfmathfunctions.integerarithmetics.code.tex)
(/nix/store/l622q5dry1nrr19rvidifnqcxyg8d42p-texlive-combined-full-2022-final-t
exmfdist/tex/generic/pgf/math/pgfmathcalc.code.tex)
(/nix/store/l622q5dry1nrr19rvidifnqcxyg8d42p-texlive-combined-full-2022-final-t
exmfdist/tex/generic/pgf/math/pgfmathfloat.code.tex
\c@pgfmathroundto@lastzeros=\count356
))
(/nix/store/l622q5dry1nrr19rvidifnqcxyg8d42p-texlive-combined-full-2022-final-t
exmfdist/tex/generic/pgf/math/pgfint.code.tex)
(/nix/store/l622q5dry1nrr19rvidifnqcxyg8d42p-texlive-combined-full-2022-final-t
exmfdist/tex/generic/pgf/basiclayer/pgfcorepoints.code.tex
File: pgfcorepoints.code.tex 2023-01-15 v3.1.10 (3.1.10)
\pgf@picminx=\dimen291
\pgf@picmaxx=\dimen292
\pgf@picminy=\dimen293
\pgf@picmaxy=\dimen294
\pgf@pathminx=\dimen295
\pgf@pathmaxx=\dimen296
\pgf@pathminy=\dimen297
\pgf@pathmaxy=\dimen298
\pgf@xx=\dimen299
\pgf@xy=\dimen300
\pgf@yx=\dimen301
\pgf@yy=\dimen302
\pgf@zx=\dimen303
\pgf@zy=\dimen304
)
(/nix/store/l622q5dry1nrr19rvidifnqcxyg8d42p-texlive-combined-full-2022-final-t
exmfdist/tex/generic/pgf/basiclayer/pgfcorepathconstruct.code.tex
File: pgfcorepathconstruct.code.tex 2023-01-15 v3.1.10 (3.1.10)
\pgf@path@lastx=\dimen305
\pgf@path@lasty=\dimen306
)
(/nix/store/l622q5dry1nrr19rvidifnqcxyg8d42p-texlive-combined-full-2022-final-t
exmfdist/tex/generic/pgf/basiclayer/pgfcorepathusage.code.tex
File: pgfcorepathusage.code.tex 2023-01-15 v3.1.10 (3.1.10)
\pgf@shorten@end@additional=\dimen307
\pgf@shorten@start@additional=\dimen308
)
(/nix/store/l622q5dry1nrr19rvidifnqcxyg8d42p-texlive-combined-full-2022-final-t
exmfdist/tex/generic/pgf/basiclayer/pgfcorescopes.code.tex
File: pgfcorescopes.code.tex 2023-01-15 v3.1.10 (3.1.10)
\pgfpic=\box86
\pgf@hbox=\box87
\pgf@layerbox@main=\box88
\pgf@picture@serial@count=\count357
)
(/nix/store/l622q5dry1nrr19rvidifnqcxyg8d42p-texlive-combined-full-2022-final-t
exmfdist/tex/generic/pgf/basiclayer/pgfcoregraphicstate.code.tex
File: pgfcoregraphicstate.code.tex 2023-01-15 v3.1.10 (3.1.10)
\pgflinewidth=\dimen309
)
(/nix/store/l622q5dry1nrr19rvidifnqcxyg8d42p-texlive-combined-full-2022-final-t
exmfdist/tex/generic/pgf/basiclayer/pgfcoretransformations.code.tex
File: pgfcoretransformations.code.tex 2023-01-15 v3.1.10 (3.1.10)
\pgf@pt@x=\dimen310
\pgf@pt@y=\dimen311
\pgf@pt@temp=\dimen312
)
(/nix/store/l622q5dry1nrr19rvidifnqcxyg8d42p-texlive-combined-full-2022-final-t
exmfdist/tex/generic/pgf/basiclayer/pgfcorequick.code.tex
File: pgfcorequick.code.tex 2023-01-15 v3.1.10 (3.1.10)
)
(/nix/store/l622q5dry1nrr19rvidifnqcxyg8d42p-texlive-combined-full-2022-final-t
exmfdist/tex/generic/pgf/basiclayer/pgfcoreobjects.code.tex
File: pgfcoreobjects.code.tex 2023-01-15 v3.1.10 (3.1.10)
)
(/nix/store/l622q5dry1nrr19rvidifnqcxyg8d42p-texlive-combined-full-2022-final-t
exmfdist/tex/generic/pgf/basiclayer/pgfcorepathprocessing.code.tex
File: pgfcorepathprocessing.code.tex 2023-01-15 v3.1.10 (3.1.10)
)
(/nix/store/l622q5dry1nrr19rvidifnqcxyg8d42p-texlive-combined-full-2022-final-t
exmfdist/tex/generic/pgf/basiclayer/pgfcorearrows.code.tex
File: pgfcorearrows.code.tex 2023-01-15 v3.1.10 (3.1.10)
\pgfarrowsep=\dimen313
)
(/nix/store/l622q5dry1nrr19rvidifnqcxyg8d42p-texlive-combined-full-2022-final-t
exmfdist/tex/generic/pgf/basiclayer/pgfcoreshade.code.tex
File: pgfcoreshade.code.tex 2023-01-15 v3.1.10 (3.1.10)
\pgf@max=\dimen314
\pgf@sys@shading@range@num=\count358
\pgf@shadingcount=\count359
)
(/nix/store/l622q5dry1nrr19rvidifnqcxyg8d42p-texlive-combined-full-2022-final-t
exmfdist/tex/generic/pgf/basiclayer/pgfcoreimage.code.tex
File: pgfcoreimage.code.tex 2023-01-15 v3.1.10 (3.1.10)
)
(/nix/store/l622q5dry1nrr19rvidifnqcxyg8d42p-texlive-combined-full-2022-final-t
exmfdist/tex/generic/pgf/basiclayer/pgfcoreexternal.code.tex
File: pgfcoreexternal.code.tex 2023-01-15 v3.1.10 (3.1.10)
\pgfexternal@startupbox=\box89
)
(/nix/store/l622q5dry1nrr19rvidifnqcxyg8d42p-texlive-combined-full-2022-final-t
exmfdist/tex/generic/pgf/basiclayer/pgfcorelayers.code.tex
File: pgfcorelayers.code.tex 2023-01-15 v3.1.10 (3.1.10)
)
(/nix/store/l622q5dry1nrr19rvidifnqcxyg8d42p-texlive-combined-full-2022-final-t
exmfdist/tex/generic/pgf/basiclayer/pgfcoretransparency.code.tex
File: pgfcoretransparency.code.tex 2023-01-15 v3.1.10 (3.1.10)
)
(/nix/store/l622q5dry1nrr19rvidifnqcxyg8d42p-texlive-combined-full-2022-final-t
exmfdist/tex/generic/pgf/basiclayer/pgfcorepatterns.code.tex
File: pgfcorepatterns.code.tex 2023-01-15 v3.1.10 (3.1.10)
)
(/nix/store/l622q5dry1nrr19rvidifnqcxyg8d42p-texlive-combined-full-2022-final-t
exmfdist/tex/generic/pgf/basiclayer/pgfcorerdf.code.tex
File: pgfcorerdf.code.tex 2023-01-15 v3.1.10 (3.1.10)
)))
(/nix/store/l622q5dry1nrr19rvidifnqcxyg8d42p-texlive-combined-full-2022-final-t
exmfdist/tex/generic/pgf/modules/pgfmoduleshapes.code.tex
File: pgfmoduleshapes.code.tex 2023-01-15 v3.1.10 (3.1.10)
\pgfnodeparttextbox=\box90
)
(/nix/store/l622q5dry1nrr19rvidifnqcxyg8d42p-texlive-combined-full-2022-final-t
exmfdist/tex/generic/pgf/modules/pgfmoduleplot.code.tex
File: pgfmoduleplot.code.tex 2023-01-15 v3.1.10 (3.1.10)
)
(/nix/store/l622q5dry1nrr19rvidifnqcxyg8d42p-texlive-combined-full-2022-final-t
exmfdist/tex/latex/pgf/compatibility/pgfcomp-version-0-65.sty
Package: pgfcomp-version-0-65 2023-01-15 v3.1.10 (3.1.10)
\pgf@nodesepstart=\dimen315
\pgf@nodesepend=\dimen316
)
(/nix/store/l622q5dry1nrr19rvidifnqcxyg8d42p-texlive-combined-full-2022-final-t
exmfdist/tex/latex/pgf/compatibility/pgfcomp-version-1-18.sty
Package: pgfcomp-version-1-18 2023-01-15 v3.1.10 (3.1.10)
))
(/nix/store/l622q5dry1nrr19rvidifnqcxyg8d42p-texlive-combined-full-2022-final-t
exmfdist/tex/latex/pgf/utilities/pgffor.sty
(/nix/store/l622q5dry1nrr19rvidifnqcxyg8d42p-texlive-combined-full-2022-final-t
exmfdist/tex/latex/pgf/utilities/pgfkeys.sty
(/nix/store/l622q5dry1nrr19rvidifnqcxyg8d42p-texlive-combined-full-2022-final-t
exmfdist/tex/generic/pgf/utilities/pgfkeys.code.tex))
(/nix/store/l622q5dry1nrr19rvidifnqcxyg8d42p-texlive-combined-full-2022-final-t
exmfdist/tex/latex/pgf/math/pgfmath.sty
(/nix/store/l622q5dry1nrr19rvidifnqcxyg8d42p-texlive-combined-full-2022-final-t
exmfdist/tex/generic/pgf/math/pgfmath.code.tex))
(/nix/store/l622q5dry1nrr19rvidifnqcxyg8d42p-texlive-combined-full-2022-final-t
exmfdist/tex/generic/pgf/utilities/pgffor.code.tex
Package: pgffor 2023-01-15 v3.1.10 (3.1.10)
\pgffor@iter=\dimen317
\pgffor@skip=\dimen318
\pgffor@stack=\toks59
\pgffor@toks=\toks60
))
(/nix/store/l622q5dry1nrr19rvidifnqcxyg8d42p-texlive-combined-full-2022-final-t
exmfdist/tex/generic/pgf/frontendlayer/tikz/tikz.code.tex
Package: tikz 2023-01-15 v3.1.10 (3.1.10)

(/nix/store/l622q5dry1nrr19rvidifnqcxyg8d42p-texlive-combined-full-2022-final-t
exmfdist/tex/generic/pgf/libraries/pgflibraryplothandlers.code.tex
File: pgflibraryplothandlers.code.tex 2023-01-15 v3.1.10 (3.1.10)
\pgf@plot@mark@count=\count360
\pgfplotmarksize=\dimen319
)
\tikz@lastx=\dimen320
\tikz@lasty=\dimen321
\tikz@lastxsaved=\dimen322
\tikz@lastysaved=\dimen323
\tikz@lastmovetox=\dimen324
\tikz@lastmovetoy=\dimen325
\tikzleveldistance=\dimen326
\tikzsiblingdistance=\dimen327
\tikz@figbox=\box91
\tikz@figbox@bg=\box92
\tikz@tempbox=\box93
\tikz@tempbox@bg=\box94
\tikztreelevel=\count361
\tikznumberofchildren=\count362
\tikznumberofcurrentchild=\count363
\tikz@fig@count=\count364

(/nix/store/l622q5dry1nrr19rvidifnqcxyg8d42p-texlive-combined-full-2022-final-t
exmfdist/tex/generic/pgf/modules/pgfmodulematrix.code.tex
File: pgfmodulematrix.code.tex 2023-01-15 v3.1.10 (3.1.10)
\pgfmatrixcurrentrow=\count365
\pgfmatrixcurrentcolumn=\count366
\pgf@matrix@numberofcolumns=\count367
)
\tikz@expandcount=\count368

(/nix/store/l622q5dry1nrr19rvidifnqcxyg8d42p-texlive-combined-full-2022-final-t
exmfdist/tex/generic/pgf/frontendlayer/tikz/libraries/tikzlibrarytopaths.code.t
ex
File: tikzlibrarytopaths.code.tex 2023-01-15 v3.1.10 (3.1.10)
)))
\mdxwidth=\skip264
\symMnSyA=\mathgroup11
LaTeX Font Info:    Overwriting symbol font `MnSyA' in version `bold'
(Font)                  U/MnSymbolA/m/n --> U/MnSymbolA/b/n on input line 137.
LaTeX Font Info:    Redeclaring math symbol \leftharpoondown on input line 142.

LaTeX Font Info:    Redeclaring math symbol \rightharpoonup on input line 143.
Package acmart Info: Using screen mode due to pacmpl on input line 249.
Class acmart Info: Using journal code pacmpl on input line 249.
Package hyperref Info: Option `colorlinks' set `true' on input line 266.
Package hyperref Info: Option `pdfdisplaydoctitle' set `true' on input line 266
.
\c@theorem=\count369
 Include comment 'screenonly' Excluding comment 'printonly'
Include comment 'anonsuppress'
(/nix/store/l622q5dry1nrr19rvidifnqcxyg8d42p-texlive-combined-full-2022-final-t
exmfdist/tex/latex/l3backend/l3backend-pdftex.def
File: l3backend-pdftex.def 2023-01-16 L3 backend support: PDF output (pdfTeX)
\l__color_backend_stack_int=\count370
\l__pdf_internal_box=\box95
) (./effekt.aux)
\openout1 = `effekt.aux'.

LaTeX Font Info:    Checking defaults for OML/nxlmi/m/it on input line 266.
LaTeX Font Info:    Trying to load font information for OML+nxlmi on input line
 266.

(/nix/store/l622q5dry1nrr19rvidifnqcxyg8d42p-texlive-combined-full-2022-final-t
exmfdist/tex/latex/newtx/omlnxlmi.fd
File: omlnxlmi.fd 2013/11/19 Fontinst v1.933 font definitions for OML/nxlmi.
)
LaTeX Font Info:    ... okay on input line 266.
LaTeX Font Info:    Checking defaults for OMS/cmsy/m/n on input line 266.
LaTeX Font Info:    ... okay on input line 266.
LaTeX Font Info:    Checking defaults for OT1/cmr/m/n on input line 266.
LaTeX Font Info:    ... okay on input line 266.
LaTeX Font Info:    Checking defaults for T1/cmr/m/n on input line 266.
LaTeX Font Info:    ... okay on input line 266.
LaTeX Font Info:    Checking defaults for TS1/cmr/m/n on input line 266.
LaTeX Font Info:    ... okay on input line 266.
LaTeX Font Info:    Checking defaults for OMX/cmex/m/n on input line 266.
LaTeX Font Info:    ... okay on input line 266.
LaTeX Font Info:    Checking defaults for U/ntxexa/m/n on input line 266.
LaTeX Font Info:    Trying to load font information for U+ntxexa on input line 
266.

(/nix/store/l622q5dry1nrr19rvidifnqcxyg8d42p-texlive-combined-full-2022-final-t
exmfdist/tex/latex/newtx/untxexa.fd
File: untxexa.fd 2012/04/16 Fontinst v1.933 font definitions for U/ntxexa.
)
LaTeX Font Info:    ... okay on input line 266.
LaTeX Font Info:    Checking defaults for PD1/pdf/m/n on input line 266.
LaTeX Font Info:    ... okay on input line 266.
LaTeX Font Info:    Checking defaults for PU/pdf/m/n on input line 266.
LaTeX Font Info:    ... okay on input line 266.
LaTeX Font Info:    Checking defaults for LMS/ntxsy/m/n on input line 266.
LaTeX Font Info:    Trying to load font information for LMS+ntxsy on input line
 266.

(/nix/store/l622q5dry1nrr19rvidifnqcxyg8d42p-texlive-combined-full-2022-final-t
exmfdist/tex/latex/newtx/lmsntxsy.fd
File: lmsntxsy.fd 2016/07/02 Fontinst v1.933 font definitions for LMS/ntxsy.
)
LaTeX Font Info:    ... okay on input line 266.
LaTeX Font Info:    Checking defaults for LMX/ntxexx/m/n on input line 266.
LaTeX Font Info:    Trying to load font information for LMX+ntxexx on input lin
e 266.

(/nix/store/l622q5dry1nrr19rvidifnqcxyg8d42p-texlive-combined-full-2022-final-t
exmfdist/tex/latex/newtx/lmxntxexx.fd
File: lmxntxexx.fd 2016/07/03 Fontinst v1.933 font definitions for LMX/ntxexx.
)
LaTeX Font Info:    ... okay on input line 266.
LaTeX Font Info:    Font shape `T1/LinuxLibertineT-TLF/m/n' will be
(Font)              scaled to size 8.0pt on input line 266.
LaTeX Font Info:    Trying to load font information for OT1+LinuxLibertineT-TLF
 on input line 266.

(/nix/store/l622q5dry1nrr19rvidifnqcxyg8d42p-texlive-combined-full-2022-final-t
exmfdist/tex/latex/libertine/OT1LinuxLibertineT-TLF.fd
File: OT1LinuxLibertineT-TLF.fd 2017/03/20 (autoinst) Font definitions for OT1/
LinuxLibertineT-TLF.
)
LaTeX Font Info:    Font shape `OT1/LinuxLibertineT-TLF/m/n' will be
(Font)              scaled to size 8.0pt on input line 266.
<<ot1.cmap>>
LaTeX Font Info:    Font shape `OT1/LinuxLibertineT-TLF/m/n' will be
(Font)              scaled to size 6.2pt on input line 266.
LaTeX Font Info:    Font shape `OT1/LinuxLibertineT-TLF/m/n' will be
(Font)              scaled to size 5.5pt on input line 266.
<<oml.cmap>>
LaTeX Font Info:    Trying to load font information for U+msa on input line 266
.

(/nix/store/l622q5dry1nrr19rvidifnqcxyg8d42p-texlive-combined-full-2022-final-t
exmfdist/tex/latex/amsfonts/umsa.fd
File: umsa.fd 2013/01/14 v3.01 AMS symbols A
)
LaTeX Font Info:    Trying to load font information for U+msb on input line 266
.

(/nix/store/l622q5dry1nrr19rvidifnqcxyg8d42p-texlive-combined-full-2022-final-t
exmfdist/tex/latex/amsfonts/umsb.fd
File: umsb.fd 2013/01/14 v3.01 AMS symbols B
)
LaTeX Font Info:    Trying to load font information for U+ntxmia on input line 
266.

(/nix/store/l622q5dry1nrr19rvidifnqcxyg8d42p-texlive-combined-full-2022-final-t
exmfdist/tex/latex/newtx/untxmia.fd
File: untxmia.fd 2018/04/14 Fontinst v1.933 font definitions for U/ntxmia.
)
LaTeX Font Info:    Trying to load font information for U+ntxsym on input line 
266.

(/nix/store/l622q5dry1nrr19rvidifnqcxyg8d42p-texlive-combined-full-2022-final-t
exmfdist/tex/latex/newtx/untxsym.fd
File: untxsym.fd 2015/03/20 Fontinst v1.933 font definitions for U/ntxsym.
)
LaTeX Font Info:    Trying to load font information for U+ntxsyc on input line 
266.

(/nix/store/l622q5dry1nrr19rvidifnqcxyg8d42p-texlive-combined-full-2022-final-t
exmfdist/tex/latex/newtx/untxsyc.fd
File: untxsyc.fd 2012/04/12 Fontinst v1.933 font definitions for U/ntxsyc.
)
LaTeX Font Info:    Trying to load font information for U+stmry on input line 2
66.

(/nix/store/l622q5dry1nrr19rvidifnqcxyg8d42p-texlive-combined-full-2022-final-t
exmfdist/tex/latex/stmaryrd/Ustmry.fd)
LaTeX Info: Command `\dddot' is already robust on input line 266.
LaTeX Info: Command `\ddddot' is already robust on input line 266.
LaTeX Info: Redefining \microtypecontext on input line 266.
Package microtype Info: Applying patch `item' on input line 266.
Package microtype Info: Applying patch `toc' on input line 266.
Package microtype Info: Applying patch `eqnum' on input line 266.
Package microtype Info: Applying patch `footnote' on input line 266.
Package microtype Info: Applying patch `verbatim' on input line 266.
Package microtype Info: Generating PDF output.
Package microtype Info: Character protrusion enabled (level 2).
Package microtype Info: Using default protrusion set `alltext'.
Package microtype Info: Automatic font expansion enabled (level 2),
(microtype)             stretch: 20, shrink: 20, step: 1, non-selected.
Package microtype Info: Using default expansion set `alltext-nott'.
LaTeX Info: Redefining \showhyphens on input line 266.
Package microtype Info: No adjustment of tracking.
Package microtype Info: No adjustment of interword spacing.
Package microtype Info: No adjustment of character kerning.
Package microtype Info: Loading generic protrusion settings for font family
(microtype)             `LinuxLibertineT-TLF' (encoding: T1).
(microtype)             For optimal results, create family-specific settings.
(microtype)             See the microtype manual for details.
Package hyperref Info: Link coloring ON on input line 266.
 (./effekt.out) (./effekt.out)
\@outlinefile=\write5
\openout5 = `effekt.out'.


(/nix/store/l622q5dry1nrr19rvidifnqcxyg8d42p-texlive-combined-full-2022-final-t
exmfdist/tex/context/base/mkii/supp-pdf.mkii
[Loading MPS to PDF converter (version 2006.09.02).]
\scratchcounter=\count371
\scratchdimen=\dimen328
\scratchbox=\box96
\nofMPsegments=\count372
\nofMParguments=\count373
\everyMPshowfont=\toks61
\MPscratchCnt=\count374
\MPscratchDim=\dimen329
\MPnumerator=\count375
\makeMPintoPDFobject=\count376
\everyMPtoPDFconversion=\toks62
)
(/nix/store/l622q5dry1nrr19rvidifnqcxyg8d42p-texlive-combined-full-2022-final-t
exmfdist/tex/latex/epstopdf-pkg/epstopdf-base.sty
Package: epstopdf-base 2020-01-24 v2.11 Base part for package epstopdf
Package epstopdf-base Info: Redefining graphics rule for `.eps' on input line 4
85.

(/nix/store/l622q5dry1nrr19rvidifnqcxyg8d42p-texlive-combined-full-2022-final-t
exmfdist/tex/latex/latexconfig/epstopdf-sys.cfg
File: epstopdf-sys.cfg 2010/07/13 v1.3 Configuration of (r)epstopdf for TeX Liv
e
))
*geometry* driver: auto-detecting
*geometry* detected driver: pdftex
*geometry* verbose mode - [ preamble ] result:
* driver: pdftex
* paper: custom
* layout: <same size as paper>
* layoutoffset:(h,v)=(0.0pt,0.0pt)
* modes: includehead includefoot twoside heightrounded 
* h-part:(L,W,R)=(46.0pt, 395.8225pt, 46.0pt)
* v-part:(T,H,B)=(58.0pt, 620.7pt, 44.0pt)
* \paperwidth=487.8225pt
* \paperheight=722.7pt
* \textwidth=395.8225pt
* \textheight=574.0pt
* \oddsidemargin=-26.26999pt
* \evensidemargin=-26.26999pt
* \topmargin=-14.26999pt
* \headheight=13.0pt
* \headsep=14.0pt
* \topskip=10.0pt
* \footskip=24.0pt
* \marginparwidth=24.0pt
* \marginparsep=11.0pt
* \columnsep=10.0pt
* \skip\footins=7.0pt plus 11.0pt
* \hoffset=0.0pt
* \voffset=0.0pt
* \mag=1000
* \@twocolumnfalse
* \@twosidetrue
* \@mparswitchtrue
* \@reversemarginfalse
* (1in=72.27pt=25.4mm, 1cm=28.453pt)

\c@mv@tabular=\count377
\c@mv@boldtabular=\count378

(/nix/store/l622q5dry1nrr19rvidifnqcxyg8d42p-texlive-combined-full-2022-final-t
exmfdist/tex/latex/upquote/upquote.sty
Package: upquote 2012/04/19 v1.3 upright-quote and grave-accent glyphs in verba
tim
)
Package caption Info: Begin \AtBeginDocument code.
Package caption Info: float package is loaded.
Package caption Info: longtable package is loaded.

(/nix/store/l622q5dry1nrr19rvidifnqcxyg8d42p-texlive-combined-full-2022-final-t
exmfdist/tex/latex/caption/ltcaption.sty
Package: ltcaption 2021/01/08 v1.4c longtable captions (AR)
)
Package caption Info: threeparttable package is loaded.
Package caption Info: wrapfig package is loaded.
Package caption Info: End \AtBeginDocument code.
LaTeX Font Info:    Trying to load font information for T1+LinuxBiolinumT-TLF o
n input line 281.

(/nix/store/l622q5dry1nrr19rvidifnqcxyg8d42p-texlive-combined-full-2022-final-t
exmfdist/tex/latex/libertine/T1LinuxBiolinumT-TLF.fd
File: T1LinuxBiolinumT-TLF.fd 2017/03/20 (autoinst) Font definitions for T1/Lin
uxBiolinumT-TLF.
)
LaTeX Font Info:    Font shape `T1/LinuxBiolinumT-TLF/m/n' will be
(Font)              scaled to size 10.0pt on input line 281.
Package microtype Info: Loading generic protrusion settings for font family
(microtype)             `LinuxBiolinumT-TLF' (encoding: T1).
(microtype)             For optimal results, create family-specific settings.
(microtype)             See the microtype manual for details.
LaTeX Font Info:    Font shape `T1/LinuxBiolinumT-TLF/b/n' will be
(Font)              scaled to size 10.0pt on input line 281.
Package microtype Info: Loading generic protrusion settings for font family
(microtype)             `zi4' (encoding: T1).
(microtype)             For optimal results, create family-specific settings.
(microtype)             See the microtype manual for details.
LaTeX Font Info:    Font shape `T1/LinuxLibertineT-TLF/b/n' will be
(Font)              scaled to size 10.0pt on input line 296.
LaTeX Font Info:    Font shape `OT1/LinuxLibertineT-TLF/m/n' will be
(Font)              scaled to size 10.0pt on input line 299.
Package microtype Info: Loading generic protrusion settings for font family
(microtype)             `LinuxLibertineT-TLF' (encoding: OT1).
(microtype)             For optimal results, create family-specific settings.
(microtype)             See the microtype manual for details.
LaTeX Font Info:    Font shape `OT1/LinuxLibertineT-TLF/m/n' will be
(Font)              scaled to size 7.3pt on input line 299.

(/nix/store/l622q5dry1nrr19rvidifnqcxyg8d42p-texlive-combined-full-2022-final-t
exmfdist/tex/latex/microtype/mt-msa.cfg
File: mt-msa.cfg 2006/02/04 v1.1 microtype config. file: AMS symbols (a) (RS)
)
(/nix/store/l622q5dry1nrr19rvidifnqcxyg8d42p-texlive-combined-full-2022-final-t
exmfdist/tex/latex/microtype/mt-msb.cfg
File: mt-msb.cfg 2005/06/01 v1.0 microtype config. file: AMS symbols (b) (RS)
)
Package microtype Info: Fixing zero \fontdimen 6 for font `U/MnSymbolA/m/n/10'
(microtype)             (new value: 10.0pt) on input line 299.
Package microtype Info: Fixing zero \fontdimen 6 for font `U/MnSymbolA/m/n/7.3'

(microtype)             (new value: 7.3pt) on input line 299.
Package microtype Info: Fixing zero \fontdimen 6 for font `U/MnSymbolA/m/n/5.5'

(microtype)             (new value: 5.5pt) on input line 299.
LaTeX Font Info:    Font shape `T1/LinuxBiolinumT-TLF/m/n' will be
(Font)              scaled to size 9.0pt on input line 303.


Class acmart Warning: A possible image without description on input line 306.

LaTeX Font Info:    Font shape `T1/LinuxLibertineT-TLF/m/n' will be
(Font)              scaled to size 9.0pt on input line 321.
LaTeX Font Info:    Font shape `T1/LinuxLibertineT-TLF/b/n' will be
(Font)              scaled to size 9.0pt on input line 323.
LaTeX Font Info:    Font shape `T1/LinuxBiolinumT-TLF/b/n' will be
(Font)              scaled to size 9.0pt on input line 323.
LaTeX Font Info:    Font shape `OT1/LinuxLibertineT-TLF/m/n' will be
(Font)              scaled to size 9.0pt on input line 325.
Package microtype Info: Fixing zero \fontdimen 6 for font `U/MnSymbolA/m/n/9'
(microtype)             (new value: 9.0pt) on input line 325.
LaTeX Font Info:    Font shape `OT1/LinuxLibertineT-TLF/m/it' will be
(Font)              scaled to size 9.0pt on input line 326.
LaTeX Font Info:    Font shape `OT1/LinuxLibertineT-TLF/m/it' will be
(Font)              scaled to size 7.3pt on input line 326.
LaTeX Font Info:    Font shape `OT1/LinuxLibertineT-TLF/m/it' will be
(Font)              scaled to size 5.5pt on input line 326.
LaTeX Font Info:    Font shape `T1/LinuxLibertineT-TLF/m/n' will be
(Font)              scaled to size 7.3pt on input line 330.
LaTeX Font Info:    Font shape `T1/LinuxLibertineT-TLF/m/n' will be
(Font)              scaled to size 5.5pt on input line 330.
LaTeX Font Info:    Font shape `T1/LinuxLibertineT-TLF/m/it' will be
(Font)              scaled to size 9.0pt on input line 332.

Overfull \hbox (28.14146pt too wide) in paragraph at lines 324--352
[]  
 []


Class acmart Warning: A possible image without description on input line 362.


Overfull \hbox (67.46237pt too wide) in paragraph at lines 380--406
[]  
 []


Class acmart Warning: A possible image without description on input line 416.

LaTeX Font Info:    Font shape `T1/LinuxLibertineT-TLF/m/n' will be
(Font)              scaled to size 7.0pt on input line 416.
[1.1{/nix/store/459zpp1liivgyqyd6jjgyd0bi67l1xqf-texlive-combined-full-2022-fin
al/share/texmf-var/fonts/map/pdftex/updmap/pdftex.map}]

Class acmart Warning: A possible image without description on input line 480.


LaTeX Warning: `h' float specifier changed to `ht'.

LaTeX Font Info:    Font shape `T1/LinuxBiolinumT-TLF/m/n' will be
(Font)              scaled to size 8.0pt on input line 483.
[2.2] (./effekt.bbl

Package natbib Warning: Empty `thebibliography' environment on input line 40.

)

Class acmart Warning: Some images may lack descriptions.


Class acmart Warning: CCS concepts are mandatory for papers over two pages.


Class acmart Warning: Authors' addresses are mandatory for ACM journals.


(/nix/store/l622q5dry1nrr19rvidifnqcxyg8d42p-texlive-combined-full-2022-final-t
exmfdist/tex/generic/stringenc/se-pdfdoc.def
File: se-pdfdoc.def 2019/11/29 v1.12 stringenc: PDFDocEncoding
)
(/nix/store/l622q5dry1nrr19rvidifnqcxyg8d42p-texlive-combined-full-2022-final-t
exmfdist/tex/generic/stringenc/se-utf8.def
File: se-utf8.def 2019/11/29 v1.12 stringenc: UTF-8
) [3.3] (./effekt.aux)
Package rerunfilecheck Info: File `effekt.out' has not changed.
(rerunfilecheck)             Checksum: C6322D17793D5D29EE8806909DB56D82;448.
 ) 
Here is how much of TeX's memory you used:
 37072 strings out of 476024
 734590 string characters out of 5764067
 1962388 words of memory out of 5000000
 56436 multiletter control sequences out of 15000+600000
 648748 words of font info for 227 fonts, out of 8000000 for 9000
 1302 hyphenation exceptions out of 8191
 85i,26n,131p,1003b,830s stack positions out of 10000i,1000n,20000p,200000b,200000s
{/nix/store/l622q5dry1nrr19rvidifnqcxyg8d42p-texlive-combined-full-2022-final
-texmfdist/fonts/enc/dvips/libertine/lbtn_7grukw.enc}{/nix/store/l622q5dry1nrr1
9rvidifnqcxyg8d42p-texlive-combined-full-2022-final-texmfdist/fonts/enc/dvips/m
nsymbol/MnSymbolA.enc}{/nix/store/l622q5dry1nrr19rvidifnqcxyg8d42p-texlive-comb
ined-full-2022-final-texmfdist/fonts/enc/dvips/libertine/lbtn_oexx6f.enc}{/nix/
store/l622q5dry1nrr19rvidifnqcxyg8d42p-texlive-combined-full-2022-final-texmfdi
st/fonts/enc/dvips/libertine/lbtn_kijugd.enc}{/nix/store/l622q5dry1nrr19rvidifn
qcxyg8d42p-texlive-combined-full-2022-final-texmfdist/fonts/enc/dvips/libertine
/lbtn_25tcsq.enc}{/nix/store/l622q5dry1nrr19rvidifnqcxyg8d42p-texlive-combined-
full-2022-final-texmfdist/fonts/enc/dvips/libertine/lbtn_nh77jq.enc}{/nix/store
/l622q5dry1nrr19rvidifnqcxyg8d42p-texlive-combined-full-2022-final-texmfdist/fo
nts/enc/dvips/inconsolata/i4-t1-4.enc}{/nix/store/l622q5dry1nrr19rvidifnqcxyg8d
42p-texlive-combined-full-2022-final-texmfdist/fonts/enc/dvips/libertine/lbtn_7
6gpa5.enc}</nix/store/l622q5dry1nrr19rvidifnqcxyg8d42p-texlive-combined-full-20
22-final-texmfdist/fonts/type1/public/inconsolata/Inconsolata-zi4r.pfb></nix/st
ore/l622q5dry1nrr19rvidifnqcxyg8d42p-texlive-combined-full-2022-final-texmfdist
/fonts/type1/public/newtx/LibertineMathMI.pfb></nix/store/l622q5dry1nrr19rvidif
nqcxyg8d42p-texlive-combined-full-2022-final-texmfdist/fonts/type1/public/newtx
/LibertineMathRM.pfb></nix/store/l622q5dry1nrr19rvidifnqcxyg8d42p-texlive-combi
ned-full-2022-final-texmfdist/fonts/type1/public/libertine/LinBiolinumT.pfb></n
ix/store/l622q5dry1nrr19rvidifnqcxyg8d42p-texlive-combined-full-2022-final-texm
fdist/fonts/type1/public/libertine/LinBiolinumTB.pfb></nix/store/l622q5dry1nrr1
9rvidifnqcxyg8d42p-texlive-combined-full-2022-final-texmfdist/fonts/type1/publi
c/libertine/LinLibertineT.pfb></nix/store/l622q5dry1nrr19rvidifnqcxyg8d42p-texl
ive-combined-full-2022-final-texmfdist/fonts/type1/public/libertine/LinLibertin
eTB.pfb></nix/store/l622q5dry1nrr19rvidifnqcxyg8d42p-texlive-combined-full-2022
-final-texmfdist/fonts/type1/public/libertine/LinLibertineTI.pfb></nix/store/l6
22q5dry1nrr19rvidifnqcxyg8d42p-texlive-combined-full-2022-final-texmfdist/fonts
/type1/public/mnsymbol/MnSymbol9.pfb></nix/store/l622q5dry1nrr19rvidifnqcxyg8d4
2p-texlive-combined-full-2022-final-texmfdist/fonts/type1/public/newtx/txmiaX.p
fb></nix/store/l622q5dry1nrr19rvidifnqcxyg8d42p-texlive-combined-full-2022-fina
l-texmfdist/fonts/type1/public/newtx/txsys.pfb>
Output written on effekt.pdf (3 pages, 396085 bytes).
PDF statistics:
 125 PDF objects out of 1000 (max. 8388607)
 92 compressed objects within 1 object stream
 14 named destinations out of 1000 (max. 500000)
 76357 words of extra memory for PDF output out of 89155 (max. 10000000)

