[a2c22d] {jit-log-opt-loop
# Loop 1 (217<main.rpyeffect:209([mcore:[#30]#533])>+0: {"op": "Push", "target": 216, "args": {"num": [0, 1], "ptr": []}}) : loop with 331 ops
[p0, p1, p2, p3, p4]
+520: p5 = getfield_gc_r(p2, descr=<FieldP rpyeffect.environment.Environment.inst_values_num 16>)
+528: i7 = getarrayitem_gc_i(p5, 0, descr=<ArrayS 8>)
+532: i9 = getarrayitem_gc_i(p5, 1, descr=<ArrayS 8>)
+536: i11 = getarrayitem_gc_i(p5, 2, descr=<ArrayS 8>)
+540: i13 = getarrayitem_gc_i(p5, 3, descr=<ArrayS 8>)
+544: i15 = getarrayitem_gc_i(p5, 4, descr=<ArrayS 8>)
+548: i17 = getarrayitem_gc_i(p5, 5, descr=<ArrayS 8>)
+552: i19 = getarrayitem_gc_i(p5, 6, descr=<ArrayS 8>)
+556: i21 = getarrayitem_gc_i(p5, 7, descr=<ArrayS 8>)
+560: i23 = getarrayitem_gc_i(p5, 8, descr=<ArrayS 8>)
+564: i25 = getarrayitem_gc_i(p5, 9, descr=<ArrayS 8>)
+568: i27 = getarrayitem_gc_i(p5, 10, descr=<ArrayS 8>)
+572: i29 = getarrayitem_gc_i(p5, 11, descr=<ArrayS 8>)
+576: i31 = getarrayitem_gc_i(p5, 12, descr=<ArrayS 8>)
+580: i33 = getarrayitem_gc_i(p5, 13, descr=<ArrayS 8>)
+584: i35 = getarrayitem_gc_i(p5, 14, descr=<ArrayS 8>)
+592: i37 = getarrayitem_gc_i(p5, 15, descr=<ArrayS 8>)
+596: p38 = getfield_gc_r(p2, descr=<FieldP rpyeffect.environment.Environment.inst_values_ptr 24>)
+600: p40 = getarrayitem_gc_r(p38, 0, descr=<ArrayP 8>)
+608: p42 = getarrayitem_gc_r(p38, 1, descr=<ArrayP 8>)
+616: p44 = getarrayitem_gc_r(p38, 2, descr=<ArrayP 8>)
+624: p46 = getarrayitem_gc_r(p38, 3, descr=<ArrayP 8>)
+632: p48 = getarrayitem_gc_r(p38, 4, descr=<ArrayP 8>)
+640: p50 = getarrayitem_gc_r(p38, 5, descr=<ArrayP 8>)
+648: p52 = getarrayitem_gc_r(p38, 6, descr=<ArrayP 8>)
+656: p54 = getarrayitem_gc_r(p38, 7, descr=<ArrayP 8>)
+664: p56 = getarrayitem_gc_r(p38, 8, descr=<ArrayP 8>)
+672: p58 = getarrayitem_gc_r(p38, 9, descr=<ArrayP 8>)
+680: p60 = getarrayitem_gc_r(p38, 10, descr=<ArrayP 8>)
+688: p62 = getarrayitem_gc_r(p38, 11, descr=<ArrayP 8>)
+696: p64 = getarrayitem_gc_r(p38, 12, descr=<ArrayP 8>)
+704: p66 = getarrayitem_gc_r(p38, 13, descr=<ArrayP 8>)
+712: p68 = getarrayitem_gc_r(p38, 14, descr=<ArrayP 8>)
+720: p70 = getarrayitem_gc_r(p38, 15, descr=<ArrayP 8>)
+724: label(p0, p1, p2, p3, p4, i7, i9, i11, i13, i15, i17, i19, i21, i23, i25, i27, i29, i31, i33, i35, i37, p40, p42, p44, p46, p48, p50, p52, p54, p56, p58, p60, p62, p64, p66, p68, p70, descr=TargetToken(5371517056))
debug_merge_point(0, 0, '217<main.rpyeffect:209([mcore:[#30]#533])>+0: {"op": "Push". "target": 216. "args": {"num": [0. 1]. "ptr": []}}')
+780: guard_not_invalidated(descr=<Guard0x1402d6338>) [p2, i7, i9, i11, i13, i15, i17, i19, i21, i23, i25, i27, i29, i31, i33, i35, i37, p40, p42, p44, p46, p48, p50, p52, p54, p56, p58, p60, p62, p64, p66, p68, p70, p0, p1, p3, p4]
debug_merge_point(0, 0, '217<main.rpyeffect:209([mcore:[#30]#533])>+1: {"op": "Copy". "type": "num". "from": 1. "to". 0}')
debug_merge_point(0, 0, '217<main.rpyeffect:209([mcore:[#30]#533])>+2: {"op": "Jump". "target": 37}')
debug_merge_point(0, 0, '37<main.rpyeffect:29(Name(>_2))>+0: {"op": "New". "out": 0. "targets": [30. 32. 34. 36]. "args": {"num": [0]. "ptr": []}}')
debug_merge_point(0, 0, '37<main.rpyeffect:29(Name(>_2))>+1: {"op": "Return". "args": {"num": []. "ptr": [0]}}')
debug_merge_point(0, 0, '216<main.rpyeffect:208([k@[mcore:[#30]#533]#535])>+0: {"op": "Push". "target": 215. "args": {"num": [0. 1]. "ptr": []}}')
debug_merge_point(0, 0, '216<main.rpyeffect:208([k@[mcore:[#30]#533]#535])>+1: {"op": "Invoke". "receiver": 0. "tag": Interned(%apply(n):n). "args" : {"num": [0]. "ptr": []}}')
debug_merge_point(0, 0, '30<main.rpyeffect:22([method_%apply(n):n@Name(>_2)#67])>+0: {"op": "Jump". "target": 28}')
debug_merge_point(0, 0, '28<main.rpyeffect:20([mcore:[#11]#63])>+0: {"op": "PrimOp". "name": "infixGt(Int. Int): Boolean". "out": {"num": [0]. "ptr": []}. "in": {"num": [1. 0]. "ptr": []}}')
+784: i71 = int_gt(i9, i7)
guard_false(i71, descr=<Guard0x1402b5260>) [p2, i7, i9, i11, i13, i15, i17, i19, i21, i23, i25, i27, i29, i31, i33, i35, i37, p40, p42, p44, p46, p48, p50, p52, p54, p56, p58, p60, p62, p64, p66, p68, p70, p0, p1, p3, p4]
debug_merge_point(0, 0, '28<main.rpyeffect:20([mcore:[#11]#63])>+1: {"op": "Return". "args": {"num": [0]. "ptr": []}}')
debug_merge_point(0, 0, '215<main.rpyeffect:207([k@[k@[mcore:[#30]#533]#535]#537])>+0: {"op": "Switch". "scrutinee": 0. "values": [1]. "targets": [207]. "default": 214}')
+792: guard_nonnull(p1, descr=<Guard0x1402b52a0>) [p2, i7, i9, i11, i13, i15, i17, i19, i21, i23, i25, i27, i29, i31, i33, i35, i37, p40, p42, p44, p46, p48, p50, p52, p54, p56, p58, p60, p62, p64, p66, p68, p70, p0, p1, p3, p4]
+804: i72 = getfield_gc_i(p1, descr=<FieldS rpyeffect.stored_environment.Stack__arb_arb.inst_target 16 pure>)
+812: guard_value(i72, 306, descr=<Guard0x1402b52e0>) [p2, i7, i9, i11, i13, i15, i17, i19, i21, i23, i25, i27, i29, i31, i33, i35, i37, p40, p42, p44, p46, p48, p50, p52, p54, p56, p58, p60, p62, p64, p66, p68, p70, p0, p1, p3, p4]
debug_merge_point(0, 0, '214<main.rpyeffect:206([switch default case#540])>+0: {"op": "Swap". "type": "num". "a": 2. "b". 0}')
debug_merge_point(0, 0, '214<main.rpyeffect:206([switch default case#540])>+1: {"op": "Swap". "type": "num". "a": 1. "b". 0}')
debug_merge_point(0, 0, '214<main.rpyeffect:206([switch default case#540])>+2: {"op": "Switch". "scrutinee": 2. "values": [0]. "targets": [212]. "default": 213}')
debug_merge_point(0, 0, '212<main.rpyeffect:204([switch case for 0#541])>+0: {"op": "Const". "type": "num". "out": 2. "value": 0}')
debug_merge_point(0, 0, '212<main.rpyeffect:204([switch case for 0#541])>+1: {"op": "Const". "type": "ptr". "out": 0. "format": "string". "value": "Name(Emit_0)"}')
debug_merge_point(0, 0, '212<main.rpyeffect:204([switch case for 0#541])>+2: {"op": "PrimOp". "name": "getGlobal(String): Ptr". "out": {"num": []. "ptr": [0]}. "in": {"num": []. "ptr": [0]}}')
debug_merge_point(0, 0, '212<main.rpyeffect:204([switch case for 0#541])>+3: {"op": "GetDynamic". "out": 0. "n": 2. "label": 0}')
+824: guard_nonnull(p4, descr=<Guard0x1402b5320>) [p2, i7, i9, i11, i13, i15, i17, i19, i21, i23, i25, i27, i29, i31, i33, i35, i37, p40, p42, p44, p46, p48, p50, p52, p54, p56, p58, p60, p62, p64, p66, p68, p70, p0, p1, p3, p4]
+836: i74 = getfield_gc_i(p0, descr=<FieldS rpyeffect.stack.Label.inst_origin 8 pure>)
+844: i76 = int_ne(i74, 327711)
guard_false(i76, descr=<Guard0x1402b5360>) [p2, i7, i9, i11, i13, i15, i17, i19, i21, i23, i25, i27, i29, i31, i33, i35, i37, p40, p42, p44, p46, p48, p50, p52, p54, p56, p58, p60, p62, p64, p66, p68, p70, p0, p1, p3, p4]
+864: i78 = instance_ptr_eq(p0, ConstPtr(ptr77))
guard_true(i78, descr=<Guard0x1402b53a0>) [p2, i7, i9, i11, i13, i15, i17, i19, i21, i23, i25, i27, i29, i31, i33, i35, i37, p40, p42, p44, p46, p48, p50, p52, p54, p56, p58, p60, p62, p64, p66, p68, p70, p0, p1, p3, p4]
debug_merge_point(0, 0, '212<main.rpyeffect:204([switch case for 0#541])>+4: {"op": "Push". "target": 211. "args": {"num": [0. 1]. "ptr": []}}')
debug_merge_point(0, 0, '212<main.rpyeffect:204([switch case for 0#541])>+5: {"op": "Copy". "type": "num". "from": 1. "to". 0}')
debug_merge_point(0, 0, '212<main.rpyeffect:204([switch case for 0#541])>+6: {"op": "Invoke". "receiver": 0. "tag": Interned(%Emit_0(n):p). "args" : {"num": [0]. "ptr": []}}')
+872: p79 = getfield_gc_r(p4, descr=<FieldP rpyeffect.stored_environment.CoData__arb_arb.inst_vtable 24 pure>)
+884: guard_value(p79, ConstPtr(ptr80), descr=<Guard0x140302460>) [p2, i7, i9, i11, i13, i15, i17, i19, i21, i23, i25, i27, i29, i31, i33, i35, i37, p40, p42, p44, p46, p48, p50, p52, p54, p56, p58, p60, p62, p64, p66, p68, p70, p0, p1, p3, p4]
debug_merge_point(0, 0, '296<main.rpyeffect:288([method_%Emit_0(n):p@[mcore:[#46]#810]#812])>+0: {"op": "Const". "type": "num". "out": 1. "value": 0}')
debug_merge_point(0, 0, '296<main.rpyeffect:288([method_%Emit_0(n):p@[mcore:[#46]#810]#812])>+1: {"op": "Const". "type": "ptr". "out": 0. "format": "string". "value": "Name(Emit_0)"}')
debug_merge_point(0, 0, '296<main.rpyeffect:288([method_%Emit_0(n):p@[mcore:[#46]#810]#812])>+2: {"op": "PrimOp". "name": "getGlobal(String): Ptr". "out": {"num": []. "ptr": [0]}. "in": {"num": []. "ptr": [0]}}')
debug_merge_point(0, 0, '296<main.rpyeffect:288([method_%Emit_0(n):p@[mcore:[#46]#810]#812])>+3: {"op": "ShiftDyn". "out": 0. "n": 1. "label": 0}')
+892: guard_nonnull_class(p3, ConstClass(MetaStackWithBinding), descr=<Guard0x1402d6498>) [p2, i7, i9, i11, i13, i15, i17, i19, i21, i23, i25, i27, i29, i31, i33, i35, i37, p40, p42, p44, p46, p48, p50, p52, p54, p56, p58, p60, p62, p64, p66, p68, p70, p0, p1, p3, p4]
+920: p82 = getfield_gc_r(p3, descr=<FieldP rpyeffect.stack.MetaStackLike.inst_stack 8 pure>)
+924: p83 = getfield_gc_r(p3, descr=<FieldP rpyeffect.stack.MetaStack.inst_label 16 pure>)
+928: p84 = getfield_gc_r(p3, descr=<FieldP rpyeffect.stack.MetaStackWithBinding.inst_binding 40 pure>)
+932: p85 = getfield_gc_r(p3, descr=<FieldP rpyeffect.stack.MetaStack.inst_tail 32 pure>)
+936: guard_nonnull(p82, descr=<Guard0x140302420>) [p2, i7, i9, i11, i13, i15, i17, i19, i21, i23, i25, i27, i29, i31, i33, i35, i37, p40, p42, p44, p46, p48, p50, p52, p54, p56, p58, p60, p62, p64, p66, p68, p70, p0, p1, p3, p4]
+944: i86 = getfield_gc_i(p82, descr=<FieldS rpyeffect.stored_environment.Stack__arb_arb.inst_target 16 pure>)
+948: guard_value(i86, 288, descr=<Guard0x1403023e0>) [p2, i7, i9, i11, i13, i15, i17, i19, i21, i23, i25, i27, i29, i31, i33, i35, i37, p40, p42, p44, p46, p48, p50, p52, p54, p56, p58, p60, p62, p64, p66, p68, p70, p0, p1, p3, p4]
debug_merge_point(0, 0, '296<main.rpyeffect:288([method_%Emit_0(n):p@[mcore:[#46]#810]#812])>+4: {"op": "Const". "type": "num". "out": 1. "value": 0}')
debug_merge_point(0, 0, '296<main.rpyeffect:288([method_%Emit_0(n):p@[mcore:[#46]#810]#812])>+5: {"op": "Const". "type": "ptr". "out": 1. "format": "string". "value": "Name(Get_1)"}')
debug_merge_point(0, 0, '296<main.rpyeffect:288([method_%Emit_0(n):p@[mcore:[#46]#810]#812])>+6: {"op": "PrimOp". "name": "getGlobal(String): Ptr". "out": {"num": []. "ptr": [1]}. "in": {"num": []. "ptr": [1]}}')
debug_merge_point(0, 0, '296<main.rpyeffect:288([method_%Emit_0(n):p@[mcore:[#46]#810]#812])>+7: {"op": "GetDynamic". "out": 1. "n": 1. "label": 1}')
+960: guard_nonnull(p84, descr=<Guard0x1403023a0>) [p2, i7, i9, i11, i13, i15, i17, i19, i21, i23, i25, i27, i29, i31, i33, i35, i37, p40, p42, p44, p46, p48, p50, p52, p54, p56, p58, p60, p62, p64, p66, p68, p70, p0, p1, p3, p4]
+968: i88 = getfield_gc_i(p83, descr=<FieldS rpyeffect.stack.Label.inst_origin 8 pure>)
+972: i90 = int_ne(i88, 327716)
guard_true(i90, descr=<Guard0x140302360>) [p2, i7, i9, i11, i13, i15, i17, i19, i21, i23, i25, i27, i29, i31, i33, i35, i37, p40, p42, p44, p46, p48, p50, p52, p54, p56, p58, p60, p62, p64, p66, p68, p70, p0, p1, p3, p4]
+992: i92 = instance_ptr_eq(p83, ConstPtr(ptr91))
guard_false(i92, descr=<Guard0x140302320>) [p2, i7, i9, i11, i13, i15, i17, i19, i21, i23, i25, i27, i29, i31, i33, i35, i37, p40, p42, p44, p46, p48, p50, p52, p54, p56, p58, p60, p62, p64, p66, p68, p70, p0, p1, p3, p4]
+1000: guard_nonnull_class(p85, ConstClass(MetaStackWithBinding), descr=<Guard0x1402d6440>) [p2, i7, i9, i11, i13, i15, i17, i19, i21, i23, i25, i27, i29, i31, i33, i35, i37, p40, p42, p44, p46, p48, p50, p52, p54, p56, p58, p60, p62, p64, p66, p68, p70, p0, p1, p3, p4]
+1024: p94 = getfield_gc_r(p85, descr=<FieldP rpyeffect.stack.MetaStack.inst_label 16 pure>)
+1028: i95 = getfield_gc_i(p94, descr=<FieldS rpyeffect.stack.Label.inst_origin 8 pure>)
+1032: i97 = int_ne(i95, 327716)
guard_false(i97, descr=<Guard0x1403022e0>) [p2, i7, i9, i11, i13, i15, i17, i19, i21, i23, i25, i27, i29, i31, i33, i35, i37, p40, p42, p44, p46, p48, p50, p52, p54, p56, p58, p60, p62, p64, p66, p68, p70, p0, p1, p3, p4]
+1048: i99 = instance_ptr_eq(p94, ConstPtr(ptr98))
guard_true(i99, descr=<Guard0x1403022a0>) [p2, i7, i9, i11, i13, i15, i17, i19, i21, i23, i25, i27, i29, i31, i33, i35, i37, p40, p42, p44, p46, p48, p50, p52, p54, p56, p58, p60, p62, p64, p66, p68, p70, p0, p1, p3, p4]
+1056: p100 = getfield_gc_r(p85, descr=<FieldP rpyeffect.stack.MetaStackWithBinding.inst_binding 40 pure>)
debug_merge_point(0, 0, '296<main.rpyeffect:288([method_%Emit_0(n):p@[mcore:[#46]#810]#812])>+8: {"op": "Construct". "out": 2. "type": Interned({"op": "eff$Tuple". "elements": []}). "tag": Interned({"op": "eff$Tuple". "elements": []}). "args": {"num": []. "ptr": []}}')
debug_merge_point(0, 0, '296<main.rpyeffect:288([method_%Emit_0(n):p@[mcore:[#46]#810]#812])>+9: {"op": "Push". "target": 295. "args": {"num": [0]. "ptr": [0]}}')
debug_merge_point(0, 0, '296<main.rpyeffect:288([method_%Emit_0(n):p@[mcore:[#46]#810]#812])>+10: {"op": "Copy". "type": "ptr". "from": 2. "to". 0}')
debug_merge_point(0, 0, '296<main.rpyeffect:288([method_%Emit_0(n):p@[mcore:[#46]#810]#812])>+11: {"op": "Invoke". "receiver": 1. "tag": Interned(%Get_1(p):n). "args" : {"num": []. "ptr": [0]}}')
+1060: p101 = getfield_gc_r(p100, descr=<FieldP rpyeffect.stored_environment.CoData__arb_arb.inst_vtable 24 pure>)
+1068: guard_value(p101, ConstPtr(ptr102), descr=<Guard0x140302260>) [p2, i7, i9, i11, i13, i15, i17, i19, i21, i23, i25, i27, i29, i31, i33, i35, i37, p40, p42, p44, p46, p48, p50, p52, p54, p56, p58, p60, p62, p64, p66, p68, p70, p0, p1, p3, p4]
+1076: p103 = getfield_gc_r(p100, descr=<FieldP rpyeffect.stored_environment.CoData__0_1.inst_values_ptr_0 32 pure>)
debug_merge_point(0, 0, '254<main.rpyeffect:246([method_%Get_1(p):n@[mcore:[#39]#608]#642])>+0: {"op": "Const". "type": "num". "out": 0. "value": 0}')
debug_merge_point(0, 0, '254<main.rpyeffect:246([method_%Get_1(p):n@[mcore:[#39]#608]#642])>+1: {"op": "ShiftDyn". "out": 1. "n": 0. "label": 1}')
+1080: i104 = getfield_gc_i(p103, descr=<FieldS rpyeffect.stack.Label.inst_origin 8 pure>)
+1084: i105 = int_ne(i88, i104)
guard_true(i105, descr=<Guard0x140302220>) [p2, i7, i9, i11, i13, i15, i17, i19, i21, i23, i25, i27, i29, i31, i33, i35, i37, p40, p42, p44, p46, p48, p50, p52, p54, p56, p58, p60, p62, p64, p66, p68, p70, p0, p1, p3, p4]
+1092: p106 = getfield_gc_r(p85, descr=<FieldP rpyeffect.stack.MetaStack.inst_region 24 pure>)
+1096: guard_isnull(p106, descr=<Guard0x1403021e0>) [p2, i7, i9, i11, i13, i15, i17, i19, i21, i23, i25, i27, i29, i31, i33, i35, i37, p40, p42, p44, p46, p48, p50, p52, p54, p56, p58, p60, p62, p64, p66, p68, p70, p0, p1, p3, p4]
+1104: i108 = int_ne(327716, i104)
guard_true(i108, descr=<Guard0x1403021a0>) [p2, i7, i9, i11, i13, i15, i17, i19, i21, i23, i25, i27, i29, i31, i33, i35, i37, p40, p42, p44, p46, p48, p50, p52, p54, p56, p58, p60, p62, p64, p66, p68, p70, p0, p1, p3, p4]
+1120: p109 = getfield_gc_r(p85, descr=<FieldP rpyeffect.stack.MetaStack.inst_tail 32 pure>)
+1124: p110 = getfield_gc_r(p109, descr=<FieldP rpyeffect.stack.MetaStack.inst_region 24 pure>)
+1128: guard_isnull(p110, descr=<Guard0x140302160>) [p2, i7, i9, i11, i13, i15, i17, i19, i21, i23, i25, i27, i29, i31, i33, i35, i37, p40, p42, p44, p46, p48, p50, p52, p54, p56, p58, p60, p62, p64, p66, p68, p70, p0, p1, p3, p4]
+1136: p111 = getfield_gc_r(p109, descr=<FieldP rpyeffect.stack.MetaStack.inst_label 16 pure>)
+1140: i112 = getfield_gc_i(p111, descr=<FieldS rpyeffect.stack.Label.inst_origin 8 pure>)
+1144: i113 = int_ne(i112, i104)
guard_false(i113, descr=<Guard0x140302120>) [p2, i7, i9, i11, i13, i15, i17, i19, i21, i23, i25, i27, i29, i31, i33, i35, i37, p40, p42, p44, p46, p48, p50, p52, p54, p56, p58, p60, p62, p64, p66, p68, p70, p0, p1, p3, p4]
+1152: i114 = instance_ptr_eq(p111, p103)
guard_true(i114, descr=<Guard0x1403020e0>) [p2, i7, i9, i11, i13, i15, i17, i19, i21, i23, i25, i27, i29, i31, i33, i35, i37, p40, p42, p44, p46, p48, p50, p52, p54, p56, p58, p60, p62, p64, p66, p68, p70, p0, p1, p3, p4]
+1160: p115 = getfield_gc_r(p109, descr=<FieldP rpyeffect.stack.MetaStackLike.inst_stack 8 pure>)
+1164: guard_class(p109, 4372033224, descr=<Guard0x1403020a0>) [p2, i7, i9, i11, i13, i15, i17, i19, i21, i23, i25, i27, i29, i31, i33, i35, i37, p40, p42, p44, p46, p48, p50, p52, p54, p56, p58, p60, p62, p64, p66, p68, p70, p0, p1, p3, p4]
+1180: p117 = getfield_gc_r(p109, descr=<FieldP rpyeffect.stack.MetaStack.inst_tail 32 pure>)
+1184: p118 = getfield_gc_r(p85, descr=<FieldP rpyeffect.stack.MetaStackLike.inst_stack 8 pure>)
+1188: guard_nonnull_class(p117, 4372033224, descr=<Guard0x1402d63e8>) [p2, i7, i9, i11, i13, i15, i17, i19, i21, i23, i25, i27, i29, i31, i33, i35, i37, p40, p42, p44, p46, p48, p50, p52, p54, p56, p58, p60, p62, p64, p66, p68, p70, p0, p1, p3, p4]
+1212: p120 = getfield_gc_r(p117, descr=<FieldP rpyeffect.stack.MetaStackLike.inst_stack 8 pure>)
+1220: p121 = getfield_gc_r(p117, descr=<FieldP rpyeffect.stack.MetaStack.inst_label 16 pure>)
+1228: p122 = getfield_gc_r(p117, descr=<FieldP rpyeffect.stack.MetaStack.inst_tail 32 pure>)
+1232: guard_nonnull(p120, descr=<Guard0x140302060>) [p2, i7, i9, i11, i13, i15, i17, i19, i21, i23, i25, i27, i29, i31, i33, i35, i37, p40, p42, p44, p46, p48, p50, p52, p54, p56, p58, p60, p62, p64, p66, p68, p70, p0, p1, p3, p4]
+1240: i123 = getfield_gc_i(p120, descr=<FieldS rpyeffect.stored_environment.Stack__arb_arb.inst_target 16 pure>)
+1248: guard_value(i123, 231, descr=<Guard0x140302020>) [p2, i7, i9, i11, i13, i15, i17, i19, i21, i23, i25, i27, i29, i31, i33, i35, i37, p40, p42, p44, p46, p48, p50, p52, p54, p56, p58, p60, p62, p64, p66, p68, p70, p0, p1, p3, p4]
debug_merge_point(0, 0, '254<main.rpyeffect:246([method_%Get_1(p):n@[mcore:[#39]#608]#642])>+2: {"op": "Swap". "type": "ptr". "a": 0. "b". 1}')
debug_merge_point(0, 0, '254<main.rpyeffect:246([method_%Get_1(p):n@[mcore:[#39]#608]#642])>+3: {"op": "Match". "type": Interned({"op": "eff$Tuple". "elements": []}). "scrutinee": 1. "clauses": [{"tag": Interned({"op": "eff$Tuple". "elements": []}). "target": 253. "args": {"num": []. "ptr": []}}]. "default": {"tag": Interned(48550592-4870-48dc-8857-befbf465e002#[Missing Tag#1088]). "target": 244. "args": {"num": []. "ptr": []}}}')
debug_merge_point(0, 0, '253<main.rpyeffect:245([#651])>+0: {"op": "New". "out": 0. "targets": [246. 248. 250. 252]. "args": {"num": []. "ptr": [0]}}')
debug_merge_point(0, 0, '253<main.rpyeffect:245([#651])>+1: {"op": "Return". "args": {"num": []. "ptr": [0]}}')
+1260: i125 = getfield_gc_i(p120, descr=<FieldS rpyeffect.stored_environment.Stack__1_0.inst_values_num_0 40 pure>)
+1264: p126 = getfield_gc_r(p120, descr=<FieldP rpyeffect.stored_environment.Stack__arb_arb.inst_tail 8 pure>)
+1268: guard_nonnull(p126, descr=<Guard0x1402b5fa0>) [p2, i7, i9, i11, i13, i15, i17, i19, i21, i23, i25, i27, i29, i31, i33, i35, i37, p40, p42, p44, p46, p48, p50, p52, p54, p56, p58, p60, p62, p64, p66, p68, p70, p0, p1, p3, p4]
+1276: i127 = getfield_gc_i(p126, descr=<FieldS rpyeffect.stored_environment.Stack__arb_arb.inst_target 16 pure>)
+1284: guard_value(i127, 1, descr=<Guard0x1402b5f60>) [p2, i7, i9, i11, i13, i15, i17, i19, i21, i23, i25, i27, i29, i31, i33, i35, i37, p40, p42, p44, p46, p48, p50, p52, p54, p56, p58, p60, p62, p64, p66, p68, p70, p0, p1, p3, p4]
debug_merge_point(0, 0, '231<main.rpyeffect:223([k@[mcore:[#36]#602]#606])>+0: {"op": "Invoke". "receiver": 0. "tag": Interned(%apply(n):n). "args" : {"num": [0]. "ptr": []}}')
debug_merge_point(0, 0, '246<main.rpyeffect:238([method_%apply(n):n@[#651]#655])>+0: {"op": "Jump". "target": 229}')
debug_merge_point(0, 0, '229<main.rpyeffect:221([mcore:[#32]#599])>+0: {"op": "Push". "target": 228. "args": {"num": [0]. "ptr": []}}')
debug_merge_point(0, 0, '229<main.rpyeffect:221([mcore:[#32]#599])>+1: {"op": "Jump". "target": 227}')
debug_merge_point(0, 0, '227<main.rpyeffect:219(Name(k_72))>+0: {"op": "PushStack". "arg": 0}')
debug_merge_point(0, 0, '227<main.rpyeffect:219(Name(k_72))>+1: {"op": "Return". "args": {"num": [0]. "ptr": []}}')
debug_merge_point(0, 0, '295<main.rpyeffect:287([#830])>+0: {"op": "Push". "target": 294. "args": {"num": [1]. "ptr": [0]}}')
debug_merge_point(0, 0, '295<main.rpyeffect:287([#830])>+1: {"op": "Jump". "target": 143}')
debug_merge_point(0, 0, '143<main.rpyeffect:135(Name(+_27))>+0: {"op": "New". "out": 0. "targets": [136. 138. 140. 142]. "args": {"num": [0]. "ptr": []}}')
debug_merge_point(0, 0, '143<main.rpyeffect:135(Name(+_27))>+1: {"op": "Return". "args": {"num": []. "ptr": [0]}}')
debug_merge_point(0, 0, '294<main.rpyeffect:286([k@[#830]#832])>+0: {"op": "Push". "target": 293. "args": {"num": []. "ptr": [1]}}')
debug_merge_point(0, 0, '294<main.rpyeffect:286([k@[#830]#832])>+1: {"op": "Invoke". "receiver": 0. "tag": Interned(%apply(n):n). "args" : {"num": [0]. "ptr": []}}')
debug_merge_point(0, 0, '136<main.rpyeffect:128([method_%apply(n):n@Name(+_27)#347])>+0: {"op": "Jump". "target": 134}')
debug_merge_point(0, 0, '134<main.rpyeffect:126([mcore:[#20]#343])>+0: {"op": "PrimOp". "name": "infixAdd(Int. Int): Int". "out": {"num": [0]. "ptr": []}. "in": {"num": [1. 0]. "ptr": []}}')
+1296: i129 = int_add(i125, i9)
debug_merge_point(0, 0, '134<main.rpyeffect:126([mcore:[#20]#343])>+1: {"op": "Return". "args": {"num": [0]. "ptr": []}}')
debug_merge_point(0, 0, '293<main.rpyeffect:285([k@[k@[#830]#832]#834])>+0: {"op": "Const". "type": "num". "out": 1. "value": 0}')
debug_merge_point(0, 0, '293<main.rpyeffect:285([k@[k@[#830]#832]#834])>+1: {"op": "Const". "type": "ptr". "out": 1. "format": "string". "value": "Name(Set_2)"}')
debug_merge_point(0, 0, '293<main.rpyeffect:285([k@[k@[#830]#832]#834])>+2: {"op": "PrimOp". "name": "getGlobal(String): Ptr". "out": {"num": []. "ptr": [1]}. "in": {"num": []. "ptr": [1]}}')
debug_merge_point(0, 0, '293<main.rpyeffect:285([k@[k@[#830]#832]#834])>+3: {"op": "GetDynamic". "out": 1. "n": 1. "label": 1}')
+1300: i131 = int_ne(i88, 327721)
guard_false(i131, descr=<Guard0x1402b5f20>) [p2, i7, i9, i11, i13, i15, i17, i19, i21, i23, i25, i27, i29, i31, i33, i35, i37, p40, p42, p44, p46, p48, p50, p52, p54, p56, p58, p60, p62, p64, p66, p68, p70, p0, p1, p3, p4]
+1320: i133 = instance_ptr_eq(p83, ConstPtr(ptr132))
guard_true(i133, descr=<Guard0x1402b5ee0>) [p2, i7, i9, i11, i13, i15, i17, i19, i21, i23, i25, i27, i29, i31, i33, i35, i37, p40, p42, p44, p46, p48, p50, p52, p54, p56, p58, p60, p62, p64, p66, p68, p70, p0, p1, p3, p4]
debug_merge_point(0, 0, '293<main.rpyeffect:285([k@[k@[#830]#832]#834])>+4: {"op": "Push". "target": 292. "args": {"num": []. "ptr": [0]}}')
debug_merge_point(0, 0, '293<main.rpyeffect:285([k@[k@[#830]#832]#834])>+5: {"op": "Invoke". "receiver": 1. "tag": Interned(%Set_2(n):p). "args" : {"num": [0]. "ptr": []}}')
+1328: p134 = getfield_gc_r(p84, descr=<FieldP rpyeffect.stored_environment.CoData__arb_arb.inst_vtable 24 pure>)
+1336: guard_value(p134, ConstPtr(ptr135), descr=<Guard0x1402b5ea0>) [p2, i7, i9, i11, i13, i15, i17, i19, i21, i23, i25, i27, i29, i31, i33, i35, i37, p40, p42, p44, p46, p48, p50, p52, p54, p56, p58, p60, p62, p64, p66, p68, p70, p0, p1, p3, p4]
+1344: p136 = getfield_gc_r(p84, descr=<FieldP rpyeffect.stored_environment.CoData__0_1.inst_values_ptr_0 32 pure>)
debug_merge_point(0, 0, '277<main.rpyeffect:269([method_%Set_2(n):p@[mcore:[#39]#608]#725])>+0: {"op": "Const". "type": "num". "out": 1. "value": 0}')
debug_merge_point(0, 0, '277<main.rpyeffect:269([method_%Set_2(n):p@[mcore:[#39]#608]#725])>+1: {"op": "ShiftDyn". "out": 0. "n": 1. "label": 0}')
+1348: i137 = getfield_gc_i(p136, descr=<FieldS rpyeffect.stack.Label.inst_origin 8 pure>)
+1352: i139 = int_ne(327721, i137)
guard_true(i139, descr=<Guard0x1402b5e60>) [p2, i7, i9, i11, i13, i15, i17, i19, i21, i23, i25, i27, i29, i31, i33, i35, i37, p40, p42, p44, p46, p48, p50, p52, p54, p56, p58, p60, p62, p64, p66, p68, p70, p0, p1, p3, p4]
+1372: i140 = int_ne(327716, i137)
guard_true(i140, descr=<Guard0x1402b5e20>) [p2, i7, i9, i11, i13, i15, i17, i19, i21, i23, i25, i27, i29, i31, i33, i35, i37, p40, p42, p44, p46, p48, p50, p52, p54, p56, p58, p60, p62, p64, p66, p68, p70, p0, p1, p3, p4]
+1388: i141 = int_ne(i112, i137)
guard_false(i141, descr=<Guard0x1402b5de0>) [p2, i7, i9, i11, i13, i15, i17, i19, i21, i23, i25, i27, i29, i31, i33, i35, i37, p40, p42, p44, p46, p48, p50, p52, p54, p56, p58, p60, p62, p64, p66, p68, p70, p0, p1, p3, p4]
+1396: i142 = instance_ptr_eq(p111, p136)
guard_true(i142, descr=<Guard0x1402b5da0>) [p2, i7, i9, i11, i13, i15, i17, i19, i21, i23, i25, i27, i29, i31, i33, i35, i37, p40, p42, p44, p46, p48, p50, p52, p54, p56, p58, p60, p62, p64, p66, p68, p70, p0, p1, p3, p4]
debug_merge_point(0, 0, '277<main.rpyeffect:269([method_%Set_2(n):p@[mcore:[#39]#608]#725])>+2: {"op": "New". "out": 0. "targets": [270. 272. 274. 276]. "args": {"num": [0]. "ptr": [0]}}')
debug_merge_point(0, 0, '277<main.rpyeffect:269([method_%Set_2(n):p@[mcore:[#39]#608]#725])>+3: {"op": "Return". "args": {"num": []. "ptr": [0]}}')
debug_merge_point(0, 0, '228<main.rpyeffect:220([k@[mcore:[#32]#599]#601])>+0: {"op": "Invoke". "receiver": 0. "tag": Interned(%apply(n):n). "args" : {"num": [0]. "ptr": []}}')
debug_merge_point(0, 0, '270<main.rpyeffect:262([#734])>+0: {"op": "Jump". "target": 232}')
debug_merge_point(0, 0, '232<main.rpyeffect:224([mcore:[#36]#602])>+0: {"op": "Construct". "out": 1. "type": Interned({"op": "eff$Tuple". "elements": []}). "tag": Interned({"op": "eff$Tuple". "elements": []}). "args": {"num": []. "ptr": []}}')
debug_merge_point(0, 0, '232<main.rpyeffect:224([mcore:[#36]#602])>+1: {"op": "Push". "target": 231. "args": {"num": [1]. "ptr": []}}')
debug_merge_point(0, 0, '232<main.rpyeffect:224([mcore:[#36]#602])>+2: {"op": "Swap". "type": "ptr". "a": 0. "b". 1}')
debug_merge_point(0, 0, '232<main.rpyeffect:224([mcore:[#36]#602])>+3: {"op": "Jump". "target": 230}')
debug_merge_point(0, 0, '230<main.rpyeffect:222(Name(k_76))>+0: {"op": "PushStack". "arg": 1}')
debug_merge_point(0, 0, '230<main.rpyeffect:222(Name(k_76))>+1: {"op": "Return". "args": {"num": []. "ptr": [0]}}')
debug_merge_point(0, 0, '292<main.rpyeffect:284([k@[k@[k@[#830]#832]#834]#842])>+0: {"op": "Construct". "out": 0. "type": Interned({"op": "eff$Tuple". "elements": []}). "tag": Interned({"op": "eff$Tuple". "elements": []}). "args": {"num": []. "ptr": []}}')
debug_merge_point(0, 0, '292<main.rpyeffect:284([k@[k@[k@[#830]#832]#834]#842])>+1: {"op": "Jump". "target": 290}')
debug_merge_point(0, 0, '290<main.rpyeffect:282(Name(k_82))>+0: {"op": "PushStack". "arg": 1}')
debug_merge_point(0, 0, '290<main.rpyeffect:282(Name(k_82))>+1: {"op": "Return". "args": {"num": []. "ptr": [0]}}')
debug_merge_point(0, 0, '211<main.rpyeffect:203([k@[switch case for 0#541]#549])>+0: {"op": "Push". "target": 210. "args": {"num": [0]. "ptr": []}}')
debug_merge_point(0, 0, '211<main.rpyeffect:203([k@[switch case for 0#541]#549])>+1: {"op": "Copy". "type": "num". "from": 1. "to". 0}')
debug_merge_point(0, 0, '211<main.rpyeffect:203([k@[switch case for 0#541]#549])>+2: {"op": "Jump". "target": 143}')
debug_merge_point(0, 0, '143<main.rpyeffect:135(Name(+_27))>+0: {"op": "New". "out": 0. "targets": [136. 138. 140. 142]. "args": {"num": [0]. "ptr": []}}')
debug_merge_point(0, 0, '143<main.rpyeffect:135(Name(+_27))>+1: {"op": "Return". "args": {"num": []. "ptr": [0]}}')
debug_merge_point(0, 0, '210<main.rpyeffect:202([k@[k@[switch case for 0#541]#549]#551])>+0: {"op": "Const". "type": "num". "out": 1. "value": 1}')
debug_merge_point(0, 0, '210<main.rpyeffect:202([k@[k@[switch case for 0#541]#549]#551])>+1: {"op": "Push". "target": 209. "args": {"num": [0]. "ptr": []}}')
debug_merge_point(0, 0, '210<main.rpyeffect:202([k@[k@[switch case for 0#541]#549]#551])>+2: {"op": "Copy". "type": "num". "from": 1. "to". 0}')
debug_merge_point(0, 0, '210<main.rpyeffect:202([k@[k@[switch case for 0#541]#549]#551])>+3: {"op": "Invoke". "receiver": 0. "tag": Interned(%apply(n):n). "args" : {"num": [0]. "ptr": []}}')
debug_merge_point(0, 0, '136<main.rpyeffect:128([method_%apply(n):n@Name(+_27)#347])>+0: {"op": "Jump". "target": 134}')
debug_merge_point(0, 0, '134<main.rpyeffect:126([mcore:[#20]#343])>+0: {"op": "PrimOp". "name": "infixAdd(Int. Int): Int". "out": {"num": [0]. "ptr": []}. "in": {"num": [1. 0]. "ptr": []}}')
+1404: i144 = int_add(i9, 1)
debug_merge_point(0, 0, '134<main.rpyeffect:126([mcore:[#20]#343])>+1: {"op": "Return". "args": {"num": [0]. "ptr": []}}')
debug_merge_point(0, 0, '209<main.rpyeffect:201([#555])>+0: {"op": "Const". "type": "ptr". "out": 0. "format": "string". "value": "Name(Emit_0)"}')
debug_merge_point(0, 0, '209<main.rpyeffect:201([#555])>+1: {"op": "PrimOp". "name": "getGlobal(String): Ptr". "out": {"num": []. "ptr": [0]}. "in": {"num": []. "ptr": [0]}}')
debug_merge_point(0, 0, '209<main.rpyeffect:201([#555])>+2: {"op": "Push". "target": 208. "args": {"num": [1]. "ptr": []}}')
debug_merge_point(0, 0, '209<main.rpyeffect:201([#555])>+3: {"op": "Jump". "target": 226}')
debug_merge_point(0, 0, '226<main.rpyeffect:218(Name(range_48))>+0: {"op": "New". "out": 0. "targets": [219. 221. 223. 225]. "args": {"num": [0]. "ptr": []}}')
debug_merge_point(0, 0, '226<main.rpyeffect:218(Name(range_48))>+1: {"op": "Return". "args": {"num": []. "ptr": [0]}}')
debug_merge_point(0, 0, '208<main.rpyeffect:200([k@[#555]#560])>+0: {"op": "Invoke". "receiver": 0. "tag": Interned(%apply(n):p). "args" : {"num": [0]. "ptr": []}}')
debug_merge_point(0, 0, '219<main.rpyeffect:211([method_%apply(n):p@Name(range_48)#567])>+0: {"op": "Const". "type": "ptr". "out": 0. "format": "string". "value": "Name(Emit_0)"}')
debug_merge_point(0, 0, '219<main.rpyeffect:211([method_%apply(n):p@Name(range_48)#567])>+1: {"op": "PrimOp". "name": "getGlobal(String): Ptr". "out": {"num": []. "ptr": [0]}. "in": {"num": []. "ptr": [0]}}')
debug_merge_point(0, 0, '219<main.rpyeffect:211([method_%apply(n):p@Name(range_48)#567])>+2: {"op": "Jump". "target": 217}')
debug_merge_point(0, 0, '217<main.rpyeffect:209([mcore:[#30]#533])>+0: {"op": "Push". "target": 216. "args": {"num": [0. 1]. "ptr": []}}')
+1408: label(p0, p1, p2, p82, p83, p118, p94, p115, p111, p126, i129, p121, p122, p100, p84, p4, i7, i144, i13, i15, i17, i19, i21, i23, i25, i27, i29, i31, i33, i35, i37, i9, p46, p48, p50, p52, p54, p56, p58, p60, p62, p64, p66, p68, p70, p103, i104, p136, descr=TargetToken(5371517136))
debug_merge_point(0, 0, '217<main.rpyeffect:209([mcore:[#30]#533])>+0: {"op": "Push". "target": 216. "args": {"num": [0. 1]. "ptr": []}}')
+1444: guard_not_invalidated(descr=<Guard0x1402d6390>) [p2, i7, i144, i13, i15, i17, i19, i21, i23, i25, i27, i29, i31, i33, i35, i37, p46, p48, p50, p52, p54, p56, p58, p60, p62, p64, p66, p68, p70, p0, p1, p4, i129, p126, p122, p121, p111, p115, p100, p94, p118, p84, p83, p82, i9]
debug_merge_point(0, 0, '217<main.rpyeffect:209([mcore:[#30]#533])>+1: {"op": "Copy". "type": "num". "from": 1. "to". 0}')
debug_merge_point(0, 0, '217<main.rpyeffect:209([mcore:[#30]#533])>+2: {"op": "Jump". "target": 37}')
debug_merge_point(0, 0, '37<main.rpyeffect:29(Name(>_2))>+0: {"op": "New". "out": 0. "targets": [30. 32. 34. 36]. "args": {"num": [0]. "ptr": []}}')
debug_merge_point(0, 0, '37<main.rpyeffect:29(Name(>_2))>+1: {"op": "Return". "args": {"num": []. "ptr": [0]}}')
debug_merge_point(0, 0, '216<main.rpyeffect:208([k@[mcore:[#30]#533]#535])>+0: {"op": "Push". "target": 215. "args": {"num": [0. 1]. "ptr": []}}')
debug_merge_point(0, 0, '216<main.rpyeffect:208([k@[mcore:[#30]#533]#535])>+1: {"op": "Invoke". "receiver": 0. "tag": Interned(%apply(n):n). "args" : {"num": [0]. "ptr": []}}')
debug_merge_point(0, 0, '30<main.rpyeffect:22([method_%apply(n):n@Name(>_2)#67])>+0: {"op": "Jump". "target": 28}')
debug_merge_point(0, 0, '28<main.rpyeffect:20([mcore:[#11]#63])>+0: {"op": "PrimOp". "name": "infixGt(Int. Int): Boolean". "out": {"num": [0]. "ptr": []}. "in": {"num": [1. 0]. "ptr": []}}')
+1448: i145 = int_gt(i144, i7)
guard_false(i145, descr=<Guard0x1402b5d60>) [p2, i7, i144, i13, i15, i17, i19, i21, i23, i25, i27, i29, i31, i33, i35, i37, p46, p48, p50, p52, p54, p56, p58, p60, p62, p64, p66, p68, p70, p0, p1, p4, i129, p126, p122, p121, p111, p115, p100, p94, p118, p84, p83, p82, i9]
debug_merge_point(0, 0, '28<main.rpyeffect:20([mcore:[#11]#63])>+1: {"op": "Return". "args": {"num": [0]. "ptr": []}}')
debug_merge_point(0, 0, '215<main.rpyeffect:207([k@[k@[mcore:[#30]#533]#535]#537])>+0: {"op": "Switch". "scrutinee": 0. "values": [1]. "targets": [207]. "default": 214}')
debug_merge_point(0, 0, '214<main.rpyeffect:206([switch default case#540])>+0: {"op": "Swap". "type": "num". "a": 2. "b". 0}')
debug_merge_point(0, 0, '214<main.rpyeffect:206([switch default case#540])>+1: {"op": "Swap". "type": "num". "a": 1. "b". 0}')
debug_merge_point(0, 0, '214<main.rpyeffect:206([switch default case#540])>+2: {"op": "Switch". "scrutinee": 2. "values": [0]. "targets": [212]. "default": 213}')
debug_merge_point(0, 0, '212<main.rpyeffect:204([switch case for 0#541])>+0: {"op": "Const". "type": "num". "out": 2. "value": 0}')
debug_merge_point(0, 0, '212<main.rpyeffect:204([switch case for 0#541])>+1: {"op": "Const". "type": "ptr". "out": 0. "format": "string". "value": "Name(Emit_0)"}')
debug_merge_point(0, 0, '212<main.rpyeffect:204([switch case for 0#541])>+2: {"op": "PrimOp". "name": "getGlobal(String): Ptr". "out": {"num": []. "ptr": [0]}. "in": {"num": []. "ptr": [0]}}')
debug_merge_point(0, 0, '212<main.rpyeffect:204([switch case for 0#541])>+3: {"op": "GetDynamic". "out": 0. "n": 2. "label": 0}')
debug_merge_point(0, 0, '212<main.rpyeffect:204([switch case for 0#541])>+4: {"op": "Push". "target": 211. "args": {"num": [0. 1]. "ptr": []}}')
debug_merge_point(0, 0, '212<main.rpyeffect:204([switch case for 0#541])>+5: {"op": "Copy". "type": "num". "from": 1. "to". 0}')
debug_merge_point(0, 0, '212<main.rpyeffect:204([switch case for 0#541])>+6: {"op": "Invoke". "receiver": 0. "tag": Interned(%Emit_0(n):p). "args" : {"num": [0]. "ptr": []}}')
debug_merge_point(0, 0, '296<main.rpyeffect:288([method_%Emit_0(n):p@[mcore:[#46]#810]#812])>+0: {"op": "Const". "type": "num". "out": 1. "value": 0}')
debug_merge_point(0, 0, '296<main.rpyeffect:288([method_%Emit_0(n):p@[mcore:[#46]#810]#812])>+1: {"op": "Const". "type": "ptr". "out": 0. "format": "string". "value": "Name(Emit_0)"}')
debug_merge_point(0, 0, '296<main.rpyeffect:288([method_%Emit_0(n):p@[mcore:[#46]#810]#812])>+2: {"op": "PrimOp". "name": "getGlobal(String): Ptr". "out": {"num": []. "ptr": [0]}. "in": {"num": []. "ptr": [0]}}')
debug_merge_point(0, 0, '296<main.rpyeffect:288([method_%Emit_0(n):p@[mcore:[#46]#810]#812])>+3: {"op": "ShiftDyn". "out": 0. "n": 1. "label": 0}')
debug_merge_point(0, 0, '296<main.rpyeffect:288([method_%Emit_0(n):p@[mcore:[#46]#810]#812])>+4: {"op": "Const". "type": "num". "out": 1. "value": 0}')
debug_merge_point(0, 0, '296<main.rpyeffect:288([method_%Emit_0(n):p@[mcore:[#46]#810]#812])>+5: {"op": "Const". "type": "ptr". "out": 1. "format": "string". "value": "Name(Get_1)"}')
debug_merge_point(0, 0, '296<main.rpyeffect:288([method_%Emit_0(n):p@[mcore:[#46]#810]#812])>+6: {"op": "PrimOp". "name": "getGlobal(String): Ptr". "out": {"num": []. "ptr": [1]}. "in": {"num": []. "ptr": [1]}}')
debug_merge_point(0, 0, '296<main.rpyeffect:288([method_%Emit_0(n):p@[mcore:[#46]#810]#812])>+7: {"op": "GetDynamic". "out": 1. "n": 1. "label": 1}')
debug_merge_point(0, 0, '296<main.rpyeffect:288([method_%Emit_0(n):p@[mcore:[#46]#810]#812])>+8: {"op": "Construct". "out": 2. "type": Interned({"op": "eff$Tuple". "elements": []}). "tag": Interned({"op": "eff$Tuple". "elements": []}). "args": {"num": []. "ptr": []}}')
debug_merge_point(0, 0, '296<main.rpyeffect:288([method_%Emit_0(n):p@[mcore:[#46]#810]#812])>+9: {"op": "Push". "target": 295. "args": {"num": [0]. "ptr": [0]}}')
debug_merge_point(0, 0, '296<main.rpyeffect:288([method_%Emit_0(n):p@[mcore:[#46]#810]#812])>+10: {"op": "Copy". "type": "ptr". "from": 2. "to". 0}')
debug_merge_point(0, 0, '296<main.rpyeffect:288([method_%Emit_0(n):p@[mcore:[#46]#810]#812])>+11: {"op": "Invoke". "receiver": 1. "tag": Interned(%Get_1(p):n). "args" : {"num": []. "ptr": [0]}}')
debug_merge_point(0, 0, '254<main.rpyeffect:246([method_%Get_1(p):n@[mcore:[#39]#608]#642])>+0: {"op": "Const". "type": "num". "out": 0. "value": 0}')
debug_merge_point(0, 0, '254<main.rpyeffect:246([method_%Get_1(p):n@[mcore:[#39]#608]#642])>+1: {"op": "ShiftDyn". "out": 1. "n": 0. "label": 1}')
+1456: i146 = int_ne(327721, i104)
guard_true(i146, descr=<Guard0x1402b5d20>) [p2, i7, i144, i13, i15, i17, i19, i21, i23, i25, i27, i29, i31, i33, i35, i37, p46, p48, p50, p52, p54, p56, p58, p60, p62, p64, p66, p68, p70, p0, p1, p4, i129, p126, p122, p121, p111, p115, p100, p94, p118, p84, p83, p82, i9]
debug_merge_point(0, 0, '254<main.rpyeffect:246([method_%Get_1(p):n@[mcore:[#39]#608]#642])>+2: {"op": "Swap". "type": "ptr". "a": 0. "b". 1}')
debug_merge_point(0, 0, '254<main.rpyeffect:246([method_%Get_1(p):n@[mcore:[#39]#608]#642])>+3: {"op": "Match". "type": Interned({"op": "eff$Tuple". "elements": []}). "scrutinee": 1. "clauses": [{"tag": Interned({"op": "eff$Tuple". "elements": []}). "target": 253. "args": {"num": []. "ptr": []}}]. "default": {"tag": Interned(48550592-4870-48dc-8857-befbf465e002#[Missing Tag#1088]). "target": 244. "args": {"num": []. "ptr": []}}}')
debug_merge_point(0, 0, '253<main.rpyeffect:245([#651])>+0: {"op": "New". "out": 0. "targets": [246. 248. 250. 252]. "args": {"num": []. "ptr": [0]}}')
debug_merge_point(0, 0, '253<main.rpyeffect:245([#651])>+1: {"op": "Return". "args": {"num": []. "ptr": [0]}}')
debug_merge_point(0, 0, '231<main.rpyeffect:223([k@[mcore:[#36]#602]#606])>+0: {"op": "Invoke". "receiver": 0. "tag": Interned(%apply(n):n). "args" : {"num": [0]. "ptr": []}}')
debug_merge_point(0, 0, '246<main.rpyeffect:238([method_%apply(n):n@[#651]#655])>+0: {"op": "Jump". "target": 229}')
debug_merge_point(0, 0, '229<main.rpyeffect:221([mcore:[#32]#599])>+0: {"op": "Push". "target": 228. "args": {"num": [0]. "ptr": []}}')
debug_merge_point(0, 0, '229<main.rpyeffect:221([mcore:[#32]#599])>+1: {"op": "Jump". "target": 227}')
debug_merge_point(0, 0, '227<main.rpyeffect:219(Name(k_72))>+0: {"op": "PushStack". "arg": 0}')
debug_merge_point(0, 0, '227<main.rpyeffect:219(Name(k_72))>+1: {"op": "Return". "args": {"num": [0]. "ptr": []}}')
debug_merge_point(0, 0, '295<main.rpyeffect:287([#830])>+0: {"op": "Push". "target": 294. "args": {"num": [1]. "ptr": [0]}}')
debug_merge_point(0, 0, '295<main.rpyeffect:287([#830])>+1: {"op": "Jump". "target": 143}')
debug_merge_point(0, 0, '143<main.rpyeffect:135(Name(+_27))>+0: {"op": "New". "out": 0. "targets": [136. 138. 140. 142]. "args": {"num": [0]. "ptr": []}}')
debug_merge_point(0, 0, '143<main.rpyeffect:135(Name(+_27))>+1: {"op": "Return". "args": {"num": []. "ptr": [0]}}')
debug_merge_point(0, 0, '294<main.rpyeffect:286([k@[#830]#832])>+0: {"op": "Push". "target": 293. "args": {"num": []. "ptr": [1]}}')
debug_merge_point(0, 0, '294<main.rpyeffect:286([k@[#830]#832])>+1: {"op": "Invoke". "receiver": 0. "tag": Interned(%apply(n):n). "args" : {"num": [0]. "ptr": []}}')
debug_merge_point(0, 0, '136<main.rpyeffect:128([method_%apply(n):n@Name(+_27)#347])>+0: {"op": "Jump". "target": 134}')
debug_merge_point(0, 0, '134<main.rpyeffect:126([mcore:[#20]#343])>+0: {"op": "PrimOp". "name": "infixAdd(Int. Int): Int". "out": {"num": [0]. "ptr": []}. "in": {"num": [1. 0]. "ptr": []}}')
+1472: i147 = int_add(i129, i144)
debug_merge_point(0, 0, '134<main.rpyeffect:126([mcore:[#20]#343])>+1: {"op": "Return". "args": {"num": [0]. "ptr": []}}')
debug_merge_point(0, 0, '293<main.rpyeffect:285([k@[k@[#830]#832]#834])>+0: {"op": "Const". "type": "num". "out": 1. "value": 0}')
debug_merge_point(0, 0, '293<main.rpyeffect:285([k@[k@[#830]#832]#834])>+1: {"op": "Const". "type": "ptr". "out": 1. "format": "string". "value": "Name(Set_2)"}')
debug_merge_point(0, 0, '293<main.rpyeffect:285([k@[k@[#830]#832]#834])>+2: {"op": "PrimOp". "name": "getGlobal(String): Ptr". "out": {"num": []. "ptr": [1]}. "in": {"num": []. "ptr": [1]}}')
debug_merge_point(0, 0, '293<main.rpyeffect:285([k@[k@[#830]#832]#834])>+3: {"op": "GetDynamic". "out": 1. "n": 1. "label": 1}')
debug_merge_point(0, 0, '293<main.rpyeffect:285([k@[k@[#830]#832]#834])>+4: {"op": "Push". "target": 292. "args": {"num": []. "ptr": [0]}}')
debug_merge_point(0, 0, '293<main.rpyeffect:285([k@[k@[#830]#832]#834])>+5: {"op": "Invoke". "receiver": 1. "tag": Interned(%Set_2(n):p). "args" : {"num": [0]. "ptr": []}}')
debug_merge_point(0, 0, '277<main.rpyeffect:269([method_%Set_2(n):p@[mcore:[#39]#608]#725])>+0: {"op": "Const". "type": "num". "out": 1. "value": 0}')
debug_merge_point(0, 0, '277<main.rpyeffect:269([method_%Set_2(n):p@[mcore:[#39]#608]#725])>+1: {"op": "ShiftDyn". "out": 0. "n": 1. "label": 0}')
debug_merge_point(0, 0, '277<main.rpyeffect:269([method_%Set_2(n):p@[mcore:[#39]#608]#725])>+2: {"op": "New". "out": 0. "targets": [270. 272. 274. 276]. "args": {"num": [0]. "ptr": [0]}}')
debug_merge_point(0, 0, '277<main.rpyeffect:269([method_%Set_2(n):p@[mcore:[#39]#608]#725])>+3: {"op": "Return". "args": {"num": []. "ptr": [0]}}')
debug_merge_point(0, 0, '228<main.rpyeffect:220([k@[mcore:[#32]#599]#601])>+0: {"op": "Invoke". "receiver": 0. "tag": Interned(%apply(n):n). "args" : {"num": [0]. "ptr": []}}')
debug_merge_point(0, 0, '270<main.rpyeffect:262([#734])>+0: {"op": "Jump". "target": 232}')
debug_merge_point(0, 0, '232<main.rpyeffect:224([mcore:[#36]#602])>+0: {"op": "Construct". "out": 1. "type": Interned({"op": "eff$Tuple". "elements": []}). "tag": Interned({"op": "eff$Tuple". "elements": []}). "args": {"num": []. "ptr": []}}')
debug_merge_point(0, 0, '232<main.rpyeffect:224([mcore:[#36]#602])>+1: {"op": "Push". "target": 231. "args": {"num": [1]. "ptr": []}}')
debug_merge_point(0, 0, '232<main.rpyeffect:224([mcore:[#36]#602])>+2: {"op": "Swap". "type": "ptr". "a": 0. "b". 1}')
debug_merge_point(0, 0, '232<main.rpyeffect:224([mcore:[#36]#602])>+3: {"op": "Jump". "target": 230}')
debug_merge_point(0, 0, '230<main.rpyeffect:222(Name(k_76))>+0: {"op": "PushStack". "arg": 1}')
debug_merge_point(0, 0, '230<main.rpyeffect:222(Name(k_76))>+1: {"op": "Return". "args": {"num": []. "ptr": [0]}}')
debug_merge_point(0, 0, '292<main.rpyeffect:284([k@[k@[k@[#830]#832]#834]#842])>+0: {"op": "Construct". "out": 0. "type": Interned({"op": "eff$Tuple". "elements": []}). "tag": Interned({"op": "eff$Tuple". "elements": []}). "args": {"num": []. "ptr": []}}')
debug_merge_point(0, 0, '292<main.rpyeffect:284([k@[k@[k@[#830]#832]#834]#842])>+1: {"op": "Jump". "target": 290}')
debug_merge_point(0, 0, '290<main.rpyeffect:282(Name(k_82))>+0: {"op": "PushStack". "arg": 1}')
debug_merge_point(0, 0, '290<main.rpyeffect:282(Name(k_82))>+1: {"op": "Return". "args": {"num": []. "ptr": [0]}}')
debug_merge_point(0, 0, '211<main.rpyeffect:203([k@[switch case for 0#541]#549])>+0: {"op": "Push". "target": 210. "args": {"num": [0]. "ptr": []}}')
debug_merge_point(0, 0, '211<main.rpyeffect:203([k@[switch case for 0#541]#549])>+1: {"op": "Copy". "type": "num". "from": 1. "to". 0}')
debug_merge_point(0, 0, '211<main.rpyeffect:203([k@[switch case for 0#541]#549])>+2: {"op": "Jump". "target": 143}')
debug_merge_point(0, 0, '143<main.rpyeffect:135(Name(+_27))>+0: {"op": "New". "out": 0. "targets": [136. 138. 140. 142]. "args": {"num": [0]. "ptr": []}}')
debug_merge_point(0, 0, '143<main.rpyeffect:135(Name(+_27))>+1: {"op": "Return". "args": {"num": []. "ptr": [0]}}')
debug_merge_point(0, 0, '210<main.rpyeffect:202([k@[k@[switch case for 0#541]#549]#551])>+0: {"op": "Const". "type": "num". "out": 1. "value": 1}')
debug_merge_point(0, 0, '210<main.rpyeffect:202([k@[k@[switch case for 0#541]#549]#551])>+1: {"op": "Push". "target": 209. "args": {"num": [0]. "ptr": []}}')
debug_merge_point(0, 0, '210<main.rpyeffect:202([k@[k@[switch case for 0#541]#549]#551])>+2: {"op": "Copy". "type": "num". "from": 1. "to". 0}')
debug_merge_point(0, 0, '210<main.rpyeffect:202([k@[k@[switch case for 0#541]#549]#551])>+3: {"op": "Invoke". "receiver": 0. "tag": Interned(%apply(n):n). "args" : {"num": [0]. "ptr": []}}')
debug_merge_point(0, 0, '136<main.rpyeffect:128([method_%apply(n):n@Name(+_27)#347])>+0: {"op": "Jump". "target": 134}')
debug_merge_point(0, 0, '134<main.rpyeffect:126([mcore:[#20]#343])>+0: {"op": "PrimOp". "name": "infixAdd(Int. Int): Int". "out": {"num": [0]. "ptr": []}. "in": {"num": [1. 0]. "ptr": []}}')
+1476: i149 = int_add(i144, 1)
debug_merge_point(0, 0, '134<main.rpyeffect:126([mcore:[#20]#343])>+1: {"op": "Return". "args": {"num": [0]. "ptr": []}}')
debug_merge_point(0, 0, '209<main.rpyeffect:201([#555])>+0: {"op": "Const". "type": "ptr". "out": 0. "format": "string". "value": "Name(Emit_0)"}')
debug_merge_point(0, 0, '209<main.rpyeffect:201([#555])>+1: {"op": "PrimOp". "name": "getGlobal(String): Ptr". "out": {"num": []. "ptr": [0]}. "in": {"num": []. "ptr": [0]}}')
debug_merge_point(0, 0, '209<main.rpyeffect:201([#555])>+2: {"op": "Push". "target": 208. "args": {"num": [1]. "ptr": []}}')
debug_merge_point(0, 0, '209<main.rpyeffect:201([#555])>+3: {"op": "Jump". "target": 226}')
debug_merge_point(0, 0, '226<main.rpyeffect:218(Name(range_48))>+0: {"op": "New". "out": 0. "targets": [219. 221. 223. 225]. "args": {"num": [0]. "ptr": []}}')
debug_merge_point(0, 0, '226<main.rpyeffect:218(Name(range_48))>+1: {"op": "Return". "args": {"num": []. "ptr": [0]}}')
debug_merge_point(0, 0, '208<main.rpyeffect:200([k@[#555]#560])>+0: {"op": "Invoke". "receiver": 0. "tag": Interned(%apply(n):p). "args" : {"num": [0]. "ptr": []}}')
debug_merge_point(0, 0, '219<main.rpyeffect:211([method_%apply(n):p@Name(range_48)#567])>+0: {"op": "Const". "type": "ptr". "out": 0. "format": "string". "value": "Name(Emit_0)"}')
debug_merge_point(0, 0, '219<main.rpyeffect:211([method_%apply(n):p@Name(range_48)#567])>+1: {"op": "PrimOp". "name": "getGlobal(String): Ptr". "out": {"num": []. "ptr": [0]}. "in": {"num": []. "ptr": [0]}}')
debug_merge_point(0, 0, '219<main.rpyeffect:211([method_%apply(n):p@Name(range_48)#567])>+2: {"op": "Jump". "target": 217}')
debug_merge_point(0, 0, '217<main.rpyeffect:209([mcore:[#30]#533])>+0: {"op": "Push". "target": 216. "args": {"num": [0. 1]. "ptr": []}}')
+1480: jump(p0, p1, p2, p82, p83, p118, p94, p115, p111, p126, i147, p121, p122, p100, p84, p4, i7, i149, i13, i15, i17, i19, i21, i23, i25, i27, i29, i31, i33, i35, i37, i144, p46, p48, p50, p52, p54, p56, p58, p60, p62, p64, p66, p68, p70, p103, i104, p136, descr=TargetToken(5371517136))
+1492: --end of the loop--
[aa7ff3] jit-log-opt-loop}
[1cfcf83] {jit-summary
Tracing:      	1	0.001889
Backend:      	1	0.000351
TOTAL:      		0.021628
ops:             	6039
heapcached ops:  	751
recorded ops:    	1679
  calls:         	793
guards:          	261
opt ops:         	298
opt guards:      	43
opt guards shared:	38
forcings:        	0
abort: trace too long:	0
abort: compiling:	0
abort: vable escape:	0
abort: bad loop: 	0
abort: force quasi-immut:	0
abort: segmenting trace:	0
virtualizables forced:	0
nvirtuals:       	8
nvholes:         	0
nvreused:        	0
vecopt tried:    	0
vecopt success:  	0
Total # of loops:	1
Total # of bridges:	0
Freed # of loops:	0
Freed # of bridges:	0
[1cffdbd] jit-summary}
