[8d8fbf] {jit-log-opt-loop
# Loop 1 (220<main.rpyeffect:212(Name(countdown_48))>+6: {"op": "Swap", "type": "ptr", "a": 1, "b", 0}) : loop with 282 ops
[p0, p1, p2, p3, p4]
+520: p5 = getfield_gc_r(p2, descr=<FieldP rpyeffect.environment.Environment.inst_values_num 16>)
+528: i7 = getarrayitem_gc_i(p5, 0, descr=<ArrayS 8>)
+532: i9 = getarrayitem_gc_i(p5, 1, descr=<ArrayS 8>)
+536: i11 = getarrayitem_gc_i(p5, 2, descr=<ArrayS 8>)
+540: i13 = getarrayitem_gc_i(p5, 3, descr=<ArrayS 8>)
+544: i15 = getarrayitem_gc_i(p5, 4, descr=<ArrayS 8>)
+548: i17 = getarrayitem_gc_i(p5, 5, descr=<ArrayS 8>)
+552: i19 = getarrayitem_gc_i(p5, 6, descr=<ArrayS 8>)
+556: i21 = getarrayitem_gc_i(p5, 7, descr=<ArrayS 8>)
+560: i23 = getarrayitem_gc_i(p5, 8, descr=<ArrayS 8>)
+564: i25 = getarrayitem_gc_i(p5, 9, descr=<ArrayS 8>)
+568: i27 = getarrayitem_gc_i(p5, 10, descr=<ArrayS 8>)
+572: i29 = getarrayitem_gc_i(p5, 11, descr=<ArrayS 8>)
+576: i31 = getarrayitem_gc_i(p5, 12, descr=<ArrayS 8>)
+580: i33 = getarrayitem_gc_i(p5, 13, descr=<ArrayS 8>)
+584: i35 = getarrayitem_gc_i(p5, 14, descr=<ArrayS 8>)
+592: i37 = getarrayitem_gc_i(p5, 15, descr=<ArrayS 8>)
+596: p38 = getfield_gc_r(p2, descr=<FieldP rpyeffect.environment.Environment.inst_values_ptr 24>)
+600: p40 = getarrayitem_gc_r(p38, 0, descr=<ArrayP 8>)
+608: p42 = getarrayitem_gc_r(p38, 1, descr=<ArrayP 8>)
+616: p44 = getarrayitem_gc_r(p38, 2, descr=<ArrayP 8>)
+624: p46 = getarrayitem_gc_r(p38, 3, descr=<ArrayP 8>)
+632: p48 = getarrayitem_gc_r(p38, 4, descr=<ArrayP 8>)
+640: p50 = getarrayitem_gc_r(p38, 5, descr=<ArrayP 8>)
+648: p52 = getarrayitem_gc_r(p38, 6, descr=<ArrayP 8>)
+656: p54 = getarrayitem_gc_r(p38, 7, descr=<ArrayP 8>)
+664: p56 = getarrayitem_gc_r(p38, 8, descr=<ArrayP 8>)
+672: p58 = getarrayitem_gc_r(p38, 9, descr=<ArrayP 8>)
+680: p60 = getarrayitem_gc_r(p38, 10, descr=<ArrayP 8>)
+688: p62 = getarrayitem_gc_r(p38, 11, descr=<ArrayP 8>)
+696: p64 = getarrayitem_gc_r(p38, 12, descr=<ArrayP 8>)
+704: p66 = getarrayitem_gc_r(p38, 13, descr=<ArrayP 8>)
+712: p68 = getarrayitem_gc_r(p38, 14, descr=<ArrayP 8>)
+720: p70 = getarrayitem_gc_r(p38, 15, descr=<ArrayP 8>)
+724: label(p0, p1, p2, p3, p4, i7, i9, i11, i13, i15, i17, i19, i21, i23, i25, i27, i29, i31, i33, i35, i37, p40, p42, p44, p46, p48, p50, p52, p54, p56, p58, p60, p62, p64, p66, p68, p70, descr=TargetToken(5103073168))
debug_merge_point(0, 0, '220<main.rpyeffect:212(Name(countdown_48))>+6: {"op": "Swap". "type": "ptr". "a": 1. "b". 0}')
+780: guard_not_invalidated(descr=<Guard0x1302fa020>) [p2, i7, i9, i11, i13, i15, i17, i19, i21, i23, i25, i27, i29, i31, i33, i35, i37, p40, p42, p44, p46, p48, p50, p52, p54, p56, p58, p60, p62, p64, p66, p68, p70, p0, p1, p3, p4]
debug_merge_point(0, 0, '220<main.rpyeffect:212(Name(countdown_48))>+7: {"op": "Invoke". "receiver": 1. "tag": Interned(%Get_0(p):n). "args" : {"num": []. "ptr": [0]}}')
+784: p71 = getfield_gc_r(p40, descr=<FieldP rpyeffect.stored_environment.CoData__arb_arb.inst_vtable 24 pure>)
+792: guard_value(p71, ConstPtr(ptr72), descr=<Guard0x1302b50a0>) [p2, i7, i9, i11, i13, i15, i17, i19, i21, i23, i25, i27, i29, i31, i33, i35, i37, p40, p42, p44, p46, p48, p50, p52, p54, p56, p58, p60, p62, p64, p66, p68, p70, p0, p1, p3, p4]
+800: p73 = getfield_gc_r(p40, descr=<FieldP rpyeffect.stored_environment.CoData__0_1.inst_values_ptr_0 32 pure>)
debug_merge_point(0, 0, '248<main.rpyeffect:240([method_%Get_0(p):n@[mcore:[#42]#601]#635])>+0: {"op": "Const". "type": "num". "out": 0. "value": 0}')
debug_merge_point(0, 0, '248<main.rpyeffect:240([method_%Get_0(p):n@[mcore:[#42]#601]#635])>+1: {"op": "ShiftDyn". "out": 1. "n": 0. "label": 1}')
+804: guard_nonnull(p4, descr=<Guard0x1302b50e0>) [p2, i7, i9, i11, i13, i15, i17, i19, i21, i23, i25, i27, i29, i31, i33, i35, i37, p40, p42, p44, p46, p48, p50, p52, p54, p56, p58, p60, p62, p64, p66, p68, p70, p0, p1, p3, p4]
+816: i74 = getfield_gc_i(p0, descr=<FieldS rpyeffect.stack.Label.inst_origin 8 pure>)
+824: i75 = getfield_gc_i(p73, descr=<FieldS rpyeffect.stack.Label.inst_origin 8 pure>)
+828: i76 = int_ne(i74, i75)
guard_true(i76, descr=<Guard0x1302b5120>) [p2, i7, i9, i11, i13, i15, i17, i19, i21, i23, i25, i27, i29, i31, i33, i35, i37, p40, p42, p44, p46, p48, p50, p52, p54, p56, p58, p60, p62, p64, p66, p68, p70, p0, p1, p3, p4]
+836: p77 = getfield_gc_r(p3, descr=<FieldP rpyeffect.stack.MetaStack.inst_region 24 pure>)
+844: guard_isnull(p77, descr=<Guard0x1302b5160>) [p2, i7, i9, i11, i13, i15, i17, i19, i21, i23, i25, i27, i29, i31, i33, i35, i37, p40, p42, p44, p46, p48, p50, p52, p54, p56, p58, p60, p62, p64, p66, p68, p70, p0, p1, p3, p4]
+852: p78 = getfield_gc_r(p3, descr=<FieldP rpyeffect.stack.MetaStack.inst_label 16 pure>)
+856: i79 = getfield_gc_i(p78, descr=<FieldS rpyeffect.stack.Label.inst_origin 8 pure>)
+860: i80 = int_ne(i79, i75)
guard_true(i80, descr=<Guard0x1302b51a0>) [p2, i7, i9, i11, i13, i15, i17, i19, i21, i23, i25, i27, i29, i31, i33, i35, i37, p40, p42, p44, p46, p48, p50, p52, p54, p56, p58, p60, p62, p64, p66, p68, p70, p0, p1, p3, p4]
+868: p81 = getfield_gc_r(p3, descr=<FieldP rpyeffect.stack.MetaStack.inst_tail 32 pure>)
+872: p82 = getfield_gc_r(p81, descr=<FieldP rpyeffect.stack.MetaStack.inst_region 24 pure>)
+876: guard_isnull(p82, descr=<Guard0x1302b51e0>) [p2, i7, i9, i11, i13, i15, i17, i19, i21, i23, i25, i27, i29, i31, i33, i35, i37, p40, p42, p44, p46, p48, p50, p52, p54, p56, p58, p60, p62, p64, p66, p68, p70, p0, p1, p3, p4]
+884: p83 = getfield_gc_r(p81, descr=<FieldP rpyeffect.stack.MetaStack.inst_label 16 pure>)
+888: i84 = getfield_gc_i(p83, descr=<FieldS rpyeffect.stack.Label.inst_origin 8 pure>)
+892: i85 = int_ne(i84, i75)
guard_false(i85, descr=<Guard0x1302b5220>) [p2, i7, i9, i11, i13, i15, i17, i19, i21, i23, i25, i27, i29, i31, i33, i35, i37, p40, p42, p44, p46, p48, p50, p52, p54, p56, p58, p60, p62, p64, p66, p68, p70, p0, p1, p3, p4]
+900: i86 = instance_ptr_eq(p83, p73)
guard_true(i86, descr=<Guard0x1302b5260>) [p2, i7, i9, i11, i13, i15, i17, i19, i21, i23, i25, i27, i29, i31, i33, i35, i37, p40, p42, p44, p46, p48, p50, p52, p54, p56, p58, p60, p62, p64, p66, p68, p70, p0, p1, p3, p4]
+908: p87 = getfield_gc_r(p81, descr=<FieldP rpyeffect.stack.MetaStackLike.inst_stack 8 pure>)
+912: guard_class(p81, 4310757064, descr=<Guard0x1302b52a0>) [p2, i7, i9, i11, i13, i15, i17, i19, i21, i23, i25, i27, i29, i31, i33, i35, i37, p40, p42, p44, p46, p48, p50, p52, p54, p56, p58, p60, p62, p64, p66, p68, p70, p0, p1, p3, p4]
+928: p89 = getfield_gc_r(p81, descr=<FieldP rpyeffect.stack.MetaStack.inst_tail 32 pure>)
+932: p90 = getfield_gc_r(p3, descr=<FieldP rpyeffect.stack.MetaStackLike.inst_stack 8 pure>)
+936: guard_class(p3, ConstClass(MetaStackWithBinding), descr=<Guard0x1302b52e0>) [p2, i7, i9, i11, i13, i15, i17, i19, i21, i23, i25, i27, i29, i31, i33, i35, i37, p40, p42, p44, p46, p48, p50, p52, p54, p56, p58, p60, p62, p64, p66, p68, p70, p0, p1, p3, p4]
+952: p92 = getfield_gc_r(p3, descr=<FieldP rpyeffect.stack.MetaStackWithBinding.inst_binding 40 pure>)
+956: guard_nonnull(p92, descr=<Guard0x1302b5320>) [p2, i7, i9, i11, i13, i15, i17, i19, i21, i23, i25, i27, i29, i31, i33, i35, i37, p40, p42, p44, p46, p48, p50, p52, p54, p56, p58, p60, p62, p64, p66, p68, p70, p0, p1, p3, p4]
+964: guard_nonnull_class(p89, 4310757064, descr=<Guard0x1302fa078>) [p2, i7, i9, i11, i13, i15, i17, i19, i21, i23, i25, i27, i29, i31, i33, i35, i37, p40, p42, p44, p46, p48, p50, p52, p54, p56, p58, p60, p62, p64, p66, p68, p70, p0, p1, p3, p4]
+988: p94 = getfield_gc_r(p89, descr=<FieldP rpyeffect.stack.MetaStackLike.inst_stack 8 pure>)
+992: p95 = getfield_gc_r(p89, descr=<FieldP rpyeffect.stack.MetaStack.inst_label 16 pure>)
+996: p96 = getfield_gc_r(p89, descr=<FieldP rpyeffect.stack.MetaStack.inst_tail 32 pure>)
+1000: guard_nonnull(p94, descr=<Guard0x1302b5360>) [p2, i7, i9, i11, i13, i15, i17, i19, i21, i23, i25, i27, i29, i31, i33, i35, i37, p40, p42, p44, p46, p48, p50, p52, p54, p56, p58, p60, p62, p64, p66, p68, p70, p0, p1, p3, p4]
+1008: i97 = getfield_gc_i(p94, descr=<FieldS rpyeffect.stored_environment.Stack__arb_arb.inst_target 16 pure>)
+1012: guard_value(i97, 225, descr=<Guard0x1302b53a0>) [p2, i7, i9, i11, i13, i15, i17, i19, i21, i23, i25, i27, i29, i31, i33, i35, i37, p40, p42, p44, p46, p48, p50, p52, p54, p56, p58, p60, p62, p64, p66, p68, p70, p0, p1, p3, p4]
debug_merge_point(0, 0, '248<main.rpyeffect:240([method_%Get_0(p):n@[mcore:[#42]#601]#635])>+2: {"op": "Swap". "type": "ptr". "a": 1. "b". 0}')
debug_merge_point(0, 0, '248<main.rpyeffect:240([method_%Get_0(p):n@[mcore:[#42]#601]#635])>+3: {"op": "Match". "type": Interned({"op": "eff$Tuple". "elements": []}). "scrutinee": 1. "clauses": [{"tag": Interned({"op": "eff$Tuple". "elements": []}). "target": 247. "args": {"num": []. "ptr": []}}]. "default": {"tag": Interned(3f5d8ffa-b51e-4524-a5ce-235274b486a2#[Missing Tag#970]). "target": 238. "args": {"num": []. "ptr": []}}}')
+1024: p99 = getfield_gc_r(p42, descr=<FieldP rpyeffect.stored_environment.Data__arb_arb.inst_tag 8>)
+1036: guard_value(p99, ConstPtr(ptr100), descr=<Guard0x1302b53e0>) [p2, i7, i9, i11, i13, i15, i17, i19, i21, i23, i25, i27, i29, i31, i33, i35, i37, p40, p42, p44, p46, p48, p50, p52, p54, p56, p58, p60, p62, p64, p66, p68, p70, p0, p1, p3, p4]
debug_merge_point(0, 0, '247<main.rpyeffect:239([#644])>+0: {"op": "New". "out": 0. "targets": [240. 242. 244. 246]. "args": {"num": []. "ptr": [0]}}')
debug_merge_point(0, 0, '247<main.rpyeffect:239([#644])>+1: {"op": "Return". "args": {"num": []. "ptr": [0]}}')
+1044: i101 = getfield_gc_i(p94, descr=<FieldS rpyeffect.stored_environment.Stack__1_0.inst_values_num_0 40 pure>)
+1048: p102 = getfield_gc_r(p94, descr=<FieldP rpyeffect.stored_environment.Stack__arb_arb.inst_tail 8 pure>)
+1052: guard_nonnull(p102, descr=<Guard0x1302b5420>) [p2, i7, i9, i11, i13, i15, i17, i19, i21, i23, i25, i27, i29, i31, i33, i35, i37, p40, p42, p44, p46, p48, p50, p52, p54, p56, p58, p60, p62, p64, p66, p68, p70, p0, p1, p3, p4]
+1060: i103 = getfield_gc_i(p102, descr=<FieldS rpyeffect.stored_environment.Stack__arb_arb.inst_target 16 pure>)
+1064: guard_value(i103, 1, descr=<Guard0x1302b5460>) [p2, i7, i9, i11, i13, i15, i17, i19, i21, i23, i25, i27, i29, i31, i33, i35, i37, p40, p42, p44, p46, p48, p50, p52, p54, p56, p58, p60, p62, p64, p66, p68, p70, p0, p1, p3, p4]
debug_merge_point(0, 0, '225<main.rpyeffect:217([k@[mcore:[#39]#595]#599])>+0: {"op": "Invoke". "receiver": 0. "tag": Interned(%apply(n):n). "args" : {"num": [0]. "ptr": []}}')
debug_merge_point(0, 0, '240<main.rpyeffect:232([method_%apply(n):n@[#644]#648])>+0: {"op": "Jump". "target": 223}')
debug_merge_point(0, 0, '223<main.rpyeffect:215([mcore:[#35]#592])>+0: {"op": "Push". "target": 222. "args": {"num": [0]. "ptr": []}}')
debug_merge_point(0, 0, '223<main.rpyeffect:215([mcore:[#35]#592])>+1: {"op": "Jump". "target": 221}')
debug_merge_point(0, 0, '221<main.rpyeffect:213(Name(k_66))>+0: {"op": "PushStack". "arg": 0}')
+1076: guard_nonnull(p1, descr=<Guard0x1302b54a0>) [p2, i7, i9, i11, i13, i15, i17, i19, i21, i23, i25, i27, i29, i31, i33, i35, i37, p40, p42, p44, p46, p48, p50, p52, p54, p56, p58, p60, p62, p64, p66, p68, p70, p0, p1, p3, p4]
+1088: i105 = getfield_gc_i(p1, descr=<FieldS rpyeffect.stored_environment.Stack__arb_arb.inst_target 16 pure>)
+1100: guard_value(i105, 219, descr=<Guard0x1302b54e0>) [p2, i7, i9, i11, i13, i15, i17, i19, i21, i23, i25, i27, i29, i31, i33, i35, i37, p40, p42, p44, p46, p48, p50, p52, p54, p56, p58, p60, p62, p64, p66, p68, p70, p0, p1, p3, p4]
debug_merge_point(0, 0, '221<main.rpyeffect:213(Name(k_66))>+1: {"op": "Return". "args": {"num": [0]. "ptr": []}}')
+1112: p107 = getfield_gc_r(p1, descr=<FieldP rpyeffect.stored_environment.Stack__arb_arb.inst_tail 8 pure>)
+1116: guard_nonnull(p107, descr=<Guard0x1302b5520>) [p2, i7, i9, i11, i13, i15, i17, i19, i21, i23, i25, i27, i29, i31, i33, i35, i37, p40, p42, p44, p46, p48, p50, p52, p54, p56, p58, p60, p62, p64, p66, p68, p70, p0, p1, p3, p4]
+1124: i108 = getfield_gc_i(p107, descr=<FieldS rpyeffect.stored_environment.Stack__arb_arb.inst_target 16 pure>)
+1132: guard_value(i108, 207, descr=<Guard0x1302b5560>) [p2, i7, i9, i11, i13, i15, i17, i19, i21, i23, i25, i27, i29, i31, i33, i35, i37, p40, p42, p44, p46, p48, p50, p52, p54, p56, p58, p60, p62, p64, p66, p68, p70, p0, p1, p3, p4]
debug_merge_point(0, 0, '219<main.rpyeffect:211([k@Name(countdown_48)#551])>+0: {"op": "Push". "target": 218. "args": {"num": [0]. "ptr": []}}')
debug_merge_point(0, 0, '219<main.rpyeffect:211([k@Name(countdown_48)#551])>+1: {"op": "Jump". "target": 17}')
debug_merge_point(0, 0, '17<main.rpyeffect:9(Name(=_0))>+0: {"op": "New". "out": 0. "targets": [10. 12. 14. 16]. "args": {"num": [0]. "ptr": []}}')
debug_merge_point(0, 0, '17<main.rpyeffect:9(Name(=_0))>+1: {"op": "Return". "args": {"num": []. "ptr": [0]}}')
debug_merge_point(0, 0, '218<main.rpyeffect:210([k@[k@Name(countdown_48)#551]#553])>+0: {"op": "Const". "type": "num". "out": 1. "value": 0}')
debug_merge_point(0, 0, '218<main.rpyeffect:210([k@[k@Name(countdown_48)#551]#553])>+1: {"op": "Push". "target": 217. "args": {"num": [0]. "ptr": []}}')
debug_merge_point(0, 0, '218<main.rpyeffect:210([k@[k@Name(countdown_48)#551]#553])>+2: {"op": "Copy". "type": "num". "from": 1. "to". 0}')
debug_merge_point(0, 0, '218<main.rpyeffect:210([k@[k@Name(countdown_48)#551]#553])>+3: {"op": "Invoke". "receiver": 0. "tag": Interned(%apply(n):n). "args" : {"num": [0]. "ptr": []}}')
debug_merge_point(0, 0, '10<main.rpyeffect:2([method_%apply(n):n@Name(=_0)#7])>+0: {"op": "Jump". "target": 8}')
debug_merge_point(0, 0, '8<main.rpyeffect:0([mcore:[#9]#3])>+0: {"op": "PrimOp". "name": "infixEq(Int. Int): Boolean". "out": {"num": [0]. "ptr": []}. "in": {"num": [1. 0]. "ptr": []}}')
+1144: i111 = int_eq(i101, 0)
guard_false(i111, descr=<Guard0x1302b55a0>) [p2, i7, i9, i11, i13, i15, i17, i19, i21, i23, i25, i27, i29, i31, i33, i35, i37, p40, p42, p44, p46, p48, p50, p52, p54, p56, p58, p60, p62, p64, p66, p68, p70, p0, p1, p3, p4]
debug_merge_point(0, 0, '8<main.rpyeffect:0([mcore:[#9]#3])>+1: {"op": "Return". "args": {"num": [0]. "ptr": []}}')
debug_merge_point(0, 0, '217<main.rpyeffect:209([k@[k@[k@Name(countdown_48)#551]#553]#557])>+0: {"op": "Switch". "scrutinee": 0. "values": [1]. "targets": [209]. "default": 216}')
debug_merge_point(0, 0, '216<main.rpyeffect:208([switch default case#561])>+0: {"op": "Swap". "type": "num". "a": 1. "b". 0}')
debug_merge_point(0, 0, '216<main.rpyeffect:208([switch default case#561])>+1: {"op": "Switch". "scrutinee": 1. "values": [0]. "targets": [214]. "default": 215}')
debug_merge_point(0, 0, '214<main.rpyeffect:206([switch case for 0#562])>+0: {"op": "Push". "target": 213. "args": {"num": []. "ptr": []}}')
debug_merge_point(0, 0, '214<main.rpyeffect:206([switch case for 0#562])>+1: {"op": "Jump". "target": 186}')
debug_merge_point(0, 0, '186<main.rpyeffect:178(Name(-_34))>+0: {"op": "New". "out": 0. "targets": [179. 181. 183. 185]. "args": {"num": [0]. "ptr": []}}')
debug_merge_point(0, 0, '186<main.rpyeffect:178(Name(-_34))>+1: {"op": "Return". "args": {"num": []. "ptr": [0]}}')
debug_merge_point(0, 0, '213<main.rpyeffect:205([k@[switch case for 0#562]#564])>+0: {"op": "Const". "type": "num". "out": 0. "value": 1}')
debug_merge_point(0, 0, '213<main.rpyeffect:205([k@[switch case for 0#562]#564])>+1: {"op": "Push". "target": 212. "args": {"num": []. "ptr": []}}')
debug_merge_point(0, 0, '213<main.rpyeffect:205([k@[switch case for 0#562]#564])>+2: {"op": "Invoke". "receiver": 0. "tag": Interned(%apply(n):n). "args" : {"num": [0]. "ptr": []}}')
debug_merge_point(0, 0, '179<main.rpyeffect:171([method_%apply(n):n@Name(-_34)#469])>+0: {"op": "Jump". "target": 177}')
debug_merge_point(0, 0, '177<main.rpyeffect:169([mcore:[#24]#465])>+0: {"op": "PrimOp". "name": "infixSub(Int. Int): Int". "out": {"num": [0]. "ptr": []}. "in": {"num": [1. 0]. "ptr": []}}')
+1152: i113 = int_sub(i101, 1)
debug_merge_point(0, 0, '177<main.rpyeffect:169([mcore:[#24]#465])>+1: {"op": "Return". "args": {"num": [0]. "ptr": []}}')
debug_merge_point(0, 0, '212<main.rpyeffect:204([k@[k@[switch case for 0#562]#564]#568])>+0: {"op": "Const". "type": "num". "out": 1. "value": 0}')
debug_merge_point(0, 0, '212<main.rpyeffect:204([k@[k@[switch case for 0#562]#564]#568])>+1: {"op": "Const". "type": "ptr". "out": 0. "format": "string". "value": "Name(Set_1)"}')
debug_merge_point(0, 0, '212<main.rpyeffect:204([k@[k@[switch case for 0#562]#564]#568])>+2: {"op": "PrimOp". "name": "getGlobal(String): Ptr". "out": {"num": []. "ptr": [0]}. "in": {"num": []. "ptr": [0]}}')
debug_merge_point(0, 0, '212<main.rpyeffect:204([k@[k@[switch case for 0#562]#564]#568])>+3: {"op": "GetDynamic". "out": 0. "n": 1. "label": 0}')
+1156: i115 = int_ne(i74, 300068)
guard_false(i115, descr=<Guard0x1302b55e0>) [p2, i7, i9, i11, i13, i15, i17, i19, i21, i23, i25, i27, i29, i31, i33, i35, i37, p40, p42, p44, p46, p48, p50, p52, p54, p56, p58, p60, p62, p64, p66, p68, p70, p0, p1, p3, p4]
+1176: i117 = instance_ptr_eq(p0, ConstPtr(ptr116))
guard_true(i117, descr=<Guard0x1302b5620>) [p2, i7, i9, i11, i13, i15, i17, i19, i21, i23, i25, i27, i29, i31, i33, i35, i37, p40, p42, p44, p46, p48, p50, p52, p54, p56, p58, p60, p62, p64, p66, p68, p70, p0, p1, p3, p4]
debug_merge_point(0, 0, '212<main.rpyeffect:204([k@[k@[switch case for 0#562]#564]#568])>+4: {"op": "Push". "target": 211. "args": {"num": []. "ptr": []}}')
debug_merge_point(0, 0, '212<main.rpyeffect:204([k@[k@[switch case for 0#562]#564]#568])>+5: {"op": "Invoke". "receiver": 0. "tag": Interned(%Set_1(n):p). "args" : {"num": [0]. "ptr": []}}')
+1184: p118 = getfield_gc_r(p4, descr=<FieldP rpyeffect.stored_environment.CoData__arb_arb.inst_vtable 24 pure>)
+1200: guard_value(p118, ConstPtr(ptr119), descr=<Guard0x1302b5660>) [p2, i7, i9, i11, i13, i15, i17, i19, i21, i23, i25, i27, i29, i31, i33, i35, i37, p40, p42, p44, p46, p48, p50, p52, p54, p56, p58, p60, p62, p64, p66, p68, p70, p0, p1, p3, p4]
+1208: p120 = getfield_gc_r(p4, descr=<FieldP rpyeffect.stored_environment.CoData__0_1.inst_values_ptr_0 32 pure>)
debug_merge_point(0, 0, '271<main.rpyeffect:263([method_%Set_1(n):p@[mcore:[#42]#601]#718])>+0: {"op": "Const". "type": "num". "out": 1. "value": 0}')
debug_merge_point(0, 0, '271<main.rpyeffect:263([method_%Set_1(n):p@[mcore:[#42]#601]#718])>+1: {"op": "ShiftDyn". "out": 0. "n": 1. "label": 0}')
+1212: i121 = getfield_gc_i(p120, descr=<FieldS rpyeffect.stack.Label.inst_origin 8 pure>)
+1216: i123 = int_ne(300068, i121)
guard_true(i123, descr=<Guard0x1302b56a0>) [p2, i7, i9, i11, i13, i15, i17, i19, i21, i23, i25, i27, i29, i31, i33, i35, i37, p40, p42, p44, p46, p48, p50, p52, p54, p56, p58, p60, p62, p64, p66, p68, p70, p0, p1, p3, p4]
+1236: i124 = int_ne(i79, i121)
guard_true(i124, descr=<Guard0x1302b56e0>) [p2, i7, i9, i11, i13, i15, i17, i19, i21, i23, i25, i27, i29, i31, i33, i35, i37, p40, p42, p44, p46, p48, p50, p52, p54, p56, p58, p60, p62, p64, p66, p68, p70, p0, p1, p3, p4]
+1244: i125 = int_ne(i84, i121)
guard_false(i125, descr=<Guard0x1302b5720>) [p2, i7, i9, i11, i13, i15, i17, i19, i21, i23, i25, i27, i29, i31, i33, i35, i37, p40, p42, p44, p46, p48, p50, p52, p54, p56, p58, p60, p62, p64, p66, p68, p70, p0, p1, p3, p4]
+1252: i126 = instance_ptr_eq(p83, p120)
guard_true(i126, descr=<Guard0x1302b5760>) [p2, i7, i9, i11, i13, i15, i17, i19, i21, i23, i25, i27, i29, i31, i33, i35, i37, p40, p42, p44, p46, p48, p50, p52, p54, p56, p58, p60, p62, p64, p66, p68, p70, p0, p1, p3, p4]
debug_merge_point(0, 0, '271<main.rpyeffect:263([method_%Set_1(n):p@[mcore:[#42]#601]#718])>+2: {"op": "New". "out": 0. "targets": [264. 266. 268. 270]. "args": {"num": [0]. "ptr": [0]}}')
debug_merge_point(0, 0, '271<main.rpyeffect:263([method_%Set_1(n):p@[mcore:[#42]#601]#718])>+3: {"op": "Return". "args": {"num": []. "ptr": [0]}}')
debug_merge_point(0, 0, '222<main.rpyeffect:214([k@[mcore:[#35]#592]#594])>+0: {"op": "Invoke". "receiver": 0. "tag": Interned(%apply(n):n). "args" : {"num": [0]. "ptr": []}}')
debug_merge_point(0, 0, '264<main.rpyeffect:256([#727])>+0: {"op": "Jump". "target": 226}')
debug_merge_point(0, 0, '226<main.rpyeffect:218([mcore:[#39]#595])>+0: {"op": "Construct". "out": 1. "type": Interned({"op": "eff$Tuple". "elements": []}). "tag": Interned({"op": "eff$Tuple". "elements": []}). "args": {"num": []. "ptr": []}}')
debug_merge_point(0, 0, '226<main.rpyeffect:218([mcore:[#39]#595])>+1: {"op": "Push". "target": 225. "args": {"num": [1]. "ptr": []}}')
debug_merge_point(0, 0, '226<main.rpyeffect:218([mcore:[#39]#595])>+2: {"op": "Swap". "type": "ptr". "a": 1. "b". 0}')
debug_merge_point(0, 0, '226<main.rpyeffect:218([mcore:[#39]#595])>+3: {"op": "Jump". "target": 224}')
debug_merge_point(0, 0, '224<main.rpyeffect:216(Name(k_70))>+0: {"op": "PushStack". "arg": 1}')
debug_merge_point(0, 0, '224<main.rpyeffect:216(Name(k_70))>+1: {"op": "Return". "args": {"num": []. "ptr": [0]}}')
debug_merge_point(0, 0, '211<main.rpyeffect:203([#576])>+0: {"op": "Construct". "out": 0. "type": Interned({"op": "eff$Tuple". "elements": []}). "tag": Interned({"op": "eff$Tuple". "elements": []}). "args": {"num": []. "ptr": []}}')
debug_merge_point(0, 0, '211<main.rpyeffect:203([#576])>+1: {"op": "Const". "type": "ptr". "out": 1. "format": "string". "value": "Name(Get_0)"}')
debug_merge_point(0, 0, '211<main.rpyeffect:203([#576])>+2: {"op": "PrimOp". "name": "getGlobal(String): Ptr". "out": {"num": []. "ptr": [1]}. "in": {"num": []. "ptr": [1]}}')
debug_merge_point(0, 0, '211<main.rpyeffect:203([#576])>+3: {"op": "Const". "type": "ptr". "out": 2. "format": "string". "value": "Name(Set_1)"}')
debug_merge_point(0, 0, '211<main.rpyeffect:203([#576])>+4: {"op": "PrimOp". "name": "getGlobal(String): Ptr". "out": {"num": []. "ptr": [2]}. "in": {"num": []. "ptr": [2]}}')
debug_merge_point(0, 0, '211<main.rpyeffect:203([#576])>+5: {"op": "Push". "target": 210. "args": {"num": []. "ptr": []}}')
debug_merge_point(0, 0, '211<main.rpyeffect:203([#576])>+6: {"op": "Jump". "target": 208}')
debug_merge_point(0, 0, '208<main.rpyeffect:200([mcore:[eta-expanded fn#434]#533])>+0: {"op": "Push". "target": 207. "args": {"num": []. "ptr": []}}')
debug_merge_point(0, 0, '208<main.rpyeffect:200([mcore:[eta-expanded fn#434]#533])>+1: {"op": "Jump". "target": 220}')
debug_merge_point(0, 0, '220<main.rpyeffect:212(Name(countdown_48))>+0: {"op": "Const". "type": "num". "out": 0. "value": 0}')
debug_merge_point(0, 0, '220<main.rpyeffect:212(Name(countdown_48))>+1: {"op": "Const". "type": "ptr". "out": 0. "format": "string". "value": "Name(Get_0)"}')
debug_merge_point(0, 0, '220<main.rpyeffect:212(Name(countdown_48))>+2: {"op": "PrimOp". "name": "getGlobal(String): Ptr". "out": {"num": []. "ptr": [0]}. "in": {"num": []. "ptr": [0]}}')
debug_merge_point(0, 0, '220<main.rpyeffect:212(Name(countdown_48))>+3: {"op": "GetDynamic". "out": 0. "n": 0. "label": 0}')
+1264: i128 = instance_ptr_eq(p0, ConstPtr(ptr127))
guard_false(i128, descr=<Guard0x130308e60>) [p2, i7, i9, i11, i13, i15, i17, i19, i21, i23, i25, i27, i29, i31, i33, i35, i37, p40, p42, p44, p46, p48, p50, p52, p54, p56, p58, p60, p62, p64, p66, p68, p70, p0, p1, p3, p4]
+1272: i130 = int_ne(i79, 300063)
guard_false(i130, descr=<Guard0x130308e20>) [p2, i7, i9, i11, i13, i15, i17, i19, i21, i23, i25, i27, i29, i31, i33, i35, i37, p40, p42, p44, p46, p48, p50, p52, p54, p56, p58, p60, p62, p64, p66, p68, p70, p0, p1, p3, p4]
+1288: i132 = instance_ptr_eq(p78, ConstPtr(ptr131))
guard_true(i132, descr=<Guard0x130308de0>) [p2, i7, i9, i11, i13, i15, i17, i19, i21, i23, i25, i27, i29, i31, i33, i35, i37, p40, p42, p44, p46, p48, p50, p52, p54, p56, p58, p60, p62, p64, p66, p68, p70, p0, p1, p3, p4]
debug_merge_point(0, 0, '220<main.rpyeffect:212(Name(countdown_48))>+4: {"op": "Construct". "out": 1. "type": Interned({"op": "eff$Tuple". "elements": []}). "tag": Interned({"op": "eff$Tuple". "elements": []}). "args": {"num": []. "ptr": []}}')
debug_merge_point(0, 0, '220<main.rpyeffect:212(Name(countdown_48))>+5: {"op": "Push". "target": 219. "args": {"num": []. "ptr": []}}')
debug_merge_point(0, 0, '220<main.rpyeffect:212(Name(countdown_48))>+6: {"op": "Swap". "type": "ptr". "a": 1. "b". 0}')
+1296: label(p0, p107, p2, p90, p78, p87, p83, p102, i113, p95, p96, p92, p4, i11, i13, i15, i17, i19, i21, i23, i25, i27, i29, i31, i33, i35, i37, p46, p48, p50, p52, p54, p56, p58, p60, p62, p64, p66, p68, p70, i84, p120, i121, descr=TargetToken(5103073248))
debug_merge_point(0, 0, '220<main.rpyeffect:212(Name(countdown_48))>+6: {"op": "Swap". "type": "ptr". "a": 1. "b". 0}')
+1304: guard_not_invalidated(descr=<Guard0x130306548>) [p2, i113, i11, i13, i15, i17, i19, i21, i23, i25, i27, i29, i31, i33, i35, i37, p92, p46, p48, p50, p52, p54, p56, p58, p60, p62, p64, p66, p68, p70, p0, p4, p102, p96, p95, p83, p87, p78, p90, p107]
debug_merge_point(0, 0, '220<main.rpyeffect:212(Name(countdown_48))>+7: {"op": "Invoke". "receiver": 1. "tag": Interned(%Get_0(p):n). "args" : {"num": []. "ptr": [0]}}')
+1308: p133 = getfield_gc_r(p92, descr=<FieldP rpyeffect.stored_environment.CoData__arb_arb.inst_vtable 24 pure>)
+1316: guard_value(p133, ConstPtr(ptr134), descr=<Guard0x130308da0>) [p2, i113, i11, i13, i15, i17, i19, i21, i23, i25, i27, i29, i31, i33, i35, i37, p92, p46, p48, p50, p52, p54, p56, p58, p60, p62, p64, p66, p68, p70, p0, p4, p102, p96, p95, p83, p87, p78, p90, p107]
+1324: p135 = getfield_gc_r(p92, descr=<FieldP rpyeffect.stored_environment.CoData__0_1.inst_values_ptr_0 32 pure>)
debug_merge_point(0, 0, '248<main.rpyeffect:240([method_%Get_0(p):n@[mcore:[#42]#601]#635])>+0: {"op": "Const". "type": "num". "out": 0. "value": 0}')
debug_merge_point(0, 0, '248<main.rpyeffect:240([method_%Get_0(p):n@[mcore:[#42]#601]#635])>+1: {"op": "ShiftDyn". "out": 1. "n": 0. "label": 1}')
+1328: i136 = getfield_gc_i(p135, descr=<FieldS rpyeffect.stack.Label.inst_origin 8 pure>)
+1332: i137 = int_ne(300068, i136)
guard_true(i137, descr=<Guard0x130308d60>) [p2, i113, i11, i13, i15, i17, i19, i21, i23, i25, i27, i29, i31, i33, i35, i37, p92, p46, p48, p50, p52, p54, p56, p58, p60, p62, p64, p66, p68, p70, p0, p4, p102, p96, p95, p83, p87, p78, p90, p107]
+1348: i139 = int_ne(300063, i136)
guard_true(i139, descr=<Guard0x130308d20>) [p2, i113, i11, i13, i15, i17, i19, i21, i23, i25, i27, i29, i31, i33, i35, i37, p92, p46, p48, p50, p52, p54, p56, p58, p60, p62, p64, p66, p68, p70, p0, p4, p102, p96, p95, p83, p87, p78, p90, p107]
+1364: i140 = int_ne(i84, i136)
guard_false(i140, descr=<Guard0x130308ce0>) [p2, i113, i11, i13, i15, i17, i19, i21, i23, i25, i27, i29, i31, i33, i35, i37, p92, p46, p48, p50, p52, p54, p56, p58, p60, p62, p64, p66, p68, p70, p0, p4, p102, p96, p95, p83, p87, p78, p90, p107]
+1372: i141 = instance_ptr_eq(p83, p135)
guard_true(i141, descr=<Guard0x130308ca0>) [p2, i113, i11, i13, i15, i17, i19, i21, i23, i25, i27, i29, i31, i33, i35, i37, p92, p46, p48, p50, p52, p54, p56, p58, p60, p62, p64, p66, p68, p70, p0, p4, p102, p96, p95, p83, p87, p78, p90, p107]
debug_merge_point(0, 0, '248<main.rpyeffect:240([method_%Get_0(p):n@[mcore:[#42]#601]#635])>+2: {"op": "Swap". "type": "ptr". "a": 1. "b". 0}')
debug_merge_point(0, 0, '248<main.rpyeffect:240([method_%Get_0(p):n@[mcore:[#42]#601]#635])>+3: {"op": "Match". "type": Interned({"op": "eff$Tuple". "elements": []}). "scrutinee": 1. "clauses": [{"tag": Interned({"op": "eff$Tuple". "elements": []}). "target": 247. "args": {"num": []. "ptr": []}}]. "default": {"tag": Interned(3f5d8ffa-b51e-4524-a5ce-235274b486a2#[Missing Tag#970]). "target": 238. "args": {"num": []. "ptr": []}}}')
debug_merge_point(0, 0, '247<main.rpyeffect:239([#644])>+0: {"op": "New". "out": 0. "targets": [240. 242. 244. 246]. "args": {"num": []. "ptr": [0]}}')
debug_merge_point(0, 0, '247<main.rpyeffect:239([#644])>+1: {"op": "Return". "args": {"num": []. "ptr": [0]}}')
debug_merge_point(0, 0, '225<main.rpyeffect:217([k@[mcore:[#39]#595]#599])>+0: {"op": "Invoke". "receiver": 0. "tag": Interned(%apply(n):n). "args" : {"num": [0]. "ptr": []}}')
debug_merge_point(0, 0, '240<main.rpyeffect:232([method_%apply(n):n@[#644]#648])>+0: {"op": "Jump". "target": 223}')
debug_merge_point(0, 0, '223<main.rpyeffect:215([mcore:[#35]#592])>+0: {"op": "Push". "target": 222. "args": {"num": [0]. "ptr": []}}')
debug_merge_point(0, 0, '223<main.rpyeffect:215([mcore:[#35]#592])>+1: {"op": "Jump". "target": 221}')
debug_merge_point(0, 0, '221<main.rpyeffect:213(Name(k_66))>+0: {"op": "PushStack". "arg": 0}')
debug_merge_point(0, 0, '221<main.rpyeffect:213(Name(k_66))>+1: {"op": "Return". "args": {"num": [0]. "ptr": []}}')
debug_merge_point(0, 0, '219<main.rpyeffect:211([k@Name(countdown_48)#551])>+0: {"op": "Push". "target": 218. "args": {"num": [0]. "ptr": []}}')
debug_merge_point(0, 0, '219<main.rpyeffect:211([k@Name(countdown_48)#551])>+1: {"op": "Jump". "target": 17}')
debug_merge_point(0, 0, '17<main.rpyeffect:9(Name(=_0))>+0: {"op": "New". "out": 0. "targets": [10. 12. 14. 16]. "args": {"num": [0]. "ptr": []}}')
debug_merge_point(0, 0, '17<main.rpyeffect:9(Name(=_0))>+1: {"op": "Return". "args": {"num": []. "ptr": [0]}}')
debug_merge_point(0, 0, '218<main.rpyeffect:210([k@[k@Name(countdown_48)#551]#553])>+0: {"op": "Const". "type": "num". "out": 1. "value": 0}')
debug_merge_point(0, 0, '218<main.rpyeffect:210([k@[k@Name(countdown_48)#551]#553])>+1: {"op": "Push". "target": 217. "args": {"num": [0]. "ptr": []}}')
debug_merge_point(0, 0, '218<main.rpyeffect:210([k@[k@Name(countdown_48)#551]#553])>+2: {"op": "Copy". "type": "num". "from": 1. "to". 0}')
debug_merge_point(0, 0, '218<main.rpyeffect:210([k@[k@Name(countdown_48)#551]#553])>+3: {"op": "Invoke". "receiver": 0. "tag": Interned(%apply(n):n). "args" : {"num": [0]. "ptr": []}}')
debug_merge_point(0, 0, '10<main.rpyeffect:2([method_%apply(n):n@Name(=_0)#7])>+0: {"op": "Jump". "target": 8}')
debug_merge_point(0, 0, '8<main.rpyeffect:0([mcore:[#9]#3])>+0: {"op": "PrimOp". "name": "infixEq(Int. Int): Boolean". "out": {"num": [0]. "ptr": []}. "in": {"num": [1. 0]. "ptr": []}}')
+1380: i143 = int_eq(i113, 0)
guard_false(i143, descr=<Guard0x130308c60>) [p2, i113, i11, i13, i15, i17, i19, i21, i23, i25, i27, i29, i31, i33, i35, i37, p92, p46, p48, p50, p52, p54, p56, p58, p60, p62, p64, p66, p68, p70, p0, p4, p102, p96, p95, p83, p87, p78, p90, p107]
debug_merge_point(0, 0, '8<main.rpyeffect:0([mcore:[#9]#3])>+1: {"op": "Return". "args": {"num": [0]. "ptr": []}}')
debug_merge_point(0, 0, '217<main.rpyeffect:209([k@[k@[k@Name(countdown_48)#551]#553]#557])>+0: {"op": "Switch". "scrutinee": 0. "values": [1]. "targets": [209]. "default": 216}')
debug_merge_point(0, 0, '216<main.rpyeffect:208([switch default case#561])>+0: {"op": "Swap". "type": "num". "a": 1. "b". 0}')
debug_merge_point(0, 0, '216<main.rpyeffect:208([switch default case#561])>+1: {"op": "Switch". "scrutinee": 1. "values": [0]. "targets": [214]. "default": 215}')
debug_merge_point(0, 0, '214<main.rpyeffect:206([switch case for 0#562])>+0: {"op": "Push". "target": 213. "args": {"num": []. "ptr": []}}')
debug_merge_point(0, 0, '214<main.rpyeffect:206([switch case for 0#562])>+1: {"op": "Jump". "target": 186}')
debug_merge_point(0, 0, '186<main.rpyeffect:178(Name(-_34))>+0: {"op": "New". "out": 0. "targets": [179. 181. 183. 185]. "args": {"num": [0]. "ptr": []}}')
debug_merge_point(0, 0, '186<main.rpyeffect:178(Name(-_34))>+1: {"op": "Return". "args": {"num": []. "ptr": [0]}}')
debug_merge_point(0, 0, '213<main.rpyeffect:205([k@[switch case for 0#562]#564])>+0: {"op": "Const". "type": "num". "out": 0. "value": 1}')
debug_merge_point(0, 0, '213<main.rpyeffect:205([k@[switch case for 0#562]#564])>+1: {"op": "Push". "target": 212. "args": {"num": []. "ptr": []}}')
debug_merge_point(0, 0, '213<main.rpyeffect:205([k@[switch case for 0#562]#564])>+2: {"op": "Invoke". "receiver": 0. "tag": Interned(%apply(n):n). "args" : {"num": [0]. "ptr": []}}')
debug_merge_point(0, 0, '179<main.rpyeffect:171([method_%apply(n):n@Name(-_34)#469])>+0: {"op": "Jump". "target": 177}')
debug_merge_point(0, 0, '177<main.rpyeffect:169([mcore:[#24]#465])>+0: {"op": "PrimOp". "name": "infixSub(Int. Int): Int". "out": {"num": [0]. "ptr": []}. "in": {"num": [1. 0]. "ptr": []}}')
+1388: i145 = int_sub(i113, 1)
debug_merge_point(0, 0, '177<main.rpyeffect:169([mcore:[#24]#465])>+1: {"op": "Return". "args": {"num": [0]. "ptr": []}}')
debug_merge_point(0, 0, '212<main.rpyeffect:204([k@[k@[switch case for 0#562]#564]#568])>+0: {"op": "Const". "type": "num". "out": 1. "value": 0}')
debug_merge_point(0, 0, '212<main.rpyeffect:204([k@[k@[switch case for 0#562]#564]#568])>+1: {"op": "Const". "type": "ptr". "out": 0. "format": "string". "value": "Name(Set_1)"}')
debug_merge_point(0, 0, '212<main.rpyeffect:204([k@[k@[switch case for 0#562]#564]#568])>+2: {"op": "PrimOp". "name": "getGlobal(String): Ptr". "out": {"num": []. "ptr": [0]}. "in": {"num": []. "ptr": [0]}}')
debug_merge_point(0, 0, '212<main.rpyeffect:204([k@[k@[switch case for 0#562]#564]#568])>+3: {"op": "GetDynamic". "out": 0. "n": 1. "label": 0}')
debug_merge_point(0, 0, '212<main.rpyeffect:204([k@[k@[switch case for 0#562]#564]#568])>+4: {"op": "Push". "target": 211. "args": {"num": []. "ptr": []}}')
debug_merge_point(0, 0, '212<main.rpyeffect:204([k@[k@[switch case for 0#562]#564]#568])>+5: {"op": "Invoke". "receiver": 0. "tag": Interned(%Set_1(n):p). "args" : {"num": [0]. "ptr": []}}')
debug_merge_point(0, 0, '271<main.rpyeffect:263([method_%Set_1(n):p@[mcore:[#42]#601]#718])>+0: {"op": "Const". "type": "num". "out": 1. "value": 0}')
debug_merge_point(0, 0, '271<main.rpyeffect:263([method_%Set_1(n):p@[mcore:[#42]#601]#718])>+1: {"op": "ShiftDyn". "out": 0. "n": 1. "label": 0}')
+1392: i146 = int_ne(300063, i121)
guard_true(i146, descr=<Guard0x130308c20>) [p2, i113, i11, i13, i15, i17, i19, i21, i23, i25, i27, i29, i31, i33, i35, i37, p92, p46, p48, p50, p52, p54, p56, p58, p60, p62, p64, p66, p68, p70, p0, p4, p102, p96, p95, p83, p87, p78, p90, p107]
debug_merge_point(0, 0, '271<main.rpyeffect:263([method_%Set_1(n):p@[mcore:[#42]#601]#718])>+2: {"op": "New". "out": 0. "targets": [264. 266. 268. 270]. "args": {"num": [0]. "ptr": [0]}}')
debug_merge_point(0, 0, '271<main.rpyeffect:263([method_%Set_1(n):p@[mcore:[#42]#601]#718])>+3: {"op": "Return". "args": {"num": []. "ptr": [0]}}')
debug_merge_point(0, 0, '222<main.rpyeffect:214([k@[mcore:[#35]#592]#594])>+0: {"op": "Invoke". "receiver": 0. "tag": Interned(%apply(n):n). "args" : {"num": [0]. "ptr": []}}')
debug_merge_point(0, 0, '264<main.rpyeffect:256([#727])>+0: {"op": "Jump". "target": 226}')
debug_merge_point(0, 0, '226<main.rpyeffect:218([mcore:[#39]#595])>+0: {"op": "Construct". "out": 1. "type": Interned({"op": "eff$Tuple". "elements": []}). "tag": Interned({"op": "eff$Tuple". "elements": []}). "args": {"num": []. "ptr": []}}')
debug_merge_point(0, 0, '226<main.rpyeffect:218([mcore:[#39]#595])>+1: {"op": "Push". "target": 225. "args": {"num": [1]. "ptr": []}}')
debug_merge_point(0, 0, '226<main.rpyeffect:218([mcore:[#39]#595])>+2: {"op": "Swap". "type": "ptr". "a": 1. "b". 0}')
debug_merge_point(0, 0, '226<main.rpyeffect:218([mcore:[#39]#595])>+3: {"op": "Jump". "target": 224}')
debug_merge_point(0, 0, '224<main.rpyeffect:216(Name(k_70))>+0: {"op": "PushStack". "arg": 1}')
debug_merge_point(0, 0, '224<main.rpyeffect:216(Name(k_70))>+1: {"op": "Return". "args": {"num": []. "ptr": [0]}}')
debug_merge_point(0, 0, '211<main.rpyeffect:203([#576])>+0: {"op": "Construct". "out": 0. "type": Interned({"op": "eff$Tuple". "elements": []}). "tag": Interned({"op": "eff$Tuple". "elements": []}). "args": {"num": []. "ptr": []}}')
debug_merge_point(0, 0, '211<main.rpyeffect:203([#576])>+1: {"op": "Const". "type": "ptr". "out": 1. "format": "string". "value": "Name(Get_0)"}')
debug_merge_point(0, 0, '211<main.rpyeffect:203([#576])>+2: {"op": "PrimOp". "name": "getGlobal(String): Ptr". "out": {"num": []. "ptr": [1]}. "in": {"num": []. "ptr": [1]}}')
debug_merge_point(0, 0, '211<main.rpyeffect:203([#576])>+3: {"op": "Const". "type": "ptr". "out": 2. "format": "string". "value": "Name(Set_1)"}')
debug_merge_point(0, 0, '211<main.rpyeffect:203([#576])>+4: {"op": "PrimOp". "name": "getGlobal(String): Ptr". "out": {"num": []. "ptr": [2]}. "in": {"num": []. "ptr": [2]}}')
debug_merge_point(0, 0, '211<main.rpyeffect:203([#576])>+5: {"op": "Push". "target": 210. "args": {"num": []. "ptr": []}}')
debug_merge_point(0, 0, '211<main.rpyeffect:203([#576])>+6: {"op": "Jump". "target": 208}')
debug_merge_point(0, 0, '208<main.rpyeffect:200([mcore:[eta-expanded fn#434]#533])>+0: {"op": "Push". "target": 207. "args": {"num": []. "ptr": []}}')
debug_merge_point(0, 0, '208<main.rpyeffect:200([mcore:[eta-expanded fn#434]#533])>+1: {"op": "Jump". "target": 220}')
debug_merge_point(0, 0, '220<main.rpyeffect:212(Name(countdown_48))>+0: {"op": "Const". "type": "num". "out": 0. "value": 0}')
debug_merge_point(0, 0, '220<main.rpyeffect:212(Name(countdown_48))>+1: {"op": "Const". "type": "ptr". "out": 0. "format": "string". "value": "Name(Get_0)"}')
debug_merge_point(0, 0, '220<main.rpyeffect:212(Name(countdown_48))>+2: {"op": "PrimOp". "name": "getGlobal(String): Ptr". "out": {"num": []. "ptr": [0]}. "in": {"num": []. "ptr": [0]}}')
debug_merge_point(0, 0, '220<main.rpyeffect:212(Name(countdown_48))>+3: {"op": "GetDynamic". "out": 0. "n": 0. "label": 0}')
debug_merge_point(0, 0, '220<main.rpyeffect:212(Name(countdown_48))>+4: {"op": "Construct". "out": 1. "type": Interned({"op": "eff$Tuple". "elements": []}). "tag": Interned({"op": "eff$Tuple". "elements": []}). "args": {"num": []. "ptr": []}}')
debug_merge_point(0, 0, '220<main.rpyeffect:212(Name(countdown_48))>+5: {"op": "Push". "target": 219. "args": {"num": []. "ptr": []}}')
debug_merge_point(0, 0, '220<main.rpyeffect:212(Name(countdown_48))>+6: {"op": "Swap". "type": "ptr". "a": 1. "b". 0}')
+1408: p147 = new_with_vtable(descr=<SizeDescr 40>)
+1516: p148 = new_with_vtable(descr=<SizeDescr 40>)
+1528: setfield_gc(p148, p107, descr=<FieldP rpyeffect.stored_environment.Stack__arb_arb.inst_tail 8 pure>)
+1532: setfield_gc(p148, 210, descr=<FieldS rpyeffect.stored_environment.Stack__arb_arb.inst_target 16 pure>)
+1540: setfield_gc(p147, 207, descr=<FieldS rpyeffect.stored_environment.Stack__arb_arb.inst_target 16 pure>)
+1548: setfield_gc(p147, p148, descr=<FieldP rpyeffect.stored_environment.Stack__arb_arb.inst_tail 8 pure>)
+1584: jump(p0, p147, p2, p90, p78, p87, p83, p102, i145, p95, p96, p92, p4, i11, i13, i15, i17, i19, i21, i23, i25, i27, i29, i31, i33, i35, i37, p46, p48, p50, p52, p54, p56, p58, p60, p62, p64, p66, p68, p70, i84, p120, i121, descr=TargetToken(5103073248))
+1596: --end of the loop--
[94eef4] jit-log-opt-loop}
