[58bb55] {jit-log-opt-loop
# Loop 1 (36<main.rpyeffect:36(Name(go434249))>+1: {"op": "Jump", "target": 10}) : loop with 169 ops
[p0, p1, p2, p3, p4]
+280: p5 = getfield_gc_r(p2, descr=<FieldP rpyeffect.environment.Environment.inst_values_num 16>)
+288: i7 = getarrayitem_gc_i(p5, 0, descr=<ArrayS 8>)
+292: i9 = getarrayitem_gc_i(p5, 1, descr=<ArrayS 8>)
+296: i11 = getarrayitem_gc_i(p5, 2, descr=<ArrayS 8>)
+300: i13 = getarrayitem_gc_i(p5, 3, descr=<ArrayS 8>)
+304: p14 = getfield_gc_r(p2, descr=<FieldP rpyeffect.environment.Environment.inst_values_ptr 24>)
+308: p16 = getarrayitem_gc_r(p14, 0, descr=<ArrayP 8>)
+312: p18 = getarrayitem_gc_r(p14, 1, descr=<ArrayP 8>)
+316: p20 = getarrayitem_gc_r(p14, 2, descr=<ArrayP 8>)
+320: p22 = getarrayitem_gc_r(p14, 3, descr=<ArrayP 8>)
+324: p24 = getarrayitem_gc_r(p14, 4, descr=<ArrayP 8>)
+328: label(p0, p1, p2, p3, p4, i7, i9, i11, i13, p16, p18, p20, p22, p24, descr=TargetToken(5505746608))
debug_merge_point(0, 0, '36<main.rpyeffect:36(Name(go434249))>+1: {"op": "Jump". "target": 10}')
+356: guard_not_invalidated(descr=<Guard0x1482b2650>) [p2, i7, i9, i11, i13, p16, p18, p20, p22, p24, p0, p1, p3, p4]
+360: guard_nonnull(p1, descr=<Guard0x1482a1560>) [p2, i7, i9, i11, i13, p16, p18, p20, p22, p24, p0, p1, p3, p4]
+372: i25 = getfield_gc_i(p1, descr=<FieldS rpyeffect.stored_environment.Stack__arb_arb.inst_target 16 pure>)
+380: guard_value(i25, 35, descr=<Guard0x1482a15a0>) [p2, i7, i9, i11, i13, p16, p18, p20, p22, p24, p0, p1, p3, p4]
debug_merge_point(0, 0, '10<main.rpyeffect:10(Name(infixGt174))>+0: {"op": "PrimOp". "name": "infixGt(Int. Int): Boolean". "out": {"num": [0]. "ptr": []}. "in": {"num": [0. 1]. "ptr": []}}')
+392: i27 = int_gt(i7, i9)
guard_false(i27, descr=<Guard0x1482a15e0>) [p2, i7, i9, i11, i13, p16, p18, p20, p22, p24, p0, p1, p3, p4]
debug_merge_point(0, 0, '10<main.rpyeffect:10(Name(infixGt174))>+1: {"op": "Return". "args": {"num": [0]. "ptr": []}}')
+400: i28 = getfield_gc_i(p1, descr=<FieldS rpyeffect.stored_environment.Stack__2_1.inst_values_num_0 40 pure>)
+404: i29 = getfield_gc_i(p1, descr=<FieldS rpyeffect.stored_environment.Stack__2_1.inst_values_num_1 48 pure>)
+408: p30 = getfield_gc_r(p1, descr=<FieldP rpyeffect.stored_environment.Stack__2_1.inst_values_ptr_0 56 pure>)
+412: p31 = getfield_gc_r(p1, descr=<FieldP rpyeffect.stored_environment.Stack__arb_arb.inst_tail 8 pure>)
debug_merge_point(0, 0, '35<main.rpyeffect:35([k@Name(go434249)#42])>+0: {"op": "Swap". "type": "num". "a": 1. "b". 0}')
debug_merge_point(0, 0, '35<main.rpyeffect:35([k@Name(go434249)#42])>+1: {"op": "Swap". "type": "num". "a": 2. "b". 0}')
debug_merge_point(0, 0, '35<main.rpyeffect:35([k@Name(go434249)#42])>+2: {"op": "IfZero". "cond": 1. "then": {"tag": null. "target": 34. "args": {"num": []. "ptr": []}}}')
+416: guard_nonnull(p31, descr=<Guard0x1482a1620>) [p2, i7, i9, i11, i13, p16, p18, p20, p22, p24, p0, p1, p3, p4]
+424: i32 = getfield_gc_i(p31, descr=<FieldS rpyeffect.stored_environment.Stack__arb_arb.inst_target 16 pure>)
+428: guard_value(i32, 119, descr=<Guard0x1482a1660>) [p2, i7, i9, i11, i13, p16, p18, p20, p22, p24, p0, p1, p3, p4]
debug_merge_point(0, 0, '34<main.rpyeffect:34([then#44])>+0: {"op": "Copy". "type": "num". "from": 2. "to". 1}')
debug_merge_point(0, 0, '34<main.rpyeffect:34([then#44])>+1: {"op": "PrimOp". "name": "box(Num): Ptr". "out": {"num": []. "ptr": [1]}. "in": {"num": [1]. "ptr": []}}')
debug_merge_point(0, 0, '34<main.rpyeffect:34([then#44])>+2: {"op": "Push". "target": 33. "args": {"num": [2. 0]. "ptr": [0]}}')
debug_merge_point(0, 0, '34<main.rpyeffect:34([then#44])>+3: {"op": "Swap". "type": "ptr". "a": 0. "b". 1}')
debug_merge_point(0, 0, '34<main.rpyeffect:34([then#44])>+4: {"op": "Jump". "target": 31}')
debug_merge_point(0, 0, '31<main.rpyeffect:31([mcore:[#72]#40])>+0: {"op": "Invoke". "receiver": 1. "tag": Interned(%emit2645(p):p). "args" : {"num": []. "ptr": [0]}}')
+440: p34 = getfield_gc_r(p30, descr=<FieldP rpyeffect.stored_environment.CoData__arb_arb.inst_vtable 24 pure>)
+448: guard_value(p34, ConstPtr(ptr35), descr=<Guard0x1482a16a0>) [p2, i7, i9, i11, i13, p16, p18, p20, p22, p24, p0, p1, p3, p4]
+456: p36 = getfield_gc_r(p30, descr=<FieldP rpyeffect.stored_environment.CoData__0_2.inst_values_ptr_0 32 pure>)
+460: p37 = getfield_gc_r(p30, descr=<FieldP rpyeffect.stored_environment.CoData__0_2.inst_values_ptr_1 40 pure>)
debug_merge_point(0, 0, '129<main.rpyeffect:129([#350])>+0: {"op": "Const". "type": "num". "out": 0. "value": 0}')
debug_merge_point(0, 0, '129<main.rpyeffect:129([#350])>+1: {"op": "ShiftDyn". "out": 2. "n": 0. "label": 2}')
+464: guard_isnull(p4, descr=<Guard0x1482a16e0>) [p2, i7, i9, i11, i13, p16, p18, p20, p22, p24, p0, p1, p3, p4]
+476: i38 = getfield_gc_i(p0, descr=<FieldS rpyeffect.stack.Label.inst_origin 8 pure>)
+484: i39 = getfield_gc_i(p37, descr=<FieldS rpyeffect.stack.Label.inst_origin 8 pure>)
+488: i40 = int_ne(i38, i39)
guard_false(i40, descr=<Guard0x1482a1720>) [p2, i7, i9, i11, i13, p16, p18, p20, p22, p24, p0, p1, p3, p4]
+496: i41 = instance_ptr_eq(p0, p37)
guard_true(i41, descr=<Guard0x1482a1760>) [p2, i7, i9, i11, i13, p16, p18, p20, p22, p24, p0, p1, p3, p4]
+504: guard_nonnull_class(p3, 4306923208, descr=<Guard0x1482b26a8>) [p2, i7, i9, i11, i13, p16, p18, p20, p22, p24, p0, p1, p3, p4]
+532: p43 = getfield_gc_r(p3, descr=<FieldP rpyeffect.stack.MetaStackLike.inst_stack 8 pure>)
+536: p44 = getfield_gc_r(p3, descr=<FieldP rpyeffect.stack.MetaStack.inst_label 16 pure>)
+540: p45 = getfield_gc_r(p3, descr=<FieldP rpyeffect.stack.MetaStack.inst_tail 32 pure>)
+544: guard_nonnull(p43, descr=<Guard0x1482a17a0>) [p2, i7, i9, i11, i13, p16, p18, p20, p22, p24, p0, p1, p3, p4]
+552: i46 = getfield_gc_i(p43, descr=<FieldS rpyeffect.stored_environment.Stack__arb_arb.inst_target 16 pure>)
+556: guard_value(i46, 118, descr=<Guard0x1482a17e0>) [p2, i7, i9, i11, i13, p16, p18, p20, p22, p24, p0, p1, p3, p4]
debug_merge_point(0, 0, '129<main.rpyeffect:129([#350])>+2: {"op": "Load". "out": 0. "type": "num". "ref": 1}')
+568: i48 = getfield_gc_i(p36, descr=<FieldS rpyeffect.region.NumRef.inst_value 8>)
debug_merge_point(0, 0, '129<main.rpyeffect:129([#350])>+3: {"op": "Copy". "type": "ptr". "from": 0. "to". 3}')
debug_merge_point(0, 0, '129<main.rpyeffect:129([#350])>+4: {"op": "PrimOp". "name": "unbox(Ptr): Num". "out": {"num": [1]. "ptr": []}. "in": {"num": []. "ptr": [3]}}')
debug_merge_point(0, 0, '129<main.rpyeffect:129([#350])>+5: {"op": "PrimOp". "name": "unbox(Ptr): Num". "out": {"num": [2]. "ptr": []}. "in": {"num": []. "ptr": [0]}}')
debug_merge_point(0, 0, '129<main.rpyeffect:129([#350])>+6: {"op": "Push". "target": 128. "args": {"num": [0]. "ptr": [1. 2]}}')
debug_merge_point(0, 0, '129<main.rpyeffect:129([#350])>+7: {"op": "Copy". "type": "num". "from": 1. "to". 0}')
debug_merge_point(0, 0, '129<main.rpyeffect:129([#350])>+8: {"op": "Copy". "type": "num". "from": 2. "to". 1}')
debug_merge_point(0, 0, '129<main.rpyeffect:129([#350])>+9: {"op": "Jump". "target": 6}')
debug_merge_point(0, 0, '6<main.rpyeffect:6(Name(infixMul98))>+0: {"op": "PrimOp". "name": "infixMul(Int. Int): Int". "out": {"num": [0]. "ptr": []}. "in": {"num": [0. 1]. "ptr": []}}')
+572: i49 = int_mul(i28, i28)
debug_merge_point(0, 0, '6<main.rpyeffect:6(Name(infixMul98))>+1: {"op": "Return". "args": {"num": [0]. "ptr": []}}')
debug_merge_point(0, 0, '128<main.rpyeffect:128([k@[#350]#363])>+0: {"op": "Push". "target": 127. "args": {"num": []. "ptr": [0. 1]}}')
debug_merge_point(0, 0, '128<main.rpyeffect:128([k@[#350]#363])>+1: {"op": "Swap". "type": "num". "a": 1. "b". 0}')
debug_merge_point(0, 0, '128<main.rpyeffect:128([k@[#350]#363])>+2: {"op": "Jump". "target": 5}')
debug_merge_point(0, 0, '5<main.rpyeffect:5(Name(infixAdd95))>+0: {"op": "PrimOp". "name": "infixAdd(Int. Int): Int". "out": {"num": [0]. "ptr": []}. "in": {"num": [0. 1]. "ptr": []}}')
+576: i50 = int_add(i48, i49)
debug_merge_point(0, 0, '5<main.rpyeffect:5(Name(infixAdd95))>+1: {"op": "Return". "args": {"num": [0]. "ptr": []}}')
debug_merge_point(0, 0, '127<main.rpyeffect:127([k@[k@[#350]#363]#365])>+0: {"op": "Const". "type": "num". "out": 1. "value": 1009}')
debug_merge_point(0, 0, '127<main.rpyeffect:127([k@[k@[#350]#363]#365])>+1: {"op": "Push". "target": 126. "args": {"num": []. "ptr": [0. 1]}}')
debug_merge_point(0, 0, '127<main.rpyeffect:127([k@[k@[#350]#363]#365])>+2: {"op": "Jump". "target": 8}')
debug_merge_point(0, 0, '8<main.rpyeffect:8(Name(mod107))>+0: {"op": "PrimOp". "name": "mod(Int. Int): Int". "out": {"num": [0]. "ptr": []}. "in": {"num": [0. 1]. "ptr": []}}')
+580: i52 = int_rshift(i50, 63)
+588: i53 = int_xor(i50, i52)
+592: i55 = uint_mul_high(i53, -9086255505087856445)
+612: i57 = uint_rshift(i55, 9)
+620: i58 = int_xor(i57, i52)
+624: i60 = int_mul(i58, 1009)
+632: i61 = int_sub(i50, i60)
debug_merge_point(0, 0, '8<main.rpyeffect:8(Name(mod107))>+1: {"op": "Return". "args": {"num": [0]. "ptr": []}}')
debug_merge_point(0, 0, '126<main.rpyeffect:126([k@[k@[k@[#350]#363]#365]#368])>+0: {"op": "Store". "ref": 0. "type": "num". "value": 0}')
debug_merge_point(0, 0, '126<main.rpyeffect:126([k@[k@[k@[#350]#363]#365]#368])>+1: {"op": "Construct". "out": 0. "type": Interned(Unit). "tag": Interned(unit). "args": {"num": []. "ptr": []}}')
debug_merge_point(0, 0, '126<main.rpyeffect:126([k@[k@[k@[#350]#363]#365]#368])>+2: {"op": "Construct". "out": 0. "type": Interned(Unit). "tag": Interned(unit). "args": {"num": []. "ptr": []}}')
debug_merge_point(0, 0, '126<main.rpyeffect:126([k@[k@[k@[#350]#363]#365]#368])>+3: {"op": "Jump". "target": 30}')
debug_merge_point(0, 0, '30<main.rpyeffect:30(Name(resume84123))>+0: {"op": "PushStack". "arg": 1}')
debug_merge_point(0, 0, '30<main.rpyeffect:30(Name(resume84123))>+1: {"op": "Return". "args": {"num": []. "ptr": [0]}}')
debug_merge_point(0, 0, '33<main.rpyeffect:33([k@[then#44]#49])>+0: {"op": "Const". "type": "num". "out": 2. "value": 1}')
debug_merge_point(0, 0, '33<main.rpyeffect:33([k@[then#44]#49])>+1: {"op": "Push". "target": 32. "args": {"num": [1]. "ptr": [1]}}')
debug_merge_point(0, 0, '33<main.rpyeffect:33([k@[then#44]#49])>+2: {"op": "Copy". "type": "num". "from": 2. "to". 1}')
debug_merge_point(0, 0, '33<main.rpyeffect:33([k@[then#44]#49])>+3: {"op": "Jump". "target": 5}')
debug_merge_point(0, 0, '5<main.rpyeffect:5(Name(infixAdd95))>+0: {"op": "PrimOp". "name": "infixAdd(Int. Int): Int". "out": {"num": [0]. "ptr": []}. "in": {"num": [0. 1]. "ptr": []}}')
+636: i63 = int_add(i28, 1)
debug_merge_point(0, 0, '5<main.rpyeffect:5(Name(infixAdd95))>+1: {"op": "Return". "args": {"num": [0]. "ptr": []}}')
debug_merge_point(0, 0, '32<main.rpyeffect:32([k@[k@[then#44]#49]#53])>+0: {"op": "Jump". "target": 36}')
debug_merge_point(0, 0, '36<main.rpyeffect:36(Name(go434249))>+0: {"op": "Push". "target": 35. "args": {"num": [0. 1]. "ptr": [0]}}')
debug_merge_point(0, 0, '36<main.rpyeffect:36(Name(go434249))>+1: {"op": "Jump". "target": 10}')
+640: setfield_gc(p36, i61, descr=<FieldS rpyeffect.region.NumRef.inst_value 8>)
+644: label(p0, p31, i63, i29, p30, p2, p43, p44, p45, i13, i28, p24, p37, p36, i61, descr=TargetToken(5505746688))
debug_merge_point(0, 0, '36<main.rpyeffect:36(Name(go434249))>+1: {"op": "Jump". "target": 10}')
+672: guard_not_invalidated(descr=<Guard0x1482b2700>) [p2, i63, i29, i13, p30, p24, p0, p45, p44, p43, i28, p31]
debug_merge_point(0, 0, '10<main.rpyeffect:10(Name(infixGt174))>+0: {"op": "PrimOp". "name": "infixGt(Int. Int): Boolean". "out": {"num": [0]. "ptr": []}. "in": {"num": [0. 1]. "ptr": []}}')
+676: i64 = int_gt(i63, i29)
guard_false(i64, descr=<Guard0x1482a1820>) [p2, i63, i29, i13, p30, p24, p0, p45, p44, p43, i28, p31]
debug_merge_point(0, 0, '10<main.rpyeffect:10(Name(infixGt174))>+1: {"op": "Return". "args": {"num": [0]. "ptr": []}}')
debug_merge_point(0, 0, '35<main.rpyeffect:35([k@Name(go434249)#42])>+0: {"op": "Swap". "type": "num". "a": 1. "b". 0}')
debug_merge_point(0, 0, '35<main.rpyeffect:35([k@Name(go434249)#42])>+1: {"op": "Swap". "type": "num". "a": 2. "b". 0}')
debug_merge_point(0, 0, '35<main.rpyeffect:35([k@Name(go434249)#42])>+2: {"op": "IfZero". "cond": 1. "then": {"tag": null. "target": 34. "args": {"num": []. "ptr": []}}}')
debug_merge_point(0, 0, '34<main.rpyeffect:34([then#44])>+0: {"op": "Copy". "type": "num". "from": 2. "to". 1}')
debug_merge_point(0, 0, '34<main.rpyeffect:34([then#44])>+1: {"op": "PrimOp". "name": "box(Num): Ptr". "out": {"num": []. "ptr": [1]}. "in": {"num": [1]. "ptr": []}}')
debug_merge_point(0, 0, '34<main.rpyeffect:34([then#44])>+2: {"op": "Push". "target": 33. "args": {"num": [2. 0]. "ptr": [0]}}')
debug_merge_point(0, 0, '34<main.rpyeffect:34([then#44])>+3: {"op": "Swap". "type": "ptr". "a": 0. "b". 1}')
debug_merge_point(0, 0, '34<main.rpyeffect:34([then#44])>+4: {"op": "Jump". "target": 31}')
debug_merge_point(0, 0, '31<main.rpyeffect:31([mcore:[#72]#40])>+0: {"op": "Invoke". "receiver": 1. "tag": Interned(%emit2645(p):p). "args" : {"num": []. "ptr": [0]}}')
debug_merge_point(0, 0, '129<main.rpyeffect:129([#350])>+0: {"op": "Const". "type": "num". "out": 0. "value": 0}')
debug_merge_point(0, 0, '129<main.rpyeffect:129([#350])>+1: {"op": "ShiftDyn". "out": 2. "n": 0. "label": 2}')
debug_merge_point(0, 0, '129<main.rpyeffect:129([#350])>+2: {"op": "Load". "out": 0. "type": "num". "ref": 1}')
debug_merge_point(0, 0, '129<main.rpyeffect:129([#350])>+3: {"op": "Copy". "type": "ptr". "from": 0. "to". 3}')
debug_merge_point(0, 0, '129<main.rpyeffect:129([#350])>+4: {"op": "PrimOp". "name": "unbox(Ptr): Num". "out": {"num": [1]. "ptr": []}. "in": {"num": []. "ptr": [3]}}')
debug_merge_point(0, 0, '129<main.rpyeffect:129([#350])>+5: {"op": "PrimOp". "name": "unbox(Ptr): Num". "out": {"num": [2]. "ptr": []}. "in": {"num": []. "ptr": [0]}}')
debug_merge_point(0, 0, '129<main.rpyeffect:129([#350])>+6: {"op": "Push". "target": 128. "args": {"num": [0]. "ptr": [1. 2]}}')
debug_merge_point(0, 0, '129<main.rpyeffect:129([#350])>+7: {"op": "Copy". "type": "num". "from": 1. "to". 0}')
debug_merge_point(0, 0, '129<main.rpyeffect:129([#350])>+8: {"op": "Copy". "type": "num". "from": 2. "to". 1}')
debug_merge_point(0, 0, '129<main.rpyeffect:129([#350])>+9: {"op": "Jump". "target": 6}')
debug_merge_point(0, 0, '6<main.rpyeffect:6(Name(infixMul98))>+0: {"op": "PrimOp". "name": "infixMul(Int. Int): Int". "out": {"num": [0]. "ptr": []}. "in": {"num": [0. 1]. "ptr": []}}')
+684: i65 = int_mul(i63, i63)
debug_merge_point(0, 0, '6<main.rpyeffect:6(Name(infixMul98))>+1: {"op": "Return". "args": {"num": [0]. "ptr": []}}')
debug_merge_point(0, 0, '128<main.rpyeffect:128([k@[#350]#363])>+0: {"op": "Push". "target": 127. "args": {"num": []. "ptr": [0. 1]}}')
debug_merge_point(0, 0, '128<main.rpyeffect:128([k@[#350]#363])>+1: {"op": "Swap". "type": "num". "a": 1. "b". 0}')
debug_merge_point(0, 0, '128<main.rpyeffect:128([k@[#350]#363])>+2: {"op": "Jump". "target": 5}')
debug_merge_point(0, 0, '5<main.rpyeffect:5(Name(infixAdd95))>+0: {"op": "PrimOp". "name": "infixAdd(Int. Int): Int". "out": {"num": [0]. "ptr": []}. "in": {"num": [0. 1]. "ptr": []}}')
+688: i66 = int_add(i61, i65)
debug_merge_point(0, 0, '5<main.rpyeffect:5(Name(infixAdd95))>+1: {"op": "Return". "args": {"num": [0]. "ptr": []}}')
debug_merge_point(0, 0, '127<main.rpyeffect:127([k@[k@[#350]#363]#365])>+0: {"op": "Const". "type": "num". "out": 1. "value": 1009}')
debug_merge_point(0, 0, '127<main.rpyeffect:127([k@[k@[#350]#363]#365])>+1: {"op": "Push". "target": 126. "args": {"num": []. "ptr": [0. 1]}}')
debug_merge_point(0, 0, '127<main.rpyeffect:127([k@[k@[#350]#363]#365])>+2: {"op": "Jump". "target": 8}')
debug_merge_point(0, 0, '8<main.rpyeffect:8(Name(mod107))>+0: {"op": "PrimOp". "name": "mod(Int. Int): Int". "out": {"num": [0]. "ptr": []}. "in": {"num": [0. 1]. "ptr": []}}')
+692: i68 = int_rshift(i66, 63)
+700: i69 = int_xor(i66, i68)
+704: i71 = uint_mul_high(i69, -9086255505087856445)
+724: i73 = uint_rshift(i71, 9)
+732: i74 = int_xor(i73, i68)
+736: i76 = int_mul(i74, 1009)
+744: i77 = int_sub(i66, i76)
debug_merge_point(0, 0, '8<main.rpyeffect:8(Name(mod107))>+1: {"op": "Return". "args": {"num": [0]. "ptr": []}}')
debug_merge_point(0, 0, '126<main.rpyeffect:126([k@[k@[k@[#350]#363]#365]#368])>+0: {"op": "Store". "ref": 0. "type": "num". "value": 0}')
debug_merge_point(0, 0, '126<main.rpyeffect:126([k@[k@[k@[#350]#363]#365]#368])>+1: {"op": "Construct". "out": 0. "type": Interned(Unit). "tag": Interned(unit). "args": {"num": []. "ptr": []}}')
debug_merge_point(0, 0, '126<main.rpyeffect:126([k@[k@[k@[#350]#363]#365]#368])>+2: {"op": "Construct". "out": 0. "type": Interned(Unit). "tag": Interned(unit). "args": {"num": []. "ptr": []}}')
debug_merge_point(0, 0, '126<main.rpyeffect:126([k@[k@[k@[#350]#363]#365]#368])>+3: {"op": "Jump". "target": 30}')
debug_merge_point(0, 0, '30<main.rpyeffect:30(Name(resume84123))>+0: {"op": "PushStack". "arg": 1}')
debug_merge_point(0, 0, '30<main.rpyeffect:30(Name(resume84123))>+1: {"op": "Return". "args": {"num": []. "ptr": [0]}}')
debug_merge_point(0, 0, '33<main.rpyeffect:33([k@[then#44]#49])>+0: {"op": "Const". "type": "num". "out": 2. "value": 1}')
debug_merge_point(0, 0, '33<main.rpyeffect:33([k@[then#44]#49])>+1: {"op": "Push". "target": 32. "args": {"num": [1]. "ptr": [1]}}')
debug_merge_point(0, 0, '33<main.rpyeffect:33([k@[then#44]#49])>+2: {"op": "Copy". "type": "num". "from": 2. "to". 1}')
debug_merge_point(0, 0, '33<main.rpyeffect:33([k@[then#44]#49])>+3: {"op": "Jump". "target": 5}')
debug_merge_point(0, 0, '5<main.rpyeffect:5(Name(infixAdd95))>+0: {"op": "PrimOp". "name": "infixAdd(Int. Int): Int". "out": {"num": [0]. "ptr": []}. "in": {"num": [0. 1]. "ptr": []}}')
+748: i79 = int_add(i63, 1)
debug_merge_point(0, 0, '5<main.rpyeffect:5(Name(infixAdd95))>+1: {"op": "Return". "args": {"num": [0]. "ptr": []}}')
debug_merge_point(0, 0, '32<main.rpyeffect:32([k@[k@[then#44]#49]#53])>+0: {"op": "Jump". "target": 36}')
debug_merge_point(0, 0, '36<main.rpyeffect:36(Name(go434249))>+0: {"op": "Push". "target": 35. "args": {"num": [0. 1]. "ptr": [0]}}')
debug_merge_point(0, 0, '36<main.rpyeffect:36(Name(go434249))>+1: {"op": "Jump". "target": 10}')
+752: setfield_gc(p36, i77, descr=<FieldS rpyeffect.region.NumRef.inst_value 8>)
+756: jump(p0, p31, i79, i29, p30, p2, p43, p44, p45, i13, i63, p24, p37, p36, i77, descr=TargetToken(5505746688))
+772: --end of the loop--
[5b63ab] jit-log-opt-loop}
[c20c59d] {jit-log-opt-loop
# Loop 2 (43<main.rpyeffect:43(Name(go434252))>+1: {"op": "Jump", "target": 10}) : loop with 147 ops
[p0, p1, p2, p3, p4]
+280: p5 = getfield_gc_r(p2, descr=<FieldP rpyeffect.environment.Environment.inst_values_num 16>)
+288: i7 = getarrayitem_gc_i(p5, 0, descr=<ArrayS 8>)
+292: i9 = getarrayitem_gc_i(p5, 1, descr=<ArrayS 8>)
+296: i11 = getarrayitem_gc_i(p5, 2, descr=<ArrayS 8>)
+300: i13 = getarrayitem_gc_i(p5, 3, descr=<ArrayS 8>)
+304: p14 = getfield_gc_r(p2, descr=<FieldP rpyeffect.environment.Environment.inst_values_ptr 24>)
+308: p16 = getarrayitem_gc_r(p14, 0, descr=<ArrayP 8>)
+312: p18 = getarrayitem_gc_r(p14, 1, descr=<ArrayP 8>)
+316: p20 = getarrayitem_gc_r(p14, 2, descr=<ArrayP 8>)
+320: p22 = getarrayitem_gc_r(p14, 3, descr=<ArrayP 8>)
+324: p24 = getarrayitem_gc_r(p14, 4, descr=<ArrayP 8>)
+328: label(p0, p1, p2, p3, p4, i7, i9, i11, i13, p16, p18, p20, p22, p24, descr=TargetToken(5505746928))
debug_merge_point(0, 0, '43<main.rpyeffect:43(Name(go434252))>+1: {"op": "Jump". "target": 10}')
+356: guard_not_invalidated(descr=<Guard0x1482b27b0>) [p2, i7, i9, i11, i13, p16, p18, p20, p22, p24, p0, p1, p3, p4]
+360: guard_nonnull(p1, descr=<Guard0x1482e21e0>) [p2, i7, i9, i11, i13, p16, p18, p20, p22, p24, p0, p1, p3, p4]
+372: i25 = getfield_gc_i(p1, descr=<FieldS rpyeffect.stored_environment.Stack__arb_arb.inst_target 16 pure>)
+380: guard_value(i25, 42, descr=<Guard0x1482e2220>) [p2, i7, i9, i11, i13, p16, p18, p20, p22, p24, p0, p1, p3, p4]
debug_merge_point(0, 0, '10<main.rpyeffect:10(Name(infixGt174))>+0: {"op": "PrimOp". "name": "infixGt(Int. Int): Boolean". "out": {"num": [0]. "ptr": []}. "in": {"num": [0. 1]. "ptr": []}}')
+392: i27 = int_gt(i7, i9)
guard_false(i27, descr=<Guard0x1482e2260>) [p2, i7, i9, i11, i13, p16, p18, p20, p22, p24, p0, p1, p3, p4]
debug_merge_point(0, 0, '10<main.rpyeffect:10(Name(infixGt174))>+1: {"op": "Return". "args": {"num": [0]. "ptr": []}}')
+400: i28 = getfield_gc_i(p1, descr=<FieldS rpyeffect.stored_environment.Stack__2_1.inst_values_num_0 40 pure>)
+404: i29 = getfield_gc_i(p1, descr=<FieldS rpyeffect.stored_environment.Stack__2_1.inst_values_num_1 48 pure>)
+408: p30 = getfield_gc_r(p1, descr=<FieldP rpyeffect.stored_environment.Stack__2_1.inst_values_ptr_0 56 pure>)
+412: p31 = getfield_gc_r(p1, descr=<FieldP rpyeffect.stored_environment.Stack__arb_arb.inst_tail 8 pure>)
debug_merge_point(0, 0, '42<main.rpyeffect:42([k@Name(go434252)#58])>+0: {"op": "Swap". "type": "num". "a": 2. "b". 1}')
debug_merge_point(0, 0, '42<main.rpyeffect:42([k@Name(go434252)#58])>+1: {"op": "IfZero". "cond": 0. "then": {"tag": null. "target": 41. "args": {"num": []. "ptr": []}}}')
+416: guard_nonnull(p31, descr=<Guard0x1482e22a0>) [p2, i7, i9, i11, i13, p16, p18, p20, p22, p24, p0, p1, p3, p4]
+424: i32 = getfield_gc_i(p31, descr=<FieldS rpyeffect.stored_environment.Stack__arb_arb.inst_target 16 pure>)
+428: guard_value(i32, 107, descr=<Guard0x1482e22e0>) [p2, i7, i9, i11, i13, p16, p18, p20, p22, p24, p0, p1, p3, p4]
debug_merge_point(0, 0, '41<main.rpyeffect:41([then#60])>+0: {"op": "Copy". "type": "num". "from": 2. "to". 0}')
debug_merge_point(0, 0, '41<main.rpyeffect:41([then#60])>+1: {"op": "PrimOp". "name": "box(Num): Ptr". "out": {"num": []. "ptr": [1]}. "in": {"num": [0]. "ptr": []}}')
debug_merge_point(0, 0, '41<main.rpyeffect:41([then#60])>+2: {"op": "Push". "target": 40. "args": {"num": [2. 1]. "ptr": [0]}}')
debug_merge_point(0, 0, '41<main.rpyeffect:41([then#60])>+3: {"op": "Swap". "type": "ptr". "a": 0. "b". 1}')
debug_merge_point(0, 0, '41<main.rpyeffect:41([then#60])>+4: {"op": "Jump". "target": 38}')
debug_merge_point(0, 0, '38<main.rpyeffect:38([mcore:[#83]#56])>+0: {"op": "Invoke". "receiver": 1. "tag": Interned(%emit2645(p):p). "args" : {"num": []. "ptr": [0]}}')
+440: p34 = getfield_gc_r(p30, descr=<FieldP rpyeffect.stored_environment.CoData__arb_arb.inst_vtable 24 pure>)
+448: guard_value(p34, ConstPtr(ptr35), descr=<Guard0x1482e2320>) [p2, i7, i9, i11, i13, p16, p18, p20, p22, p24, p0, p1, p3, p4]
+456: p36 = getfield_gc_r(p30, descr=<FieldP rpyeffect.stored_environment.CoData__0_2.inst_values_ptr_0 32 pure>)
+460: p37 = getfield_gc_r(p30, descr=<FieldP rpyeffect.stored_environment.CoData__0_2.inst_values_ptr_1 40 pure>)
debug_merge_point(0, 0, '115<main.rpyeffect:115([#302])>+0: {"op": "Const". "type": "num". "out": 0. "value": 0}')
debug_merge_point(0, 0, '115<main.rpyeffect:115([#302])>+1: {"op": "ShiftDyn". "out": 2. "n": 0. "label": 2}')
+464: guard_isnull(p4, descr=<Guard0x1482e2360>) [p2, i7, i9, i11, i13, p16, p18, p20, p22, p24, p0, p1, p3, p4]
+476: i38 = getfield_gc_i(p0, descr=<FieldS rpyeffect.stack.Label.inst_origin 8 pure>)
+484: i39 = getfield_gc_i(p37, descr=<FieldS rpyeffect.stack.Label.inst_origin 8 pure>)
+488: i40 = int_ne(i38, i39)
guard_false(i40, descr=<Guard0x1482e23a0>) [p2, i7, i9, i11, i13, p16, p18, p20, p22, p24, p0, p1, p3, p4]
+496: i41 = instance_ptr_eq(p0, p37)
guard_true(i41, descr=<Guard0x1482e23e0>) [p2, i7, i9, i11, i13, p16, p18, p20, p22, p24, p0, p1, p3, p4]
+504: guard_nonnull_class(p3, 4306923208, descr=<Guard0x1482b2808>) [p2, i7, i9, i11, i13, p16, p18, p20, p22, p24, p0, p1, p3, p4]
+532: p43 = getfield_gc_r(p3, descr=<FieldP rpyeffect.stack.MetaStackLike.inst_stack 8 pure>)
+536: p44 = getfield_gc_r(p3, descr=<FieldP rpyeffect.stack.MetaStack.inst_label 16 pure>)
+540: p45 = getfield_gc_r(p3, descr=<FieldP rpyeffect.stack.MetaStack.inst_tail 32 pure>)
+544: guard_nonnull(p43, descr=<Guard0x1482e2420>) [p2, i7, i9, i11, i13, p16, p18, p20, p22, p24, p0, p1, p3, p4]
+552: i46 = getfield_gc_i(p43, descr=<FieldS rpyeffect.stored_environment.Stack__arb_arb.inst_target 16 pure>)
+556: guard_value(i46, 106, descr=<Guard0x1482e2460>) [p2, i7, i9, i11, i13, p16, p18, p20, p22, p24, p0, p1, p3, p4]
debug_merge_point(0, 0, '115<main.rpyeffect:115([#302])>+2: {"op": "Load". "out": 0. "type": "num". "ref": 1}')
+568: i48 = getfield_gc_i(p36, descr=<FieldS rpyeffect.region.NumRef.inst_value 8>)
debug_merge_point(0, 0, '115<main.rpyeffect:115([#302])>+3: {"op": "PrimOp". "name": "unbox(Ptr): Num". "out": {"num": [1]. "ptr": []}. "in": {"num": []. "ptr": [0]}}')
debug_merge_point(0, 0, '115<main.rpyeffect:115([#302])>+4: {"op": "Push". "target": 114. "args": {"num": []. "ptr": [1. 2]}}')
debug_merge_point(0, 0, '115<main.rpyeffect:115([#302])>+5: {"op": "Jump". "target": 5}')
debug_merge_point(0, 0, '5<main.rpyeffect:5(Name(infixAdd95))>+0: {"op": "PrimOp". "name": "infixAdd(Int. Int): Int". "out": {"num": [0]. "ptr": []}. "in": {"num": [0. 1]. "ptr": []}}')
+572: i49 = int_add(i48, i28)
debug_merge_point(0, 0, '5<main.rpyeffect:5(Name(infixAdd95))>+1: {"op": "Return". "args": {"num": [0]. "ptr": []}}')
debug_merge_point(0, 0, '114<main.rpyeffect:114([k@[#302]#312])>+0: {"op": "Const". "type": "num". "out": 1. "value": 1009}')
debug_merge_point(0, 0, '114<main.rpyeffect:114([k@[#302]#312])>+1: {"op": "Push". "target": 113. "args": {"num": []. "ptr": [0. 1]}}')
debug_merge_point(0, 0, '114<main.rpyeffect:114([k@[#302]#312])>+2: {"op": "Jump". "target": 8}')
debug_merge_point(0, 0, '8<main.rpyeffect:8(Name(mod107))>+0: {"op": "PrimOp". "name": "mod(Int. Int): Int". "out": {"num": [0]. "ptr": []}. "in": {"num": [0. 1]. "ptr": []}}')
+576: i51 = int_rshift(i49, 63)
+584: i52 = int_xor(i49, i51)
+588: i54 = uint_mul_high(i52, -9086255505087856445)
+608: i56 = uint_rshift(i54, 9)
+616: i57 = int_xor(i56, i51)
+620: i59 = int_mul(i57, 1009)
+628: i60 = int_sub(i49, i59)
debug_merge_point(0, 0, '8<main.rpyeffect:8(Name(mod107))>+1: {"op": "Return". "args": {"num": [0]. "ptr": []}}')
debug_merge_point(0, 0, '113<main.rpyeffect:113([k@[k@[#302]#312]#315])>+0: {"op": "Store". "ref": 0. "type": "num". "value": 0}')
debug_merge_point(0, 0, '113<main.rpyeffect:113([k@[k@[#302]#312]#315])>+1: {"op": "Construct". "out": 0. "type": Interned(Unit). "tag": Interned(unit). "args": {"num": []. "ptr": []}}')
debug_merge_point(0, 0, '113<main.rpyeffect:113([k@[k@[#302]#312]#315])>+2: {"op": "Construct". "out": 0. "type": Interned(Unit). "tag": Interned(unit). "args": {"num": []. "ptr": []}}')
debug_merge_point(0, 0, '113<main.rpyeffect:113([k@[k@[#302]#312]#315])>+3: {"op": "Jump". "target": 37}')
debug_merge_point(0, 0, '37<main.rpyeffect:37(Name(resume84135))>+0: {"op": "PushStack". "arg": 1}')
debug_merge_point(0, 0, '37<main.rpyeffect:37(Name(resume84135))>+1: {"op": "Return". "args": {"num": []. "ptr": [0]}}')
debug_merge_point(0, 0, '40<main.rpyeffect:40([k@[then#60]#65])>+0: {"op": "Const". "type": "num". "out": 2. "value": 1}')
debug_merge_point(0, 0, '40<main.rpyeffect:40([k@[then#60]#65])>+1: {"op": "Push". "target": 39. "args": {"num": [1]. "ptr": [1]}}')
debug_merge_point(0, 0, '40<main.rpyeffect:40([k@[then#60]#65])>+2: {"op": "Copy". "type": "num". "from": 2. "to". 1}')
debug_merge_point(0, 0, '40<main.rpyeffect:40([k@[then#60]#65])>+3: {"op": "Jump". "target": 5}')
debug_merge_point(0, 0, '5<main.rpyeffect:5(Name(infixAdd95))>+0: {"op": "PrimOp". "name": "infixAdd(Int. Int): Int". "out": {"num": [0]. "ptr": []}. "in": {"num": [0. 1]. "ptr": []}}')
+632: i62 = int_add(i28, 1)
debug_merge_point(0, 0, '5<main.rpyeffect:5(Name(infixAdd95))>+1: {"op": "Return". "args": {"num": [0]. "ptr": []}}')
debug_merge_point(0, 0, '39<main.rpyeffect:39([k@[k@[then#60]#65]#69])>+0: {"op": "Jump". "target": 43}')
debug_merge_point(0, 0, '43<main.rpyeffect:43(Name(go434252))>+0: {"op": "Push". "target": 42. "args": {"num": [0. 1]. "ptr": [0]}}')
debug_merge_point(0, 0, '43<main.rpyeffect:43(Name(go434252))>+1: {"op": "Jump". "target": 10}')
+636: setfield_gc(p36, i60, descr=<FieldS rpyeffect.region.NumRef.inst_value 8>)
+640: label(p0, p31, i62, i29, p30, p2, p43, p44, p45, i13, i28, p22, p24, p37, p36, i60, descr=TargetToken(5505747008))
debug_merge_point(0, 0, '43<main.rpyeffect:43(Name(go434252))>+1: {"op": "Jump". "target": 10}')
+668: guard_not_invalidated(descr=<Guard0x1482b2860>) [p2, i62, i29, i13, p30, p22, p24, p0, p45, p44, p43, i28, p31]
debug_merge_point(0, 0, '10<main.rpyeffect:10(Name(infixGt174))>+0: {"op": "PrimOp". "name": "infixGt(Int. Int): Boolean". "out": {"num": [0]. "ptr": []}. "in": {"num": [0. 1]. "ptr": []}}')
+672: i63 = int_gt(i62, i29)
guard_false(i63, descr=<Guard0x1482e24a0>) [p2, i62, i29, i13, p30, p22, p24, p0, p45, p44, p43, i28, p31]
debug_merge_point(0, 0, '10<main.rpyeffect:10(Name(infixGt174))>+1: {"op": "Return". "args": {"num": [0]. "ptr": []}}')
debug_merge_point(0, 0, '42<main.rpyeffect:42([k@Name(go434252)#58])>+0: {"op": "Swap". "type": "num". "a": 2. "b". 1}')
debug_merge_point(0, 0, '42<main.rpyeffect:42([k@Name(go434252)#58])>+1: {"op": "IfZero". "cond": 0. "then": {"tag": null. "target": 41. "args": {"num": []. "ptr": []}}}')
debug_merge_point(0, 0, '41<main.rpyeffect:41([then#60])>+0: {"op": "Copy". "type": "num". "from": 2. "to". 0}')
debug_merge_point(0, 0, '41<main.rpyeffect:41([then#60])>+1: {"op": "PrimOp". "name": "box(Num): Ptr". "out": {"num": []. "ptr": [1]}. "in": {"num": [0]. "ptr": []}}')
debug_merge_point(0, 0, '41<main.rpyeffect:41([then#60])>+2: {"op": "Push". "target": 40. "args": {"num": [2. 1]. "ptr": [0]}}')
debug_merge_point(0, 0, '41<main.rpyeffect:41([then#60])>+3: {"op": "Swap". "type": "ptr". "a": 0. "b". 1}')
debug_merge_point(0, 0, '41<main.rpyeffect:41([then#60])>+4: {"op": "Jump". "target": 38}')
debug_merge_point(0, 0, '38<main.rpyeffect:38([mcore:[#83]#56])>+0: {"op": "Invoke". "receiver": 1. "tag": Interned(%emit2645(p):p). "args" : {"num": []. "ptr": [0]}}')
debug_merge_point(0, 0, '115<main.rpyeffect:115([#302])>+0: {"op": "Const". "type": "num". "out": 0. "value": 0}')
debug_merge_point(0, 0, '115<main.rpyeffect:115([#302])>+1: {"op": "ShiftDyn". "out": 2. "n": 0. "label": 2}')
debug_merge_point(0, 0, '115<main.rpyeffect:115([#302])>+2: {"op": "Load". "out": 0. "type": "num". "ref": 1}')
debug_merge_point(0, 0, '115<main.rpyeffect:115([#302])>+3: {"op": "PrimOp". "name": "unbox(Ptr): Num". "out": {"num": [1]. "ptr": []}. "in": {"num": []. "ptr": [0]}}')
debug_merge_point(0, 0, '115<main.rpyeffect:115([#302])>+4: {"op": "Push". "target": 114. "args": {"num": []. "ptr": [1. 2]}}')
debug_merge_point(0, 0, '115<main.rpyeffect:115([#302])>+5: {"op": "Jump". "target": 5}')
debug_merge_point(0, 0, '5<main.rpyeffect:5(Name(infixAdd95))>+0: {"op": "PrimOp". "name": "infixAdd(Int. Int): Int". "out": {"num": [0]. "ptr": []}. "in": {"num": [0. 1]. "ptr": []}}')
+680: i64 = int_add(i60, i62)
debug_merge_point(0, 0, '5<main.rpyeffect:5(Name(infixAdd95))>+1: {"op": "Return". "args": {"num": [0]. "ptr": []}}')
debug_merge_point(0, 0, '114<main.rpyeffect:114([k@[#302]#312])>+0: {"op": "Const". "type": "num". "out": 1. "value": 1009}')
debug_merge_point(0, 0, '114<main.rpyeffect:114([k@[#302]#312])>+1: {"op": "Push". "target": 113. "args": {"num": []. "ptr": [0. 1]}}')
debug_merge_point(0, 0, '114<main.rpyeffect:114([k@[#302]#312])>+2: {"op": "Jump". "target": 8}')
debug_merge_point(0, 0, '8<main.rpyeffect:8(Name(mod107))>+0: {"op": "PrimOp". "name": "mod(Int. Int): Int". "out": {"num": [0]. "ptr": []}. "in": {"num": [0. 1]. "ptr": []}}')
+684: i66 = int_rshift(i64, 63)
+692: i67 = int_xor(i64, i66)
+696: i69 = uint_mul_high(i67, -9086255505087856445)
+716: i71 = uint_rshift(i69, 9)
+724: i72 = int_xor(i71, i66)
+728: i74 = int_mul(i72, 1009)
+736: i75 = int_sub(i64, i74)
debug_merge_point(0, 0, '8<main.rpyeffect:8(Name(mod107))>+1: {"op": "Return". "args": {"num": [0]. "ptr": []}}')
debug_merge_point(0, 0, '113<main.rpyeffect:113([k@[k@[#302]#312]#315])>+0: {"op": "Store". "ref": 0. "type": "num". "value": 0}')
debug_merge_point(0, 0, '113<main.rpyeffect:113([k@[k@[#302]#312]#315])>+1: {"op": "Construct". "out": 0. "type": Interned(Unit). "tag": Interned(unit). "args": {"num": []. "ptr": []}}')
debug_merge_point(0, 0, '113<main.rpyeffect:113([k@[k@[#302]#312]#315])>+2: {"op": "Construct". "out": 0. "type": Interned(Unit). "tag": Interned(unit). "args": {"num": []. "ptr": []}}')
debug_merge_point(0, 0, '113<main.rpyeffect:113([k@[k@[#302]#312]#315])>+3: {"op": "Jump". "target": 37}')
debug_merge_point(0, 0, '37<main.rpyeffect:37(Name(resume84135))>+0: {"op": "PushStack". "arg": 1}')
debug_merge_point(0, 0, '37<main.rpyeffect:37(Name(resume84135))>+1: {"op": "Return". "args": {"num": []. "ptr": [0]}}')
debug_merge_point(0, 0, '40<main.rpyeffect:40([k@[then#60]#65])>+0: {"op": "Const". "type": "num". "out": 2. "value": 1}')
debug_merge_point(0, 0, '40<main.rpyeffect:40([k@[then#60]#65])>+1: {"op": "Push". "target": 39. "args": {"num": [1]. "ptr": [1]}}')
debug_merge_point(0, 0, '40<main.rpyeffect:40([k@[then#60]#65])>+2: {"op": "Copy". "type": "num". "from": 2. "to". 1}')
debug_merge_point(0, 0, '40<main.rpyeffect:40([k@[then#60]#65])>+3: {"op": "Jump". "target": 5}')
debug_merge_point(0, 0, '5<main.rpyeffect:5(Name(infixAdd95))>+0: {"op": "PrimOp". "name": "infixAdd(Int. Int): Int". "out": {"num": [0]. "ptr": []}. "in": {"num": [0. 1]. "ptr": []}}')
+740: i77 = int_add(i62, 1)
debug_merge_point(0, 0, '5<main.rpyeffect:5(Name(infixAdd95))>+1: {"op": "Return". "args": {"num": [0]. "ptr": []}}')
debug_merge_point(0, 0, '39<main.rpyeffect:39([k@[k@[then#60]#65]#69])>+0: {"op": "Jump". "target": 43}')
debug_merge_point(0, 0, '43<main.rpyeffect:43(Name(go434252))>+0: {"op": "Push". "target": 42. "args": {"num": [0. 1]. "ptr": [0]}}')
debug_merge_point(0, 0, '43<main.rpyeffect:43(Name(go434252))>+1: {"op": "Jump". "target": 10}')
+744: setfield_gc(p36, i75, descr=<FieldS rpyeffect.region.NumRef.inst_value 8>)
+748: jump(p0, p31, i77, i29, p30, p2, p43, p44, p45, i13, i62, p22, p24, p37, p36, i75, descr=TargetToken(5505747008))
+764: --end of the loop--
[c234a78] jit-log-opt-loop}
[17dc8b99] {jit-log-opt-loop
# Loop 3 (50<main.rpyeffect:50(Name(go434255))>+1: {"op": "Jump", "target": 10}) : loop with 150 ops
[p0, p1, p2, p3, p4]
+296: p5 = getfield_gc_r(p2, descr=<FieldP rpyeffect.environment.Environment.inst_values_num 16>)
+304: i7 = getarrayitem_gc_i(p5, 0, descr=<ArrayS 8>)
+308: i9 = getarrayitem_gc_i(p5, 1, descr=<ArrayS 8>)
+312: i11 = getarrayitem_gc_i(p5, 2, descr=<ArrayS 8>)
+316: i13 = getarrayitem_gc_i(p5, 3, descr=<ArrayS 8>)
+320: p14 = getfield_gc_r(p2, descr=<FieldP rpyeffect.environment.Environment.inst_values_ptr 24>)
+324: p16 = getarrayitem_gc_r(p14, 0, descr=<ArrayP 8>)
+328: p18 = getarrayitem_gc_r(p14, 1, descr=<ArrayP 8>)
+332: p20 = getarrayitem_gc_r(p14, 2, descr=<ArrayP 8>)
+336: p22 = getarrayitem_gc_r(p14, 3, descr=<ArrayP 8>)
+340: p24 = getarrayitem_gc_r(p14, 4, descr=<ArrayP 8>)
+344: label(p0, p1, p2, p3, p4, i7, i9, i11, i13, p16, p18, p20, p22, p24, descr=TargetToken(5505747088))
debug_merge_point(0, 0, '50<main.rpyeffect:50(Name(go434255))>+1: {"op": "Jump". "target": 10}')
+372: guard_not_invalidated(descr=<Guard0x1482b2910>) [p2, i7, i9, i11, i13, p16, p18, p20, p22, p24, p0, p1, p3, p4]
+376: guard_nonnull(p1, descr=<Guard0x1482e2860>) [p2, i7, i9, i11, i13, p16, p18, p20, p22, p24, p0, p1, p3, p4]
+388: i25 = getfield_gc_i(p1, descr=<FieldS rpyeffect.stored_environment.Stack__arb_arb.inst_target 16 pure>)
+396: guard_value(i25, 49, descr=<Guard0x1482e28a0>) [p2, i7, i9, i11, i13, p16, p18, p20, p22, p24, p0, p1, p3, p4]
debug_merge_point(0, 0, '10<main.rpyeffect:10(Name(infixGt174))>+0: {"op": "PrimOp". "name": "infixGt(Int. Int): Boolean". "out": {"num": [0]. "ptr": []}. "in": {"num": [0. 1]. "ptr": []}}')
+408: i27 = int_gt(i7, i9)
guard_false(i27, descr=<Guard0x1482e28e0>) [p2, i7, i9, i11, i13, p16, p18, p20, p22, p24, p0, p1, p3, p4]
debug_merge_point(0, 0, '10<main.rpyeffect:10(Name(infixGt174))>+1: {"op": "Return". "args": {"num": [0]. "ptr": []}}')
+416: i28 = getfield_gc_i(p1, descr=<FieldS rpyeffect.stored_environment.Stack__2_1.inst_values_num_0 40 pure>)
+420: i29 = getfield_gc_i(p1, descr=<FieldS rpyeffect.stored_environment.Stack__2_1.inst_values_num_1 48 pure>)
+424: p30 = getfield_gc_r(p1, descr=<FieldP rpyeffect.stored_environment.Stack__2_1.inst_values_ptr_0 56 pure>)
+428: p31 = getfield_gc_r(p1, descr=<FieldP rpyeffect.stored_environment.Stack__arb_arb.inst_tail 8 pure>)
debug_merge_point(0, 0, '49<main.rpyeffect:49([k@Name(go434255)#74])>+0: {"op": "Swap". "type": "num". "a": 2. "b". 0}')
debug_merge_point(0, 0, '49<main.rpyeffect:49([k@Name(go434255)#74])>+1: {"op": "IfZero". "cond": 2. "then": {"tag": null. "target": 48. "args": {"num": []. "ptr": []}}}')
+432: guard_nonnull(p31, descr=<Guard0x1482e2920>) [p2, i7, i9, i11, i13, p16, p18, p20, p22, p24, p0, p1, p3, p4]
+440: i32 = getfield_gc_i(p31, descr=<FieldS rpyeffect.stored_environment.Stack__arb_arb.inst_target 16 pure>)
+444: guard_value(i32, 95, descr=<Guard0x1482e2960>) [p2, i7, i9, i11, i13, p16, p18, p20, p22, p24, p0, p1, p3, p4]
debug_merge_point(0, 0, '48<main.rpyeffect:48([then#76])>+0: {"op": "Copy". "type": "num". "from": 1. "to". 2}')
debug_merge_point(0, 0, '48<main.rpyeffect:48([then#76])>+1: {"op": "PrimOp". "name": "box(Num): Ptr". "out": {"num": []. "ptr": [1]}. "in": {"num": [2]. "ptr": []}}')
debug_merge_point(0, 0, '48<main.rpyeffect:48([then#76])>+2: {"op": "Push". "target": 47. "args": {"num": [1. 0]. "ptr": [0]}}')
debug_merge_point(0, 0, '48<main.rpyeffect:48([then#76])>+3: {"op": "Swap". "type": "ptr". "a": 0. "b". 1}')
debug_merge_point(0, 0, '48<main.rpyeffect:48([then#76])>+4: {"op": "Jump". "target": 45}')
debug_merge_point(0, 0, '45<main.rpyeffect:45([mcore:[#95]#72])>+0: {"op": "Invoke". "receiver": 1. "tag": Interned(%emit2645(p):p). "args" : {"num": []. "ptr": [0]}}')
+456: p34 = getfield_gc_r(p30, descr=<FieldP rpyeffect.stored_environment.CoData__arb_arb.inst_vtable 24 pure>)
+464: guard_value(p34, ConstPtr(ptr35), descr=<Guard0x1482e29a0>) [p2, i7, i9, i11, i13, p16, p18, p20, p22, p24, p0, p1, p3, p4]
+472: p36 = getfield_gc_r(p30, descr=<FieldP rpyeffect.stored_environment.CoData__0_2.inst_values_ptr_0 32 pure>)
+476: p37 = getfield_gc_r(p30, descr=<FieldP rpyeffect.stored_environment.CoData__0_2.inst_values_ptr_1 40 pure>)
debug_merge_point(0, 0, '103<main.rpyeffect:103([#259])>+0: {"op": "Const". "type": "num". "out": 0. "value": 0}')
debug_merge_point(0, 0, '103<main.rpyeffect:103([#259])>+1: {"op": "ShiftDyn". "out": 0. "n": 0. "label": 2}')
+480: guard_isnull(p4, descr=<Guard0x1482e29e0>) [p2, i7, i9, i11, i13, p16, p18, p20, p22, p24, p0, p1, p3, p4]
+492: i38 = getfield_gc_i(p0, descr=<FieldS rpyeffect.stack.Label.inst_origin 8 pure>)
+500: i39 = getfield_gc_i(p37, descr=<FieldS rpyeffect.stack.Label.inst_origin 8 pure>)
+504: i40 = int_ne(i38, i39)
guard_false(i40, descr=<Guard0x1482e2a20>) [p2, i7, i9, i11, i13, p16, p18, p20, p22, p24, p0, p1, p3, p4]
+512: i41 = instance_ptr_eq(p0, p37)
guard_true(i41, descr=<Guard0x1482e2a60>) [p2, i7, i9, i11, i13, p16, p18, p20, p22, p24, p0, p1, p3, p4]
+520: guard_nonnull_class(p3, 4306923208, descr=<Guard0x1482b2968>) [p2, i7, i9, i11, i13, p16, p18, p20, p22, p24, p0, p1, p3, p4]
+548: p43 = getfield_gc_r(p3, descr=<FieldP rpyeffect.stack.MetaStackLike.inst_stack 8 pure>)
+552: p44 = getfield_gc_r(p3, descr=<FieldP rpyeffect.stack.MetaStack.inst_label 16 pure>)
+556: p45 = getfield_gc_r(p3, descr=<FieldP rpyeffect.stack.MetaStack.inst_tail 32 pure>)
+560: guard_nonnull(p43, descr=<Guard0x1482e2aa0>) [p2, i7, i9, i11, i13, p16, p18, p20, p22, p24, p0, p1, p3, p4]
+568: i46 = getfield_gc_i(p43, descr=<FieldS rpyeffect.stored_environment.Stack__arb_arb.inst_target 16 pure>)
+572: guard_value(i46, 94, descr=<Guard0x1482e2ae0>) [p2, i7, i9, i11, i13, p16, p18, p20, p22, p24, p0, p1, p3, p4]
debug_merge_point(0, 0, '103<main.rpyeffect:103([#259])>+2: {"op": "Load". "out": 0. "type": "num". "ref": 1}')
+584: i48 = getfield_gc_i(p36, descr=<FieldS rpyeffect.region.NumRef.inst_value 8>)
debug_merge_point(0, 0, '103<main.rpyeffect:103([#259])>+3: {"op": "Const". "type": "num". "out": 1. "value": 1}')
debug_merge_point(0, 0, '103<main.rpyeffect:103([#259])>+4: {"op": "Push". "target": 102. "args": {"num": []. "ptr": [1. 0]}}')
debug_merge_point(0, 0, '103<main.rpyeffect:103([#259])>+5: {"op": "Jump". "target": 5}')
debug_merge_point(0, 0, '5<main.rpyeffect:5(Name(infixAdd95))>+0: {"op": "PrimOp". "name": "infixAdd(Int. Int): Int". "out": {"num": [0]. "ptr": []}. "in": {"num": [0. 1]. "ptr": []}}')
+588: i50 = int_add(i48, 1)
debug_merge_point(0, 0, '5<main.rpyeffect:5(Name(infixAdd95))>+1: {"op": "Return". "args": {"num": [0]. "ptr": []}}')
debug_merge_point(0, 0, '102<main.rpyeffect:102([k@[#259]#267])>+0: {"op": "Const". "type": "num". "out": 1. "value": 1009}')
debug_merge_point(0, 0, '102<main.rpyeffect:102([k@[#259]#267])>+1: {"op": "Push". "target": 101. "args": {"num": []. "ptr": [0. 1]}}')
debug_merge_point(0, 0, '102<main.rpyeffect:102([k@[#259]#267])>+2: {"op": "Jump". "target": 8}')
debug_merge_point(0, 0, '8<main.rpyeffect:8(Name(mod107))>+0: {"op": "PrimOp". "name": "mod(Int. Int): Int". "out": {"num": [0]. "ptr": []}. "in": {"num": [0. 1]. "ptr": []}}')
+592: i52 = int_rshift(i50, 63)
+600: i53 = int_xor(i50, i52)
+604: i55 = uint_mul_high(i53, -9086255505087856445)
+624: i57 = uint_rshift(i55, 9)
+632: i58 = int_xor(i57, i52)
+636: i60 = int_mul(i58, 1009)
+644: i61 = int_sub(i50, i60)
debug_merge_point(0, 0, '8<main.rpyeffect:8(Name(mod107))>+1: {"op": "Return". "args": {"num": [0]. "ptr": []}}')
debug_merge_point(0, 0, '101<main.rpyeffect:101([k@[k@[#259]#267]#270])>+0: {"op": "Store". "ref": 0. "type": "num". "value": 0}')
debug_merge_point(0, 0, '101<main.rpyeffect:101([k@[k@[#259]#267]#270])>+1: {"op": "Construct". "out": 0. "type": Interned(Unit). "tag": Interned(unit). "args": {"num": []. "ptr": []}}')
debug_merge_point(0, 0, '101<main.rpyeffect:101([k@[k@[#259]#267]#270])>+2: {"op": "Construct". "out": 0. "type": Interned(Unit). "tag": Interned(unit). "args": {"num": []. "ptr": []}}')
debug_merge_point(0, 0, '101<main.rpyeffect:101([k@[k@[#259]#267]#270])>+3: {"op": "Jump". "target": 44}')
debug_merge_point(0, 0, '44<main.rpyeffect:44(Name(resume84147))>+0: {"op": "PushStack". "arg": 1}')
debug_merge_point(0, 0, '44<main.rpyeffect:44(Name(resume84147))>+1: {"op": "Return". "args": {"num": []. "ptr": [0]}}')
debug_merge_point(0, 0, '47<main.rpyeffect:47([k@[then#76]#81])>+0: {"op": "Const". "type": "num". "out": 2. "value": 1}')
debug_merge_point(0, 0, '47<main.rpyeffect:47([k@[then#76]#81])>+1: {"op": "Push". "target": 46. "args": {"num": [1]. "ptr": [1]}}')
debug_merge_point(0, 0, '47<main.rpyeffect:47([k@[then#76]#81])>+2: {"op": "Copy". "type": "num". "from": 2. "to". 1}')
debug_merge_point(0, 0, '47<main.rpyeffect:47([k@[then#76]#81])>+3: {"op": "Jump". "target": 5}')
debug_merge_point(0, 0, '5<main.rpyeffect:5(Name(infixAdd95))>+0: {"op": "PrimOp". "name": "infixAdd(Int. Int): Int". "out": {"num": [0]. "ptr": []}. "in": {"num": [0. 1]. "ptr": []}}')
+648: i63 = int_add(i28, 1)
debug_merge_point(0, 0, '5<main.rpyeffect:5(Name(infixAdd95))>+1: {"op": "Return". "args": {"num": [0]. "ptr": []}}')
debug_merge_point(0, 0, '46<main.rpyeffect:46([k@[k@[then#76]#81]#85])>+0: {"op": "Jump". "target": 50}')
debug_merge_point(0, 0, '50<main.rpyeffect:50(Name(go434255))>+0: {"op": "Push". "target": 49. "args": {"num": [0. 1]. "ptr": [0]}}')
debug_merge_point(0, 0, '50<main.rpyeffect:50(Name(go434255))>+1: {"op": "Jump". "target": 10}')
+652: setfield_gc(p36, i61, descr=<FieldS rpyeffect.region.NumRef.inst_value 8>)
+656: p64 = same_as_r(p37)
+660: label(p0, p31, i63, i29, p30, p2, p43, p44, p45, i13, p37, p22, p24, p64, i38, p36, i61, descr=TargetToken(5505747168))
debug_merge_point(0, 0, '50<main.rpyeffect:50(Name(go434255))>+1: {"op": "Jump". "target": 10}')
+684: guard_not_invalidated(descr=<Guard0x1482b29c0>) [p2, i63, i29, i13, p30, p37, p22, p24, p0, p45, p44, p43, p31]
debug_merge_point(0, 0, '10<main.rpyeffect:10(Name(infixGt174))>+0: {"op": "PrimOp". "name": "infixGt(Int. Int): Boolean". "out": {"num": [0]. "ptr": []}. "in": {"num": [0. 1]. "ptr": []}}')
+688: i65 = int_gt(i63, i29)
guard_false(i65, descr=<Guard0x1482e2b20>) [p2, i63, i29, i13, p30, p37, p22, p24, p0, p45, p44, p43, p31]
debug_merge_point(0, 0, '10<main.rpyeffect:10(Name(infixGt174))>+1: {"op": "Return". "args": {"num": [0]. "ptr": []}}')
debug_merge_point(0, 0, '49<main.rpyeffect:49([k@Name(go434255)#74])>+0: {"op": "Swap". "type": "num". "a": 2. "b". 0}')
debug_merge_point(0, 0, '49<main.rpyeffect:49([k@Name(go434255)#74])>+1: {"op": "IfZero". "cond": 2. "then": {"tag": null. "target": 48. "args": {"num": []. "ptr": []}}}')
debug_merge_point(0, 0, '48<main.rpyeffect:48([then#76])>+0: {"op": "Copy". "type": "num". "from": 1. "to". 2}')
debug_merge_point(0, 0, '48<main.rpyeffect:48([then#76])>+1: {"op": "PrimOp". "name": "box(Num): Ptr". "out": {"num": []. "ptr": [1]}. "in": {"num": [2]. "ptr": []}}')
debug_merge_point(0, 0, '48<main.rpyeffect:48([then#76])>+2: {"op": "Push". "target": 47. "args": {"num": [1. 0]. "ptr": [0]}}')
debug_merge_point(0, 0, '48<main.rpyeffect:48([then#76])>+3: {"op": "Swap". "type": "ptr". "a": 0. "b". 1}')
debug_merge_point(0, 0, '48<main.rpyeffect:48([then#76])>+4: {"op": "Jump". "target": 45}')
debug_merge_point(0, 0, '45<main.rpyeffect:45([mcore:[#95]#72])>+0: {"op": "Invoke". "receiver": 1. "tag": Interned(%emit2645(p):p). "args" : {"num": []. "ptr": [0]}}')
debug_merge_point(0, 0, '103<main.rpyeffect:103([#259])>+0: {"op": "Const". "type": "num". "out": 0. "value": 0}')
debug_merge_point(0, 0, '103<main.rpyeffect:103([#259])>+1: {"op": "ShiftDyn". "out": 0. "n": 0. "label": 2}')
+696: i66 = getfield_gc_i(p64, descr=<FieldS rpyeffect.stack.Label.inst_origin 8 pure>)
+700: i67 = int_ne(i38, i66)
guard_false(i67, descr=<Guard0x1482e2b60>) [p2, i63, i29, i13, p30, p37, p22, p24, p0, p45, p44, p43, p31]
+708: i68 = instance_ptr_eq(p0, p64)
guard_true(i68, descr=<Guard0x1482e2ba0>) [p2, i63, i29, i13, p30, p37, p22, p24, p0, p45, p44, p43, p31]
debug_merge_point(0, 0, '103<main.rpyeffect:103([#259])>+2: {"op": "Load". "out": 0. "type": "num". "ref": 1}')
debug_merge_point(0, 0, '103<main.rpyeffect:103([#259])>+3: {"op": "Const". "type": "num". "out": 1. "value": 1}')
debug_merge_point(0, 0, '103<main.rpyeffect:103([#259])>+4: {"op": "Push". "target": 102. "args": {"num": []. "ptr": [1. 0]}}')
debug_merge_point(0, 0, '103<main.rpyeffect:103([#259])>+5: {"op": "Jump". "target": 5}')
debug_merge_point(0, 0, '5<main.rpyeffect:5(Name(infixAdd95))>+0: {"op": "PrimOp". "name": "infixAdd(Int. Int): Int". "out": {"num": [0]. "ptr": []}. "in": {"num": [0. 1]. "ptr": []}}')
+716: i70 = int_add(i61, 1)
debug_merge_point(0, 0, '5<main.rpyeffect:5(Name(infixAdd95))>+1: {"op": "Return". "args": {"num": [0]. "ptr": []}}')
debug_merge_point(0, 0, '102<main.rpyeffect:102([k@[#259]#267])>+0: {"op": "Const". "type": "num". "out": 1. "value": 1009}')
debug_merge_point(0, 0, '102<main.rpyeffect:102([k@[#259]#267])>+1: {"op": "Push". "target": 101. "args": {"num": []. "ptr": [0. 1]}}')
debug_merge_point(0, 0, '102<main.rpyeffect:102([k@[#259]#267])>+2: {"op": "Jump". "target": 8}')
debug_merge_point(0, 0, '8<main.rpyeffect:8(Name(mod107))>+0: {"op": "PrimOp". "name": "mod(Int. Int): Int". "out": {"num": [0]. "ptr": []}. "in": {"num": [0. 1]. "ptr": []}}')
+720: i72 = uint_mul_high(i70, -9086255505087856445)
+740: i74 = uint_rshift(i72, 9)
+748: i76 = int_mul(i74, 1009)
+756: i77 = int_sub(i70, i76)
debug_merge_point(0, 0, '8<main.rpyeffect:8(Name(mod107))>+1: {"op": "Return". "args": {"num": [0]. "ptr": []}}')
debug_merge_point(0, 0, '101<main.rpyeffect:101([k@[k@[#259]#267]#270])>+0: {"op": "Store". "ref": 0. "type": "num". "value": 0}')
debug_merge_point(0, 0, '101<main.rpyeffect:101([k@[k@[#259]#267]#270])>+1: {"op": "Construct". "out": 0. "type": Interned(Unit). "tag": Interned(unit). "args": {"num": []. "ptr": []}}')
debug_merge_point(0, 0, '101<main.rpyeffect:101([k@[k@[#259]#267]#270])>+2: {"op": "Construct". "out": 0. "type": Interned(Unit). "tag": Interned(unit). "args": {"num": []. "ptr": []}}')
debug_merge_point(0, 0, '101<main.rpyeffect:101([k@[k@[#259]#267]#270])>+3: {"op": "Jump". "target": 44}')
debug_merge_point(0, 0, '44<main.rpyeffect:44(Name(resume84147))>+0: {"op": "PushStack". "arg": 1}')
debug_merge_point(0, 0, '44<main.rpyeffect:44(Name(resume84147))>+1: {"op": "Return". "args": {"num": []. "ptr": [0]}}')
debug_merge_point(0, 0, '47<main.rpyeffect:47([k@[then#76]#81])>+0: {"op": "Const". "type": "num". "out": 2. "value": 1}')
debug_merge_point(0, 0, '47<main.rpyeffect:47([k@[then#76]#81])>+1: {"op": "Push". "target": 46. "args": {"num": [1]. "ptr": [1]}}')
debug_merge_point(0, 0, '47<main.rpyeffect:47([k@[then#76]#81])>+2: {"op": "Copy". "type": "num". "from": 2. "to". 1}')
debug_merge_point(0, 0, '47<main.rpyeffect:47([k@[then#76]#81])>+3: {"op": "Jump". "target": 5}')
debug_merge_point(0, 0, '5<main.rpyeffect:5(Name(infixAdd95))>+0: {"op": "PrimOp". "name": "infixAdd(Int. Int): Int". "out": {"num": [0]. "ptr": []}. "in": {"num": [0. 1]. "ptr": []}}')
+760: i79 = int_add(i63, 1)
debug_merge_point(0, 0, '5<main.rpyeffect:5(Name(infixAdd95))>+1: {"op": "Return". "args": {"num": [0]. "ptr": []}}')
debug_merge_point(0, 0, '46<main.rpyeffect:46([k@[k@[then#76]#81]#85])>+0: {"op": "Jump". "target": 50}')
debug_merge_point(0, 0, '50<main.rpyeffect:50(Name(go434255))>+0: {"op": "Push". "target": 49. "args": {"num": [0. 1]. "ptr": [0]}}')
debug_merge_point(0, 0, '50<main.rpyeffect:50(Name(go434255))>+1: {"op": "Jump". "target": 10}')
+764: setfield_gc(p36, i77, descr=<FieldS rpyeffect.region.NumRef.inst_value 8>)
+768: jump(p0, p31, i79, i29, p30, p2, p43, p44, p45, i13, p64, p22, p24, p64, i38, p36, i77, descr=TargetToken(5505747168))
+780: --end of the loop--
[17dece36] jit-log-opt-loop}
[206c7e1b] {jit-summary
Tracing:      	3	0.002442
Backend:      	3	0.000473
TOTAL:      		0.542058
ops:             	6534
heapcached ops:  	849
recorded ops:    	1811
  calls:         	996
guards:          	224
opt ops:         	429
opt guards:      	50
opt guards shared:	41
forcings:        	0
abort: trace too long:	0
abort: compiling:	0
abort: vable escape:	0
abort: bad loop: 	0
abort: force quasi-immut:	0
abort: segmenting trace:	0
virtualizables forced:	0
nvirtuals:       	11
nvholes:         	0
nvreused:        	0
vecopt tried:    	0
vecopt success:  	0
Total # of loops:	3
Total # of bridges:	0
Freed # of loops:	0
Freed # of bridges:	0
[206cabd7] jit-summary}
