[49c323] {jit-log-opt-loop
# Loop 1 (41<main.rpyeffect:41([method_%Prime2640(n):n@[k@[then#45]#47]#58])>+3: {"op": "Jump", "target": 9}) : loop with 118 ops
[p0, p1, p2, p3, p4]
+344: p5 = getfield_gc_r(p2, descr=<FieldP rpyeffect.environment.Environment.inst_values_num 16>)
+352: i7 = getarrayitem_gc_i(p5, 0, descr=<ArrayS 8>)
+356: i9 = getarrayitem_gc_i(p5, 1, descr=<ArrayS 8>)
+360: i11 = getarrayitem_gc_i(p5, 2, descr=<ArrayS 8>)
+364: i13 = getarrayitem_gc_i(p5, 3, descr=<ArrayS 8>)
+368: p14 = getfield_gc_r(p2, descr=<FieldP rpyeffect.environment.Environment.inst_values_ptr 24>)
+372: p16 = getarrayitem_gc_r(p14, 0, descr=<ArrayP 8>)
+376: p18 = getarrayitem_gc_r(p14, 1, descr=<ArrayP 8>)
+380: p20 = getarrayitem_gc_r(p14, 2, descr=<ArrayP 8>)
+384: p22 = getarrayitem_gc_r(p14, 3, descr=<ArrayP 8>)
+388: p24 = getarrayitem_gc_r(p14, 4, descr=<ArrayP 8>)
+392: label(p0, p1, p2, p3, p4, i7, i9, i11, i13, p16, p18, p20, p22, p24, descr=TargetToken(5507058208))
debug_merge_point(0, 0, '41<main.rpyeffect:41([method_%Prime2640(n):n@[k@[then#45]#47]#58])>+3: {"op": "Jump". "target": 9}')
+420: guard_not_invalidated(descr=<Guard0x1483f2650>) [p2, i7, i9, i11, i13, p16, p18, p20, p22, p24, p0, p1, p3, p4]
+424: guard_nonnull(p1, descr=<Guard0x1483e14a0>) [p2, i7, i9, i11, i13, p16, p18, p20, p22, p24, p0, p1, p3, p4]
+436: i25 = getfield_gc_i(p1, descr=<FieldS rpyeffect.stored_environment.Stack__arb_arb.inst_target 16 pure>)
+444: guard_value(i25, 40, descr=<Guard0x1483e1460>) [p2, i7, i9, i11, i13, p16, p18, p20, p22, p24, p0, p1, p3, p4]
debug_merge_point(0, 0, '9<main.rpyeffect:9(Name(mod107))>+0: {"op": "PrimOp". "name": "mod(Int. Int): Int". "out": {"num": [0]. "ptr": []}. "in": {"num": [0. 1]. "ptr": []}}')
+456: i27 = int_is_zero(i9)
guard_false(i27, descr=<Guard0x1483e1420>) [p2, i7, i9, i11, i13, p16, p18, p20, p22, p24, p0, p1, p3, p4]
+464: i29 = call_i(ConstClass(ll_int_py_mod__Signed_Signed), i7, i9, descr=<Calli 8 ii EF=0 OS=14>)
debug_merge_point(0, 0, '9<main.rpyeffect:9(Name(mod107))>+1: {"op": "Return". "args": {"num": [0]. "ptr": []}}')
+496: i30 = getfield_gc_i(p1, descr=<FieldS rpyeffect.stored_environment.Stack__1_2.inst_values_num_0 40 pure>)
+500: p31 = getfield_gc_r(p1, descr=<FieldP rpyeffect.stored_environment.Stack__1_2.inst_values_ptr_0 48 pure>)
+504: p32 = getfield_gc_r(p1, descr=<FieldP rpyeffect.stored_environment.Stack__1_2.inst_values_ptr_1 56 pure>)
+508: p33 = getfield_gc_r(p1, descr=<FieldP rpyeffect.stored_environment.Stack__arb_arb.inst_tail 8 pure>)
debug_merge_point(0, 0, '40<main.rpyeffect:40([#65])>+0: {"op": "Const". "type": "num". "out": 2. "value": 0}')
debug_merge_point(0, 0, '40<main.rpyeffect:40([#65])>+1: {"op": "Push". "target": 39. "args": {"num": [1]. "ptr": [0. 1]}}')
debug_merge_point(0, 0, '40<main.rpyeffect:40([#65])>+2: {"op": "Copy". "type": "num". "from": 2. "to". 1}')
debug_merge_point(0, 0, '40<main.rpyeffect:40([#65])>+3: {"op": "Jump". "target": 4}')
debug_merge_point(0, 0, '4<main.rpyeffect:4(Name(infixEq71))>+0: {"op": "PrimOp". "name": "infixEq(Int. Int): Boolean". "out": {"num": [0]. "ptr": []}. "in": {"num": [0. 1]. "ptr": []}}')
+512: i35 = int_eq(i29, 0)
guard_false(i35, descr=<Guard0x1483f2700>) [p2, i29, i13, p31, p32, p20, p22, p24, p0, p3, p4, i30, p33]
debug_merge_point(0, 0, '4<main.rpyeffect:4(Name(infixEq71))>+1: {"op": "Return". "args": {"num": [0]. "ptr": []}}')
debug_merge_point(0, 0, '39<main.rpyeffect:39([k@[#65]#70])>+0: {"op": "IfZero". "cond": 0. "then": {"tag": null. "target": 38. "args": {"num": []. "ptr": []}}}')
+520: guard_nonnull(p33, descr=<Guard0x1483e14e0>) [p2, i29, i13, p31, p32, p20, p22, p24, p0, p3, p4, i30, p33]
+528: i36 = getfield_gc_i(p33, descr=<FieldS rpyeffect.stored_environment.Stack__arb_arb.inst_target 16 pure>)
+532: guard_value(i36, 35, descr=<Guard0x1483e1520>) [p2, i29, i13, p31, p32, p20, p22, p24, p0, p3, p4, i30, p33]
debug_merge_point(0, 0, '38<main.rpyeffect:38([then#72])>+0: {"op": "Push". "target": 37. "args": {"num": []. "ptr": [1]}}')
debug_merge_point(0, 0, '38<main.rpyeffect:38([then#72])>+1: {"op": "Copy". "type": "num". "from": 1. "to". 0}')
debug_merge_point(0, 0, '38<main.rpyeffect:38([then#72])>+2: {"op": "Jump". "target": 32}')
debug_merge_point(0, 0, '32<main.rpyeffect:32([mcore:[#31]#41])>+0: {"op": "Invoke". "receiver": 0. "tag": Interned(%Prime2640(n):n). "args" : {"num": [0]. "ptr": []}}')
+544: p38 = getfield_gc_r(p31, descr=<FieldP rpyeffect.stored_environment.CoData__arb_arb.inst_vtable 24 pure>)
+552: guard_value(p38, ConstPtr(ptr39), descr=<Guard0x1483e1560>) [p2, i29, i13, p31, p32, p20, p22, p24, p0, p3, p4, i30, p33]
+560: i40 = getfield_gc_i(p31, descr=<FieldS rpyeffect.stored_environment.CoData__1_2.inst_values_num_0 32 pure>)
+564: p41 = getfield_gc_r(p31, descr=<FieldP rpyeffect.stored_environment.CoData__1_2.inst_values_ptr_0 40 pure>)
+568: p42 = getfield_gc_r(p31, descr=<FieldP rpyeffect.stored_environment.CoData__1_2.inst_values_ptr_1 48 pure>)
debug_merge_point(0, 0, '41<main.rpyeffect:41([method_%Prime2640(n):n@[k@[then#45]#47]#58])>+0: {"op": "Const". "type": "num". "out": 2. "value": 0}')
debug_merge_point(0, 0, '41<main.rpyeffect:41([method_%Prime2640(n):n@[k@[then#45]#47]#58])>+1: {"op": "ShiftDyn". "out": 1. "n": 2. "label": 1}')
+572: guard_isnull(p4, descr=<Guard0x1483e15a0>) [p2, i29, i13, p31, p32, p20, p22, p24, p0, p3, p4, i30, p33]
+584: i43 = getfield_gc_i(p0, descr=<FieldS rpyeffect.stack.Label.inst_origin 8 pure>)
+592: i44 = getfield_gc_i(p42, descr=<FieldS rpyeffect.stack.Label.inst_origin 8 pure>)
+596: i45 = int_ne(i43, i44)
guard_false(i45, descr=<Guard0x1483e15e0>) [p2, i29, i13, p31, p32, p20, p22, p24, p0, p3, p4, i30, p33]
+604: i46 = instance_ptr_eq(p0, p42)
guard_true(i46, descr=<Guard0x1483e1620>) [p2, i29, i13, p31, p32, p20, p22, p24, p0, p3, p4, i30, p33]
+612: guard_nonnull_class(p3, 4305678024, descr=<Guard0x1483f2758>) [p2, i29, i13, p31, p32, p20, p22, p24, p0, p3, p4, i30, p33]
+640: p48 = getfield_gc_r(p3, descr=<FieldP rpyeffect.stack.MetaStackLike.inst_stack 8 pure>)
+644: p49 = getfield_gc_r(p3, descr=<FieldP rpyeffect.stack.MetaStack.inst_label 16 pure>)
+648: p50 = getfield_gc_r(p3, descr=<FieldP rpyeffect.stack.MetaStack.inst_tail 32 pure>)
+652: guard_nonnull(p48, descr=<Guard0x1483e1660>) [p2, i29, i13, p31, p32, p20, p22, p24, p0, p3, p4, i30, p33]
+660: i51 = getfield_gc_i(p48, descr=<FieldS rpyeffect.stored_environment.Stack__arb_arb.inst_target 16 pure>)
+664: guard_value(i51, 35, descr=<Guard0x1483e16a0>) [p2, i29, i13, p31, p32, p20, p22, p24, p0, p3, p4, i30, p33]
debug_merge_point(0, 0, '41<main.rpyeffect:41([method_%Prime2640(n):n@[k@[then#45]#47]#58])>+2: {"op": "Push". "target": 40. "args": {"num": [0]. "ptr": [0. 1]}}')
debug_merge_point(0, 0, '41<main.rpyeffect:41([method_%Prime2640(n):n@[k@[then#45]#47]#58])>+3: {"op": "Jump". "target": 9}')
+676: label(p49, p48, i30, p41, p33, p32, p0, p2, p50, i40, i13, p20, p22, p24, descr=TargetToken(5507058288))
debug_merge_point(0, 0, '41<main.rpyeffect:41([method_%Prime2640(n):n@[k@[then#45]#47]#58])>+3: {"op": "Jump". "target": 9}')
+680: guard_not_invalidated(descr=<Guard0x1483f27b0>) [p2, i30, i40, i13, p41, p20, p22, p24, p49, p50, p48, p32, p33, p0]
debug_merge_point(0, 0, '9<main.rpyeffect:9(Name(mod107))>+0: {"op": "PrimOp". "name": "mod(Int. Int): Int". "out": {"num": [0]. "ptr": []}. "in": {"num": [0. 1]. "ptr": []}}')
+684: i53 = int_is_zero(i40)
guard_false(i53, descr=<Guard0x1483e16e0>) [p2, i30, i40, i13, p41, p20, p22, p24, p49, p50, p48, p32, p33, p0]
+692: i55 = call_i(ConstClass(ll_int_py_mod__Signed_Signed), i30, i40, descr=<Calli 8 ii EF=0 OS=14>)
debug_merge_point(0, 0, '9<main.rpyeffect:9(Name(mod107))>+1: {"op": "Return". "args": {"num": [0]. "ptr": []}}')
debug_merge_point(0, 0, '40<main.rpyeffect:40([#65])>+0: {"op": "Const". "type": "num". "out": 2. "value": 0}')
debug_merge_point(0, 0, '40<main.rpyeffect:40([#65])>+1: {"op": "Push". "target": 39. "args": {"num": [1]. "ptr": [0. 1]}}')
debug_merge_point(0, 0, '40<main.rpyeffect:40([#65])>+2: {"op": "Copy". "type": "num". "from": 2. "to". 1}')
debug_merge_point(0, 0, '40<main.rpyeffect:40([#65])>+3: {"op": "Jump". "target": 4}')
debug_merge_point(0, 0, '4<main.rpyeffect:4(Name(infixEq71))>+0: {"op": "PrimOp". "name": "infixEq(Int. Int): Boolean". "out": {"num": [0]. "ptr": []}. "in": {"num": [0. 1]. "ptr": []}}')
+744: i57 = int_eq(i55, 0)
guard_false(i57, descr=<Guard0x1483f2808>) [p2, i55, i13, p41, p20, p22, p24, p49, p50, i30, p48, p32, p33, p0]
debug_merge_point(0, 0, '4<main.rpyeffect:4(Name(infixEq71))>+1: {"op": "Return". "args": {"num": [0]. "ptr": []}}')
debug_merge_point(0, 0, '39<main.rpyeffect:39([k@[#65]#70])>+0: {"op": "IfZero". "cond": 0. "then": {"tag": null. "target": 38. "args": {"num": []. "ptr": []}}}')
debug_merge_point(0, 0, '38<main.rpyeffect:38([then#72])>+0: {"op": "Push". "target": 37. "args": {"num": []. "ptr": [1]}}')
debug_merge_point(0, 0, '38<main.rpyeffect:38([then#72])>+1: {"op": "Copy". "type": "num". "from": 1. "to". 0}')
debug_merge_point(0, 0, '38<main.rpyeffect:38([then#72])>+2: {"op": "Jump". "target": 32}')
debug_merge_point(0, 0, '32<main.rpyeffect:32([mcore:[#31]#41])>+0: {"op": "Invoke". "receiver": 0. "tag": Interned(%Prime2640(n):n). "args" : {"num": [0]. "ptr": []}}')
+752: p58 = getfield_gc_r(p41, descr=<FieldP rpyeffect.stored_environment.CoData__arb_arb.inst_vtable 24 pure>)
+760: guard_value(p58, ConstPtr(ptr59), descr=<Guard0x1483e1720>) [p2, i55, i13, p41, p20, p22, p24, p49, p50, i30, p48, p32, p33, p0]
+768: i60 = getfield_gc_i(p41, descr=<FieldS rpyeffect.stored_environment.CoData__1_2.inst_values_num_0 32 pure>)
+772: p61 = getfield_gc_r(p41, descr=<FieldP rpyeffect.stored_environment.CoData__1_2.inst_values_ptr_0 40 pure>)
+776: p62 = getfield_gc_r(p41, descr=<FieldP rpyeffect.stored_environment.CoData__1_2.inst_values_ptr_1 48 pure>)
debug_merge_point(0, 0, '41<main.rpyeffect:41([method_%Prime2640(n):n@[k@[then#45]#47]#58])>+0: {"op": "Const". "type": "num". "out": 2. "value": 0}')
debug_merge_point(0, 0, '41<main.rpyeffect:41([method_%Prime2640(n):n@[k@[then#45]#47]#58])>+1: {"op": "ShiftDyn". "out": 1. "n": 2. "label": 1}')
+780: i63 = getfield_gc_i(p49, descr=<FieldS rpyeffect.stack.Label.inst_origin 8 pure>)
+788: i64 = getfield_gc_i(p62, descr=<FieldS rpyeffect.stack.Label.inst_origin 8 pure>)
+792: i65 = int_ne(i63, i64)
guard_false(i65, descr=<Guard0x1483e1760>) [p2, i55, i13, p41, p20, p22, p24, p49, p50, i30, p48, p32, p33, p0]
+800: i66 = instance_ptr_eq(p49, p62)
guard_true(i66, descr=<Guard0x1483e17a0>) [p2, i55, i13, p41, p20, p22, p24, p49, p50, i30, p48, p32, p33, p0]
+808: guard_nonnull_class(p50, 4305678024, descr=<Guard0x1483f2860>) [p2, i55, i13, p41, p20, p22, p24, p49, p50, i30, p48, p32, p33, p0]
+836: p68 = getfield_gc_r(p50, descr=<FieldP rpyeffect.stack.MetaStackLike.inst_stack 8 pure>)
+840: p69 = getfield_gc_r(p50, descr=<FieldP rpyeffect.stack.MetaStack.inst_label 16 pure>)
+844: p70 = getfield_gc_r(p50, descr=<FieldP rpyeffect.stack.MetaStack.inst_tail 32 pure>)
+848: guard_nonnull(p68, descr=<Guard0x1483e17e0>) [p2, i55, i13, p41, p20, p22, p24, p49, p50, i30, p48, p32, p33, p0]
+856: i71 = getfield_gc_i(p68, descr=<FieldS rpyeffect.stored_environment.Stack__arb_arb.inst_target 16 pure>)
+860: guard_value(i71, 35, descr=<Guard0x1483e1820>) [p2, i55, i13, p41, p20, p22, p24, p49, p50, i30, p48, p32, p33, p0]
debug_merge_point(0, 0, '41<main.rpyeffect:41([method_%Prime2640(n):n@[k@[then#45]#47]#58])>+2: {"op": "Push". "target": 40. "args": {"num": [0]. "ptr": [0. 1]}}')
debug_merge_point(0, 0, '41<main.rpyeffect:41([method_%Prime2640(n):n@[k@[then#45]#47]#58])>+3: {"op": "Jump". "target": 9}')
+872: p73 = new_with_vtable(descr=<SizeDescr 40>)
+976: p74 = new_with_vtable(descr=<SizeDescr 48>)
+988: setfield_gc(p74, p33, descr=<FieldP rpyeffect.stored_environment.Stack__arb_arb.inst_tail 8 pure>)
+992: setfield_gc(p74, 37, descr=<FieldS rpyeffect.stored_environment.Stack__arb_arb.inst_target 16 pure>)
+1000: setfield_gc(p74, p32, descr=<FieldP rpyeffect.stored_environment.Stack__0_1.inst_values_ptr_0 40 pure>)
+1008: setfield_gc(p73, p74, descr=<FieldP rpyeffect.stack.MetaStackLike.inst_stack 8 pure>)
+1012: setfield_gc(p73, p0, descr=<FieldP rpyeffect.stack.MetaStack.inst_label 16 pure>)
+1020: setfield_gc(p73, ConstPtr(null), descr=<FieldP rpyeffect.stack.MetaStack.inst_tail 32 pure>)
+1028: setfield_gc(p73, ConstPtr(null), descr=<FieldP rpyeffect.stack.MetaStack.inst_region 24 pure>)
+1052: jump(p69, p68, i30, p61, p48, p73, p49, p2, p70, i60, i13, p20, p22, p24, descr=TargetToken(5507058288))
+1092: --end of the loop--
[4be5b0] jit-log-opt-loop}
[4f3e9f] {jit-log-opt-loop
# Loop 2 (31<main.rpyeffect:31(Name(resume2642))>+0: {"op": "PushStack", "arg": 0}) : loop with 60 ops
[p0, p1, p2, p3, p4]
+296: p5 = getfield_gc_r(p2, descr=<FieldP rpyeffect.environment.Environment.inst_values_num 16>)
+304: i7 = getarrayitem_gc_i(p5, 0, descr=<ArrayS 8>)
+308: i9 = getarrayitem_gc_i(p5, 1, descr=<ArrayS 8>)
+312: i11 = getarrayitem_gc_i(p5, 2, descr=<ArrayS 8>)
+316: i13 = getarrayitem_gc_i(p5, 3, descr=<ArrayS 8>)
+320: p14 = getfield_gc_r(p2, descr=<FieldP rpyeffect.environment.Environment.inst_values_ptr 24>)
+324: p16 = getarrayitem_gc_r(p14, 0, descr=<ArrayP 8>)
+328: p18 = getarrayitem_gc_r(p14, 1, descr=<ArrayP 8>)
+332: p20 = getarrayitem_gc_r(p14, 2, descr=<ArrayP 8>)
+336: p22 = getarrayitem_gc_r(p14, 3, descr=<ArrayP 8>)
+340: p24 = getarrayitem_gc_r(p14, 4, descr=<ArrayP 8>)
+344: label(p0, p1, p2, p3, p4, i7, i9, i11, i13, p16, p18, p20, p22, p24, descr=TargetToken(5507058368))
debug_merge_point(0, 0, '31<main.rpyeffect:31(Name(resume2642))>+0: {"op": "PushStack". "arg": 0}')
+376: guard_not_invalidated(descr=<Guard0x1483f2910>) [p2, i7, i9, i11, i13, p16, p18, p20, p22, p24, p0, p1, p3, p4]
+380: guard_isnull(p4, descr=<Guard0x1483e1860>) [p2, i7, i9, i11, i13, p16, p18, p20, p22, p24, p0, p1, p3, p4]
+392: guard_nonnull_class(p16, 4305678024, descr=<Guard0x1483f2968>) [p2, i7, i9, i11, i13, p16, p18, p20, p22, p24, p0, p1, p3, p4]
+416: p26 = getfield_gc_r(p16, descr=<FieldP rpyeffect.stack.MetaStack.inst_region 24 pure>)
+420: guard_isnull(p26, descr=<Guard0x1483e18a0>) [p2, i7, i9, i11, i13, p16, p18, p20, p22, p24, p0, p1, p3, p4]
+428: p27 = getfield_gc_r(p16, descr=<FieldP rpyeffect.stack.MetaStackLike.inst_stack 8 pure>)
+432: p28 = getfield_gc_r(p16, descr=<FieldP rpyeffect.stack.MetaStack.inst_tail 32 pure>)
+436: guard_isnull(p28, descr=<Guard0x1483e18e0>) [p2, i7, i9, i11, i13, p16, p18, p20, p22, p24, p0, p1, p3, p4]
+444: p29 = getfield_gc_r(p16, descr=<FieldP rpyeffect.stack.MetaStack.inst_label 16 pure>)
+448: guard_nonnull(p27, descr=<Guard0x1483e1920>) [p2, i7, i9, i11, i13, p16, p18, p20, p22, p24, p0, p1, p3, p4]
+456: i30 = getfield_gc_i(p27, descr=<FieldS rpyeffect.stored_environment.Stack__arb_arb.inst_target 16 pure>)
+460: guard_value(i30, 37, descr=<Guard0x1483e1960>) [p2, i7, i9, i11, i13, p16, p18, p20, p22, p24, p0, p1, p3, p4]
debug_merge_point(0, 0, '31<main.rpyeffect:31(Name(resume2642))>+1: {"op": "Return". "args": {"num": [0]. "ptr": []}}')
+472: p32 = getfield_gc_r(p27, descr=<FieldP rpyeffect.stored_environment.Stack__0_1.inst_values_ptr_0 40 pure>)
+476: p33 = getfield_gc_r(p27, descr=<FieldP rpyeffect.stored_environment.Stack__arb_arb.inst_tail 8 pure>)
debug_merge_point(0, 0, '37<main.rpyeffect:37([k@[then#72]#74])>+0: {"op": "Jump". "target": 31}')
+480: guard_nonnull(p33, descr=<Guard0x1483e19a0>) [p2, i7, i9, i11, i13, p16, p18, p20, p22, p24, p0, p1, p3, p4]
+488: i34 = getfield_gc_i(p33, descr=<FieldS rpyeffect.stored_environment.Stack__arb_arb.inst_target 16 pure>)
+492: guard_value(i34, 35, descr=<Guard0x1483e19e0>) [p2, i7, i9, i11, i13, p16, p18, p20, p22, p24, p0, p1, p3, p4]
debug_merge_point(0, 0, '31<main.rpyeffect:31(Name(resume2642))>+0: {"op": "PushStack". "arg": 0}')
+504: label(p29, p33, p2, p1, p0, p3, i7, i9, i11, i13, p32, p18, p20, p22, p24, descr=TargetToken(5507058448))
debug_merge_point(0, 0, '31<main.rpyeffect:31(Name(resume2642))>+0: {"op": "PushStack". "arg": 0}')
+512: guard_not_invalidated(descr=<Guard0x1483f29c0>) [p2, i7, i9, i11, i13, p32, p18, p20, p22, p24, p29, p33, p3, p0, p1]
+516: guard_nonnull_class(p32, 4305678024, descr=<Guard0x1483f2a18>) [p2, i7, i9, i11, i13, p32, p18, p20, p22, p24, p29, p33, p3, p0, p1]
+540: p37 = getfield_gc_r(p32, descr=<FieldP rpyeffect.stack.MetaStack.inst_region 24 pure>)
+544: guard_isnull(p37, descr=<Guard0x1483e1a20>) [p2, i7, i9, i11, i13, p32, p18, p20, p22, p24, p29, p33, p3, p0, p1]
+552: p38 = getfield_gc_r(p32, descr=<FieldP rpyeffect.stack.MetaStackLike.inst_stack 8 pure>)
+556: p39 = getfield_gc_r(p32, descr=<FieldP rpyeffect.stack.MetaStack.inst_tail 32 pure>)
+560: guard_isnull(p39, descr=<Guard0x1483e1a60>) [p2, i7, i9, i11, i13, p32, p18, p20, p22, p24, p29, p33, p3, p0, p1]
+568: p40 = getfield_gc_r(p32, descr=<FieldP rpyeffect.stack.MetaStack.inst_label 16 pure>)
+572: guard_nonnull(p38, descr=<Guard0x1483e1aa0>) [p2, i7, i9, i11, i13, p32, p18, p20, p22, p24, p29, p33, p3, p0, p1]
+580: i41 = getfield_gc_i(p38, descr=<FieldS rpyeffect.stored_environment.Stack__arb_arb.inst_target 16 pure>)
+584: guard_value(i41, 37, descr=<Guard0x1483e1ae0>) [p2, i7, i9, i11, i13, p32, p18, p20, p22, p24, p29, p33, p3, p0, p1]
debug_merge_point(0, 0, '31<main.rpyeffect:31(Name(resume2642))>+1: {"op": "Return". "args": {"num": [0]. "ptr": []}}')
+596: p43 = getfield_gc_r(p38, descr=<FieldP rpyeffect.stored_environment.Stack__0_1.inst_values_ptr_0 40 pure>)
+600: p44 = getfield_gc_r(p38, descr=<FieldP rpyeffect.stored_environment.Stack__arb_arb.inst_tail 8 pure>)
debug_merge_point(0, 0, '37<main.rpyeffect:37([k@[then#72]#74])>+0: {"op": "Jump". "target": 31}')
+604: guard_nonnull(p44, descr=<Guard0x1483e1b20>) [p2, i7, i9, i11, i13, p32, p18, p20, p22, p24, p29, p33, p3, p0, p1]
+612: i45 = getfield_gc_i(p44, descr=<FieldS rpyeffect.stored_environment.Stack__arb_arb.inst_target 16 pure>)
+616: guard_value(i45, 35, descr=<Guard0x1483e1b60>) [p2, i7, i9, i11, i13, p32, p18, p20, p22, p24, p29, p33, p3, p0, p1]
debug_merge_point(0, 0, '31<main.rpyeffect:31(Name(resume2642))>+0: {"op": "PushStack". "arg": 0}')
+628: p47 = new_with_vtable(descr=<SizeDescr 40>)
+732: setfield_gc(p47, ConstPtr(null), descr=<FieldP rpyeffect.stack.MetaStack.inst_region 24 pure>)
+740: setfield_gc(p47, p1, descr=<FieldP rpyeffect.stack.MetaStackLike.inst_stack 8 pure>)
+748: setfield_gc(p47, p3, descr=<FieldP rpyeffect.stack.MetaStack.inst_tail 32 pure>)
+756: setfield_gc(p47, p0, descr=<FieldP rpyeffect.stack.MetaStack.inst_label 16 pure>)
+764: jump(p40, p44, p2, p33, p29, p47, i7, i9, i11, i13, p43, p18, p20, p22, p24, descr=TargetToken(5507058448))
+800: --end of the loop--
[500312] jit-log-opt-loop}
[5b6716] {jit-log-opt-bridge
# bridge out of Guard 0x1483f2808 with 22 ops
[p0, i1, i2, p3, p4, p5, p6, p7, p8, i9, p10, p11, p12, p13]
+104: i15 = int_eq(i1, 0)
guard_true(i15, descr=<Guard0x1483f2a70>) [p0, i1, i2, p3, p4, p5, p6, p7, p8, i9, p10, p11, p12, p13]
+112: guard_not_invalidated(descr=<Guard0x148426420>) [p0, i1, i2, p3, p4, p5, p6, p7, p8, i9, p10, p11, p12, p13]
debug_merge_point(0, 0, '4<main.rpyeffect:4(Name(infixEq71))>+1: {"op": "Return". "args": {"num": [0]. "ptr": []}}')
debug_merge_point(0, 0, '39<main.rpyeffect:39([k@[#65]#70])>+0: {"op": "IfZero". "cond": 0. "then": {"tag": null. "target": 38. "args": {"num": []. "ptr": []}}}')
debug_merge_point(0, 0, '39<main.rpyeffect:39([k@[#65]#70])>+1: {"op": "Const". "type": "num". "out": 0. "value": 0}')
debug_merge_point(0, 0, '39<main.rpyeffect:39([k@[#65]#70])>+2: {"op": "Copy". "type": "ptr". "from": 1. "to". 0}')
debug_merge_point(0, 0, '39<main.rpyeffect:39([k@[#65]#70])>+3: {"op": "Jump". "target": 31}')
+116: guard_nonnull(p10, descr=<Guard0x148426460>) [p0, i1, i2, p3, p4, p5, p6, p7, p8, i9, p10, p11, p12, p13]
+128: i16 = getfield_gc_i(p10, descr=<FieldS rpyeffect.stored_environment.Stack__arb_arb.inst_target 16 pure>)
+136: guard_value(i16, 35, descr=<Guard0x1484264a0>) [p0, i1, i2, p3, p4, p5, p6, p7, p8, i9, p10, p11, p12, p13]
debug_merge_point(0, 0, '31<main.rpyeffect:31(Name(resume2642))>+0: {"op": "PushStack". "arg": 0}')
+148: p18 = new_with_vtable(descr=<SizeDescr 40>)
+252: p19 = new_with_vtable(descr=<SizeDescr 48>)
+264: setfield_gc(p19, p12, descr=<FieldP rpyeffect.stored_environment.Stack__arb_arb.inst_tail 8 pure>)
+268: setfield_gc(p19, 37, descr=<FieldS rpyeffect.stored_environment.Stack__arb_arb.inst_target 16 pure>)
+276: setfield_gc(p19, p11, descr=<FieldP rpyeffect.stored_environment.Stack__0_1.inst_values_ptr_0 40 pure>)
+284: setfield_gc(p18, p19, descr=<FieldP rpyeffect.stack.MetaStackLike.inst_stack 8 pure>)
+288: setfield_gc(p18, p13, descr=<FieldP rpyeffect.stack.MetaStack.inst_label 16 pure>)
+296: setfield_gc(p18, ConstPtr(null), descr=<FieldP rpyeffect.stack.MetaStack.inst_region 24 pure>)
+304: setfield_gc(p18, ConstPtr(null), descr=<FieldP rpyeffect.stack.MetaStack.inst_tail 32 pure>)
+328: jump(p7, p10, p0, p8, ConstPtr(null), 0, i9, 0, i2, p18, p18, p4, p5, p6, descr=TargetToken(5507058368))
+500: --end of the loop--
[5ba63d] jit-log-opt-bridge}
[65adf2] {jit-log-opt-bridge
# bridge out of Guard 0x1483e1ae0 with 87 ops
[p0, i1, i2, i3, i4, p5, p6, p7, p8, p9, p10, p11, p12, p13, p14]
+200: guard_not_invalidated(descr=<Guard0x1483f2ac8>) [p0, i1, i2, i3, i4, p5, p6, p7, p8, p9, p10, p11, p12, p13, p14]
+204: guard_nonnull_class(p5, 4305678024, descr=<Guard0x1483f2b20>) [p0, i1, i2, i3, i4, p5, p6, p7, p8, p9, p10, p11, p12, p13, p14]
+228: p16 = getfield_gc_r(p5, descr=<FieldP rpyeffect.stack.MetaStack.inst_region 24 pure>)
+232: guard_isnull(p16, descr=<Guard0x148426520>) [p0, i1, i2, i3, i4, p5, p6, p7, p8, p9, p10, p11, p12, p13, p14]
+240: p17 = getfield_gc_r(p5, descr=<FieldP rpyeffect.stack.MetaStackLike.inst_stack 8 pure>)
+244: p18 = getfield_gc_r(p5, descr=<FieldP rpyeffect.stack.MetaStack.inst_tail 32 pure>)
+248: guard_isnull(p18, descr=<Guard0x148426560>) [p0, i1, i2, i3, i4, p5, p6, p7, p8, p9, p10, p11, p12, p13, p14]
+256: p19 = getfield_gc_r(p5, descr=<FieldP rpyeffect.stack.MetaStack.inst_label 16 pure>)
+260: guard_nonnull(p17, descr=<Guard0x1484265a0>) [p0, i1, i2, i3, i4, p5, p6, p7, p8, p9, p10, p11, p12, p13, p14]
+268: i20 = getfield_gc_i(p17, descr=<FieldS rpyeffect.stored_environment.Stack__arb_arb.inst_target 16 pure>)
+272: guard_value(i20, 62, descr=<Guard0x1484265e0>) [p0, i1, i2, i3, i4, p5, p6, p7, p8, p9, p10, p11, p12, p13, p14]
debug_merge_point(0, 0, '31<main.rpyeffect:31(Name(resume2642))>+1: {"op": "Return". "args": {"num": [0]. "ptr": []}}')
+284: i22 = getfield_gc_i(p17, descr=<FieldS rpyeffect.stored_environment.Stack__3_1.inst_values_num_0 40 pure>)
+288: i23 = getfield_gc_i(p17, descr=<FieldS rpyeffect.stored_environment.Stack__3_1.inst_values_num_1 48 pure>)
+292: i24 = getfield_gc_i(p17, descr=<FieldS rpyeffect.stored_environment.Stack__3_1.inst_values_num_2 56 pure>)
+296: p25 = getfield_gc_r(p17, descr=<FieldP rpyeffect.stored_environment.Stack__3_1.inst_values_ptr_0 64 pure>)
+300: p26 = getfield_gc_r(p17, descr=<FieldP rpyeffect.stored_environment.Stack__arb_arb.inst_tail 8 pure>)
debug_merge_point(0, 0, '62<main.rpyeffect:62([k@[then#45]#47])>+0: {"op": "Swap". "type": "num". "a": 3. "b". 0}')
debug_merge_point(0, 0, '62<main.rpyeffect:62([k@[then#45]#47])>+1: {"op": "Swap". "type": "num". "a": 2. "b". 0}')
debug_merge_point(0, 0, '62<main.rpyeffect:62([k@[then#45]#47])>+2: {"op": "IfZero". "cond": 3. "then": {"tag": null. "target": 34. "args": {"num": []. "ptr": []}}}')
+304: i27 = int_is_zero(i1)
guard_true(i27, descr=<Guard0x148426620>) [p0, i1, i2, i3, i4, p5, p6, p7, p8, p9, p10, p11, p12, p13, p14]
+316: guard_nonnull(p26, descr=<Guard0x148426660>) [p0, i1, i2, i3, i4, p5, p6, p7, p8, p9, p10, p11, p12, p13, p14]
+324: i28 = getfield_gc_i(p26, descr=<FieldS rpyeffect.stored_environment.Stack__arb_arb.inst_target 16 pure>)
+328: guard_value(i28, 35, descr=<Guard0x1484266a0>) [p0, i1, i2, i3, i4, p5, p6, p7, p8, p9, p10, p11, p12, p13, p14]
debug_merge_point(0, 0, '34<main.rpyeffect:34([then#48])>+0: {"op": "Const". "type": "num". "out": 3. "value": 1}')
debug_merge_point(0, 0, '34<main.rpyeffect:34([then#48])>+1: {"op": "Push". "target": 33. "args": {"num": [1. 2]. "ptr": [0]}}')
debug_merge_point(0, 0, '34<main.rpyeffect:34([then#48])>+2: {"op": "Copy". "type": "num". "from": 3. "to". 1}')
debug_merge_point(0, 0, '34<main.rpyeffect:34([then#48])>+3: {"op": "Jump". "target": 6}')
debug_merge_point(0, 0, '6<main.rpyeffect:6(Name(infixAdd95))>+0: {"op": "PrimOp". "name": "infixAdd(Int. Int): Int". "out": {"num": [0]. "ptr": []}. "in": {"num": [0. 1]. "ptr": []}}')
+340: i31 = int_add(i23, 1)
debug_merge_point(0, 0, '6<main.rpyeffect:6(Name(infixAdd95))>+1: {"op": "Return". "args": {"num": [0]. "ptr": []}}')
debug_merge_point(0, 0, '33<main.rpyeffect:33([k@[then#48]#52])>+0: {"op": "Swap". "type": "num". "a": 2. "b". 1}')
debug_merge_point(0, 0, '33<main.rpyeffect:33([k@[then#48]#52])>+1: {"op": "Jump". "target": 65}')
debug_merge_point(0, 0, '65<main.rpyeffect:65(Name(primes2635))>+0: {"op": "Push". "target": 64. "args": {"num": [2. 0. 1]. "ptr": [0]}}')
debug_merge_point(0, 0, '65<main.rpyeffect:65(Name(primes2635))>+1: {"op": "Jump". "target": 11}')
debug_merge_point(0, 0, '11<main.rpyeffect:11(Name(infixGte177))>+0: {"op": "PrimOp". "name": "infixGte(Int. Int): Boolean". "out": {"num": [0]. "ptr": []}. "in": {"num": [0. 1]. "ptr": []}}')
+344: i32 = int_ge(i31, i24)
guard_false(i32, descr=<Guard0x1484266e0>) [p0, i1, i2, i3, i4, p5, p6, p7, p8, p9, p10, p11, p12, p13, p14]
debug_merge_point(0, 0, '11<main.rpyeffect:11(Name(infixGte177))>+1: {"op": "Return". "args": {"num": [0]. "ptr": []}}')
debug_merge_point(0, 0, '64<main.rpyeffect:64([k@Name(primes2635)#43])>+0: {"op": "Swap". "type": "num". "a": 2. "b". 0}')
debug_merge_point(0, 0, '64<main.rpyeffect:64([k@Name(primes2635)#43])>+1: {"op": "IfZero". "cond": 2. "then": {"tag": null. "target": 63. "args": {"num": []. "ptr": []}}}')
debug_merge_point(0, 0, '63<main.rpyeffect:63([then#45])>+0: {"op": "Push". "target": 62. "args": {"num": [1. 0. 3]. "ptr": [0]}}')
debug_merge_point(0, 0, '63<main.rpyeffect:63([then#45])>+1: {"op": "Jump". "target": 30}')
debug_merge_point(0, 0, '30<main.rpyeffect:30([mcore:[#24]#40])>+0: {"op": "Invoke". "receiver": 0. "tag": Interned(%Prime2640(n):n). "args" : {"num": [0]. "ptr": []}}')
+352: p33 = getfield_gc_r(p25, descr=<FieldP rpyeffect.stored_environment.CoData__arb_arb.inst_vtable 24 pure>)
+360: guard_value(p33, ConstPtr(ptr34), descr=<Guard0x148426720>) [p0, i1, i2, i3, i4, p5, p6, p7, p8, p9, p10, p11, p12, p13, p14]
+368: i35 = getfield_gc_i(p25, descr=<FieldS rpyeffect.stored_environment.CoData__1_2.inst_values_num_0 32 pure>)
+372: p36 = getfield_gc_r(p25, descr=<FieldP rpyeffect.stored_environment.CoData__1_2.inst_values_ptr_0 40 pure>)
+376: p37 = getfield_gc_r(p25, descr=<FieldP rpyeffect.stored_environment.CoData__1_2.inst_values_ptr_1 48 pure>)
debug_merge_point(0, 0, '41<main.rpyeffect:41([method_%Prime2640(n):n@[k@[then#45]#47]#58])>+0: {"op": "Const". "type": "num". "out": 2. "value": 0}')
debug_merge_point(0, 0, '41<main.rpyeffect:41([method_%Prime2640(n):n@[k@[then#45]#47]#58])>+1: {"op": "ShiftDyn". "out": 1. "n": 2. "label": 1}')
+380: i38 = getfield_gc_i(p19, descr=<FieldS rpyeffect.stack.Label.inst_origin 8 pure>)
+384: i39 = getfield_gc_i(p37, descr=<FieldS rpyeffect.stack.Label.inst_origin 8 pure>)
+388: i40 = int_ne(i38, i39)
guard_false(i40, descr=<Guard0x148426760>) [p0, i1, i2, i3, i4, p5, p6, p7, p8, p9, p10, p11, p12, p13, p14]
+396: i41 = instance_ptr_eq(p19, p37)
guard_true(i41, descr=<Guard0x1484267a0>) [p0, i1, i2, i3, i4, p5, p6, p7, p8, p9, p10, p11, p12, p13, p14]
+404: guard_nonnull(p11, descr=<Guard0x1484267e0>) [p0, i1, i2, i3, i4, p5, p6, p7, p8, p9, p10, p11, p12, p13, p14]
+416: i42 = getfield_gc_i(p11, descr=<FieldS rpyeffect.stored_environment.Stack__arb_arb.inst_target 16 pure>)
+424: guard_value(i42, 35, descr=<Guard0x148426820>) [p0, i1, i2, i3, i4, p5, p6, p7, p8, p9, p10, p11, p12, p13, p14]
debug_merge_point(0, 0, '41<main.rpyeffect:41([method_%Prime2640(n):n@[k@[then#45]#47]#58])>+2: {"op": "Push". "target": 40. "args": {"num": [0]. "ptr": [0. 1]}}')
debug_merge_point(0, 0, '41<main.rpyeffect:41([method_%Prime2640(n):n@[k@[then#45]#47]#58])>+3: {"op": "Jump". "target": 9}')
+436: p44 = new_with_vtable(descr=<SizeDescr 64>)
+540: p45 = new_with_vtable(descr=<SizeDescr 40>)
+552: p46 = new_with_vtable(descr=<SizeDescr 72>)
+564: setfield_gc(p46, p26, descr=<FieldP rpyeffect.stored_environment.Stack__arb_arb.inst_tail 8 pure>)
+568: setfield_gc(p46, 62, descr=<FieldS rpyeffect.stored_environment.Stack__arb_arb.inst_target 16 pure>)
+576: setfield_gc(p46, i22, descr=<FieldS rpyeffect.stored_environment.Stack__3_1.inst_values_num_0 40 pure>)
+580: setfield_gc(p46, i31, descr=<FieldS rpyeffect.stored_environment.Stack__3_1.inst_values_num_1 48 pure>)
+584: setfield_gc(p46, i24, descr=<FieldS rpyeffect.stored_environment.Stack__3_1.inst_values_num_2 56 pure>)
+588: setfield_gc(p46, p25, descr=<FieldP rpyeffect.stored_environment.Stack__3_1.inst_values_ptr_0 64 pure>)
+592: setfield_gc(p45, p46, descr=<FieldP rpyeffect.stack.MetaStackLike.inst_stack 8 pure>)
+596: setfield_gc(p45, p19, descr=<FieldP rpyeffect.stack.MetaStack.inst_label 16 pure>)
+600: setfield_gc(p45, ConstPtr(null), descr=<FieldP rpyeffect.stack.MetaStack.inst_region 24 pure>)
+608: setfield_gc(p45, ConstPtr(null), descr=<FieldP rpyeffect.stack.MetaStack.inst_tail 32 pure>)
+616: p50 = new_with_vtable(descr=<SizeDescr 40>)
+628: setfield_gc(p50, ConstPtr(null), descr=<FieldP rpyeffect.stack.MetaStack.inst_region 24 pure>)
+636: setfield_gc(p50, p14, descr=<FieldP rpyeffect.stack.MetaStackLike.inst_stack 8 pure>)
+644: setfield_gc(p50, p12, descr=<FieldP rpyeffect.stack.MetaStack.inst_tail 32 pure>)
+652: setfield_gc(p50, p13, descr=<FieldP rpyeffect.stack.MetaStack.inst_label 16 pure>)
+660: setfield_gc(p44, 40, descr=<FieldS rpyeffect.stored_environment.Stack__arb_arb.inst_target 16 pure>)
+668: setfield_gc(p44, p11, descr=<FieldP rpyeffect.stored_environment.Stack__arb_arb.inst_tail 8 pure>)
+672: setfield_gc(p44, i31, descr=<FieldS rpyeffect.stored_environment.Stack__1_2.inst_values_num_0 40 pure>)
+676: setfield_gc(p44, p36, descr=<FieldP rpyeffect.stored_environment.Stack__1_2.inst_values_ptr_0 48 pure>)
+680: setfield_gc(p44, p45, descr=<FieldP rpyeffect.stored_environment.Stack__1_2.inst_values_ptr_1 56 pure>)
+716: jump(p10, p44, p0, p50, ConstPtr(null), i31, i35, 0, i24, p36, p45, p7, p8, p9, descr=TargetToken(5507058208))
+872: --end of the loop--
[670fa0] jit-log-opt-bridge}
[6acbae] {jit-log-opt-loop
# Loop 5 (38<main.rpyeffect:38([then#72])>+1: {"op": "Copy", "type": "num", "from": 1, "to", 0}) : entry bridge with 53 ops
[p0, p1, p2, p3, p4]
+248: p5 = getfield_gc_r(p2, descr=<FieldP rpyeffect.environment.Environment.inst_values_num 16>)
+256: i7 = getarrayitem_gc_i(p5, 0, descr=<ArrayS 8>)
+260: i9 = getarrayitem_gc_i(p5, 1, descr=<ArrayS 8>)
+264: i11 = getarrayitem_gc_i(p5, 2, descr=<ArrayS 8>)
+268: i13 = getarrayitem_gc_i(p5, 3, descr=<ArrayS 8>)
+272: p14 = getfield_gc_r(p2, descr=<FieldP rpyeffect.environment.Environment.inst_values_ptr 24>)
+276: p16 = getarrayitem_gc_r(p14, 0, descr=<ArrayP 8>)
+280: p18 = getarrayitem_gc_r(p14, 1, descr=<ArrayP 8>)
+284: p20 = getarrayitem_gc_r(p14, 2, descr=<ArrayP 8>)
+288: p22 = getarrayitem_gc_r(p14, 3, descr=<ArrayP 8>)
+292: p24 = getarrayitem_gc_r(p14, 4, descr=<ArrayP 8>)
debug_merge_point(0, 0, '38<main.rpyeffect:38([then#72])>+1: {"op": "Copy". "type": "num". "from": 1. "to". 0}')
+296: guard_not_invalidated(descr=<Guard0x1483f2bd0>) [p2, i7, i9, i11, i13, p16, p18, p20, p22, p24, p0, p1, p3, p4]
debug_merge_point(0, 0, '38<main.rpyeffect:38([then#72])>+2: {"op": "Jump". "target": 32}')
+300: guard_nonnull(p1, descr=<Guard0x1484268e0>) [p2, i7, i9, i11, i13, p16, p18, p20, p22, p24, p0, p1, p3, p4]
+312: i25 = getfield_gc_i(p1, descr=<FieldS rpyeffect.stored_environment.Stack__arb_arb.inst_target 16 pure>)
+320: guard_value(i25, 37, descr=<Guard0x148426920>) [p2, i7, i9, i11, i13, p16, p18, p20, p22, p24, p0, p1, p3, p4]
debug_merge_point(0, 0, '32<main.rpyeffect:32([mcore:[#31]#41])>+0: {"op": "Invoke". "receiver": 0. "tag": Interned(%Prime2640(n):n). "args" : {"num": [0]. "ptr": []}}')
+332: p27 = getfield_gc_r(p16, descr=<FieldP rpyeffect.stored_environment.CoData__arb_arb.inst_vtable 24 pure>)
+340: guard_value(p27, ConstPtr(ptr28), descr=<Guard0x148426960>) [p2, i7, i9, i11, i13, p16, p18, p20, p22, p24, p0, p1, p3, p4]
+348: i29 = getfield_gc_i(p16, descr=<FieldS rpyeffect.stored_environment.CoData__1_2.inst_values_num_0 32 pure>)
+352: p30 = getfield_gc_r(p16, descr=<FieldP rpyeffect.stored_environment.CoData__1_2.inst_values_ptr_0 40 pure>)
+356: p31 = getfield_gc_r(p16, descr=<FieldP rpyeffect.stored_environment.CoData__1_2.inst_values_ptr_1 48 pure>)
debug_merge_point(0, 0, '41<main.rpyeffect:41([method_%Prime2640(n):n@[k@[then#45]#47]#58])>+0: {"op": "Const". "type": "num". "out": 2. "value": 0}')
debug_merge_point(0, 0, '41<main.rpyeffect:41([method_%Prime2640(n):n@[k@[then#45]#47]#58])>+1: {"op": "ShiftDyn". "out": 1. "n": 2. "label": 1}')
+360: guard_isnull(p4, descr=<Guard0x1484269a0>) [p2, i7, i9, i11, i13, p16, p18, p20, p22, p24, p0, p1, p3, p4]
+372: i32 = getfield_gc_i(p0, descr=<FieldS rpyeffect.stack.Label.inst_origin 8 pure>)
+380: i33 = getfield_gc_i(p31, descr=<FieldS rpyeffect.stack.Label.inst_origin 8 pure>)
+384: i34 = int_ne(i32, i33)
guard_false(i34, descr=<Guard0x1484269e0>) [p2, i7, i9, i11, i13, p16, p18, p20, p22, p24, p0, p1, p3, p4]
+392: i35 = instance_ptr_eq(p0, p31)
guard_true(i35, descr=<Guard0x148426a20>) [p2, i7, i9, i11, i13, p16, p18, p20, p22, p24, p0, p1, p3, p4]
+400: guard_nonnull_class(p3, 4305678024, descr=<Guard0x1483f2c28>) [p2, i7, i9, i11, i13, p16, p18, p20, p22, p24, p0, p1, p3, p4]
+428: p37 = getfield_gc_r(p3, descr=<FieldP rpyeffect.stack.MetaStackLike.inst_stack 8 pure>)
+432: p38 = getfield_gc_r(p3, descr=<FieldP rpyeffect.stack.MetaStack.inst_label 16 pure>)
+436: p39 = getfield_gc_r(p3, descr=<FieldP rpyeffect.stack.MetaStack.inst_tail 32 pure>)
+444: guard_nonnull(p37, descr=<Guard0x148426a60>) [p2, i7, i9, i11, i13, p16, p18, p20, p22, p24, p0, p1, p3, p4]
+452: i40 = getfield_gc_i(p37, descr=<FieldS rpyeffect.stored_environment.Stack__arb_arb.inst_target 16 pure>)
+460: guard_value(i40, 105, descr=<Guard0x148426aa0>) [p2, i7, i9, i11, i13, p16, p18, p20, p22, p24, p0, p1, p3, p4]
debug_merge_point(0, 0, '41<main.rpyeffect:41([method_%Prime2640(n):n@[k@[then#45]#47]#58])>+2: {"op": "Push". "target": 40. "args": {"num": [0]. "ptr": [0. 1]}}')
debug_merge_point(0, 0, '41<main.rpyeffect:41([method_%Prime2640(n):n@[k@[then#45]#47]#58])>+3: {"op": "Jump". "target": 9}')
+472: p42 = new_with_vtable(descr=<SizeDescr 64>)
+584: p43 = new_with_vtable(descr=<SizeDescr 40>)
+596: setfield_gc(p43, p1, descr=<FieldP rpyeffect.stack.MetaStackLike.inst_stack 8 pure>)
+600: setfield_gc(p43, p0, descr=<FieldP rpyeffect.stack.MetaStack.inst_label 16 pure>)
+604: setfield_gc(p43, ConstPtr(null), descr=<FieldP rpyeffect.stack.MetaStack.inst_region 24 pure>)
+612: setfield_gc(p43, ConstPtr(null), descr=<FieldP rpyeffect.stack.MetaStack.inst_tail 32 pure>)
+620: setfield_gc(p42, 40, descr=<FieldS rpyeffect.stored_environment.Stack__arb_arb.inst_target 16 pure>)
+628: setfield_gc(p42, p37, descr=<FieldP rpyeffect.stored_environment.Stack__arb_arb.inst_tail 8 pure>)
+636: setfield_gc(p42, i9, descr=<FieldS rpyeffect.stored_environment.Stack__1_2.inst_values_num_0 40 pure>)
+640: setfield_gc(p42, p30, descr=<FieldP rpyeffect.stored_environment.Stack__1_2.inst_values_ptr_0 48 pure>)
+644: setfield_gc(p42, p43, descr=<FieldP rpyeffect.stored_environment.Stack__1_2.inst_values_ptr_1 56 pure>)
+664: jump(p38, p42, p2, p39, ConstPtr(null), i9, i29, 0, i13, p30, p43, p20, p22, p24, descr=TargetToken(5507058208))
+808: --end of the loop--
[6b7f0b] jit-log-opt-loop}
[7505ae] {jit-log-opt-loop
# Loop 6 (32<main.rpyeffect:32([mcore:[#31]#41])>+0: {"op": "Invoke", "receiver": 0, "tag": Interned(%Prime2640(n):n), "args" : {"num": [0], "ptr": []}}) : entry bridge with 70 ops
[p0, p1, p2, p3, p4]
+312: p5 = getfield_gc_r(p2, descr=<FieldP rpyeffect.environment.Environment.inst_values_num 16>)
+320: i7 = getarrayitem_gc_i(p5, 0, descr=<ArrayS 8>)
+324: i9 = getarrayitem_gc_i(p5, 1, descr=<ArrayS 8>)
+328: i11 = getarrayitem_gc_i(p5, 2, descr=<ArrayS 8>)
+332: i13 = getarrayitem_gc_i(p5, 3, descr=<ArrayS 8>)
+336: p14 = getfield_gc_r(p2, descr=<FieldP rpyeffect.environment.Environment.inst_values_ptr 24>)
+340: p16 = getarrayitem_gc_r(p14, 0, descr=<ArrayP 8>)
+344: p18 = getarrayitem_gc_r(p14, 1, descr=<ArrayP 8>)
+348: p20 = getarrayitem_gc_r(p14, 2, descr=<ArrayP 8>)
+352: p22 = getarrayitem_gc_r(p14, 3, descr=<ArrayP 8>)
+356: p24 = getarrayitem_gc_r(p14, 4, descr=<ArrayP 8>)
debug_merge_point(0, 0, '32<main.rpyeffect:32([mcore:[#31]#41])>+0: {"op": "Invoke". "receiver": 0. "tag": Interned(%Prime2640(n):n). "args" : {"num": [0]. "ptr": []}}')
+360: guard_not_invalidated(descr=<Guard0x1483f2cd8>) [p2, i7, i9, i11, i13, p16, p18, p20, p22, p24, p0, p1, p3, p4]
+364: p25 = getfield_gc_r(p16, descr=<FieldP rpyeffect.stored_environment.CoData__arb_arb.inst_vtable 24 pure>)
+372: guard_value(p25, ConstPtr(ptr26), descr=<Guard0x148426b60>) [p2, i7, i9, i11, i13, p16, p18, p20, p22, p24, p0, p1, p3, p4]
+380: p27 = getfield_gc_r(p16, descr=<FieldP rpyeffect.stored_environment.CoData__0_1.inst_values_ptr_0 32 pure>)
debug_merge_point(0, 0, '107<main.rpyeffect:107([#261])>+0: {"op": "Const". "type": "num". "out": 0. "value": 0}')
debug_merge_point(0, 0, '107<main.rpyeffect:107([#261])>+1: {"op": "ShiftDyn". "out": 0. "n": 0. "label": 0}')
+384: guard_isnull(p4, descr=<Guard0x148426ba0>) [p2, i7, i9, i11, i13, p16, p18, p20, p22, p24, p0, p1, p3, p4]
+396: i28 = getfield_gc_i(p0, descr=<FieldS rpyeffect.stack.Label.inst_origin 8 pure>)
+404: i29 = getfield_gc_i(p27, descr=<FieldS rpyeffect.stack.Label.inst_origin 8 pure>)
+408: i30 = int_ne(i28, i29)
guard_false(i30, descr=<Guard0x148426be0>) [p2, i7, i9, i11, i13, p16, p18, p20, p22, p24, p0, p1, p3, p4]
+416: i31 = instance_ptr_eq(p0, p27)
guard_true(i31, descr=<Guard0x148426c20>) [p2, i7, i9, i11, i13, p16, p18, p20, p22, p24, p0, p1, p3, p4]
+424: guard_nonnull_class(p3, 4305678024, descr=<Guard0x1483f2d30>) [p2, i7, i9, i11, i13, p16, p18, p20, p22, p24, p0, p1, p3, p4]
+452: p33 = getfield_gc_r(p3, descr=<FieldP rpyeffect.stack.MetaStackLike.inst_stack 8 pure>)
+456: p34 = getfield_gc_r(p3, descr=<FieldP rpyeffect.stack.MetaStack.inst_label 16 pure>)
+460: p35 = getfield_gc_r(p3, descr=<FieldP rpyeffect.stack.MetaStack.inst_tail 32 pure>)
+464: guard_nonnull(p33, descr=<Guard0x148426c60>) [p2, i7, i9, i11, i13, p16, p18, p20, p22, p24, p0, p1, p3, p4]
+472: i36 = getfield_gc_i(p33, descr=<FieldS rpyeffect.stored_environment.Stack__arb_arb.inst_target 16 pure>)
+476: guard_value(i36, 104, descr=<Guard0x148426ca0>) [p2, i7, i9, i11, i13, p16, p18, p20, p22, p24, p0, p1, p3, p4]
debug_merge_point(0, 0, '107<main.rpyeffect:107([#261])>+2: {"op": "Const". "type": "num". "out": 0. "value": 1}')
debug_merge_point(0, 0, '107<main.rpyeffect:107([#261])>+3: {"op": "Jump". "target": 101}')
debug_merge_point(0, 0, '101<main.rpyeffect:101(Name(resume53930))>+0: {"op": "PushStack". "arg": 0}')
+488: guard_nonnull(p1, descr=<Guard0x148426ce0>) [p2, i7, i9, i11, i13, p16, p18, p20, p22, p24, p0, p1, p3, p4]
+500: i38 = getfield_gc_i(p1, descr=<FieldS rpyeffect.stored_environment.Stack__arb_arb.inst_target 16 pure>)
+508: guard_value(i38, 37, descr=<Guard0x148426d20>) [p2, i7, i9, i11, i13, p16, p18, p20, p22, p24, p0, p1, p3, p4]
debug_merge_point(0, 0, '101<main.rpyeffect:101(Name(resume53930))>+1: {"op": "Return". "args": {"num": [0]. "ptr": []}}')
+520: p40 = getfield_gc_r(p1, descr=<FieldP rpyeffect.stored_environment.Stack__0_1.inst_values_ptr_0 40 pure>)
+524: p41 = getfield_gc_r(p1, descr=<FieldP rpyeffect.stored_environment.Stack__arb_arb.inst_tail 8 pure>)
+532: guard_nonnull(p41, descr=<Guard0x148426d60>) [p2, i7, i9, i11, i13, p16, p18, p20, p22, p24, p0, p1, p3, p4]
+540: i42 = getfield_gc_i(p41, descr=<FieldS rpyeffect.stored_environment.Stack__arb_arb.inst_target 16 pure>)
+548: guard_value(i42, 105, descr=<Guard0x148426da0>) [p2, i7, i9, i11, i13, p16, p18, p20, p22, p24, p0, p1, p3, p4]
debug_merge_point(0, 0, '37<main.rpyeffect:37([k@[then#72]#74])>+0: {"op": "Jump". "target": 31}')
debug_merge_point(0, 0, '31<main.rpyeffect:31(Name(resume2642))>+0: {"op": "PushStack". "arg": 0}')
+560: guard_nonnull_class(p40, 4305678024, descr=<Guard0x1483f2d88>) [p2, i7, i9, i11, i13, p16, p18, p20, p22, p24, p0, p1, p3, p4]
+584: p45 = getfield_gc_r(p40, descr=<FieldP rpyeffect.stack.MetaStack.inst_region 24 pure>)
+588: guard_isnull(p45, descr=<Guard0x148426de0>) [p2, i7, i9, i11, i13, p16, p18, p20, p22, p24, p0, p1, p3, p4]
+596: p46 = getfield_gc_r(p40, descr=<FieldP rpyeffect.stack.MetaStackLike.inst_stack 8 pure>)
+600: p47 = getfield_gc_r(p40, descr=<FieldP rpyeffect.stack.MetaStack.inst_tail 32 pure>)
+608: guard_isnull(p47, descr=<Guard0x148426e20>) [p2, i7, i9, i11, i13, p16, p18, p20, p22, p24, p0, p1, p3, p4]
+616: p48 = getfield_gc_r(p40, descr=<FieldP rpyeffect.stack.MetaStack.inst_label 16 pure>)
+620: guard_nonnull(p46, descr=<Guard0x148426e60>) [p2, i7, i9, i11, i13, p16, p18, p20, p22, p24, p0, p1, p3, p4]
+628: i49 = getfield_gc_i(p46, descr=<FieldS rpyeffect.stored_environment.Stack__arb_arb.inst_target 16 pure>)
+632: guard_value(i49, 37, descr=<Guard0x148426ea0>) [p2, i7, i9, i11, i13, p16, p18, p20, p22, p24, p0, p1, p3, p4]
debug_merge_point(0, 0, '31<main.rpyeffect:31(Name(resume2642))>+1: {"op": "Return". "args": {"num": [0]. "ptr": []}}')
+644: p51 = getfield_gc_r(p46, descr=<FieldP rpyeffect.stored_environment.Stack__0_1.inst_values_ptr_0 40 pure>)
+648: p52 = getfield_gc_r(p46, descr=<FieldP rpyeffect.stored_environment.Stack__arb_arb.inst_tail 8 pure>)
debug_merge_point(0, 0, '37<main.rpyeffect:37([k@[then#72]#74])>+0: {"op": "Jump". "target": 31}')
+652: guard_nonnull(p52, descr=<Guard0x148426ee0>) [p2, i7, i9, i11, i13, p16, p18, p20, p22, p24, p0, p1, p3, p4]
+660: i53 = getfield_gc_i(p52, descr=<FieldS rpyeffect.stored_environment.Stack__arb_arb.inst_target 16 pure>)
+668: guard_value(i53, 35, descr=<Guard0x148426f20>) [p2, i7, i9, i11, i13, p16, p18, p20, p22, p24, p0, p1, p3, p4]
debug_merge_point(0, 0, '31<main.rpyeffect:31(Name(resume2642))>+0: {"op": "PushStack". "arg": 0}')
+680: p55 = new_with_vtable(descr=<SizeDescr 40>)
+792: setfield_gc(p55, p33, descr=<FieldP rpyeffect.stack.MetaStackLike.inst_stack 8 pure>)
+796: setfield_gc(p55, p34, descr=<FieldP rpyeffect.stack.MetaStack.inst_label 16 pure>)
+800: setfield_gc(p55, p35, descr=<FieldP rpyeffect.stack.MetaStack.inst_tail 32 pure>)
+804: setfield_gc(p55, ConstPtr(null), descr=<FieldP rpyeffect.stack.MetaStack.inst_region 24 pure>)
+812: jump(p48, p52, p2, p41, p0, p55, 1, i9, i11, i13, p51, p18, p20, p22, p24, descr=TargetToken(5507058448))
+964: --end of the loop--
[75df74] jit-log-opt-loop}
[92d025] {jit-log-opt-bridge
# bridge out of Guard 0x1483e1820 with 59 ops
[p0, i1, i2, p3, p4, p5, p6, p7, p8, i9, p10, p11, p12, p13]
+168: i15 = int_eq(i1, 0)
guard_false(i15, descr=<Guard0x1483f2e38>) [p0, i1, i2, p3, p4, p5, p6, p7, p8, i9, p10, p11, p12, p13]
+176: guard_not_invalidated(descr=<Guard0x148427120>) [p0, i1, i2, p3, p4, p5, p6, p7, p8, i9, p10, p11, p12, p13]
debug_merge_point(0, 0, '4<main.rpyeffect:4(Name(infixEq71))>+1: {"op": "Return". "args": {"num": [0]. "ptr": []}}')
debug_merge_point(0, 0, '39<main.rpyeffect:39([k@[#65]#70])>+0: {"op": "IfZero". "cond": 0. "then": {"tag": null. "target": 38. "args": {"num": []. "ptr": []}}}')
+180: guard_nonnull(p10, descr=<Guard0x148427160>) [p0, i1, i2, p3, p4, p5, p6, p7, p8, i9, p10, p11, p12, p13]
+192: i16 = getfield_gc_i(p10, descr=<FieldS rpyeffect.stored_environment.Stack__arb_arb.inst_target 16 pure>)
+200: guard_value(i16, 35, descr=<Guard0x1484271a0>) [p0, i1, i2, p3, p4, p5, p6, p7, p8, i9, p10, p11, p12, p13]
debug_merge_point(0, 0, '38<main.rpyeffect:38([then#72])>+0: {"op": "Push". "target": 37. "args": {"num": []. "ptr": [1]}}')
debug_merge_point(0, 0, '38<main.rpyeffect:38([then#72])>+1: {"op": "Copy". "type": "num". "from": 1. "to". 0}')
debug_merge_point(0, 0, '38<main.rpyeffect:38([then#72])>+2: {"op": "Jump". "target": 32}')
debug_merge_point(0, 0, '32<main.rpyeffect:32([mcore:[#31]#41])>+0: {"op": "Invoke". "receiver": 0. "tag": Interned(%Prime2640(n):n). "args" : {"num": [0]. "ptr": []}}')
+212: p18 = getfield_gc_r(p3, descr=<FieldP rpyeffect.stored_environment.CoData__arb_arb.inst_vtable 24 pure>)
+220: guard_value(p18, ConstPtr(ptr19), descr=<Guard0x1484271e0>) [p0, i1, i2, p3, p4, p5, p6, p7, p8, i9, p10, p11, p12, p13]
+228: i20 = getfield_gc_i(p3, descr=<FieldS rpyeffect.stored_environment.CoData__1_2.inst_values_num_0 32 pure>)
+232: p21 = getfield_gc_r(p3, descr=<FieldP rpyeffect.stored_environment.CoData__1_2.inst_values_ptr_0 40 pure>)
+236: p22 = getfield_gc_r(p3, descr=<FieldP rpyeffect.stored_environment.CoData__1_2.inst_values_ptr_1 48 pure>)
debug_merge_point(0, 0, '41<main.rpyeffect:41([method_%Prime2640(n):n@[k@[then#45]#47]#58])>+0: {"op": "Const". "type": "num". "out": 2. "value": 0}')
debug_merge_point(0, 0, '41<main.rpyeffect:41([method_%Prime2640(n):n@[k@[then#45]#47]#58])>+1: {"op": "ShiftDyn". "out": 1. "n": 2. "label": 1}')
+240: i23 = getfield_gc_i(p7, descr=<FieldS rpyeffect.stack.Label.inst_origin 8 pure>)
+244: i24 = getfield_gc_i(p22, descr=<FieldS rpyeffect.stack.Label.inst_origin 8 pure>)
+248: i25 = int_ne(i23, i24)
guard_false(i25, descr=<Guard0x148427220>) [p0, i1, i2, p3, p4, p5, p6, p7, p8, i9, p10, p11, p12, p13]
+256: i26 = instance_ptr_eq(p7, p22)
guard_true(i26, descr=<Guard0x148427260>) [p0, i1, i2, p3, p4, p5, p6, p7, p8, i9, p10, p11, p12, p13]
+264: guard_nonnull_class(p8, 4305678024, descr=<Guard0x1483f2e90>) [p0, i1, i2, p3, p4, p5, p6, p7, p8, i9, p10, p11, p12, p13]
+288: p28 = getfield_gc_r(p8, descr=<FieldP rpyeffect.stack.MetaStackLike.inst_stack 8 pure>)
+292: p29 = getfield_gc_r(p8, descr=<FieldP rpyeffect.stack.MetaStack.inst_label 16 pure>)
+296: p30 = getfield_gc_r(p8, descr=<FieldP rpyeffect.stack.MetaStack.inst_tail 32 pure>)
+300: guard_nonnull(p28, descr=<Guard0x1484272a0>) [p0, i1, i2, p3, p4, p5, p6, p7, p8, i9, p10, p11, p12, p13]
+308: i31 = getfield_gc_i(p28, descr=<FieldS rpyeffect.stored_environment.Stack__arb_arb.inst_target 16 pure>)
+312: guard_value(i31, 105, descr=<Guard0x1484272e0>) [p0, i1, i2, p3, p4, p5, p6, p7, p8, i9, p10, p11, p12, p13]
debug_merge_point(0, 0, '41<main.rpyeffect:41([method_%Prime2640(n):n@[k@[then#45]#47]#58])>+2: {"op": "Push". "target": 40. "args": {"num": [0]. "ptr": [0. 1]}}')
debug_merge_point(0, 0, '41<main.rpyeffect:41([method_%Prime2640(n):n@[k@[then#45]#47]#58])>+3: {"op": "Jump". "target": 9}')
+324: p33 = new_with_vtable(descr=<SizeDescr 40>)
+428: p34 = new_with_vtable(descr=<SizeDescr 48>)
+440: setfield_gc(p34, p12, descr=<FieldP rpyeffect.stored_environment.Stack__arb_arb.inst_tail 8 pure>)
+444: setfield_gc(p34, 37, descr=<FieldS rpyeffect.stored_environment.Stack__arb_arb.inst_target 16 pure>)
+452: setfield_gc(p34, p11, descr=<FieldP rpyeffect.stored_environment.Stack__0_1.inst_values_ptr_0 40 pure>)
+460: p36 = new_with_vtable(descr=<SizeDescr 64>)
+472: p37 = new_with_vtable(descr=<SizeDescr 40>)
+484: p38 = new_with_vtable(descr=<SizeDescr 48>)
+496: setfield_gc(p38, p10, descr=<FieldP rpyeffect.stored_environment.Stack__arb_arb.inst_tail 8 pure>)
+500: setfield_gc(p38, 37, descr=<FieldS rpyeffect.stored_environment.Stack__arb_arb.inst_target 16 pure>)
+508: setfield_gc(p38, p33, descr=<FieldP rpyeffect.stored_environment.Stack__0_1.inst_values_ptr_0 40 pure>)
+512: setfield_gc(p37, p38, descr=<FieldP rpyeffect.stack.MetaStackLike.inst_stack 8 pure>)
+516: setfield_gc(p37, p7, descr=<FieldP rpyeffect.stack.MetaStack.inst_label 16 pure>)
+520: setfield_gc(p37, ConstPtr(null), descr=<FieldP rpyeffect.stack.MetaStack.inst_region 24 pure>)
+528: setfield_gc(p37, ConstPtr(null), descr=<FieldP rpyeffect.stack.MetaStack.inst_tail 32 pure>)
+536: setfield_gc(p36, 40, descr=<FieldS rpyeffect.stored_environment.Stack__arb_arb.inst_target 16 pure>)
+544: setfield_gc(p33, p34, descr=<FieldP rpyeffect.stack.MetaStackLike.inst_stack 8 pure>)
+548: setfield_gc(p33, p13, descr=<FieldP rpyeffect.stack.MetaStack.inst_label 16 pure>)
+556: setfield_gc(p33, ConstPtr(null), descr=<FieldP rpyeffect.stack.MetaStack.inst_tail 32 pure>)
+564: setfield_gc(p33, ConstPtr(null), descr=<FieldP rpyeffect.stack.MetaStack.inst_region 24 pure>)
+572: setfield_gc(p36, p28, descr=<FieldP rpyeffect.stored_environment.Stack__arb_arb.inst_tail 8 pure>)
+576: setfield_gc(p36, i9, descr=<FieldS rpyeffect.stored_environment.Stack__1_2.inst_values_num_0 40 pure>)
+584: setfield_gc(p36, p21, descr=<FieldP rpyeffect.stored_environment.Stack__1_2.inst_values_ptr_0 48 pure>)
+588: setfield_gc(p36, p37, descr=<FieldP rpyeffect.stored_environment.Stack__1_2.inst_values_ptr_1 56 pure>)
+640: jump(p29, p36, p0, p30, ConstPtr(null), i9, i20, 0, i2, p21, p37, p4, p5, p6, descr=TargetToken(5507058208))
+704: --end of the loop--
[947a41] jit-log-opt-bridge}
[995bc4] {jit-log-opt-bridge
# bridge out of Guard 0x1483e1520 with 61 ops
[p0, i1, i2, p3, p4, p5, p6, p7, p8, p9, p10, i11, p12]
+232: i14 = int_eq(i1, 0)
guard_false(i14, descr=<Guard0x1483f2f40>) [p0, i1, i2, p3, p4, p5, p6, p7, p8, p9, p10, i11, p12]
+240: guard_not_invalidated(descr=<Guard0x1484275a0>) [p0, i1, i2, p3, p4, p5, p6, p7, p8, p9, p10, i11, p12]
debug_merge_point(0, 0, '4<main.rpyeffect:4(Name(infixEq71))>+1: {"op": "Return". "args": {"num": [0]. "ptr": []}}')
debug_merge_point(0, 0, '39<main.rpyeffect:39([k@[#65]#70])>+0: {"op": "IfZero". "cond": 0. "then": {"tag": null. "target": 38. "args": {"num": []. "ptr": []}}}')
+244: guard_nonnull(p12, descr=<Guard0x1484275e0>) [p0, i1, i2, p3, p4, p5, p6, p7, p8, p9, p10, i11, p12]
+252: i15 = getfield_gc_i(p12, descr=<FieldS rpyeffect.stored_environment.Stack__arb_arb.inst_target 16 pure>)
+256: guard_value(i15, 105, descr=<Guard0x148427620>) [p0, i1, i2, p3, p4, p5, p6, p7, p8, p9, p10, i11, p12]
debug_merge_point(0, 0, '38<main.rpyeffect:38([then#72])>+0: {"op": "Push". "target": 37. "args": {"num": []. "ptr": [1]}}')
debug_merge_point(0, 0, '38<main.rpyeffect:38([then#72])>+1: {"op": "Copy". "type": "num". "from": 1. "to". 0}')
debug_merge_point(0, 0, '38<main.rpyeffect:38([then#72])>+2: {"op": "Jump". "target": 32}')
debug_merge_point(0, 0, '32<main.rpyeffect:32([mcore:[#31]#41])>+0: {"op": "Invoke". "receiver": 0. "tag": Interned(%Prime2640(n):n). "args" : {"num": [0]. "ptr": []}}')
+268: p17 = getfield_gc_r(p3, descr=<FieldP rpyeffect.stored_environment.CoData__arb_arb.inst_vtable 24 pure>)
+276: guard_value(p17, ConstPtr(ptr18), descr=<Guard0x148427660>) [p0, i1, i2, p3, p4, p5, p6, p7, p8, p9, p10, i11, p12]
+284: p19 = getfield_gc_r(p3, descr=<FieldP rpyeffect.stored_environment.CoData__0_1.inst_values_ptr_0 32 pure>)
debug_merge_point(0, 0, '107<main.rpyeffect:107([#261])>+0: {"op": "Const". "type": "num". "out": 0. "value": 0}')
debug_merge_point(0, 0, '107<main.rpyeffect:107([#261])>+1: {"op": "ShiftDyn". "out": 0. "n": 0. "label": 0}')
+288: guard_isnull(p10, descr=<Guard0x1484276a0>) [p0, i1, i2, p3, p4, p5, p6, p7, p8, p9, p10, i11, p12]
+300: i20 = getfield_gc_i(p8, descr=<FieldS rpyeffect.stack.Label.inst_origin 8 pure>)
+308: i21 = getfield_gc_i(p19, descr=<FieldS rpyeffect.stack.Label.inst_origin 8 pure>)
+312: i22 = int_ne(i20, i21)
guard_false(i22, descr=<Guard0x1484276e0>) [p0, i1, i2, p3, p4, p5, p6, p7, p8, p9, p10, i11, p12]
+320: i23 = instance_ptr_eq(p8, p19)
guard_true(i23, descr=<Guard0x148427720>) [p0, i1, i2, p3, p4, p5, p6, p7, p8, p9, p10, i11, p12]
+328: guard_nonnull_class(p9, 4305678024, descr=<Guard0x1483f2f98>) [p0, i1, i2, p3, p4, p5, p6, p7, p8, p9, p10, i11, p12]
+356: p25 = getfield_gc_r(p9, descr=<FieldP rpyeffect.stack.MetaStackLike.inst_stack 8 pure>)
+360: p26 = getfield_gc_r(p9, descr=<FieldP rpyeffect.stack.MetaStack.inst_label 16 pure>)
+364: p27 = getfield_gc_r(p9, descr=<FieldP rpyeffect.stack.MetaStack.inst_tail 32 pure>)
+368: guard_nonnull(p25, descr=<Guard0x148427760>) [p0, i1, i2, p3, p4, p5, p6, p7, p8, p9, p10, i11, p12]
+376: i28 = getfield_gc_i(p25, descr=<FieldS rpyeffect.stored_environment.Stack__arb_arb.inst_target 16 pure>)
+380: guard_value(i28, 104, descr=<Guard0x1484277a0>) [p0, i1, i2, p3, p4, p5, p6, p7, p8, p9, p10, i11, p12]
debug_merge_point(0, 0, '107<main.rpyeffect:107([#261])>+2: {"op": "Const". "type": "num". "out": 0. "value": 1}')
debug_merge_point(0, 0, '107<main.rpyeffect:107([#261])>+3: {"op": "Jump". "target": 101}')
debug_merge_point(0, 0, '101<main.rpyeffect:101(Name(resume53930))>+0: {"op": "PushStack". "arg": 0}')
debug_merge_point(0, 0, '101<main.rpyeffect:101(Name(resume53930))>+1: {"op": "Return". "args": {"num": [0]. "ptr": []}}')
debug_merge_point(0, 0, '37<main.rpyeffect:37([k@[then#72]#74])>+0: {"op": "Jump". "target": 31}')
debug_merge_point(0, 0, '31<main.rpyeffect:31(Name(resume2642))>+0: {"op": "PushStack". "arg": 0}')
+392: guard_nonnull_class(p4, 4305678024, descr=<Guard0x1483f2ff0>) [p0, i1, i2, p3, p4, p5, p6, p7, p8, p9, p10, i11, p12]
+416: p31 = getfield_gc_r(p4, descr=<FieldP rpyeffect.stack.MetaStack.inst_region 24 pure>)
+420: guard_isnull(p31, descr=<Guard0x1484277e0>) [p0, i1, i2, p3, p4, p5, p6, p7, p8, p9, p10, i11, p12]
+428: p32 = getfield_gc_r(p4, descr=<FieldP rpyeffect.stack.MetaStackLike.inst_stack 8 pure>)
+432: p33 = getfield_gc_r(p4, descr=<FieldP rpyeffect.stack.MetaStack.inst_tail 32 pure>)
+436: guard_isnull(p33, descr=<Guard0x148427820>) [p0, i1, i2, p3, p4, p5, p6, p7, p8, p9, p10, i11, p12]
+444: p34 = getfield_gc_r(p4, descr=<FieldP rpyeffect.stack.MetaStack.inst_label 16 pure>)
+448: guard_nonnull(p32, descr=<Guard0x148427860>) [p0, i1, i2, p3, p4, p5, p6, p7, p8, p9, p10, i11, p12]
+456: i35 = getfield_gc_i(p32, descr=<FieldS rpyeffect.stored_environment.Stack__arb_arb.inst_target 16 pure>)
+460: guard_value(i35, 37, descr=<Guard0x1484278a0>) [p0, i1, i2, p3, p4, p5, p6, p7, p8, p9, p10, i11, p12]
debug_merge_point(0, 0, '31<main.rpyeffect:31(Name(resume2642))>+1: {"op": "Return". "args": {"num": [0]. "ptr": []}}')
+472: p37 = getfield_gc_r(p32, descr=<FieldP rpyeffect.stored_environment.Stack__0_1.inst_values_ptr_0 40 pure>)
+476: p38 = getfield_gc_r(p32, descr=<FieldP rpyeffect.stored_environment.Stack__arb_arb.inst_tail 8 pure>)
debug_merge_point(0, 0, '37<main.rpyeffect:37([k@[then#72]#74])>+0: {"op": "Jump". "target": 31}')
+480: guard_nonnull(p38, descr=<Guard0x1484278e0>) [p0, i1, i2, p3, p4, p5, p6, p7, p8, p9, p10, i11, p12]
+488: i39 = getfield_gc_i(p38, descr=<FieldS rpyeffect.stored_environment.Stack__arb_arb.inst_target 16 pure>)
+492: guard_value(i39, 35, descr=<Guard0x148427920>) [p0, i1, i2, p3, p4, p5, p6, p7, p8, p9, p10, i11, p12]
debug_merge_point(0, 0, '31<main.rpyeffect:31(Name(resume2642))>+0: {"op": "PushStack". "arg": 0}')
+504: p41 = new_with_vtable(descr=<SizeDescr 40>)
+608: setfield_gc(p41, p25, descr=<FieldP rpyeffect.stack.MetaStackLike.inst_stack 8 pure>)
+612: setfield_gc(p41, p26, descr=<FieldP rpyeffect.stack.MetaStack.inst_label 16 pure>)
+616: setfield_gc(p41, p27, descr=<FieldP rpyeffect.stack.MetaStack.inst_tail 32 pure>)
+620: setfield_gc(p41, ConstPtr(null), descr=<FieldP rpyeffect.stack.MetaStack.inst_region 24 pure>)
+628: jump(p34, p38, p0, p12, p8, p41, 1, i11, 0, i2, p37, p4, p5, p6, p7, descr=TargetToken(5507058448))
+788: --end of the loop--
[9a09c1] jit-log-opt-bridge}
[a94197] {jit-log-opt-bridge
# bridge out of Guard 0x148426620 with 107 ops
[p0, i1, i2, i3, i4, p5, p6, p7, p8, p9, p10, p11, p12, p13, p14]
+184: guard_not_invalidated(descr=<Guard0x1483f3048>) [p0, i1, i2, i3, i4, p5, p6, p7, p8, p9, p10, p11, p12, p13, p14]
+188: guard_nonnull_class(p5, 4305678024, descr=<Guard0x1483f30a0>) [p0, i1, i2, i3, i4, p5, p6, p7, p8, p9, p10, p11, p12, p13, p14]
+212: p16 = getfield_gc_r(p5, descr=<FieldP rpyeffect.stack.MetaStack.inst_region 24 pure>)
+216: guard_isnull(p16, descr=<Guard0x148427a60>) [p0, i1, i2, i3, i4, p5, p6, p7, p8, p9, p10, p11, p12, p13, p14]
+224: p17 = getfield_gc_r(p5, descr=<FieldP rpyeffect.stack.MetaStackLike.inst_stack 8 pure>)
+228: p18 = getfield_gc_r(p5, descr=<FieldP rpyeffect.stack.MetaStack.inst_tail 32 pure>)
+232: guard_isnull(p18, descr=<Guard0x148427aa0>) [p0, i1, i2, i3, i4, p5, p6, p7, p8, p9, p10, p11, p12, p13, p14]
+240: p19 = getfield_gc_r(p5, descr=<FieldP rpyeffect.stack.MetaStack.inst_label 16 pure>)
+244: guard_nonnull(p17, descr=<Guard0x148427ae0>) [p0, i1, i2, i3, i4, p5, p6, p7, p8, p9, p10, p11, p12, p13, p14]
+252: i20 = getfield_gc_i(p17, descr=<FieldS rpyeffect.stored_environment.Stack__arb_arb.inst_target 16 pure>)
+256: guard_value(i20, 62, descr=<Guard0x148427b20>) [p0, i1, i2, i3, i4, p5, p6, p7, p8, p9, p10, p11, p12, p13, p14]
debug_merge_point(0, 0, '31<main.rpyeffect:31(Name(resume2642))>+1: {"op": "Return". "args": {"num": [0]. "ptr": []}}')
+268: i22 = getfield_gc_i(p17, descr=<FieldS rpyeffect.stored_environment.Stack__3_1.inst_values_num_0 40 pure>)
+272: i23 = getfield_gc_i(p17, descr=<FieldS rpyeffect.stored_environment.Stack__3_1.inst_values_num_1 48 pure>)
+276: i24 = getfield_gc_i(p17, descr=<FieldS rpyeffect.stored_environment.Stack__3_1.inst_values_num_2 56 pure>)
+280: p25 = getfield_gc_r(p17, descr=<FieldP rpyeffect.stored_environment.Stack__3_1.inst_values_ptr_0 64 pure>)
+284: p26 = getfield_gc_r(p17, descr=<FieldP rpyeffect.stored_environment.Stack__arb_arb.inst_tail 8 pure>)
debug_merge_point(0, 0, '62<main.rpyeffect:62([k@[then#45]#47])>+0: {"op": "Swap". "type": "num". "a": 3. "b". 0}')
debug_merge_point(0, 0, '62<main.rpyeffect:62([k@[then#45]#47])>+1: {"op": "Swap". "type": "num". "a": 2. "b". 0}')
debug_merge_point(0, 0, '62<main.rpyeffect:62([k@[then#45]#47])>+2: {"op": "IfZero". "cond": 3. "then": {"tag": null. "target": 34. "args": {"num": []. "ptr": []}}}')
+288: i27 = int_is_zero(i1)
guard_false(i27, descr=<Guard0x148427b60>) [p0, i1, i2, i3, i4, p5, p6, p7, p8, p9, p10, p11, p12, p13, p14]
debug_merge_point(0, 0, '62<main.rpyeffect:62([k@[then#45]#47])>+3: {"op": "PrimOp". "name": "freshlabel". "out": {"num": []. "ptr": [1]}. "in": {"num": []. "ptr": []}}')
debug_merge_point(0, 0, '62<main.rpyeffect:62([k@[then#45]#47])>+4: {"op": "NewStack". "out": 2. "target": 35. "region": 3. "args": {"num": []. "ptr": []}. "label": 1}')
debug_merge_point(0, 0, '62<main.rpyeffect:62([k@[then#45]#47])>+5: {"op": "PushStack". "arg": 2}')
debug_merge_point(0, 0, '62<main.rpyeffect:62([k@[then#45]#47])>+6: {"op": "New". "out": 0. "targets": [41. 47. 53. 59]. "args": {"num": [0]. "ptr": [0. 1]}}')
debug_merge_point(0, 0, '62<main.rpyeffect:62([k@[then#45]#47])>+7: {"op": "Const". "type": "num". "out": 3. "value": 1}')
debug_merge_point(0, 0, '62<main.rpyeffect:62([k@[then#45]#47])>+8: {"op": "Push". "target": 61. "args": {"num": [1. 0. 2]. "ptr": [0]}}')
debug_merge_point(0, 0, '62<main.rpyeffect:62([k@[then#45]#47])>+9: {"op": "Copy". "type": "num". "from": 3. "to". 1}')
debug_merge_point(0, 0, '62<main.rpyeffect:62([k@[then#45]#47])>+10: {"op": "Jump". "target": 6}')
debug_merge_point(0, 0, '6<main.rpyeffect:6(Name(infixAdd95))>+0: {"op": "PrimOp". "name": "infixAdd(Int. Int): Int". "out": {"num": [0]. "ptr": []}. "in": {"num": [0. 1]. "ptr": []}}')
+296: i29 = int_add(i23, 1)
debug_merge_point(0, 0, '6<main.rpyeffect:6(Name(infixAdd95))>+1: {"op": "Return". "args": {"num": [0]. "ptr": []}}')
debug_merge_point(0, 0, '61<main.rpyeffect:61([k@[k@[then#45]#47]#138])>+0: {"op": "Push". "target": 60. "args": {"num": [3. 0]. "ptr": [0]}}')
debug_merge_point(0, 0, '61<main.rpyeffect:61([k@[k@[then#45]#47]#138])>+1: {"op": "Copy". "type": "num". "from": 1. "to". 0}')
debug_merge_point(0, 0, '61<main.rpyeffect:61([k@[k@[then#45]#47]#138])>+2: {"op": "Copy". "type": "num". "from": 2. "to". 1}')
debug_merge_point(0, 0, '61<main.rpyeffect:61([k@[k@[then#45]#47]#138])>+3: {"op": "Jump". "target": 6}')
debug_merge_point(0, 0, '6<main.rpyeffect:6(Name(infixAdd95))>+0: {"op": "PrimOp". "name": "infixAdd(Int. Int): Int". "out": {"num": [0]. "ptr": []}. "in": {"num": [0. 1]. "ptr": []}}')
+300: i30 = int_add(i22, i23)
debug_merge_point(0, 0, '6<main.rpyeffect:6(Name(infixAdd95))>+1: {"op": "Return". "args": {"num": [0]. "ptr": []}}')
debug_merge_point(0, 0, '60<main.rpyeffect:60([k@[k@[k@[then#45]#47]#138]#141])>+0: {"op": "Swap". "type": "num". "a": 2. "b". 0}')
debug_merge_point(0, 0, '60<main.rpyeffect:60([k@[k@[k@[then#45]#47]#138]#141])>+1: {"op": "Jump". "target": 65}')
debug_merge_point(0, 0, '65<main.rpyeffect:65(Name(primes2635))>+0: {"op": "Push". "target": 64. "args": {"num": [2. 0. 1]. "ptr": [0]}}')
debug_merge_point(0, 0, '65<main.rpyeffect:65(Name(primes2635))>+1: {"op": "Jump". "target": 11}')
debug_merge_point(0, 0, '11<main.rpyeffect:11(Name(infixGte177))>+0: {"op": "PrimOp". "name": "infixGte(Int. Int): Boolean". "out": {"num": [0]. "ptr": []}. "in": {"num": [0. 1]. "ptr": []}}')
+304: i31 = int_ge(i29, i24)
guard_false(i31, descr=<Guard0x148427ba0>) [p0, i1, i2, i3, i4, p5, p6, p7, p8, p9, p10, p11, p12, p13, p14]
debug_merge_point(0, 0, '11<main.rpyeffect:11(Name(infixGte177))>+1: {"op": "Return". "args": {"num": [0]. "ptr": []}}')
debug_merge_point(0, 0, '64<main.rpyeffect:64([k@Name(primes2635)#43])>+0: {"op": "Swap". "type": "num". "a": 2. "b". 0}')
debug_merge_point(0, 0, '64<main.rpyeffect:64([k@Name(primes2635)#43])>+1: {"op": "IfZero". "cond": 2. "then": {"tag": null. "target": 63. "args": {"num": []. "ptr": []}}}')
debug_merge_point(0, 0, '63<main.rpyeffect:63([then#45])>+0: {"op": "Push". "target": 62. "args": {"num": [1. 0. 3]. "ptr": [0]}}')
debug_merge_point(0, 0, '63<main.rpyeffect:63([then#45])>+1: {"op": "Jump". "target": 30}')
debug_merge_point(0, 0, '30<main.rpyeffect:30([mcore:[#24]#40])>+0: {"op": "Invoke". "receiver": 0. "tag": Interned(%Prime2640(n):n). "args" : {"num": [0]. "ptr": []}}')
debug_merge_point(0, 0, '41<main.rpyeffect:41([method_%Prime2640(n):n@[k@[then#45]#47]#58])>+0: {"op": "Const". "type": "num". "out": 2. "value": 0}')
debug_merge_point(0, 0, '41<main.rpyeffect:41([method_%Prime2640(n):n@[k@[then#45]#47]#58])>+1: {"op": "ShiftDyn". "out": 1. "n": 2. "label": 1}')
+312: guard_nonnull(p26, descr=<Guard0x148427be0>) [p0, i1, i2, i3, i4, p5, p6, p7, p8, p9, p10, p11, p12, p13, p14]
+320: i32 = getfield_gc_i(p26, descr=<FieldS rpyeffect.stored_environment.Stack__arb_arb.inst_target 16 pure>)
+324: guard_value(i32, 35, descr=<Guard0x148427c20>) [p0, i1, i2, i3, i4, p5, p6, p7, p8, p9, p10, p11, p12, p13, p14]
debug_merge_point(0, 0, '41<main.rpyeffect:41([method_%Prime2640(n):n@[k@[then#45]#47]#58])>+2: {"op": "Push". "target": 40. "args": {"num": [0]. "ptr": [0. 1]}}')
debug_merge_point(0, 0, '41<main.rpyeffect:41([method_%Prime2640(n):n@[k@[then#45]#47]#58])>+3: {"op": "Jump". "target": 9}')
+336: p34 = new_with_vtable(descr=<SizeDescr 64>)
+440: p35 = new_with_vtable(descr=<SizeDescr 40>)
+452: p36 = new_with_vtable(descr=<SizeDescr 72>)
+464: p37 = new_with_vtable(descr=<SizeDescr 40>)
+476: setfield_gc(p37, ConstPtr(null), descr=<FieldP rpyeffect.stored_environment.Stack__arb_arb.inst_tail 8 pure>)
+484: setfield_gc(p37, 35, descr=<FieldS rpyeffect.stored_environment.Stack__arb_arb.inst_target 16 pure>)
+492: setfield_gc(p36, p37, descr=<FieldP rpyeffect.stored_environment.Stack__arb_arb.inst_tail 8 pure>)
+496: setfield_gc(p36, 62, descr=<FieldS rpyeffect.stored_environment.Stack__arb_arb.inst_target 16 pure>)
+504: setfield_gc(p36, i30, descr=<FieldS rpyeffect.stored_environment.Stack__3_1.inst_values_num_0 40 pure>)
+508: setfield_gc(p36, i29, descr=<FieldS rpyeffect.stored_environment.Stack__3_1.inst_values_num_1 48 pure>)
+512: setfield_gc(p36, i24, descr=<FieldS rpyeffect.stored_environment.Stack__3_1.inst_values_num_2 56 pure>)
+516: p41 = new_with_vtable(descr=<SizeDescr 56>)
+532: setfield_gc(p41, ConstPtr(ptr42), descr=<FieldP rpyeffect.stored_environment.CoData__arb_arb.inst_vtable 24 pure>)
+536: setfield_gc(p41, i23, descr=<FieldS rpyeffect.stored_environment.CoData__1_2.inst_values_num_0 32 pure>)
+540: setfield_gc(p41, p25, descr=<FieldP rpyeffect.stored_environment.CoData__1_2.inst_values_ptr_0 40 pure>)
+544: p43 = new_with_vtable(descr=<SizeDescr 16>)
+556: setfield_gc(p43, 63491, descr=<FieldS rpyeffect.stack.Label.inst_origin 8 pure>)
+564: setfield_gc(p41, p43, descr=<FieldP rpyeffect.stored_environment.CoData__1_2.inst_values_ptr_1 48 pure>)
+568: setfield_gc(p36, p41, descr=<FieldP rpyeffect.stored_environment.Stack__3_1.inst_values_ptr_0 64 pure>)
+572: setfield_gc(p35, p36, descr=<FieldP rpyeffect.stack.MetaStackLike.inst_stack 8 pure>)
+576: setfield_gc(p35, p43, descr=<FieldP rpyeffect.stack.MetaStack.inst_label 16 pure>)
+580: setfield_gc(p35, ConstPtr(null), descr=<FieldP rpyeffect.stack.MetaStack.inst_region 24 pure>)
+588: setfield_gc(p35, ConstPtr(null), descr=<FieldP rpyeffect.stack.MetaStack.inst_tail 32 pure>)
+596: p47 = new_with_vtable(descr=<SizeDescr 40>)
+608: p48 = new_with_vtable(descr=<SizeDescr 40>)
+620: setfield_gc(p48, p14, descr=<FieldP rpyeffect.stack.MetaStackLike.inst_stack 8 pure>)
+628: setfield_gc(p48, p13, descr=<FieldP rpyeffect.stack.MetaStack.inst_label 16 pure>)
+636: setfield_gc(p48, ConstPtr(null), descr=<FieldP rpyeffect.stack.MetaStack.inst_region 24 pure>)
+644: setfield_gc(p48, p12, descr=<FieldP rpyeffect.stack.MetaStack.inst_tail 32 pure>)
+652: p50 = new_with_vtable(descr=<SizeDescr 40>)
+664: setfield_gc(p47, p11, descr=<FieldP rpyeffect.stack.MetaStackLike.inst_stack 8 pure>)
+672: setfield_gc(p47, p10, descr=<FieldP rpyeffect.stack.MetaStack.inst_label 16 pure>)
+680: p51 = new_with_vtable(descr=<SizeDescr 24>)
+700: setfield_gc(p51, ConstPtr(ptr52), descr=<FieldP rpyeffect.region.Region.inst_boxes 8 pure>)
+708: setfield_gc(p51, ConstPtr(ptr53), descr=<FieldP rpyeffect.region.Region.inst_refs 16>)
+712: setfield_gc(p47, ConstPtr(null), descr=<FieldP rpyeffect.stack.MetaStack.inst_region 24 pure>)
+720: setfield_gc(p47, p48, descr=<FieldP rpyeffect.stack.MetaStack.inst_tail 32 pure>)
+724: setfield_gc(p50, p51, descr=<FieldP rpyeffect.stack.MetaStack.inst_region 24 pure>)
+728: setfield_gc(p50, p37, descr=<FieldP rpyeffect.stack.MetaStackLike.inst_stack 8 pure>)
+732: setfield_gc(p50, ConstPtr(null), descr=<FieldP rpyeffect.stack.MetaStack.inst_tail 32 pure>)
+740: setfield_gc(p50, p43, descr=<FieldP rpyeffect.stack.MetaStack.inst_label 16 pure>)
+744: setfield_gc(p34, 40, descr=<FieldS rpyeffect.stored_environment.Stack__arb_arb.inst_target 16 pure>)
+752: setfield_gc(p34, p26, descr=<FieldP rpyeffect.stored_environment.Stack__arb_arb.inst_tail 8 pure>)
+756: setfield_gc(p34, i29, descr=<FieldS rpyeffect.stored_environment.Stack__1_2.inst_values_num_0 40 pure>)
+760: setfield_gc(p34, p25, descr=<FieldP rpyeffect.stored_environment.Stack__1_2.inst_values_ptr_0 48 pure>)
+764: setfield_gc(p34, p35, descr=<FieldP rpyeffect.stored_environment.Stack__1_2.inst_values_ptr_1 56 pure>)
+832: jump(p19, p34, p0, p47, ConstPtr(null), i29, i23, 0, i24, p25, p35, p50, p51, p9, descr=TargetToken(5507058208))
+972: --end of the loop--
[aa44b4] jit-log-opt-bridge}
[b818ee82] {jit-log-opt-loop
# Loop 10 (35<main.rpyeffect:35([return_clause@[k@[then#45]#47]#56])>+0: {"op": "Return", "args": {"num": [0], "ptr": []}}) : loop with 39 ops
[p0, p1, p2, p3, p4]
+248: p5 = getfield_gc_r(p2, descr=<FieldP rpyeffect.environment.Environment.inst_values_num 16>)
+256: i7 = getarrayitem_gc_i(p5, 0, descr=<ArrayS 8>)
+260: i9 = getarrayitem_gc_i(p5, 1, descr=<ArrayS 8>)
+264: i11 = getarrayitem_gc_i(p5, 2, descr=<ArrayS 8>)
+268: i13 = getarrayitem_gc_i(p5, 3, descr=<ArrayS 8>)
+272: p14 = getfield_gc_r(p2, descr=<FieldP rpyeffect.environment.Environment.inst_values_ptr 24>)
+276: p16 = getarrayitem_gc_r(p14, 0, descr=<ArrayP 8>)
+280: p18 = getarrayitem_gc_r(p14, 1, descr=<ArrayP 8>)
+284: p20 = getarrayitem_gc_r(p14, 2, descr=<ArrayP 8>)
+288: p22 = getarrayitem_gc_r(p14, 3, descr=<ArrayP 8>)
+292: p24 = getarrayitem_gc_r(p14, 4, descr=<ArrayP 8>)
+296: label(p0, p1, p2, p3, p4, i7, i9, i11, i13, p16, p18, p20, p22, p24, descr=TargetToken(5507057248))
debug_merge_point(0, 0, '35<main.rpyeffect:35([return_clause@[k@[then#45]#47]#56])>+0: {"op": "Return". "args": {"num": [0]. "ptr": []}}')
+332: guard_not_invalidated(descr=<Guard0x1483f24f0>) [p2, i7, i9, i11, i13, p16, p18, p20, p22, p24, p0, p1, p3, p4]
+336: guard_isnull(p1, descr=<Guard0x1483e0fa0>) [p2, i7, i9, i11, i13, p16, p18, p20, p22, p24, p0, p1, p3, p4]
+348: guard_nonnull_class(p3, 4305678024, descr=<Guard0x1483f25f8>) [p2, i7, i9, i11, i13, p16, p18, p20, p22, p24, p0, p1, p3, p4]
+376: p26 = getfield_gc_r(p3, descr=<FieldP rpyeffect.stack.MetaStackLike.inst_stack 8 pure>)
+380: p27 = getfield_gc_r(p3, descr=<FieldP rpyeffect.stack.MetaStack.inst_label 16 pure>)
+384: p28 = getfield_gc_r(p3, descr=<FieldP rpyeffect.stack.MetaStack.inst_tail 32 pure>)
+388: guard_nonnull_class(p26, ConstClass(Stack__0_0), descr=<Guard0x1483f2de0>) [p2, i7, i9, i11, i13, p16, p18, p20, p22, p24, p0, p1, p3, p4]
+412: i30 = getfield_gc_i(p26, descr=<FieldS rpyeffect.stored_environment.Stack__arb_arb.inst_target 16 pure>)
+416: guard_value(i30, 35, descr=<Guard0x1483e1060>) [p2, i7, i9, i11, i13, p16, p18, p20, p22, p24, p0, p1, p3, p4]
+428: p32 = getfield_gc_r(p26, descr=<FieldP rpyeffect.stored_environment.Stack__arb_arb.inst_tail 8 pure>)
+432: guard_isnull(p32, descr=<Guard0x1483e10a0>) [p2, i7, i9, i11, i13, p16, p18, p20, p22, p24, p0, p1, p3, p4]
debug_merge_point(0, 0, '35<main.rpyeffect:35([return_clause@[k@[then#45]#47]#56])>+0: {"op": "Return". "args": {"num": [0]. "ptr": []}}')
+440: label(p27, p2, p28, i7, i9, i11, i13, p16, p18, p20, p22, p24, descr=TargetToken(5507057328))
debug_merge_point(0, 0, '35<main.rpyeffect:35([return_clause@[k@[then#45]#47]#56])>+0: {"op": "Return". "args": {"num": [0]. "ptr": []}}')
+444: guard_not_invalidated(descr=<Guard0x1483f2ee8>) [p2, i7, i9, i11, i13, p16, p18, p20, p22, p24, p27, p28]
+448: guard_nonnull_class(p28, 4305678024, descr=<Guard0x1483f30f8>) [p2, i7, i9, i11, i13, p16, p18, p20, p22, p24, p27, p28]
+472: p34 = getfield_gc_r(p28, descr=<FieldP rpyeffect.stack.MetaStackLike.inst_stack 8 pure>)
+476: p35 = getfield_gc_r(p28, descr=<FieldP rpyeffect.stack.MetaStack.inst_label 16 pure>)
+480: p36 = getfield_gc_r(p28, descr=<FieldP rpyeffect.stack.MetaStack.inst_tail 32 pure>)
+484: guard_nonnull_class(p34, ConstClass(Stack__0_0), descr=<Guard0x1483f3150>) [p2, i7, i9, i11, i13, p16, p18, p20, p22, p24, p27, p28]
+508: i38 = getfield_gc_i(p34, descr=<FieldS rpyeffect.stored_environment.Stack__arb_arb.inst_target 16 pure>)
+512: guard_value(i38, 35, descr=<Guard0x1483e10e0>) [p2, i7, i9, i11, i13, p16, p18, p20, p22, p24, p27, p28]
+524: p40 = getfield_gc_r(p34, descr=<FieldP rpyeffect.stored_environment.Stack__arb_arb.inst_tail 8 pure>)
+528: guard_isnull(p40, descr=<Guard0x1483e1120>) [p2, i7, i9, i11, i13, p16, p18, p20, p22, p24, p27, p28]
debug_merge_point(0, 0, '35<main.rpyeffect:35([return_clause@[k@[then#45]#47]#56])>+0: {"op": "Return". "args": {"num": [0]. "ptr": []}}')
+536: jump(p35, p2, p36, i7, i9, i11, i13, p16, p18, p20, p22, p24, descr=TargetToken(5507057328))
+548: --end of the loop--
[b81a323d] jit-log-opt-loop}
[b81acd06] {jit-summary
Tracing:      	10	0.002610
Backend:      	10	0.001058
TOTAL:      		3.103274
ops:             	6498
heapcached ops:  	1000
recorded ops:    	1337
  calls:         	206
guards:          	308
opt ops:         	631
opt guards:      	153
opt guards shared:	122
forcings:        	0
abort: trace too long:	0
abort: compiling:	0
abort: vable escape:	0
abort: bad loop: 	0
abort: force quasi-immut:	0
abort: segmenting trace:	0
virtualizables forced:	0
nvirtuals:       	17
nvholes:         	0
nvreused:        	2
vecopt tried:    	0
vecopt success:  	0
Total # of loops:	5
Total # of bridges:	5
Freed # of loops:	0
Freed # of bridges:	0
[b81af24c] jit-summary}
