[55c996] {jit-log-opt-loop
# Loop 1 (40<main.rpyeffect:40(Name(parse2642))>+1: {"op": "Jump", "target": 30}) : loop with 188 ops
[p0, p1, p2, p3, p4]
+328: p5 = getfield_gc_r(p2, descr=<FieldP rpyeffect.environment.Environment.inst_values_num 16>)
+336: i7 = getarrayitem_gc_i(p5, 0, descr=<ArrayS 8>)
+340: i9 = getarrayitem_gc_i(p5, 1, descr=<ArrayS 8>)
+344: i11 = getarrayitem_gc_i(p5, 2, descr=<ArrayS 8>)
+348: i13 = getarrayitem_gc_i(p5, 3, descr=<ArrayS 8>)
+352: p14 = getfield_gc_r(p2, descr=<FieldP rpyeffect.environment.Environment.inst_values_ptr 24>)
+356: p16 = getarrayitem_gc_r(p14, 0, descr=<ArrayP 8>)
+360: p18 = getarrayitem_gc_r(p14, 1, descr=<ArrayP 8>)
+364: p20 = getarrayitem_gc_r(p14, 2, descr=<ArrayP 8>)
+368: p22 = getarrayitem_gc_r(p14, 3, descr=<ArrayP 8>)
+372: p24 = getarrayitem_gc_r(p14, 4, descr=<ArrayP 8>)
+376: p26 = getarrayitem_gc_r(p14, 5, descr=<ArrayP 8>)
+380: p28 = getarrayitem_gc_r(p14, 6, descr=<ArrayP 8>)
+384: label(p0, p1, p2, p3, p4, i7, i9, i11, i13, p16, p18, p20, p22, p24, p26, p28, descr=TargetToken(4970186336))
debug_merge_point(0, 0, '40<main.rpyeffect:40(Name(parse2642))>+1: {"op": "Jump". "target": 30}')
+424: guard_not_invalidated(descr=<Guard0x1283f27b0>) [p2, i7, i9, i11, i13, p16, p18, p20, p22, p24, p26, p28, p0, p1, p3, p4]
+428: guard_nonnull(p1, descr=<Guard0x1283e14e0>) [p2, i7, i9, i11, i13, p16, p18, p20, p22, p24, p26, p28, p0, p1, p3, p4]
+440: i29 = getfield_gc_i(p1, descr=<FieldS rpyeffect.stored_environment.Stack__arb_arb.inst_target 16 pure>)
+448: guard_value(i29, 39, descr=<Guard0x1283e14a0>) [p2, i7, i9, i11, i13, p16, p18, p20, p22, p24, p26, p28, p0, p1, p3, p4]
debug_merge_point(0, 0, '30<main.rpyeffect:30([mcore:[#23]#40])>+0: {"op": "Invoke". "receiver": 0. "tag": Interned(%Read2653():n). "args" : {"num": []. "ptr": []}}')
+460: p31 = getfield_gc_r(p16, descr=<FieldP rpyeffect.stored_environment.CoData__arb_arb.inst_vtable 24 pure>)
+468: guard_value(p31, ConstPtr(ptr32), descr=<Guard0x1283e1460>) [p2, i7, i9, i11, i13, p16, p18, p20, p22, p24, p26, p28, p0, p1, p3, p4]
+476: i33 = getfield_gc_i(p16, descr=<FieldS rpyeffect.stored_environment.CoData__1_4.inst_values_num_0 32 pure>)
+480: p34 = getfield_gc_r(p16, descr=<FieldP rpyeffect.stored_environment.CoData__1_4.inst_values_ptr_0 40 pure>)
+480: p35 = getfield_gc_r(p16, descr=<FieldP rpyeffect.stored_environment.CoData__1_4.inst_values_ptr_1 48 pure>)
+484: p36 = getfield_gc_r(p16, descr=<FieldP rpyeffect.stored_environment.CoData__1_4.inst_values_ptr_2 56 pure>)
+488: p37 = getfield_gc_r(p16, descr=<FieldP rpyeffect.stored_environment.CoData__1_4.inst_values_ptr_3 64 pure>)
debug_merge_point(0, 0, '107<main.rpyeffect:107([#242])>+0: {"op": "Const". "type": "num". "out": 1. "value": 0}')
debug_merge_point(0, 0, '107<main.rpyeffect:107([#242])>+1: {"op": "ShiftDyn". "out": 3. "n": 1. "label": 3}')
+492: guard_isnull(p4, descr=<Guard0x1283e1420>) [p2, i7, i9, i11, i13, p16, p18, p20, p22, p24, p26, p28, p0, p1, p3, p4]
+504: i38 = getfield_gc_i(p0, descr=<FieldS rpyeffect.stack.Label.inst_origin 8 pure>)
+512: i39 = getfield_gc_i(p37, descr=<FieldS rpyeffect.stack.Label.inst_origin 8 pure>)
+516: i40 = int_ne(i38, i39)
guard_false(i40, descr=<Guard0x1283e13e0>) [p2, i7, i9, i11, i13, p16, p18, p20, p22, p24, p26, p28, p0, p1, p3, p4]
+524: i41 = instance_ptr_eq(p0, p37)
guard_true(i41, descr=<Guard0x1283e13a0>) [p2, i7, i9, i11, i13, p16, p18, p20, p22, p24, p26, p28, p0, p1, p3, p4]
+532: guard_nonnull_class(p3, 4371656392, descr=<Guard0x1283f2808>) [p2, i7, i9, i11, i13, p16, p18, p20, p22, p24, p26, p28, p0, p1, p3, p4]
+560: p43 = getfield_gc_r(p3, descr=<FieldP rpyeffect.stack.MetaStackLike.inst_stack 8 pure>)
+564: p44 = getfield_gc_r(p3, descr=<FieldP rpyeffect.stack.MetaStack.inst_label 16 pure>)
+568: p45 = getfield_gc_r(p3, descr=<FieldP rpyeffect.stack.MetaStack.inst_tail 32 pure>)
+572: guard_nonnull(p43, descr=<Guard0x1283e1360>) [p2, i7, i9, i11, i13, p16, p18, p20, p22, p24, p26, p28, p0, p1, p3, p4]
+580: i46 = getfield_gc_i(p43, descr=<FieldS rpyeffect.stored_environment.Stack__arb_arb.inst_target 16 pure>)
+584: guard_value(i46, 96, descr=<Guard0x1283e1320>) [p2, i7, i9, i11, i13, p16, p18, p20, p22, p24, p26, p28, p0, p1, p3, p4]
debug_merge_point(0, 0, '107<main.rpyeffect:107([#242])>+2: {"op": "Load". "out": 1. "type": "num". "ref": 1}')
+596: i48 = getfield_gc_i(p35, descr=<FieldS rpyeffect.region.NumRef.inst_value 8>)
debug_merge_point(0, 0, '107<main.rpyeffect:107([#242])>+3: {"op": "Push". "target": 106. "args": {"num": []. "ptr": [0. 1. 2. 3]}}')
debug_merge_point(0, 0, '107<main.rpyeffect:107([#242])>+4: {"op": "Swap". "type": "num". "a": 0. "b". 1}')
debug_merge_point(0, 0, '107<main.rpyeffect:107([#242])>+5: {"op": "Jump". "target": 10}')
debug_merge_point(0, 0, '10<main.rpyeffect:10(Name(infixGt174))>+0: {"op": "PrimOp". "name": "infixGt(Int. Int): Boolean". "out": {"num": [0]. "ptr": []}. "in": {"num": [0. 1]. "ptr": []}}')
+600: i49 = int_gt(i48, i33)
guard_false(i49, descr=<Guard0x1283e12e0>) [p2, i7, i9, i11, i13, p16, p18, p20, p22, p24, p26, p28, p0, p1, p3, p4]
debug_merge_point(0, 0, '10<main.rpyeffect:10(Name(infixGt174))>+1: {"op": "Return". "args": {"num": [0]. "ptr": []}}')
debug_merge_point(0, 0, '106<main.rpyeffect:106([k@[#242]#250])>+0: {"op": "Swap". "type": "ptr". "a": 2. "b". 1}')
debug_merge_point(0, 0, '106<main.rpyeffect:106([k@[#242]#250])>+1: {"op": "Swap". "type": "ptr". "a": 3. "b". 1}')
debug_merge_point(0, 0, '106<main.rpyeffect:106([k@[#242]#250])>+2: {"op": "IfZero". "cond": 0. "then": {"tag": null. "target": 103. "args": {"num": []. "ptr": []}}}')
debug_merge_point(0, 0, '103<main.rpyeffect:103([then#252])>+0: {"op": "Load". "out": 0. "type": "num". "ref": 3}')
+608: i50 = getfield_gc_i(p36, descr=<FieldS rpyeffect.region.NumRef.inst_value 8>)
debug_merge_point(0, 0, '103<main.rpyeffect:103([then#252])>+1: {"op": "Const". "type": "num". "out": 1. "value": 0}')
debug_merge_point(0, 0, '103<main.rpyeffect:103([then#252])>+2: {"op": "Push". "target": 102. "args": {"num": []. "ptr": [2. 3. 1]}}')
debug_merge_point(0, 0, '103<main.rpyeffect:103([then#252])>+3: {"op": "Jump". "target": 4}')
debug_merge_point(0, 0, '4<main.rpyeffect:4(Name(infixEq71))>+0: {"op": "PrimOp". "name": "infixEq(Int. Int): Boolean". "out": {"num": [0]. "ptr": []}. "in": {"num": [0. 1]. "ptr": []}}')
+612: i52 = int_eq(i50, 0)
guard_false(i52, descr=<Guard0x1283e12a0>) [p2, i7, i9, i11, i13, p16, p18, p20, p22, p24, p26, p28, p0, p1, p3, p4]
debug_merge_point(0, 0, '4<main.rpyeffect:4(Name(infixEq71))>+1: {"op": "Return". "args": {"num": [0]. "ptr": []}}')
debug_merge_point(0, 0, '102<main.rpyeffect:102([k@[then#252]#257])>+0: {"op": "Swap". "type": "ptr". "a": 1. "b". 0}')
debug_merge_point(0, 0, '102<main.rpyeffect:102([k@[then#252]#257])>+1: {"op": "Swap". "type": "ptr". "a": 2. "b". 0}')
debug_merge_point(0, 0, '102<main.rpyeffect:102([k@[then#252]#257])>+2: {"op": "IfZero". "cond": 0. "then": {"tag": null. "target": 100. "args": {"num": []. "ptr": []}}}')
debug_merge_point(0, 0, '100<main.rpyeffect:100([then#259])>+0: {"op": "Load". "out": 0. "type": "num". "ref": 2}')
debug_merge_point(0, 0, '100<main.rpyeffect:100([then#259])>+1: {"op": "Const". "type": "num". "out": 1. "value": 1}')
debug_merge_point(0, 0, '100<main.rpyeffect:100([then#259])>+2: {"op": "Push". "target": 99. "args": {"num": []. "ptr": [2. 0]}}')
debug_merge_point(0, 0, '100<main.rpyeffect:100([then#259])>+3: {"op": "Jump". "target": 8}')
debug_merge_point(0, 0, '8<main.rpyeffect:8(Name(infixSub104))>+0: {"op": "PrimOp". "name": "infixSub(Int. Int): Int". "out": {"num": [0]. "ptr": []}. "in": {"num": [0. 1]. "ptr": []}}')
+620: i54 = int_sub(i50, 1)
debug_merge_point(0, 0, '8<main.rpyeffect:8(Name(infixSub104))>+1: {"op": "Return". "args": {"num": [0]. "ptr": []}}')
debug_merge_point(0, 0, '99<main.rpyeffect:99([k@[then#259]#264])>+0: {"op": "Store". "ref": 0. "type": "num". "value": 0}')
debug_merge_point(0, 0, '99<main.rpyeffect:99([k@[then#259]#264])>+1: {"op": "Construct". "out": 0. "type": Interned(Unit). "tag": Interned(unit). "args": {"num": []. "ptr": []}}')
debug_merge_point(0, 0, '99<main.rpyeffect:99([k@[then#259]#264])>+2: {"op": "Const". "type": "num". "out": 0. "value": 36}')
debug_merge_point(0, 0, '99<main.rpyeffect:99([k@[then#259]#264])>+3: {"op": "Copy". "type": "ptr". "from": 1. "to". 0}')
debug_merge_point(0, 0, '99<main.rpyeffect:99([k@[then#259]#264])>+4: {"op": "Jump". "target": 78}')
debug_merge_point(0, 0, '78<main.rpyeffect:78(Name(resume1215124407))>+0: {"op": "PushStack". "arg": 0}')
debug_merge_point(0, 0, '78<main.rpyeffect:78(Name(resume1215124407))>+1: {"op": "Return". "args": {"num": [0]. "ptr": []}}')
+624: i55 = getfield_gc_i(p1, descr=<FieldS rpyeffect.stored_environment.Stack__1_3.inst_values_num_0 40 pure>)
+628: p56 = getfield_gc_r(p1, descr=<FieldP rpyeffect.stored_environment.Stack__1_3.inst_values_ptr_0 48 pure>)
+632: p57 = getfield_gc_r(p1, descr=<FieldP rpyeffect.stored_environment.Stack__1_3.inst_values_ptr_1 56 pure>)
+636: p58 = getfield_gc_r(p1, descr=<FieldP rpyeffect.stored_environment.Stack__1_3.inst_values_ptr_2 64 pure>)
+640: p59 = getfield_gc_r(p1, descr=<FieldP rpyeffect.stored_environment.Stack__arb_arb.inst_tail 8 pure>)
+644: setfield_gc(p36, i54, descr=<FieldS rpyeffect.region.NumRef.inst_value 8>)
+648: guard_nonnull(p59, descr=<Guard0x1283f2758>) [p2, i55, i11, i13, p56, p57, p58, p36, p24, p26, p28, p0, p59, p45, p44, p43]
+656: i60 = getfield_gc_i(p59, descr=<FieldS rpyeffect.stored_environment.Stack__arb_arb.inst_target 16 pure>)
+660: guard_value(i60, 97, descr=<Guard0x1283e1260>) [p2, i55, i11, i13, p56, p57, p58, p36, p24, p26, p28, p0, p59, p45, p44, p43]
debug_merge_point(0, 0, '39<main.rpyeffect:39([k@Name(parse2642)#44])>+0: {"op": "Const". "type": "num". "out": 2. "value": 36}')
debug_merge_point(0, 0, '39<main.rpyeffect:39([k@Name(parse2642)#44])>+1: {"op": "Push". "target": 38. "args": {"num": [1. 0]. "ptr": [0. 1. 2]}}')
debug_merge_point(0, 0, '39<main.rpyeffect:39([k@Name(parse2642)#44])>+2: {"op": "Copy". "type": "num". "from": 2. "to". 1}')
debug_merge_point(0, 0, '39<main.rpyeffect:39([k@Name(parse2642)#44])>+3: {"op": "Jump". "target": 4}')
debug_merge_point(0, 0, '4<main.rpyeffect:4(Name(infixEq71))>+0: {"op": "PrimOp". "name": "infixEq(Int. Int): Boolean". "out": {"num": [0]. "ptr": []}. "in": {"num": [0. 1]. "ptr": []}}')
debug_merge_point(0, 0, '4<main.rpyeffect:4(Name(infixEq71))>+1: {"op": "Return". "args": {"num": [0]. "ptr": []}}')
debug_merge_point(0, 0, '38<main.rpyeffect:38([k@[k@Name(parse2642)#44]#48])>+0: {"op": "Swap". "type": "num". "a": 0. "b". 1}')
debug_merge_point(0, 0, '38<main.rpyeffect:38([k@[k@Name(parse2642)#44]#48])>+1: {"op": "Swap". "type": "num". "a": 2. "b". 1}')
debug_merge_point(0, 0, '38<main.rpyeffect:38([k@[k@Name(parse2642)#44]#48])>+2: {"op": "Swap". "type": "ptr". "a": 2. "b". 0}')
debug_merge_point(0, 0, '38<main.rpyeffect:38([k@[k@Name(parse2642)#44]#48])>+3: {"op": "IfZero". "cond": 2. "then": {"tag": null. "target": 36. "args": {"num": []. "ptr": []}}}')
debug_merge_point(0, 0, '38<main.rpyeffect:38([k@[k@Name(parse2642)#44]#48])>+4: {"op": "Const". "type": "num". "out": 1. "value": 1}')
debug_merge_point(0, 0, '38<main.rpyeffect:38([k@[k@Name(parse2642)#44]#48])>+5: {"op": "Push". "target": 37. "args": {"num": []. "ptr": [2. 1. 0]}}')
debug_merge_point(0, 0, '38<main.rpyeffect:38([k@[k@Name(parse2642)#44]#48])>+6: {"op": "Jump". "target": 6}')
debug_merge_point(0, 0, '6<main.rpyeffect:6(Name(infixAdd95))>+0: {"op": "PrimOp". "name": "infixAdd(Int. Int): Int". "out": {"num": [0]. "ptr": []}. "in": {"num": [0. 1]. "ptr": []}}')
+672: i63 = int_add(i55, 1)
debug_merge_point(0, 0, '6<main.rpyeffect:6(Name(infixAdd95))>+1: {"op": "Return". "args": {"num": [0]. "ptr": []}}')
debug_merge_point(0, 0, '37<main.rpyeffect:37([k@[k@[k@Name(parse2642)#44]#48]#62])>+0: {"op": "Swap". "type": "ptr". "a": 1. "b". 0}')
debug_merge_point(0, 0, '37<main.rpyeffect:37([k@[k@[k@Name(parse2642)#44]#48]#62])>+1: {"op": "Jump". "target": 40}')
debug_merge_point(0, 0, '40<main.rpyeffect:40(Name(parse2642))>+0: {"op": "Push". "target": 39. "args": {"num": [0]. "ptr": [1. 0. 2]}}')
debug_merge_point(0, 0, '40<main.rpyeffect:40(Name(parse2642))>+1: {"op": "Jump". "target": 30}')
+676: label(p0, p59, i63, p56, p57, p58, p2, p43, p44, p45, i13, p36, p24, p26, p28, i38, descr=TargetToken(4970382464))
debug_merge_point(0, 0, '40<main.rpyeffect:40(Name(parse2642))>+1: {"op": "Jump". "target": 30}')
+704: guard_not_invalidated(descr=<Guard0x1283f28b8>) [p2, i63, i13, p57, p56, p58, p36, p24, p26, p28, p0, p45, p44, p43, p59]
debug_merge_point(0, 0, '30<main.rpyeffect:30([mcore:[#23]#40])>+0: {"op": "Invoke". "receiver": 0. "tag": Interned(%Read2653():n). "args" : {"num": []. "ptr": []}}')
+708: p64 = getfield_gc_r(p57, descr=<FieldP rpyeffect.stored_environment.CoData__arb_arb.inst_vtable 24 pure>)
+716: guard_value(p64, ConstPtr(ptr65), descr=<Guard0x12841e220>) [p2, i63, i13, p57, p56, p58, p36, p24, p26, p28, p0, p45, p44, p43, p59]
+724: i66 = getfield_gc_i(p57, descr=<FieldS rpyeffect.stored_environment.CoData__1_4.inst_values_num_0 32 pure>)
+728: p67 = getfield_gc_r(p57, descr=<FieldP rpyeffect.stored_environment.CoData__1_4.inst_values_ptr_0 40 pure>)
+728: p68 = getfield_gc_r(p57, descr=<FieldP rpyeffect.stored_environment.CoData__1_4.inst_values_ptr_1 48 pure>)
+732: p69 = getfield_gc_r(p57, descr=<FieldP rpyeffect.stored_environment.CoData__1_4.inst_values_ptr_2 56 pure>)
+736: p70 = getfield_gc_r(p57, descr=<FieldP rpyeffect.stored_environment.CoData__1_4.inst_values_ptr_3 64 pure>)
debug_merge_point(0, 0, '107<main.rpyeffect:107([#242])>+0: {"op": "Const". "type": "num". "out": 1. "value": 0}')
debug_merge_point(0, 0, '107<main.rpyeffect:107([#242])>+1: {"op": "ShiftDyn". "out": 3. "n": 1. "label": 3}')
+740: i71 = getfield_gc_i(p70, descr=<FieldS rpyeffect.stack.Label.inst_origin 8 pure>)
+744: i72 = int_ne(i38, i71)
guard_false(i72, descr=<Guard0x12841e1e0>) [p2, i63, i13, p57, p56, p58, p36, p24, p26, p28, p0, p45, p44, p43, p59]
+752: i73 = instance_ptr_eq(p0, p70)
guard_true(i73, descr=<Guard0x12841e1a0>) [p2, i63, i13, p57, p56, p58, p36, p24, p26, p28, p0, p45, p44, p43, p59]
debug_merge_point(0, 0, '107<main.rpyeffect:107([#242])>+2: {"op": "Load". "out": 1. "type": "num". "ref": 1}')
+760: i74 = getfield_gc_i(p68, descr=<FieldS rpyeffect.region.NumRef.inst_value 8>)
debug_merge_point(0, 0, '107<main.rpyeffect:107([#242])>+3: {"op": "Push". "target": 106. "args": {"num": []. "ptr": [0. 1. 2. 3]}}')
debug_merge_point(0, 0, '107<main.rpyeffect:107([#242])>+4: {"op": "Swap". "type": "num". "a": 0. "b". 1}')
debug_merge_point(0, 0, '107<main.rpyeffect:107([#242])>+5: {"op": "Jump". "target": 10}')
debug_merge_point(0, 0, '10<main.rpyeffect:10(Name(infixGt174))>+0: {"op": "PrimOp". "name": "infixGt(Int. Int): Boolean". "out": {"num": [0]. "ptr": []}. "in": {"num": [0. 1]. "ptr": []}}')
+764: i75 = int_gt(i74, i66)
guard_false(i75, descr=<Guard0x12841e160>) [p2, i63, i13, p57, p56, p58, p36, p24, p26, p28, p0, p45, p44, p43, p59]
debug_merge_point(0, 0, '10<main.rpyeffect:10(Name(infixGt174))>+1: {"op": "Return". "args": {"num": [0]. "ptr": []}}')
debug_merge_point(0, 0, '106<main.rpyeffect:106([k@[#242]#250])>+0: {"op": "Swap". "type": "ptr". "a": 2. "b". 1}')
debug_merge_point(0, 0, '106<main.rpyeffect:106([k@[#242]#250])>+1: {"op": "Swap". "type": "ptr". "a": 3. "b". 1}')
debug_merge_point(0, 0, '106<main.rpyeffect:106([k@[#242]#250])>+2: {"op": "IfZero". "cond": 0. "then": {"tag": null. "target": 103. "args": {"num": []. "ptr": []}}}')
debug_merge_point(0, 0, '103<main.rpyeffect:103([then#252])>+0: {"op": "Load". "out": 0. "type": "num". "ref": 3}')
+772: i76 = getfield_gc_i(p69, descr=<FieldS rpyeffect.region.NumRef.inst_value 8>)
debug_merge_point(0, 0, '103<main.rpyeffect:103([then#252])>+1: {"op": "Const". "type": "num". "out": 1. "value": 0}')
debug_merge_point(0, 0, '103<main.rpyeffect:103([then#252])>+2: {"op": "Push". "target": 102. "args": {"num": []. "ptr": [2. 3. 1]}}')
debug_merge_point(0, 0, '103<main.rpyeffect:103([then#252])>+3: {"op": "Jump". "target": 4}')
debug_merge_point(0, 0, '4<main.rpyeffect:4(Name(infixEq71))>+0: {"op": "PrimOp". "name": "infixEq(Int. Int): Boolean". "out": {"num": [0]. "ptr": []}. "in": {"num": [0. 1]. "ptr": []}}')
+776: i78 = int_eq(i76, 0)
guard_false(i78, descr=<Guard0x12841e120>) [p2, i63, i13, p57, p56, p58, p36, p24, p26, p28, p0, p45, p44, p43, p59]
debug_merge_point(0, 0, '4<main.rpyeffect:4(Name(infixEq71))>+1: {"op": "Return". "args": {"num": [0]. "ptr": []}}')
debug_merge_point(0, 0, '102<main.rpyeffect:102([k@[then#252]#257])>+0: {"op": "Swap". "type": "ptr". "a": 1. "b". 0}')
debug_merge_point(0, 0, '102<main.rpyeffect:102([k@[then#252]#257])>+1: {"op": "Swap". "type": "ptr". "a": 2. "b". 0}')
debug_merge_point(0, 0, '102<main.rpyeffect:102([k@[then#252]#257])>+2: {"op": "IfZero". "cond": 0. "then": {"tag": null. "target": 100. "args": {"num": []. "ptr": []}}}')
debug_merge_point(0, 0, '100<main.rpyeffect:100([then#259])>+0: {"op": "Load". "out": 0. "type": "num". "ref": 2}')
debug_merge_point(0, 0, '100<main.rpyeffect:100([then#259])>+1: {"op": "Const". "type": "num". "out": 1. "value": 1}')
debug_merge_point(0, 0, '100<main.rpyeffect:100([then#259])>+2: {"op": "Push". "target": 99. "args": {"num": []. "ptr": [2. 0]}}')
debug_merge_point(0, 0, '100<main.rpyeffect:100([then#259])>+3: {"op": "Jump". "target": 8}')
debug_merge_point(0, 0, '8<main.rpyeffect:8(Name(infixSub104))>+0: {"op": "PrimOp". "name": "infixSub(Int. Int): Int". "out": {"num": [0]. "ptr": []}. "in": {"num": [0. 1]. "ptr": []}}')
+784: i80 = int_sub(i76, 1)
debug_merge_point(0, 0, '8<main.rpyeffect:8(Name(infixSub104))>+1: {"op": "Return". "args": {"num": [0]. "ptr": []}}')
debug_merge_point(0, 0, '99<main.rpyeffect:99([k@[then#259]#264])>+0: {"op": "Store". "ref": 0. "type": "num". "value": 0}')
debug_merge_point(0, 0, '99<main.rpyeffect:99([k@[then#259]#264])>+1: {"op": "Construct". "out": 0. "type": Interned(Unit). "tag": Interned(unit). "args": {"num": []. "ptr": []}}')
debug_merge_point(0, 0, '99<main.rpyeffect:99([k@[then#259]#264])>+2: {"op": "Const". "type": "num". "out": 0. "value": 36}')
debug_merge_point(0, 0, '99<main.rpyeffect:99([k@[then#259]#264])>+3: {"op": "Copy". "type": "ptr". "from": 1. "to". 0}')
debug_merge_point(0, 0, '99<main.rpyeffect:99([k@[then#259]#264])>+4: {"op": "Jump". "target": 78}')
debug_merge_point(0, 0, '78<main.rpyeffect:78(Name(resume1215124407))>+0: {"op": "PushStack". "arg": 0}')
debug_merge_point(0, 0, '78<main.rpyeffect:78(Name(resume1215124407))>+1: {"op": "Return". "args": {"num": [0]. "ptr": []}}')
debug_merge_point(0, 0, '39<main.rpyeffect:39([k@Name(parse2642)#44])>+0: {"op": "Const". "type": "num". "out": 2. "value": 36}')
debug_merge_point(0, 0, '39<main.rpyeffect:39([k@Name(parse2642)#44])>+1: {"op": "Push". "target": 38. "args": {"num": [1. 0]. "ptr": [0. 1. 2]}}')
debug_merge_point(0, 0, '39<main.rpyeffect:39([k@Name(parse2642)#44])>+2: {"op": "Copy". "type": "num". "from": 2. "to". 1}')
debug_merge_point(0, 0, '39<main.rpyeffect:39([k@Name(parse2642)#44])>+3: {"op": "Jump". "target": 4}')
debug_merge_point(0, 0, '4<main.rpyeffect:4(Name(infixEq71))>+0: {"op": "PrimOp". "name": "infixEq(Int. Int): Boolean". "out": {"num": [0]. "ptr": []}. "in": {"num": [0. 1]. "ptr": []}}')
debug_merge_point(0, 0, '4<main.rpyeffect:4(Name(infixEq71))>+1: {"op": "Return". "args": {"num": [0]. "ptr": []}}')
debug_merge_point(0, 0, '38<main.rpyeffect:38([k@[k@Name(parse2642)#44]#48])>+0: {"op": "Swap". "type": "num". "a": 0. "b". 1}')
debug_merge_point(0, 0, '38<main.rpyeffect:38([k@[k@Name(parse2642)#44]#48])>+1: {"op": "Swap". "type": "num". "a": 2. "b". 1}')
debug_merge_point(0, 0, '38<main.rpyeffect:38([k@[k@Name(parse2642)#44]#48])>+2: {"op": "Swap". "type": "ptr". "a": 2. "b". 0}')
debug_merge_point(0, 0, '38<main.rpyeffect:38([k@[k@Name(parse2642)#44]#48])>+3: {"op": "IfZero". "cond": 2. "then": {"tag": null. "target": 36. "args": {"num": []. "ptr": []}}}')
debug_merge_point(0, 0, '38<main.rpyeffect:38([k@[k@Name(parse2642)#44]#48])>+4: {"op": "Const". "type": "num". "out": 1. "value": 1}')
debug_merge_point(0, 0, '38<main.rpyeffect:38([k@[k@Name(parse2642)#44]#48])>+5: {"op": "Push". "target": 37. "args": {"num": []. "ptr": [2. 1. 0]}}')
debug_merge_point(0, 0, '38<main.rpyeffect:38([k@[k@Name(parse2642)#44]#48])>+6: {"op": "Jump". "target": 6}')
debug_merge_point(0, 0, '6<main.rpyeffect:6(Name(infixAdd95))>+0: {"op": "PrimOp". "name": "infixAdd(Int. Int): Int". "out": {"num": [0]. "ptr": []}. "in": {"num": [0. 1]. "ptr": []}}')
+788: i82 = int_add(i63, 1)
debug_merge_point(0, 0, '6<main.rpyeffect:6(Name(infixAdd95))>+1: {"op": "Return". "args": {"num": [0]. "ptr": []}}')
debug_merge_point(0, 0, '37<main.rpyeffect:37([k@[k@[k@Name(parse2642)#44]#48]#62])>+0: {"op": "Swap". "type": "ptr". "a": 1. "b". 0}')
debug_merge_point(0, 0, '37<main.rpyeffect:37([k@[k@[k@Name(parse2642)#44]#48]#62])>+1: {"op": "Jump". "target": 40}')
debug_merge_point(0, 0, '40<main.rpyeffect:40(Name(parse2642))>+0: {"op": "Push". "target": 39. "args": {"num": [0]. "ptr": [1. 0. 2]}}')
debug_merge_point(0, 0, '40<main.rpyeffect:40(Name(parse2642))>+1: {"op": "Jump". "target": 30}')
+792: setfield_gc(p69, i80, descr=<FieldS rpyeffect.region.NumRef.inst_value 8>)
+796: jump(p0, p59, i82, p56, p57, p58, p2, p43, p44, p45, i13, p69, p24, p26, p28, i38, descr=TargetToken(4970382464))
+804: --end of the loop--
[58afc6] jit-log-opt-loop}
[64ec6d] {jit-log-opt-loop
# Loop 2 (107<main.rpyeffect:107([#242])>+4: {"op": "Swap", "type": "num", "a": 0, "b", 1}) : entry bridge with 213 ops
[p0, p1, p2, p3, p4]
+408: p5 = getfield_gc_r(p2, descr=<FieldP rpyeffect.environment.Environment.inst_values_num 16>)
+416: i7 = getarrayitem_gc_i(p5, 0, descr=<ArrayS 8>)
+420: i9 = getarrayitem_gc_i(p5, 1, descr=<ArrayS 8>)
+424: i11 = getarrayitem_gc_i(p5, 2, descr=<ArrayS 8>)
+428: i13 = getarrayitem_gc_i(p5, 3, descr=<ArrayS 8>)
+432: p14 = getfield_gc_r(p2, descr=<FieldP rpyeffect.environment.Environment.inst_values_ptr 24>)
+436: p16 = getarrayitem_gc_r(p14, 0, descr=<ArrayP 8>)
+440: p18 = getarrayitem_gc_r(p14, 1, descr=<ArrayP 8>)
+444: p20 = getarrayitem_gc_r(p14, 2, descr=<ArrayP 8>)
+448: p22 = getarrayitem_gc_r(p14, 3, descr=<ArrayP 8>)
+452: p24 = getarrayitem_gc_r(p14, 4, descr=<ArrayP 8>)
+456: p26 = getarrayitem_gc_r(p14, 5, descr=<ArrayP 8>)
+460: p28 = getarrayitem_gc_r(p14, 6, descr=<ArrayP 8>)
debug_merge_point(0, 0, '107<main.rpyeffect:107([#242])>+4: {"op": "Swap". "type": "num". "a": 0. "b". 1}')
+464: guard_not_invalidated(descr=<Guard0x1283f29c0>) [p2, i7, i9, i11, i13, p16, p18, p20, p22, p24, p26, p28, p0, p1, p3, p4]
debug_merge_point(0, 0, '107<main.rpyeffect:107([#242])>+5: {"op": "Jump". "target": 10}')
+468: guard_nonnull(p1, descr=<Guard0x12841e260>) [p2, i7, i9, i11, i13, p16, p18, p20, p22, p24, p26, p28, p0, p1, p3, p4]
+480: i29 = getfield_gc_i(p1, descr=<FieldS rpyeffect.stored_environment.Stack__arb_arb.inst_target 16 pure>)
+488: guard_value(i29, 106, descr=<Guard0x12841e2a0>) [p2, i7, i9, i11, i13, p16, p18, p20, p22, p24, p26, p28, p0, p1, p3, p4]
debug_merge_point(0, 0, '10<main.rpyeffect:10(Name(infixGt174))>+0: {"op": "PrimOp". "name": "infixGt(Int. Int): Boolean". "out": {"num": [0]. "ptr": []}. "in": {"num": [0. 1]. "ptr": []}}')
+500: i31 = int_gt(i9, i7)
guard_false(i31, descr=<Guard0x12841e2e0>) [p2, i7, i9, i11, i13, p16, p18, p20, p22, p24, p26, p28, p0, p1, p3, p4]
debug_merge_point(0, 0, '10<main.rpyeffect:10(Name(infixGt174))>+1: {"op": "Return". "args": {"num": [0]. "ptr": []}}')
+508: p32 = getfield_gc_r(p1, descr=<FieldP rpyeffect.stored_environment.Stack__0_4.inst_values_ptr_0 40 pure>)
+508: p33 = getfield_gc_r(p1, descr=<FieldP rpyeffect.stored_environment.Stack__0_4.inst_values_ptr_1 48 pure>)
+512: p34 = getfield_gc_r(p1, descr=<FieldP rpyeffect.stored_environment.Stack__0_4.inst_values_ptr_2 56 pure>)
+516: p35 = getfield_gc_r(p1, descr=<FieldP rpyeffect.stored_environment.Stack__0_4.inst_values_ptr_3 64 pure>)
+520: p36 = getfield_gc_r(p1, descr=<FieldP rpyeffect.stored_environment.Stack__arb_arb.inst_tail 8 pure>)
debug_merge_point(0, 0, '106<main.rpyeffect:106([k@[#242]#250])>+0: {"op": "Swap". "type": "ptr". "a": 2. "b". 1}')
debug_merge_point(0, 0, '106<main.rpyeffect:106([k@[#242]#250])>+1: {"op": "Swap". "type": "ptr". "a": 3. "b". 1}')
debug_merge_point(0, 0, '106<main.rpyeffect:106([k@[#242]#250])>+2: {"op": "IfZero". "cond": 0. "then": {"tag": null. "target": 103. "args": {"num": []. "ptr": []}}}')
+524: guard_nonnull(p36, descr=<Guard0x12841e320>) [p2, i7, i9, i11, i13, p16, p18, p20, p22, p24, p26, p28, p0, p1, p3, p4]
+532: i37 = getfield_gc_i(p36, descr=<FieldS rpyeffect.stored_environment.Stack__arb_arb.inst_target 16 pure>)
+540: guard_value(i37, 96, descr=<Guard0x12841e360>) [p2, i7, i9, i11, i13, p16, p18, p20, p22, p24, p26, p28, p0, p1, p3, p4]
debug_merge_point(0, 0, '103<main.rpyeffect:103([then#252])>+0: {"op": "Load". "out": 0. "type": "num". "ref": 3}')
+552: i39 = getfield_gc_i(p34, descr=<FieldS rpyeffect.region.NumRef.inst_value 8>)
debug_merge_point(0, 0, '103<main.rpyeffect:103([then#252])>+1: {"op": "Const". "type": "num". "out": 1. "value": 0}')
debug_merge_point(0, 0, '103<main.rpyeffect:103([then#252])>+2: {"op": "Push". "target": 102. "args": {"num": []. "ptr": [2. 3. 1]}}')
debug_merge_point(0, 0, '103<main.rpyeffect:103([then#252])>+3: {"op": "Jump". "target": 4}')
debug_merge_point(0, 0, '4<main.rpyeffect:4(Name(infixEq71))>+0: {"op": "PrimOp". "name": "infixEq(Int. Int): Boolean". "out": {"num": [0]. "ptr": []}. "in": {"num": [0. 1]. "ptr": []}}')
+556: i41 = int_eq(i39, 0)
guard_true(i41, descr=<Guard0x12841e3a0>) [p2, i7, i9, i11, i13, p16, p18, p20, p22, p24, p26, p28, p0, p1, p3, p4]
debug_merge_point(0, 0, '4<main.rpyeffect:4(Name(infixEq71))>+1: {"op": "Return". "args": {"num": [0]. "ptr": []}}')
debug_merge_point(0, 0, '102<main.rpyeffect:102([k@[then#252]#257])>+0: {"op": "Swap". "type": "ptr". "a": 1. "b". 0}')
debug_merge_point(0, 0, '102<main.rpyeffect:102([k@[then#252]#257])>+1: {"op": "Swap". "type": "ptr". "a": 2. "b". 0}')
debug_merge_point(0, 0, '102<main.rpyeffect:102([k@[then#252]#257])>+2: {"op": "IfZero". "cond": 0. "then": {"tag": null. "target": 100. "args": {"num": []. "ptr": []}}}')
debug_merge_point(0, 0, '102<main.rpyeffect:102([k@[then#252]#257])>+3: {"op": "Load". "out": 0. "type": "num". "ref": 1}')
+564: i42 = getfield_gc_i(p33, descr=<FieldS rpyeffect.region.NumRef.inst_value 8>)
debug_merge_point(0, 0, '102<main.rpyeffect:102([k@[then#252]#257])>+4: {"op": "Const". "type": "num". "out": 1. "value": 1}')
debug_merge_point(0, 0, '102<main.rpyeffect:102([k@[then#252]#257])>+5: {"op": "Push". "target": 101. "args": {"num": []. "ptr": [1. 2. 0]}}')
debug_merge_point(0, 0, '102<main.rpyeffect:102([k@[then#252]#257])>+6: {"op": "Jump". "target": 6}')
debug_merge_point(0, 0, '6<main.rpyeffect:6(Name(infixAdd95))>+0: {"op": "PrimOp". "name": "infixAdd(Int. Int): Int". "out": {"num": [0]. "ptr": []}. "in": {"num": [0. 1]. "ptr": []}}')
+568: i44 = int_add(i42, 1)
debug_merge_point(0, 0, '6<main.rpyeffect:6(Name(infixAdd95))>+1: {"op": "Return". "args": {"num": [0]. "ptr": []}}')
debug_merge_point(0, 0, '101<main.rpyeffect:101([k@[k@[then#252]#257]#272])>+0: {"op": "Store". "ref": 0. "type": "num". "value": 0}')
debug_merge_point(0, 0, '101<main.rpyeffect:101([k@[k@[then#252]#257]#272])>+1: {"op": "Construct". "out": 3. "type": Interned(Unit). "tag": Interned(unit). "args": {"num": []. "ptr": []}}')
debug_merge_point(0, 0, '101<main.rpyeffect:101([k@[k@[then#252]#257]#272])>+2: {"op": "Load". "out": 0. "type": "num". "ref": 0}')
debug_merge_point(0, 0, '101<main.rpyeffect:101([k@[k@[then#252]#257]#272])>+3: {"op": "Store". "ref": 1. "type": "num". "value": 0}')
+572: setfield_gc(p33, i44, descr=<FieldS rpyeffect.region.NumRef.inst_value 8>)
debug_merge_point(0, 0, '101<main.rpyeffect:101([k@[k@[then#252]#257]#272])>+4: {"op": "Construct". "out": 0. "type": Interned(Unit). "tag": Interned(unit). "args": {"num": []. "ptr": []}}')
debug_merge_point(0, 0, '101<main.rpyeffect:101([k@[k@[then#252]#257]#272])>+5: {"op": "Const". "type": "num". "out": 0. "value": 10}')
debug_merge_point(0, 0, '101<main.rpyeffect:101([k@[k@[then#252]#257]#272])>+6: {"op": "Copy". "type": "ptr". "from": 2. "to". 0}')
debug_merge_point(0, 0, '101<main.rpyeffect:101([k@[k@[then#252]#257]#272])>+7: {"op": "Jump". "target": 78}')
debug_merge_point(0, 0, '78<main.rpyeffect:78(Name(resume1215124407))>+0: {"op": "PushStack". "arg": 0}')
+576: setfield_gc(p34, i44, descr=<FieldS rpyeffect.region.NumRef.inst_value 8>)
+580: guard_isnull(p4, descr=<Guard0x1283f2a18>) [p2, i11, i13, p35, p34, p24, p26, p28, p0, p36, p3, p4]
+592: guard_nonnull_class(p35, 4371656392, descr=<Guard0x1283f2a70>) [p2, i11, i13, p35, p34, p24, p26, p28, p0, p36, p3, p4]
+616: p46 = getfield_gc_r(p35, descr=<FieldP rpyeffect.stack.MetaStack.inst_region 24 pure>)
+620: guard_isnull(p46, descr=<Guard0x12841e3e0>) [p2, i11, i13, p35, p34, p24, p26, p28, p0, p36, p3, p4]
+628: p47 = getfield_gc_r(p35, descr=<FieldP rpyeffect.stack.MetaStackLike.inst_stack 8 pure>)
+632: p48 = getfield_gc_r(p35, descr=<FieldP rpyeffect.stack.MetaStack.inst_tail 32 pure>)
+636: guard_isnull(p48, descr=<Guard0x12841e420>) [p2, i11, i13, p35, p34, p24, p26, p28, p0, p36, p3, p4]
+644: p49 = getfield_gc_r(p35, descr=<FieldP rpyeffect.stack.MetaStack.inst_label 16 pure>)
+648: guard_nonnull(p47, descr=<Guard0x12841e460>) [p2, i11, i13, p35, p34, p24, p26, p28, p0, p36, p3, p4]
+656: i50 = getfield_gc_i(p47, descr=<FieldS rpyeffect.stored_environment.Stack__arb_arb.inst_target 16 pure>)
+660: guard_value(i50, 39, descr=<Guard0x12841e4a0>) [p2, i11, i13, p35, p34, p24, p26, p28, p0, p36, p3, p4]
debug_merge_point(0, 0, '78<main.rpyeffect:78(Name(resume1215124407))>+1: {"op": "Return". "args": {"num": [0]. "ptr": []}}')
+672: i52 = getfield_gc_i(p47, descr=<FieldS rpyeffect.stored_environment.Stack__1_3.inst_values_num_0 40 pure>)
+676: p53 = getfield_gc_r(p47, descr=<FieldP rpyeffect.stored_environment.Stack__1_3.inst_values_ptr_0 48 pure>)
+680: p54 = getfield_gc_r(p47, descr=<FieldP rpyeffect.stored_environment.Stack__1_3.inst_values_ptr_1 56 pure>)
+684: p55 = getfield_gc_r(p47, descr=<FieldP rpyeffect.stored_environment.Stack__1_3.inst_values_ptr_2 64 pure>)
+688: p56 = getfield_gc_r(p47, descr=<FieldP rpyeffect.stored_environment.Stack__arb_arb.inst_tail 8 pure>)
+692: guard_nonnull(p56, descr=<Guard0x12841e4e0>) [p2, i11, i13, p35, p34, p24, p26, p28, p0, p36, p3, p4]
+700: i57 = getfield_gc_i(p56, descr=<FieldS rpyeffect.stored_environment.Stack__arb_arb.inst_target 16 pure>)
+704: guard_value(i57, 97, descr=<Guard0x12841e520>) [p2, i11, i13, p35, p34, p24, p26, p28, p0, p36, p3, p4]
debug_merge_point(0, 0, '39<main.rpyeffect:39([k@Name(parse2642)#44])>+0: {"op": "Const". "type": "num". "out": 2. "value": 36}')
debug_merge_point(0, 0, '39<main.rpyeffect:39([k@Name(parse2642)#44])>+1: {"op": "Push". "target": 38. "args": {"num": [1. 0]. "ptr": [0. 1. 2]}}')
debug_merge_point(0, 0, '39<main.rpyeffect:39([k@Name(parse2642)#44])>+2: {"op": "Copy". "type": "num". "from": 2. "to". 1}')
debug_merge_point(0, 0, '39<main.rpyeffect:39([k@Name(parse2642)#44])>+3: {"op": "Jump". "target": 4}')
debug_merge_point(0, 0, '4<main.rpyeffect:4(Name(infixEq71))>+0: {"op": "PrimOp". "name": "infixEq(Int. Int): Boolean". "out": {"num": [0]. "ptr": []}. "in": {"num": [0. 1]. "ptr": []}}')
debug_merge_point(0, 0, '4<main.rpyeffect:4(Name(infixEq71))>+1: {"op": "Return". "args": {"num": [0]. "ptr": []}}')
debug_merge_point(0, 0, '38<main.rpyeffect:38([k@[k@Name(parse2642)#44]#48])>+0: {"op": "Swap". "type": "num". "a": 0. "b". 1}')
debug_merge_point(0, 0, '38<main.rpyeffect:38([k@[k@Name(parse2642)#44]#48])>+1: {"op": "Swap". "type": "num". "a": 2. "b". 1}')
debug_merge_point(0, 0, '38<main.rpyeffect:38([k@[k@Name(parse2642)#44]#48])>+2: {"op": "Swap". "type": "ptr". "a": 2. "b". 0}')
debug_merge_point(0, 0, '38<main.rpyeffect:38([k@[k@Name(parse2642)#44]#48])>+3: {"op": "IfZero". "cond": 2. "then": {"tag": null. "target": 36. "args": {"num": []. "ptr": []}}}')
debug_merge_point(0, 0, '36<main.rpyeffect:36([then#49])>+0: {"op": "Const". "type": "num". "out": 2. "value": 10}')
debug_merge_point(0, 0, '36<main.rpyeffect:36([then#49])>+1: {"op": "Push". "target": 35. "args": {"num": [0]. "ptr": [2. 1. 0]}}')
debug_merge_point(0, 0, '36<main.rpyeffect:36([then#49])>+2: {"op": "Copy". "type": "num". "from": 1. "to". 0}')
debug_merge_point(0, 0, '36<main.rpyeffect:36([then#49])>+3: {"op": "Copy". "type": "num". "from": 2. "to". 1}')
debug_merge_point(0, 0, '36<main.rpyeffect:36([then#49])>+4: {"op": "Jump". "target": 4}')
debug_merge_point(0, 0, '4<main.rpyeffect:4(Name(infixEq71))>+0: {"op": "PrimOp". "name": "infixEq(Int. Int): Boolean". "out": {"num": [0]. "ptr": []}. "in": {"num": [0. 1]. "ptr": []}}')
debug_merge_point(0, 0, '4<main.rpyeffect:4(Name(infixEq71))>+1: {"op": "Return". "args": {"num": [0]. "ptr": []}}')
debug_merge_point(0, 0, '35<main.rpyeffect:35([k@[then#49]#53])>+0: {"op": "Swap". "type": "num". "a": 0. "b". 1}')
debug_merge_point(0, 0, '35<main.rpyeffect:35([k@[then#49]#53])>+1: {"op": "Swap". "type": "ptr". "a": 1. "b". 0}')
debug_merge_point(0, 0, '35<main.rpyeffect:35([k@[then#49]#53])>+2: {"op": "Swap". "type": "ptr". "a": 2. "b". 0}')
debug_merge_point(0, 0, '35<main.rpyeffect:35([k@[then#49]#53])>+3: {"op": "IfZero". "cond": 1. "then": {"tag": null. "target": 33. "args": {"num": []. "ptr": []}}}')
debug_merge_point(0, 0, '35<main.rpyeffect:35([k@[then#49]#53])>+4: {"op": "Push". "target": 34. "args": {"num": []. "ptr": [1. 2. 0]}}')
debug_merge_point(0, 0, '35<main.rpyeffect:35([k@[then#49]#53])>+5: {"op": "Copy". "type": "ptr". "from": 1. "to". 0}')
debug_merge_point(0, 0, '35<main.rpyeffect:35([k@[then#49]#53])>+6: {"op": "Jump". "target": 32}')
debug_merge_point(0, 0, '32<main.rpyeffect:32([mcore:[#27]#42])>+0: {"op": "Invoke". "receiver": 0. "tag": Interned(%Emit2655(n):p). "args" : {"num": [0]. "ptr": []}}')
+716: p59 = getfield_gc_r(p53, descr=<FieldP rpyeffect.stored_environment.CoData__arb_arb.inst_vtable 24 pure>)
+724: guard_value(p59, ConstPtr(ptr60), descr=<Guard0x12841e560>) [p2, i11, i13, p35, p34, p24, p26, p28, p0, p36, p3, p4]
+732: p61 = getfield_gc_r(p53, descr=<FieldP rpyeffect.stored_environment.CoData__0_2.inst_values_ptr_0 32 pure>)
+736: p62 = getfield_gc_r(p53, descr=<FieldP rpyeffect.stored_environment.CoData__0_2.inst_values_ptr_1 40 pure>)
debug_merge_point(0, 0, '88<main.rpyeffect:88([#191])>+0: {"op": "Const". "type": "num". "out": 1. "value": 0}')
debug_merge_point(0, 0, '88<main.rpyeffect:88([#191])>+1: {"op": "ShiftDyn". "out": 1. "n": 1. "label": 1}')
+740: i63 = getfield_gc_i(p49, descr=<FieldS rpyeffect.stack.Label.inst_origin 8 pure>)
+744: i64 = getfield_gc_i(p62, descr=<FieldS rpyeffect.stack.Label.inst_origin 8 pure>)
+752: i65 = int_ne(i63, i64)
guard_true(i65, descr=<Guard0x12841e5a0>) [p2, i11, i13, p35, p34, p24, p26, p28, p0, p36, p3, p4]
+760: i66 = getfield_gc_i(p0, descr=<FieldS rpyeffect.stack.Label.inst_origin 8 pure>)
+772: i67 = int_ne(i66, i64)
guard_true(i67, descr=<Guard0x12841e5e0>) [p2, i11, i13, p35, p34, p24, p26, p28, p0, p36, p3, p4]
+780: p68 = getfield_gc_r(p3, descr=<FieldP rpyeffect.stack.MetaStack.inst_region 24 pure>)
+792: guard_isnull(p68, descr=<Guard0x12841e620>) [p2, i11, i13, p35, p34, p24, p26, p28, p0, p36, p3, p4]
+800: p69 = getfield_gc_r(p3, descr=<FieldP rpyeffect.stack.MetaStack.inst_label 16 pure>)
+804: i70 = getfield_gc_i(p69, descr=<FieldS rpyeffect.stack.Label.inst_origin 8 pure>)
+812: i71 = int_ne(i70, i64)
guard_true(i71, descr=<Guard0x12841e660>) [p2, i11, i13, p35, p34, p24, p26, p28, p0, p36, p3, p4]
+820: p72 = getfield_gc_r(p3, descr=<FieldP rpyeffect.stack.MetaStack.inst_tail 32 pure>)
+824: p73 = getfield_gc_r(p72, descr=<FieldP rpyeffect.stack.MetaStack.inst_region 24 pure>)
+832: guard_isnull(p73, descr=<Guard0x12841e6a0>) [p2, i11, i13, p35, p34, p24, p26, p28, p0, p36, p3, p4]
+840: p74 = getfield_gc_r(p72, descr=<FieldP rpyeffect.stack.MetaStack.inst_label 16 pure>)
+844: i75 = getfield_gc_i(p74, descr=<FieldS rpyeffect.stack.Label.inst_origin 8 pure>)
+852: i76 = int_ne(i75, i64)
guard_true(i76, descr=<Guard0x12841e6e0>) [p2, i11, i13, p35, p34, p24, p26, p28, p0, p36, p3, p4]
+860: p77 = getfield_gc_r(p72, descr=<FieldP rpyeffect.stack.MetaStack.inst_tail 32 pure>)
+864: p78 = getfield_gc_r(p77, descr=<FieldP rpyeffect.stack.MetaStack.inst_region 24 pure>)
+872: guard_isnull(p78, descr=<Guard0x12841e720>) [p2, i11, i13, p35, p34, p24, p26, p28, p0, p36, p3, p4]
+880: p79 = getfield_gc_r(p77, descr=<FieldP rpyeffect.stack.MetaStack.inst_label 16 pure>)
+884: i80 = getfield_gc_i(p79, descr=<FieldS rpyeffect.stack.Label.inst_origin 8 pure>)
+892: i81 = int_ne(i80, i64)
guard_false(i81, descr=<Guard0x12841e760>) [p2, i11, i13, p35, p34, p24, p26, p28, p0, p36, p3, p4]
+900: i82 = instance_ptr_eq(p79, p62)
guard_true(i82, descr=<Guard0x12841e7a0>) [p2, i11, i13, p35, p34, p24, p26, p28, p0, p36, p3, p4]
+908: p83 = getfield_gc_r(p77, descr=<FieldP rpyeffect.stack.MetaStackLike.inst_stack 8 pure>)
+912: guard_class(p77, 4371656392, descr=<Guard0x12841e7e0>) [p2, i11, i13, p35, p34, p24, p26, p28, p0, p36, p3, p4]
+928: p85 = getfield_gc_r(p77, descr=<FieldP rpyeffect.stack.MetaStack.inst_tail 32 pure>)
+932: p86 = getfield_gc_r(p72, descr=<FieldP rpyeffect.stack.MetaStackLike.inst_stack 8 pure>)
+936: guard_class(p72, 4371656392, descr=<Guard0x12841e820>) [p2, i11, i13, p35, p34, p24, p26, p28, p0, p36, p3, p4]
+952: p88 = getfield_gc_r(p3, descr=<FieldP rpyeffect.stack.MetaStackLike.inst_stack 8 pure>)
+956: guard_class(p3, 4371656392, descr=<Guard0x12841e860>) [p2, i11, i13, p35, p34, p24, p26, p28, p0, p36, p3, p4]
+972: guard_nonnull_class(p85, 4371656392, descr=<Guard0x1283f2ac8>) [p2, i11, i13, p35, p34, p24, p26, p28, p0, p36, p3, p4]
+996: p91 = getfield_gc_r(p85, descr=<FieldP rpyeffect.stack.MetaStackLike.inst_stack 8 pure>)
+1000: p92 = getfield_gc_r(p85, descr=<FieldP rpyeffect.stack.MetaStack.inst_label 16 pure>)
+1004: p93 = getfield_gc_r(p85, descr=<FieldP rpyeffect.stack.MetaStack.inst_tail 32 pure>)
+1008: guard_nonnull(p91, descr=<Guard0x12841e8a0>) [p2, i11, i13, p35, p34, p24, p26, p28, p0, p36, p3, p4]
+1016: i94 = getfield_gc_i(p91, descr=<FieldS rpyeffect.stored_environment.Stack__arb_arb.inst_target 16 pure>)
+1024: guard_value(i94, 84, descr=<Guard0x12841e8e0>) [p2, i11, i13, p35, p34, p24, p26, p28, p0, p36, p3, p4]
debug_merge_point(0, 0, '88<main.rpyeffect:88([#191])>+2: {"op": "Load". "out": 1. "type": "num". "ref": 0}')
+1036: i96 = getfield_gc_i(p61, descr=<FieldS rpyeffect.region.NumRef.inst_value 8>)
debug_merge_point(0, 0, '88<main.rpyeffect:88([#191])>+3: {"op": "Push". "target": 87. "args": {"num": []. "ptr": [0. 1]}}')
debug_merge_point(0, 0, '88<main.rpyeffect:88([#191])>+4: {"op": "Swap". "type": "num". "a": 0. "b". 1}')
debug_merge_point(0, 0, '88<main.rpyeffect:88([#191])>+5: {"op": "Jump". "target": 6}')
debug_merge_point(0, 0, '6<main.rpyeffect:6(Name(infixAdd95))>+0: {"op": "PrimOp". "name": "infixAdd(Int. Int): Int". "out": {"num": [0]. "ptr": []}. "in": {"num": [0. 1]. "ptr": []}}')
+1040: i97 = int_add(i96, i52)
debug_merge_point(0, 0, '6<main.rpyeffect:6(Name(infixAdd95))>+1: {"op": "Return". "args": {"num": [0]. "ptr": []}}')
debug_merge_point(0, 0, '87<main.rpyeffect:87([k@[#191]#199])>+0: {"op": "Store". "ref": 0. "type": "num". "value": 0}')
debug_merge_point(0, 0, '87<main.rpyeffect:87([k@[#191]#199])>+1: {"op": "Construct". "out": 0. "type": Interned(Unit). "tag": Interned(unit). "args": {"num": []. "ptr": []}}')
debug_merge_point(0, 0, '87<main.rpyeffect:87([k@[#191]#199])>+2: {"op": "Construct". "out": 0. "type": Interned(Unit). "tag": Interned(unit). "args": {"num": []. "ptr": []}}')
debug_merge_point(0, 0, '87<main.rpyeffect:87([k@[#191]#199])>+3: {"op": "Jump". "target": 76}')
debug_merge_point(0, 0, '76<main.rpyeffect:76(Name(resume84196))>+0: {"op": "PushStack". "arg": 1}')
debug_merge_point(0, 0, '76<main.rpyeffect:76(Name(resume84196))>+1: {"op": "Return". "args": {"num": []. "ptr": [0]}}')
debug_merge_point(0, 0, '34<main.rpyeffect:34([k@[k@[then#49]#53]#56])>+0: {"op": "Const". "type": "num". "out": 0. "value": 0}')
debug_merge_point(0, 0, '34<main.rpyeffect:34([k@[k@[then#49]#53]#56])>+1: {"op": "Copy". "type": "ptr". "from": 2. "to". 0}')
debug_merge_point(0, 0, '34<main.rpyeffect:34([k@[k@[then#49]#53]#56])>+2: {"op": "Copy". "type": "ptr". "from": 3. "to". 2}')
debug_merge_point(0, 0, '34<main.rpyeffect:34([k@[k@[then#49]#53]#56])>+3: {"op": "Jump". "target": 40}')
debug_merge_point(0, 0, '40<main.rpyeffect:40(Name(parse2642))>+0: {"op": "Push". "target": 39. "args": {"num": [0]. "ptr": [1. 0. 2]}}')
debug_merge_point(0, 0, '40<main.rpyeffect:40(Name(parse2642))>+1: {"op": "Jump". "target": 30}')
+1044: setfield_gc(p61, i97, descr=<FieldS rpyeffect.region.NumRef.inst_value 8>)
+1048: p98 = new_with_vtable(descr=<SizeDescr 72>)
+1156: p99 = new_with_vtable(descr=<SizeDescr 40>)
+1168: p100 = new_with_vtable(descr=<SizeDescr 40>)
+1180: setfield_gc(p100, p88, descr=<FieldP rpyeffect.stack.MetaStackLike.inst_stack 8 pure>)
+1184: setfield_gc(p100, p69, descr=<FieldP rpyeffect.stack.MetaStack.inst_label 16 pure>)
+1188: setfield_gc(p100, ConstPtr(null), descr=<FieldP rpyeffect.stack.MetaStack.inst_region 24 pure>)
+1196: p102 = new_with_vtable(descr=<SizeDescr 40>)
+1208: setfield_gc(p102, p86, descr=<FieldP rpyeffect.stack.MetaStackLike.inst_stack 8 pure>)
+1212: setfield_gc(p102, p74, descr=<FieldP rpyeffect.stack.MetaStack.inst_label 16 pure>)
+1216: setfield_gc(p102, ConstPtr(null), descr=<FieldP rpyeffect.stack.MetaStack.inst_region 24 pure>)
+1224: p104 = new_with_vtable(descr=<SizeDescr 40>)
+1236: setfield_gc(p104, p83, descr=<FieldP rpyeffect.stack.MetaStackLike.inst_stack 8 pure>)
+1240: setfield_gc(p104, p79, descr=<FieldP rpyeffect.stack.MetaStack.inst_label 16 pure>)
+1244: setfield_gc(p104, ConstPtr(null), descr=<FieldP rpyeffect.stack.MetaStack.inst_region 24 pure>)
+1252: p106 = new_with_vtable(descr=<SizeDescr 40>)
+1264: setfield_gc(p106, p91, descr=<FieldP rpyeffect.stack.MetaStackLike.inst_stack 8 pure>)
+1268: setfield_gc(p106, p92, descr=<FieldP rpyeffect.stack.MetaStack.inst_label 16 pure>)
+1272: setfield_gc(p106, ConstPtr(null), descr=<FieldP rpyeffect.stack.MetaStack.inst_region 24 pure>)
+1280: setfield_gc(p106, p93, descr=<FieldP rpyeffect.stack.MetaStack.inst_tail 32 pure>)
+1284: setfield_gc(p104, p106, descr=<FieldP rpyeffect.stack.MetaStack.inst_tail 32 pure>)
+1288: setfield_gc(p102, p104, descr=<FieldP rpyeffect.stack.MetaStack.inst_tail 32 pure>)
+1292: setfield_gc(p100, p102, descr=<FieldP rpyeffect.stack.MetaStack.inst_tail 32 pure>)
+1296: setfield_gc(p98, 39, descr=<FieldS rpyeffect.stored_environment.Stack__arb_arb.inst_target 16 pure>)
+1304: setfield_gc(p98, p56, descr=<FieldP rpyeffect.stored_environment.Stack__arb_arb.inst_tail 8 pure>)
+1308: setfield_gc(p99, ConstPtr(null), descr=<FieldP rpyeffect.stack.MetaStack.inst_region 24 pure>)
+1316: setfield_gc(p99, p36, descr=<FieldP rpyeffect.stack.MetaStackLike.inst_stack 8 pure>)
+1324: setfield_gc(p99, p100, descr=<FieldP rpyeffect.stack.MetaStack.inst_tail 32 pure>)
+1328: setfield_gc(p99, p0, descr=<FieldP rpyeffect.stack.MetaStack.inst_label 16 pure>)
+1336: setfield_gc(p98, 0, descr=<FieldS rpyeffect.stored_environment.Stack__1_3.inst_values_num_0 40 pure>)
+1344: setfield_gc(p98, p53, descr=<FieldP rpyeffect.stored_environment.Stack__1_3.inst_values_ptr_0 48 pure>)
+1348: setfield_gc(p98, p54, descr=<FieldP rpyeffect.stored_environment.Stack__1_3.inst_values_ptr_1 56 pure>)
+1356: setfield_gc(p98, p55, descr=<FieldP rpyeffect.stored_environment.Stack__1_3.inst_values_ptr_2 64 pure>)
+1380: jump(p49, p98, p2, p99, ConstPtr(null), 0, i52, 10, i13, p54, p53, p55, p55, p24, p26, p28, descr=TargetToken(4970186336))
+1552: --end of the loop--
[672fb0] jit-log-opt-loop}
[750e4f] {jit-log-opt-bridge
# bridge out of Guard 0x12841e120 with 193 ops
[p0, i1, i2, p3, p4, p5, p6, p7, p8, p9, p10, p11, p12, p13, p14]
+296: guard_not_invalidated(descr=<Guard0x1283f2b20>) [p0, i1, i2, p3, p4, p5, p6, p7, p8, p9, p10, p11, p12, p13, p14]
debug_merge_point(0, 0, '30<main.rpyeffect:30([mcore:[#23]#40])>+0: {"op": "Invoke". "receiver": 0. "tag": Interned(%Read2653():n). "args" : {"num": []. "ptr": []}}')
+300: p15 = getfield_gc_r(p3, descr=<FieldP rpyeffect.stored_environment.CoData__arb_arb.inst_vtable 24 pure>)
+308: guard_value(p15, ConstPtr(ptr16), descr=<Guard0x12841e960>) [p0, i1, i2, p3, p4, p5, p6, p7, p8, p9, p10, p11, p12, p13, p14]
+316: i17 = getfield_gc_i(p3, descr=<FieldS rpyeffect.stored_environment.CoData__1_4.inst_values_num_0 32 pure>)
+320: p18 = getfield_gc_r(p3, descr=<FieldP rpyeffect.stored_environment.CoData__1_4.inst_values_ptr_0 40 pure>)
+320: p19 = getfield_gc_r(p3, descr=<FieldP rpyeffect.stored_environment.CoData__1_4.inst_values_ptr_1 48 pure>)
+324: p20 = getfield_gc_r(p3, descr=<FieldP rpyeffect.stored_environment.CoData__1_4.inst_values_ptr_2 56 pure>)
+328: p21 = getfield_gc_r(p3, descr=<FieldP rpyeffect.stored_environment.CoData__1_4.inst_values_ptr_3 64 pure>)
debug_merge_point(0, 0, '107<main.rpyeffect:107([#242])>+0: {"op": "Const". "type": "num". "out": 1. "value": 0}')
debug_merge_point(0, 0, '107<main.rpyeffect:107([#242])>+1: {"op": "ShiftDyn". "out": 3. "n": 1. "label": 3}')
+332: i22 = getfield_gc_i(p10, descr=<FieldS rpyeffect.stack.Label.inst_origin 8 pure>)
+336: i23 = getfield_gc_i(p21, descr=<FieldS rpyeffect.stack.Label.inst_origin 8 pure>)
+340: i24 = int_ne(i22, i23)
guard_false(i24, descr=<Guard0x12841e9a0>) [p0, i1, i2, p3, p4, p5, p6, p7, p8, p9, p10, p11, p12, p13, p14]
+348: i25 = instance_ptr_eq(p10, p21)
guard_true(i25, descr=<Guard0x12841e9e0>) [p0, i1, i2, p3, p4, p5, p6, p7, p8, p9, p10, p11, p12, p13, p14]
+356: guard_nonnull(p13, descr=<Guard0x12841ea20>) [p0, i1, i2, p3, p4, p5, p6, p7, p8, p9, p10, p11, p12, p13, p14]
+368: i26 = getfield_gc_i(p13, descr=<FieldS rpyeffect.stored_environment.Stack__arb_arb.inst_target 16 pure>)
+376: guard_value(i26, 96, descr=<Guard0x12841ea60>) [p0, i1, i2, p3, p4, p5, p6, p7, p8, p9, p10, p11, p12, p13, p14]
debug_merge_point(0, 0, '107<main.rpyeffect:107([#242])>+2: {"op": "Load". "out": 1. "type": "num". "ref": 1}')
+388: i28 = getfield_gc_i(p19, descr=<FieldS rpyeffect.region.NumRef.inst_value 8>)
debug_merge_point(0, 0, '107<main.rpyeffect:107([#242])>+3: {"op": "Push". "target": 106. "args": {"num": []. "ptr": [0. 1. 2. 3]}}')
debug_merge_point(0, 0, '107<main.rpyeffect:107([#242])>+4: {"op": "Swap". "type": "num". "a": 0. "b". 1}')
debug_merge_point(0, 0, '107<main.rpyeffect:107([#242])>+5: {"op": "Jump". "target": 10}')
debug_merge_point(0, 0, '10<main.rpyeffect:10(Name(infixGt174))>+0: {"op": "PrimOp". "name": "infixGt(Int. Int): Boolean". "out": {"num": [0]. "ptr": []}. "in": {"num": [0. 1]. "ptr": []}}')
+392: i29 = int_gt(i28, i17)
guard_false(i29, descr=<Guard0x12841eaa0>) [p0, i1, i2, p3, p4, p5, p6, p7, p8, p9, p10, p11, p12, p13, p14]
debug_merge_point(0, 0, '10<main.rpyeffect:10(Name(infixGt174))>+1: {"op": "Return". "args": {"num": [0]. "ptr": []}}')
debug_merge_point(0, 0, '106<main.rpyeffect:106([k@[#242]#250])>+0: {"op": "Swap". "type": "ptr". "a": 2. "b". 1}')
debug_merge_point(0, 0, '106<main.rpyeffect:106([k@[#242]#250])>+1: {"op": "Swap". "type": "ptr". "a": 3. "b". 1}')
debug_merge_point(0, 0, '106<main.rpyeffect:106([k@[#242]#250])>+2: {"op": "IfZero". "cond": 0. "then": {"tag": null. "target": 103. "args": {"num": []. "ptr": []}}}')
debug_merge_point(0, 0, '103<main.rpyeffect:103([then#252])>+0: {"op": "Load". "out": 0. "type": "num". "ref": 3}')
+400: i30 = getfield_gc_i(p20, descr=<FieldS rpyeffect.region.NumRef.inst_value 8>)
debug_merge_point(0, 0, '103<main.rpyeffect:103([then#252])>+1: {"op": "Const". "type": "num". "out": 1. "value": 0}')
debug_merge_point(0, 0, '103<main.rpyeffect:103([then#252])>+2: {"op": "Push". "target": 102. "args": {"num": []. "ptr": [2. 3. 1]}}')
debug_merge_point(0, 0, '103<main.rpyeffect:103([then#252])>+3: {"op": "Jump". "target": 4}')
debug_merge_point(0, 0, '4<main.rpyeffect:4(Name(infixEq71))>+0: {"op": "PrimOp". "name": "infixEq(Int. Int): Boolean". "out": {"num": [0]. "ptr": []}. "in": {"num": [0. 1]. "ptr": []}}')
+404: i32 = int_eq(i30, 0)
guard_true(i32, descr=<Guard0x12841eae0>) [p0, i1, i2, p3, p4, p5, p6, p7, p8, p9, p10, p11, p12, p13, p14]
debug_merge_point(0, 0, '4<main.rpyeffect:4(Name(infixEq71))>+1: {"op": "Return". "args": {"num": [0]. "ptr": []}}')
debug_merge_point(0, 0, '102<main.rpyeffect:102([k@[then#252]#257])>+0: {"op": "Swap". "type": "ptr". "a": 1. "b". 0}')
debug_merge_point(0, 0, '102<main.rpyeffect:102([k@[then#252]#257])>+1: {"op": "Swap". "type": "ptr". "a": 2. "b". 0}')
debug_merge_point(0, 0, '102<main.rpyeffect:102([k@[then#252]#257])>+2: {"op": "IfZero". "cond": 0. "then": {"tag": null. "target": 100. "args": {"num": []. "ptr": []}}}')
debug_merge_point(0, 0, '102<main.rpyeffect:102([k@[then#252]#257])>+3: {"op": "Load". "out": 0. "type": "num". "ref": 1}')
debug_merge_point(0, 0, '102<main.rpyeffect:102([k@[then#252]#257])>+4: {"op": "Const". "type": "num". "out": 1. "value": 1}')
debug_merge_point(0, 0, '102<main.rpyeffect:102([k@[then#252]#257])>+5: {"op": "Push". "target": 101. "args": {"num": []. "ptr": [1. 2. 0]}}')
debug_merge_point(0, 0, '102<main.rpyeffect:102([k@[then#252]#257])>+6: {"op": "Jump". "target": 6}')
debug_merge_point(0, 0, '6<main.rpyeffect:6(Name(infixAdd95))>+0: {"op": "PrimOp". "name": "infixAdd(Int. Int): Int". "out": {"num": [0]. "ptr": []}. "in": {"num": [0. 1]. "ptr": []}}')
+412: i34 = int_add(i28, 1)
debug_merge_point(0, 0, '6<main.rpyeffect:6(Name(infixAdd95))>+1: {"op": "Return". "args": {"num": [0]. "ptr": []}}')
debug_merge_point(0, 0, '101<main.rpyeffect:101([k@[k@[then#252]#257]#272])>+0: {"op": "Store". "ref": 0. "type": "num". "value": 0}')
debug_merge_point(0, 0, '101<main.rpyeffect:101([k@[k@[then#252]#257]#272])>+1: {"op": "Construct". "out": 3. "type": Interned(Unit). "tag": Interned(unit). "args": {"num": []. "ptr": []}}')
debug_merge_point(0, 0, '101<main.rpyeffect:101([k@[k@[then#252]#257]#272])>+2: {"op": "Load". "out": 0. "type": "num". "ref": 0}')
debug_merge_point(0, 0, '101<main.rpyeffect:101([k@[k@[then#252]#257]#272])>+3: {"op": "Store". "ref": 1. "type": "num". "value": 0}')
+416: setfield_gc(p19, i34, descr=<FieldS rpyeffect.region.NumRef.inst_value 8>)
debug_merge_point(0, 0, '101<main.rpyeffect:101([k@[k@[then#252]#257]#272])>+4: {"op": "Construct". "out": 0. "type": Interned(Unit). "tag": Interned(unit). "args": {"num": []. "ptr": []}}')
debug_merge_point(0, 0, '101<main.rpyeffect:101([k@[k@[then#252]#257]#272])>+5: {"op": "Const". "type": "num". "out": 0. "value": 10}')
debug_merge_point(0, 0, '101<main.rpyeffect:101([k@[k@[then#252]#257]#272])>+6: {"op": "Copy". "type": "ptr". "from": 2. "to". 0}')
debug_merge_point(0, 0, '101<main.rpyeffect:101([k@[k@[then#252]#257]#272])>+7: {"op": "Jump". "target": 78}')
debug_merge_point(0, 0, '78<main.rpyeffect:78(Name(resume1215124407))>+0: {"op": "PushStack". "arg": 0}')
debug_merge_point(0, 0, '78<main.rpyeffect:78(Name(resume1215124407))>+1: {"op": "Return". "args": {"num": [0]. "ptr": []}}')
+420: setfield_gc(p20, i34, descr=<FieldS rpyeffect.region.NumRef.inst_value 8>)
+424: guard_nonnull(p14, descr=<Guard0x1283f2b78>) [p0, i1, i2, p4, p3, p5, p7, p8, p9, p10, p14, p11, p12, p13, None]
+436: i36 = getfield_gc_i(p14, descr=<FieldS rpyeffect.stored_environment.Stack__arb_arb.inst_target 16 pure>)
+444: guard_value(i36, 97, descr=<Guard0x12841eb20>) [p0, i1, i2, p4, p3, p5, p7, p8, p9, p10, p14, p11, p12, p13, None]
debug_merge_point(0, 0, '39<main.rpyeffect:39([k@Name(parse2642)#44])>+0: {"op": "Const". "type": "num". "out": 2. "value": 36}')
debug_merge_point(0, 0, '39<main.rpyeffect:39([k@Name(parse2642)#44])>+1: {"op": "Push". "target": 38. "args": {"num": [1. 0]. "ptr": [0. 1. 2]}}')
debug_merge_point(0, 0, '39<main.rpyeffect:39([k@Name(parse2642)#44])>+2: {"op": "Copy". "type": "num". "from": 2. "to". 1}')
debug_merge_point(0, 0, '39<main.rpyeffect:39([k@Name(parse2642)#44])>+3: {"op": "Jump". "target": 4}')
debug_merge_point(0, 0, '4<main.rpyeffect:4(Name(infixEq71))>+0: {"op": "PrimOp". "name": "infixEq(Int. Int): Boolean". "out": {"num": [0]. "ptr": []}. "in": {"num": [0. 1]. "ptr": []}}')
debug_merge_point(0, 0, '4<main.rpyeffect:4(Name(infixEq71))>+1: {"op": "Return". "args": {"num": [0]. "ptr": []}}')
debug_merge_point(0, 0, '38<main.rpyeffect:38([k@[k@Name(parse2642)#44]#48])>+0: {"op": "Swap". "type": "num". "a": 0. "b". 1}')
debug_merge_point(0, 0, '38<main.rpyeffect:38([k@[k@Name(parse2642)#44]#48])>+1: {"op": "Swap". "type": "num". "a": 2. "b". 1}')
debug_merge_point(0, 0, '38<main.rpyeffect:38([k@[k@Name(parse2642)#44]#48])>+2: {"op": "Swap". "type": "ptr". "a": 2. "b". 0}')
debug_merge_point(0, 0, '38<main.rpyeffect:38([k@[k@Name(parse2642)#44]#48])>+3: {"op": "IfZero". "cond": 2. "then": {"tag": null. "target": 36. "args": {"num": []. "ptr": []}}}')
debug_merge_point(0, 0, '36<main.rpyeffect:36([then#49])>+0: {"op": "Const". "type": "num". "out": 2. "value": 10}')
debug_merge_point(0, 0, '36<main.rpyeffect:36([then#49])>+1: {"op": "Push". "target": 35. "args": {"num": [0]. "ptr": [2. 1. 0]}}')
debug_merge_point(0, 0, '36<main.rpyeffect:36([then#49])>+2: {"op": "Copy". "type": "num". "from": 1. "to". 0}')
debug_merge_point(0, 0, '36<main.rpyeffect:36([then#49])>+3: {"op": "Copy". "type": "num". "from": 2. "to". 1}')
debug_merge_point(0, 0, '36<main.rpyeffect:36([then#49])>+4: {"op": "Jump". "target": 4}')
debug_merge_point(0, 0, '4<main.rpyeffect:4(Name(infixEq71))>+0: {"op": "PrimOp". "name": "infixEq(Int. Int): Boolean". "out": {"num": [0]. "ptr": []}. "in": {"num": [0. 1]. "ptr": []}}')
debug_merge_point(0, 0, '4<main.rpyeffect:4(Name(infixEq71))>+1: {"op": "Return". "args": {"num": [0]. "ptr": []}}')
debug_merge_point(0, 0, '35<main.rpyeffect:35([k@[then#49]#53])>+0: {"op": "Swap". "type": "num". "a": 0. "b". 1}')
debug_merge_point(0, 0, '35<main.rpyeffect:35([k@[then#49]#53])>+1: {"op": "Swap". "type": "ptr". "a": 1. "b". 0}')
debug_merge_point(0, 0, '35<main.rpyeffect:35([k@[then#49]#53])>+2: {"op": "Swap". "type": "ptr". "a": 2. "b". 0}')
debug_merge_point(0, 0, '35<main.rpyeffect:35([k@[then#49]#53])>+3: {"op": "IfZero". "cond": 1. "then": {"tag": null. "target": 33. "args": {"num": []. "ptr": []}}}')
debug_merge_point(0, 0, '35<main.rpyeffect:35([k@[then#49]#53])>+4: {"op": "Push". "target": 34. "args": {"num": []. "ptr": [1. 2. 0]}}')
debug_merge_point(0, 0, '35<main.rpyeffect:35([k@[then#49]#53])>+5: {"op": "Copy". "type": "ptr". "from": 1. "to". 0}')
debug_merge_point(0, 0, '35<main.rpyeffect:35([k@[then#49]#53])>+6: {"op": "Jump". "target": 32}')
debug_merge_point(0, 0, '32<main.rpyeffect:32([mcore:[#27]#42])>+0: {"op": "Invoke". "receiver": 0. "tag": Interned(%Emit2655(n):p). "args" : {"num": [0]. "ptr": []}}')
+456: p38 = getfield_gc_r(p4, descr=<FieldP rpyeffect.stored_environment.CoData__arb_arb.inst_vtable 24 pure>)
+468: guard_value(p38, ConstPtr(ptr39), descr=<Guard0x12841eb60>) [p0, i1, i2, p4, p3, p5, p7, p8, p9, p10, p14, p11, p12, p13, None]
+476: p40 = getfield_gc_r(p4, descr=<FieldP rpyeffect.stored_environment.CoData__0_2.inst_values_ptr_0 32 pure>)
+480: p41 = getfield_gc_r(p4, descr=<FieldP rpyeffect.stored_environment.CoData__0_2.inst_values_ptr_1 40 pure>)
debug_merge_point(0, 0, '88<main.rpyeffect:88([#191])>+0: {"op": "Const". "type": "num". "out": 1. "value": 0}')
debug_merge_point(0, 0, '88<main.rpyeffect:88([#191])>+1: {"op": "ShiftDyn". "out": 1. "n": 1. "label": 1}')
+484: i42 = getfield_gc_i(p41, descr=<FieldS rpyeffect.stack.Label.inst_origin 8 pure>)
+488: i43 = int_ne(i22, i42)
guard_true(i43, descr=<Guard0x12841eba0>) [p0, i1, i2, p4, p3, p5, p7, p8, p9, p10, p14, p11, p12, p13, None]
+496: i44 = getfield_gc_i(p12, descr=<FieldS rpyeffect.stack.Label.inst_origin 8 pure>)
+504: i45 = int_ne(i44, i42)
guard_true(i45, descr=<Guard0x12841ebe0>) [p0, i1, i2, p4, p3, p5, p7, p8, p9, p10, p14, p11, p12, p13, None]
+512: p46 = getfield_gc_r(p11, descr=<FieldP rpyeffect.stack.MetaStack.inst_region 24 pure>)
+520: guard_isnull(p46, descr=<Guard0x12841ec20>) [p0, i1, i2, p4, p3, p5, p7, p8, p9, p10, p14, p11, p12, p13, None]
+528: p47 = getfield_gc_r(p11, descr=<FieldP rpyeffect.stack.MetaStack.inst_label 16 pure>)
+532: i48 = getfield_gc_i(p47, descr=<FieldS rpyeffect.stack.Label.inst_origin 8 pure>)
+536: i49 = int_ne(i48, i42)
guard_true(i49, descr=<Guard0x12841ec60>) [p0, i1, i2, p4, p3, p5, p7, p8, p9, p10, p14, p11, p12, p13, None]
+544: p50 = getfield_gc_r(p11, descr=<FieldP rpyeffect.stack.MetaStack.inst_tail 32 pure>)
+548: p51 = getfield_gc_r(p50, descr=<FieldP rpyeffect.stack.MetaStack.inst_region 24 pure>)
+552: guard_isnull(p51, descr=<Guard0x12841eca0>) [p0, i1, i2, p4, p3, p5, p7, p8, p9, p10, p14, p11, p12, p13, None]
+560: p52 = getfield_gc_r(p50, descr=<FieldP rpyeffect.stack.MetaStack.inst_label 16 pure>)
+564: i53 = getfield_gc_i(p52, descr=<FieldS rpyeffect.stack.Label.inst_origin 8 pure>)
+568: i54 = int_ne(i53, i42)
guard_true(i54, descr=<Guard0x12841ece0>) [p0, i1, i2, p4, p3, p5, p7, p8, p9, p10, p14, p11, p12, p13, None]
+576: p55 = getfield_gc_r(p50, descr=<FieldP rpyeffect.stack.MetaStack.inst_tail 32 pure>)
+580: p56 = getfield_gc_r(p55, descr=<FieldP rpyeffect.stack.MetaStack.inst_region 24 pure>)
+584: guard_isnull(p56, descr=<Guard0x12841ed20>) [p0, i1, i2, p4, p3, p5, p7, p8, p9, p10, p14, p11, p12, p13, None]
+592: p57 = getfield_gc_r(p55, descr=<FieldP rpyeffect.stack.MetaStack.inst_label 16 pure>)
+596: i58 = getfield_gc_i(p57, descr=<FieldS rpyeffect.stack.Label.inst_origin 8 pure>)
+604: i59 = int_ne(i58, i42)
guard_false(i59, descr=<Guard0x12841ed60>) [p0, i1, i2, p4, p3, p5, p7, p8, p9, p10, p14, p11, p12, p13, None]
+612: i60 = instance_ptr_eq(p57, p41)
guard_true(i60, descr=<Guard0x12841eda0>) [p0, i1, i2, p4, p3, p5, p7, p8, p9, p10, p14, p11, p12, p13, None]
+620: p61 = getfield_gc_r(p55, descr=<FieldP rpyeffect.stack.MetaStackLike.inst_stack 8 pure>)
+624: guard_class(p55, 4371656392, descr=<Guard0x12841ede0>) [p0, i1, i2, p4, p3, p5, p7, p8, p9, p10, p14, p11, p12, p13, None]
+640: p63 = getfield_gc_r(p55, descr=<FieldP rpyeffect.stack.MetaStack.inst_tail 32 pure>)
+644: p64 = getfield_gc_r(p50, descr=<FieldP rpyeffect.stack.MetaStackLike.inst_stack 8 pure>)
+648: guard_class(p50, 4371656392, descr=<Guard0x12841ee20>) [p0, i1, i2, p4, p3, p5, p7, p8, p9, p10, p14, p11, p12, p13, None]
+664: p66 = getfield_gc_r(p11, descr=<FieldP rpyeffect.stack.MetaStackLike.inst_stack 8 pure>)
+668: guard_class(p11, 4371656392, descr=<Guard0x12841ee60>) [p0, i1, i2, p4, p3, p5, p7, p8, p9, p10, p14, p11, p12, p13, None]
+684: guard_nonnull_class(p63, 4371656392, descr=<Guard0x1283f2bd0>) [p0, i1, i2, p4, p3, p5, p7, p8, p9, p10, p14, p11, p12, p13, None]
+708: p69 = getfield_gc_r(p63, descr=<FieldP rpyeffect.stack.MetaStackLike.inst_stack 8 pure>)
+712: p70 = getfield_gc_r(p63, descr=<FieldP rpyeffect.stack.MetaStack.inst_label 16 pure>)
+716: p71 = getfield_gc_r(p63, descr=<FieldP rpyeffect.stack.MetaStack.inst_tail 32 pure>)
+720: guard_nonnull(p69, descr=<Guard0x12841eea0>) [p0, i1, i2, p4, p3, p5, p7, p8, p9, p10, p14, p11, p12, p13, None]
+728: i72 = getfield_gc_i(p69, descr=<FieldS rpyeffect.stored_environment.Stack__arb_arb.inst_target 16 pure>)
+736: guard_value(i72, 84, descr=<Guard0x12841eee0>) [p0, i1, i2, p4, p3, p5, p7, p8, p9, p10, p14, p11, p12, p13, None]
debug_merge_point(0, 0, '88<main.rpyeffect:88([#191])>+2: {"op": "Load". "out": 1. "type": "num". "ref": 0}')
+748: i74 = getfield_gc_i(p40, descr=<FieldS rpyeffect.region.NumRef.inst_value 8>)
debug_merge_point(0, 0, '88<main.rpyeffect:88([#191])>+3: {"op": "Push". "target": 87. "args": {"num": []. "ptr": [0. 1]}}')
debug_merge_point(0, 0, '88<main.rpyeffect:88([#191])>+4: {"op": "Swap". "type": "num". "a": 0. "b". 1}')
debug_merge_point(0, 0, '88<main.rpyeffect:88([#191])>+5: {"op": "Jump". "target": 6}')
debug_merge_point(0, 0, '6<main.rpyeffect:6(Name(infixAdd95))>+0: {"op": "PrimOp". "name": "infixAdd(Int. Int): Int". "out": {"num": [0]. "ptr": []}. "in": {"num": [0. 1]. "ptr": []}}')
+752: i75 = int_add(i74, i1)
debug_merge_point(0, 0, '6<main.rpyeffect:6(Name(infixAdd95))>+1: {"op": "Return". "args": {"num": [0]. "ptr": []}}')
debug_merge_point(0, 0, '87<main.rpyeffect:87([k@[#191]#199])>+0: {"op": "Store". "ref": 0. "type": "num". "value": 0}')
debug_merge_point(0, 0, '87<main.rpyeffect:87([k@[#191]#199])>+1: {"op": "Construct". "out": 0. "type": Interned(Unit). "tag": Interned(unit). "args": {"num": []. "ptr": []}}')
debug_merge_point(0, 0, '87<main.rpyeffect:87([k@[#191]#199])>+2: {"op": "Construct". "out": 0. "type": Interned(Unit). "tag": Interned(unit). "args": {"num": []. "ptr": []}}')
debug_merge_point(0, 0, '87<main.rpyeffect:87([k@[#191]#199])>+3: {"op": "Jump". "target": 76}')
debug_merge_point(0, 0, '76<main.rpyeffect:76(Name(resume84196))>+0: {"op": "PushStack". "arg": 1}')
debug_merge_point(0, 0, '76<main.rpyeffect:76(Name(resume84196))>+1: {"op": "Return". "args": {"num": []. "ptr": [0]}}')
debug_merge_point(0, 0, '34<main.rpyeffect:34([k@[k@[then#49]#53]#56])>+0: {"op": "Const". "type": "num". "out": 0. "value": 0}')
debug_merge_point(0, 0, '34<main.rpyeffect:34([k@[k@[then#49]#53]#56])>+1: {"op": "Copy". "type": "ptr". "from": 2. "to". 0}')
debug_merge_point(0, 0, '34<main.rpyeffect:34([k@[k@[then#49]#53]#56])>+2: {"op": "Copy". "type": "ptr". "from": 3. "to". 2}')
debug_merge_point(0, 0, '34<main.rpyeffect:34([k@[k@[then#49]#53]#56])>+3: {"op": "Jump". "target": 40}')
debug_merge_point(0, 0, '40<main.rpyeffect:40(Name(parse2642))>+0: {"op": "Push". "target": 39. "args": {"num": [0]. "ptr": [1. 0. 2]}}')
debug_merge_point(0, 0, '40<main.rpyeffect:40(Name(parse2642))>+1: {"op": "Jump". "target": 30}')
+756: setfield_gc(p40, i75, descr=<FieldS rpyeffect.region.NumRef.inst_value 8>)
+760: p76 = new_with_vtable(descr=<SizeDescr 72>)
+872: p77 = new_with_vtable(descr=<SizeDescr 40>)
+884: p78 = new_with_vtable(descr=<SizeDescr 40>)
+900: setfield_gc(p78, p66, descr=<FieldP rpyeffect.stack.MetaStackLike.inst_stack 8 pure>)
+904: setfield_gc(p78, p47, descr=<FieldP rpyeffect.stack.MetaStack.inst_label 16 pure>)
+908: setfield_gc(p78, ConstPtr(null), descr=<FieldP rpyeffect.stack.MetaStack.inst_region 24 pure>)
+916: p80 = new_with_vtable(descr=<SizeDescr 40>)
+928: setfield_gc(p80, p64, descr=<FieldP rpyeffect.stack.MetaStackLike.inst_stack 8 pure>)
+932: setfield_gc(p80, p52, descr=<FieldP rpyeffect.stack.MetaStack.inst_label 16 pure>)
+936: setfield_gc(p80, ConstPtr(null), descr=<FieldP rpyeffect.stack.MetaStack.inst_region 24 pure>)
+944: p82 = new_with_vtable(descr=<SizeDescr 40>)
+956: setfield_gc(p82, p61, descr=<FieldP rpyeffect.stack.MetaStackLike.inst_stack 8 pure>)
+960: setfield_gc(p82, p57, descr=<FieldP rpyeffect.stack.MetaStack.inst_label 16 pure>)
+964: setfield_gc(p82, ConstPtr(null), descr=<FieldP rpyeffect.stack.MetaStack.inst_region 24 pure>)
+972: p84 = new_with_vtable(descr=<SizeDescr 40>)
+984: setfield_gc(p84, p69, descr=<FieldP rpyeffect.stack.MetaStackLike.inst_stack 8 pure>)
+988: setfield_gc(p84, p70, descr=<FieldP rpyeffect.stack.MetaStack.inst_label 16 pure>)
+992: setfield_gc(p84, ConstPtr(null), descr=<FieldP rpyeffect.stack.MetaStack.inst_region 24 pure>)
+1000: setfield_gc(p84, p71, descr=<FieldP rpyeffect.stack.MetaStack.inst_tail 32 pure>)
+1008: setfield_gc(p82, p84, descr=<FieldP rpyeffect.stack.MetaStack.inst_tail 32 pure>)
+1012: setfield_gc(p80, p82, descr=<FieldP rpyeffect.stack.MetaStack.inst_tail 32 pure>)
+1016: setfield_gc(p78, p80, descr=<FieldP rpyeffect.stack.MetaStack.inst_tail 32 pure>)
+1020: setfield_gc(p76, 39, descr=<FieldS rpyeffect.stored_environment.Stack__arb_arb.inst_target 16 pure>)
+1028: setfield_gc(p77, ConstPtr(null), descr=<FieldP rpyeffect.stack.MetaStack.inst_region 24 pure>)
+1036: setfield_gc(p77, p12, descr=<FieldP rpyeffect.stack.MetaStack.inst_label 16 pure>)
+1040: setfield_gc(p77, p78, descr=<FieldP rpyeffect.stack.MetaStack.inst_tail 32 pure>)
+1044: setfield_gc(p77, p13, descr=<FieldP rpyeffect.stack.MetaStackLike.inst_stack 8 pure>)
+1048: setfield_gc(p76, p14, descr=<FieldP rpyeffect.stored_environment.Stack__arb_arb.inst_tail 8 pure>)
+1052: setfield_gc(p76, 0, descr=<FieldS rpyeffect.stored_environment.Stack__1_3.inst_values_num_0 40 pure>)
+1060: setfield_gc(p76, p4, descr=<FieldP rpyeffect.stored_environment.Stack__1_3.inst_values_ptr_0 48 pure>)
+1064: setfield_gc(p76, p3, descr=<FieldP rpyeffect.stored_environment.Stack__1_3.inst_values_ptr_1 56 pure>)
+1072: setfield_gc(p76, p5, descr=<FieldP rpyeffect.stored_environment.Stack__1_3.inst_values_ptr_2 64 pure>)
+1096: jump(p10, p76, p0, p77, ConstPtr(null), 0, i1, 10, i2, p3, p4, p5, p5, p7, p8, p9, descr=TargetToken(4970186336))
+1172: --end of the loop--
[77024f] jit-log-opt-bridge}
[194553f3] {jit-summary
Tracing:      	3	0.002206
Backend:      	3	0.000555
TOTAL:      		0.421205
ops:             	9657
heapcached ops:  	1453
recorded ops:    	1806
  calls:         	268
guards:          	385
opt ops:         	570
opt guards:      	81
opt guards shared:	70
forcings:        	0
abort: trace too long:	0
abort: compiling:	0
abort: vable escape:	0
abort: bad loop: 	0
abort: force quasi-immut:	0
abort: segmenting trace:	0
virtualizables forced:	0
nvirtuals:       	8
nvholes:         	0
nvreused:        	0
vecopt tried:    	0
vecopt success:  	0
Total # of loops:	2
Total # of bridges:	1
Freed # of loops:	0
Freed # of bridges:	0
[19457f68] jit-summary}
