[46543b] {jit-log-opt-loop
# Loop 1 (38<main.rpyeffect:38([match_Cons1052@Name(product2633)#55])>+3: {"op": "Jump", "target": 4}) : loop with 77 ops
[p0, p1, p2, p3, p4]
+248: p5 = getfield_gc_r(p2, descr=<FieldP rpyeffect.environment.Environment.inst_values_num 16>)
+256: i7 = getarrayitem_gc_i(p5, 0, descr=<ArrayS 8>)
+260: i9 = getarrayitem_gc_i(p5, 1, descr=<ArrayS 8>)
+264: i11 = getarrayitem_gc_i(p5, 2, descr=<ArrayS 8>)
+268: i13 = getarrayitem_gc_i(p5, 3, descr=<ArrayS 8>)
+272: p14 = getfield_gc_r(p2, descr=<FieldP rpyeffect.environment.Environment.inst_values_ptr 24>)
+276: p16 = getarrayitem_gc_r(p14, 0, descr=<ArrayP 8>)
+280: p18 = getarrayitem_gc_r(p14, 1, descr=<ArrayP 8>)
+284: p20 = getarrayitem_gc_r(p14, 2, descr=<ArrayP 8>)
+288: p22 = getarrayitem_gc_r(p14, 3, descr=<ArrayP 8>)
+292: p24 = getarrayitem_gc_r(p14, 4, descr=<ArrayP 8>)
+296: label(p0, p1, p2, p3, p4, i7, i9, i11, i13, p16, p18, p20, p22, p24, descr=TargetToken(4970121200))
debug_merge_point(0, 0, '38<main.rpyeffect:38([match_Cons1052@Name(product2633)#55])>+3: {"op": "Jump". "target": 4}')
+324: guard_not_invalidated(descr=<Guard0x1283ec650>) [p2, i7, i9, i11, i13, p16, p18, p20, p22, p24, p0, p1, p3, p4]
+328: guard_nonnull(p1, descr=<Guard0x1283eee60>) [p2, i7, i9, i11, i13, p16, p18, p20, p22, p24, p0, p1, p3, p4]
+340: i25 = getfield_gc_i(p1, descr=<FieldS rpyeffect.stored_environment.Stack__arb_arb.inst_target 16 pure>)
+348: guard_value(i25, 37, descr=<Guard0x1283eeea0>) [p2, i7, i9, i11, i13, p16, p18, p20, p22, p24, p0, p1, p3, p4]
debug_merge_point(0, 0, '4<main.rpyeffect:4(Name(infixEq71))>+0: {"op": "PrimOp". "name": "infixEq(Int. Int): Boolean". "out": {"num": [0]. "ptr": []}. "in": {"num": [0. 1]. "ptr": []}}')
+360: i27 = int_eq(i7, i9)
guard_false(i27, descr=<Guard0x1283eeee0>) [p2, i7, i9, i11, i13, p16, p18, p20, p22, p24, p0, p1, p3, p4]
debug_merge_point(0, 0, '4<main.rpyeffect:4(Name(infixEq71))>+1: {"op": "Return". "args": {"num": [0]. "ptr": []}}')
+368: i28 = getfield_gc_i(p1, descr=<FieldS rpyeffect.stored_environment.Stack__1_2.inst_values_num_0 40 pure>)
+372: p29 = getfield_gc_r(p1, descr=<FieldP rpyeffect.stored_environment.Stack__1_2.inst_values_ptr_0 48 pure>)
+376: p30 = getfield_gc_r(p1, descr=<FieldP rpyeffect.stored_environment.Stack__1_2.inst_values_ptr_1 56 pure>)
+380: p31 = getfield_gc_r(p1, descr=<FieldP rpyeffect.stored_environment.Stack__arb_arb.inst_tail 8 pure>)
debug_merge_point(0, 0, '37<main.rpyeffect:37([k@[match_Cons1052@Name(product2633)#55]#61])>+0: {"op": "IfZero". "cond": 0. "then": {"tag": null. "target": 36. "args": {"num": []. "ptr": []}}}')
+384: guard_nonnull(p31, descr=<Guard0x1283eef20>) [p2, i7, i9, i11, i13, p16, p18, p20, p22, p24, p0, p1, p3, p4]
+392: i32 = getfield_gc_i(p31, descr=<FieldS rpyeffect.stored_environment.Stack__arb_arb.inst_target 16 pure>)
+396: guard_value(i32, 30, descr=<Guard0x1283eef60>) [p2, i7, i9, i11, i13, p16, p18, p20, p22, p24, p0, p1, p3, p4]
debug_merge_point(0, 0, '36<main.rpyeffect:36([then#63])>+0: {"op": "Push". "target": 35. "args": {"num": [1]. "ptr": []}}')
debug_merge_point(0, 0, '36<main.rpyeffect:36([then#63])>+1: {"op": "Swap". "type": "ptr". "a": 1. "b". 0}')
debug_merge_point(0, 0, '36<main.rpyeffect:36([then#63])>+2: {"op": "Jump". "target": 31}')
debug_merge_point(0, 0, '31<main.rpyeffect:31([mcore:[eta-expanded fn#103]#41])>+0: {"op": "Push". "target": 30. "args": {"num": []. "ptr": []}}')
debug_merge_point(0, 0, '31<main.rpyeffect:31([mcore:[eta-expanded fn#103]#41])>+1: {"op": "Jump". "target": 39}')
debug_merge_point(0, 0, '39<main.rpyeffect:39(Name(product2633))>+0: {"op": "Swap". "type": "ptr". "a": 1. "b". 0}')
debug_merge_point(0, 0, '39<main.rpyeffect:39(Name(product2633))>+1: {"op": "Match". "type": Interned(List867). "scrutinee": 1. "clauses": [{"tag": Interned(Nil1051). "target": 33. "args": {"num": []. "ptr": []}}. {"tag": Interned(Cons1052). "target": 38. "args": {"num": []. "ptr": [1. 2]}}]. "default": {"tag": Interned(e7ee60f4-870d-42e7-bf94-aaad8d6b9d16#[Missing Tag#354]). "target": 32. "args": {"num": []. "ptr": []}}}')
+408: p34 = getfield_gc_r(p30, descr=<FieldP rpyeffect.stored_environment.Data__arb_arb.inst_tag 8>)
+416: guard_value(p34, ConstPtr(ptr35), descr=<Guard0x1283eefa0>) [p2, i7, i9, i11, i13, p16, p18, p20, p22, p24, p0, p1, p3, p4]
+424: p36 = getfield_gc_r(p30, descr=<FieldP rpyeffect.stored_environment.Data__0_2.inst_values_ptr_0 32 pure>)
+428: p37 = getfield_gc_r(p30, descr=<FieldP rpyeffect.stored_environment.Data__0_2.inst_values_ptr_1 40 pure>)
debug_merge_point(0, 0, '38<main.rpyeffect:38([match_Cons1052@Name(product2633)#55])>+0: {"op": "PrimOp". "name": "unbox(Ptr): Num". "out": {"num": [0]. "ptr": []}. "in": {"num": []. "ptr": [1]}}')
+432: i38 = getfield_gc_i(p36, descr=<FieldS rpyeffect.region.NumBox.inst_value 8 pure>)
debug_merge_point(0, 0, '38<main.rpyeffect:38([match_Cons1052@Name(product2633)#55])>+1: {"op": "Const". "type": "num". "out": 1. "value": 0}')
debug_merge_point(0, 0, '38<main.rpyeffect:38([match_Cons1052@Name(product2633)#55])>+2: {"op": "Push". "target": 37. "args": {"num": [0]. "ptr": [0. 2]}}')
debug_merge_point(0, 0, '38<main.rpyeffect:38([match_Cons1052@Name(product2633)#55])>+3: {"op": "Jump". "target": 4}')
+436: label(p0, p31, i28, i38, p29, p37, p2, p3, p4, i11, i13, p36, p22, p24, descr=TargetToken(4970121280))
debug_merge_point(0, 0, '38<main.rpyeffect:38([match_Cons1052@Name(product2633)#55])>+3: {"op": "Jump". "target": 4}')
+444: guard_not_invalidated(descr=<Guard0x1283ec6a8>) [p2, i38, i11, i13, p29, p36, p37, p22, p24, p0, p3, p4, i28, p31]
debug_merge_point(0, 0, '4<main.rpyeffect:4(Name(infixEq71))>+0: {"op": "PrimOp". "name": "infixEq(Int. Int): Boolean". "out": {"num": [0]. "ptr": []}. "in": {"num": [0. 1]. "ptr": []}}')
+448: i40 = int_eq(i38, 0)
guard_false(i40, descr=<Guard0x1283eefe0>) [p2, i38, i11, i13, p29, p36, p37, p22, p24, p0, p3, p4, i28, p31]
debug_merge_point(0, 0, '4<main.rpyeffect:4(Name(infixEq71))>+1: {"op": "Return". "args": {"num": [0]. "ptr": []}}')
debug_merge_point(0, 0, '37<main.rpyeffect:37([k@[match_Cons1052@Name(product2633)#55]#61])>+0: {"op": "IfZero". "cond": 0. "then": {"tag": null. "target": 36. "args": {"num": []. "ptr": []}}}')
debug_merge_point(0, 0, '36<main.rpyeffect:36([then#63])>+0: {"op": "Push". "target": 35. "args": {"num": [1]. "ptr": []}}')
debug_merge_point(0, 0, '36<main.rpyeffect:36([then#63])>+1: {"op": "Swap". "type": "ptr". "a": 1. "b". 0}')
debug_merge_point(0, 0, '36<main.rpyeffect:36([then#63])>+2: {"op": "Jump". "target": 31}')
debug_merge_point(0, 0, '31<main.rpyeffect:31([mcore:[eta-expanded fn#103]#41])>+0: {"op": "Push". "target": 30. "args": {"num": []. "ptr": []}}')
debug_merge_point(0, 0, '31<main.rpyeffect:31([mcore:[eta-expanded fn#103]#41])>+1: {"op": "Jump". "target": 39}')
debug_merge_point(0, 0, '39<main.rpyeffect:39(Name(product2633))>+0: {"op": "Swap". "type": "ptr". "a": 1. "b". 0}')
debug_merge_point(0, 0, '39<main.rpyeffect:39(Name(product2633))>+1: {"op": "Match". "type": Interned(List867). "scrutinee": 1. "clauses": [{"tag": Interned(Nil1051). "target": 33. "args": {"num": []. "ptr": []}}. {"tag": Interned(Cons1052). "target": 38. "args": {"num": []. "ptr": [1. 2]}}]. "default": {"tag": Interned(e7ee60f4-870d-42e7-bf94-aaad8d6b9d16#[Missing Tag#354]). "target": 32. "args": {"num": []. "ptr": []}}}')
+456: p41 = getfield_gc_r(p37, descr=<FieldP rpyeffect.stored_environment.Data__arb_arb.inst_tag 8>)
+464: guard_value(p41, ConstPtr(ptr42), descr=<Guard0x1283ef020>) [p2, i38, i11, i13, p29, p36, p37, p22, p24, p0, p3, p4, i28, p31]
+472: p43 = getfield_gc_r(p37, descr=<FieldP rpyeffect.stored_environment.Data__0_2.inst_values_ptr_0 32 pure>)
+476: p44 = getfield_gc_r(p37, descr=<FieldP rpyeffect.stored_environment.Data__0_2.inst_values_ptr_1 40 pure>)
debug_merge_point(0, 0, '38<main.rpyeffect:38([match_Cons1052@Name(product2633)#55])>+0: {"op": "PrimOp". "name": "unbox(Ptr): Num". "out": {"num": [0]. "ptr": []}. "in": {"num": []. "ptr": [1]}}')
+480: i45 = getfield_gc_i(p43, descr=<FieldS rpyeffect.region.NumBox.inst_value 8 pure>)
debug_merge_point(0, 0, '38<main.rpyeffect:38([match_Cons1052@Name(product2633)#55])>+1: {"op": "Const". "type": "num". "out": 1. "value": 0}')
debug_merge_point(0, 0, '38<main.rpyeffect:38([match_Cons1052@Name(product2633)#55])>+2: {"op": "Push". "target": 37. "args": {"num": [0]. "ptr": [0. 2]}}')
debug_merge_point(0, 0, '38<main.rpyeffect:38([match_Cons1052@Name(product2633)#55])>+3: {"op": "Jump". "target": 4}')
+484: p46 = new_with_vtable(descr=<SizeDescr 40>)
+592: p47 = new_with_vtable(descr=<SizeDescr 48>)
+604: setfield_gc(p47, p31, descr=<FieldP rpyeffect.stored_environment.Stack__arb_arb.inst_tail 8 pure>)
+608: setfield_gc(p47, 35, descr=<FieldS rpyeffect.stored_environment.Stack__arb_arb.inst_target 16 pure>)
+616: setfield_gc(p47, i28, descr=<FieldS rpyeffect.stored_environment.Stack__1_0.inst_values_num_0 40 pure>)
+620: setfield_gc(p46, 30, descr=<FieldS rpyeffect.stored_environment.Stack__arb_arb.inst_target 16 pure>)
+628: setfield_gc(p46, p47, descr=<FieldP rpyeffect.stored_environment.Stack__arb_arb.inst_tail 8 pure>)
+664: jump(p0, p46, i38, i45, p29, p44, p2, p3, p4, i11, i13, p43, p22, p24, descr=TargetToken(4970121280))
+684: --end of the loop--
[47d840] jit-log-opt-loop}
[5001c5] {jit-log-opt-loop
# Loop 2 (36<main.rpyeffect:36([then#63])>+1: {"op": "Swap", "type": "ptr", "a": 1, "b", 0}) : entry bridge with 40 ops
[p0, p1, p2, p3, p4]
+200: p5 = getfield_gc_r(p2, descr=<FieldP rpyeffect.environment.Environment.inst_values_num 16>)
+208: i7 = getarrayitem_gc_i(p5, 0, descr=<ArrayS 8>)
+212: i9 = getarrayitem_gc_i(p5, 1, descr=<ArrayS 8>)
+216: i11 = getarrayitem_gc_i(p5, 2, descr=<ArrayS 8>)
+220: i13 = getarrayitem_gc_i(p5, 3, descr=<ArrayS 8>)
+224: p14 = getfield_gc_r(p2, descr=<FieldP rpyeffect.environment.Environment.inst_values_ptr 24>)
+228: p16 = getarrayitem_gc_r(p14, 0, descr=<ArrayP 8>)
+232: p18 = getarrayitem_gc_r(p14, 1, descr=<ArrayP 8>)
+236: p20 = getarrayitem_gc_r(p14, 2, descr=<ArrayP 8>)
+240: p22 = getarrayitem_gc_r(p14, 3, descr=<ArrayP 8>)
+244: p24 = getarrayitem_gc_r(p14, 4, descr=<ArrayP 8>)
debug_merge_point(0, 0, '36<main.rpyeffect:36([then#63])>+1: {"op": "Swap". "type": "ptr". "a": 1. "b". 0}')
+248: guard_not_invalidated(descr=<Guard0x1283ec758>) [p2, i7, i9, i11, i13, p16, p18, p20, p22, p24, p0, p1, p3, p4]
debug_merge_point(0, 0, '36<main.rpyeffect:36([then#63])>+2: {"op": "Jump". "target": 31}')
+252: guard_nonnull(p1, descr=<Guard0x1283ef460>) [p2, i7, i9, i11, i13, p16, p18, p20, p22, p24, p0, p1, p3, p4]
+264: i25 = getfield_gc_i(p1, descr=<FieldS rpyeffect.stored_environment.Stack__arb_arb.inst_target 16 pure>)
+272: guard_value(i25, 35, descr=<Guard0x1283ef4a0>) [p2, i7, i9, i11, i13, p16, p18, p20, p22, p24, p0, p1, p3, p4]
debug_merge_point(0, 0, '31<main.rpyeffect:31([mcore:[eta-expanded fn#103]#41])>+0: {"op": "Push". "target": 30. "args": {"num": []. "ptr": []}}')
debug_merge_point(0, 0, '31<main.rpyeffect:31([mcore:[eta-expanded fn#103]#41])>+1: {"op": "Jump". "target": 39}')
debug_merge_point(0, 0, '39<main.rpyeffect:39(Name(product2633))>+0: {"op": "Swap". "type": "ptr". "a": 1. "b". 0}')
debug_merge_point(0, 0, '39<main.rpyeffect:39(Name(product2633))>+1: {"op": "Match". "type": Interned(List867). "scrutinee": 1. "clauses": [{"tag": Interned(Nil1051). "target": 33. "args": {"num": []. "ptr": []}}. {"tag": Interned(Cons1052). "target": 38. "args": {"num": []. "ptr": [1. 2]}}]. "default": {"tag": Interned(e7ee60f4-870d-42e7-bf94-aaad8d6b9d16#[Missing Tag#354]). "target": 32. "args": {"num": []. "ptr": []}}}')
+284: p27 = getfield_gc_r(p18, descr=<FieldP rpyeffect.stored_environment.Data__arb_arb.inst_tag 8>)
+292: guard_value(p27, ConstPtr(ptr28), descr=<Guard0x1283ef4e0>) [p2, i7, i9, i11, i13, p16, p18, p20, p22, p24, p0, p1, p3, p4]
+300: p29 = getfield_gc_r(p18, descr=<FieldP rpyeffect.stored_environment.Data__0_2.inst_values_ptr_0 32 pure>)
+304: p30 = getfield_gc_r(p18, descr=<FieldP rpyeffect.stored_environment.Data__0_2.inst_values_ptr_1 40 pure>)
debug_merge_point(0, 0, '38<main.rpyeffect:38([match_Cons1052@Name(product2633)#55])>+0: {"op": "PrimOp". "name": "unbox(Ptr): Num". "out": {"num": [0]. "ptr": []}. "in": {"num": []. "ptr": [1]}}')
+308: i31 = getfield_gc_i(p29, descr=<FieldS rpyeffect.region.NumBox.inst_value 8 pure>)
debug_merge_point(0, 0, '38<main.rpyeffect:38([match_Cons1052@Name(product2633)#55])>+1: {"op": "Const". "type": "num". "out": 1. "value": 0}')
debug_merge_point(0, 0, '38<main.rpyeffect:38([match_Cons1052@Name(product2633)#55])>+2: {"op": "Push". "target": 37. "args": {"num": [0]. "ptr": [0. 2]}}')
debug_merge_point(0, 0, '38<main.rpyeffect:38([match_Cons1052@Name(product2633)#55])>+3: {"op": "Jump". "target": 4}')
+312: p32 = new_with_vtable(descr=<SizeDescr 64>)
+424: p33 = new_with_vtable(descr=<SizeDescr 40>)
+436: setfield_gc(p33, p1, descr=<FieldP rpyeffect.stored_environment.Stack__arb_arb.inst_tail 8 pure>)
+440: setfield_gc(p33, 30, descr=<FieldS rpyeffect.stored_environment.Stack__arb_arb.inst_target 16 pure>)
+448: setfield_gc(p32, 37, descr=<FieldS rpyeffect.stored_environment.Stack__arb_arb.inst_target 16 pure>)
+456: setfield_gc(p32, p33, descr=<FieldP rpyeffect.stored_environment.Stack__arb_arb.inst_tail 8 pure>)
+460: setfield_gc(p32, i31, descr=<FieldS rpyeffect.stored_environment.Stack__1_2.inst_values_num_0 40 pure>)
+464: setfield_gc(p32, p16, descr=<FieldP rpyeffect.stored_environment.Stack__1_2.inst_values_ptr_0 48 pure>)
+468: setfield_gc(p32, p30, descr=<FieldP rpyeffect.stored_environment.Stack__1_2.inst_values_ptr_1 56 pure>)
+504: jump(p0, p32, p2, p3, p4, i31, 0, i11, i13, p16, p29, p30, p22, p24, descr=TargetToken(4970121200))
+628: --end of the loop--
[507d4e] jit-log-opt-loop}
[6a548a] {jit-log-opt-bridge
# bridge out of Guard 0x1283eefe0 with 113 ops
[p0, i1, i2, i3, p4, p5, p6, p7, p8, p9, p10, p11, i12, p13]
+216: guard_not_invalidated(descr=<Guard0x1283ec7b0>) [p0, i1, i2, i3, p4, p5, p6, p7, p8, p9, p10, p11, i12, p13]
debug_merge_point(0, 0, '4<main.rpyeffect:4(Name(infixEq71))>+0: {"op": "PrimOp". "name": "infixEq(Int. Int): Boolean". "out": {"num": [0]. "ptr": []}. "in": {"num": [0. 1]. "ptr": []}}')
+220: i15 = int_eq(i1, 0)
guard_true(i15, descr=<Guard0x1283efee0>) [p0, i1, i2, i3, p4, p5, p6, p7, p8, p9, p10, p11, i12, p13]
debug_merge_point(0, 0, '4<main.rpyeffect:4(Name(infixEq71))>+1: {"op": "Return". "args": {"num": [0]. "ptr": []}}')
debug_merge_point(0, 0, '37<main.rpyeffect:37([k@[match_Cons1052@Name(product2633)#55]#61])>+0: {"op": "IfZero". "cond": 0. "then": {"tag": null. "target": 36. "args": {"num": []. "ptr": []}}}')
debug_merge_point(0, 0, '37<main.rpyeffect:37([k@[match_Cons1052@Name(product2633)#55]#61])>+1: {"op": "Const". "type": "num". "out": 0. "value": 0}')
debug_merge_point(0, 0, '37<main.rpyeffect:37([k@[match_Cons1052@Name(product2633)#55]#61])>+2: {"op": "Jump". "target": 29}')
debug_merge_point(0, 0, '29<main.rpyeffect:29([mcore:[#27]#40])>+0: {"op": "Invoke". "receiver": 0. "tag": Interned(%done2643(n):p). "args" : {"num": [0]. "ptr": []}}')
+228: p16 = getfield_gc_r(p4, descr=<FieldP rpyeffect.stored_environment.CoData__arb_arb.inst_vtable 24 pure>)
+240: guard_value(p16, ConstPtr(ptr17), descr=<Guard0x1283eff20>) [p0, i1, i2, i3, p4, p5, p6, p7, p8, p9, p10, p11, i12, p13]
+248: p18 = getfield_gc_r(p4, descr=<FieldP rpyeffect.stored_environment.CoData__0_1.inst_values_ptr_0 32 pure>)
debug_merge_point(0, 0, '53<main.rpyeffect:53([method_%done2643(n):p@[then#105]#120])>+0: {"op": "Const". "type": "num". "out": 1. "value": 0}')
debug_merge_point(0, 0, '53<main.rpyeffect:53([method_%done2643(n):p@[then#105]#120])>+1: {"op": "ShiftDyn". "out": 0. "n": 1. "label": 0}')
+252: guard_isnull(p11, descr=<Guard0x1283eff60>) [p0, i1, i2, i3, p4, p5, p6, p7, p8, p9, p10, p11, i12, p13]
+264: i19 = getfield_gc_i(p9, descr=<FieldS rpyeffect.stack.Label.inst_origin 8 pure>)
+272: i20 = getfield_gc_i(p18, descr=<FieldS rpyeffect.stack.Label.inst_origin 8 pure>)
+276: i21 = int_ne(i19, i20)
guard_false(i21, descr=<Guard0x1283effa0>) [p0, i1, i2, i3, p4, p5, p6, p7, p8, p9, p10, p11, i12, p13]
+284: i22 = instance_ptr_eq(p9, p18)
guard_true(i22, descr=<Guard0x1180c4020>) [p0, i1, i2, i3, p4, p5, p6, p7, p8, p9, p10, p11, i12, p13]
+292: guard_nonnull_class(p10, 4365528776, descr=<Guard0x1283ec808>) [p0, i1, i2, i3, p4, p5, p6, p7, p8, p9, p10, p11, i12, p13]
+320: p24 = getfield_gc_r(p10, descr=<FieldP rpyeffect.stack.MetaStackLike.inst_stack 8 pure>)
+324: p25 = getfield_gc_r(p10, descr=<FieldP rpyeffect.stack.MetaStack.inst_label 16 pure>)
+328: p26 = getfield_gc_r(p10, descr=<FieldP rpyeffect.stack.MetaStack.inst_tail 32 pure>)
+332: guard_nonnull(p24, descr=<Guard0x1180c4060>) [p0, i1, i2, i3, p4, p5, p6, p7, p8, p9, p10, p11, i12, p13]
+340: i27 = getfield_gc_i(p24, descr=<FieldS rpyeffect.stored_environment.Stack__arb_arb.inst_target 16 pure>)
+344: guard_value(i27, 50, descr=<Guard0x1180c40a0>) [p0, i1, i2, i3, p4, p5, p6, p7, p8, p9, p10, p11, i12, p13]
debug_merge_point(0, 0, '53<main.rpyeffect:53([method_%done2643(n):p@[then#105]#120])>+2: {"op": "Return". "args": {"num": [0]. "ptr": []}}')
+356: i29 = getfield_gc_i(p24, descr=<FieldS rpyeffect.stored_environment.Stack__2_1.inst_values_num_0 40 pure>)
+360: i30 = getfield_gc_i(p24, descr=<FieldS rpyeffect.stored_environment.Stack__2_1.inst_values_num_1 48 pure>)
+364: p31 = getfield_gc_r(p24, descr=<FieldP rpyeffect.stored_environment.Stack__2_1.inst_values_ptr_0 56 pure>)
+368: p32 = getfield_gc_r(p24, descr=<FieldP rpyeffect.stored_environment.Stack__arb_arb.inst_tail 8 pure>)
+372: guard_nonnull(p32, descr=<Guard0x1180c40e0>) [p0, i1, i2, i3, p4, p5, p6, p7, p8, p9, p10, p11, i12, p13]
+380: i33 = getfield_gc_i(p32, descr=<FieldS rpyeffect.stored_environment.Stack__arb_arb.inst_target 16 pure>)
+384: guard_value(i33, 100, descr=<Guard0x1180c4120>) [p0, i1, i2, i3, p4, p5, p6, p7, p8, p9, p10, p11, i12, p13]
debug_merge_point(0, 0, '50<main.rpyeffect:50([k@[then#105]#108])>+0: {"op": "Const". "type": "num". "out": 3. "value": 1}')
debug_merge_point(0, 0, '50<main.rpyeffect:50([k@[then#105]#108])>+1: {"op": "Push". "target": 49. "args": {"num": [1. 0]. "ptr": [0]}}')
debug_merge_point(0, 0, '50<main.rpyeffect:50([k@[then#105]#108])>+2: {"op": "Copy". "type": "num". "from": 2. "to". 0}')
debug_merge_point(0, 0, '50<main.rpyeffect:50([k@[then#105]#108])>+3: {"op": "Copy". "type": "num". "from": 3. "to". 1}')
debug_merge_point(0, 0, '50<main.rpyeffect:50([k@[then#105]#108])>+4: {"op": "Jump". "target": 8}')
debug_merge_point(0, 0, '8<main.rpyeffect:8(Name(infixSub104))>+0: {"op": "PrimOp". "name": "infixSub(Int. Int): Int". "out": {"num": [0]. "ptr": []}. "in": {"num": [0. 1]. "ptr": []}}')
+396: i36 = int_sub(i30, 1)
debug_merge_point(0, 0, '8<main.rpyeffect:8(Name(infixSub104))>+1: {"op": "Return". "args": {"num": [0]. "ptr": []}}')
debug_merge_point(0, 0, '49<main.rpyeffect:49([k@[k@[then#105]#108]#112])>+0: {"op": "Push". "target": 48. "args": {"num": [0]. "ptr": [0]}}')
debug_merge_point(0, 0, '49<main.rpyeffect:49([k@[k@[then#105]#108]#112])>+1: {"op": "Copy". "type": "num". "from": 1. "to". 0}')
debug_merge_point(0, 0, '49<main.rpyeffect:49([k@[k@[then#105]#108]#112])>+2: {"op": "Copy". "type": "num". "from": 2. "to". 1}')
debug_merge_point(0, 0, '49<main.rpyeffect:49([k@[k@[then#105]#108]#112])>+3: {"op": "Jump". "target": 6}')
debug_merge_point(0, 0, '6<main.rpyeffect:6(Name(infixAdd95))>+0: {"op": "PrimOp". "name": "infixAdd(Int. Int): Int". "out": {"num": [0]. "ptr": []}. "in": {"num": [0. 1]. "ptr": []}}')
debug_merge_point(0, 0, '6<main.rpyeffect:6(Name(infixAdd95))>+1: {"op": "Return". "args": {"num": [0]. "ptr": []}}')
debug_merge_point(0, 0, '48<main.rpyeffect:48([k@[k@[k@[then#105]#108]#112]#115])>+0: {"op": "Swap". "type": "num". "a": 1. "b". 0}')
debug_merge_point(0, 0, '48<main.rpyeffect:48([k@[k@[k@[then#105]#108]#112]#115])>+1: {"op": "Jump". "target": 62}')
debug_merge_point(0, 0, '62<main.rpyeffect:62(Name(loop33960))>+0: {"op": "Const". "type": "num". "out": 2. "value": 0}')
debug_merge_point(0, 0, '62<main.rpyeffect:62(Name(loop33960))>+1: {"op": "Push". "target": 61. "args": {"num": [1. 0]. "ptr": [0]}}')
debug_merge_point(0, 0, '62<main.rpyeffect:62(Name(loop33960))>+2: {"op": "Copy". "type": "num". "from": 2. "to". 1}')
debug_merge_point(0, 0, '62<main.rpyeffect:62(Name(loop33960))>+3: {"op": "Jump". "target": 4}')
debug_merge_point(0, 0, '4<main.rpyeffect:4(Name(infixEq71))>+0: {"op": "PrimOp". "name": "infixEq(Int. Int): Boolean". "out": {"num": [0]. "ptr": []}. "in": {"num": [0. 1]. "ptr": []}}')
+400: i38 = int_eq(i36, 0)
guard_false(i38, descr=<Guard0x1180c4160>) [p0, i1, i2, i3, p4, p5, p6, p7, p8, p9, p10, p11, i12, p13]
debug_merge_point(0, 0, '4<main.rpyeffect:4(Name(infixEq71))>+1: {"op": "Return". "args": {"num": [0]. "ptr": []}}')
debug_merge_point(0, 0, '61<main.rpyeffect:61([k@Name(loop33960)#103])>+0: {"op": "Swap". "type": "num". "a": 0. "b". 2}')
debug_merge_point(0, 0, '61<main.rpyeffect:61([k@Name(loop33960)#103])>+1: {"op": "IfZero". "cond": 2. "then": {"tag": null. "target": 60. "args": {"num": []. "ptr": []}}}')
debug_merge_point(0, 0, '60<main.rpyeffect:60([then#105])>+0: {"op": "PrimOp". "name": "freshlabel". "out": {"num": []. "ptr": [1]}. "in": {"num": []. "ptr": []}}')
debug_merge_point(0, 0, '60<main.rpyeffect:60([then#105])>+1: {"op": "Push". "target": 50. "args": {"num": [1. 0]. "ptr": [0]}}')
debug_merge_point(0, 0, '60<main.rpyeffect:60([then#105])>+2: {"op": "NewStack". "out": 2. "target": 51. "region": 3. "args": {"num": []. "ptr": []}. "label": 1}')
debug_merge_point(0, 0, '60<main.rpyeffect:60([then#105])>+3: {"op": "PushStack". "arg": 2}')
debug_merge_point(0, 0, '60<main.rpyeffect:60([then#105])>+4: {"op": "New". "out": 1. "targets": [53. 55. 57. 59]. "args": {"num": []. "ptr": [1]}}')
debug_merge_point(0, 0, '60<main.rpyeffect:60([then#105])>+5: {"op": "Jump". "target": 47}')
debug_merge_point(0, 0, '47<main.rpyeffect:47([mcore:[eta-expanded fn#122]#92])>+0: {"op": "Push". "target": 46. "args": {"num": []. "ptr": []}}')
debug_merge_point(0, 0, '47<main.rpyeffect:47([mcore:[eta-expanded fn#122]#92])>+1: {"op": "Jump". "target": 39}')
debug_merge_point(0, 0, '39<main.rpyeffect:39(Name(product2633))>+0: {"op": "Swap". "type": "ptr". "a": 1. "b". 0}')
debug_merge_point(0, 0, '39<main.rpyeffect:39(Name(product2633))>+1: {"op": "Match". "type": Interned(List867). "scrutinee": 1. "clauses": [{"tag": Interned(Nil1051). "target": 33. "args": {"num": []. "ptr": []}}. {"tag": Interned(Cons1052). "target": 38. "args": {"num": []. "ptr": [1. 2]}}]. "default": {"tag": Interned(e7ee60f4-870d-42e7-bf94-aaad8d6b9d16#[Missing Tag#354]). "target": 32. "args": {"num": []. "ptr": []}}}')
+408: p39 = getfield_gc_r(p31, descr=<FieldP rpyeffect.stored_environment.Data__arb_arb.inst_tag 8>)
+416: guard_value(p39, ConstPtr(ptr40), descr=<Guard0x1180c41a0>) [p0, i1, i2, i3, p4, p5, p6, p7, p8, p9, p10, p11, i12, p13]
+424: p41 = getfield_gc_r(p31, descr=<FieldP rpyeffect.stored_environment.Data__0_2.inst_values_ptr_0 32 pure>)
+428: p42 = getfield_gc_r(p31, descr=<FieldP rpyeffect.stored_environment.Data__0_2.inst_values_ptr_1 40 pure>)
debug_merge_point(0, 0, '38<main.rpyeffect:38([match_Cons1052@Name(product2633)#55])>+0: {"op": "PrimOp". "name": "unbox(Ptr): Num". "out": {"num": [0]. "ptr": []}. "in": {"num": []. "ptr": [1]}}')
+432: i43 = getfield_gc_i(p41, descr=<FieldS rpyeffect.region.NumBox.inst_value 8 pure>)
debug_merge_point(0, 0, '38<main.rpyeffect:38([match_Cons1052@Name(product2633)#55])>+1: {"op": "Const". "type": "num". "out": 1. "value": 0}')
debug_merge_point(0, 0, '38<main.rpyeffect:38([match_Cons1052@Name(product2633)#55])>+2: {"op": "Push". "target": 37. "args": {"num": [0]. "ptr": [0. 2]}}')
debug_merge_point(0, 0, '38<main.rpyeffect:38([match_Cons1052@Name(product2633)#55])>+3: {"op": "Jump". "target": 4}')
+436: p44 = new_with_vtable(descr=<SizeDescr 16>)
+544: p45 = new_with_vtable(descr=<SizeDescr 64>)
+556: p46 = new_with_vtable(descr=<SizeDescr 40>)
+568: p47 = new_with_vtable(descr=<SizeDescr 40>)
+580: setfield_gc(p47, ConstPtr(null), descr=<FieldP rpyeffect.stored_environment.Stack__arb_arb.inst_tail 8 pure>)
+588: setfield_gc(p47, 51, descr=<FieldS rpyeffect.stored_environment.Stack__arb_arb.inst_target 16 pure>)
+596: setfield_gc(p46, p47, descr=<FieldP rpyeffect.stored_environment.Stack__arb_arb.inst_tail 8 pure>)
+600: setfield_gc(p46, 46, descr=<FieldS rpyeffect.stored_environment.Stack__arb_arb.inst_target 16 pure>)
+608: p51 = new_with_vtable(descr=<SizeDescr 40>)
+620: setfield_gc(p51, ConstPtr(ptr52), descr=<FieldP rpyeffect.stored_environment.CoData__arb_arb.inst_vtable 24 pure>)
+624: setfield_gc(p51, p44, descr=<FieldP rpyeffect.stored_environment.CoData__0_1.inst_values_ptr_0 32 pure>)
+628: p53 = new_with_vtable(descr=<SizeDescr 40>)
+640: p54 = new_with_vtable(descr=<SizeDescr 64>)
+656: setfield_gc(p54, p32, descr=<FieldP rpyeffect.stored_environment.Stack__arb_arb.inst_tail 8 pure>)
+660: setfield_gc(p54, 50, descr=<FieldS rpyeffect.stored_environment.Stack__arb_arb.inst_target 16 pure>)
+668: setfield_gc(p54, i29, descr=<FieldS rpyeffect.stored_environment.Stack__2_1.inst_values_num_0 40 pure>)
+672: setfield_gc(p54, i36, descr=<FieldS rpyeffect.stored_environment.Stack__2_1.inst_values_num_1 48 pure>)
+676: setfield_gc(p54, p31, descr=<FieldP rpyeffect.stored_environment.Stack__2_1.inst_values_ptr_0 56 pure>)
+680: p56 = new_with_vtable(descr=<SizeDescr 24>)
+692: setfield_gc(p44, 61440, descr=<FieldS rpyeffect.stack.Label.inst_origin 8 pure>)
+700: setfield_gc(p53, p54, descr=<FieldP rpyeffect.stack.MetaStackLike.inst_stack 8 pure>)
+704: setfield_gc(p53, p25, descr=<FieldP rpyeffect.stack.MetaStack.inst_label 16 pure>)
+708: setfield_gc(p53, p26, descr=<FieldP rpyeffect.stack.MetaStack.inst_tail 32 pure>)
+712: setfield_gc(p45, 37, descr=<FieldS rpyeffect.stored_environment.Stack__arb_arb.inst_target 16 pure>)
+720: setfield_gc(p45, p46, descr=<FieldP rpyeffect.stored_environment.Stack__arb_arb.inst_tail 8 pure>)
+724: setfield_gc(p45, i43, descr=<FieldS rpyeffect.stored_environment.Stack__1_2.inst_values_num_0 40 pure>)
+728: setfield_gc(p45, p51, descr=<FieldP rpyeffect.stored_environment.Stack__1_2.inst_values_ptr_0 48 pure>)
+732: setfield_gc(p45, p42, descr=<FieldP rpyeffect.stored_environment.Stack__1_2.inst_values_ptr_1 56 pure>)
+736: setfield_gc(p53, ConstPtr(null), descr=<FieldP rpyeffect.stack.MetaStack.inst_region 24 pure>)
+748: setfield_gc(p56, ConstPtr(ptr60), descr=<FieldP rpyeffect.region.Region.inst_boxes 8 pure>)
+756: setfield_gc(p56, ConstPtr(ptr61), descr=<FieldP rpyeffect.region.Region.inst_refs 16>)
+840: jump(p44, p45, p0, p53, ConstPtr(null), i43, 0, 0, 1, p51, p41, p42, p56, p8, descr=TargetToken(4970121200))
+916: --end of the loop--
[6bcfc5] jit-log-opt-bridge}
[6eb937] {jit-log-opt-bridge
# bridge out of Guard 0x1283eef60 with 33 ops
[p0, i1, i2, i3, i4, p5, p6, p7, p8, p9, p10, p11, p12, p13]
+136: guard_not_invalidated(descr=<Guard0x1283ec860>) [p0, i1, i2, i3, i4, p5, p6, p7, p8, p9, p10, p11, p12, p13]
+140: guard_nonnull(p11, descr=<Guard0x1180c41e0>) [p0, i1, i2, i3, i4, p5, p6, p7, p8, p9, p10, p11, p12, p13]
+148: i14 = getfield_gc_i(p11, descr=<FieldS rpyeffect.stored_environment.Stack__arb_arb.inst_target 16 pure>)
+152: guard_value(i14, 37, descr=<Guard0x1180c4220>) [p0, i1, i2, i3, i4, p5, p6, p7, p8, p9, p10, p11, p12, p13]
debug_merge_point(0, 0, '4<main.rpyeffect:4(Name(infixEq71))>+0: {"op": "PrimOp". "name": "infixEq(Int. Int): Boolean". "out": {"num": [0]. "ptr": []}. "in": {"num": [0. 1]. "ptr": []}}')
+164: i16 = int_eq(i1, i2)
guard_false(i16, descr=<Guard0x1180c4260>) [p0, i1, i2, i3, i4, p5, p6, p7, p8, p9, p10, p11, p12, p13]
debug_merge_point(0, 0, '4<main.rpyeffect:4(Name(infixEq71))>+1: {"op": "Return". "args": {"num": [0]. "ptr": []}}')
+172: i17 = getfield_gc_i(p11, descr=<FieldS rpyeffect.stored_environment.Stack__1_2.inst_values_num_0 40 pure>)
+176: p18 = getfield_gc_r(p11, descr=<FieldP rpyeffect.stored_environment.Stack__1_2.inst_values_ptr_0 48 pure>)
+180: p19 = getfield_gc_r(p11, descr=<FieldP rpyeffect.stored_environment.Stack__1_2.inst_values_ptr_1 56 pure>)
+184: p20 = getfield_gc_r(p11, descr=<FieldP rpyeffect.stored_environment.Stack__arb_arb.inst_tail 8 pure>)
debug_merge_point(0, 0, '37<main.rpyeffect:37([k@[match_Cons1052@Name(product2633)#55]#61])>+0: {"op": "IfZero". "cond": 0. "then": {"tag": null. "target": 36. "args": {"num": []. "ptr": []}}}')
+188: guard_nonnull(p20, descr=<Guard0x1180c42a0>) [p0, i1, i2, i3, i4, p5, p6, p7, p8, p9, p10, p11, p12, p13]
+196: i21 = getfield_gc_i(p20, descr=<FieldS rpyeffect.stored_environment.Stack__arb_arb.inst_target 16 pure>)
+200: guard_value(i21, 46, descr=<Guard0x1180c42e0>) [p0, i1, i2, i3, i4, p5, p6, p7, p8, p9, p10, p11, p12, p13]
debug_merge_point(0, 0, '36<main.rpyeffect:36([then#63])>+0: {"op": "Push". "target": 35. "args": {"num": [1]. "ptr": []}}')
debug_merge_point(0, 0, '36<main.rpyeffect:36([then#63])>+1: {"op": "Swap". "type": "ptr". "a": 1. "b". 0}')
debug_merge_point(0, 0, '36<main.rpyeffect:36([then#63])>+2: {"op": "Jump". "target": 31}')
debug_merge_point(0, 0, '31<main.rpyeffect:31([mcore:[eta-expanded fn#103]#41])>+0: {"op": "Push". "target": 30. "args": {"num": []. "ptr": []}}')
debug_merge_point(0, 0, '31<main.rpyeffect:31([mcore:[eta-expanded fn#103]#41])>+1: {"op": "Jump". "target": 39}')
debug_merge_point(0, 0, '39<main.rpyeffect:39(Name(product2633))>+0: {"op": "Swap". "type": "ptr". "a": 1. "b". 0}')
debug_merge_point(0, 0, '39<main.rpyeffect:39(Name(product2633))>+1: {"op": "Match". "type": Interned(List867). "scrutinee": 1. "clauses": [{"tag": Interned(Nil1051). "target": 33. "args": {"num": []. "ptr": []}}. {"tag": Interned(Cons1052). "target": 38. "args": {"num": []. "ptr": [1. 2]}}]. "default": {"tag": Interned(e7ee60f4-870d-42e7-bf94-aaad8d6b9d16#[Missing Tag#354]). "target": 32. "args": {"num": []. "ptr": []}}}')
+212: p23 = getfield_gc_r(p19, descr=<FieldP rpyeffect.stored_environment.Data__arb_arb.inst_tag 8>)
+220: guard_value(p23, ConstPtr(ptr24), descr=<Guard0x1180c4320>) [p0, i1, i2, i3, i4, p5, p6, p7, p8, p9, p10, p11, p12, p13]
+228: p25 = getfield_gc_r(p19, descr=<FieldP rpyeffect.stored_environment.Data__0_2.inst_values_ptr_0 32 pure>)
+232: p26 = getfield_gc_r(p19, descr=<FieldP rpyeffect.stored_environment.Data__0_2.inst_values_ptr_1 40 pure>)
debug_merge_point(0, 0, '38<main.rpyeffect:38([match_Cons1052@Name(product2633)#55])>+0: {"op": "PrimOp". "name": "unbox(Ptr): Num". "out": {"num": [0]. "ptr": []}. "in": {"num": []. "ptr": [1]}}')
+236: i27 = getfield_gc_i(p25, descr=<FieldS rpyeffect.region.NumBox.inst_value 8 pure>)
debug_merge_point(0, 0, '38<main.rpyeffect:38([match_Cons1052@Name(product2633)#55])>+1: {"op": "Const". "type": "num". "out": 1. "value": 0}')
debug_merge_point(0, 0, '38<main.rpyeffect:38([match_Cons1052@Name(product2633)#55])>+2: {"op": "Push". "target": 37. "args": {"num": [0]. "ptr": [0. 2]}}')
debug_merge_point(0, 0, '38<main.rpyeffect:38([match_Cons1052@Name(product2633)#55])>+3: {"op": "Jump". "target": 4}')
+240: jump(p10, p20, i17, i27, p18, p26, p0, p12, p13, i3, i4, p25, p8, p9, descr=TargetToken(4970121280))
+284: --end of the loop--
[6f2791] jit-log-opt-bridge}
[181707ed] {jit-summary
Tracing:      	4	0.001334
Backend:      	4	0.000367
TOTAL:      		0.400766
ops:             	4522
heapcached ops:  	522
recorded ops:    	1190
  calls:         	729
guards:          	147
opt ops:         	240
opt guards:      	35
opt guards shared:	29
forcings:        	0
abort: trace too long:	0
abort: compiling:	0
abort: vable escape:	0
abort: bad loop: 	0
abort: force quasi-immut:	0
abort: segmenting trace:	0
virtualizables forced:	0
nvirtuals:       	6
nvholes:         	0
nvreused:        	0
vecopt tried:    	0
vecopt success:  	0
Total # of loops:	2
Total # of bridges:	2
Freed # of loops:	0
Freed # of bridges:	0
[181738c1] jit-summary}
