[4d463a] {jit-log-opt-loop
# Loop 1 (74<main.rpyeffect:74([match_Node2647@Name(iterate54066)#165])>+1: {"op": "Swap", "type": "ptr", "a": 1, "b", 0}) : loop with 48 ops
[p0, p1, p2, p3, p4]
+216: p5 = getfield_gc_r(p2, descr=<FieldP rpyeffect.environment.Environment.inst_values_num 16>)
+224: i7 = getarrayitem_gc_i(p5, 0, descr=<ArrayS 8>)
+228: i9 = getarrayitem_gc_i(p5, 1, descr=<ArrayS 8>)
+232: i11 = getarrayitem_gc_i(p5, 2, descr=<ArrayS 8>)
+236: i13 = getarrayitem_gc_i(p5, 3, descr=<ArrayS 8>)
+240: p14 = getfield_gc_r(p2, descr=<FieldP rpyeffect.environment.Environment.inst_values_ptr 24>)
+244: p16 = getarrayitem_gc_r(p14, 0, descr=<ArrayP 8>)
+248: p18 = getarrayitem_gc_r(p14, 1, descr=<ArrayP 8>)
+252: p20 = getarrayitem_gc_r(p14, 2, descr=<ArrayP 8>)
+256: p22 = getarrayitem_gc_r(p14, 3, descr=<ArrayP 8>)
+260: p24 = getarrayitem_gc_r(p14, 4, descr=<ArrayP 8>)
+264: p26 = getarrayitem_gc_r(p14, 5, descr=<ArrayP 8>)
+268: label(p0, p1, p2, p3, p4, i7, i9, i11, i13, p16, p18, p20, p22, p24, p26, descr=TargetToken(4970186496))
debug_merge_point(0, 0, '74<main.rpyeffect:74([match_Node2647@Name(iterate54066)#165])>+1: {"op": "Swap". "type": "ptr". "a": 1. "b". 0}')
+300: guard_not_invalidated(descr=<Guard0x1283f2700>) [p2, i7, i9, i11, i13, p16, p18, p20, p22, p24, p26, p0, p1, p3, p4]
debug_merge_point(0, 0, '74<main.rpyeffect:74([match_Node2647@Name(iterate54066)#165])>+2: {"op": "Jump". "target": 75}')
debug_merge_point(0, 0, '75<main.rpyeffect:75(Name(iterate54066))>+0: {"op": "Swap". "type": "ptr". "a": 1. "b". 0}')
debug_merge_point(0, 0, '75<main.rpyeffect:75(Name(iterate54066))>+1: {"op": "Match". "type": Interned(Tree2631). "scrutinee": 1. "clauses": [{"tag": Interned(Leaf2646). "target": 71. "args": {"num": []. "ptr": []}}. {"tag": Interned(Node2647). "target": 74. "args": {"num": [0]. "ptr": [1. 2]}}]. "default": {"tag": Interned(652a7bdb-f0ab-4706-8469-80bed1f1780f#[Missing Tag#368]). "target": 70. "args": {"num": []. "ptr": []}}}')
+304: p27 = getfield_gc_r(p18, descr=<FieldP rpyeffect.stored_environment.Data__arb_arb.inst_tag 8>)
+312: guard_value(p27, ConstPtr(ptr28), descr=<Guard0x1283ed720>) [p2, i7, i9, i11, i13, p16, p18, p20, p22, p24, p26, p0, p1, p3, p4]
+320: i29 = getfield_gc_i(p18, descr=<FieldS rpyeffect.stored_environment.Data__1_2.inst_values_num_0 32 pure>)
+324: p30 = getfield_gc_r(p18, descr=<FieldP rpyeffect.stored_environment.Data__1_2.inst_values_ptr_0 40 pure>)
+328: p31 = getfield_gc_r(p18, descr=<FieldP rpyeffect.stored_environment.Data__1_2.inst_values_ptr_1 48 pure>)
+332: guard_nonnull(p1, descr=<Guard0x1283ed760>) [p2, i7, i9, i11, i13, p16, p18, p20, p22, p24, p26, p0, p1, p3, p4]
+344: i32 = getfield_gc_i(p1, descr=<FieldS rpyeffect.stored_environment.Stack__arb_arb.inst_target 16 pure>)
+352: guard_value(i32, 73, descr=<Guard0x1283ed7a0>) [p2, i7, i9, i11, i13, p16, p18, p20, p22, p24, p26, p0, p1, p3, p4]
debug_merge_point(0, 0, '74<main.rpyeffect:74([match_Node2647@Name(iterate54066)#165])>+0: {"op": "Push". "target": 73. "args": {"num": [0]. "ptr": [0. 2]}}')
debug_merge_point(0, 0, '74<main.rpyeffect:74([match_Node2647@Name(iterate54066)#165])>+1: {"op": "Swap". "type": "ptr". "a": 1. "b". 0}')
+364: label(p0, p1, i29, p16, p31, p2, p3, p4, i9, i11, i13, p30, p22, p24, p26, descr=TargetToken(4970186576))
debug_merge_point(0, 0, '74<main.rpyeffect:74([match_Node2647@Name(iterate54066)#165])>+1: {"op": "Swap". "type": "ptr". "a": 1. "b". 0}')
+364: guard_not_invalidated(descr=<Guard0x1283f2758>) [p2, i29, i9, i11, i13, p16, p30, p31, p22, p24, p26, p0, p3, p4, p1]
debug_merge_point(0, 0, '74<main.rpyeffect:74([match_Node2647@Name(iterate54066)#165])>+2: {"op": "Jump". "target": 75}')
debug_merge_point(0, 0, '75<main.rpyeffect:75(Name(iterate54066))>+0: {"op": "Swap". "type": "ptr". "a": 1. "b". 0}')
debug_merge_point(0, 0, '75<main.rpyeffect:75(Name(iterate54066))>+1: {"op": "Match". "type": Interned(Tree2631). "scrutinee": 1. "clauses": [{"tag": Interned(Leaf2646). "target": 71. "args": {"num": []. "ptr": []}}. {"tag": Interned(Node2647). "target": 74. "args": {"num": [0]. "ptr": [1. 2]}}]. "default": {"tag": Interned(652a7bdb-f0ab-4706-8469-80bed1f1780f#[Missing Tag#368]). "target": 70. "args": {"num": []. "ptr": []}}}')
+368: p34 = getfield_gc_r(p30, descr=<FieldP rpyeffect.stored_environment.Data__arb_arb.inst_tag 8>)
+376: guard_value(p34, ConstPtr(ptr35), descr=<Guard0x1283ed7e0>) [p2, i29, i9, i11, i13, p16, p30, p31, p22, p24, p26, p0, p3, p4, p1]
+384: i36 = getfield_gc_i(p30, descr=<FieldS rpyeffect.stored_environment.Data__1_2.inst_values_num_0 32 pure>)
+388: p37 = getfield_gc_r(p30, descr=<FieldP rpyeffect.stored_environment.Data__1_2.inst_values_ptr_0 40 pure>)
+392: p38 = getfield_gc_r(p30, descr=<FieldP rpyeffect.stored_environment.Data__1_2.inst_values_ptr_1 48 pure>)
debug_merge_point(0, 0, '74<main.rpyeffect:74([match_Node2647@Name(iterate54066)#165])>+0: {"op": "Push". "target": 73. "args": {"num": [0]. "ptr": [0. 2]}}')
debug_merge_point(0, 0, '74<main.rpyeffect:74([match_Node2647@Name(iterate54066)#165])>+1: {"op": "Swap". "type": "ptr". "a": 1. "b". 0}')
+396: p39 = new_with_vtable(descr=<SizeDescr 64>)
+504: setfield_gc(p39, 73, descr=<FieldS rpyeffect.stored_environment.Stack__arb_arb.inst_target 16 pure>)
+512: setfield_gc(p39, p1, descr=<FieldP rpyeffect.stored_environment.Stack__arb_arb.inst_tail 8 pure>)
+516: setfield_gc(p39, i29, descr=<FieldS rpyeffect.stored_environment.Stack__1_2.inst_values_num_0 40 pure>)
+520: setfield_gc(p39, p16, descr=<FieldP rpyeffect.stored_environment.Stack__1_2.inst_values_ptr_0 48 pure>)
+524: setfield_gc(p39, p31, descr=<FieldP rpyeffect.stored_environment.Stack__1_2.inst_values_ptr_1 56 pure>)
+544: jump(p0, p39, i36, p16, p38, p2, p3, p4, i9, i11, i13, p37, p22, p24, p26, descr=TargetToken(4970186576))
+564: --end of the loop--
[4e88a7] jit-log-opt-loop}
[5c0f0e] {jit-log-opt-loop
# Loop 2 (71<main.rpyeffect:71([match_Leaf2646@Name(iterate54066)#163])>+0: {"op": "Construct", "out": 0, "type": Interned(Unit), "tag": Interned(unit), "args": {"num": [], "ptr": []}}) : entry bridge with 170 ops
[p0, p1, p2, p3, p4]
+376: p5 = getfield_gc_r(p2, descr=<FieldP rpyeffect.environment.Environment.inst_values_num 16>)
+384: i7 = getarrayitem_gc_i(p5, 0, descr=<ArrayS 8>)
+388: i9 = getarrayitem_gc_i(p5, 1, descr=<ArrayS 8>)
+392: i11 = getarrayitem_gc_i(p5, 2, descr=<ArrayS 8>)
+396: i13 = getarrayitem_gc_i(p5, 3, descr=<ArrayS 8>)
+400: p14 = getfield_gc_r(p2, descr=<FieldP rpyeffect.environment.Environment.inst_values_ptr 24>)
+404: p16 = getarrayitem_gc_r(p14, 0, descr=<ArrayP 8>)
+408: p18 = getarrayitem_gc_r(p14, 1, descr=<ArrayP 8>)
+412: p20 = getarrayitem_gc_r(p14, 2, descr=<ArrayP 8>)
+416: p22 = getarrayitem_gc_r(p14, 3, descr=<ArrayP 8>)
+420: p24 = getarrayitem_gc_r(p14, 4, descr=<ArrayP 8>)
+424: p26 = getarrayitem_gc_r(p14, 5, descr=<ArrayP 8>)
debug_merge_point(0, 0, '71<main.rpyeffect:71([match_Leaf2646@Name(iterate54066)#163])>+0: {"op": "Construct". "out": 0. "type": Interned(Unit). "tag": Interned(unit). "args": {"num": []. "ptr": []}}')
+428: guard_not_invalidated(descr=<Guard0x1283f2910>) [p2, i7, i9, i11, i13, p16, p18, p20, p22, p24, p26, p0, p1, p3, p4]
debug_merge_point(0, 0, '71<main.rpyeffect:71([match_Leaf2646@Name(iterate54066)#163])>+1: {"op": "Return". "args": {"num": []. "ptr": [0]}}')
+432: guard_nonnull(p1, descr=<Guard0x128410b20>) [p2, i7, i9, i11, i13, p16, p18, p20, p22, p24, p26, p0, p1, p3, p4]
+444: i27 = getfield_gc_i(p1, descr=<FieldS rpyeffect.stored_environment.Stack__arb_arb.inst_target 16 pure>)
+452: guard_value(i27, 73, descr=<Guard0x128410ae0>) [p2, i7, i9, i11, i13, p16, p18, p20, p22, p24, p26, p0, p1, p3, p4]
+464: i29 = getfield_gc_i(p1, descr=<FieldS rpyeffect.stored_environment.Stack__1_2.inst_values_num_0 40 pure>)
+468: p30 = getfield_gc_r(p1, descr=<FieldP rpyeffect.stored_environment.Stack__1_2.inst_values_ptr_0 48 pure>)
+472: p31 = getfield_gc_r(p1, descr=<FieldP rpyeffect.stored_environment.Stack__1_2.inst_values_ptr_1 56 pure>)
+476: p32 = getfield_gc_r(p1, descr=<FieldP rpyeffect.stored_environment.Stack__arb_arb.inst_tail 8 pure>)
debug_merge_point(0, 0, '73<main.rpyeffect:73([#167])>+0: {"op": "Push". "target": 72. "args": {"num": []. "ptr": [1. 2]}}')
debug_merge_point(0, 0, '73<main.rpyeffect:73([#167])>+1: {"op": "Copy". "type": "ptr". "from": 1. "to". 0}')
debug_merge_point(0, 0, '73<main.rpyeffect:73([#167])>+2: {"op": "Jump". "target": 69}')
debug_merge_point(0, 0, '69<main.rpyeffect:69([mcore:[#74]#161])>+0: {"op": "Invoke". "receiver": 0. "tag": Interned(%yield2645(n):p). "args" : {"num": [0]. "ptr": []}}')
+480: p33 = getfield_gc_r(p30, descr=<FieldP rpyeffect.stored_environment.CoData__arb_arb.inst_vtable 24 pure>)
+492: guard_value(p33, ConstPtr(ptr34), descr=<Guard0x128410aa0>) [p2, i7, i9, i11, i13, p16, p18, p20, p22, p24, p26, p0, p1, p3, p4]
+500: p35 = getfield_gc_r(p30, descr=<FieldP rpyeffect.stored_environment.CoData__0_3.inst_values_ptr_0 32 pure>)
+504: p36 = getfield_gc_r(p30, descr=<FieldP rpyeffect.stored_environment.CoData__0_3.inst_values_ptr_1 40 pure>)
+508: p37 = getfield_gc_r(p30, descr=<FieldP rpyeffect.stored_environment.CoData__0_3.inst_values_ptr_2 48 pure>)
debug_merge_point(0, 0, '110<main.rpyeffect:110([#245])>+0: {"op": "Const". "type": "num". "out": 1. "value": 0}')
debug_merge_point(0, 0, '110<main.rpyeffect:110([#245])>+1: {"op": "ShiftDyn". "out": 1. "n": 1. "label": 1}')
+516: guard_isnull(p4, descr=<Guard0x128410a60>) [p2, i7, i9, i11, i13, p16, p18, p20, p22, p24, p26, p0, p1, p3, p4]
+528: i38 = getfield_gc_i(p0, descr=<FieldS rpyeffect.stack.Label.inst_origin 8 pure>)
+544: i39 = getfield_gc_i(p36, descr=<FieldS rpyeffect.stack.Label.inst_origin 8 pure>)
+552: i40 = int_ne(i38, i39)
guard_false(i40, descr=<Guard0x128410a20>) [p2, i7, i9, i11, i13, p16, p18, p20, p22, p24, p26, p0, p1, p3, p4]
+560: i41 = instance_ptr_eq(p0, p36)
guard_true(i41, descr=<Guard0x1284109e0>) [p2, i7, i9, i11, i13, p16, p18, p20, p22, p24, p26, p0, p1, p3, p4]
+568: guard_nonnull_class(p3, 4380356296, descr=<Guard0x1283f2968>) [p2, i7, i9, i11, i13, p16, p18, p20, p22, p24, p26, p0, p1, p3, p4]
+596: p43 = getfield_gc_r(p3, descr=<FieldP rpyeffect.stack.MetaStackLike.inst_stack 8 pure>)
+600: p44 = getfield_gc_r(p3, descr=<FieldP rpyeffect.stack.MetaStack.inst_label 16 pure>)
+604: p45 = getfield_gc_r(p3, descr=<FieldP rpyeffect.stack.MetaStack.inst_tail 32 pure>)
+612: guard_nonnull(p43, descr=<Guard0x1284109a0>) [p2, i7, i9, i11, i13, p16, p18, p20, p22, p24, p26, p0, p1, p3, p4]
+620: i46 = getfield_gc_i(p43, descr=<FieldS rpyeffect.stored_environment.Stack__arb_arb.inst_target 16 pure>)
+628: guard_value(i46, 89, descr=<Guard0x128410960>) [p2, i7, i9, i11, i13, p16, p18, p20, p22, p24, p26, p0, p1, p3, p4]
debug_merge_point(0, 0, '110<main.rpyeffect:110([#245])>+2: {"op": "PrimOp". "name": "box(Num): Ptr". "out": {"num": []. "ptr": [3]}. "in": {"num": [0]. "ptr": []}}')
debug_merge_point(0, 0, '110<main.rpyeffect:110([#245])>+3: {"op": "Construct". "out": 3. "type": Interned(Option687). "tag": Interned(Some743). "args": {"num": []. "ptr": [3]}}')
debug_merge_point(0, 0, '110<main.rpyeffect:110([#245])>+4: {"op": "Push". "target": 109. "args": {"num": []. "ptr": [0. 1]}}')
debug_merge_point(0, 0, '110<main.rpyeffect:110([#245])>+5: {"op": "Copy". "type": "ptr". "from": 3. "to". 0}')
debug_merge_point(0, 0, '110<main.rpyeffect:110([#245])>+6: {"op": "Copy". "type": "ptr". "from": 2. "to". 1}')
debug_merge_point(0, 0, '110<main.rpyeffect:110([#245])>+7: {"op": "Jump". "target": 78}')
debug_merge_point(0, 0, '78<main.rpyeffect:78([mcore:[#76]#171])>+0: {"op": "Store". "ref": 1. "type": "ptr". "value": 0}')
debug_merge_point(0, 0, '78<main.rpyeffect:78([mcore:[#76]#171])>+1: {"op": "Construct". "out": 0. "type": Interned(Unit). "tag": Interned(unit). "args": {"num": []. "ptr": []}}')
debug_merge_point(0, 0, '78<main.rpyeffect:78([mcore:[#76]#171])>+2: {"op": "Return". "args": {"num": []. "ptr": [0]}}')
debug_merge_point(0, 0, '109<main.rpyeffect:109([k@[#245]#257])>+0: {"op": "New". "out": 0. "targets": [108]. "args": {"num": []. "ptr": [2]}}')
debug_merge_point(0, 0, '109<main.rpyeffect:109([k@[#245]#257])>+1: {"op": "Jump". "target": 79}')
debug_merge_point(0, 0, '79<main.rpyeffect:79([mcore:[#77]#173])>+0: {"op": "Store". "ref": 1. "type": "ptr". "value": 0}')
+640: p48 = new_with_vtable(descr=<SizeDescr 40>)
+752: setfield_gc(p48, ConstPtr(ptr49), descr=<FieldP rpyeffect.stored_environment.Data__arb_arb.inst_tag 8>)
+756: p50 = new_with_vtable(descr=<SizeDescr 16>)
+768: setfield_gc(p50, i29, descr=<FieldS rpyeffect.region.NumBox.inst_value 8 pure>)
+772: setfield_gc(p48, p50, descr=<FieldP rpyeffect.stored_environment.Data__0_1.inst_values_ptr_0 32 pure>)
+844: setfield_gc(p37, p48, descr=<FieldP rpyeffect.region.PtrRef.inst_value 8>)
debug_merge_point(0, 0, '79<main.rpyeffect:79([mcore:[#77]#173])>+1: {"op": "Construct". "out": 0. "type": Interned(Unit). "tag": Interned(unit). "args": {"num": []. "ptr": []}}')
debug_merge_point(0, 0, '79<main.rpyeffect:79([mcore:[#77]#173])>+2: {"op": "Return". "args": {"num": []. "ptr": [0]}}')
+864: i51 = getfield_gc_i(p43, descr=<FieldS rpyeffect.stored_environment.Stack__2_1.inst_values_num_0 40 pure>)
+868: i52 = getfield_gc_i(p43, descr=<FieldS rpyeffect.stored_environment.Stack__2_1.inst_values_num_1 48 pure>)
+872: p53 = getfield_gc_r(p43, descr=<FieldP rpyeffect.stored_environment.Stack__2_1.inst_values_ptr_0 56 pure>)
+876: p54 = getfield_gc_r(p43, descr=<FieldP rpyeffect.stored_environment.Stack__arb_arb.inst_tail 8 pure>)
debug_merge_point(0, 0, '89<main.rpyeffect:89([k@[#193]#197])>+0: {"op": "Push". "target": 88. "args": {"num": []. "ptr": [1]}}')
debug_merge_point(0, 0, '89<main.rpyeffect:89([k@[#193]#197])>+1: {"op": "Jump". "target": 6}')
debug_merge_point(0, 0, '6<main.rpyeffect:6(Name(infixAdd95))>+0: {"op": "PrimOp". "name": "infixAdd(Int. Int): Int". "out": {"num": [0]. "ptr": []}. "in": {"num": [0. 1]. "ptr": []}}')
+880: i55 = int_add(i51, i52)
debug_merge_point(0, 0, '6<main.rpyeffect:6(Name(infixAdd95))>+1: {"op": "Return". "args": {"num": [0]. "ptr": []}}')
debug_merge_point(0, 0, '88<main.rpyeffect:88([k@[k@[#193]#197]#199])>+0: {"op": "Jump". "target": 92}')
debug_merge_point(0, 0, '92<main.rpyeffect:92(Name(consumer234073))>+0: {"op": "Push". "target": 91. "args": {"num": [0]. "ptr": [0]}}')
debug_merge_point(0, 0, '92<main.rpyeffect:92(Name(consumer234073))>+1: {"op": "Jump". "target": 84}')
debug_merge_point(0, 0, '84<main.rpyeffect:84([mcore:[#83]#184])>+0: {"op": "Invoke". "receiver": 0. "tag": Interned(%value2654():p). "args" : {"num": []. "ptr": []}}')
+884: p56 = getfield_gc_r(p53, descr=<FieldP rpyeffect.stored_environment.CoData__arb_arb.inst_vtable 24 pure>)
+892: guard_value(p56, ConstPtr(ptr57), descr=<Guard0x1283f28b8>) [p2, i55, i52, i11, i13, p53, p48, p24, p26, p44, p45, p56, p35, p54, p31, p30, p32, p0]
+900: p58 = getfield_gc_r(p53, descr=<FieldP rpyeffect.stored_environment.CoData__0_2.inst_values_ptr_0 32 pure>)
+904: p59 = getfield_gc_r(p53, descr=<FieldP rpyeffect.stored_environment.CoData__0_2.inst_values_ptr_1 40 pure>)
debug_merge_point(0, 0, '100<main.rpyeffect:100([#230])>+0: {"op": "Copy". "type": "ptr". "from": 1. "to". 0}')
debug_merge_point(0, 0, '100<main.rpyeffect:100([#230])>+1: {"op": "Jump". "target": 82}')
debug_merge_point(0, 0, '82<main.rpyeffect:82([mcore:[#81]#180])>+0: {"op": "Load". "out": 0. "type": "ptr". "ref": 0}')
+908: p60 = new_with_vtable(descr=<SizeDescr 40>)
+928: setfield_gc(p60, ConstPtr(ptr61), descr=<FieldP rpyeffect.stored_environment.CoData__arb_arb.inst_vtable 24 pure>)
+932: p62 = new_with_vtable(descr=<SizeDescr 40>)
+952: p63 = new_with_vtable(descr=<SizeDescr 56>)
+968: setfield_gc(p63, p32, descr=<FieldP rpyeffect.stored_environment.Stack__arb_arb.inst_tail 8 pure>)
+972: setfield_gc(p63, 72, descr=<FieldS rpyeffect.stored_environment.Stack__arb_arb.inst_target 16 pure>)
+980: setfield_gc(p63, p30, descr=<FieldP rpyeffect.stored_environment.Stack__0_2.inst_values_ptr_0 40 pure>)
+984: setfield_gc(p63, p31, descr=<FieldP rpyeffect.stored_environment.Stack__0_2.inst_values_ptr_1 48 pure>)
+988: setfield_gc(p62, p63, descr=<FieldP rpyeffect.stack.MetaStackLike.inst_stack 8 pure>)
+992: setfield_gc(p62, p0, descr=<FieldP rpyeffect.stack.MetaStack.inst_label 16 pure>)
+996: setfield_gc(p62, ConstPtr(null), descr=<FieldP rpyeffect.stack.MetaStack.inst_region 24 pure>)
+1004: setfield_gc(p62, ConstPtr(null), descr=<FieldP rpyeffect.stack.MetaStack.inst_tail 32 pure>)
+1012: setfield_gc(p60, p62, descr=<FieldP rpyeffect.stored_environment.CoData__0_1.inst_values_ptr_0 32 pure>)
+1080: setfield_gc(p35, p60, descr=<FieldP rpyeffect.region.PtrRef.inst_value 8>)
+1116: p67 = getfield_gc_r(p59, descr=<FieldP rpyeffect.region.PtrRef.inst_value 8>)
debug_merge_point(0, 0, '82<main.rpyeffect:82([mcore:[#81]#180])>+1: {"op": "Return". "args": {"num": []. "ptr": [0]}}')
debug_merge_point(0, 0, '91<main.rpyeffect:91([k@Name(consumer234073)#187])>+0: {"op": "Swap". "type": "ptr". "a": 1. "b". 0}')
debug_merge_point(0, 0, '91<main.rpyeffect:91([k@Name(consumer234073)#187])>+1: {"op": "Match". "type": Interned(Option687). "scrutinee": 1. "clauses": [{"tag": Interned(None742). "target": 87. "args": {"num": []. "ptr": []}}. {"tag": Interned(Some743). "target": 90. "args": {"num": []. "ptr": [1]}}]. "default": {"tag": Interned(652a7bdb-f0ab-4706-8469-80bed1f1780f#[Missing Tag#369]). "target": 86. "args": {"num": []. "ptr": []}}}')
+1120: p68 = getfield_gc_r(p67, descr=<FieldP rpyeffect.stored_environment.Data__arb_arb.inst_tag 8>)
+1124: guard_value(p68, ConstPtr(ptr69), descr=<Guard0x1283f2808>) [p2, i55, i52, i11, i13, p53, p67, p62, p48, p24, p26, p44, p54, p45, p68, None, None, None, None, None, None]
+1132: p71 = getfield_gc_r(p67, descr=<FieldP rpyeffect.stored_environment.Data__0_1.inst_values_ptr_0 32 pure>)
+1136: guard_nonnull(p54, descr=<Guard0x1284108e0>) [p2, i55, i52, i11, i13, p53, p67, p62, p48, p24, p26, p44, p54, p45, p68, None, None, None, None, None, None]
+1144: i72 = getfield_gc_i(p54, descr=<FieldS rpyeffect.stored_environment.Stack__arb_arb.inst_target 16 pure>)
+1148: guard_value(i72, 96, descr=<Guard0x1284108a0>) [p2, i55, i52, i11, i13, p53, p67, p62, p48, p24, p26, p44, p54, p45, p68, None, None, None, None, None, None]
debug_merge_point(0, 0, '90<main.rpyeffect:90([#193])>+0: {"op": "PrimOp". "name": "unbox(Ptr): Num". "out": {"num": [1]. "ptr": []}. "in": {"num": []. "ptr": [1]}}')
+1160: i74 = getfield_gc_i(p71, descr=<FieldS rpyeffect.region.NumBox.inst_value 8 pure>)
debug_merge_point(0, 0, '90<main.rpyeffect:90([#193])>+1: {"op": "Push". "target": 89. "args": {"num": [0. 1]. "ptr": [0]}}')
debug_merge_point(0, 0, '90<main.rpyeffect:90([#193])>+2: {"op": "Jump". "target": 85}')
debug_merge_point(0, 0, '85<main.rpyeffect:85([mcore:[#84]#185])>+0: {"op": "Invoke". "receiver": 0. "tag": Interned(%next2655():p). "args" : {"num": []. "ptr": []}}')
debug_merge_point(0, 0, '103<main.rpyeffect:103([#234])>+0: {"op": "Push". "target": 102. "args": {"num": []. "ptr": []}}')
debug_merge_point(0, 0, '103<main.rpyeffect:103([#234])>+1: {"op": "Jump". "target": 83}')
debug_merge_point(0, 0, '83<main.rpyeffect:83([mcore:[#82]#182])>+0: {"op": "Load". "out": 0. "type": "ptr". "ref": 0}')
+1164: p75 = getfield_gc_r(p58, descr=<FieldP rpyeffect.region.PtrRef.inst_value 8>)
debug_merge_point(0, 0, '83<main.rpyeffect:83([mcore:[#82]#182])>+1: {"op": "Return". "args": {"num": []. "ptr": [0]}}')
debug_merge_point(0, 0, '102<main.rpyeffect:102([k@[#234]#236])>+0: {"op": "Invoke". "receiver": 0. "tag": Interned(%apply():p). "args" : {"num": []. "ptr": []}}')
+1168: p76 = getfield_gc_r(p75, descr=<FieldP rpyeffect.stored_environment.CoData__arb_arb.inst_vtable 24 pure>)
+1172: guard_value(p76, ConstPtr(ptr77), descr=<Guard0x128410860>) [p2, i55, i52, i11, i13, p53, p67, p62, p48, p24, p26, p44, p54, p45, p68, None, None, None, None, None, None]
+1180: p78 = getfield_gc_r(p75, descr=<FieldP rpyeffect.stored_environment.CoData__0_1.inst_values_ptr_0 32 pure>)
debug_merge_point(0, 0, '108<main.rpyeffect:108([method_%apply():p@[k@[#245]#257]#260])>+0: {"op": "Jump". "target": 80}')
debug_merge_point(0, 0, '80<main.rpyeffect:80([mcore:[#79]#175])>+0: {"op": "Construct". "out": 1. "type": Interned(Unit). "tag": Interned(unit). "args": {"num": []. "ptr": []}}')
debug_merge_point(0, 0, '80<main.rpyeffect:80([mcore:[#79]#175])>+1: {"op": "Swap". "type": "ptr". "a": 1. "b". 0}')
debug_merge_point(0, 0, '80<main.rpyeffect:80([mcore:[#79]#175])>+2: {"op": "Jump". "target": 77}')
debug_merge_point(0, 0, '77<main.rpyeffect:77(Name(resume134133))>+0: {"op": "PushStack". "arg": 1}')
+1184: guard_nonnull_class(p78, 4380356296, descr=<Guard0x1283f2860>) [p2, i55, i52, i11, i13, p53, p67, p62, p48, p24, p26, p44, p54, p45, p68, None, None, None, None, None, None]
+1208: p80 = getfield_gc_r(p78, descr=<FieldP rpyeffect.stack.MetaStack.inst_region 24 pure>)
+1212: guard_isnull(p80, descr=<Guard0x128410820>) [p2, i55, i52, i11, i13, p53, p67, p62, p48, p24, p26, p44, p54, p45, p68, None, None, None, None, None, None]
+1220: p81 = getfield_gc_r(p78, descr=<FieldP rpyeffect.stack.MetaStackLike.inst_stack 8 pure>)
+1224: p82 = getfield_gc_r(p78, descr=<FieldP rpyeffect.stack.MetaStack.inst_tail 32 pure>)
+1228: guard_isnull(p82, descr=<Guard0x1284107e0>) [p2, i55, i52, i11, i13, p53, p67, p62, p48, p24, p26, p44, p54, p45, p68, None, None, None, None, None, None]
+1236: p83 = getfield_gc_r(p78, descr=<FieldP rpyeffect.stack.MetaStack.inst_label 16 pure>)
+1240: guard_nonnull(p81, descr=<Guard0x1284107a0>) [p2, i55, i52, i11, i13, p53, p67, p62, p48, p24, p26, p44, p54, p45, p68, None, None, None, None, None, None]
+1248: i84 = getfield_gc_i(p81, descr=<FieldS rpyeffect.stored_environment.Stack__arb_arb.inst_target 16 pure>)
+1252: guard_value(i84, 72, descr=<Guard0x128410760>) [p2, i55, i52, i11, i13, p53, p67, p62, p48, p24, p26, p44, p54, p45, p68, None, None, None, None, None, None]
debug_merge_point(0, 0, '77<main.rpyeffect:77(Name(resume134133))>+1: {"op": "Return". "args": {"num": []. "ptr": [0]}}')
+1264: p86 = getfield_gc_r(p81, descr=<FieldP rpyeffect.stored_environment.Stack__0_2.inst_values_ptr_0 40 pure>)
+1268: p87 = getfield_gc_r(p81, descr=<FieldP rpyeffect.stored_environment.Stack__0_2.inst_values_ptr_1 48 pure>)
+1272: p88 = getfield_gc_r(p81, descr=<FieldP rpyeffect.stored_environment.Stack__arb_arb.inst_tail 8 pure>)
+1276: guard_nonnull(p88, descr=<Guard0x128410720>) [p2, i55, i52, i11, i13, p53, p67, p62, p48, p24, p26, p44, p54, p45, p68, None, None, None, None, None, None]
+1284: i89 = getfield_gc_i(p88, descr=<FieldS rpyeffect.stored_environment.Stack__arb_arb.inst_target 16 pure>)
+1288: guard_value(i89, 73, descr=<Guard0x1284106e0>) [p2, i55, i52, i11, i13, p53, p67, p62, p48, p24, p26, p44, p54, p45, p68, None, None, None, None, None, None]
debug_merge_point(0, 0, '72<main.rpyeffect:72([k@[#167]#169])>+0: {"op": "Copy". "type": "ptr". "from": 2. "to". 0}')
debug_merge_point(0, 0, '72<main.rpyeffect:72([k@[#167]#169])>+1: {"op": "Jump". "target": 75}')
debug_merge_point(0, 0, '75<main.rpyeffect:75(Name(iterate54066))>+0: {"op": "Swap". "type": "ptr". "a": 1. "b". 0}')
debug_merge_point(0, 0, '75<main.rpyeffect:75(Name(iterate54066))>+1: {"op": "Match". "type": Interned(Tree2631). "scrutinee": 1. "clauses": [{"tag": Interned(Leaf2646). "target": 71. "args": {"num": []. "ptr": []}}. {"tag": Interned(Node2647). "target": 74. "args": {"num": [0]. "ptr": [1. 2]}}]. "default": {"tag": Interned(652a7bdb-f0ab-4706-8469-80bed1f1780f#[Missing Tag#368]). "target": 70. "args": {"num": []. "ptr": []}}}')
+1300: p91 = getfield_gc_r(p87, descr=<FieldP rpyeffect.stored_environment.Data__arb_arb.inst_tag 8>)
+1308: guard_value(p91, ConstPtr(ptr92), descr=<Guard0x128410660>) [p2, i55, i52, i11, i13, p53, p67, p62, p48, p24, p26, p44, p54, p45, p68, None, None, None, None, None, None]
+1316: i93 = getfield_gc_i(p87, descr=<FieldS rpyeffect.stored_environment.Data__1_2.inst_values_num_0 32 pure>)
+1320: p94 = getfield_gc_r(p87, descr=<FieldP rpyeffect.stored_environment.Data__1_2.inst_values_ptr_0 40 pure>)
+1324: p95 = getfield_gc_r(p87, descr=<FieldP rpyeffect.stored_environment.Data__1_2.inst_values_ptr_1 48 pure>)
debug_merge_point(0, 0, '74<main.rpyeffect:74([match_Node2647@Name(iterate54066)#165])>+0: {"op": "Push". "target": 73. "args": {"num": [0]. "ptr": [0. 2]}}')
debug_merge_point(0, 0, '74<main.rpyeffect:74([match_Node2647@Name(iterate54066)#165])>+1: {"op": "Swap". "type": "ptr". "a": 1. "b". 0}')
+1328: p96 = new_with_vtable(descr=<SizeDescr 40>)
+1340: p97 = new_with_vtable(descr=<SizeDescr 64>)
+1352: setfield_gc(p97, p54, descr=<FieldP rpyeffect.stored_environment.Stack__arb_arb.inst_tail 8 pure>)
+1356: setfield_gc(p97, 89, descr=<FieldS rpyeffect.stored_environment.Stack__arb_arb.inst_target 16 pure>)
+1364: setfield_gc(p97, i55, descr=<FieldS rpyeffect.stored_environment.Stack__2_1.inst_values_num_0 40 pure>)
+1368: setfield_gc(p97, i74, descr=<FieldS rpyeffect.stored_environment.Stack__2_1.inst_values_num_1 48 pure>)
+1372: setfield_gc(p97, p53, descr=<FieldP rpyeffect.stored_environment.Stack__2_1.inst_values_ptr_0 56 pure>)
+1376: setfield_gc(p96, p97, descr=<FieldP rpyeffect.stack.MetaStackLike.inst_stack 8 pure>)
+1380: setfield_gc(p96, p44, descr=<FieldP rpyeffect.stack.MetaStack.inst_label 16 pure>)
+1388: setfield_gc(p96, p45, descr=<FieldP rpyeffect.stack.MetaStack.inst_tail 32 pure>)
+1396: setfield_gc(p96, ConstPtr(null), descr=<FieldP rpyeffect.stack.MetaStack.inst_region 24 pure>)
+1420: jump(p83, p88, i93, p86, p95, p2, p96, ConstPtr(null), i74, i11, i13, p94, p48, p24, p26, descr=TargetToken(4970186576))
+1568: --end of the loop--
[5e3b89] jit-log-opt-loop}
[6c66a6] {jit-log-opt-loop
# Loop 3 (90<main.rpyeffect:90([#193])>+2: {"op": "Jump", "target": 85}) : loop with 274 ops
[p0, p1, p2, p3, p4]
+472: p5 = getfield_gc_r(p2, descr=<FieldP rpyeffect.environment.Environment.inst_values_num 16>)
+480: i7 = getarrayitem_gc_i(p5, 0, descr=<ArrayS 8>)
+484: i9 = getarrayitem_gc_i(p5, 1, descr=<ArrayS 8>)
+488: i11 = getarrayitem_gc_i(p5, 2, descr=<ArrayS 8>)
+492: i13 = getarrayitem_gc_i(p5, 3, descr=<ArrayS 8>)
+496: p14 = getfield_gc_r(p2, descr=<FieldP rpyeffect.environment.Environment.inst_values_ptr 24>)
+500: p16 = getarrayitem_gc_r(p14, 0, descr=<ArrayP 8>)
+504: p18 = getarrayitem_gc_r(p14, 1, descr=<ArrayP 8>)
+508: p20 = getarrayitem_gc_r(p14, 2, descr=<ArrayP 8>)
+512: p22 = getarrayitem_gc_r(p14, 3, descr=<ArrayP 8>)
+516: p24 = getarrayitem_gc_r(p14, 4, descr=<ArrayP 8>)
+520: p26 = getarrayitem_gc_r(p14, 5, descr=<ArrayP 8>)
+524: label(p0, p1, p2, p3, p4, i7, i9, i11, i13, p16, p18, p20, p22, p24, p26, descr=TargetToken(4970192656))
debug_merge_point(0, 0, '90<main.rpyeffect:90([#193])>+2: {"op": "Jump". "target": 85}')
+560: guard_not_invalidated(descr=<Guard0x1283f2a18>) [p2, i7, i9, i11, i13, p16, p18, p20, p22, p24, p26, p0, p1, p3, p4]
+564: guard_nonnull(p1, descr=<Guard0x128410b60>) [p2, i7, i9, i11, i13, p16, p18, p20, p22, p24, p26, p0, p1, p3, p4]
+576: i27 = getfield_gc_i(p1, descr=<FieldS rpyeffect.stored_environment.Stack__arb_arb.inst_target 16 pure>)
+584: guard_value(i27, 89, descr=<Guard0x128410ba0>) [p2, i7, i9, i11, i13, p16, p18, p20, p22, p24, p26, p0, p1, p3, p4]
debug_merge_point(0, 0, '85<main.rpyeffect:85([mcore:[#84]#185])>+0: {"op": "Invoke". "receiver": 0. "tag": Interned(%next2655():p). "args" : {"num": []. "ptr": []}}')
+596: p29 = getfield_gc_r(p16, descr=<FieldP rpyeffect.stored_environment.CoData__arb_arb.inst_vtable 24 pure>)
+604: guard_value(p29, ConstPtr(ptr30), descr=<Guard0x128410be0>) [p2, i7, i9, i11, i13, p16, p18, p20, p22, p24, p26, p0, p1, p3, p4]
+612: p31 = getfield_gc_r(p16, descr=<FieldP rpyeffect.stored_environment.CoData__0_2.inst_values_ptr_0 32 pure>)
+616: p32 = getfield_gc_r(p16, descr=<FieldP rpyeffect.stored_environment.CoData__0_2.inst_values_ptr_1 40 pure>)
debug_merge_point(0, 0, '103<main.rpyeffect:103([#234])>+0: {"op": "Push". "target": 102. "args": {"num": []. "ptr": []}}')
debug_merge_point(0, 0, '103<main.rpyeffect:103([#234])>+1: {"op": "Jump". "target": 83}')
debug_merge_point(0, 0, '83<main.rpyeffect:83([mcore:[#82]#182])>+0: {"op": "Load". "out": 0. "type": "ptr". "ref": 0}')
+616: p33 = getfield_gc_r(p31, descr=<FieldP rpyeffect.region.PtrRef.inst_value 8>)
debug_merge_point(0, 0, '83<main.rpyeffect:83([mcore:[#82]#182])>+1: {"op": "Return". "args": {"num": []. "ptr": [0]}}')
debug_merge_point(0, 0, '102<main.rpyeffect:102([k@[#234]#236])>+0: {"op": "Invoke". "receiver": 0. "tag": Interned(%apply():p). "args" : {"num": []. "ptr": []}}')
+620: p34 = getfield_gc_r(p33, descr=<FieldP rpyeffect.stored_environment.CoData__arb_arb.inst_vtable 24 pure>)
+628: guard_value(p34, ConstPtr(ptr35), descr=<Guard0x128410c20>) [p2, i7, i9, i11, i13, p16, p18, p20, p22, p24, p26, p0, p1, p3, p4]
+636: p36 = getfield_gc_r(p33, descr=<FieldP rpyeffect.stored_environment.CoData__0_1.inst_values_ptr_0 32 pure>)
debug_merge_point(0, 0, '108<main.rpyeffect:108([method_%apply():p@[k@[#245]#257]#260])>+0: {"op": "Jump". "target": 80}')
debug_merge_point(0, 0, '80<main.rpyeffect:80([mcore:[#79]#175])>+0: {"op": "Construct". "out": 1. "type": Interned(Unit). "tag": Interned(unit). "args": {"num": []. "ptr": []}}')
debug_merge_point(0, 0, '80<main.rpyeffect:80([mcore:[#79]#175])>+1: {"op": "Swap". "type": "ptr". "a": 1. "b". 0}')
debug_merge_point(0, 0, '80<main.rpyeffect:80([mcore:[#79]#175])>+2: {"op": "Jump". "target": 77}')
debug_merge_point(0, 0, '77<main.rpyeffect:77(Name(resume134133))>+0: {"op": "PushStack". "arg": 1}')
+640: guard_isnull(p4, descr=<Guard0x128410c60>) [p2, i7, i9, i11, i13, p16, p18, p20, p22, p24, p26, p0, p1, p3, p4]
+652: guard_nonnull_class(p36, 4380356296, descr=<Guard0x1283f2a70>) [p2, i7, i9, i11, i13, p16, p18, p20, p22, p24, p26, p0, p1, p3, p4]
+676: p38 = getfield_gc_r(p36, descr=<FieldP rpyeffect.stack.MetaStack.inst_region 24 pure>)
+680: guard_isnull(p38, descr=<Guard0x128410ca0>) [p2, i7, i9, i11, i13, p16, p18, p20, p22, p24, p26, p0, p1, p3, p4]
+688: p39 = getfield_gc_r(p36, descr=<FieldP rpyeffect.stack.MetaStackLike.inst_stack 8 pure>)
+692: p40 = getfield_gc_r(p36, descr=<FieldP rpyeffect.stack.MetaStack.inst_tail 32 pure>)
+696: guard_isnull(p40, descr=<Guard0x128410ce0>) [p2, i7, i9, i11, i13, p16, p18, p20, p22, p24, p26, p0, p1, p3, p4]
+704: p41 = getfield_gc_r(p36, descr=<FieldP rpyeffect.stack.MetaStack.inst_label 16 pure>)
+708: guard_nonnull(p39, descr=<Guard0x128410d20>) [p2, i7, i9, i11, i13, p16, p18, p20, p22, p24, p26, p0, p1, p3, p4]
+716: i42 = getfield_gc_i(p39, descr=<FieldS rpyeffect.stored_environment.Stack__arb_arb.inst_target 16 pure>)
+720: guard_value(i42, 72, descr=<Guard0x128410d60>) [p2, i7, i9, i11, i13, p16, p18, p20, p22, p24, p26, p0, p1, p3, p4]
debug_merge_point(0, 0, '77<main.rpyeffect:77(Name(resume134133))>+1: {"op": "Return". "args": {"num": []. "ptr": [0]}}')
+732: p44 = getfield_gc_r(p39, descr=<FieldP rpyeffect.stored_environment.Stack__0_2.inst_values_ptr_0 40 pure>)
+732: p45 = getfield_gc_r(p39, descr=<FieldP rpyeffect.stored_environment.Stack__0_2.inst_values_ptr_1 48 pure>)
+736: p46 = getfield_gc_r(p39, descr=<FieldP rpyeffect.stored_environment.Stack__arb_arb.inst_tail 8 pure>)
+740: guard_nonnull(p46, descr=<Guard0x128410da0>) [p2, i7, i9, i11, i13, p16, p18, p20, p22, p24, p26, p0, p1, p3, p4]
+748: i47 = getfield_gc_i(p46, descr=<FieldS rpyeffect.stored_environment.Stack__arb_arb.inst_target 16 pure>)
+752: guard_value(i47, 73, descr=<Guard0x128410de0>) [p2, i7, i9, i11, i13, p16, p18, p20, p22, p24, p26, p0, p1, p3, p4]
debug_merge_point(0, 0, '72<main.rpyeffect:72([k@[#167]#169])>+0: {"op": "Copy". "type": "ptr". "from": 2. "to". 0}')
debug_merge_point(0, 0, '72<main.rpyeffect:72([k@[#167]#169])>+1: {"op": "Jump". "target": 75}')
debug_merge_point(0, 0, '75<main.rpyeffect:75(Name(iterate54066))>+0: {"op": "Swap". "type": "ptr". "a": 1. "b". 0}')
debug_merge_point(0, 0, '75<main.rpyeffect:75(Name(iterate54066))>+1: {"op": "Match". "type": Interned(Tree2631). "scrutinee": 1. "clauses": [{"tag": Interned(Leaf2646). "target": 71. "args": {"num": []. "ptr": []}}. {"tag": Interned(Node2647). "target": 74. "args": {"num": [0]. "ptr": [1. 2]}}]. "default": {"tag": Interned(652a7bdb-f0ab-4706-8469-80bed1f1780f#[Missing Tag#368]). "target": 70. "args": {"num": []. "ptr": []}}}')
+764: p49 = getfield_gc_r(p45, descr=<FieldP rpyeffect.stored_environment.Data__arb_arb.inst_tag 8>)
+772: guard_value(p49, ConstPtr(ptr50), descr=<Guard0x128410e20>) [p2, i7, i9, i11, i13, p16, p18, p20, p22, p24, p26, p0, p1, p3, p4]
debug_merge_point(0, 0, '71<main.rpyeffect:71([match_Leaf2646@Name(iterate54066)#163])>+0: {"op": "Construct". "out": 0. "type": Interned(Unit). "tag": Interned(unit). "args": {"num": []. "ptr": []}}')
debug_merge_point(0, 0, '71<main.rpyeffect:71([match_Leaf2646@Name(iterate54066)#163])>+1: {"op": "Return". "args": {"num": []. "ptr": [0]}}')
+780: i51 = getfield_gc_i(p46, descr=<FieldS rpyeffect.stored_environment.Stack__1_2.inst_values_num_0 40 pure>)
+784: p52 = getfield_gc_r(p46, descr=<FieldP rpyeffect.stored_environment.Stack__1_2.inst_values_ptr_0 48 pure>)
+788: p53 = getfield_gc_r(p46, descr=<FieldP rpyeffect.stored_environment.Stack__1_2.inst_values_ptr_1 56 pure>)
+792: p54 = getfield_gc_r(p46, descr=<FieldP rpyeffect.stored_environment.Stack__arb_arb.inst_tail 8 pure>)
debug_merge_point(0, 0, '73<main.rpyeffect:73([#167])>+0: {"op": "Push". "target": 72. "args": {"num": []. "ptr": [1. 2]}}')
debug_merge_point(0, 0, '73<main.rpyeffect:73([#167])>+1: {"op": "Copy". "type": "ptr". "from": 1. "to". 0}')
debug_merge_point(0, 0, '73<main.rpyeffect:73([#167])>+2: {"op": "Jump". "target": 69}')
debug_merge_point(0, 0, '69<main.rpyeffect:69([mcore:[#74]#161])>+0: {"op": "Invoke". "receiver": 0. "tag": Interned(%yield2645(n):p). "args" : {"num": [0]. "ptr": []}}')
+796: p55 = getfield_gc_r(p52, descr=<FieldP rpyeffect.stored_environment.CoData__arb_arb.inst_vtable 24 pure>)
+804: guard_value(p55, ConstPtr(ptr56), descr=<Guard0x128410e60>) [p2, i7, i9, i11, i13, p16, p18, p20, p22, p24, p26, p0, p1, p3, p4]
+812: p57 = getfield_gc_r(p52, descr=<FieldP rpyeffect.stored_environment.CoData__0_3.inst_values_ptr_0 32 pure>)
+816: p58 = getfield_gc_r(p52, descr=<FieldP rpyeffect.stored_environment.CoData__0_3.inst_values_ptr_1 40 pure>)
+820: p59 = getfield_gc_r(p52, descr=<FieldP rpyeffect.stored_environment.CoData__0_3.inst_values_ptr_2 48 pure>)
debug_merge_point(0, 0, '110<main.rpyeffect:110([#245])>+0: {"op": "Const". "type": "num". "out": 1. "value": 0}')
debug_merge_point(0, 0, '110<main.rpyeffect:110([#245])>+1: {"op": "ShiftDyn". "out": 1. "n": 1. "label": 1}')
+824: i60 = getfield_gc_i(p41, descr=<FieldS rpyeffect.stack.Label.inst_origin 8 pure>)
+828: i61 = getfield_gc_i(p58, descr=<FieldS rpyeffect.stack.Label.inst_origin 8 pure>)
+832: i62 = int_ne(i60, i61)
guard_false(i62, descr=<Guard0x128410ea0>) [p2, i7, i9, i11, i13, p16, p18, p20, p22, p24, p26, p0, p1, p3, p4]
+840: i63 = instance_ptr_eq(p41, p58)
guard_true(i63, descr=<Guard0x128410ee0>) [p2, i7, i9, i11, i13, p16, p18, p20, p22, p24, p26, p0, p1, p3, p4]
debug_merge_point(0, 0, '110<main.rpyeffect:110([#245])>+2: {"op": "PrimOp". "name": "box(Num): Ptr". "out": {"num": []. "ptr": [3]}. "in": {"num": [0]. "ptr": []}}')
debug_merge_point(0, 0, '110<main.rpyeffect:110([#245])>+3: {"op": "Construct". "out": 3. "type": Interned(Option687). "tag": Interned(Some743). "args": {"num": []. "ptr": [3]}}')
debug_merge_point(0, 0, '110<main.rpyeffect:110([#245])>+4: {"op": "Push". "target": 109. "args": {"num": []. "ptr": [0. 1]}}')
debug_merge_point(0, 0, '110<main.rpyeffect:110([#245])>+5: {"op": "Copy". "type": "ptr". "from": 3. "to". 0}')
debug_merge_point(0, 0, '110<main.rpyeffect:110([#245])>+6: {"op": "Copy". "type": "ptr". "from": 2. "to". 1}')
debug_merge_point(0, 0, '110<main.rpyeffect:110([#245])>+7: {"op": "Jump". "target": 78}')
debug_merge_point(0, 0, '78<main.rpyeffect:78([mcore:[#76]#171])>+0: {"op": "Store". "ref": 1. "type": "ptr". "value": 0}')
debug_merge_point(0, 0, '78<main.rpyeffect:78([mcore:[#76]#171])>+1: {"op": "Construct". "out": 0. "type": Interned(Unit). "tag": Interned(unit). "args": {"num": []. "ptr": []}}')
debug_merge_point(0, 0, '78<main.rpyeffect:78([mcore:[#76]#171])>+2: {"op": "Return". "args": {"num": []. "ptr": [0]}}')
debug_merge_point(0, 0, '109<main.rpyeffect:109([k@[#245]#257])>+0: {"op": "New". "out": 0. "targets": [108]. "args": {"num": []. "ptr": [2]}}')
debug_merge_point(0, 0, '109<main.rpyeffect:109([k@[#245]#257])>+1: {"op": "Jump". "target": 79}')
debug_merge_point(0, 0, '79<main.rpyeffect:79([mcore:[#77]#173])>+0: {"op": "Store". "ref": 1. "type": "ptr". "value": 0}')
+848: p64 = new_with_vtable(descr=<SizeDescr 40>)
+964: setfield_gc(p64, ConstPtr(ptr65), descr=<FieldP rpyeffect.stored_environment.Data__arb_arb.inst_tag 8>)
+968: p66 = new_with_vtable(descr=<SizeDescr 16>)
+980: setfield_gc(p66, i51, descr=<FieldS rpyeffect.region.NumBox.inst_value 8 pure>)
+984: setfield_gc(p64, p66, descr=<FieldP rpyeffect.stored_environment.Data__0_1.inst_values_ptr_0 32 pure>)
+1052: setfield_gc(p59, p64, descr=<FieldP rpyeffect.region.PtrRef.inst_value 8>)
debug_merge_point(0, 0, '79<main.rpyeffect:79([mcore:[#77]#173])>+1: {"op": "Construct". "out": 0. "type": Interned(Unit). "tag": Interned(unit). "args": {"num": []. "ptr": []}}')
debug_merge_point(0, 0, '79<main.rpyeffect:79([mcore:[#77]#173])>+2: {"op": "Return". "args": {"num": []. "ptr": [0]}}')
+1072: i67 = getfield_gc_i(p1, descr=<FieldS rpyeffect.stored_environment.Stack__2_1.inst_values_num_0 40 pure>)
+1076: i68 = getfield_gc_i(p1, descr=<FieldS rpyeffect.stored_environment.Stack__2_1.inst_values_num_1 48 pure>)
+1080: p69 = getfield_gc_r(p1, descr=<FieldP rpyeffect.stored_environment.Stack__2_1.inst_values_ptr_0 56 pure>)
+1084: p70 = getfield_gc_r(p1, descr=<FieldP rpyeffect.stored_environment.Stack__arb_arb.inst_tail 8 pure>)
debug_merge_point(0, 0, '89<main.rpyeffect:89([k@[#193]#197])>+0: {"op": "Push". "target": 88. "args": {"num": []. "ptr": [1]}}')
debug_merge_point(0, 0, '89<main.rpyeffect:89([k@[#193]#197])>+1: {"op": "Jump". "target": 6}')
debug_merge_point(0, 0, '6<main.rpyeffect:6(Name(infixAdd95))>+0: {"op": "PrimOp". "name": "infixAdd(Int. Int): Int". "out": {"num": [0]. "ptr": []}. "in": {"num": [0. 1]. "ptr": []}}')
+1088: i71 = int_add(i67, i68)
debug_merge_point(0, 0, '6<main.rpyeffect:6(Name(infixAdd95))>+1: {"op": "Return". "args": {"num": [0]. "ptr": []}}')
debug_merge_point(0, 0, '88<main.rpyeffect:88([k@[k@[#193]#197]#199])>+0: {"op": "Jump". "target": 92}')
debug_merge_point(0, 0, '92<main.rpyeffect:92(Name(consumer234073))>+0: {"op": "Push". "target": 91. "args": {"num": [0]. "ptr": [0]}}')
debug_merge_point(0, 0, '92<main.rpyeffect:92(Name(consumer234073))>+1: {"op": "Jump". "target": 84}')
debug_merge_point(0, 0, '84<main.rpyeffect:84([mcore:[#83]#184])>+0: {"op": "Invoke". "receiver": 0. "tag": Interned(%value2654():p). "args" : {"num": []. "ptr": []}}')
+1092: p72 = getfield_gc_r(p69, descr=<FieldP rpyeffect.stored_environment.CoData__arb_arb.inst_vtable 24 pure>)
+1096: guard_value(p72, ConstPtr(ptr73), descr=<Guard0x1283f2ac8>) [p2, i71, i68, i11, i13, p69, p64, p24, p26, p0, p3, p72, p57, p70, p53, p52, p54, p41]
+1104: p74 = getfield_gc_r(p69, descr=<FieldP rpyeffect.stored_environment.CoData__0_2.inst_values_ptr_0 32 pure>)
+1108: p75 = getfield_gc_r(p69, descr=<FieldP rpyeffect.stored_environment.CoData__0_2.inst_values_ptr_1 40 pure>)
debug_merge_point(0, 0, '100<main.rpyeffect:100([#230])>+0: {"op": "Copy". "type": "ptr". "from": 1. "to". 0}')
debug_merge_point(0, 0, '100<main.rpyeffect:100([#230])>+1: {"op": "Jump". "target": 82}')
debug_merge_point(0, 0, '82<main.rpyeffect:82([mcore:[#81]#180])>+0: {"op": "Load". "out": 0. "type": "ptr". "ref": 0}')
+1112: p76 = new_with_vtable(descr=<SizeDescr 40>)
+1124: setfield_gc(p76, ConstPtr(ptr77), descr=<FieldP rpyeffect.stored_environment.CoData__arb_arb.inst_vtable 24 pure>)
+1128: p78 = new_with_vtable(descr=<SizeDescr 40>)
+1140: p79 = new_with_vtable(descr=<SizeDescr 56>)
+1156: setfield_gc(p79, p54, descr=<FieldP rpyeffect.stored_environment.Stack__arb_arb.inst_tail 8 pure>)
+1160: setfield_gc(p79, 72, descr=<FieldS rpyeffect.stored_environment.Stack__arb_arb.inst_target 16 pure>)
+1168: setfield_gc(p79, p52, descr=<FieldP rpyeffect.stored_environment.Stack__0_2.inst_values_ptr_0 40 pure>)
+1172: setfield_gc(p79, p53, descr=<FieldP rpyeffect.stored_environment.Stack__0_2.inst_values_ptr_1 48 pure>)
+1176: setfield_gc(p78, p79, descr=<FieldP rpyeffect.stack.MetaStackLike.inst_stack 8 pure>)
+1180: setfield_gc(p78, p41, descr=<FieldP rpyeffect.stack.MetaStack.inst_label 16 pure>)
+1184: setfield_gc(p78, ConstPtr(null), descr=<FieldP rpyeffect.stack.MetaStack.inst_region 24 pure>)
+1192: setfield_gc(p78, ConstPtr(null), descr=<FieldP rpyeffect.stack.MetaStack.inst_tail 32 pure>)
+1200: setfield_gc(p76, p78, descr=<FieldP rpyeffect.stored_environment.CoData__0_1.inst_values_ptr_0 32 pure>)
+1268: setfield_gc(p57, p76, descr=<FieldP rpyeffect.region.PtrRef.inst_value 8>)
+1304: p83 = getfield_gc_r(p75, descr=<FieldP rpyeffect.region.PtrRef.inst_value 8>)
debug_merge_point(0, 0, '82<main.rpyeffect:82([mcore:[#81]#180])>+1: {"op": "Return". "args": {"num": []. "ptr": [0]}}')
debug_merge_point(0, 0, '91<main.rpyeffect:91([k@Name(consumer234073)#187])>+0: {"op": "Swap". "type": "ptr". "a": 1. "b". 0}')
debug_merge_point(0, 0, '91<main.rpyeffect:91([k@Name(consumer234073)#187])>+1: {"op": "Match". "type": Interned(Option687). "scrutinee": 1. "clauses": [{"tag": Interned(None742). "target": 87. "args": {"num": []. "ptr": []}}. {"tag": Interned(Some743). "target": 90. "args": {"num": []. "ptr": [1]}}]. "default": {"tag": Interned(652a7bdb-f0ab-4706-8469-80bed1f1780f#[Missing Tag#369]). "target": 86. "args": {"num": []. "ptr": []}}}')
+1308: p84 = getfield_gc_r(p83, descr=<FieldP rpyeffect.stored_environment.Data__arb_arb.inst_tag 8>)
+1312: guard_value(p84, ConstPtr(ptr85), descr=<Guard0x1283f2b20>) [p2, i71, i68, i11, i13, p69, p83, p78, p64, p24, p26, p0, p70, p3, p84, None, None, None, None, None, None]
+1320: p87 = getfield_gc_r(p83, descr=<FieldP rpyeffect.stored_environment.Data__0_1.inst_values_ptr_0 32 pure>)
+1324: guard_nonnull(p70, descr=<Guard0x128410f20>) [p2, i71, i68, i11, i13, p69, p83, p78, p64, p24, p26, p0, p70, p3, p84, None, None, None, None, None, None]
+1332: i88 = getfield_gc_i(p70, descr=<FieldS rpyeffect.stored_environment.Stack__arb_arb.inst_target 16 pure>)
+1336: guard_value(i88, 96, descr=<Guard0x128410f60>) [p2, i71, i68, i11, i13, p69, p83, p78, p64, p24, p26, p0, p70, p3, p84, None, None, None, None, None, None]
debug_merge_point(0, 0, '90<main.rpyeffect:90([#193])>+0: {"op": "PrimOp". "name": "unbox(Ptr): Num". "out": {"num": [1]. "ptr": []}. "in": {"num": []. "ptr": [1]}}')
+1348: i90 = getfield_gc_i(p87, descr=<FieldS rpyeffect.region.NumBox.inst_value 8 pure>)
debug_merge_point(0, 0, '90<main.rpyeffect:90([#193])>+1: {"op": "Push". "target": 89. "args": {"num": [0. 1]. "ptr": [0]}}')
debug_merge_point(0, 0, '90<main.rpyeffect:90([#193])>+2: {"op": "Jump". "target": 85}')
+1352: label(p0, p70, i71, i90, p69, p2, p3, i11, i13, p87, p78, p64, p24, p26, p74, p75, descr=TargetToken(4970192736))
debug_merge_point(0, 0, '90<main.rpyeffect:90([#193])>+2: {"op": "Jump". "target": 85}')
+1368: guard_not_invalidated(descr=<Guard0x1283f2b78>) [p2, i71, i90, i11, i13, p69, p87, p78, p64, p24, p26, p0, p3, p70]
debug_merge_point(0, 0, '85<main.rpyeffect:85([mcore:[#84]#185])>+0: {"op": "Invoke". "receiver": 0. "tag": Interned(%next2655():p). "args" : {"num": []. "ptr": []}}')
debug_merge_point(0, 0, '103<main.rpyeffect:103([#234])>+0: {"op": "Push". "target": 102. "args": {"num": []. "ptr": []}}')
debug_merge_point(0, 0, '103<main.rpyeffect:103([#234])>+1: {"op": "Jump". "target": 83}')
debug_merge_point(0, 0, '83<main.rpyeffect:83([mcore:[#82]#182])>+0: {"op": "Load". "out": 0. "type": "ptr". "ref": 0}')
+1372: p91 = getfield_gc_r(p74, descr=<FieldP rpyeffect.region.PtrRef.inst_value 8>)
debug_merge_point(0, 0, '83<main.rpyeffect:83([mcore:[#82]#182])>+1: {"op": "Return". "args": {"num": []. "ptr": [0]}}')
debug_merge_point(0, 0, '102<main.rpyeffect:102([k@[#234]#236])>+0: {"op": "Invoke". "receiver": 0. "tag": Interned(%apply():p). "args" : {"num": []. "ptr": []}}')
+1376: p92 = getfield_gc_r(p91, descr=<FieldP rpyeffect.stored_environment.CoData__arb_arb.inst_vtable 24 pure>)
+1384: guard_value(p92, ConstPtr(ptr93), descr=<Guard0x128410fa0>) [p2, i71, i90, i11, i13, p69, p87, p78, p64, p24, p26, p0, p3, p70]
+1392: p94 = getfield_gc_r(p91, descr=<FieldP rpyeffect.stored_environment.CoData__0_1.inst_values_ptr_0 32 pure>)
debug_merge_point(0, 0, '108<main.rpyeffect:108([method_%apply():p@[k@[#245]#257]#260])>+0: {"op": "Jump". "target": 80}')
debug_merge_point(0, 0, '80<main.rpyeffect:80([mcore:[#79]#175])>+0: {"op": "Construct". "out": 1. "type": Interned(Unit). "tag": Interned(unit). "args": {"num": []. "ptr": []}}')
debug_merge_point(0, 0, '80<main.rpyeffect:80([mcore:[#79]#175])>+1: {"op": "Swap". "type": "ptr". "a": 1. "b". 0}')
debug_merge_point(0, 0, '80<main.rpyeffect:80([mcore:[#79]#175])>+2: {"op": "Jump". "target": 77}')
debug_merge_point(0, 0, '77<main.rpyeffect:77(Name(resume134133))>+0: {"op": "PushStack". "arg": 1}')
+1396: guard_nonnull_class(p94, 4380356296, descr=<Guard0x1283f2bd0>) [p2, i71, i90, i11, i13, p69, p87, p78, p64, p24, p26, p0, p3, p70]
+1420: p96 = getfield_gc_r(p94, descr=<FieldP rpyeffect.stack.MetaStack.inst_region 24 pure>)
+1424: guard_isnull(p96, descr=<Guard0x128410fe0>) [p2, i71, i90, i11, i13, p69, p87, p78, p64, p24, p26, p0, p3, p70]
+1432: p97 = getfield_gc_r(p94, descr=<FieldP rpyeffect.stack.MetaStackLike.inst_stack 8 pure>)
+1436: p98 = getfield_gc_r(p94, descr=<FieldP rpyeffect.stack.MetaStack.inst_tail 32 pure>)
+1440: guard_isnull(p98, descr=<Guard0x128411020>) [p2, i71, i90, i11, i13, p69, p87, p78, p64, p24, p26, p0, p3, p70]
+1448: p99 = getfield_gc_r(p94, descr=<FieldP rpyeffect.stack.MetaStack.inst_label 16 pure>)
+1452: guard_nonnull(p97, descr=<Guard0x128411060>) [p2, i71, i90, i11, i13, p69, p87, p78, p64, p24, p26, p0, p3, p70]
+1460: i100 = getfield_gc_i(p97, descr=<FieldS rpyeffect.stored_environment.Stack__arb_arb.inst_target 16 pure>)
+1464: guard_value(i100, 72, descr=<Guard0x1284110a0>) [p2, i71, i90, i11, i13, p69, p87, p78, p64, p24, p26, p0, p3, p70]
debug_merge_point(0, 0, '77<main.rpyeffect:77(Name(resume134133))>+1: {"op": "Return". "args": {"num": []. "ptr": [0]}}')
+1476: p102 = getfield_gc_r(p97, descr=<FieldP rpyeffect.stored_environment.Stack__0_2.inst_values_ptr_0 40 pure>)
+1476: p103 = getfield_gc_r(p97, descr=<FieldP rpyeffect.stored_environment.Stack__0_2.inst_values_ptr_1 48 pure>)
+1480: p104 = getfield_gc_r(p97, descr=<FieldP rpyeffect.stored_environment.Stack__arb_arb.inst_tail 8 pure>)
+1484: guard_nonnull(p104, descr=<Guard0x1284110e0>) [p2, i71, i90, i11, i13, p69, p87, p78, p64, p24, p26, p0, p3, p70]
+1492: i105 = getfield_gc_i(p104, descr=<FieldS rpyeffect.stored_environment.Stack__arb_arb.inst_target 16 pure>)
+1496: guard_value(i105, 73, descr=<Guard0x128411120>) [p2, i71, i90, i11, i13, p69, p87, p78, p64, p24, p26, p0, p3, p70]
debug_merge_point(0, 0, '72<main.rpyeffect:72([k@[#167]#169])>+0: {"op": "Copy". "type": "ptr". "from": 2. "to". 0}')
debug_merge_point(0, 0, '72<main.rpyeffect:72([k@[#167]#169])>+1: {"op": "Jump". "target": 75}')
debug_merge_point(0, 0, '75<main.rpyeffect:75(Name(iterate54066))>+0: {"op": "Swap". "type": "ptr". "a": 1. "b". 0}')
debug_merge_point(0, 0, '75<main.rpyeffect:75(Name(iterate54066))>+1: {"op": "Match". "type": Interned(Tree2631). "scrutinee": 1. "clauses": [{"tag": Interned(Leaf2646). "target": 71. "args": {"num": []. "ptr": []}}. {"tag": Interned(Node2647). "target": 74. "args": {"num": [0]. "ptr": [1. 2]}}]. "default": {"tag": Interned(652a7bdb-f0ab-4706-8469-80bed1f1780f#[Missing Tag#368]). "target": 70. "args": {"num": []. "ptr": []}}}')
+1508: p107 = getfield_gc_r(p103, descr=<FieldP rpyeffect.stored_environment.Data__arb_arb.inst_tag 8>)
+1516: guard_value(p107, ConstPtr(ptr108), descr=<Guard0x128411160>) [p2, i71, i90, i11, i13, p69, p87, p78, p64, p24, p26, p0, p3, p70]
debug_merge_point(0, 0, '71<main.rpyeffect:71([match_Leaf2646@Name(iterate54066)#163])>+0: {"op": "Construct". "out": 0. "type": Interned(Unit). "tag": Interned(unit). "args": {"num": []. "ptr": []}}')
debug_merge_point(0, 0, '71<main.rpyeffect:71([match_Leaf2646@Name(iterate54066)#163])>+1: {"op": "Return". "args": {"num": []. "ptr": [0]}}')
+1524: i109 = getfield_gc_i(p104, descr=<FieldS rpyeffect.stored_environment.Stack__1_2.inst_values_num_0 40 pure>)
+1528: p110 = getfield_gc_r(p104, descr=<FieldP rpyeffect.stored_environment.Stack__1_2.inst_values_ptr_0 48 pure>)
+1532: p111 = getfield_gc_r(p104, descr=<FieldP rpyeffect.stored_environment.Stack__1_2.inst_values_ptr_1 56 pure>)
+1536: p112 = getfield_gc_r(p104, descr=<FieldP rpyeffect.stored_environment.Stack__arb_arb.inst_tail 8 pure>)
debug_merge_point(0, 0, '73<main.rpyeffect:73([#167])>+0: {"op": "Push". "target": 72. "args": {"num": []. "ptr": [1. 2]}}')
debug_merge_point(0, 0, '73<main.rpyeffect:73([#167])>+1: {"op": "Copy". "type": "ptr". "from": 1. "to". 0}')
debug_merge_point(0, 0, '73<main.rpyeffect:73([#167])>+2: {"op": "Jump". "target": 69}')
debug_merge_point(0, 0, '69<main.rpyeffect:69([mcore:[#74]#161])>+0: {"op": "Invoke". "receiver": 0. "tag": Interned(%yield2645(n):p). "args" : {"num": [0]. "ptr": []}}')
+1540: p113 = getfield_gc_r(p110, descr=<FieldP rpyeffect.stored_environment.CoData__arb_arb.inst_vtable 24 pure>)
+1548: guard_value(p113, ConstPtr(ptr114), descr=<Guard0x1284111a0>) [p2, i71, i90, i11, i13, p69, p87, p78, p64, p24, p26, p0, p3, p70]
+1556: p115 = getfield_gc_r(p110, descr=<FieldP rpyeffect.stored_environment.CoData__0_3.inst_values_ptr_0 32 pure>)
+1560: p116 = getfield_gc_r(p110, descr=<FieldP rpyeffect.stored_environment.CoData__0_3.inst_values_ptr_1 40 pure>)
+1564: p117 = getfield_gc_r(p110, descr=<FieldP rpyeffect.stored_environment.CoData__0_3.inst_values_ptr_2 48 pure>)
debug_merge_point(0, 0, '110<main.rpyeffect:110([#245])>+0: {"op": "Const". "type": "num". "out": 1. "value": 0}')
debug_merge_point(0, 0, '110<main.rpyeffect:110([#245])>+1: {"op": "ShiftDyn". "out": 1. "n": 1. "label": 1}')
+1568: i118 = getfield_gc_i(p99, descr=<FieldS rpyeffect.stack.Label.inst_origin 8 pure>)
+1572: i119 = getfield_gc_i(p116, descr=<FieldS rpyeffect.stack.Label.inst_origin 8 pure>)
+1576: i120 = int_ne(i118, i119)
guard_false(i120, descr=<Guard0x1284111e0>) [p2, i71, i90, i11, i13, p69, p87, p78, p64, p24, p26, p0, p3, p70]
+1584: i121 = instance_ptr_eq(p99, p116)
guard_true(i121, descr=<Guard0x128411220>) [p2, i71, i90, i11, i13, p69, p87, p78, p64, p24, p26, p0, p3, p70]
debug_merge_point(0, 0, '110<main.rpyeffect:110([#245])>+2: {"op": "PrimOp". "name": "box(Num): Ptr". "out": {"num": []. "ptr": [3]}. "in": {"num": [0]. "ptr": []}}')
debug_merge_point(0, 0, '110<main.rpyeffect:110([#245])>+3: {"op": "Construct". "out": 3. "type": Interned(Option687). "tag": Interned(Some743). "args": {"num": []. "ptr": [3]}}')
debug_merge_point(0, 0, '110<main.rpyeffect:110([#245])>+4: {"op": "Push". "target": 109. "args": {"num": []. "ptr": [0. 1]}}')
debug_merge_point(0, 0, '110<main.rpyeffect:110([#245])>+5: {"op": "Copy". "type": "ptr". "from": 3. "to". 0}')
debug_merge_point(0, 0, '110<main.rpyeffect:110([#245])>+6: {"op": "Copy". "type": "ptr". "from": 2. "to". 1}')
debug_merge_point(0, 0, '110<main.rpyeffect:110([#245])>+7: {"op": "Jump". "target": 78}')
debug_merge_point(0, 0, '78<main.rpyeffect:78([mcore:[#76]#171])>+0: {"op": "Store". "ref": 1. "type": "ptr". "value": 0}')
debug_merge_point(0, 0, '78<main.rpyeffect:78([mcore:[#76]#171])>+1: {"op": "Construct". "out": 0. "type": Interned(Unit). "tag": Interned(unit). "args": {"num": []. "ptr": []}}')
debug_merge_point(0, 0, '78<main.rpyeffect:78([mcore:[#76]#171])>+2: {"op": "Return". "args": {"num": []. "ptr": [0]}}')
debug_merge_point(0, 0, '109<main.rpyeffect:109([k@[#245]#257])>+0: {"op": "New". "out": 0. "targets": [108]. "args": {"num": []. "ptr": [2]}}')
debug_merge_point(0, 0, '109<main.rpyeffect:109([k@[#245]#257])>+1: {"op": "Jump". "target": 79}')
debug_merge_point(0, 0, '79<main.rpyeffect:79([mcore:[#77]#173])>+0: {"op": "Store". "ref": 1. "type": "ptr". "value": 0}')
+1592: p122 = new_with_vtable(descr=<SizeDescr 40>)
+1708: setfield_gc(p122, ConstPtr(ptr123), descr=<FieldP rpyeffect.stored_environment.Data__arb_arb.inst_tag 8>)
+1712: p124 = new_with_vtable(descr=<SizeDescr 16>)
+1724: setfield_gc(p124, i109, descr=<FieldS rpyeffect.region.NumBox.inst_value 8 pure>)
+1728: setfield_gc(p122, p124, descr=<FieldP rpyeffect.stored_environment.Data__0_1.inst_values_ptr_0 32 pure>)
+1796: setfield_gc(p117, p122, descr=<FieldP rpyeffect.region.PtrRef.inst_value 8>)
debug_merge_point(0, 0, '79<main.rpyeffect:79([mcore:[#77]#173])>+1: {"op": "Construct". "out": 0. "type": Interned(Unit). "tag": Interned(unit). "args": {"num": []. "ptr": []}}')
debug_merge_point(0, 0, '79<main.rpyeffect:79([mcore:[#77]#173])>+2: {"op": "Return". "args": {"num": []. "ptr": [0]}}')
debug_merge_point(0, 0, '89<main.rpyeffect:89([k@[#193]#197])>+0: {"op": "Push". "target": 88. "args": {"num": []. "ptr": [1]}}')
debug_merge_point(0, 0, '89<main.rpyeffect:89([k@[#193]#197])>+1: {"op": "Jump". "target": 6}')
debug_merge_point(0, 0, '6<main.rpyeffect:6(Name(infixAdd95))>+0: {"op": "PrimOp". "name": "infixAdd(Int. Int): Int". "out": {"num": [0]. "ptr": []}. "in": {"num": [0. 1]. "ptr": []}}')
+1800: i125 = int_add(i71, i90)
debug_merge_point(0, 0, '6<main.rpyeffect:6(Name(infixAdd95))>+1: {"op": "Return". "args": {"num": [0]. "ptr": []}}')
debug_merge_point(0, 0, '88<main.rpyeffect:88([k@[k@[#193]#197]#199])>+0: {"op": "Jump". "target": 92}')
debug_merge_point(0, 0, '92<main.rpyeffect:92(Name(consumer234073))>+0: {"op": "Push". "target": 91. "args": {"num": [0]. "ptr": [0]}}')
debug_merge_point(0, 0, '92<main.rpyeffect:92(Name(consumer234073))>+1: {"op": "Jump". "target": 84}')
debug_merge_point(0, 0, '84<main.rpyeffect:84([mcore:[#83]#184])>+0: {"op": "Invoke". "receiver": 0. "tag": Interned(%value2654():p). "args" : {"num": []. "ptr": []}}')
debug_merge_point(0, 0, '100<main.rpyeffect:100([#230])>+0: {"op": "Copy". "type": "ptr". "from": 1. "to". 0}')
debug_merge_point(0, 0, '100<main.rpyeffect:100([#230])>+1: {"op": "Jump". "target": 82}')
debug_merge_point(0, 0, '82<main.rpyeffect:82([mcore:[#81]#180])>+0: {"op": "Load". "out": 0. "type": "ptr". "ref": 0}')
+1804: p126 = new_with_vtable(descr=<SizeDescr 40>)
+1816: setfield_gc(p126, ConstPtr(ptr127), descr=<FieldP rpyeffect.stored_environment.CoData__arb_arb.inst_vtable 24 pure>)
+1820: p128 = new_with_vtable(descr=<SizeDescr 40>)
+1832: p129 = new_with_vtable(descr=<SizeDescr 56>)
+1844: setfield_gc(p129, p112, descr=<FieldP rpyeffect.stored_environment.Stack__arb_arb.inst_tail 8 pure>)
+1848: setfield_gc(p129, 72, descr=<FieldS rpyeffect.stored_environment.Stack__arb_arb.inst_target 16 pure>)
+1856: setfield_gc(p129, p110, descr=<FieldP rpyeffect.stored_environment.Stack__0_2.inst_values_ptr_0 40 pure>)
+1860: setfield_gc(p129, p111, descr=<FieldP rpyeffect.stored_environment.Stack__0_2.inst_values_ptr_1 48 pure>)
+1864: setfield_gc(p128, p129, descr=<FieldP rpyeffect.stack.MetaStackLike.inst_stack 8 pure>)
+1868: setfield_gc(p128, p99, descr=<FieldP rpyeffect.stack.MetaStack.inst_label 16 pure>)
+1876: setfield_gc(p128, ConstPtr(null), descr=<FieldP rpyeffect.stack.MetaStack.inst_region 24 pure>)
+1884: setfield_gc(p128, ConstPtr(null), descr=<FieldP rpyeffect.stack.MetaStack.inst_tail 32 pure>)
+1892: setfield_gc(p126, p128, descr=<FieldP rpyeffect.stored_environment.CoData__0_1.inst_values_ptr_0 32 pure>)
+1960: setfield_gc(p115, p126, descr=<FieldP rpyeffect.region.PtrRef.inst_value 8>)
+2012: p133 = getfield_gc_r(p75, descr=<FieldP rpyeffect.region.PtrRef.inst_value 8>)
debug_merge_point(0, 0, '82<main.rpyeffect:82([mcore:[#81]#180])>+1: {"op": "Return". "args": {"num": []. "ptr": [0]}}')
debug_merge_point(0, 0, '91<main.rpyeffect:91([k@Name(consumer234073)#187])>+0: {"op": "Swap". "type": "ptr". "a": 1. "b". 0}')
debug_merge_point(0, 0, '91<main.rpyeffect:91([k@Name(consumer234073)#187])>+1: {"op": "Match". "type": Interned(Option687). "scrutinee": 1. "clauses": [{"tag": Interned(None742). "target": 87. "args": {"num": []. "ptr": []}}. {"tag": Interned(Some743). "target": 90. "args": {"num": []. "ptr": [1]}}]. "default": {"tag": Interned(652a7bdb-f0ab-4706-8469-80bed1f1780f#[Missing Tag#369]). "target": 86. "args": {"num": []. "ptr": []}}}')
+2016: p134 = getfield_gc_r(p133, descr=<FieldP rpyeffect.stored_environment.Data__arb_arb.inst_tag 8>)
+2020: guard_value(p134, ConstPtr(ptr135), descr=<Guard0x1283f2c28>) [p2, i125, i90, i11, i13, p69, p133, p128, p122, p24, p26, p0, p70, p3, p134, None]
+2028: p136 = getfield_gc_r(p133, descr=<FieldP rpyeffect.stored_environment.Data__0_1.inst_values_ptr_0 32 pure>)
debug_merge_point(0, 0, '90<main.rpyeffect:90([#193])>+0: {"op": "PrimOp". "name": "unbox(Ptr): Num". "out": {"num": [1]. "ptr": []}. "in": {"num": []. "ptr": [1]}}')
+2032: i137 = getfield_gc_i(p136, descr=<FieldS rpyeffect.region.NumBox.inst_value 8 pure>)
debug_merge_point(0, 0, '90<main.rpyeffect:90([#193])>+1: {"op": "Push". "target": 89. "args": {"num": [0. 1]. "ptr": [0]}}')
debug_merge_point(0, 0, '90<main.rpyeffect:90([#193])>+2: {"op": "Jump". "target": 85}')
+2036: jump(p0, p70, i125, i137, p69, p2, p3, i11, i13, p136, p128, p122, p24, p26, p74, p75, descr=TargetToken(4970192736))
+2056: --end of the loop--
[6f47a1] jit-log-opt-loop}
[748cea] {jit-log-opt-loop
# Loop 4 (103<main.rpyeffect:103([#234])>+1: {"op": "Jump", "target": 83}) : entry bridge with 68 ops
[p0, p1, p2, p3, p4]
+296: p5 = getfield_gc_r(p2, descr=<FieldP rpyeffect.environment.Environment.inst_values_num 16>)
+304: i7 = getarrayitem_gc_i(p5, 0, descr=<ArrayS 8>)
+308: i9 = getarrayitem_gc_i(p5, 1, descr=<ArrayS 8>)
+312: i11 = getarrayitem_gc_i(p5, 2, descr=<ArrayS 8>)
+316: i13 = getarrayitem_gc_i(p5, 3, descr=<ArrayS 8>)
+320: p14 = getfield_gc_r(p2, descr=<FieldP rpyeffect.environment.Environment.inst_values_ptr 24>)
+324: p16 = getarrayitem_gc_r(p14, 0, descr=<ArrayP 8>)
+328: p18 = getarrayitem_gc_r(p14, 1, descr=<ArrayP 8>)
+332: p20 = getarrayitem_gc_r(p14, 2, descr=<ArrayP 8>)
+336: p22 = getarrayitem_gc_r(p14, 3, descr=<ArrayP 8>)
+340: p24 = getarrayitem_gc_r(p14, 4, descr=<ArrayP 8>)
+344: p26 = getarrayitem_gc_r(p14, 5, descr=<ArrayP 8>)
debug_merge_point(0, 0, '103<main.rpyeffect:103([#234])>+1: {"op": "Jump". "target": 83}')
+348: guard_not_invalidated(descr=<Guard0x1283f2cd8>) [p2, i7, i9, i11, i13, p16, p18, p20, p22, p24, p26, p0, p1, p3, p4]
+352: guard_nonnull(p1, descr=<Guard0x128411760>) [p2, i7, i9, i11, i13, p16, p18, p20, p22, p24, p26, p0, p1, p3, p4]
+364: i27 = getfield_gc_i(p1, descr=<FieldS rpyeffect.stored_environment.Stack__arb_arb.inst_target 16 pure>)
+372: guard_value(i27, 102, descr=<Guard0x1284117a0>) [p2, i7, i9, i11, i13, p16, p18, p20, p22, p24, p26, p0, p1, p3, p4]
debug_merge_point(0, 0, '83<main.rpyeffect:83([mcore:[#82]#182])>+0: {"op": "Load". "out": 0. "type": "ptr". "ref": 0}')
+384: p29 = getfield_gc_r(p16, descr=<FieldP rpyeffect.region.PtrRef.inst_value 8>)
debug_merge_point(0, 0, '83<main.rpyeffect:83([mcore:[#82]#182])>+1: {"op": "Return". "args": {"num": []. "ptr": [0]}}')
+388: p30 = getfield_gc_r(p1, descr=<FieldP rpyeffect.stored_environment.Stack__arb_arb.inst_tail 8 pure>)
debug_merge_point(0, 0, '102<main.rpyeffect:102([k@[#234]#236])>+0: {"op": "Invoke". "receiver": 0. "tag": Interned(%apply():p). "args" : {"num": []. "ptr": []}}')
+392: p31 = getfield_gc_r(p29, descr=<FieldP rpyeffect.stored_environment.CoData__arb_arb.inst_vtable 24 pure>)
+400: guard_value(p31, ConstPtr(ptr32), descr=<Guard0x1284117e0>) [p2, i7, i9, i11, i13, p16, p18, p20, p22, p24, p26, p0, p1, p3, p4]
+408: p33 = getfield_gc_r(p29, descr=<FieldP rpyeffect.stored_environment.CoData__0_1.inst_values_ptr_0 32 pure>)
debug_merge_point(0, 0, '108<main.rpyeffect:108([method_%apply():p@[k@[#245]#257]#260])>+0: {"op": "Jump". "target": 80}')
+412: guard_nonnull(p30, descr=<Guard0x128411820>) [p2, i7, i9, i11, i13, p16, p18, p20, p22, p24, p26, p0, p1, p3, p4]
+420: i34 = getfield_gc_i(p30, descr=<FieldS rpyeffect.stored_environment.Stack__arb_arb.inst_target 16 pure>)
+424: guard_value(i34, 89, descr=<Guard0x128411860>) [p2, i7, i9, i11, i13, p16, p18, p20, p22, p24, p26, p0, p1, p3, p4]
debug_merge_point(0, 0, '80<main.rpyeffect:80([mcore:[#79]#175])>+0: {"op": "Construct". "out": 1. "type": Interned(Unit). "tag": Interned(unit). "args": {"num": []. "ptr": []}}')
debug_merge_point(0, 0, '80<main.rpyeffect:80([mcore:[#79]#175])>+1: {"op": "Swap". "type": "ptr". "a": 1. "b". 0}')
debug_merge_point(0, 0, '80<main.rpyeffect:80([mcore:[#79]#175])>+2: {"op": "Jump". "target": 77}')
debug_merge_point(0, 0, '77<main.rpyeffect:77(Name(resume134133))>+0: {"op": "PushStack". "arg": 1}')
+436: guard_isnull(p4, descr=<Guard0x1284118a0>) [p2, i7, i9, i11, i13, p16, p18, p20, p22, p24, p26, p0, p1, p3, p4]
+448: guard_nonnull_class(p33, 4380356296, descr=<Guard0x1283f2d30>) [p2, i7, i9, i11, i13, p16, p18, p20, p22, p24, p26, p0, p1, p3, p4]
+472: p37 = getfield_gc_r(p33, descr=<FieldP rpyeffect.stack.MetaStack.inst_region 24 pure>)
+476: guard_isnull(p37, descr=<Guard0x1284118e0>) [p2, i7, i9, i11, i13, p16, p18, p20, p22, p24, p26, p0, p1, p3, p4]
+484: p38 = getfield_gc_r(p33, descr=<FieldP rpyeffect.stack.MetaStackLike.inst_stack 8 pure>)
+488: p39 = getfield_gc_r(p33, descr=<FieldP rpyeffect.stack.MetaStack.inst_tail 32 pure>)
+492: guard_isnull(p39, descr=<Guard0x128411920>) [p2, i7, i9, i11, i13, p16, p18, p20, p22, p24, p26, p0, p1, p3, p4]
+500: p40 = getfield_gc_r(p33, descr=<FieldP rpyeffect.stack.MetaStack.inst_label 16 pure>)
+504: guard_nonnull(p38, descr=<Guard0x128411960>) [p2, i7, i9, i11, i13, p16, p18, p20, p22, p24, p26, p0, p1, p3, p4]
+512: i41 = getfield_gc_i(p38, descr=<FieldS rpyeffect.stored_environment.Stack__arb_arb.inst_target 16 pure>)
+516: guard_value(i41, 72, descr=<Guard0x1284119a0>) [p2, i7, i9, i11, i13, p16, p18, p20, p22, p24, p26, p0, p1, p3, p4]
debug_merge_point(0, 0, '77<main.rpyeffect:77(Name(resume134133))>+1: {"op": "Return". "args": {"num": []. "ptr": [0]}}')
+528: p43 = getfield_gc_r(p38, descr=<FieldP rpyeffect.stored_environment.Stack__0_2.inst_values_ptr_0 40 pure>)
+532: p44 = getfield_gc_r(p38, descr=<FieldP rpyeffect.stored_environment.Stack__0_2.inst_values_ptr_1 48 pure>)
+536: p45 = getfield_gc_r(p38, descr=<FieldP rpyeffect.stored_environment.Stack__arb_arb.inst_tail 8 pure>)
+540: guard_nonnull(p45, descr=<Guard0x1284119e0>) [p2, i7, i9, i11, i13, p16, p18, p20, p22, p24, p26, p0, p1, p3, p4]
+548: i46 = getfield_gc_i(p45, descr=<FieldS rpyeffect.stored_environment.Stack__arb_arb.inst_target 16 pure>)
+556: guard_value(i46, 73, descr=<Guard0x128411a20>) [p2, i7, i9, i11, i13, p16, p18, p20, p22, p24, p26, p0, p1, p3, p4]
debug_merge_point(0, 0, '72<main.rpyeffect:72([k@[#167]#169])>+0: {"op": "Copy". "type": "ptr". "from": 2. "to". 0}')
debug_merge_point(0, 0, '72<main.rpyeffect:72([k@[#167]#169])>+1: {"op": "Jump". "target": 75}')
debug_merge_point(0, 0, '75<main.rpyeffect:75(Name(iterate54066))>+0: {"op": "Swap". "type": "ptr". "a": 1. "b". 0}')
debug_merge_point(0, 0, '75<main.rpyeffect:75(Name(iterate54066))>+1: {"op": "Match". "type": Interned(Tree2631). "scrutinee": 1. "clauses": [{"tag": Interned(Leaf2646). "target": 71. "args": {"num": []. "ptr": []}}. {"tag": Interned(Node2647). "target": 74. "args": {"num": [0]. "ptr": [1. 2]}}]. "default": {"tag": Interned(652a7bdb-f0ab-4706-8469-80bed1f1780f#[Missing Tag#368]). "target": 70. "args": {"num": []. "ptr": []}}}')
+568: p48 = getfield_gc_r(p44, descr=<FieldP rpyeffect.stored_environment.Data__arb_arb.inst_tag 8>)
+580: guard_value(p48, ConstPtr(ptr49), descr=<Guard0x128411a60>) [p2, i7, i9, i11, i13, p16, p18, p20, p22, p24, p26, p0, p1, p3, p4]
+588: i50 = getfield_gc_i(p44, descr=<FieldS rpyeffect.stored_environment.Data__1_2.inst_values_num_0 32 pure>)
+592: p51 = getfield_gc_r(p44, descr=<FieldP rpyeffect.stored_environment.Data__1_2.inst_values_ptr_0 40 pure>)
+596: p52 = getfield_gc_r(p44, descr=<FieldP rpyeffect.stored_environment.Data__1_2.inst_values_ptr_1 48 pure>)
debug_merge_point(0, 0, '74<main.rpyeffect:74([match_Node2647@Name(iterate54066)#165])>+0: {"op": "Push". "target": 73. "args": {"num": [0]. "ptr": [0. 2]}}')
debug_merge_point(0, 0, '74<main.rpyeffect:74([match_Node2647@Name(iterate54066)#165])>+1: {"op": "Swap". "type": "ptr". "a": 1. "b". 0}')
+600: p53 = new_with_vtable(descr=<SizeDescr 40>)
+712: setfield_gc(p53, ConstPtr(null), descr=<FieldP rpyeffect.stack.MetaStack.inst_region 24 pure>)
+720: setfield_gc(p53, p30, descr=<FieldP rpyeffect.stack.MetaStackLike.inst_stack 8 pure>)
+724: setfield_gc(p53, p3, descr=<FieldP rpyeffect.stack.MetaStack.inst_tail 32 pure>)
+732: setfield_gc(p53, p0, descr=<FieldP rpyeffect.stack.MetaStack.inst_label 16 pure>)
+740: jump(p40, p45, i50, p43, p52, p2, p53, ConstPtr(null), i9, i11, i13, p51, p22, p24, p26, descr=TargetToken(4970186576))
+892: --end of the loop--
[7544ab] jit-log-opt-loop}
[7b6079] {jit-log-opt-bridge
# bridge out of Guard 0x128410660 with 15 ops
[p0, i1, i2, i3, i4, p5, p6, p7, p8, p9, p10, p11, p12, p13, p14]
+140: guard_value(p14, ConstPtr(ptr15), descr=<Guard0x1283f2d88>) [p0, i1, i2, i3, i4, p5, p6, p7, p8, p9, p10, p11, p12, p13, p14]
+148: p16 = getfield_gc_r(p6, descr=<FieldP rpyeffect.stored_environment.Data__0_1.inst_values_ptr_0 32 pure>)
+152: guard_nonnull(p12, descr=<Guard0x128411aa0>) [p0, i1, i2, i3, i4, p5, p6, p7, p8, p9, p10, p11, p12, p13, p14]
+160: i17 = getfield_gc_i(p12, descr=<FieldS rpyeffect.stored_environment.Stack__arb_arb.inst_target 16 pure>)
+164: guard_not_invalidated(descr=<Guard0x128411ae0>) [p0, i1, i2, i3, i4, p5, p6, p7, p8, p9, p10, p11, p12, p13, p14]
+168: guard_value(i17, 96, descr=<Guard0x128411b20>) [p0, i1, i2, i3, i4, p5, p6, p7, p8, p9, p10, p11, p12, p13, p14]
debug_merge_point(0, 0, '90<main.rpyeffect:90([#193])>+0: {"op": "PrimOp". "name": "unbox(Ptr): Num". "out": {"num": [1]. "ptr": []}. "in": {"num": []. "ptr": [1]}}')
+180: i19 = getfield_gc_i(p16, descr=<FieldS rpyeffect.region.NumBox.inst_value 8 pure>)
debug_merge_point(0, 0, '90<main.rpyeffect:90([#193])>+1: {"op": "Push". "target": 89. "args": {"num": [0. 1]. "ptr": [0]}}')
debug_merge_point(0, 0, '90<main.rpyeffect:90([#193])>+2: {"op": "Jump". "target": 85}')
+184: p20 = getfield_gc_r(p5, descr=<FieldP rpyeffect.stored_environment.CoData__0_2.inst_values_ptr_0 32 pure>)
+188: p21 = getfield_gc_r(p5, descr=<FieldP rpyeffect.stored_environment.CoData__0_2.inst_values_ptr_1 40 pure>)
+192: guard_nonnull(p21, descr=<Guard0x1283f2de0>) [p0, i1, i19, i3, i4, p5, p16, p7, p8, p9, p10, p11, p13, p12]
+200: guard_subclass(p21, 4380356616, descr=<Guard0x1283f2e38>) [p0, i1, i19, i3, i4, p5, p16, p7, p8, p9, p10, p11, p13, p12]
+236: jump(p11, p12, i1, i19, p5, p0, p13, i3, i4, p16, p7, p8, p9, p10, p20, p21, descr=TargetToken(4970192736))
+396: --end of the loop--
[7b9bb7] jit-log-opt-bridge}
[829d03] {jit-log-opt-bridge
# bridge out of Guard 0x1283ed7e0 with 102 ops
[p0, i1, i2, i3, i4, p5, p6, p7, p8, p9, p10, p11, p12, p13, p14]
+216: guard_not_invalidated(descr=<Guard0x1283f2e90>) [p0, i1, i2, i3, i4, p5, p6, p7, p8, p9, p10, p11, p12, p13, p14]
debug_merge_point(0, 0, '74<main.rpyeffect:74([match_Node2647@Name(iterate54066)#165])>+2: {"op": "Jump". "target": 75}')
debug_merge_point(0, 0, '75<main.rpyeffect:75(Name(iterate54066))>+0: {"op": "Swap". "type": "ptr". "a": 1. "b". 0}')
debug_merge_point(0, 0, '75<main.rpyeffect:75(Name(iterate54066))>+1: {"op": "Match". "type": Interned(Tree2631). "scrutinee": 1. "clauses": [{"tag": Interned(Leaf2646). "target": 71. "args": {"num": []. "ptr": []}}. {"tag": Interned(Node2647). "target": 74. "args": {"num": [0]. "ptr": [1. 2]}}]. "default": {"tag": Interned(652a7bdb-f0ab-4706-8469-80bed1f1780f#[Missing Tag#368]). "target": 70. "args": {"num": []. "ptr": []}}}')
+220: p15 = getfield_gc_r(p6, descr=<FieldP rpyeffect.stored_environment.Data__arb_arb.inst_tag 8>)
+228: guard_value(p15, ConstPtr(ptr16), descr=<Guard0x128411b60>) [p0, i1, i2, i3, i4, p5, p6, p7, p8, p9, p10, p11, p12, p13, p14]
debug_merge_point(0, 0, '71<main.rpyeffect:71([match_Leaf2646@Name(iterate54066)#163])>+0: {"op": "Construct". "out": 0. "type": Interned(Unit). "tag": Interned(unit). "args": {"num": []. "ptr": []}}')
debug_merge_point(0, 0, '71<main.rpyeffect:71([match_Leaf2646@Name(iterate54066)#163])>+1: {"op": "Return". "args": {"num": []. "ptr": [0]}}')
debug_merge_point(0, 0, '73<main.rpyeffect:73([#167])>+0: {"op": "Push". "target": 72. "args": {"num": []. "ptr": [1. 2]}}')
debug_merge_point(0, 0, '73<main.rpyeffect:73([#167])>+1: {"op": "Copy". "type": "ptr". "from": 1. "to". 0}')
debug_merge_point(0, 0, '73<main.rpyeffect:73([#167])>+2: {"op": "Jump". "target": 69}')
debug_merge_point(0, 0, '69<main.rpyeffect:69([mcore:[#74]#161])>+0: {"op": "Invoke". "receiver": 0. "tag": Interned(%yield2645(n):p). "args" : {"num": [0]. "ptr": []}}')
+236: p17 = getfield_gc_r(p5, descr=<FieldP rpyeffect.stored_environment.CoData__arb_arb.inst_vtable 24 pure>)
+244: guard_value(p17, ConstPtr(ptr18), descr=<Guard0x128411ba0>) [p0, i1, i2, i3, i4, p5, p6, p7, p8, p9, p10, p11, p12, p13, p14]
+252: p19 = getfield_gc_r(p5, descr=<FieldP rpyeffect.stored_environment.CoData__0_3.inst_values_ptr_0 32 pure>)
+256: p20 = getfield_gc_r(p5, descr=<FieldP rpyeffect.stored_environment.CoData__0_3.inst_values_ptr_1 40 pure>)
+260: p21 = getfield_gc_r(p5, descr=<FieldP rpyeffect.stored_environment.CoData__0_3.inst_values_ptr_2 48 pure>)
debug_merge_point(0, 0, '110<main.rpyeffect:110([#245])>+0: {"op": "Const". "type": "num". "out": 1. "value": 0}')
debug_merge_point(0, 0, '110<main.rpyeffect:110([#245])>+1: {"op": "ShiftDyn". "out": 1. "n": 1. "label": 1}')
+264: guard_isnull(p13, descr=<Guard0x128411be0>) [p0, i1, i2, i3, i4, p5, p6, p7, p8, p9, p10, p11, p12, p13, p14]
+276: i22 = getfield_gc_i(p11, descr=<FieldS rpyeffect.stack.Label.inst_origin 8 pure>)
+284: i23 = getfield_gc_i(p20, descr=<FieldS rpyeffect.stack.Label.inst_origin 8 pure>)
+288: i24 = int_ne(i22, i23)
guard_false(i24, descr=<Guard0x128411c20>) [p0, i1, i2, i3, i4, p5, p6, p7, p8, p9, p10, p11, p12, p13, p14]
+296: i25 = instance_ptr_eq(p11, p20)
guard_true(i25, descr=<Guard0x128411c60>) [p0, i1, i2, i3, i4, p5, p6, p7, p8, p9, p10, p11, p12, p13, p14]
+304: guard_nonnull_class(p12, 4380356296, descr=<Guard0x1283f2ee8>) [p0, i1, i2, i3, i4, p5, p6, p7, p8, p9, p10, p11, p12, p13, p14]
+332: p27 = getfield_gc_r(p12, descr=<FieldP rpyeffect.stack.MetaStackLike.inst_stack 8 pure>)
+336: p28 = getfield_gc_r(p12, descr=<FieldP rpyeffect.stack.MetaStack.inst_label 16 pure>)
+340: p29 = getfield_gc_r(p12, descr=<FieldP rpyeffect.stack.MetaStack.inst_tail 32 pure>)
+344: guard_nonnull(p27, descr=<Guard0x128411ca0>) [p0, i1, i2, i3, i4, p5, p6, p7, p8, p9, p10, p11, p12, p13, p14]
+352: i30 = getfield_gc_i(p27, descr=<FieldS rpyeffect.stored_environment.Stack__arb_arb.inst_target 16 pure>)
+356: guard_value(i30, 89, descr=<Guard0x128411ce0>) [p0, i1, i2, i3, i4, p5, p6, p7, p8, p9, p10, p11, p12, p13, p14]
debug_merge_point(0, 0, '110<main.rpyeffect:110([#245])>+2: {"op": "PrimOp". "name": "box(Num): Ptr". "out": {"num": []. "ptr": [3]}. "in": {"num": [0]. "ptr": []}}')
debug_merge_point(0, 0, '110<main.rpyeffect:110([#245])>+3: {"op": "Construct". "out": 3. "type": Interned(Option687). "tag": Interned(Some743). "args": {"num": []. "ptr": [3]}}')
debug_merge_point(0, 0, '110<main.rpyeffect:110([#245])>+4: {"op": "Push". "target": 109. "args": {"num": []. "ptr": [0. 1]}}')
debug_merge_point(0, 0, '110<main.rpyeffect:110([#245])>+5: {"op": "Copy". "type": "ptr". "from": 3. "to". 0}')
debug_merge_point(0, 0, '110<main.rpyeffect:110([#245])>+6: {"op": "Copy". "type": "ptr". "from": 2. "to". 1}')
debug_merge_point(0, 0, '110<main.rpyeffect:110([#245])>+7: {"op": "Jump". "target": 78}')
debug_merge_point(0, 0, '78<main.rpyeffect:78([mcore:[#76]#171])>+0: {"op": "Store". "ref": 1. "type": "ptr". "value": 0}')
debug_merge_point(0, 0, '78<main.rpyeffect:78([mcore:[#76]#171])>+1: {"op": "Construct". "out": 0. "type": Interned(Unit). "tag": Interned(unit). "args": {"num": []. "ptr": []}}')
debug_merge_point(0, 0, '78<main.rpyeffect:78([mcore:[#76]#171])>+2: {"op": "Return". "args": {"num": []. "ptr": [0]}}')
debug_merge_point(0, 0, '109<main.rpyeffect:109([k@[#245]#257])>+0: {"op": "New". "out": 0. "targets": [108]. "args": {"num": []. "ptr": [2]}}')
debug_merge_point(0, 0, '109<main.rpyeffect:109([k@[#245]#257])>+1: {"op": "Jump". "target": 79}')
debug_merge_point(0, 0, '79<main.rpyeffect:79([mcore:[#77]#173])>+0: {"op": "Store". "ref": 1. "type": "ptr". "value": 0}')
+368: p32 = new_with_vtable(descr=<SizeDescr 40>)
+476: setfield_gc(p32, ConstPtr(ptr33), descr=<FieldP rpyeffect.stored_environment.Data__arb_arb.inst_tag 8>)
+480: p34 = new_with_vtable(descr=<SizeDescr 16>)
+492: setfield_gc(p34, i1, descr=<FieldS rpyeffect.region.NumBox.inst_value 8 pure>)
+496: setfield_gc(p32, p34, descr=<FieldP rpyeffect.stored_environment.Data__0_1.inst_values_ptr_0 32 pure>)
+564: setfield_gc(p21, p32, descr=<FieldP rpyeffect.region.PtrRef.inst_value 8>)
debug_merge_point(0, 0, '79<main.rpyeffect:79([mcore:[#77]#173])>+1: {"op": "Construct". "out": 0. "type": Interned(Unit). "tag": Interned(unit). "args": {"num": []. "ptr": []}}')
debug_merge_point(0, 0, '79<main.rpyeffect:79([mcore:[#77]#173])>+2: {"op": "Return". "args": {"num": []. "ptr": [0]}}')
+584: i35 = getfield_gc_i(p27, descr=<FieldS rpyeffect.stored_environment.Stack__2_1.inst_values_num_0 40 pure>)
+588: i36 = getfield_gc_i(p27, descr=<FieldS rpyeffect.stored_environment.Stack__2_1.inst_values_num_1 48 pure>)
+592: p37 = getfield_gc_r(p27, descr=<FieldP rpyeffect.stored_environment.Stack__2_1.inst_values_ptr_0 56 pure>)
+596: p38 = getfield_gc_r(p27, descr=<FieldP rpyeffect.stored_environment.Stack__arb_arb.inst_tail 8 pure>)
debug_merge_point(0, 0, '89<main.rpyeffect:89([k@[#193]#197])>+0: {"op": "Push". "target": 88. "args": {"num": []. "ptr": [1]}}')
debug_merge_point(0, 0, '89<main.rpyeffect:89([k@[#193]#197])>+1: {"op": "Jump". "target": 6}')
debug_merge_point(0, 0, '6<main.rpyeffect:6(Name(infixAdd95))>+0: {"op": "PrimOp". "name": "infixAdd(Int. Int): Int". "out": {"num": [0]. "ptr": []}. "in": {"num": [0. 1]. "ptr": []}}')
+600: i39 = int_add(i35, i36)
debug_merge_point(0, 0, '6<main.rpyeffect:6(Name(infixAdd95))>+1: {"op": "Return". "args": {"num": [0]. "ptr": []}}')
debug_merge_point(0, 0, '88<main.rpyeffect:88([k@[k@[#193]#197]#199])>+0: {"op": "Jump". "target": 92}')
debug_merge_point(0, 0, '92<main.rpyeffect:92(Name(consumer234073))>+0: {"op": "Push". "target": 91. "args": {"num": [0]. "ptr": [0]}}')
debug_merge_point(0, 0, '92<main.rpyeffect:92(Name(consumer234073))>+1: {"op": "Jump". "target": 84}')
debug_merge_point(0, 0, '84<main.rpyeffect:84([mcore:[#83]#184])>+0: {"op": "Invoke". "receiver": 0. "tag": Interned(%value2654():p). "args" : {"num": []. "ptr": []}}')
+604: p40 = getfield_gc_r(p37, descr=<FieldP rpyeffect.stored_environment.CoData__arb_arb.inst_vtable 24 pure>)
+612: guard_value(p40, ConstPtr(ptr41), descr=<Guard0x1283f2f40>) [p0, i39, i36, i3, i4, p37, p32, p9, p10, p28, p29, p40, p19, p38, p7, p5, p11, p14]
+620: p42 = getfield_gc_r(p37, descr=<FieldP rpyeffect.stored_environment.CoData__0_2.inst_values_ptr_0 32 pure>)
+624: p43 = getfield_gc_r(p37, descr=<FieldP rpyeffect.stored_environment.CoData__0_2.inst_values_ptr_1 40 pure>)
debug_merge_point(0, 0, '100<main.rpyeffect:100([#230])>+0: {"op": "Copy". "type": "ptr". "from": 1. "to". 0}')
debug_merge_point(0, 0, '100<main.rpyeffect:100([#230])>+1: {"op": "Jump". "target": 82}')
debug_merge_point(0, 0, '82<main.rpyeffect:82([mcore:[#81]#180])>+0: {"op": "Load". "out": 0. "type": "ptr". "ref": 0}')
+628: p44 = new_with_vtable(descr=<SizeDescr 40>)
+648: setfield_gc(p44, ConstPtr(ptr45), descr=<FieldP rpyeffect.stored_environment.CoData__arb_arb.inst_vtable 24 pure>)
+652: p46 = new_with_vtable(descr=<SizeDescr 40>)
+668: p47 = new_with_vtable(descr=<SizeDescr 56>)
+684: setfield_gc(p47, p14, descr=<FieldP rpyeffect.stored_environment.Stack__arb_arb.inst_tail 8 pure>)
+688: setfield_gc(p47, 72, descr=<FieldS rpyeffect.stored_environment.Stack__arb_arb.inst_target 16 pure>)
+696: setfield_gc(p47, p5, descr=<FieldP rpyeffect.stored_environment.Stack__0_2.inst_values_ptr_0 40 pure>)
+700: setfield_gc(p47, p7, descr=<FieldP rpyeffect.stored_environment.Stack__0_2.inst_values_ptr_1 48 pure>)
+704: setfield_gc(p46, p47, descr=<FieldP rpyeffect.stack.MetaStackLike.inst_stack 8 pure>)
+708: setfield_gc(p46, p11, descr=<FieldP rpyeffect.stack.MetaStack.inst_label 16 pure>)
+712: setfield_gc(p46, ConstPtr(null), descr=<FieldP rpyeffect.stack.MetaStack.inst_region 24 pure>)
+720: setfield_gc(p46, ConstPtr(null), descr=<FieldP rpyeffect.stack.MetaStack.inst_tail 32 pure>)
+728: setfield_gc(p44, p46, descr=<FieldP rpyeffect.stored_environment.CoData__0_1.inst_values_ptr_0 32 pure>)
+796: setfield_gc(p19, p44, descr=<FieldP rpyeffect.region.PtrRef.inst_value 8>)
+832: p51 = getfield_gc_r(p43, descr=<FieldP rpyeffect.region.PtrRef.inst_value 8>)
debug_merge_point(0, 0, '82<main.rpyeffect:82([mcore:[#81]#180])>+1: {"op": "Return". "args": {"num": []. "ptr": [0]}}')
debug_merge_point(0, 0, '91<main.rpyeffect:91([k@Name(consumer234073)#187])>+0: {"op": "Swap". "type": "ptr". "a": 1. "b". 0}')
debug_merge_point(0, 0, '91<main.rpyeffect:91([k@Name(consumer234073)#187])>+1: {"op": "Match". "type": Interned(Option687). "scrutinee": 1. "clauses": [{"tag": Interned(None742). "target": 87. "args": {"num": []. "ptr": []}}. {"tag": Interned(Some743). "target": 90. "args": {"num": []. "ptr": [1]}}]. "default": {"tag": Interned(652a7bdb-f0ab-4706-8469-80bed1f1780f#[Missing Tag#369]). "target": 86. "args": {"num": []. "ptr": []}}}')
+836: p52 = getfield_gc_r(p51, descr=<FieldP rpyeffect.stored_environment.Data__arb_arb.inst_tag 8>)
+840: guard_value(p52, ConstPtr(ptr53), descr=<Guard0x1283f2f98>) [p0, i39, i36, i3, i4, p37, p51, p46, p32, p9, p10, p28, p38, p29, p52, None, None, None, None, None, None]
+848: p55 = getfield_gc_r(p51, descr=<FieldP rpyeffect.stored_environment.Data__0_1.inst_values_ptr_0 32 pure>)
+852: guard_nonnull(p38, descr=<Guard0x128411d20>) [p0, i39, i36, i3, i4, p37, p51, p46, p32, p9, p10, p28, p38, p29, p52, None, None, None, None, None, None]
+860: i56 = getfield_gc_i(p38, descr=<FieldS rpyeffect.stored_environment.Stack__arb_arb.inst_target 16 pure>)
+864: guard_value(i56, 96, descr=<Guard0x128411d60>) [p0, i39, i36, i3, i4, p37, p51, p46, p32, p9, p10, p28, p38, p29, p52, None, None, None, None, None, None]
debug_merge_point(0, 0, '90<main.rpyeffect:90([#193])>+0: {"op": "PrimOp". "name": "unbox(Ptr): Num". "out": {"num": [1]. "ptr": []}. "in": {"num": []. "ptr": [1]}}')
+876: i58 = getfield_gc_i(p55, descr=<FieldS rpyeffect.region.NumBox.inst_value 8 pure>)
debug_merge_point(0, 0, '90<main.rpyeffect:90([#193])>+1: {"op": "Push". "target": 89. "args": {"num": [0. 1]. "ptr": [0]}}')
debug_merge_point(0, 0, '90<main.rpyeffect:90([#193])>+2: {"op": "Jump". "target": 85}')
+880: jump(p28, p38, i39, i58, p37, p0, p29, i3, i4, p55, p46, p32, p9, p10, p42, p43, descr=TargetToken(4970192736))
+1016: --end of the loop--
[83a7c6] jit-log-opt-bridge}
[8795f6] {jit-log-opt-bridge
# bridge out of Guard 0x128411160 with 60 ops
[p0, i1, i2, i3, i4, p5, p6, p7, p8, p9, p10, p11, p12, p13]
+184: guard_not_invalidated(descr=<Guard0x1283f2ff0>) [p0, i1, i2, i3, i4, p5, p6, p7, p8, p9, p10, p11, p12, p13]
debug_merge_point(0, 0, '85<main.rpyeffect:85([mcore:[#84]#185])>+0: {"op": "Invoke". "receiver": 0. "tag": Interned(%next2655():p). "args" : {"num": []. "ptr": []}}')
+188: p14 = getfield_gc_r(p5, descr=<FieldP rpyeffect.stored_environment.CoData__arb_arb.inst_vtable 24 pure>)
+200: guard_value(p14, ConstPtr(ptr15), descr=<Guard0x1284440a0>) [p0, i1, i2, i3, i4, p5, p6, p7, p8, p9, p10, p11, p12, p13]
+208: p16 = getfield_gc_r(p5, descr=<FieldP rpyeffect.stored_environment.CoData__0_2.inst_values_ptr_0 32 pure>)
+212: p17 = getfield_gc_r(p5, descr=<FieldP rpyeffect.stored_environment.CoData__0_2.inst_values_ptr_1 40 pure>)
debug_merge_point(0, 0, '103<main.rpyeffect:103([#234])>+0: {"op": "Push". "target": 102. "args": {"num": []. "ptr": []}}')
debug_merge_point(0, 0, '103<main.rpyeffect:103([#234])>+1: {"op": "Jump". "target": 83}')
debug_merge_point(0, 0, '83<main.rpyeffect:83([mcore:[#82]#182])>+0: {"op": "Load". "out": 0. "type": "ptr". "ref": 0}')
+212: p18 = getfield_gc_r(p16, descr=<FieldP rpyeffect.region.PtrRef.inst_value 8>)
debug_merge_point(0, 0, '83<main.rpyeffect:83([mcore:[#82]#182])>+1: {"op": "Return". "args": {"num": []. "ptr": [0]}}')
debug_merge_point(0, 0, '102<main.rpyeffect:102([k@[#234]#236])>+0: {"op": "Invoke". "receiver": 0. "tag": Interned(%apply():p). "args" : {"num": []. "ptr": []}}')
+216: p19 = getfield_gc_r(p18, descr=<FieldP rpyeffect.stored_environment.CoData__arb_arb.inst_vtable 24 pure>)
+224: guard_value(p19, ConstPtr(ptr20), descr=<Guard0x1284440e0>) [p0, i1, i2, i3, i4, p5, p6, p7, p8, p9, p10, p11, p12, p13]
+232: p21 = getfield_gc_r(p18, descr=<FieldP rpyeffect.stored_environment.CoData__0_1.inst_values_ptr_0 32 pure>)
debug_merge_point(0, 0, '108<main.rpyeffect:108([method_%apply():p@[k@[#245]#257]#260])>+0: {"op": "Jump". "target": 80}')
debug_merge_point(0, 0, '80<main.rpyeffect:80([mcore:[#79]#175])>+0: {"op": "Construct". "out": 1. "type": Interned(Unit). "tag": Interned(unit). "args": {"num": []. "ptr": []}}')
debug_merge_point(0, 0, '80<main.rpyeffect:80([mcore:[#79]#175])>+1: {"op": "Swap". "type": "ptr". "a": 1. "b". 0}')
debug_merge_point(0, 0, '80<main.rpyeffect:80([mcore:[#79]#175])>+2: {"op": "Jump". "target": 77}')
debug_merge_point(0, 0, '77<main.rpyeffect:77(Name(resume134133))>+0: {"op": "PushStack". "arg": 1}')
+236: guard_nonnull_class(p21, 4380356296, descr=<Guard0x1283f3048>) [p0, i1, i2, i3, i4, p5, p6, p7, p8, p9, p10, p11, p12, p13]
+260: p23 = getfield_gc_r(p21, descr=<FieldP rpyeffect.stack.MetaStack.inst_region 24 pure>)
+264: guard_isnull(p23, descr=<Guard0x128444120>) [p0, i1, i2, i3, i4, p5, p6, p7, p8, p9, p10, p11, p12, p13]
+272: p24 = getfield_gc_r(p21, descr=<FieldP rpyeffect.stack.MetaStackLike.inst_stack 8 pure>)
+276: p25 = getfield_gc_r(p21, descr=<FieldP rpyeffect.stack.MetaStack.inst_tail 32 pure>)
+280: guard_isnull(p25, descr=<Guard0x128444160>) [p0, i1, i2, i3, i4, p5, p6, p7, p8, p9, p10, p11, p12, p13]
+288: p26 = getfield_gc_r(p21, descr=<FieldP rpyeffect.stack.MetaStack.inst_label 16 pure>)
+292: guard_nonnull(p24, descr=<Guard0x1284441a0>) [p0, i1, i2, i3, i4, p5, p6, p7, p8, p9, p10, p11, p12, p13]
+300: i27 = getfield_gc_i(p24, descr=<FieldS rpyeffect.stored_environment.Stack__arb_arb.inst_target 16 pure>)
+304: guard_value(i27, 72, descr=<Guard0x1284441e0>) [p0, i1, i2, i3, i4, p5, p6, p7, p8, p9, p10, p11, p12, p13]
debug_merge_point(0, 0, '77<main.rpyeffect:77(Name(resume134133))>+1: {"op": "Return". "args": {"num": []. "ptr": [0]}}')
+316: p29 = getfield_gc_r(p24, descr=<FieldP rpyeffect.stored_environment.Stack__0_2.inst_values_ptr_0 40 pure>)
+320: p30 = getfield_gc_r(p24, descr=<FieldP rpyeffect.stored_environment.Stack__0_2.inst_values_ptr_1 48 pure>)
+324: p31 = getfield_gc_r(p24, descr=<FieldP rpyeffect.stored_environment.Stack__arb_arb.inst_tail 8 pure>)
+328: guard_nonnull(p31, descr=<Guard0x128444220>) [p0, i1, i2, i3, i4, p5, p6, p7, p8, p9, p10, p11, p12, p13]
+336: i32 = getfield_gc_i(p31, descr=<FieldS rpyeffect.stored_environment.Stack__arb_arb.inst_target 16 pure>)
+340: guard_value(i32, 73, descr=<Guard0x128444260>) [p0, i1, i2, i3, i4, p5, p6, p7, p8, p9, p10, p11, p12, p13]
debug_merge_point(0, 0, '72<main.rpyeffect:72([k@[#167]#169])>+0: {"op": "Copy". "type": "ptr". "from": 2. "to". 0}')
debug_merge_point(0, 0, '72<main.rpyeffect:72([k@[#167]#169])>+1: {"op": "Jump". "target": 75}')
debug_merge_point(0, 0, '75<main.rpyeffect:75(Name(iterate54066))>+0: {"op": "Swap". "type": "ptr". "a": 1. "b". 0}')
debug_merge_point(0, 0, '75<main.rpyeffect:75(Name(iterate54066))>+1: {"op": "Match". "type": Interned(Tree2631). "scrutinee": 1. "clauses": [{"tag": Interned(Leaf2646). "target": 71. "args": {"num": []. "ptr": []}}. {"tag": Interned(Node2647). "target": 74. "args": {"num": [0]. "ptr": [1. 2]}}]. "default": {"tag": Interned(652a7bdb-f0ab-4706-8469-80bed1f1780f#[Missing Tag#368]). "target": 70. "args": {"num": []. "ptr": []}}}')
+352: p34 = getfield_gc_r(p30, descr=<FieldP rpyeffect.stored_environment.Data__arb_arb.inst_tag 8>)
+360: guard_value(p34, ConstPtr(ptr35), descr=<Guard0x1284442a0>) [p0, i1, i2, i3, i4, p5, p6, p7, p8, p9, p10, p11, p12, p13]
+368: i36 = getfield_gc_i(p30, descr=<FieldS rpyeffect.stored_environment.Data__1_2.inst_values_num_0 32 pure>)
+372: p37 = getfield_gc_r(p30, descr=<FieldP rpyeffect.stored_environment.Data__1_2.inst_values_ptr_0 40 pure>)
+376: p38 = getfield_gc_r(p30, descr=<FieldP rpyeffect.stored_environment.Data__1_2.inst_values_ptr_1 48 pure>)
debug_merge_point(0, 0, '74<main.rpyeffect:74([match_Node2647@Name(iterate54066)#165])>+0: {"op": "Push". "target": 73. "args": {"num": [0]. "ptr": [0. 2]}}')
debug_merge_point(0, 0, '74<main.rpyeffect:74([match_Node2647@Name(iterate54066)#165])>+1: {"op": "Swap". "type": "ptr". "a": 1. "b". 0}')
+380: p39 = new_with_vtable(descr=<SizeDescr 40>)
+484: p40 = new_with_vtable(descr=<SizeDescr 64>)
+496: setfield_gc(p40, p13, descr=<FieldP rpyeffect.stored_environment.Stack__arb_arb.inst_tail 8 pure>)
+504: setfield_gc(p40, 89, descr=<FieldS rpyeffect.stored_environment.Stack__arb_arb.inst_target 16 pure>)
+512: setfield_gc(p40, i1, descr=<FieldS rpyeffect.stored_environment.Stack__2_1.inst_values_num_0 40 pure>)
+516: setfield_gc(p40, i2, descr=<FieldS rpyeffect.stored_environment.Stack__2_1.inst_values_num_1 48 pure>)
+520: setfield_gc(p40, p5, descr=<FieldP rpyeffect.stored_environment.Stack__2_1.inst_values_ptr_0 56 pure>)
+524: setfield_gc(p39, ConstPtr(null), descr=<FieldP rpyeffect.stack.MetaStack.inst_region 24 pure>)
+532: setfield_gc(p39, p40, descr=<FieldP rpyeffect.stack.MetaStackLike.inst_stack 8 pure>)
+536: setfield_gc(p39, p12, descr=<FieldP rpyeffect.stack.MetaStack.inst_tail 32 pure>)
+544: setfield_gc(p39, p11, descr=<FieldP rpyeffect.stack.MetaStack.inst_label 16 pure>)
+568: jump(p26, p31, i36, p29, p38, p0, p39, ConstPtr(null), i2, i3, i4, p37, p8, p9, p10, descr=TargetToken(4970186576))
+712: --end of the loop--
[882cad] jit-log-opt-bridge}
[201de86e] {jit-summary
Tracing:      	7	0.002565
Backend:      	7	0.001022
TOTAL:      		0.535323
ops:             	10632
heapcached ops:  	1291
recorded ops:    	2247
  calls:         	975
guards:          	359
opt ops:         	692
opt guards:      	116
opt guards shared:	91
forcings:        	0
abort: trace too long:	0
abort: compiling:	0
abort: vable escape:	0
abort: bad loop: 	0
abort: force quasi-immut:	0
abort: segmenting trace:	0
virtualizables forced:	0
nvirtuals:       	16
nvholes:         	0
nvreused:        	0
vecopt tried:    	0
vecopt success:  	0
Total # of loops:	4
Total # of bridges:	3
Freed # of loops:	0
Freed # of bridges:	0
[201e19e9] jit-summary}
