[7866a6f] {jit-log-opt-loop
# Loop 1 (5076<main.rpyeffect:79([mcore:[#149]#151])>+4: {"op": "Jump", "target": 5044}) : loop with 258 ops
[p0, p1, p2, p3]
+392: p4 = getfield_gc_r(p2, descr=<FieldP rpyeffect.environment.Environment.inst_values_num 16>)
+400: i6 = getarrayitem_gc_i(p4, 0, descr=<ArrayS 8>)
+404: i8 = getarrayitem_gc_i(p4, 1, descr=<ArrayS 8>)
+408: i10 = getarrayitem_gc_i(p4, 2, descr=<ArrayS 8>)
+412: i12 = getarrayitem_gc_i(p4, 3, descr=<ArrayS 8>)
+416: i14 = getarrayitem_gc_i(p4, 4, descr=<ArrayS 8>)
+420: i16 = getarrayitem_gc_i(p4, 5, descr=<ArrayS 8>)
+424: i18 = getarrayitem_gc_i(p4, 6, descr=<ArrayS 8>)
+428: i20 = getarrayitem_gc_i(p4, 7, descr=<ArrayS 8>)
+432: i22 = getarrayitem_gc_i(p4, 8, descr=<ArrayS 8>)
+436: i24 = getarrayitem_gc_i(p4, 9, descr=<ArrayS 8>)
+440: i26 = getarrayitem_gc_i(p4, 10, descr=<ArrayS 8>)
+444: i28 = getarrayitem_gc_i(p4, 11, descr=<ArrayS 8>)
+448: i30 = getarrayitem_gc_i(p4, 12, descr=<ArrayS 8>)
+452: i32 = getarrayitem_gc_i(p4, 13, descr=<ArrayS 8>)
+456: i34 = getarrayitem_gc_i(p4, 14, descr=<ArrayS 8>)
+464: i36 = getarrayitem_gc_i(p4, 15, descr=<ArrayS 8>)
+468: p37 = getfield_gc_r(p2, descr=<FieldP rpyeffect.environment.Environment.inst_values_ptr 24>)
+472: p39 = getarrayitem_gc_r(p37, 0, descr=<ArrayP 8>)
+480: p41 = getarrayitem_gc_r(p37, 1, descr=<ArrayP 8>)
+488: p43 = getarrayitem_gc_r(p37, 2, descr=<ArrayP 8>)
+496: p45 = getarrayitem_gc_r(p37, 3, descr=<ArrayP 8>)
+504: p47 = getarrayitem_gc_r(p37, 4, descr=<ArrayP 8>)
+512: p49 = getarrayitem_gc_r(p37, 5, descr=<ArrayP 8>)
+520: p51 = getarrayitem_gc_r(p37, 6, descr=<ArrayP 8>)
+528: p53 = getarrayitem_gc_r(p37, 7, descr=<ArrayP 8>)
+536: p55 = getarrayitem_gc_r(p37, 8, descr=<ArrayP 8>)
+544: p57 = getarrayitem_gc_r(p37, 9, descr=<ArrayP 8>)
+552: p59 = getarrayitem_gc_r(p37, 10, descr=<ArrayP 8>)
+560: p61 = getarrayitem_gc_r(p37, 11, descr=<ArrayP 8>)
+568: p63 = getarrayitem_gc_r(p37, 12, descr=<ArrayP 8>)
+576: p65 = getarrayitem_gc_r(p37, 13, descr=<ArrayP 8>)
+584: p67 = getarrayitem_gc_r(p37, 14, descr=<ArrayP 8>)
+592: p69 = getarrayitem_gc_r(p37, 15, descr=<ArrayP 8>)
+596: label(p0, p1, p2, p3, i6, i8, i10, i12, i14, i16, i18, i20, i22, i24, i26, i28, i30, i32, i34, i36, p39, p41, p43, p45, p47, p49, p51, p53, p55, p57, p59, p61, p63, p65, p67, p69, descr=TargetToken(5508146224))
debug_merge_point(0, 0, '5076<main.rpyeffect:79([mcore:[#149]#151])>+4: {"op": "Jump". "target": 5044}')
+660: guard_not_invalidated(descr=<Guard0x148510a18>) [p2, i6, i8, i10, i12, i14, i16, i18, i20, i22, i24, i26, i28, i30, i32, i34, i36, p39, p41, p43, p45, p47, p49, p51, p53, p55, p57, p59, p61, p63, p65, p67, p69, p0, p1, p3]
+664: guard_nonnull(p1, descr=<Guard0x1484e1820>) [p2, i6, i8, i10, i12, i14, i16, i18, i20, i22, i24, i26, i28, i30, i32, i34, i36, p39, p41, p43, p45, p47, p49, p51, p53, p55, p57, p59, p61, p63, p65, p67, p69, p0, p1, p3]
+676: i70 = getfield_gc_i(p1, descr=<FieldS rpyeffect.stored_environment.Stack__arb_arb.inst_target 16 pure>)
+684: guard_value(i70, 5075, descr=<Guard0x1484e1860>) [p2, i6, i8, i10, i12, i14, i16, i18, i20, i22, i24, i26, i28, i30, i32, i34, i36, p39, p41, p43, p45, p47, p49, p51, p53, p55, p57, p59, p61, p63, p65, p67, p69, p0, p1, p3]
debug_merge_point(0, 0, '5044<main.rpyeffect:47([mcore:[#125]#137])>+0: {"op": "Const". "type": "ptr". "out": 0. "format": "string". "value": "Name(import$std/core/hnd)"}')
debug_merge_point(0, 0, '5044<main.rpyeffect:47([mcore:[#125]#137])>+1: {"op": "PrimOp". "name": "getGlobal(String): Ptr". "out": {"num": []. "ptr": [0]}. "in": {"num": []. "ptr": [0]}}')
debug_merge_point(0, 0, '5044<main.rpyeffect:47([mcore:[#125]#137])>+2: {"op": "CallLib". "lib": "0". "symbol": "getCurrentEvv"}')
debug_merge_point(0, 0, '301<std_core_hnd.rpyeffect:0(Name(getCurrentEvv))>+0: {"op": "Const". "type": "ptr". "out": 0. "format": "string". "value": "current-evv"}')
debug_merge_point(0, 0, '301<std_core_hnd.rpyeffect:0(Name(getCurrentEvv))>+1: {"op": "PrimOp". "name": "getGlobal(String): Ptr". "out": {"num": []. "ptr": [0]}. "in": {"num": []. "ptr": [0]}}')
debug_merge_point(0, 0, '301<std_core_hnd.rpyeffect:0(Name(getCurrentEvv))>+2: {"op": "PrimOp". "name": "getRef(Ref[Ptr]): Ptr". "out": {"num": []. "ptr": [0]}. "in": {"num": []. "ptr": [0]}}')
+700: p73 = getfield_gc_r(ConstPtr(ptr72), descr=<FieldP rpyeffect.region.PtrRef.inst_value 8>)
debug_merge_point(0, 0, '301<std_core_hnd.rpyeffect:0(Name(getCurrentEvv))>+3: {"op": "Return". "args": {"num": []. "ptr": [0]}}')
+704: i74 = getfield_gc_i(p1, descr=<FieldS rpyeffect.stored_environment.Stack__1_0.inst_values_num_0 40 pure>)
+708: p75 = getfield_gc_r(p1, descr=<FieldP rpyeffect.stored_environment.Stack__arb_arb.inst_tail 8 pure>)
debug_merge_point(0, 0, '5075<main.rpyeffect:78([k@[mcore:[#149]#151]#157])>+0: {"op": "PrimOp". "name": "promote_ptr". "out": {"num": []. "ptr": [0]}. "in": {"num": []. "ptr": [0]}}')
+716: i77 = ptr_eq(ConstPtr(ptr76), p73)
guard_true(i77, descr=<Guard0x1484e18a0>) [p2, i6, i8, i10, i12, i14, i16, i18, i20, i22, i24, i26, i28, i30, i32, i34, i36, p39, p41, p43, p45, p47, p49, p51, p53, p55, p57, p59, p61, p63, p65, p67, p69, p0, p1, p3]
+724: guard_value(p73, ConstPtr(ptr78), descr=<Guard0x1484e18e0>) [p2, i6, i8, i10, i12, i14, i16, i18, i20, i22, i24, i26, i28, i30, i32, i34, i36, p39, p41, p43, p45, p47, p49, p51, p53, p55, p57, p59, p61, p63, p65, p67, p69, p0, p1, p3]
debug_merge_point(0, 0, '5075<main.rpyeffect:78([k@[mcore:[#149]#151]#157])>+1: {"op": "Const". "type": "ptr". "out": 1. "format": "string". "value": "Name(import$std/core/hnd)"}')
debug_merge_point(0, 0, '5075<main.rpyeffect:78([k@[mcore:[#149]#151]#157])>+2: {"op": "PrimOp". "name": "getGlobal(String): Ptr". "out": {"num": []. "ptr": [1]}. "in": {"num": []. "ptr": [1]}}')
debug_merge_point(0, 0, '5075<main.rpyeffect:78([k@[mcore:[#149]#151]#157])>+3: {"op": "Push". "target": 5074. "args": {"num": []. "ptr": []}}')
debug_merge_point(0, 0, '5075<main.rpyeffect:78([k@[mcore:[#149]#151]#157])>+4: {"op": "Jump". "target": 5043}')
debug_merge_point(0, 0, '5043<main.rpyeffect:46([mcore:[#124]#131])>+0: {"op": "Const". "type": "ptr". "out": 1. "format": "string". "value": "Name(import$std/core/hnd)"}')
debug_merge_point(0, 0, '5043<main.rpyeffect:46([mcore:[#124]#131])>+1: {"op": "PrimOp". "name": "getGlobal(String): Ptr". "out": {"num": []. "ptr": [1]}. "in": {"num": []. "ptr": [1]}}')
debug_merge_point(0, 0, '5043<main.rpyeffect:46([mcore:[#124]#131])>+2: {"op": "CallLib". "lib": "1". "symbol": "elt"}')
debug_merge_point(0, 0, '331<std_core_hnd.rpyeffect:30(Name(elt))>+0: {"op": "Switch". "scrutinee": 0. "values": [0]. "targets": [329]. "default": 330}')
+732: i80 = int_eq(i74, 0)
guard_true(i80, descr=<Guard0x1484e1920>) [p2, i6, i8, i10, i12, i14, i16, i18, i20, i22, i24, i26, i28, i30, i32, i34, i36, p39, p41, p43, p45, p47, p49, p51, p53, p55, p57, p59, p61, p63, p65, p67, p69, p0, p1, p3]
debug_merge_point(0, 0, '329<std_core_hnd.rpyeffect:28([switch case for 0#86])>+0: {"op": "Proj". "out": 0. "type": Interned(evv). "scrutinee": 0. "tag": Interned(cons). "field": 0. "field_type": "ptr"}')
+740: p82 = getfield_gc_r(ConstPtr(ptr81), descr=<FieldP rpyeffect.stored_environment.Data__arb_arb.inst_tag 8>)
+748: guard_value(p82, ConstPtr(ptr83), descr=<Guard0x1484e1960>) [p2, i6, i8, i10, i12, i14, i16, i18, i20, i22, i24, i26, i28, i30, i32, i34, i36, p39, p41, p43, p45, p47, p49, p51, p53, p55, p57, p59, p61, p63, p65, p67, p69, p0, p1, p3]
debug_merge_point(0, 0, '329<std_core_hnd.rpyeffect:28([switch case for 0#86])>+1: {"op": "Return". "args": {"num": []. "ptr": [0]}}')
debug_merge_point(0, 0, '5074<main.rpyeffect:77([k@[k@[mcore:[#149]#151]#157]#165])>+0: {"op": "Push". "target": 5064. "args": {"num": []. "ptr": []}}')
debug_merge_point(0, 0, '5074<main.rpyeffect:77([k@[k@[mcore:[#149]#151]#157]#165])>+1: {"op": "Match". "type": Interned(std/core/hnd/ev). "scrutinee": 0. "clauses": [{"tag": Interned(std/core/hnd/Ev). "target": 5073. "args": {"num": []. "ptr": [1. 2. 3. 4]}}]. "default": {"tag": Interned(31126dd0-562a-4900-a950-67c63e38a9f2#[Missing Tag#727]). "target": 5065. "args": {"num": []. "ptr": []}}}')
+760: p85 = getfield_gc_r(ConstPtr(ptr84), descr=<FieldP rpyeffect.stored_environment.Data__arb_arb.inst_tag 8>)
+768: guard_value(p85, ConstPtr(ptr86), descr=<Guard0x1484e19a0>) [p2, i6, i8, i10, i12, i14, i16, i18, i20, i22, i24, i26, i28, i30, i32, i34, i36, p39, p41, p43, p45, p47, p49, p51, p53, p55, p57, p59, p61, p63, p65, p67, p69, p0, p1, p3]
debug_merge_point(0, 0, '5073<main.rpyeffect:76([#225])>+0: {"op": "Copy". "type": "ptr". "from": 0. "to". 1}')
debug_merge_point(0, 0, '5073<main.rpyeffect:76([#225])>+1: {"op": "Copy". "type": "ptr". "from": 2. "to". 0}')
debug_merge_point(0, 0, '5073<main.rpyeffect:76([#225])>+2: {"op": "Match". "type": Interned(main/state). "scrutinee": 3. "clauses": [{"tag": Interned(main/@Hnd-state). "target": 5072. "args": {"num": [0]. "ptr": [2. 3]}}]. "default": {"tag": Interned(31126dd0-562a-4900-a950-67c63e38a9f2#[Missing Tag#726]). "target": 5067. "args": {"num": []. "ptr": []}}}')
+780: p88 = getfield_gc_r(ConstPtr(ptr87), descr=<FieldP rpyeffect.stored_environment.Data__arb_arb.inst_tag 8>)
+788: guard_value(p88, ConstPtr(ptr89), descr=<Guard0x1484e19e0>) [p2, i6, i8, i10, i12, i14, i16, i18, i20, i22, i24, i26, i28, i30, i32, i34, i36, p39, p41, p43, p45, p47, p49, p51, p53, p55, p57, p59, p61, p63, p65, p67, p69, p0, p1, p3]
debug_merge_point(0, 0, '5072<main.rpyeffect:75([match_main/@Hnd-state@[#225]#232])>+0: {"op": "Match". "type": Interned(std/core/hnd/clause0). "scrutinee": 2. "clauses": [{"tag": Interned(std/core/hnd/Clause0). "target": 5071. "args": {"num": []. "ptr": [2]}}]. "default": {"tag": Interned(31126dd0-562a-4900-a950-67c63e38a9f2#[Missing Tag#725]). "target": 5069. "args": {"num": []. "ptr": []}}}')
+800: p91 = getfield_gc_r(ConstPtr(ptr90), descr=<FieldP rpyeffect.stored_environment.Data__arb_arb.inst_tag 8>)
+808: guard_value(p91, ConstPtr(ptr92), descr=<Guard0x1484e1a20>) [p2, i6, i8, i10, i12, i14, i16, i18, i20, i22, i24, i26, i28, i30, i32, i34, i36, p39, p41, p43, p45, p47, p49, p51, p53, p55, p57, p59, p61, p63, p65, p67, p69, p0, p1, p3]
debug_merge_point(0, 0, '5071<main.rpyeffect:74([#239])>+0: {"op": "Push". "target": 5070. "args": {"num": []. "ptr": []}}')
debug_merge_point(0, 0, '5071<main.rpyeffect:74([#239])>+1: {"op": "Invoke". "receiver": 2. "tag": Interned(%apply(pp):p). "args" : {"num": []. "ptr": [0. 1]}}')
debug_merge_point(0, 0, '5084<main.rpyeffect:87([method_%apply(pp):p@[mcore:[#173]#267]#274])>+0: {"op": "Jump". "target": 5079}')
debug_merge_point(0, 0, '5079<main.rpyeffect:82([mcore:[#159]#256])>+0: {"op": "PrimOp". "name": "getRef(Ref[Ptr]): Ptr". "out": {"num": []. "ptr": [0]}. "in": {"num": []. "ptr": [2]}}')
+820: p94 = getfield_gc_r(ConstPtr(ptr93), descr=<FieldP rpyeffect.region.PtrRef.inst_value 8>)
debug_merge_point(0, 0, '5079<main.rpyeffect:82([mcore:[#159]#256])>+1: {"op": "Return". "args": {"num": []. "ptr": [0]}}')
debug_merge_point(0, 0, '5070<main.rpyeffect:73([k@[#239]#241])>+0: {"op": "PrimOp". "name": "unbox(Ptr): Num". "out": {"num": [0]. "ptr": []}. "in": {"num": []. "ptr": [0]}}')
+824: i95 = getfield_gc_i(p94, descr=<FieldS rpyeffect.region.NumBox.inst_value 8 pure>)
debug_merge_point(0, 0, '5070<main.rpyeffect:73([k@[#239]#241])>+1: {"op": "Return". "args": {"num": [0]. "ptr": []}}')
+828: guard_nonnull(p75, descr=<Guard0x1484e1a60>) [p2, i6, i8, i10, i12, i14, i16, i18, i20, i22, i24, i26, i28, i30, i32, i34, i36, p39, p41, p43, p45, p47, p49, p51, p53, p55, p57, p59, p61, p63, p65, p67, p69, p0, p1, p3]
+836: i96 = getfield_gc_i(p75, descr=<FieldS rpyeffect.stored_environment.Stack__arb_arb.inst_target 16 pure>)
+840: guard_value(i96, 5101, descr=<Guard0x1484e1aa0>) [p2, i6, i8, i10, i12, i14, i16, i18, i20, i22, i24, i26, i28, i30, i32, i34, i36, p39, p41, p43, p45, p47, p49, p51, p53, p55, p57, p59, p61, p63, p65, p67, p69, p0, p1, p3]
debug_merge_point(0, 0, '5064<main.rpyeffect:67([k@[k@[k@[mcore:[#149]#151]#157]#165]#167])>+0: {"op": "Const". "type": "num". "out": 1. "value": 0}')
debug_merge_point(0, 0, '5064<main.rpyeffect:67([k@[k@[k@[mcore:[#149]#151]#157]#165]#167])>+1: {"op": "PrimOp". "name": "infixEq(Int. Int): Boolean". "out": {"num": [1]. "ptr": []}. "in": {"num": [0. 1]. "ptr": []}}')
+852: i99 = int_eq(i95, 0)
guard_false(i99, descr=<Guard0x1484e1ae0>) [p2, i6, i8, i10, i12, i14, i16, i18, i20, i22, i24, i26, i28, i30, i32, i34, i36, p39, p41, p43, p45, p47, p49, p51, p53, p55, p57, p59, p61, p63, p65, p67, p69, p0, p1, p3]
debug_merge_point(0, 0, '5064<main.rpyeffect:67([k@[k@[k@[mcore:[#149]#151]#157]#165]#167])>+2: {"op": "Switch". "scrutinee": 1. "values": [1]. "targets": [5047]. "default": 5063}')
debug_merge_point(0, 0, '5063<main.rpyeffect:66([switch default case#172])>+0: {"op": "Const". "type": "num". "out": 1. "value": 0}')
debug_merge_point(0, 0, '5063<main.rpyeffect:66([switch default case#172])>+1: {"op": "PrimOp". "name": "infixEq(Int. Int): Boolean". "out": {"num": [1]. "ptr": []}. "in": {"num": [0. 1]. "ptr": []}}')
debug_merge_point(0, 0, '5063<main.rpyeffect:66([switch default case#172])>+2: {"op": "Switch". "scrutinee": 1. "values": [0]. "targets": [5061]. "default": 5062}')
debug_merge_point(0, 0, '5061<main.rpyeffect:64([switch case for 0#176])>+0: {"op": "Const". "type": "num". "out": 1. "value": 1}')
debug_merge_point(0, 0, '5061<main.rpyeffect:64([switch case for 0#176])>+1: {"op": "PrimOp". "name": "infixSub(Int. Int): Int". "out": {"num": [0]. "ptr": []}. "in": {"num": [0. 1]. "ptr": []}}')
+860: i101 = int_sub(i95, 1)
debug_merge_point(0, 0, '5061<main.rpyeffect:64([switch case for 0#176])>+2: {"op": "Const". "type": "num". "out": 1. "value": 0}')
debug_merge_point(0, 0, '5061<main.rpyeffect:64([switch case for 0#176])>+3: {"op": "Const". "type": "ptr". "out": 0. "format": "string". "value": "Name(import$std/core/hnd)"}')
debug_merge_point(0, 0, '5061<main.rpyeffect:64([switch case for 0#176])>+4: {"op": "PrimOp". "name": "getGlobal(String): Ptr". "out": {"num": []. "ptr": [0]}. "in": {"num": []. "ptr": [0]}}')
debug_merge_point(0, 0, '5061<main.rpyeffect:64([switch case for 0#176])>+5: {"op": "Push". "target": 5060. "args": {"num": [1. 0]. "ptr": []}}')
debug_merge_point(0, 0, '5061<main.rpyeffect:64([switch case for 0#176])>+6: {"op": "Jump". "target": 5046}')
debug_merge_point(0, 0, '5046<main.rpyeffect:49([mcore:[#139]#147])>+0: {"op": "Const". "type": "ptr". "out": 0. "format": "string". "value": "Name(import$std/core/hnd)"}')
debug_merge_point(0, 0, '5046<main.rpyeffect:49([mcore:[#139]#147])>+1: {"op": "PrimOp". "name": "getGlobal(String): Ptr". "out": {"num": []. "ptr": [0]}. "in": {"num": []. "ptr": [0]}}')
debug_merge_point(0, 0, '5046<main.rpyeffect:49([mcore:[#139]#147])>+2: {"op": "CallLib". "lib": "0". "symbol": "getCurrentEvv"}')
debug_merge_point(0, 0, '301<std_core_hnd.rpyeffect:0(Name(getCurrentEvv))>+0: {"op": "Const". "type": "ptr". "out": 0. "format": "string". "value": "current-evv"}')
debug_merge_point(0, 0, '301<std_core_hnd.rpyeffect:0(Name(getCurrentEvv))>+1: {"op": "PrimOp". "name": "getGlobal(String): Ptr". "out": {"num": []. "ptr": [0]}. "in": {"num": []. "ptr": [0]}}')
debug_merge_point(0, 0, '301<std_core_hnd.rpyeffect:0(Name(getCurrentEvv))>+2: {"op": "PrimOp". "name": "getRef(Ref[Ptr]): Ptr". "out": {"num": []. "ptr": [0]}. "in": {"num": []. "ptr": [0]}}')
debug_merge_point(0, 0, '301<std_core_hnd.rpyeffect:0(Name(getCurrentEvv))>+3: {"op": "Return". "args": {"num": []. "ptr": [0]}}')
debug_merge_point(0, 0, '5060<main.rpyeffect:63([k@[switch case for 0#176]#184])>+0: {"op": "PrimOp". "name": "promote_ptr". "out": {"num": []. "ptr": [0]}. "in": {"num": []. "ptr": [0]}}')
debug_merge_point(0, 0, '5060<main.rpyeffect:63([k@[switch case for 0#176]#184])>+1: {"op": "Const". "type": "ptr". "out": 1. "format": "string". "value": "Name(import$std/core/hnd)"}')
debug_merge_point(0, 0, '5060<main.rpyeffect:63([k@[switch case for 0#176]#184])>+2: {"op": "PrimOp". "name": "getGlobal(String): Ptr". "out": {"num": []. "ptr": [1]}. "in": {"num": []. "ptr": [1]}}')
debug_merge_point(0, 0, '5060<main.rpyeffect:63([k@[switch case for 0#176]#184])>+3: {"op": "Push". "target": 5059. "args": {"num": [1]. "ptr": []}}')
debug_merge_point(0, 0, '5060<main.rpyeffect:63([k@[switch case for 0#176]#184])>+4: {"op": "Jump". "target": 5045}')
debug_merge_point(0, 0, '5045<main.rpyeffect:48([mcore:[#138]#141])>+0: {"op": "Const". "type": "ptr". "out": 1. "format": "string". "value": "Name(import$std/core/hnd)"}')
debug_merge_point(0, 0, '5045<main.rpyeffect:48([mcore:[#138]#141])>+1: {"op": "PrimOp". "name": "getGlobal(String): Ptr". "out": {"num": []. "ptr": [1]}. "in": {"num": []. "ptr": [1]}}')
debug_merge_point(0, 0, '5045<main.rpyeffect:48([mcore:[#138]#141])>+2: {"op": "CallLib". "lib": "1". "symbol": "elt"}')
debug_merge_point(0, 0, '331<std_core_hnd.rpyeffect:30(Name(elt))>+0: {"op": "Switch". "scrutinee": 0. "values": [0]. "targets": [329]. "default": 330}')
debug_merge_point(0, 0, '329<std_core_hnd.rpyeffect:28([switch case for 0#86])>+0: {"op": "Proj". "out": 0. "type": Interned(evv). "scrutinee": 0. "tag": Interned(cons). "field": 0. "field_type": "ptr"}')
debug_merge_point(0, 0, '329<std_core_hnd.rpyeffect:28([switch case for 0#86])>+1: {"op": "Return". "args": {"num": []. "ptr": [0]}}')
debug_merge_point(0, 0, '5059<main.rpyeffect:62([k@[k@[switch case for 0#176]#184]#192])>+0: {"op": "Push". "target": 5049. "args": {"num": []. "ptr": []}}')
debug_merge_point(0, 0, '5059<main.rpyeffect:62([k@[k@[switch case for 0#176]#184]#192])>+1: {"op": "Match". "type": Interned(std/core/hnd/ev). "scrutinee": 0. "clauses": [{"tag": Interned(std/core/hnd/Ev). "target": 5058. "args": {"num": []. "ptr": [1. 2. 3. 4]}}]. "default": {"tag": Interned(31126dd0-562a-4900-a950-67c63e38a9f2#[Missing Tag#724]). "target": 5050. "args": {"num": []. "ptr": []}}}')
debug_merge_point(0, 0, '5058<main.rpyeffect:61([#202])>+0: {"op": "Copy". "type": "ptr". "from": 0. "to". 1}')
debug_merge_point(0, 0, '5058<main.rpyeffect:61([#202])>+1: {"op": "Copy". "type": "ptr". "from": 2. "to". 0}')
debug_merge_point(0, 0, '5058<main.rpyeffect:61([#202])>+2: {"op": "Match". "type": Interned(main/state). "scrutinee": 3. "clauses": [{"tag": Interned(main/@Hnd-state). "target": 5057. "args": {"num": [1]. "ptr": [2. 3]}}]. "default": {"tag": Interned(31126dd0-562a-4900-a950-67c63e38a9f2#[Missing Tag#723]). "target": 5052. "args": {"num": []. "ptr": []}}}')
debug_merge_point(0, 0, '5057<main.rpyeffect:60([match_main/@Hnd-state@[#202]#207])>+0: {"op": "Match". "type": Interned(std/core/hnd/clause1). "scrutinee": 3. "clauses": [{"tag": Interned(std/core/hnd/Clause1). "target": 5056. "args": {"num": []. "ptr": [2]}}]. "default": {"tag": Interned(31126dd0-562a-4900-a950-67c63e38a9f2#[Missing Tag#722]). "target": 5054. "args": {"num": []. "ptr": []}}}')
+868: p103 = getfield_gc_r(ConstPtr(ptr102), descr=<FieldP rpyeffect.stored_environment.Data__arb_arb.inst_tag 8>)
+876: guard_value(p103, ConstPtr(ptr104), descr=<Guard0x1484e1b20>) [p2, i6, i8, i10, i12, i14, i16, i18, i20, i22, i24, i26, i28, i30, i32, i34, i36, p39, p41, p43, p45, p47, p49, p51, p53, p55, p57, p59, p61, p63, p65, p67, p69, p0, p1, p3]
debug_merge_point(0, 0, '5056<main.rpyeffect:59([#212])>+0: {"op": "PrimOp". "name": "box(Num): Ptr". "out": {"num": []. "ptr": [3]}. "in": {"num": [0]. "ptr": []}}')
debug_merge_point(0, 0, '5056<main.rpyeffect:59([#212])>+1: {"op": "Push". "target": 5055. "args": {"num": []. "ptr": []}}')
debug_merge_point(0, 0, '5056<main.rpyeffect:59([#212])>+2: {"op": "Swap". "type": "ptr". "a": 3. "b". 2}')
debug_merge_point(0, 0, '5056<main.rpyeffect:59([#212])>+3: {"op": "Invoke". "receiver": 3. "tag": Interned(%apply(ppp):p). "args" : {"num": []. "ptr": [0. 1. 2]}}')
debug_merge_point(0, 0, '5090<main.rpyeffect:93([#300])>+0: {"op": "PrimOp". "name": "unbox(Ptr): Num". "out": {"num": [0]. "ptr": []}. "in": {"num": []. "ptr": [2]}}')
debug_merge_point(0, 0, '5090<main.rpyeffect:93([#300])>+1: {"op": "Copy". "type": "ptr". "from": 3. "to". 2}')
debug_merge_point(0, 0, '5090<main.rpyeffect:93([#300])>+2: {"op": "Jump". "target": 5081}')
debug_merge_point(0, 0, '5081<main.rpyeffect:84([mcore:[#166]#262])>+0: {"op": "PrimOp". "name": "box(Num): Ptr". "out": {"num": []. "ptr": [0]}. "in": {"num": [0]. "ptr": []}}')
debug_merge_point(0, 0, '5081<main.rpyeffect:84([mcore:[#166]#262])>+1: {"op": "PrimOp". "name": "setRef(Ref[Ptr]. Ptr): Unit". "out": {"num": []. "ptr": [0]}. "in": {"num": []. "ptr": [2. 0]}}')
debug_merge_point(0, 0, '5081<main.rpyeffect:84([mcore:[#166]#262])>+2: {"op": "Return". "args": {"num": []. "ptr": [0]}}')
debug_merge_point(0, 0, '5055<main.rpyeffect:58([k@[#212]#217])>+0: {"op": "Return". "args": {"num": []. "ptr": [0]}}')
debug_merge_point(0, 0, '5049<main.rpyeffect:52([#194])>+0: {"op": "Const". "type": "ptr". "out": 0. "format": "string". "value": "Name(import$std/core/hnd)"}')
debug_merge_point(0, 0, '5049<main.rpyeffect:52([#194])>+1: {"op": "PrimOp". "name": "getGlobal(String): Ptr". "out": {"num": []. "ptr": [0]}. "in": {"num": []. "ptr": [0]}}')
debug_merge_point(0, 0, '5049<main.rpyeffect:52([#194])>+2: {"op": "Jump". "target": 5076}')
debug_merge_point(0, 0, '5076<main.rpyeffect:79([mcore:[#149]#151])>+0: {"op": "Const". "type": "num". "out": 0. "value": 0}')
debug_merge_point(0, 0, '5076<main.rpyeffect:79([mcore:[#149]#151])>+1: {"op": "Const". "type": "ptr". "out": 0. "format": "string". "value": "Name(import$std/core/hnd)"}')
debug_merge_point(0, 0, '5076<main.rpyeffect:79([mcore:[#149]#151])>+2: {"op": "PrimOp". "name": "getGlobal(String): Ptr". "out": {"num": []. "ptr": [0]}. "in": {"num": []. "ptr": [0]}}')
debug_merge_point(0, 0, '5076<main.rpyeffect:79([mcore:[#149]#151])>+3: {"op": "Push". "target": 5075. "args": {"num": [0]. "ptr": []}}')
debug_merge_point(0, 0, '5076<main.rpyeffect:79([mcore:[#149]#151])>+4: {"op": "Jump". "target": 5044}')
+884: p105 = new_with_vtable(descr=<SizeDescr 16>)
+992: setfield_gc(p105, i101, descr=<FieldS rpyeffect.region.NumBox.inst_value 8 pure>)
+1060: setfield_gc(ConstPtr(ptr106), p105, descr=<FieldP rpyeffect.region.PtrRef.inst_value 8>)
+1064: label(p0, p75, p2, p3, i10, i12, i14, i16, i18, i20, i22, i24, i26, i28, i30, i32, i34, i36, p49, p51, p53, p55, p57, p59, p61, p63, p65, p67, p69, p105, descr=TargetToken(5508146304))
debug_merge_point(0, 0, '5076<main.rpyeffect:79([mcore:[#149]#151])>+4: {"op": "Jump". "target": 5044}')
+1068: guard_not_invalidated(descr=<Guard0x148510a70>) [p2, i10, i12, i14, i16, i18, i20, i22, i24, i26, i28, i30, i32, i34, i36, p49, p51, p53, p55, p57, p59, p61, p63, p65, p67, p69, p0, p3, p75]
debug_merge_point(0, 0, '5044<main.rpyeffect:47([mcore:[#125]#137])>+0: {"op": "Const". "type": "ptr". "out": 0. "format": "string". "value": "Name(import$std/core/hnd)"}')
debug_merge_point(0, 0, '5044<main.rpyeffect:47([mcore:[#125]#137])>+1: {"op": "PrimOp". "name": "getGlobal(String): Ptr". "out": {"num": []. "ptr": [0]}. "in": {"num": []. "ptr": [0]}}')
debug_merge_point(0, 0, '5044<main.rpyeffect:47([mcore:[#125]#137])>+2: {"op": "CallLib". "lib": "0". "symbol": "getCurrentEvv"}')
debug_merge_point(0, 0, '301<std_core_hnd.rpyeffect:0(Name(getCurrentEvv))>+0: {"op": "Const". "type": "ptr". "out": 0. "format": "string". "value": "current-evv"}')
debug_merge_point(0, 0, '301<std_core_hnd.rpyeffect:0(Name(getCurrentEvv))>+1: {"op": "PrimOp". "name": "getGlobal(String): Ptr". "out": {"num": []. "ptr": [0]}. "in": {"num": []. "ptr": [0]}}')
debug_merge_point(0, 0, '301<std_core_hnd.rpyeffect:0(Name(getCurrentEvv))>+2: {"op": "PrimOp". "name": "getRef(Ref[Ptr]): Ptr". "out": {"num": []. "ptr": [0]}. "in": {"num": []. "ptr": [0]}}')
+1076: p108 = getfield_gc_r(ConstPtr(ptr107), descr=<FieldP rpyeffect.region.PtrRef.inst_value 8>)
debug_merge_point(0, 0, '301<std_core_hnd.rpyeffect:0(Name(getCurrentEvv))>+3: {"op": "Return". "args": {"num": []. "ptr": [0]}}')
debug_merge_point(0, 0, '5075<main.rpyeffect:78([k@[mcore:[#149]#151]#157])>+0: {"op": "PrimOp". "name": "promote_ptr". "out": {"num": []. "ptr": [0]}. "in": {"num": []. "ptr": [0]}}')
+1084: i110 = ptr_eq(ConstPtr(ptr109), p108)
guard_true(i110, descr=<Guard0x1484e1b60>) [p2, i10, i12, i14, i16, i18, i20, i22, i24, i26, i28, i30, i32, i34, i36, p49, p51, p53, p55, p57, p59, p61, p63, p65, p67, p69, p0, p3, p75]
+1092: guard_value(p108, ConstPtr(ptr111), descr=<Guard0x1484e1ba0>) [p2, i10, i12, i14, i16, i18, i20, i22, i24, i26, i28, i30, i32, i34, i36, p49, p51, p53, p55, p57, p59, p61, p63, p65, p67, p69, p0, p3, p75]
debug_merge_point(0, 0, '5075<main.rpyeffect:78([k@[mcore:[#149]#151]#157])>+1: {"op": "Const". "type": "ptr". "out": 1. "format": "string". "value": "Name(import$std/core/hnd)"}')
debug_merge_point(0, 0, '5075<main.rpyeffect:78([k@[mcore:[#149]#151]#157])>+2: {"op": "PrimOp". "name": "getGlobal(String): Ptr". "out": {"num": []. "ptr": [1]}. "in": {"num": []. "ptr": [1]}}')
debug_merge_point(0, 0, '5075<main.rpyeffect:78([k@[mcore:[#149]#151]#157])>+3: {"op": "Push". "target": 5074. "args": {"num": []. "ptr": []}}')
debug_merge_point(0, 0, '5075<main.rpyeffect:78([k@[mcore:[#149]#151]#157])>+4: {"op": "Jump". "target": 5043}')
debug_merge_point(0, 0, '5043<main.rpyeffect:46([mcore:[#124]#131])>+0: {"op": "Const". "type": "ptr". "out": 1. "format": "string". "value": "Name(import$std/core/hnd)"}')
debug_merge_point(0, 0, '5043<main.rpyeffect:46([mcore:[#124]#131])>+1: {"op": "PrimOp". "name": "getGlobal(String): Ptr". "out": {"num": []. "ptr": [1]}. "in": {"num": []. "ptr": [1]}}')
debug_merge_point(0, 0, '5043<main.rpyeffect:46([mcore:[#124]#131])>+2: {"op": "CallLib". "lib": "1". "symbol": "elt"}')
debug_merge_point(0, 0, '331<std_core_hnd.rpyeffect:30(Name(elt))>+0: {"op": "Switch". "scrutinee": 0. "values": [0]. "targets": [329]. "default": 330}')
debug_merge_point(0, 0, '329<std_core_hnd.rpyeffect:28([switch case for 0#86])>+0: {"op": "Proj". "out": 0. "type": Interned(evv). "scrutinee": 0. "tag": Interned(cons). "field": 0. "field_type": "ptr"}')
debug_merge_point(0, 0, '329<std_core_hnd.rpyeffect:28([switch case for 0#86])>+1: {"op": "Return". "args": {"num": []. "ptr": [0]}}')
debug_merge_point(0, 0, '5074<main.rpyeffect:77([k@[k@[mcore:[#149]#151]#157]#165])>+0: {"op": "Push". "target": 5064. "args": {"num": []. "ptr": []}}')
debug_merge_point(0, 0, '5074<main.rpyeffect:77([k@[k@[mcore:[#149]#151]#157]#165])>+1: {"op": "Match". "type": Interned(std/core/hnd/ev). "scrutinee": 0. "clauses": [{"tag": Interned(std/core/hnd/Ev). "target": 5073. "args": {"num": []. "ptr": [1. 2. 3. 4]}}]. "default": {"tag": Interned(31126dd0-562a-4900-a950-67c63e38a9f2#[Missing Tag#727]). "target": 5065. "args": {"num": []. "ptr": []}}}')
debug_merge_point(0, 0, '5073<main.rpyeffect:76([#225])>+0: {"op": "Copy". "type": "ptr". "from": 0. "to". 1}')
debug_merge_point(0, 0, '5073<main.rpyeffect:76([#225])>+1: {"op": "Copy". "type": "ptr". "from": 2. "to". 0}')
debug_merge_point(0, 0, '5073<main.rpyeffect:76([#225])>+2: {"op": "Match". "type": Interned(main/state). "scrutinee": 3. "clauses": [{"tag": Interned(main/@Hnd-state). "target": 5072. "args": {"num": [0]. "ptr": [2. 3]}}]. "default": {"tag": Interned(31126dd0-562a-4900-a950-67c63e38a9f2#[Missing Tag#726]). "target": 5067. "args": {"num": []. "ptr": []}}}')
debug_merge_point(0, 0, '5072<main.rpyeffect:75([match_main/@Hnd-state@[#225]#232])>+0: {"op": "Match". "type": Interned(std/core/hnd/clause0). "scrutinee": 2. "clauses": [{"tag": Interned(std/core/hnd/Clause0). "target": 5071. "args": {"num": []. "ptr": [2]}}]. "default": {"tag": Interned(31126dd0-562a-4900-a950-67c63e38a9f2#[Missing Tag#725]). "target": 5069. "args": {"num": []. "ptr": []}}}')
debug_merge_point(0, 0, '5071<main.rpyeffect:74([#239])>+0: {"op": "Push". "target": 5070. "args": {"num": []. "ptr": []}}')
debug_merge_point(0, 0, '5071<main.rpyeffect:74([#239])>+1: {"op": "Invoke". "receiver": 2. "tag": Interned(%apply(pp):p). "args" : {"num": []. "ptr": [0. 1]}}')
debug_merge_point(0, 0, '5084<main.rpyeffect:87([method_%apply(pp):p@[mcore:[#173]#267]#274])>+0: {"op": "Jump". "target": 5079}')
debug_merge_point(0, 0, '5079<main.rpyeffect:82([mcore:[#159]#256])>+0: {"op": "PrimOp". "name": "getRef(Ref[Ptr]): Ptr". "out": {"num": []. "ptr": [0]}. "in": {"num": []. "ptr": [2]}}')
debug_merge_point(0, 0, '5079<main.rpyeffect:82([mcore:[#159]#256])>+1: {"op": "Return". "args": {"num": []. "ptr": [0]}}')
debug_merge_point(0, 0, '5070<main.rpyeffect:73([k@[#239]#241])>+0: {"op": "PrimOp". "name": "unbox(Ptr): Num". "out": {"num": [0]. "ptr": []}. "in": {"num": []. "ptr": [0]}}')
+1100: i112 = getfield_gc_i(p105, descr=<FieldS rpyeffect.region.NumBox.inst_value 8 pure>)
debug_merge_point(0, 0, '5070<main.rpyeffect:73([k@[#239]#241])>+1: {"op": "Return". "args": {"num": [0]. "ptr": []}}')
debug_merge_point(0, 0, '5064<main.rpyeffect:67([k@[k@[k@[mcore:[#149]#151]#157]#165]#167])>+0: {"op": "Const". "type": "num". "out": 1. "value": 0}')
debug_merge_point(0, 0, '5064<main.rpyeffect:67([k@[k@[k@[mcore:[#149]#151]#157]#165]#167])>+1: {"op": "PrimOp". "name": "infixEq(Int. Int): Boolean". "out": {"num": [1]. "ptr": []}. "in": {"num": [0. 1]. "ptr": []}}')
+1104: i114 = int_eq(i112, 0)
guard_false(i114, descr=<Guard0x1484e1be0>) [p2, i10, i12, i14, i16, i18, i20, i22, i24, i26, i28, i30, i32, i34, i36, p49, p51, p53, p55, p57, p59, p61, p63, p65, p67, p69, p0, p3, p75]
debug_merge_point(0, 0, '5064<main.rpyeffect:67([k@[k@[k@[mcore:[#149]#151]#157]#165]#167])>+2: {"op": "Switch". "scrutinee": 1. "values": [1]. "targets": [5047]. "default": 5063}')
debug_merge_point(0, 0, '5063<main.rpyeffect:66([switch default case#172])>+0: {"op": "Const". "type": "num". "out": 1. "value": 0}')
debug_merge_point(0, 0, '5063<main.rpyeffect:66([switch default case#172])>+1: {"op": "PrimOp". "name": "infixEq(Int. Int): Boolean". "out": {"num": [1]. "ptr": []}. "in": {"num": [0. 1]. "ptr": []}}')
debug_merge_point(0, 0, '5063<main.rpyeffect:66([switch default case#172])>+2: {"op": "Switch". "scrutinee": 1. "values": [0]. "targets": [5061]. "default": 5062}')
debug_merge_point(0, 0, '5061<main.rpyeffect:64([switch case for 0#176])>+0: {"op": "Const". "type": "num". "out": 1. "value": 1}')
debug_merge_point(0, 0, '5061<main.rpyeffect:64([switch case for 0#176])>+1: {"op": "PrimOp". "name": "infixSub(Int. Int): Int". "out": {"num": [0]. "ptr": []}. "in": {"num": [0. 1]. "ptr": []}}')
+1112: i116 = int_sub(i112, 1)
debug_merge_point(0, 0, '5061<main.rpyeffect:64([switch case for 0#176])>+2: {"op": "Const". "type": "num". "out": 1. "value": 0}')
debug_merge_point(0, 0, '5061<main.rpyeffect:64([switch case for 0#176])>+3: {"op": "Const". "type": "ptr". "out": 0. "format": "string". "value": "Name(import$std/core/hnd)"}')
debug_merge_point(0, 0, '5061<main.rpyeffect:64([switch case for 0#176])>+4: {"op": "PrimOp". "name": "getGlobal(String): Ptr". "out": {"num": []. "ptr": [0]}. "in": {"num": []. "ptr": [0]}}')
debug_merge_point(0, 0, '5061<main.rpyeffect:64([switch case for 0#176])>+5: {"op": "Push". "target": 5060. "args": {"num": [1. 0]. "ptr": []}}')
debug_merge_point(0, 0, '5061<main.rpyeffect:64([switch case for 0#176])>+6: {"op": "Jump". "target": 5046}')
debug_merge_point(0, 0, '5046<main.rpyeffect:49([mcore:[#139]#147])>+0: {"op": "Const". "type": "ptr". "out": 0. "format": "string". "value": "Name(import$std/core/hnd)"}')
debug_merge_point(0, 0, '5046<main.rpyeffect:49([mcore:[#139]#147])>+1: {"op": "PrimOp". "name": "getGlobal(String): Ptr". "out": {"num": []. "ptr": [0]}. "in": {"num": []. "ptr": [0]}}')
debug_merge_point(0, 0, '5046<main.rpyeffect:49([mcore:[#139]#147])>+2: {"op": "CallLib". "lib": "0". "symbol": "getCurrentEvv"}')
debug_merge_point(0, 0, '301<std_core_hnd.rpyeffect:0(Name(getCurrentEvv))>+0: {"op": "Const". "type": "ptr". "out": 0. "format": "string". "value": "current-evv"}')
debug_merge_point(0, 0, '301<std_core_hnd.rpyeffect:0(Name(getCurrentEvv))>+1: {"op": "PrimOp". "name": "getGlobal(String): Ptr". "out": {"num": []. "ptr": [0]}. "in": {"num": []. "ptr": [0]}}')
debug_merge_point(0, 0, '301<std_core_hnd.rpyeffect:0(Name(getCurrentEvv))>+2: {"op": "PrimOp". "name": "getRef(Ref[Ptr]): Ptr". "out": {"num": []. "ptr": [0]}. "in": {"num": []. "ptr": [0]}}')
debug_merge_point(0, 0, '301<std_core_hnd.rpyeffect:0(Name(getCurrentEvv))>+3: {"op": "Return". "args": {"num": []. "ptr": [0]}}')
debug_merge_point(0, 0, '5060<main.rpyeffect:63([k@[switch case for 0#176]#184])>+0: {"op": "PrimOp". "name": "promote_ptr". "out": {"num": []. "ptr": [0]}. "in": {"num": []. "ptr": [0]}}')
debug_merge_point(0, 0, '5060<main.rpyeffect:63([k@[switch case for 0#176]#184])>+1: {"op": "Const". "type": "ptr". "out": 1. "format": "string". "value": "Name(import$std/core/hnd)"}')
debug_merge_point(0, 0, '5060<main.rpyeffect:63([k@[switch case for 0#176]#184])>+2: {"op": "PrimOp". "name": "getGlobal(String): Ptr". "out": {"num": []. "ptr": [1]}. "in": {"num": []. "ptr": [1]}}')
debug_merge_point(0, 0, '5060<main.rpyeffect:63([k@[switch case for 0#176]#184])>+3: {"op": "Push". "target": 5059. "args": {"num": [1]. "ptr": []}}')
debug_merge_point(0, 0, '5060<main.rpyeffect:63([k@[switch case for 0#176]#184])>+4: {"op": "Jump". "target": 5045}')
debug_merge_point(0, 0, '5045<main.rpyeffect:48([mcore:[#138]#141])>+0: {"op": "Const". "type": "ptr". "out": 1. "format": "string". "value": "Name(import$std/core/hnd)"}')
debug_merge_point(0, 0, '5045<main.rpyeffect:48([mcore:[#138]#141])>+1: {"op": "PrimOp". "name": "getGlobal(String): Ptr". "out": {"num": []. "ptr": [1]}. "in": {"num": []. "ptr": [1]}}')
debug_merge_point(0, 0, '5045<main.rpyeffect:48([mcore:[#138]#141])>+2: {"op": "CallLib". "lib": "1". "symbol": "elt"}')
debug_merge_point(0, 0, '331<std_core_hnd.rpyeffect:30(Name(elt))>+0: {"op": "Switch". "scrutinee": 0. "values": [0]. "targets": [329]. "default": 330}')
debug_merge_point(0, 0, '329<std_core_hnd.rpyeffect:28([switch case for 0#86])>+0: {"op": "Proj". "out": 0. "type": Interned(evv). "scrutinee": 0. "tag": Interned(cons). "field": 0. "field_type": "ptr"}')
debug_merge_point(0, 0, '329<std_core_hnd.rpyeffect:28([switch case for 0#86])>+1: {"op": "Return". "args": {"num": []. "ptr": [0]}}')
debug_merge_point(0, 0, '5059<main.rpyeffect:62([k@[k@[switch case for 0#176]#184]#192])>+0: {"op": "Push". "target": 5049. "args": {"num": []. "ptr": []}}')
debug_merge_point(0, 0, '5059<main.rpyeffect:62([k@[k@[switch case for 0#176]#184]#192])>+1: {"op": "Match". "type": Interned(std/core/hnd/ev). "scrutinee": 0. "clauses": [{"tag": Interned(std/core/hnd/Ev). "target": 5058. "args": {"num": []. "ptr": [1. 2. 3. 4]}}]. "default": {"tag": Interned(31126dd0-562a-4900-a950-67c63e38a9f2#[Missing Tag#724]). "target": 5050. "args": {"num": []. "ptr": []}}}')
debug_merge_point(0, 0, '5058<main.rpyeffect:61([#202])>+0: {"op": "Copy". "type": "ptr". "from": 0. "to". 1}')
debug_merge_point(0, 0, '5058<main.rpyeffect:61([#202])>+1: {"op": "Copy". "type": "ptr". "from": 2. "to". 0}')
debug_merge_point(0, 0, '5058<main.rpyeffect:61([#202])>+2: {"op": "Match". "type": Interned(main/state). "scrutinee": 3. "clauses": [{"tag": Interned(main/@Hnd-state). "target": 5057. "args": {"num": [1]. "ptr": [2. 3]}}]. "default": {"tag": Interned(31126dd0-562a-4900-a950-67c63e38a9f2#[Missing Tag#723]). "target": 5052. "args": {"num": []. "ptr": []}}}')
debug_merge_point(0, 0, '5057<main.rpyeffect:60([match_main/@Hnd-state@[#202]#207])>+0: {"op": "Match". "type": Interned(std/core/hnd/clause1). "scrutinee": 3. "clauses": [{"tag": Interned(std/core/hnd/Clause1). "target": 5056. "args": {"num": []. "ptr": [2]}}]. "default": {"tag": Interned(31126dd0-562a-4900-a950-67c63e38a9f2#[Missing Tag#722]). "target": 5054. "args": {"num": []. "ptr": []}}}')
debug_merge_point(0, 0, '5056<main.rpyeffect:59([#212])>+0: {"op": "PrimOp". "name": "box(Num): Ptr". "out": {"num": []. "ptr": [3]}. "in": {"num": [0]. "ptr": []}}')
debug_merge_point(0, 0, '5056<main.rpyeffect:59([#212])>+1: {"op": "Push". "target": 5055. "args": {"num": []. "ptr": []}}')
debug_merge_point(0, 0, '5056<main.rpyeffect:59([#212])>+2: {"op": "Swap". "type": "ptr". "a": 3. "b". 2}')
debug_merge_point(0, 0, '5056<main.rpyeffect:59([#212])>+3: {"op": "Invoke". "receiver": 3. "tag": Interned(%apply(ppp):p). "args" : {"num": []. "ptr": [0. 1. 2]}}')
debug_merge_point(0, 0, '5090<main.rpyeffect:93([#300])>+0: {"op": "PrimOp". "name": "unbox(Ptr): Num". "out": {"num": [0]. "ptr": []}. "in": {"num": []. "ptr": [2]}}')
debug_merge_point(0, 0, '5090<main.rpyeffect:93([#300])>+1: {"op": "Copy". "type": "ptr". "from": 3. "to". 2}')
debug_merge_point(0, 0, '5090<main.rpyeffect:93([#300])>+2: {"op": "Jump". "target": 5081}')
debug_merge_point(0, 0, '5081<main.rpyeffect:84([mcore:[#166]#262])>+0: {"op": "PrimOp". "name": "box(Num): Ptr". "out": {"num": []. "ptr": [0]}. "in": {"num": [0]. "ptr": []}}')
debug_merge_point(0, 0, '5081<main.rpyeffect:84([mcore:[#166]#262])>+1: {"op": "PrimOp". "name": "setRef(Ref[Ptr]. Ptr): Unit". "out": {"num": []. "ptr": [0]}. "in": {"num": []. "ptr": [2. 0]}}')
debug_merge_point(0, 0, '5081<main.rpyeffect:84([mcore:[#166]#262])>+2: {"op": "Return". "args": {"num": []. "ptr": [0]}}')
debug_merge_point(0, 0, '5055<main.rpyeffect:58([k@[#212]#217])>+0: {"op": "Return". "args": {"num": []. "ptr": [0]}}')
debug_merge_point(0, 0, '5049<main.rpyeffect:52([#194])>+0: {"op": "Const". "type": "ptr". "out": 0. "format": "string". "value": "Name(import$std/core/hnd)"}')
debug_merge_point(0, 0, '5049<main.rpyeffect:52([#194])>+1: {"op": "PrimOp". "name": "getGlobal(String): Ptr". "out": {"num": []. "ptr": [0]}. "in": {"num": []. "ptr": [0]}}')
debug_merge_point(0, 0, '5049<main.rpyeffect:52([#194])>+2: {"op": "Jump". "target": 5076}')
debug_merge_point(0, 0, '5076<main.rpyeffect:79([mcore:[#149]#151])>+0: {"op": "Const". "type": "num". "out": 0. "value": 0}')
debug_merge_point(0, 0, '5076<main.rpyeffect:79([mcore:[#149]#151])>+1: {"op": "Const". "type": "ptr". "out": 0. "format": "string". "value": "Name(import$std/core/hnd)"}')
debug_merge_point(0, 0, '5076<main.rpyeffect:79([mcore:[#149]#151])>+2: {"op": "PrimOp". "name": "getGlobal(String): Ptr". "out": {"num": []. "ptr": [0]}. "in": {"num": []. "ptr": [0]}}')
debug_merge_point(0, 0, '5076<main.rpyeffect:79([mcore:[#149]#151])>+3: {"op": "Push". "target": 5075. "args": {"num": [0]. "ptr": []}}')
debug_merge_point(0, 0, '5076<main.rpyeffect:79([mcore:[#149]#151])>+4: {"op": "Jump". "target": 5044}')
+1116: p117 = new_with_vtable(descr=<SizeDescr 16>)
+1224: setfield_gc(p117, i116, descr=<FieldS rpyeffect.region.NumBox.inst_value 8 pure>)
+1296: setfield_gc(ConstPtr(ptr118), p117, descr=<FieldP rpyeffect.region.PtrRef.inst_value 8>)
+1300: jump(p0, p75, p2, p3, i10, i12, i14, i16, i18, i20, i22, i24, i26, i28, i30, i32, i34, i36, p49, p51, p53, p55, p57, p59, p61, p63, p65, p67, p69, p117, descr=TargetToken(5508146304))
+1304: --end of the loop--
[78ac4db] jit-log-opt-loop}
[221e3fc6] {jit-summary
Tracing:      	1	0.001923
Backend:      	1	0.000246
TOTAL:      		0.448468
ops:             	5920
heapcached ops:  	547
recorded ops:    	3146
  calls:         	2741
guards:          	172
opt ops:         	222
opt guards:      	18
opt guards shared:	16
forcings:        	0
abort: trace too long:	0
abort: compiling:	0
abort: vable escape:	0
abort: bad loop: 	0
abort: force quasi-immut:	0
abort: segmenting trace:	0
virtualizables forced:	0
nvirtuals:       	1
nvholes:         	0
nvreused:        	0
vecopt tried:    	0
vecopt success:  	0
Total # of loops:	1
Total # of bridges:	0
Freed # of loops:	0
Freed # of bridges:	0
[221e7799] jit-summary}
