[79741f5] {jit-log-opt-loop
# Loop 1 (5076<test_bench_koka_counter.rpyeffect:79([mcore:[#153]#151])>+4: {"op": "Jump", "target": 5044}) : loop with 454 ops
[p0, p1, p2, p3]
+392: p4 = getfield_gc_r(p2, descr=<FieldP rpyeffect.environment.Environment.inst_values_num 16>)
+400: i6 = getarrayitem_gc_i(p4, 0, descr=<ArrayS 8>)
+404: i8 = getarrayitem_gc_i(p4, 1, descr=<ArrayS 8>)
+408: i10 = getarrayitem_gc_i(p4, 2, descr=<ArrayS 8>)
+412: i12 = getarrayitem_gc_i(p4, 3, descr=<ArrayS 8>)
+416: i14 = getarrayitem_gc_i(p4, 4, descr=<ArrayS 8>)
+420: i16 = getarrayitem_gc_i(p4, 5, descr=<ArrayS 8>)
+424: i18 = getarrayitem_gc_i(p4, 6, descr=<ArrayS 8>)
+428: i20 = getarrayitem_gc_i(p4, 7, descr=<ArrayS 8>)
+432: i22 = getarrayitem_gc_i(p4, 8, descr=<ArrayS 8>)
+436: i24 = getarrayitem_gc_i(p4, 9, descr=<ArrayS 8>)
+440: i26 = getarrayitem_gc_i(p4, 10, descr=<ArrayS 8>)
+444: i28 = getarrayitem_gc_i(p4, 11, descr=<ArrayS 8>)
+448: i30 = getarrayitem_gc_i(p4, 12, descr=<ArrayS 8>)
+452: i32 = getarrayitem_gc_i(p4, 13, descr=<ArrayS 8>)
+456: i34 = getarrayitem_gc_i(p4, 14, descr=<ArrayS 8>)
+464: i36 = getarrayitem_gc_i(p4, 15, descr=<ArrayS 8>)
+468: p37 = getfield_gc_r(p2, descr=<FieldP rpyeffect.environment.Environment.inst_values_ptr 24>)
+472: p39 = getarrayitem_gc_r(p37, 0, descr=<ArrayP 8>)
+480: p41 = getarrayitem_gc_r(p37, 1, descr=<ArrayP 8>)
+488: p43 = getarrayitem_gc_r(p37, 2, descr=<ArrayP 8>)
+496: p45 = getarrayitem_gc_r(p37, 3, descr=<ArrayP 8>)
+504: p47 = getarrayitem_gc_r(p37, 4, descr=<ArrayP 8>)
+512: p49 = getarrayitem_gc_r(p37, 5, descr=<ArrayP 8>)
+520: p51 = getarrayitem_gc_r(p37, 6, descr=<ArrayP 8>)
+528: p53 = getarrayitem_gc_r(p37, 7, descr=<ArrayP 8>)
+536: p55 = getarrayitem_gc_r(p37, 8, descr=<ArrayP 8>)
+544: p57 = getarrayitem_gc_r(p37, 9, descr=<ArrayP 8>)
+552: p59 = getarrayitem_gc_r(p37, 10, descr=<ArrayP 8>)
+560: p61 = getarrayitem_gc_r(p37, 11, descr=<ArrayP 8>)
+568: p63 = getarrayitem_gc_r(p37, 12, descr=<ArrayP 8>)
+576: p65 = getarrayitem_gc_r(p37, 13, descr=<ArrayP 8>)
+584: p67 = getarrayitem_gc_r(p37, 14, descr=<ArrayP 8>)
+592: p69 = getarrayitem_gc_r(p37, 15, descr=<ArrayP 8>)
+596: label(p0, p1, p2, p3, i6, i8, i10, i12, i14, i16, i18, i20, i22, i24, i26, i28, i30, i32, i34, i36, p39, p41, p43, p45, p47, p49, p51, p53, p55, p57, p59, p61, p63, p65, p67, p69, descr=TargetToken(5913763280))
debug_merge_point(0, 0, '5076<test_bench_koka_counter.rpyeffect:79([mcore:[#153]#151])>+4: {"op": "Jump". "target": 5044}')
+660: guard_not_invalidated(descr=<Guard0x160810de0>) [p2, i6, i8, i10, i12, i14, i16, i18, i20, i22, i24, i26, i28, i30, i32, i34, i36, p39, p41, p43, p45, p47, p49, p51, p53, p55, p57, p59, p61, p63, p65, p67, p69, p0, p1, p3]
+664: guard_nonnull(p1, descr=<Guard0x1608132e0>) [p2, i6, i8, i10, i12, i14, i16, i18, i20, i22, i24, i26, i28, i30, i32, i34, i36, p39, p41, p43, p45, p47, p49, p51, p53, p55, p57, p59, p61, p63, p65, p67, p69, p0, p1, p3]
+676: i70 = getfield_gc_i(p1, descr=<FieldS rpyeffect.stored_environment.Stack__arb_arb.inst_target 16 pure>)
+684: guard_value(i70, 5075, descr=<Guard0x160813320>) [p2, i6, i8, i10, i12, i14, i16, i18, i20, i22, i24, i26, i28, i30, i32, i34, i36, p39, p41, p43, p45, p47, p49, p51, p53, p55, p57, p59, p61, p63, p65, p67, p69, p0, p1, p3]
debug_merge_point(0, 0, '5044<test_bench_koka_counter.rpyeffect:47([mcore:[#123]#137])>+0: {"op": "Const". "type": "ptr". "out": 0. "format": "string". "value": "Name(import$std/core/hnd)"}')
debug_merge_point(0, 0, '5044<test_bench_koka_counter.rpyeffect:47([mcore:[#123]#137])>+1: {"op": "PrimOp". "name": "getGlobal(String): Ptr". "out": {"num": []. "ptr": [0]}. "in": {"num": []. "ptr": [0]}}')
debug_merge_point(0, 0, '5044<test_bench_koka_counter.rpyeffect:47([mcore:[#123]#137])>+2: {"op": "CallLib". "lib": "0". "symbol": "getCurrentEvv"}')
debug_merge_point(0, 0, '301<std_core_hnd.rpyeffect:0(Name(getCurrentEvv))>+0: {"op": "Const". "type": "ptr". "out": 0. "format": "string". "value": "current-evv"}')
debug_merge_point(0, 0, '301<std_core_hnd.rpyeffect:0(Name(getCurrentEvv))>+1: {"op": "PrimOp". "name": "getGlobal(String): Ptr". "out": {"num": []. "ptr": [0]}. "in": {"num": []. "ptr": [0]}}')
debug_merge_point(0, 0, '301<std_core_hnd.rpyeffect:0(Name(getCurrentEvv))>+2: {"op": "PrimOp". "name": "getRef(Ref[Ptr]): Ptr". "out": {"num": []. "ptr": [0]}. "in": {"num": []. "ptr": [0]}}')
+700: p73 = getfield_gc_r(ConstPtr(ptr72), descr=<FieldP rpyeffect.region.PtrRef.inst_value 8>)
debug_merge_point(0, 0, '301<std_core_hnd.rpyeffect:0(Name(getCurrentEvv))>+3: {"op": "Return". "args": {"num": []. "ptr": [0]}}')
+704: i74 = getfield_gc_i(p1, descr=<FieldS rpyeffect.stored_environment.Stack__2_0.inst_values_num_0 40 pure>)
+708: i75 = getfield_gc_i(p1, descr=<FieldS rpyeffect.stored_environment.Stack__2_0.inst_values_num_1 48 pure>)
+712: p76 = getfield_gc_r(p1, descr=<FieldP rpyeffect.stored_environment.Stack__arb_arb.inst_tail 8 pure>)
debug_merge_point(0, 0, '5075<test_bench_koka_counter.rpyeffect:78([k@[mcore:[#153]#151]#157])>+0: {"op": "PrimOp". "name": "promote_ptr". "out": {"num": []. "ptr": [0]}. "in": {"num": []. "ptr": [0]}}')
+720: i78 = ptr_eq(ConstPtr(ptr77), p73)
guard_true(i78, descr=<Guard0x160813360>) [p2, i6, i8, i10, i12, i14, i16, i18, i20, i22, i24, i26, i28, i30, i32, i34, i36, p39, p41, p43, p45, p47, p49, p51, p53, p55, p57, p59, p61, p63, p65, p67, p69, p0, p1, p3]
+728: guard_value(p73, ConstPtr(ptr79), descr=<Guard0x1608133a0>) [p2, i6, i8, i10, i12, i14, i16, i18, i20, i22, i24, i26, i28, i30, i32, i34, i36, p39, p41, p43, p45, p47, p49, p51, p53, p55, p57, p59, p61, p63, p65, p67, p69, p0, p1, p3]
debug_merge_point(0, 0, '5075<test_bench_koka_counter.rpyeffect:78([k@[mcore:[#153]#151]#157])>+1: {"op": "Const". "type": "ptr". "out": 1. "format": "string". "value": "Name(import$std/core/hnd)"}')
debug_merge_point(0, 0, '5075<test_bench_koka_counter.rpyeffect:78([k@[mcore:[#153]#151]#157])>+2: {"op": "PrimOp". "name": "getGlobal(String): Ptr". "out": {"num": []. "ptr": [1]}. "in": {"num": []. "ptr": [1]}}')
debug_merge_point(0, 0, '5075<test_bench_koka_counter.rpyeffect:78([k@[mcore:[#153]#151]#157])>+3: {"op": "Push". "target": 5074. "args": {"num": [1]. "ptr": []}}')
debug_merge_point(0, 0, '5075<test_bench_koka_counter.rpyeffect:78([k@[mcore:[#153]#151]#157])>+4: {"op": "Jump". "target": 5043}')
debug_merge_point(0, 0, '5043<test_bench_koka_counter.rpyeffect:46([mcore:[#122]#131])>+0: {"op": "Const". "type": "ptr". "out": 1. "format": "string". "value": "Name(import$std/core/hnd)"}')
debug_merge_point(0, 0, '5043<test_bench_koka_counter.rpyeffect:46([mcore:[#122]#131])>+1: {"op": "PrimOp". "name": "getGlobal(String): Ptr". "out": {"num": []. "ptr": [1]}. "in": {"num": []. "ptr": [1]}}')
debug_merge_point(0, 0, '5043<test_bench_koka_counter.rpyeffect:46([mcore:[#122]#131])>+2: {"op": "CallLib". "lib": "1". "symbol": "elt"}')
debug_merge_point(0, 0, '331<std_core_hnd.rpyeffect:30(Name(elt))>+0: {"op": "Switch". "scrutinee": 0. "values": [0]. "targets": [329]. "default": 330}')
+736: i81 = int_eq(i74, 0)
guard_true(i81, descr=<Guard0x1608133e0>) [p2, i6, i8, i10, i12, i14, i16, i18, i20, i22, i24, i26, i28, i30, i32, i34, i36, p39, p41, p43, p45, p47, p49, p51, p53, p55, p57, p59, p61, p63, p65, p67, p69, p0, p1, p3]
debug_merge_point(0, 0, '329<std_core_hnd.rpyeffect:28([switch case for 0#86])>+0: {"op": "Proj". "out": 0. "type": Interned(evv). "scrutinee": 0. "tag": Interned(cons). "field": 0. "field_type": "ptr"}')
+744: p83 = getfield_gc_r(ConstPtr(ptr82), descr=<FieldP rpyeffect.stored_environment.Data__arb_arb.inst_tag 8>)
+752: guard_value(p83, ConstPtr(ptr84), descr=<Guard0x160813420>) [p2, i6, i8, i10, i12, i14, i16, i18, i20, i22, i24, i26, i28, i30, i32, i34, i36, p39, p41, p43, p45, p47, p49, p51, p53, p55, p57, p59, p61, p63, p65, p67, p69, p0, p1, p3]
debug_merge_point(0, 0, '329<std_core_hnd.rpyeffect:28([switch case for 0#86])>+1: {"op": "Return". "args": {"num": []. "ptr": [0]}}')
debug_merge_point(0, 0, '5074<test_bench_koka_counter.rpyeffect:77([k@[k@[mcore:[#153]#151]#157]#165])>+0: {"op": "Push". "target": 5064. "args": {"num": [0]. "ptr": []}}')
debug_merge_point(0, 0, '5074<test_bench_koka_counter.rpyeffect:77([k@[k@[mcore:[#153]#151]#157]#165])>+1: {"op": "Match". "type": Interned(std/core/hnd/ev). "scrutinee": 0. "clauses": [{"tag": Interned(std/core/hnd/Ev). "target": 5073. "args": {"num": []. "ptr": [1. 2. 3. 4]}}]. "default": {"tag": Interned(d2cc5baa-c259-40e4-a8ba-42a2701ecefc#[Missing Tag#743]). "target": 5065. "args": {"num": []. "ptr": []}}}')
+764: p86 = getfield_gc_r(ConstPtr(ptr85), descr=<FieldP rpyeffect.stored_environment.Data__arb_arb.inst_tag 8>)
+772: guard_value(p86, ConstPtr(ptr87), descr=<Guard0x160813460>) [p2, i6, i8, i10, i12, i14, i16, i18, i20, i22, i24, i26, i28, i30, i32, i34, i36, p39, p41, p43, p45, p47, p49, p51, p53, p55, p57, p59, p61, p63, p65, p67, p69, p0, p1, p3]
debug_merge_point(0, 0, '5073<test_bench_koka_counter.rpyeffect:76([#232])>+0: {"op": "Copy". "type": "ptr". "from": 0. "to". 1}')
debug_merge_point(0, 0, '5073<test_bench_koka_counter.rpyeffect:76([#232])>+1: {"op": "Copy". "type": "ptr". "from": 2. "to". 0}')
debug_merge_point(0, 0, '5073<test_bench_koka_counter.rpyeffect:76([#232])>+2: {"op": "Match". "type": Interned(test/bench/koka/counter/st). "scrutinee": 3. "clauses": [{"tag": Interned(test/bench/koka/counter/@Hnd-st). "target": 5072. "args": {"num": [0]. "ptr": [2. 3]}}]. "default": {"tag": Interned(d2cc5baa-c259-40e4-a8ba-42a2701ecefc#[Missing Tag#742]). "target": 5067. "args": {"num": []. "ptr": []}}}')
+784: p89 = getfield_gc_r(ConstPtr(ptr88), descr=<FieldP rpyeffect.stored_environment.Data__arb_arb.inst_tag 8>)
+792: guard_value(p89, ConstPtr(ptr90), descr=<Guard0x1608134a0>) [p2, i6, i8, i10, i12, i14, i16, i18, i20, i22, i24, i26, i28, i30, i32, i34, i36, p39, p41, p43, p45, p47, p49, p51, p53, p55, p57, p59, p61, p63, p65, p67, p69, p0, p1, p3]
debug_merge_point(0, 0, '5072<test_bench_koka_counter.rpyeffect:75([#239])>+0: {"op": "Match". "type": Interned(std/core/hnd/clause0). "scrutinee": 2. "clauses": [{"tag": Interned(std/core/hnd/Clause0). "target": 5071. "args": {"num": []. "ptr": [2]}}]. "default": {"tag": Interned(d2cc5baa-c259-40e4-a8ba-42a2701ecefc#[Missing Tag#741]). "target": 5069. "args": {"num": []. "ptr": []}}}')
+804: p92 = getfield_gc_r(ConstPtr(ptr91), descr=<FieldP rpyeffect.stored_environment.Data__arb_arb.inst_tag 8>)
+812: guard_value(p92, ConstPtr(ptr93), descr=<Guard0x1608134e0>) [p2, i6, i8, i10, i12, i14, i16, i18, i20, i22, i24, i26, i28, i30, i32, i34, i36, p39, p41, p43, p45, p47, p49, p51, p53, p55, p57, p59, p61, p63, p65, p67, p69, p0, p1, p3]
debug_merge_point(0, 0, '5071<test_bench_koka_counter.rpyeffect:74([match_std/core/hnd/Clause0@[#239]#246])>+0: {"op": "Push". "target": 5070. "args": {"num": []. "ptr": []}}')
debug_merge_point(0, 0, '5071<test_bench_koka_counter.rpyeffect:74([match_std/core/hnd/Clause0@[#239]#246])>+1: {"op": "Invoke". "receiver": 2. "tag": Interned(%apply(pp):p). "args" : {"num": []. "ptr": [0. 1]}}')
debug_merge_point(0, 0, '1487<std_core_hnd.rpyeffect:1186([#3688])>+0: {"op": "Const". "type": "ptr". "out": 3. "format": "string". "value": "Name(import$std/core/hnd)"}')
debug_merge_point(0, 0, '1487<std_core_hnd.rpyeffect:1186([#3688])>+1: {"op": "PrimOp". "name": "getGlobal(String): Ptr". "out": {"num": []. "ptr": [3]}. "in": {"num": []. "ptr": [3]}}')
debug_merge_point(0, 0, '1487<std_core_hnd.rpyeffect:1186([#3688])>+2: {"op": "Swap". "type": "ptr". "a": 3. "b". 2}')
debug_merge_point(0, 0, '1487<std_core_hnd.rpyeffect:1186([#3688])>+3: {"op": "Jump". "target": 1485}')
debug_merge_point(0, 0, '1485<std_core_hnd.rpyeffect:1184([mcore:[#1223]#3619])>+0: {"op": "Push". "target": 1481. "args": {"num": []. "ptr": [1. 3]}}')
debug_merge_point(0, 0, '1485<std_core_hnd.rpyeffect:1184([mcore:[#1223]#3619])>+1: {"op": "Match". "type": Interned(std/core/hnd/ev). "scrutinee": 1. "clauses": [{"tag": Interned(std/core/hnd/Ev). "target": 1484. "args": {"num": []. "ptr": [0. 1. 2. 3]}}]. "default": {"tag": Interned(f1366ff7-7d8a-4a49-ba54-2f66d995f403#[Missing Tag#4968]). "target": 1482. "args": {"num": []. "ptr": []}}}')
debug_merge_point(0, 0, '1484<std_core_hnd.rpyeffect:1183([#3676])>+0: {"op": "Const". "type": "ptr". "out": 0. "format": "string". "value": "Name(import$std/core/hnd)"}')
debug_merge_point(0, 0, '1484<std_core_hnd.rpyeffect:1183([#3676])>+1: {"op": "PrimOp". "name": "getGlobal(String): Ptr". "out": {"num": []. "ptr": [0]}. "in": {"num": []. "ptr": [0]}}')
debug_merge_point(0, 0, '1484<std_core_hnd.rpyeffect:1183([#3676])>+2: {"op": "Copy". "type": "ptr". "from": 0. "to". 1}')
debug_merge_point(0, 0, '1484<std_core_hnd.rpyeffect:1183([#3676])>+3: {"op": "Copy". "type": "ptr". "from": 3. "to". 0}')
debug_merge_point(0, 0, '1484<std_core_hnd.rpyeffect:1183([#3676])>+4: {"op": "Jump". "target": 1441}')
debug_merge_point(0, 0, '1441<std_core_hnd.rpyeffect:1140([mcore:[#1206]#3530])>+0: {"op": "Const". "type": "ptr". "out": 1. "format": "string". "value": "Name(import$std/core/hnd)"}')
debug_merge_point(0, 0, '1441<std_core_hnd.rpyeffect:1140([mcore:[#1206]#3530])>+1: {"op": "PrimOp". "name": "getGlobal(String): Ptr". "out": {"num": []. "ptr": [1]}. "in": {"num": []. "ptr": [1]}}')
debug_merge_point(0, 0, '1441<std_core_hnd.rpyeffect:1140([mcore:[#1206]#3530])>+2: {"op": "CallLib". "lib": "1". "symbol": "swapCurrentEvv"}')
debug_merge_point(0, 0, '303<std_core_hnd.rpyeffect:2(Name(swapCurrentEvv))>+0: {"op": "Const". "type": "ptr". "out": 1. "format": "string". "value": "current-evv"}')
debug_merge_point(0, 0, '303<std_core_hnd.rpyeffect:2(Name(swapCurrentEvv))>+1: {"op": "PrimOp". "name": "getGlobal(String): Ptr". "out": {"num": []. "ptr": [1]}. "in": {"num": []. "ptr": [1]}}')
debug_merge_point(0, 0, '303<std_core_hnd.rpyeffect:2(Name(swapCurrentEvv))>+2: {"op": "PrimOp". "name": "getRef(Ref[Ptr]): Ptr". "out": {"num": []. "ptr": [2]}. "in": {"num": []. "ptr": [1]}}')
debug_merge_point(0, 0, '303<std_core_hnd.rpyeffect:2(Name(swapCurrentEvv))>+3: {"op": "PrimOp". "name": "setRef(Ref[Ptr]. Ptr): Unit". "out": {"num": []. "ptr": [0]}. "in": {"num": []. "ptr": [1. 0]}}')
debug_merge_point(0, 0, '303<std_core_hnd.rpyeffect:2(Name(swapCurrentEvv))>+4: {"op": "Copy". "type": "ptr". "from": 2. "to". 0}')
debug_merge_point(0, 0, '303<std_core_hnd.rpyeffect:2(Name(swapCurrentEvv))>+5: {"op": "Return". "args": {"num": []. "ptr": [0]}}')
debug_merge_point(0, 0, '1481<std_core_hnd.rpyeffect:1180([k@[mcore:[#1223]#3619]#3621])>+0: {"op": "Push". "target": 1480. "args": {"num": []. "ptr": [1. 0]}}')
debug_merge_point(0, 0, '1481<std_core_hnd.rpyeffect:1180([k@[mcore:[#1223]#3619]#3621])>+1: {"op": "Invoke". "receiver": 2. "tag": Interned(%apply():p). "args" : {"num": []. "ptr": []}}')
debug_merge_point(0, 0, '5084<test_bench_koka_counter.rpyeffect:87([method_%apply():p@[mcore:[#177]#274]#279])>+0: {"op": "Jump". "target": 5079}')
debug_merge_point(0, 0, '5079<test_bench_koka_counter.rpyeffect:82([mcore:[#163]#263])>+0: {"op": "PrimOp". "name": "getRef(Ref[Ptr]): Ptr". "out": {"num": []. "ptr": [0]}. "in": {"num": []. "ptr": [0]}}')
+888: setfield_gc(ConstPtr(ptr94), ConstPtr(ptr95), descr=<FieldP rpyeffect.region.PtrRef.inst_value 8>)
+896: p97 = getfield_gc_r(ConstPtr(ptr96), descr=<FieldP rpyeffect.region.PtrRef.inst_value 8>)
debug_merge_point(0, 0, '5079<test_bench_koka_counter.rpyeffect:82([mcore:[#163]#263])>+1: {"op": "Return". "args": {"num": []. "ptr": [0]}}')
debug_merge_point(0, 0, '1480<std_core_hnd.rpyeffect:1179([k@[k@[mcore:[#1223]#3619]#3621]#3623])>+0: {"op": "Const". "type": "ptr". "out": 3. "format": "string". "value": "Name(import$std/core/hnd)"}')
debug_merge_point(0, 0, '1480<std_core_hnd.rpyeffect:1179([k@[k@[mcore:[#1223]#3619]#3621]#3623])>+1: {"op": "PrimOp". "name": "getGlobal(String): Ptr". "out": {"num": []. "ptr": [3]}. "in": {"num": []. "ptr": [3]}}')
debug_merge_point(0, 0, '1480<std_core_hnd.rpyeffect:1179([k@[k@[mcore:[#1223]#3619]#3621]#3623])>+2: {"op": "Push". "target": 1479. "args": {"num": []. "ptr": [1. 0]}}')
debug_merge_point(0, 0, '1480<std_core_hnd.rpyeffect:1179([k@[k@[mcore:[#1223]#3619]#3621]#3623])>+3: {"op": "Copy". "type": "ptr". "from": 2. "to". 0}')
debug_merge_point(0, 0, '1480<std_core_hnd.rpyeffect:1179([k@[k@[mcore:[#1223]#3619]#3621]#3623])>+4: {"op": "Copy". "type": "ptr". "from": 3. "to". 1}')
debug_merge_point(0, 0, '1480<std_core_hnd.rpyeffect:1179([k@[k@[mcore:[#1223]#3619]#3621]#3623])>+5: {"op": "Jump". "target": 1442}')
debug_merge_point(0, 0, '1442<std_core_hnd.rpyeffect:1141([mcore:[#1208]#3535])>+0: {"op": "Const". "type": "ptr". "out": 1. "format": "string". "value": "Name(import$std/core/hnd)"}')
debug_merge_point(0, 0, '1442<std_core_hnd.rpyeffect:1141([mcore:[#1208]#3535])>+1: {"op": "PrimOp". "name": "getGlobal(String): Ptr". "out": {"num": []. "ptr": [1]}. "in": {"num": []. "ptr": [1]}}')
debug_merge_point(0, 0, '1442<std_core_hnd.rpyeffect:1141([mcore:[#1208]#3535])>+2: {"op": "CallLib". "lib": "1". "symbol": "setCurrentEvv"}')
debug_merge_point(0, 0, '302<std_core_hnd.rpyeffect:1(Name(setCurrentEvv))>+0: {"op": "Const". "type": "ptr". "out": 1. "format": "string". "value": "current-evv"}')
debug_merge_point(0, 0, '302<std_core_hnd.rpyeffect:1(Name(setCurrentEvv))>+1: {"op": "PrimOp". "name": "getGlobal(String): Ptr". "out": {"num": []. "ptr": [1]}. "in": {"num": []. "ptr": [1]}}')
debug_merge_point(0, 0, '302<std_core_hnd.rpyeffect:1(Name(setCurrentEvv))>+2: {"op": "PrimOp". "name": "setRef(Ref[Ptr]. Ptr): Unit". "out": {"num": []. "ptr": [0]}. "in": {"num": []. "ptr": [1. 0]}}')
debug_merge_point(0, 0, '302<std_core_hnd.rpyeffect:1(Name(setCurrentEvv))>+3: {"op": "Return". "args": {"num": []. "ptr": [0]}}')
debug_merge_point(0, 0, '1479<std_core_hnd.rpyeffect:1178([#3628])>+0: {"op": "Const". "type": "num". "out": 0. "value": 0}')
debug_merge_point(0, 0, '1479<std_core_hnd.rpyeffect:1178([#3628])>+1: {"op": "Copy". "type": "ptr". "from": 1. "to". 0}')
debug_merge_point(0, 0, '1479<std_core_hnd.rpyeffect:1178([#3628])>+2: {"op": "Copy". "type": "ptr". "from": 2. "to". 1}')
debug_merge_point(0, 0, '1479<std_core_hnd.rpyeffect:1178([#3628])>+3: {"op": "Switch". "scrutinee": 0. "values": [1]. "targets": [1475]. "default": 1478}')
debug_merge_point(0, 0, '1478<std_core_hnd.rpyeffect:1177([switch default case#3671])>+0: {"op": "Const". "type": "num". "out": 0. "value": 0}')
debug_merge_point(0, 0, '1478<std_core_hnd.rpyeffect:1177([switch default case#3671])>+1: {"op": "Copy". "type": "ptr". "from": 1. "to". 0}')
debug_merge_point(0, 0, '1478<std_core_hnd.rpyeffect:1177([switch default case#3671])>+2: {"op": "Switch". "scrutinee": 0. "values": [0]. "targets": [1476]. "default": 1477}')
debug_merge_point(0, 0, '1476<std_core_hnd.rpyeffect:1175([switch case for 0#3673])>+0: {"op": "Return". "args": {"num": []. "ptr": [0]}}')
debug_merge_point(0, 0, '5070<test_bench_koka_counter.rpyeffect:73([#248])>+0: {"op": "PrimOp". "name": "unbox(Ptr): Num". "out": {"num": [0]. "ptr": []}. "in": {"num": []. "ptr": [0]}}')
+900: i98 = getfield_gc_i(p97, descr=<FieldS rpyeffect.region.NumBox.inst_value 8 pure>)
debug_merge_point(0, 0, '5070<test_bench_koka_counter.rpyeffect:73([#248])>+1: {"op": "Return". "args": {"num": [0]. "ptr": []}}')
+968: setfield_gc(ConstPtr(ptr99), ConstPtr(ptr79), descr=<FieldP rpyeffect.region.PtrRef.inst_value 8>)
+972: guard_nonnull(p76, descr=<Guard0x160810e38>) [p2, i98, i75, i10, i12, i14, i16, i18, i20, i22, i24, i26, i28, i30, i32, i34, i36, p97, p49, p51, p53, p55, p57, p59, p61, p63, p65, p67, p69, p0, p76, p3]
+980: i100 = getfield_gc_i(p76, descr=<FieldS rpyeffect.stored_environment.Stack__arb_arb.inst_target 16 pure>)
+984: guard_value(i100, 5122, descr=<Guard0x160813520>) [p2, i98, i75, i10, i12, i14, i16, i18, i20, i22, i24, i26, i28, i30, i32, i34, i36, p97, p49, p51, p53, p55, p57, p59, p61, p63, p65, p67, p69, p0, p76, p3]
debug_merge_point(0, 0, '5064<test_bench_koka_counter.rpyeffect:67([k@[k@[k@[mcore:[#153]#151]#157]#165]#167])>+0: {"op": "Const". "type": "ptr". "out": 0. "format": "string". "value": "std/num/int32/zero"}')
debug_merge_point(0, 0, '5064<test_bench_koka_counter.rpyeffect:67([k@[k@[k@[mcore:[#153]#151]#157]#165]#167])>+1: {"op": "PrimOp". "name": "getGlobal(String): Num". "out": {"num": [2]. "ptr": []}. "in": {"num": []. "ptr": [0]}}')
debug_merge_point(0, 0, '5064<test_bench_koka_counter.rpyeffect:67([k@[k@[k@[mcore:[#153]#151]#157]#165]#167])>+2: {"op": "PrimOp". "name": "infixEq(Int. Int): Boolean". "out": {"num": [2]. "ptr": []}. "in": {"num": [0. 2]. "ptr": []}}')
+996: i103 = int_eq(i98, 0)
guard_false(i103, descr=<Guard0x160813560>) [p2, i98, i75, i10, i12, i14, i16, i18, i20, i22, i24, i26, i28, i30, i32, i34, i36, p97, p49, p51, p53, p55, p57, p59, p61, p63, p65, p67, p69, p0, p76, p3]
debug_merge_point(0, 0, '5064<test_bench_koka_counter.rpyeffect:67([k@[k@[k@[mcore:[#153]#151]#157]#165]#167])>+3: {"op": "Swap". "type": "num". "a": 0. "b". 1}')
debug_merge_point(0, 0, '5064<test_bench_koka_counter.rpyeffect:67([k@[k@[k@[mcore:[#153]#151]#157]#165]#167])>+4: {"op": "Switch". "scrutinee": 2. "values": [1]. "targets": [5047]. "default": 5063}')
debug_merge_point(0, 0, '5063<test_bench_koka_counter.rpyeffect:66([switch default case#174])>+0: {"op": "Const". "type": "ptr". "out": 0. "format": "string". "value": "std/num/int32/zero"}')
debug_merge_point(0, 0, '5063<test_bench_koka_counter.rpyeffect:66([switch default case#174])>+1: {"op": "PrimOp". "name": "getGlobal(String): Num". "out": {"num": [2]. "ptr": []}. "in": {"num": []. "ptr": [0]}}')
debug_merge_point(0, 0, '5063<test_bench_koka_counter.rpyeffect:66([switch default case#174])>+2: {"op": "PrimOp". "name": "infixEq(Int. Int): Boolean". "out": {"num": [2]. "ptr": []}. "in": {"num": [1. 2]. "ptr": []}}')
debug_merge_point(0, 0, '5063<test_bench_koka_counter.rpyeffect:66([switch default case#174])>+3: {"op": "Switch". "scrutinee": 2. "values": [0]. "targets": [5061]. "default": 5062}')
debug_merge_point(0, 0, '5061<test_bench_koka_counter.rpyeffect:64([switch case for 0#180])>+0: {"op": "Const". "type": "num". "out": 2. "value": 1}')
debug_merge_point(0, 0, '5061<test_bench_koka_counter.rpyeffect:64([switch case for 0#180])>+1: {"op": "PrimOp". "name": "infixSub(Int. Int): Int". "out": {"num": [1]. "ptr": []}. "in": {"num": [1. 2]. "ptr": []}}')
+1004: i105 = int_sub(i98, 1)
debug_merge_point(0, 0, '5061<test_bench_koka_counter.rpyeffect:64([switch case for 0#180])>+2: {"op": "Const". "type": "num". "out": 2. "value": 0}')
debug_merge_point(0, 0, '5061<test_bench_koka_counter.rpyeffect:64([switch case for 0#180])>+3: {"op": "Const". "type": "ptr". "out": 0. "format": "string". "value": "Name(import$std/core/hnd)"}')
debug_merge_point(0, 0, '5061<test_bench_koka_counter.rpyeffect:64([switch case for 0#180])>+4: {"op": "PrimOp". "name": "getGlobal(String): Ptr". "out": {"num": []. "ptr": [0]}. "in": {"num": []. "ptr": [0]}}')
debug_merge_point(0, 0, '5061<test_bench_koka_counter.rpyeffect:64([switch case for 0#180])>+5: {"op": "Push". "target": 5060. "args": {"num": [2. 0. 1]. "ptr": []}}')
debug_merge_point(0, 0, '5061<test_bench_koka_counter.rpyeffect:64([switch case for 0#180])>+6: {"op": "Jump". "target": 5046}')
debug_merge_point(0, 0, '5046<test_bench_koka_counter.rpyeffect:49([mcore:[#140]#147])>+0: {"op": "Const". "type": "ptr". "out": 0. "format": "string". "value": "Name(import$std/core/hnd)"}')
debug_merge_point(0, 0, '5046<test_bench_koka_counter.rpyeffect:49([mcore:[#140]#147])>+1: {"op": "PrimOp". "name": "getGlobal(String): Ptr". "out": {"num": []. "ptr": [0]}. "in": {"num": []. "ptr": [0]}}')
debug_merge_point(0, 0, '5046<test_bench_koka_counter.rpyeffect:49([mcore:[#140]#147])>+2: {"op": "CallLib". "lib": "0". "symbol": "getCurrentEvv"}')
debug_merge_point(0, 0, '301<std_core_hnd.rpyeffect:0(Name(getCurrentEvv))>+0: {"op": "Const". "type": "ptr". "out": 0. "format": "string". "value": "current-evv"}')
debug_merge_point(0, 0, '301<std_core_hnd.rpyeffect:0(Name(getCurrentEvv))>+1: {"op": "PrimOp". "name": "getGlobal(String): Ptr". "out": {"num": []. "ptr": [0]}. "in": {"num": []. "ptr": [0]}}')
debug_merge_point(0, 0, '301<std_core_hnd.rpyeffect:0(Name(getCurrentEvv))>+2: {"op": "PrimOp". "name": "getRef(Ref[Ptr]): Ptr". "out": {"num": []. "ptr": [0]}. "in": {"num": []. "ptr": [0]}}')
debug_merge_point(0, 0, '301<std_core_hnd.rpyeffect:0(Name(getCurrentEvv))>+3: {"op": "Return". "args": {"num": []. "ptr": [0]}}')
debug_merge_point(0, 0, '5060<test_bench_koka_counter.rpyeffect:63([k@[switch case for 0#180]#188])>+0: {"op": "PrimOp". "name": "promote_ptr". "out": {"num": []. "ptr": [0]}. "in": {"num": []. "ptr": [0]}}')
debug_merge_point(0, 0, '5060<test_bench_koka_counter.rpyeffect:63([k@[switch case for 0#180]#188])>+1: {"op": "Const". "type": "ptr". "out": 1. "format": "string". "value": "Name(import$std/core/hnd)"}')
debug_merge_point(0, 0, '5060<test_bench_koka_counter.rpyeffect:63([k@[switch case for 0#180]#188])>+2: {"op": "PrimOp". "name": "getGlobal(String): Ptr". "out": {"num": []. "ptr": [1]}. "in": {"num": []. "ptr": [1]}}')
debug_merge_point(0, 0, '5060<test_bench_koka_counter.rpyeffect:63([k@[switch case for 0#180]#188])>+3: {"op": "Push". "target": 5059. "args": {"num": [1. 2]. "ptr": []}}')
debug_merge_point(0, 0, '5060<test_bench_koka_counter.rpyeffect:63([k@[switch case for 0#180]#188])>+4: {"op": "Jump". "target": 5045}')
debug_merge_point(0, 0, '5045<test_bench_koka_counter.rpyeffect:48([mcore:[#139]#141])>+0: {"op": "Const". "type": "ptr". "out": 1. "format": "string". "value": "Name(import$std/core/hnd)"}')
debug_merge_point(0, 0, '5045<test_bench_koka_counter.rpyeffect:48([mcore:[#139]#141])>+1: {"op": "PrimOp". "name": "getGlobal(String): Ptr". "out": {"num": []. "ptr": [1]}. "in": {"num": []. "ptr": [1]}}')
debug_merge_point(0, 0, '5045<test_bench_koka_counter.rpyeffect:48([mcore:[#139]#141])>+2: {"op": "CallLib". "lib": "1". "symbol": "elt"}')
debug_merge_point(0, 0, '331<std_core_hnd.rpyeffect:30(Name(elt))>+0: {"op": "Switch". "scrutinee": 0. "values": [0]. "targets": [329]. "default": 330}')
debug_merge_point(0, 0, '329<std_core_hnd.rpyeffect:28([switch case for 0#86])>+0: {"op": "Proj". "out": 0. "type": Interned(evv). "scrutinee": 0. "tag": Interned(cons). "field": 0. "field_type": "ptr"}')
debug_merge_point(0, 0, '329<std_core_hnd.rpyeffect:28([switch case for 0#86])>+1: {"op": "Return". "args": {"num": []. "ptr": [0]}}')
debug_merge_point(0, 0, '5059<test_bench_koka_counter.rpyeffect:62([k@[k@[switch case for 0#180]#188]#196])>+0: {"op": "Push". "target": 5049. "args": {"num": [0]. "ptr": []}}')
debug_merge_point(0, 0, '5059<test_bench_koka_counter.rpyeffect:62([k@[k@[switch case for 0#180]#188]#196])>+1: {"op": "Copy". "type": "num". "from": 1. "to". 0}')
debug_merge_point(0, 0, '5059<test_bench_koka_counter.rpyeffect:62([k@[k@[switch case for 0#180]#188]#196])>+2: {"op": "Match". "type": Interned(std/core/hnd/ev). "scrutinee": 0. "clauses": [{"tag": Interned(std/core/hnd/Ev). "target": 5058. "args": {"num": []. "ptr": [1. 2. 3. 4]}}]. "default": {"tag": Interned(d2cc5baa-c259-40e4-a8ba-42a2701ecefc#[Missing Tag#740]). "target": 5050. "args": {"num": []. "ptr": []}}}')
debug_merge_point(0, 0, '5058<test_bench_koka_counter.rpyeffect:61([#209])>+0: {"op": "Copy". "type": "ptr". "from": 0. "to". 1}')
debug_merge_point(0, 0, '5058<test_bench_koka_counter.rpyeffect:61([#209])>+1: {"op": "Copy". "type": "ptr". "from": 2. "to". 0}')
debug_merge_point(0, 0, '5058<test_bench_koka_counter.rpyeffect:61([#209])>+2: {"op": "Match". "type": Interned(test/bench/koka/counter/st). "scrutinee": 3. "clauses": [{"tag": Interned(test/bench/koka/counter/@Hnd-st). "target": 5057. "args": {"num": [1]. "ptr": [2. 3]}}]. "default": {"tag": Interned(d2cc5baa-c259-40e4-a8ba-42a2701ecefc#[Missing Tag#739]). "target": 5052. "args": {"num": []. "ptr": []}}}')
debug_merge_point(0, 0, '5057<test_bench_koka_counter.rpyeffect:60([#214])>+0: {"op": "Match". "type": Interned(std/core/hnd/clause1). "scrutinee": 3. "clauses": [{"tag": Interned(std/core/hnd/Clause1). "target": 5056. "args": {"num": []. "ptr": [2]}}]. "default": {"tag": Interned(d2cc5baa-c259-40e4-a8ba-42a2701ecefc#[Missing Tag#738]). "target": 5054. "args": {"num": []. "ptr": []}}}')
+1012: p107 = getfield_gc_r(ConstPtr(ptr106), descr=<FieldP rpyeffect.stored_environment.Data__arb_arb.inst_tag 8>)
+1020: guard_value(p107, ConstPtr(ptr108), descr=<Guard0x1608135a0>) [p2, i98, i75, i10, i12, i14, i16, i18, i20, i22, i24, i26, i28, i30, i32, i34, i36, p97, p49, p51, p53, p55, p57, p59, p61, p63, p65, p67, p69, p0, p76, p3]
debug_merge_point(0, 0, '5056<test_bench_koka_counter.rpyeffect:59([match_std/core/hnd/Clause1@[#214]#219])>+0: {"op": "PrimOp". "name": "box(Num): Ptr". "out": {"num": []. "ptr": [3]}. "in": {"num": [0]. "ptr": []}}')
debug_merge_point(0, 0, '5056<test_bench_koka_counter.rpyeffect:59([match_std/core/hnd/Clause1@[#214]#219])>+1: {"op": "Push". "target": 5055. "args": {"num": []. "ptr": []}}')
debug_merge_point(0, 0, '5056<test_bench_koka_counter.rpyeffect:59([match_std/core/hnd/Clause1@[#214]#219])>+2: {"op": "Swap". "type": "ptr". "a": 3. "b". 2}')
debug_merge_point(0, 0, '5056<test_bench_koka_counter.rpyeffect:59([match_std/core/hnd/Clause1@[#214]#219])>+3: {"op": "Invoke". "receiver": 3. "tag": Interned(%apply(ppp):p). "args" : {"num": []. "ptr": [0. 1. 2]}}')
debug_merge_point(0, 0, '1515<std_core_hnd.rpyeffect:1214([#3788])>+0: {"op": "Const". "type": "ptr". "out": 4. "format": "string". "value": "Name(import$std/core/hnd)"}')
debug_merge_point(0, 0, '1515<std_core_hnd.rpyeffect:1214([#3788])>+1: {"op": "PrimOp". "name": "getGlobal(String): Ptr". "out": {"num": []. "ptr": [4]}. "in": {"num": []. "ptr": [4]}}')
debug_merge_point(0, 0, '1515<std_core_hnd.rpyeffect:1214([#3788])>+2: {"op": "Swap". "type": "ptr". "a": 4. "b". 3}')
debug_merge_point(0, 0, '1515<std_core_hnd.rpyeffect:1214([#3788])>+3: {"op": "Jump". "target": 1513}')
debug_merge_point(0, 0, '1513<std_core_hnd.rpyeffect:1212([mcore:[#1238]#3717])>+0: {"op": "Push". "target": 1509. "args": {"num": []. "ptr": [1. 4. 2]}}')
debug_merge_point(0, 0, '1513<std_core_hnd.rpyeffect:1212([mcore:[#1238]#3717])>+1: {"op": "Match". "type": Interned(std/core/hnd/ev). "scrutinee": 1. "clauses": [{"tag": Interned(std/core/hnd/Ev). "target": 1512. "args": {"num": []. "ptr": [0. 1. 2. 3]}}]. "default": {"tag": Interned(f1366ff7-7d8a-4a49-ba54-2f66d995f403#[Missing Tag#4969]). "target": 1510. "args": {"num": []. "ptr": []}}}')
debug_merge_point(0, 0, '1512<std_core_hnd.rpyeffect:1211([#3775])>+0: {"op": "Const". "type": "ptr". "out": 0. "format": "string". "value": "Name(import$std/core/hnd)"}')
debug_merge_point(0, 0, '1512<std_core_hnd.rpyeffect:1211([#3775])>+1: {"op": "PrimOp". "name": "getGlobal(String): Ptr". "out": {"num": []. "ptr": [0]}. "in": {"num": []. "ptr": [0]}}')
debug_merge_point(0, 0, '1512<std_core_hnd.rpyeffect:1211([#3775])>+2: {"op": "Copy". "type": "ptr". "from": 0. "to". 1}')
debug_merge_point(0, 0, '1512<std_core_hnd.rpyeffect:1211([#3775])>+3: {"op": "Copy". "type": "ptr". "from": 3. "to". 0}')
debug_merge_point(0, 0, '1512<std_core_hnd.rpyeffect:1211([#3775])>+4: {"op": "Jump". "target": 1491}')
debug_merge_point(0, 0, '1491<std_core_hnd.rpyeffect:1190([mcore:[#1227]#3703])>+0: {"op": "Const". "type": "ptr". "out": 1. "format": "string". "value": "Name(import$std/core/hnd)"}')
debug_merge_point(0, 0, '1491<std_core_hnd.rpyeffect:1190([mcore:[#1227]#3703])>+1: {"op": "PrimOp". "name": "getGlobal(String): Ptr". "out": {"num": []. "ptr": [1]}. "in": {"num": []. "ptr": [1]}}')
debug_merge_point(0, 0, '1491<std_core_hnd.rpyeffect:1190([mcore:[#1227]#3703])>+2: {"op": "CallLib". "lib": "1". "symbol": "swapCurrentEvv"}')
debug_merge_point(0, 0, '303<std_core_hnd.rpyeffect:2(Name(swapCurrentEvv))>+0: {"op": "Const". "type": "ptr". "out": 1. "format": "string". "value": "current-evv"}')
debug_merge_point(0, 0, '303<std_core_hnd.rpyeffect:2(Name(swapCurrentEvv))>+1: {"op": "PrimOp". "name": "getGlobal(String): Ptr". "out": {"num": []. "ptr": [1]}. "in": {"num": []. "ptr": [1]}}')
debug_merge_point(0, 0, '303<std_core_hnd.rpyeffect:2(Name(swapCurrentEvv))>+2: {"op": "PrimOp". "name": "getRef(Ref[Ptr]): Ptr". "out": {"num": []. "ptr": [2]}. "in": {"num": []. "ptr": [1]}}')
debug_merge_point(0, 0, '303<std_core_hnd.rpyeffect:2(Name(swapCurrentEvv))>+3: {"op": "PrimOp". "name": "setRef(Ref[Ptr]. Ptr): Unit". "out": {"num": []. "ptr": [0]}. "in": {"num": []. "ptr": [1. 0]}}')
debug_merge_point(0, 0, '303<std_core_hnd.rpyeffect:2(Name(swapCurrentEvv))>+4: {"op": "Copy". "type": "ptr". "from": 2. "to". 0}')
debug_merge_point(0, 0, '303<std_core_hnd.rpyeffect:2(Name(swapCurrentEvv))>+5: {"op": "Return". "args": {"num": []. "ptr": [0]}}')
debug_merge_point(0, 0, '1509<std_core_hnd.rpyeffect:1208([k@[mcore:[#1238]#3717]#3719])>+0: {"op": "Push". "target": 1508. "args": {"num": []. "ptr": [1. 0]}}')
debug_merge_point(0, 0, '1509<std_core_hnd.rpyeffect:1208([k@[mcore:[#1238]#3717]#3719])>+1: {"op": "Copy". "type": "ptr". "from": 3. "to". 0}')
debug_merge_point(0, 0, '1509<std_core_hnd.rpyeffect:1208([k@[mcore:[#1238]#3717]#3719])>+2: {"op": "Invoke". "receiver": 2. "tag": Interned(%apply(p):p). "args" : {"num": []. "ptr": [0]}}')
debug_merge_point(0, 0, '5090<test_bench_koka_counter.rpyeffect:93([#303])>+0: {"op": "PrimOp". "name": "unbox(Ptr): Num". "out": {"num": [0]. "ptr": []}. "in": {"num": []. "ptr": [0]}}')
debug_merge_point(0, 0, '5090<test_bench_koka_counter.rpyeffect:93([#303])>+1: {"op": "Copy". "type": "ptr". "from": 1. "to". 0}')
debug_merge_point(0, 0, '5090<test_bench_koka_counter.rpyeffect:93([#303])>+2: {"op": "Jump". "target": 5081}')
debug_merge_point(0, 0, '5081<test_bench_koka_counter.rpyeffect:84([mcore:[#170]#269])>+0: {"op": "PrimOp". "name": "box(Num): Ptr". "out": {"num": []. "ptr": [1]}. "in": {"num": [0]. "ptr": []}}')
debug_merge_point(0, 0, '5081<test_bench_koka_counter.rpyeffect:84([mcore:[#170]#269])>+1: {"op": "PrimOp". "name": "setRef(Ref[Ptr]. Ptr): Unit". "out": {"num": []. "ptr": [0]}. "in": {"num": []. "ptr": [0. 1]}}')
+1092: setfield_gc(ConstPtr(ptr109), ConstPtr(ptr110), descr=<FieldP rpyeffect.region.PtrRef.inst_value 8>)
debug_merge_point(0, 0, '5081<test_bench_koka_counter.rpyeffect:84([mcore:[#170]#269])>+2: {"op": "Return". "args": {"num": []. "ptr": [0]}}')
debug_merge_point(0, 0, '1508<std_core_hnd.rpyeffect:1207([k@[k@[mcore:[#1238]#3717]#3719]#3721])>+0: {"op": "Const". "type": "num". "out": 0. "value": 0}')
debug_merge_point(0, 0, '1508<std_core_hnd.rpyeffect:1207([k@[k@[mcore:[#1238]#3717]#3719]#3721])>+1: {"op": "Swap". "type": "ptr". "a": 1. "b". 2}')
debug_merge_point(0, 0, '1508<std_core_hnd.rpyeffect:1207([k@[k@[mcore:[#1238]#3717]#3719]#3721])>+2: {"op": "Swap". "type": "ptr". "a": 0. "b". 2}')
debug_merge_point(0, 0, '1508<std_core_hnd.rpyeffect:1207([k@[k@[mcore:[#1238]#3717]#3719]#3721])>+3: {"op": "Switch". "scrutinee": 0. "values": [1]. "targets": [1503]. "default": 1507}')
debug_merge_point(0, 0, '1507<std_core_hnd.rpyeffect:1206([switch default case#3764])>+0: {"op": "Const". "type": "num". "out": 0. "value": 0}')
debug_merge_point(0, 0, '1507<std_core_hnd.rpyeffect:1206([switch default case#3764])>+1: {"op": "Copy". "type": "ptr". "from": 1. "to". 0}')
debug_merge_point(0, 0, '1507<std_core_hnd.rpyeffect:1206([switch default case#3764])>+2: {"op": "Copy". "type": "ptr". "from": 2. "to". 1}')
debug_merge_point(0, 0, '1507<std_core_hnd.rpyeffect:1206([switch default case#3764])>+3: {"op": "Switch". "scrutinee": 0. "values": [0]. "targets": [1505]. "default": 1506}')
debug_merge_point(0, 0, '1505<std_core_hnd.rpyeffect:1204([switch case for 0#3766])>+0: {"op": "Const". "type": "ptr". "out": 2. "format": "string". "value": "Name(import$std/core/hnd)"}')
debug_merge_point(0, 0, '1505<std_core_hnd.rpyeffect:1204([switch case for 0#3766])>+1: {"op": "PrimOp". "name": "getGlobal(String): Ptr". "out": {"num": []. "ptr": [2]}. "in": {"num": []. "ptr": [2]}}')
debug_merge_point(0, 0, '1505<std_core_hnd.rpyeffect:1204([switch case for 0#3766])>+2: {"op": "Push". "target": 1504. "args": {"num": []. "ptr": [1]}}')
debug_merge_point(0, 0, '1505<std_core_hnd.rpyeffect:1204([switch case for 0#3766])>+3: {"op": "Copy". "type": "ptr". "from": 2. "to". 1}')
debug_merge_point(0, 0, '1505<std_core_hnd.rpyeffect:1204([switch case for 0#3766])>+4: {"op": "Jump". "target": 1493}')
debug_merge_point(0, 0, '1493<std_core_hnd.rpyeffect:1192([mcore:[#1237]#3712])>+0: {"op": "Const". "type": "ptr". "out": 1. "format": "string". "value": "Name(import$std/core/hnd)"}')
debug_merge_point(0, 0, '1493<std_core_hnd.rpyeffect:1192([mcore:[#1237]#3712])>+1: {"op": "PrimOp". "name": "getGlobal(String): Ptr". "out": {"num": []. "ptr": [1]}. "in": {"num": []. "ptr": [1]}}')
debug_merge_point(0, 0, '1493<std_core_hnd.rpyeffect:1192([mcore:[#1237]#3712])>+2: {"op": "CallLib". "lib": "1". "symbol": "setCurrentEvv"}')
debug_merge_point(0, 0, '302<std_core_hnd.rpyeffect:1(Name(setCurrentEvv))>+0: {"op": "Const". "type": "ptr". "out": 1. "format": "string". "value": "current-evv"}')
debug_merge_point(0, 0, '302<std_core_hnd.rpyeffect:1(Name(setCurrentEvv))>+1: {"op": "PrimOp". "name": "getGlobal(String): Ptr". "out": {"num": []. "ptr": [1]}. "in": {"num": []. "ptr": [1]}}')
debug_merge_point(0, 0, '302<std_core_hnd.rpyeffect:1(Name(setCurrentEvv))>+2: {"op": "PrimOp". "name": "setRef(Ref[Ptr]. Ptr): Unit". "out": {"num": []. "ptr": [0]}. "in": {"num": []. "ptr": [1. 0]}}')
+1096: p111 = new_with_vtable(descr=<SizeDescr 16>)
+1204: setfield_gc(p111, i105, descr=<FieldS rpyeffect.region.NumBox.inst_value 8 pure>)
+1272: setfield_gc(ConstPtr(ptr112), p111, descr=<FieldP rpyeffect.region.PtrRef.inst_value 8>)
debug_merge_point(0, 0, '302<std_core_hnd.rpyeffect:1(Name(setCurrentEvv))>+3: {"op": "Return". "args": {"num": []. "ptr": [0]}}')
debug_merge_point(0, 0, '1504<std_core_hnd.rpyeffect:1203([k@[switch case for 0#3766]#3771])>+0: {"op": "Copy". "type": "ptr". "from": 1. "to". 0}')
debug_merge_point(0, 0, '1504<std_core_hnd.rpyeffect:1203([k@[switch case for 0#3766]#3771])>+1: {"op": "Return". "args": {"num": []. "ptr": [0]}}')
debug_merge_point(0, 0, '5055<test_bench_koka_counter.rpyeffect:58([#224])>+0: {"op": "Return". "args": {"num": []. "ptr": [0]}}')
debug_merge_point(0, 0, '5049<test_bench_koka_counter.rpyeffect:52([#198])>+0: {"op": "Const". "type": "num". "out": 1. "value": 1}')
debug_merge_point(0, 0, '5049<test_bench_koka_counter.rpyeffect:52([#198])>+1: {"op": "PrimOp". "name": "infixAdd(Int. Int): Int". "out": {"num": [0]. "ptr": []}. "in": {"num": [0. 1]. "ptr": []}}')
+1276: i114 = int_add(i75, 1)
debug_merge_point(0, 0, '5049<test_bench_koka_counter.rpyeffect:52([#198])>+2: {"op": "Const". "type": "ptr". "out": 0. "format": "string". "value": "Name(import$std/core/hnd)"}')
debug_merge_point(0, 0, '5049<test_bench_koka_counter.rpyeffect:52([#198])>+3: {"op": "PrimOp". "name": "getGlobal(String): Ptr". "out": {"num": []. "ptr": [0]}. "in": {"num": []. "ptr": [0]}}')
debug_merge_point(0, 0, '5049<test_bench_koka_counter.rpyeffect:52([#198])>+4: {"op": "Jump". "target": 5076}')
debug_merge_point(0, 0, '5076<test_bench_koka_counter.rpyeffect:79([mcore:[#153]#151])>+0: {"op": "Const". "type": "num". "out": 1. "value": 0}')
debug_merge_point(0, 0, '5076<test_bench_koka_counter.rpyeffect:79([mcore:[#153]#151])>+1: {"op": "Const". "type": "ptr". "out": 0. "format": "string". "value": "Name(import$std/core/hnd)"}')
debug_merge_point(0, 0, '5076<test_bench_koka_counter.rpyeffect:79([mcore:[#153]#151])>+2: {"op": "PrimOp". "name": "getGlobal(String): Ptr". "out": {"num": []. "ptr": [0]}. "in": {"num": []. "ptr": [0]}}')
debug_merge_point(0, 0, '5076<test_bench_koka_counter.rpyeffect:79([mcore:[#153]#151])>+3: {"op": "Push". "target": 5075. "args": {"num": [1. 0]. "ptr": []}}')
debug_merge_point(0, 0, '5076<test_bench_koka_counter.rpyeffect:79([mcore:[#153]#151])>+4: {"op": "Jump". "target": 5044}')
+1344: setfield_gc(ConstPtr(ptr115), ConstPtr(ptr79), descr=<FieldP rpyeffect.region.PtrRef.inst_value 8>)
+1348: label(p0, p76, i114, p2, p3, i105, i12, i14, i16, i18, i20, i22, i24, i26, i28, i30, i32, i34, i36, p49, p51, p53, p55, p57, p59, p61, p63, p65, p67, p69, descr=TargetToken(5913763360))
debug_merge_point(0, 0, '5076<test_bench_koka_counter.rpyeffect:79([mcore:[#153]#151])>+4: {"op": "Jump". "target": 5044}')
+1356: guard_not_invalidated(descr=<Guard0x160810e90>) [p2, i114, i105, i12, i14, i16, i18, i20, i22, i24, i26, i28, i30, i32, i34, i36, p49, p51, p53, p55, p57, p59, p61, p63, p65, p67, p69, p0, p3, p76]
debug_merge_point(0, 0, '5044<test_bench_koka_counter.rpyeffect:47([mcore:[#123]#137])>+0: {"op": "Const". "type": "ptr". "out": 0. "format": "string". "value": "Name(import$std/core/hnd)"}')
debug_merge_point(0, 0, '5044<test_bench_koka_counter.rpyeffect:47([mcore:[#123]#137])>+1: {"op": "PrimOp". "name": "getGlobal(String): Ptr". "out": {"num": []. "ptr": [0]}. "in": {"num": []. "ptr": [0]}}')
debug_merge_point(0, 0, '5044<test_bench_koka_counter.rpyeffect:47([mcore:[#123]#137])>+2: {"op": "CallLib". "lib": "0". "symbol": "getCurrentEvv"}')
debug_merge_point(0, 0, '301<std_core_hnd.rpyeffect:0(Name(getCurrentEvv))>+0: {"op": "Const". "type": "ptr". "out": 0. "format": "string". "value": "current-evv"}')
debug_merge_point(0, 0, '301<std_core_hnd.rpyeffect:0(Name(getCurrentEvv))>+1: {"op": "PrimOp". "name": "getGlobal(String): Ptr". "out": {"num": []. "ptr": [0]}. "in": {"num": []. "ptr": [0]}}')
debug_merge_point(0, 0, '301<std_core_hnd.rpyeffect:0(Name(getCurrentEvv))>+2: {"op": "PrimOp". "name": "getRef(Ref[Ptr]): Ptr". "out": {"num": []. "ptr": [0]}. "in": {"num": []. "ptr": [0]}}')
debug_merge_point(0, 0, '301<std_core_hnd.rpyeffect:0(Name(getCurrentEvv))>+3: {"op": "Return". "args": {"num": []. "ptr": [0]}}')
debug_merge_point(0, 0, '5075<test_bench_koka_counter.rpyeffect:78([k@[mcore:[#153]#151]#157])>+0: {"op": "PrimOp". "name": "promote_ptr". "out": {"num": []. "ptr": [0]}. "in": {"num": []. "ptr": [0]}}')
debug_merge_point(0, 0, '5075<test_bench_koka_counter.rpyeffect:78([k@[mcore:[#153]#151]#157])>+1: {"op": "Const". "type": "ptr". "out": 1. "format": "string". "value": "Name(import$std/core/hnd)"}')
debug_merge_point(0, 0, '5075<test_bench_koka_counter.rpyeffect:78([k@[mcore:[#153]#151]#157])>+2: {"op": "PrimOp". "name": "getGlobal(String): Ptr". "out": {"num": []. "ptr": [1]}. "in": {"num": []. "ptr": [1]}}')
debug_merge_point(0, 0, '5075<test_bench_koka_counter.rpyeffect:78([k@[mcore:[#153]#151]#157])>+3: {"op": "Push". "target": 5074. "args": {"num": [1]. "ptr": []}}')
debug_merge_point(0, 0, '5075<test_bench_koka_counter.rpyeffect:78([k@[mcore:[#153]#151]#157])>+4: {"op": "Jump". "target": 5043}')
debug_merge_point(0, 0, '5043<test_bench_koka_counter.rpyeffect:46([mcore:[#122]#131])>+0: {"op": "Const". "type": "ptr". "out": 1. "format": "string". "value": "Name(import$std/core/hnd)"}')
debug_merge_point(0, 0, '5043<test_bench_koka_counter.rpyeffect:46([mcore:[#122]#131])>+1: {"op": "PrimOp". "name": "getGlobal(String): Ptr". "out": {"num": []. "ptr": [1]}. "in": {"num": []. "ptr": [1]}}')
debug_merge_point(0, 0, '5043<test_bench_koka_counter.rpyeffect:46([mcore:[#122]#131])>+2: {"op": "CallLib". "lib": "1". "symbol": "elt"}')
debug_merge_point(0, 0, '331<std_core_hnd.rpyeffect:30(Name(elt))>+0: {"op": "Switch". "scrutinee": 0. "values": [0]. "targets": [329]. "default": 330}')
debug_merge_point(0, 0, '329<std_core_hnd.rpyeffect:28([switch case for 0#86])>+0: {"op": "Proj". "out": 0. "type": Interned(evv). "scrutinee": 0. "tag": Interned(cons). "field": 0. "field_type": "ptr"}')
debug_merge_point(0, 0, '329<std_core_hnd.rpyeffect:28([switch case for 0#86])>+1: {"op": "Return". "args": {"num": []. "ptr": [0]}}')
debug_merge_point(0, 0, '5074<test_bench_koka_counter.rpyeffect:77([k@[k@[mcore:[#153]#151]#157]#165])>+0: {"op": "Push". "target": 5064. "args": {"num": [0]. "ptr": []}}')
debug_merge_point(0, 0, '5074<test_bench_koka_counter.rpyeffect:77([k@[k@[mcore:[#153]#151]#157]#165])>+1: {"op": "Match". "type": Interned(std/core/hnd/ev). "scrutinee": 0. "clauses": [{"tag": Interned(std/core/hnd/Ev). "target": 5073. "args": {"num": []. "ptr": [1. 2. 3. 4]}}]. "default": {"tag": Interned(d2cc5baa-c259-40e4-a8ba-42a2701ecefc#[Missing Tag#743]). "target": 5065. "args": {"num": []. "ptr": []}}}')
debug_merge_point(0, 0, '5073<test_bench_koka_counter.rpyeffect:76([#232])>+0: {"op": "Copy". "type": "ptr". "from": 0. "to". 1}')
debug_merge_point(0, 0, '5073<test_bench_koka_counter.rpyeffect:76([#232])>+1: {"op": "Copy". "type": "ptr". "from": 2. "to". 0}')
debug_merge_point(0, 0, '5073<test_bench_koka_counter.rpyeffect:76([#232])>+2: {"op": "Match". "type": Interned(test/bench/koka/counter/st). "scrutinee": 3. "clauses": [{"tag": Interned(test/bench/koka/counter/@Hnd-st). "target": 5072. "args": {"num": [0]. "ptr": [2. 3]}}]. "default": {"tag": Interned(d2cc5baa-c259-40e4-a8ba-42a2701ecefc#[Missing Tag#742]). "target": 5067. "args": {"num": []. "ptr": []}}}')
debug_merge_point(0, 0, '5072<test_bench_koka_counter.rpyeffect:75([#239])>+0: {"op": "Match". "type": Interned(std/core/hnd/clause0). "scrutinee": 2. "clauses": [{"tag": Interned(std/core/hnd/Clause0). "target": 5071. "args": {"num": []. "ptr": [2]}}]. "default": {"tag": Interned(d2cc5baa-c259-40e4-a8ba-42a2701ecefc#[Missing Tag#741]). "target": 5069. "args": {"num": []. "ptr": []}}}')
debug_merge_point(0, 0, '5071<test_bench_koka_counter.rpyeffect:74([match_std/core/hnd/Clause0@[#239]#246])>+0: {"op": "Push". "target": 5070. "args": {"num": []. "ptr": []}}')
debug_merge_point(0, 0, '5071<test_bench_koka_counter.rpyeffect:74([match_std/core/hnd/Clause0@[#239]#246])>+1: {"op": "Invoke". "receiver": 2. "tag": Interned(%apply(pp):p). "args" : {"num": []. "ptr": [0. 1]}}')
debug_merge_point(0, 0, '1487<std_core_hnd.rpyeffect:1186([#3688])>+0: {"op": "Const". "type": "ptr". "out": 3. "format": "string". "value": "Name(import$std/core/hnd)"}')
debug_merge_point(0, 0, '1487<std_core_hnd.rpyeffect:1186([#3688])>+1: {"op": "PrimOp". "name": "getGlobal(String): Ptr". "out": {"num": []. "ptr": [3]}. "in": {"num": []. "ptr": [3]}}')
debug_merge_point(0, 0, '1487<std_core_hnd.rpyeffect:1186([#3688])>+2: {"op": "Swap". "type": "ptr". "a": 3. "b". 2}')
debug_merge_point(0, 0, '1487<std_core_hnd.rpyeffect:1186([#3688])>+3: {"op": "Jump". "target": 1485}')
debug_merge_point(0, 0, '1485<std_core_hnd.rpyeffect:1184([mcore:[#1223]#3619])>+0: {"op": "Push". "target": 1481. "args": {"num": []. "ptr": [1. 3]}}')
debug_merge_point(0, 0, '1485<std_core_hnd.rpyeffect:1184([mcore:[#1223]#3619])>+1: {"op": "Match". "type": Interned(std/core/hnd/ev). "scrutinee": 1. "clauses": [{"tag": Interned(std/core/hnd/Ev). "target": 1484. "args": {"num": []. "ptr": [0. 1. 2. 3]}}]. "default": {"tag": Interned(f1366ff7-7d8a-4a49-ba54-2f66d995f403#[Missing Tag#4968]). "target": 1482. "args": {"num": []. "ptr": []}}}')
debug_merge_point(0, 0, '1484<std_core_hnd.rpyeffect:1183([#3676])>+0: {"op": "Const". "type": "ptr". "out": 0. "format": "string". "value": "Name(import$std/core/hnd)"}')
debug_merge_point(0, 0, '1484<std_core_hnd.rpyeffect:1183([#3676])>+1: {"op": "PrimOp". "name": "getGlobal(String): Ptr". "out": {"num": []. "ptr": [0]}. "in": {"num": []. "ptr": [0]}}')
debug_merge_point(0, 0, '1484<std_core_hnd.rpyeffect:1183([#3676])>+2: {"op": "Copy". "type": "ptr". "from": 0. "to". 1}')
debug_merge_point(0, 0, '1484<std_core_hnd.rpyeffect:1183([#3676])>+3: {"op": "Copy". "type": "ptr". "from": 3. "to". 0}')
debug_merge_point(0, 0, '1484<std_core_hnd.rpyeffect:1183([#3676])>+4: {"op": "Jump". "target": 1441}')
debug_merge_point(0, 0, '1441<std_core_hnd.rpyeffect:1140([mcore:[#1206]#3530])>+0: {"op": "Const". "type": "ptr". "out": 1. "format": "string". "value": "Name(import$std/core/hnd)"}')
debug_merge_point(0, 0, '1441<std_core_hnd.rpyeffect:1140([mcore:[#1206]#3530])>+1: {"op": "PrimOp". "name": "getGlobal(String): Ptr". "out": {"num": []. "ptr": [1]}. "in": {"num": []. "ptr": [1]}}')
debug_merge_point(0, 0, '1441<std_core_hnd.rpyeffect:1140([mcore:[#1206]#3530])>+2: {"op": "CallLib". "lib": "1". "symbol": "swapCurrentEvv"}')
debug_merge_point(0, 0, '303<std_core_hnd.rpyeffect:2(Name(swapCurrentEvv))>+0: {"op": "Const". "type": "ptr". "out": 1. "format": "string". "value": "current-evv"}')
debug_merge_point(0, 0, '303<std_core_hnd.rpyeffect:2(Name(swapCurrentEvv))>+1: {"op": "PrimOp". "name": "getGlobal(String): Ptr". "out": {"num": []. "ptr": [1]}. "in": {"num": []. "ptr": [1]}}')
debug_merge_point(0, 0, '303<std_core_hnd.rpyeffect:2(Name(swapCurrentEvv))>+2: {"op": "PrimOp". "name": "getRef(Ref[Ptr]): Ptr". "out": {"num": []. "ptr": [2]}. "in": {"num": []. "ptr": [1]}}')
debug_merge_point(0, 0, '303<std_core_hnd.rpyeffect:2(Name(swapCurrentEvv))>+3: {"op": "PrimOp". "name": "setRef(Ref[Ptr]. Ptr): Unit". "out": {"num": []. "ptr": [0]}. "in": {"num": []. "ptr": [1. 0]}}')
debug_merge_point(0, 0, '303<std_core_hnd.rpyeffect:2(Name(swapCurrentEvv))>+4: {"op": "Copy". "type": "ptr". "from": 2. "to". 0}')
debug_merge_point(0, 0, '303<std_core_hnd.rpyeffect:2(Name(swapCurrentEvv))>+5: {"op": "Return". "args": {"num": []. "ptr": [0]}}')
debug_merge_point(0, 0, '1481<std_core_hnd.rpyeffect:1180([k@[mcore:[#1223]#3619]#3621])>+0: {"op": "Push". "target": 1480. "args": {"num": []. "ptr": [1. 0]}}')
debug_merge_point(0, 0, '1481<std_core_hnd.rpyeffect:1180([k@[mcore:[#1223]#3619]#3621])>+1: {"op": "Invoke". "receiver": 2. "tag": Interned(%apply():p). "args" : {"num": []. "ptr": []}}')
debug_merge_point(0, 0, '5084<test_bench_koka_counter.rpyeffect:87([method_%apply():p@[mcore:[#177]#274]#279])>+0: {"op": "Jump". "target": 5079}')
debug_merge_point(0, 0, '5079<test_bench_koka_counter.rpyeffect:82([mcore:[#163]#263])>+0: {"op": "PrimOp". "name": "getRef(Ref[Ptr]): Ptr". "out": {"num": []. "ptr": [0]}. "in": {"num": []. "ptr": [0]}}')
+1432: setfield_gc(ConstPtr(ptr116), ConstPtr(ptr117), descr=<FieldP rpyeffect.region.PtrRef.inst_value 8>)
+1440: p119 = getfield_gc_r(ConstPtr(ptr118), descr=<FieldP rpyeffect.region.PtrRef.inst_value 8>)
debug_merge_point(0, 0, '5079<test_bench_koka_counter.rpyeffect:82([mcore:[#163]#263])>+1: {"op": "Return". "args": {"num": []. "ptr": [0]}}')
debug_merge_point(0, 0, '1480<std_core_hnd.rpyeffect:1179([k@[k@[mcore:[#1223]#3619]#3621]#3623])>+0: {"op": "Const". "type": "ptr". "out": 3. "format": "string". "value": "Name(import$std/core/hnd)"}')
debug_merge_point(0, 0, '1480<std_core_hnd.rpyeffect:1179([k@[k@[mcore:[#1223]#3619]#3621]#3623])>+1: {"op": "PrimOp". "name": "getGlobal(String): Ptr". "out": {"num": []. "ptr": [3]}. "in": {"num": []. "ptr": [3]}}')
debug_merge_point(0, 0, '1480<std_core_hnd.rpyeffect:1179([k@[k@[mcore:[#1223]#3619]#3621]#3623])>+2: {"op": "Push". "target": 1479. "args": {"num": []. "ptr": [1. 0]}}')
debug_merge_point(0, 0, '1480<std_core_hnd.rpyeffect:1179([k@[k@[mcore:[#1223]#3619]#3621]#3623])>+3: {"op": "Copy". "type": "ptr". "from": 2. "to". 0}')
debug_merge_point(0, 0, '1480<std_core_hnd.rpyeffect:1179([k@[k@[mcore:[#1223]#3619]#3621]#3623])>+4: {"op": "Copy". "type": "ptr". "from": 3. "to". 1}')
debug_merge_point(0, 0, '1480<std_core_hnd.rpyeffect:1179([k@[k@[mcore:[#1223]#3619]#3621]#3623])>+5: {"op": "Jump". "target": 1442}')
debug_merge_point(0, 0, '1442<std_core_hnd.rpyeffect:1141([mcore:[#1208]#3535])>+0: {"op": "Const". "type": "ptr". "out": 1. "format": "string". "value": "Name(import$std/core/hnd)"}')
debug_merge_point(0, 0, '1442<std_core_hnd.rpyeffect:1141([mcore:[#1208]#3535])>+1: {"op": "PrimOp". "name": "getGlobal(String): Ptr". "out": {"num": []. "ptr": [1]}. "in": {"num": []. "ptr": [1]}}')
debug_merge_point(0, 0, '1442<std_core_hnd.rpyeffect:1141([mcore:[#1208]#3535])>+2: {"op": "CallLib". "lib": "1". "symbol": "setCurrentEvv"}')
debug_merge_point(0, 0, '302<std_core_hnd.rpyeffect:1(Name(setCurrentEvv))>+0: {"op": "Const". "type": "ptr". "out": 1. "format": "string". "value": "current-evv"}')
debug_merge_point(0, 0, '302<std_core_hnd.rpyeffect:1(Name(setCurrentEvv))>+1: {"op": "PrimOp". "name": "getGlobal(String): Ptr". "out": {"num": []. "ptr": [1]}. "in": {"num": []. "ptr": [1]}}')
debug_merge_point(0, 0, '302<std_core_hnd.rpyeffect:1(Name(setCurrentEvv))>+2: {"op": "PrimOp". "name": "setRef(Ref[Ptr]. Ptr): Unit". "out": {"num": []. "ptr": [0]}. "in": {"num": []. "ptr": [1. 0]}}')
debug_merge_point(0, 0, '302<std_core_hnd.rpyeffect:1(Name(setCurrentEvv))>+3: {"op": "Return". "args": {"num": []. "ptr": [0]}}')
debug_merge_point(0, 0, '1479<std_core_hnd.rpyeffect:1178([#3628])>+0: {"op": "Const". "type": "num". "out": 0. "value": 0}')
debug_merge_point(0, 0, '1479<std_core_hnd.rpyeffect:1178([#3628])>+1: {"op": "Copy". "type": "ptr". "from": 1. "to". 0}')
debug_merge_point(0, 0, '1479<std_core_hnd.rpyeffect:1178([#3628])>+2: {"op": "Copy". "type": "ptr". "from": 2. "to". 1}')
debug_merge_point(0, 0, '1479<std_core_hnd.rpyeffect:1178([#3628])>+3: {"op": "Switch". "scrutinee": 0. "values": [1]. "targets": [1475]. "default": 1478}')
debug_merge_point(0, 0, '1478<std_core_hnd.rpyeffect:1177([switch default case#3671])>+0: {"op": "Const". "type": "num". "out": 0. "value": 0}')
debug_merge_point(0, 0, '1478<std_core_hnd.rpyeffect:1177([switch default case#3671])>+1: {"op": "Copy". "type": "ptr". "from": 1. "to". 0}')
debug_merge_point(0, 0, '1478<std_core_hnd.rpyeffect:1177([switch default case#3671])>+2: {"op": "Switch". "scrutinee": 0. "values": [0]. "targets": [1476]. "default": 1477}')
debug_merge_point(0, 0, '1476<std_core_hnd.rpyeffect:1175([switch case for 0#3673])>+0: {"op": "Return". "args": {"num": []. "ptr": [0]}}')
debug_merge_point(0, 0, '5070<test_bench_koka_counter.rpyeffect:73([#248])>+0: {"op": "PrimOp". "name": "unbox(Ptr): Num". "out": {"num": [0]. "ptr": []}. "in": {"num": []. "ptr": [0]}}')
+1444: i120 = getfield_gc_i(p119, descr=<FieldS rpyeffect.region.NumBox.inst_value 8 pure>)
debug_merge_point(0, 0, '5070<test_bench_koka_counter.rpyeffect:73([#248])>+1: {"op": "Return". "args": {"num": [0]. "ptr": []}}')
debug_merge_point(0, 0, '5064<test_bench_koka_counter.rpyeffect:67([k@[k@[k@[mcore:[#153]#151]#157]#165]#167])>+0: {"op": "Const". "type": "ptr". "out": 0. "format": "string". "value": "std/num/int32/zero"}')
debug_merge_point(0, 0, '5064<test_bench_koka_counter.rpyeffect:67([k@[k@[k@[mcore:[#153]#151]#157]#165]#167])>+1: {"op": "PrimOp". "name": "getGlobal(String): Num". "out": {"num": [2]. "ptr": []}. "in": {"num": []. "ptr": [0]}}')
debug_merge_point(0, 0, '5064<test_bench_koka_counter.rpyeffect:67([k@[k@[k@[mcore:[#153]#151]#157]#165]#167])>+2: {"op": "PrimOp". "name": "infixEq(Int. Int): Boolean". "out": {"num": [2]. "ptr": []}. "in": {"num": [0. 2]. "ptr": []}}')
+1516: setfield_gc(ConstPtr(ptr121), ConstPtr(ptr79), descr=<FieldP rpyeffect.region.PtrRef.inst_value 8>)
+1520: i123 = int_eq(i120, 0)
guard_false(i123, descr=<Guard0x160810ee8>) [p2, i120, i114, i12, i14, i16, i18, i20, i22, i24, i26, i28, i30, i32, i34, i36, p119, p49, p51, p53, p55, p57, p59, p61, p63, p65, p67, p69, p0, p76, p3, None]
debug_merge_point(0, 0, '5064<test_bench_koka_counter.rpyeffect:67([k@[k@[k@[mcore:[#153]#151]#157]#165]#167])>+3: {"op": "Swap". "type": "num". "a": 0. "b". 1}')
debug_merge_point(0, 0, '5064<test_bench_koka_counter.rpyeffect:67([k@[k@[k@[mcore:[#153]#151]#157]#165]#167])>+4: {"op": "Switch". "scrutinee": 2. "values": [1]. "targets": [5047]. "default": 5063}')
debug_merge_point(0, 0, '5063<test_bench_koka_counter.rpyeffect:66([switch default case#174])>+0: {"op": "Const". "type": "ptr". "out": 0. "format": "string". "value": "std/num/int32/zero"}')
debug_merge_point(0, 0, '5063<test_bench_koka_counter.rpyeffect:66([switch default case#174])>+1: {"op": "PrimOp". "name": "getGlobal(String): Num". "out": {"num": [2]. "ptr": []}. "in": {"num": []. "ptr": [0]}}')
debug_merge_point(0, 0, '5063<test_bench_koka_counter.rpyeffect:66([switch default case#174])>+2: {"op": "PrimOp". "name": "infixEq(Int. Int): Boolean". "out": {"num": [2]. "ptr": []}. "in": {"num": [1. 2]. "ptr": []}}')
debug_merge_point(0, 0, '5063<test_bench_koka_counter.rpyeffect:66([switch default case#174])>+3: {"op": "Switch". "scrutinee": 2. "values": [0]. "targets": [5061]. "default": 5062}')
debug_merge_point(0, 0, '5061<test_bench_koka_counter.rpyeffect:64([switch case for 0#180])>+0: {"op": "Const". "type": "num". "out": 2. "value": 1}')
debug_merge_point(0, 0, '5061<test_bench_koka_counter.rpyeffect:64([switch case for 0#180])>+1: {"op": "PrimOp". "name": "infixSub(Int. Int): Int". "out": {"num": [1]. "ptr": []}. "in": {"num": [1. 2]. "ptr": []}}')
+1528: i126 = int_sub(i120, 1)
debug_merge_point(0, 0, '5061<test_bench_koka_counter.rpyeffect:64([switch case for 0#180])>+2: {"op": "Const". "type": "num". "out": 2. "value": 0}')
debug_merge_point(0, 0, '5061<test_bench_koka_counter.rpyeffect:64([switch case for 0#180])>+3: {"op": "Const". "type": "ptr". "out": 0. "format": "string". "value": "Name(import$std/core/hnd)"}')
debug_merge_point(0, 0, '5061<test_bench_koka_counter.rpyeffect:64([switch case for 0#180])>+4: {"op": "PrimOp". "name": "getGlobal(String): Ptr". "out": {"num": []. "ptr": [0]}. "in": {"num": []. "ptr": [0]}}')
debug_merge_point(0, 0, '5061<test_bench_koka_counter.rpyeffect:64([switch case for 0#180])>+5: {"op": "Push". "target": 5060. "args": {"num": [2. 0. 1]. "ptr": []}}')
debug_merge_point(0, 0, '5061<test_bench_koka_counter.rpyeffect:64([switch case for 0#180])>+6: {"op": "Jump". "target": 5046}')
debug_merge_point(0, 0, '5046<test_bench_koka_counter.rpyeffect:49([mcore:[#140]#147])>+0: {"op": "Const". "type": "ptr". "out": 0. "format": "string". "value": "Name(import$std/core/hnd)"}')
debug_merge_point(0, 0, '5046<test_bench_koka_counter.rpyeffect:49([mcore:[#140]#147])>+1: {"op": "PrimOp". "name": "getGlobal(String): Ptr". "out": {"num": []. "ptr": [0]}. "in": {"num": []. "ptr": [0]}}')
debug_merge_point(0, 0, '5046<test_bench_koka_counter.rpyeffect:49([mcore:[#140]#147])>+2: {"op": "CallLib". "lib": "0". "symbol": "getCurrentEvv"}')
debug_merge_point(0, 0, '301<std_core_hnd.rpyeffect:0(Name(getCurrentEvv))>+0: {"op": "Const". "type": "ptr". "out": 0. "format": "string". "value": "current-evv"}')
debug_merge_point(0, 0, '301<std_core_hnd.rpyeffect:0(Name(getCurrentEvv))>+1: {"op": "PrimOp". "name": "getGlobal(String): Ptr". "out": {"num": []. "ptr": [0]}. "in": {"num": []. "ptr": [0]}}')
debug_merge_point(0, 0, '301<std_core_hnd.rpyeffect:0(Name(getCurrentEvv))>+2: {"op": "PrimOp". "name": "getRef(Ref[Ptr]): Ptr". "out": {"num": []. "ptr": [0]}. "in": {"num": []. "ptr": [0]}}')
debug_merge_point(0, 0, '301<std_core_hnd.rpyeffect:0(Name(getCurrentEvv))>+3: {"op": "Return". "args": {"num": []. "ptr": [0]}}')
debug_merge_point(0, 0, '5060<test_bench_koka_counter.rpyeffect:63([k@[switch case for 0#180]#188])>+0: {"op": "PrimOp". "name": "promote_ptr". "out": {"num": []. "ptr": [0]}. "in": {"num": []. "ptr": [0]}}')
debug_merge_point(0, 0, '5060<test_bench_koka_counter.rpyeffect:63([k@[switch case for 0#180]#188])>+1: {"op": "Const". "type": "ptr". "out": 1. "format": "string". "value": "Name(import$std/core/hnd)"}')
debug_merge_point(0, 0, '5060<test_bench_koka_counter.rpyeffect:63([k@[switch case for 0#180]#188])>+2: {"op": "PrimOp". "name": "getGlobal(String): Ptr". "out": {"num": []. "ptr": [1]}. "in": {"num": []. "ptr": [1]}}')
debug_merge_point(0, 0, '5060<test_bench_koka_counter.rpyeffect:63([k@[switch case for 0#180]#188])>+3: {"op": "Push". "target": 5059. "args": {"num": [1. 2]. "ptr": []}}')
debug_merge_point(0, 0, '5060<test_bench_koka_counter.rpyeffect:63([k@[switch case for 0#180]#188])>+4: {"op": "Jump". "target": 5045}')
debug_merge_point(0, 0, '5045<test_bench_koka_counter.rpyeffect:48([mcore:[#139]#141])>+0: {"op": "Const". "type": "ptr". "out": 1. "format": "string". "value": "Name(import$std/core/hnd)"}')
debug_merge_point(0, 0, '5045<test_bench_koka_counter.rpyeffect:48([mcore:[#139]#141])>+1: {"op": "PrimOp". "name": "getGlobal(String): Ptr". "out": {"num": []. "ptr": [1]}. "in": {"num": []. "ptr": [1]}}')
debug_merge_point(0, 0, '5045<test_bench_koka_counter.rpyeffect:48([mcore:[#139]#141])>+2: {"op": "CallLib". "lib": "1". "symbol": "elt"}')
debug_merge_point(0, 0, '331<std_core_hnd.rpyeffect:30(Name(elt))>+0: {"op": "Switch". "scrutinee": 0. "values": [0]. "targets": [329]. "default": 330}')
debug_merge_point(0, 0, '329<std_core_hnd.rpyeffect:28([switch case for 0#86])>+0: {"op": "Proj". "out": 0. "type": Interned(evv). "scrutinee": 0. "tag": Interned(cons). "field": 0. "field_type": "ptr"}')
debug_merge_point(0, 0, '329<std_core_hnd.rpyeffect:28([switch case for 0#86])>+1: {"op": "Return". "args": {"num": []. "ptr": [0]}}')
debug_merge_point(0, 0, '5059<test_bench_koka_counter.rpyeffect:62([k@[k@[switch case for 0#180]#188]#196])>+0: {"op": "Push". "target": 5049. "args": {"num": [0]. "ptr": []}}')
debug_merge_point(0, 0, '5059<test_bench_koka_counter.rpyeffect:62([k@[k@[switch case for 0#180]#188]#196])>+1: {"op": "Copy". "type": "num". "from": 1. "to". 0}')
debug_merge_point(0, 0, '5059<test_bench_koka_counter.rpyeffect:62([k@[k@[switch case for 0#180]#188]#196])>+2: {"op": "Match". "type": Interned(std/core/hnd/ev). "scrutinee": 0. "clauses": [{"tag": Interned(std/core/hnd/Ev). "target": 5058. "args": {"num": []. "ptr": [1. 2. 3. 4]}}]. "default": {"tag": Interned(d2cc5baa-c259-40e4-a8ba-42a2701ecefc#[Missing Tag#740]). "target": 5050. "args": {"num": []. "ptr": []}}}')
debug_merge_point(0, 0, '5058<test_bench_koka_counter.rpyeffect:61([#209])>+0: {"op": "Copy". "type": "ptr". "from": 0. "to". 1}')
debug_merge_point(0, 0, '5058<test_bench_koka_counter.rpyeffect:61([#209])>+1: {"op": "Copy". "type": "ptr". "from": 2. "to". 0}')
debug_merge_point(0, 0, '5058<test_bench_koka_counter.rpyeffect:61([#209])>+2: {"op": "Match". "type": Interned(test/bench/koka/counter/st). "scrutinee": 3. "clauses": [{"tag": Interned(test/bench/koka/counter/@Hnd-st). "target": 5057. "args": {"num": [1]. "ptr": [2. 3]}}]. "default": {"tag": Interned(d2cc5baa-c259-40e4-a8ba-42a2701ecefc#[Missing Tag#739]). "target": 5052. "args": {"num": []. "ptr": []}}}')
debug_merge_point(0, 0, '5057<test_bench_koka_counter.rpyeffect:60([#214])>+0: {"op": "Match". "type": Interned(std/core/hnd/clause1). "scrutinee": 3. "clauses": [{"tag": Interned(std/core/hnd/Clause1). "target": 5056. "args": {"num": []. "ptr": [2]}}]. "default": {"tag": Interned(d2cc5baa-c259-40e4-a8ba-42a2701ecefc#[Missing Tag#738]). "target": 5054. "args": {"num": []. "ptr": []}}}')
debug_merge_point(0, 0, '5056<test_bench_koka_counter.rpyeffect:59([match_std/core/hnd/Clause1@[#214]#219])>+0: {"op": "PrimOp". "name": "box(Num): Ptr". "out": {"num": []. "ptr": [3]}. "in": {"num": [0]. "ptr": []}}')
debug_merge_point(0, 0, '5056<test_bench_koka_counter.rpyeffect:59([match_std/core/hnd/Clause1@[#214]#219])>+1: {"op": "Push". "target": 5055. "args": {"num": []. "ptr": []}}')
debug_merge_point(0, 0, '5056<test_bench_koka_counter.rpyeffect:59([match_std/core/hnd/Clause1@[#214]#219])>+2: {"op": "Swap". "type": "ptr". "a": 3. "b". 2}')
debug_merge_point(0, 0, '5056<test_bench_koka_counter.rpyeffect:59([match_std/core/hnd/Clause1@[#214]#219])>+3: {"op": "Invoke". "receiver": 3. "tag": Interned(%apply(ppp):p). "args" : {"num": []. "ptr": [0. 1. 2]}}')
debug_merge_point(0, 0, '1515<std_core_hnd.rpyeffect:1214([#3788])>+0: {"op": "Const". "type": "ptr". "out": 4. "format": "string". "value": "Name(import$std/core/hnd)"}')
debug_merge_point(0, 0, '1515<std_core_hnd.rpyeffect:1214([#3788])>+1: {"op": "PrimOp". "name": "getGlobal(String): Ptr". "out": {"num": []. "ptr": [4]}. "in": {"num": []. "ptr": [4]}}')
debug_merge_point(0, 0, '1515<std_core_hnd.rpyeffect:1214([#3788])>+2: {"op": "Swap". "type": "ptr". "a": 4. "b". 3}')
debug_merge_point(0, 0, '1515<std_core_hnd.rpyeffect:1214([#3788])>+3: {"op": "Jump". "target": 1513}')
debug_merge_point(0, 0, '1513<std_core_hnd.rpyeffect:1212([mcore:[#1238]#3717])>+0: {"op": "Push". "target": 1509. "args": {"num": []. "ptr": [1. 4. 2]}}')
debug_merge_point(0, 0, '1513<std_core_hnd.rpyeffect:1212([mcore:[#1238]#3717])>+1: {"op": "Match". "type": Interned(std/core/hnd/ev). "scrutinee": 1. "clauses": [{"tag": Interned(std/core/hnd/Ev). "target": 1512. "args": {"num": []. "ptr": [0. 1. 2. 3]}}]. "default": {"tag": Interned(f1366ff7-7d8a-4a49-ba54-2f66d995f403#[Missing Tag#4969]). "target": 1510. "args": {"num": []. "ptr": []}}}')
debug_merge_point(0, 0, '1512<std_core_hnd.rpyeffect:1211([#3775])>+0: {"op": "Const". "type": "ptr". "out": 0. "format": "string". "value": "Name(import$std/core/hnd)"}')
debug_merge_point(0, 0, '1512<std_core_hnd.rpyeffect:1211([#3775])>+1: {"op": "PrimOp". "name": "getGlobal(String): Ptr". "out": {"num": []. "ptr": [0]}. "in": {"num": []. "ptr": [0]}}')
debug_merge_point(0, 0, '1512<std_core_hnd.rpyeffect:1211([#3775])>+2: {"op": "Copy". "type": "ptr". "from": 0. "to". 1}')
debug_merge_point(0, 0, '1512<std_core_hnd.rpyeffect:1211([#3775])>+3: {"op": "Copy". "type": "ptr". "from": 3. "to". 0}')
debug_merge_point(0, 0, '1512<std_core_hnd.rpyeffect:1211([#3775])>+4: {"op": "Jump". "target": 1491}')
debug_merge_point(0, 0, '1491<std_core_hnd.rpyeffect:1190([mcore:[#1227]#3703])>+0: {"op": "Const". "type": "ptr". "out": 1. "format": "string". "value": "Name(import$std/core/hnd)"}')
debug_merge_point(0, 0, '1491<std_core_hnd.rpyeffect:1190([mcore:[#1227]#3703])>+1: {"op": "PrimOp". "name": "getGlobal(String): Ptr". "out": {"num": []. "ptr": [1]}. "in": {"num": []. "ptr": [1]}}')
debug_merge_point(0, 0, '1491<std_core_hnd.rpyeffect:1190([mcore:[#1227]#3703])>+2: {"op": "CallLib". "lib": "1". "symbol": "swapCurrentEvv"}')
debug_merge_point(0, 0, '303<std_core_hnd.rpyeffect:2(Name(swapCurrentEvv))>+0: {"op": "Const". "type": "ptr". "out": 1. "format": "string". "value": "current-evv"}')
debug_merge_point(0, 0, '303<std_core_hnd.rpyeffect:2(Name(swapCurrentEvv))>+1: {"op": "PrimOp". "name": "getGlobal(String): Ptr". "out": {"num": []. "ptr": [1]}. "in": {"num": []. "ptr": [1]}}')
debug_merge_point(0, 0, '303<std_core_hnd.rpyeffect:2(Name(swapCurrentEvv))>+2: {"op": "PrimOp". "name": "getRef(Ref[Ptr]): Ptr". "out": {"num": []. "ptr": [2]}. "in": {"num": []. "ptr": [1]}}')
debug_merge_point(0, 0, '303<std_core_hnd.rpyeffect:2(Name(swapCurrentEvv))>+3: {"op": "PrimOp". "name": "setRef(Ref[Ptr]. Ptr): Unit". "out": {"num": []. "ptr": [0]}. "in": {"num": []. "ptr": [1. 0]}}')
debug_merge_point(0, 0, '303<std_core_hnd.rpyeffect:2(Name(swapCurrentEvv))>+4: {"op": "Copy". "type": "ptr". "from": 2. "to". 0}')
debug_merge_point(0, 0, '303<std_core_hnd.rpyeffect:2(Name(swapCurrentEvv))>+5: {"op": "Return". "args": {"num": []. "ptr": [0]}}')
debug_merge_point(0, 0, '1509<std_core_hnd.rpyeffect:1208([k@[mcore:[#1238]#3717]#3719])>+0: {"op": "Push". "target": 1508. "args": {"num": []. "ptr": [1. 0]}}')
debug_merge_point(0, 0, '1509<std_core_hnd.rpyeffect:1208([k@[mcore:[#1238]#3717]#3719])>+1: {"op": "Copy". "type": "ptr". "from": 3. "to". 0}')
debug_merge_point(0, 0, '1509<std_core_hnd.rpyeffect:1208([k@[mcore:[#1238]#3717]#3719])>+2: {"op": "Invoke". "receiver": 2. "tag": Interned(%apply(p):p). "args" : {"num": []. "ptr": [0]}}')
debug_merge_point(0, 0, '5090<test_bench_koka_counter.rpyeffect:93([#303])>+0: {"op": "PrimOp". "name": "unbox(Ptr): Num". "out": {"num": [0]. "ptr": []}. "in": {"num": []. "ptr": [0]}}')
debug_merge_point(0, 0, '5090<test_bench_koka_counter.rpyeffect:93([#303])>+1: {"op": "Copy". "type": "ptr". "from": 1. "to". 0}')
debug_merge_point(0, 0, '5090<test_bench_koka_counter.rpyeffect:93([#303])>+2: {"op": "Jump". "target": 5081}')
debug_merge_point(0, 0, '5081<test_bench_koka_counter.rpyeffect:84([mcore:[#170]#269])>+0: {"op": "PrimOp". "name": "box(Num): Ptr". "out": {"num": []. "ptr": [1]}. "in": {"num": [0]. "ptr": []}}')
debug_merge_point(0, 0, '5081<test_bench_koka_counter.rpyeffect:84([mcore:[#170]#269])>+1: {"op": "PrimOp". "name": "setRef(Ref[Ptr]. Ptr): Unit". "out": {"num": []. "ptr": [0]}. "in": {"num": []. "ptr": [0. 1]}}')
+1596: setfield_gc(ConstPtr(ptr127), ConstPtr(ptr128), descr=<FieldP rpyeffect.region.PtrRef.inst_value 8>)
debug_merge_point(0, 0, '5081<test_bench_koka_counter.rpyeffect:84([mcore:[#170]#269])>+2: {"op": "Return". "args": {"num": []. "ptr": [0]}}')
debug_merge_point(0, 0, '1508<std_core_hnd.rpyeffect:1207([k@[k@[mcore:[#1238]#3717]#3719]#3721])>+0: {"op": "Const". "type": "num". "out": 0. "value": 0}')
debug_merge_point(0, 0, '1508<std_core_hnd.rpyeffect:1207([k@[k@[mcore:[#1238]#3717]#3719]#3721])>+1: {"op": "Swap". "type": "ptr". "a": 1. "b". 2}')
debug_merge_point(0, 0, '1508<std_core_hnd.rpyeffect:1207([k@[k@[mcore:[#1238]#3717]#3719]#3721])>+2: {"op": "Swap". "type": "ptr". "a": 0. "b". 2}')
debug_merge_point(0, 0, '1508<std_core_hnd.rpyeffect:1207([k@[k@[mcore:[#1238]#3717]#3719]#3721])>+3: {"op": "Switch". "scrutinee": 0. "values": [1]. "targets": [1503]. "default": 1507}')
debug_merge_point(0, 0, '1507<std_core_hnd.rpyeffect:1206([switch default case#3764])>+0: {"op": "Const". "type": "num". "out": 0. "value": 0}')
debug_merge_point(0, 0, '1507<std_core_hnd.rpyeffect:1206([switch default case#3764])>+1: {"op": "Copy". "type": "ptr". "from": 1. "to". 0}')
debug_merge_point(0, 0, '1507<std_core_hnd.rpyeffect:1206([switch default case#3764])>+2: {"op": "Copy". "type": "ptr". "from": 2. "to". 1}')
debug_merge_point(0, 0, '1507<std_core_hnd.rpyeffect:1206([switch default case#3764])>+3: {"op": "Switch". "scrutinee": 0. "values": [0]. "targets": [1505]. "default": 1506}')
debug_merge_point(0, 0, '1505<std_core_hnd.rpyeffect:1204([switch case for 0#3766])>+0: {"op": "Const". "type": "ptr". "out": 2. "format": "string". "value": "Name(import$std/core/hnd)"}')
debug_merge_point(0, 0, '1505<std_core_hnd.rpyeffect:1204([switch case for 0#3766])>+1: {"op": "PrimOp". "name": "getGlobal(String): Ptr". "out": {"num": []. "ptr": [2]}. "in": {"num": []. "ptr": [2]}}')
debug_merge_point(0, 0, '1505<std_core_hnd.rpyeffect:1204([switch case for 0#3766])>+2: {"op": "Push". "target": 1504. "args": {"num": []. "ptr": [1]}}')
debug_merge_point(0, 0, '1505<std_core_hnd.rpyeffect:1204([switch case for 0#3766])>+3: {"op": "Copy". "type": "ptr". "from": 2. "to". 1}')
debug_merge_point(0, 0, '1505<std_core_hnd.rpyeffect:1204([switch case for 0#3766])>+4: {"op": "Jump". "target": 1493}')
debug_merge_point(0, 0, '1493<std_core_hnd.rpyeffect:1192([mcore:[#1237]#3712])>+0: {"op": "Const". "type": "ptr". "out": 1. "format": "string". "value": "Name(import$std/core/hnd)"}')
debug_merge_point(0, 0, '1493<std_core_hnd.rpyeffect:1192([mcore:[#1237]#3712])>+1: {"op": "PrimOp". "name": "getGlobal(String): Ptr". "out": {"num": []. "ptr": [1]}. "in": {"num": []. "ptr": [1]}}')
debug_merge_point(0, 0, '1493<std_core_hnd.rpyeffect:1192([mcore:[#1237]#3712])>+2: {"op": "CallLib". "lib": "1". "symbol": "setCurrentEvv"}')
debug_merge_point(0, 0, '302<std_core_hnd.rpyeffect:1(Name(setCurrentEvv))>+0: {"op": "Const". "type": "ptr". "out": 1. "format": "string". "value": "current-evv"}')
debug_merge_point(0, 0, '302<std_core_hnd.rpyeffect:1(Name(setCurrentEvv))>+1: {"op": "PrimOp". "name": "getGlobal(String): Ptr". "out": {"num": []. "ptr": [1]}. "in": {"num": []. "ptr": [1]}}')
debug_merge_point(0, 0, '302<std_core_hnd.rpyeffect:1(Name(setCurrentEvv))>+2: {"op": "PrimOp". "name": "setRef(Ref[Ptr]. Ptr): Unit". "out": {"num": []. "ptr": [0]}. "in": {"num": []. "ptr": [1. 0]}}')
+1600: p129 = new_with_vtable(descr=<SizeDescr 16>)
+1708: setfield_gc(p129, i126, descr=<FieldS rpyeffect.region.NumBox.inst_value 8 pure>)
+1780: setfield_gc(ConstPtr(ptr130), p129, descr=<FieldP rpyeffect.region.PtrRef.inst_value 8>)
debug_merge_point(0, 0, '302<std_core_hnd.rpyeffect:1(Name(setCurrentEvv))>+3: {"op": "Return". "args": {"num": []. "ptr": [0]}}')
debug_merge_point(0, 0, '1504<std_core_hnd.rpyeffect:1203([k@[switch case for 0#3766]#3771])>+0: {"op": "Copy". "type": "ptr". "from": 1. "to". 0}')
debug_merge_point(0, 0, '1504<std_core_hnd.rpyeffect:1203([k@[switch case for 0#3766]#3771])>+1: {"op": "Return". "args": {"num": []. "ptr": [0]}}')
debug_merge_point(0, 0, '5055<test_bench_koka_counter.rpyeffect:58([#224])>+0: {"op": "Return". "args": {"num": []. "ptr": [0]}}')
debug_merge_point(0, 0, '5049<test_bench_koka_counter.rpyeffect:52([#198])>+0: {"op": "Const". "type": "num". "out": 1. "value": 1}')
debug_merge_point(0, 0, '5049<test_bench_koka_counter.rpyeffect:52([#198])>+1: {"op": "PrimOp". "name": "infixAdd(Int. Int): Int". "out": {"num": [0]. "ptr": []}. "in": {"num": [0. 1]. "ptr": []}}')
+1784: i132 = int_add(i114, 1)
debug_merge_point(0, 0, '5049<test_bench_koka_counter.rpyeffect:52([#198])>+2: {"op": "Const". "type": "ptr". "out": 0. "format": "string". "value": "Name(import$std/core/hnd)"}')
debug_merge_point(0, 0, '5049<test_bench_koka_counter.rpyeffect:52([#198])>+3: {"op": "PrimOp". "name": "getGlobal(String): Ptr". "out": {"num": []. "ptr": [0]}. "in": {"num": []. "ptr": [0]}}')
debug_merge_point(0, 0, '5049<test_bench_koka_counter.rpyeffect:52([#198])>+4: {"op": "Jump". "target": 5076}')
debug_merge_point(0, 0, '5076<test_bench_koka_counter.rpyeffect:79([mcore:[#153]#151])>+0: {"op": "Const". "type": "num". "out": 1. "value": 0}')
debug_merge_point(0, 0, '5076<test_bench_koka_counter.rpyeffect:79([mcore:[#153]#151])>+1: {"op": "Const". "type": "ptr". "out": 0. "format": "string". "value": "Name(import$std/core/hnd)"}')
debug_merge_point(0, 0, '5076<test_bench_koka_counter.rpyeffect:79([mcore:[#153]#151])>+2: {"op": "PrimOp". "name": "getGlobal(String): Ptr". "out": {"num": []. "ptr": [0]}. "in": {"num": []. "ptr": [0]}}')
debug_merge_point(0, 0, '5076<test_bench_koka_counter.rpyeffect:79([mcore:[#153]#151])>+3: {"op": "Push". "target": 5075. "args": {"num": [1. 0]. "ptr": []}}')
debug_merge_point(0, 0, '5076<test_bench_koka_counter.rpyeffect:79([mcore:[#153]#151])>+4: {"op": "Jump". "target": 5044}')
+1852: setfield_gc(ConstPtr(ptr133), ConstPtr(ptr79), descr=<FieldP rpyeffect.region.PtrRef.inst_value 8>)
+1856: jump(p0, p76, i132, p2, p3, i126, i12, i14, i16, i18, i20, i22, i24, i26, i28, i30, i32, i34, i36, p49, p51, p53, p55, p57, p59, p61, p63, p65, p67, p69, descr=TargetToken(5913763360))
+1864: --end of the loop--
[79ef4a9] jit-log-opt-loop}
[16bf51b1] {jit-summary
Tracing:      	1	0.002713
Backend:      	1	0.000268
TOTAL:      		0.256881
ops:             	11871
heapcached ops:  	1133
recorded ops:    	6331
  calls:         	5519
guards:          	298
opt ops:         	418
opt guards:      	16
opt guards shared:	12
forcings:        	0
abort: trace too long:	0
abort: compiling:	0
abort: vable escape:	0
abort: bad loop: 	0
abort: force quasi-immut:	0
abort: segmenting trace:	0
virtualizables forced:	0
nvirtuals:       	2
nvholes:         	0
nvreused:        	0
vecopt tried:    	0
vecopt success:  	0
Total # of loops:	1
Total # of bridges:	0
Freed # of loops:	0
Freed # of bridges:	0
[16bf76a4] jit-summary}
