2024.05.14 09:59:21 INFO  Started: Metals version 1.3.0 in folders '/Users/gaisseml/dev/effect-jit/koka' for client Visual Studio Code 1.87.2.[0m
SLF4J: Class path contains multiple SLF4J providers.
SLF4J: Found provider [scribe.slf4j.ScribeServiceProvider@332a2058]
SLF4J: Found provider [ch.qos.logback.classic.spi.LogbackServiceProvider@43cfe0eb]
SLF4J: See https://www.slf4j.org/codes.html#multiple_bindings for an explanation.
SLF4J: Actual provider is of type [scribe.slf4j.ScribeServiceProvider@332a2058]
2024.05.14 09:59:21 WARN  Flyway upgrade recommended: H2 2.2.224 is newer than this version of Flyway and support has not been tested. The latest supported version of H2 is 2.2.220.[0m
2024.05.14 09:59:22 INFO  restarted 0 presentation compilers[0m
2024.05.14 17:17:57 INFO  Shutting down server[0m
2024.05.14 17:17:57 INFO  shutting down Metals[0m
2024.05.14 17:17:57 INFO  Exiting server[0m
2024.05.15 09:11:43 INFO  Started: Metals version 1.3.0 in folders '/Users/gaisseml/dev/effect-jit/koka' for client Visual Studio Code 1.87.2.[0m
SLF4J: Class path contains multiple SLF4J providers.
SLF4J: Found provider [scribe.slf4j.ScribeServiceProvider@563f803a]
SLF4J: Found provider [ch.qos.logback.classic.spi.LogbackServiceProvider@5d29af6f]
SLF4J: See https://www.slf4j.org/codes.html#multiple_bindings for an explanation.
SLF4J: Actual provider is of type [scribe.slf4j.ScribeServiceProvider@563f803a]
2024.05.15 09:11:44 WARN  Flyway upgrade recommended: H2 2.2.224 is newer than this version of Flyway and support has not been tested. The latest supported version of H2 is 2.2.220.[0m
2024.05.15 18:23:58 INFO  Shutting down server[0m
2024.05.15 18:23:58 INFO  shutting down Metals[0m
2024.05.15 18:23:58 INFO  Exiting server[0m
2024.05.16 11:07:22 INFO  Started: Metals version 1.3.0 in folders '/Users/gaisseml/dev/effect-jit/koka' for client Visual Studio Code 1.87.2.[0m
SLF4J: Class path contains multiple SLF4J providers.
SLF4J: Found provider [scribe.slf4j.ScribeServiceProvider@75e2a891]
SLF4J: Found provider [ch.qos.logback.classic.spi.LogbackServiceProvider@794717f4]
SLF4J: See https://www.slf4j.org/codes.html#multiple_bindings for an explanation.
SLF4J: Actual provider is of type [scribe.slf4j.ScribeServiceProvider@75e2a891]
2024.05.16 11:07:22 WARN  Flyway upgrade recommended: H2 2.2.224 is newer than this version of Flyway and support has not been tested. The latest supported version of H2 is 2.2.220.[0m
2024.05.16 17:41:37 INFO  Shutting down server[0m
2024.05.16 17:41:37 INFO  shutting down Metals[0m
2024.05.16 17:41:37 INFO  Exiting server[0m
2024.05.23 12:55:58 INFO  Started: Metals version 1.3.1 in folders '/Users/gaisseml/dev/effect-jit/koka' for client Visual Studio Code 1.87.2.[0m
SLF4J(W): Class path contains multiple SLF4J providers.
SLF4J(W): Found provider [scribe.slf4j.ScribeServiceProvider@39f31b1d]
SLF4J(W): Found provider [ch.qos.logback.classic.spi.LogbackServiceProvider@68883ec4]
SLF4J(W): See https://www.slf4j.org/codes.html#multiple_bindings for an explanation.
SLF4J(I): Actual provider is of type [scribe.slf4j.ScribeServiceProvider@39f31b1d]
2024.05.23 12:55:58 WARN  Flyway upgrade recommended: H2 2.2.224 is newer than this version of Flyway and support has not been tested. The latest supported version of H2 is 2.2.220.[0m
2024.05.23 12:55:59 INFO  restarted 0 presentation compilers[0m
2024.05.23 17:03:07 INFO  Shutting down server[0m
2024.05.23 17:03:07 INFO  shutting down Metals[0m
2024.05.23 17:03:07 ERROR Unexpected error initializing server: 
org.eclipse.lsp4j.jsonrpc.ResponseErrorException: Request window/showMessageRequest failed with message: Canceled
	at org.eclipse.lsp4j.jsonrpc.RemoteEndpoint.handleResponse(RemoteEndpoint.java:209)
	at org.eclipse.lsp4j.jsonrpc.RemoteEndpoint.consume(RemoteEndpoint.java:193)
	at org.eclipse.lsp4j.jsonrpc.json.StreamMessageProducer.handleMessage(StreamMessageProducer.java:194)
	at org.eclipse.lsp4j.jsonrpc.json.StreamMessageProducer.listen(StreamMessageProducer.java:94)
	at org.eclipse.lsp4j.jsonrpc.json.ConcurrentMessageProcessor.run(ConcurrentMessageProcessor.java:113)
	at java.util.concurrent.Executors$RunnableAdapter.call(Executors.java:539)
	at java.util.concurrent.FutureTask.run(FutureTask.java:264)
	at java.util.concurrent.ThreadPoolExecutor.runWorker(ThreadPoolExecutor.java:1136)
	at java.util.concurrent.ThreadPoolExecutor$Worker.run(ThreadPoolExecutor.java:635)
	at java.lang.Thread.run(Thread.java:833)
[0m
2024.05.23 17:03:07 INFO  Exiting server[0m
2024.05.24 11:59:12 INFO  Started: Metals version 1.3.1 in folders '/Users/gaisseml/dev/effect-jit/koka' for client Visual Studio Code 1.87.2.[0m
SLF4J(W): Class path contains multiple SLF4J providers.
SLF4J(W): Found provider [scribe.slf4j.ScribeServiceProvider@5fff396e]
SLF4J(W): Found provider [ch.qos.logback.classic.spi.LogbackServiceProvider@51fa95bb]
SLF4J(W): See https://www.slf4j.org/codes.html#multiple_bindings for an explanation.
SLF4J(I): Actual provider is of type [scribe.slf4j.ScribeServiceProvider@5fff396e]
2024.05.24 11:59:12 WARN  Flyway upgrade recommended: H2 2.2.224 is newer than this version of Flyway and support has not been tested. The latest supported version of H2 is 2.2.220.[0m
2024.05.24 11:59:13 INFO  restarted 0 presentation compilers[0m
2024.05.24 17:14:27 INFO  Shutting down server[0m
2024.05.24 17:14:27 INFO  shutting down Metals[0m
2024.05.24 17:14:27 INFO  Exiting server[0m
2024.05.28 13:11:30 INFO  Started: Metals version 1.3.1 in folders '/Users/gaisseml/dev/effect-jit/koka' for client Visual Studio Code 1.87.2.[0m
SLF4J(W): Class path contains multiple SLF4J providers.
SLF4J(W): Found provider [scribe.slf4j.ScribeServiceProvider@52eb8c16]
SLF4J(W): Found provider [ch.qos.logback.classic.spi.LogbackServiceProvider@1e1f2acf]
SLF4J(W): See https://www.slf4j.org/codes.html#multiple_bindings for an explanation.
SLF4J(I): Actual provider is of type [scribe.slf4j.ScribeServiceProvider@52eb8c16]
2024.05.28 13:11:31 WARN  Flyway upgrade recommended: H2 2.2.224 is newer than this version of Flyway and support has not been tested. The latest supported version of H2 is 2.2.220.[0m
2024.05.28 13:11:31 INFO  restarted 0 presentation compilers[0m
2024.05.28 16:24:16 INFO  Shutting down server[0m
2024.05.28 16:24:16 INFO  shutting down Metals[0m
2024.05.28 16:24:16 INFO  Exiting server[0m
2024.05.28 16:25:34 INFO  Started: Metals version 1.3.1 in folders '/Users/gaisseml/dev/effect-jit/koka' for client Visual Studio Code 1.87.2.[0m
SLF4J(W): Class path contains multiple SLF4J providers.
SLF4J(W): Found provider [scribe.slf4j.ScribeServiceProvider@36548419]
SLF4J(W): Found provider [ch.qos.logback.classic.spi.LogbackServiceProvider@5fd7dbf7]
SLF4J(W): See https://www.slf4j.org/codes.html#multiple_bindings for an explanation.
SLF4J(I): Actual provider is of type [scribe.slf4j.ScribeServiceProvider@36548419]
2024.05.28 16:25:34 WARN  Flyway upgrade recommended: H2 2.2.224 is newer than this version of Flyway and support has not been tested. The latest supported version of H2 is 2.2.220.[0m
2024.05.28 16:25:35 INFO  restarted 0 presentation compilers[0m
2024.05.28 16:34:43 INFO  Shutting down server[0m
2024.05.28 16:34:43 INFO  shutting down Metals[0m
2024.05.28 16:34:43 INFO  Exiting server[0m
2024.05.29 09:57:31 INFO  Started: Metals version 1.3.1 in folders '/Users/gaisseml/dev/effect-jit/koka' for client Visual Studio Code 1.87.2.[0m
SLF4J(W): Class path contains multiple SLF4J providers.
SLF4J(W): Found provider [scribe.slf4j.ScribeServiceProvider@654a684]
SLF4J(W): Found provider [ch.qos.logback.classic.spi.LogbackServiceProvider@48d13e6f]
SLF4J(W): See https://www.slf4j.org/codes.html#multiple_bindings for an explanation.
SLF4J(I): Actual provider is of type [scribe.slf4j.ScribeServiceProvider@654a684]
2024.05.29 09:57:32 WARN  Flyway upgrade recommended: H2 2.2.224 is newer than this version of Flyway and support has not been tested. The latest supported version of H2 is 2.2.220.[0m
2024.05.29 09:57:32 INFO  restarted 0 presentation compilers[0m
2024.05.29 16:30:31 INFO  Shutting down server[0m
2024.05.29 16:30:31 INFO  shutting down Metals[0m
2024.05.29 16:30:31 INFO  Exiting server[0m
2024.06.04 10:44:38 INFO  Started: Metals version 1.3.1 in folders '/Users/gaisseml/dev/effect-jit/koka' for client Visual Studio Code 1.87.2.[0m
SLF4J(W): Class path contains multiple SLF4J providers.
SLF4J(W): Found provider [scribe.slf4j.ScribeServiceProvider@5bd1123e]
SLF4J(W): Found provider [ch.qos.logback.classic.spi.LogbackServiceProvider@68433b97]
SLF4J(W): See https://www.slf4j.org/codes.html#multiple_bindings for an explanation.
SLF4J(I): Actual provider is of type [scribe.slf4j.ScribeServiceProvider@5bd1123e]
2024.06.04 10:44:39 WARN  Flyway upgrade recommended: H2 2.2.224 is newer than this version of Flyway and support has not been tested. The latest supported version of H2 is 2.2.220.[0m
2024.06.04 16:36:31 INFO  Shutting down server[0m
2024.06.04 16:36:31 INFO  shutting down Metals[0m
2024.06.04 16:36:31 INFO  Exiting server[0m
2024.06.05 09:07:22 INFO  Started: Metals version 1.3.1 in folders '/Users/gaisseml/dev/effect-jit/koka' for client Visual Studio Code 1.87.2.[0m
SLF4J(W): Class path contains multiple SLF4J providers.
SLF4J(W): Found provider [scribe.slf4j.ScribeServiceProvider@34f4d937]
SLF4J(W): Found provider [ch.qos.logback.classic.spi.LogbackServiceProvider@32fdf7b7]
SLF4J(W): See https://www.slf4j.org/codes.html#multiple_bindings for an explanation.
SLF4J(I): Actual provider is of type [scribe.slf4j.ScribeServiceProvider@34f4d937]
2024.06.05 09:07:23 WARN  Flyway upgrade recommended: H2 2.2.224 is newer than this version of Flyway and support has not been tested. The latest supported version of H2 is 2.2.220.[0m
2024.06.05 10:20:50 INFO  Shutting down server[0m
2024.06.05 10:20:50 INFO  shutting down Metals[0m
2024.06.05 10:20:50 INFO  Exiting server[0m
2024.06.05 10:20:50 ERROR Unexpected error initializing server: 
org.eclipse.lsp4j.jsonrpc.ResponseErrorException: Request window/showMessageRequest failed with message: Canceled
	at org.eclipse.lsp4j.jsonrpc.RemoteEndpoint.handleResponse(RemoteEndpoint.java:209)
	at org.eclipse.lsp4j.jsonrpc.RemoteEndpoint.consume(RemoteEndpoint.java:193)
	at org.eclipse.lsp4j.jsonrpc.json.StreamMessageProducer.handleMessage(StreamMessageProducer.java:194)
	at org.eclipse.lsp4j.jsonrpc.json.StreamMessageProducer.listen(StreamMessageProducer.java:94)
	at org.eclipse.lsp4j.jsonrpc.json.ConcurrentMessageProcessor.run(ConcurrentMessageProcessor.java:113)
	at java.util.concurrent.Executors$RunnableAdapter.call(Executors.java:572)
	at java.util.concurrent.FutureTask.run(FutureTask.java:317)
	at java.util.concurrent.ThreadPoolExecutor.runWorker(ThreadPoolExecutor.java:1144)
	at java.util.concurrent.ThreadPoolExecutor$Worker.run(ThreadPoolExecutor.java:642)
	at java.lang.Thread.run(Thread.java:1570)
[0m
2024.06.05 17:23:58 INFO  Started: Metals version 1.3.1 in folders '/Users/gaisseml/dev/effect-jit/koka' for client Visual Studio Code 1.87.2.[0m
SLF4J(W): Class path contains multiple SLF4J providers.
SLF4J(W): Found provider [scribe.slf4j.ScribeServiceProvider@1f6ab440]
SLF4J(W): Found provider [ch.qos.logback.classic.spi.LogbackServiceProvider@2ba5492e]
SLF4J(W): See https://www.slf4j.org/codes.html#multiple_bindings for an explanation.
SLF4J(I): Actual provider is of type [scribe.slf4j.ScribeServiceProvider@1f6ab440]
2024.06.05 17:23:59 WARN  Flyway upgrade recommended: H2 2.2.224 is newer than this version of Flyway and support has not been tested. The latest supported version of H2 is 2.2.220.[0m
2024.06.05 17:23:59 INFO  restarted 0 presentation compilers[0m
2024.06.05 17:50:09 INFO  Shutting down server[0m
2024.06.05 17:50:09 INFO  shutting down Metals[0m
2024.06.05 17:50:09 INFO  Exiting server[0m
2024.06.05 17:50:092024.06.06 16:09:06 INFO  Started: Metals version 1.3.1 in folders '/Users/gaisseml/dev/effect-jit/koka' for client Visual Studio Code 1.89.1.[0m
SLF4J(W): Class path contains multiple SLF4J providers.
SLF4J(W): Found provider [scribe.slf4j.ScribeServiceProvider@70948beb]
SLF4J(W): Found provider [ch.qos.logback.classic.spi.LogbackServiceProvider@29ab3c12]
SLF4J(W): See https://www.slf4j.org/codes.html#multiple_bindings for an explanation.
SLF4J(I): Actual provider is of type [scribe.slf4j.ScribeServiceProvider@70948beb]
2024.06.06 16:09:07 WARN  Flyway upgrade recommended: H2 2.2.224 is newer than this version of Flyway and support has not been tested. The latest supported version of H2 is 2.2.220.[0m
2024.06.06 17:47:18 INFO  Shutting down server[0m
2024.06.06 17:47:18 INFO  shutting down Metals[0m
2024.06.06 17:47:18 INFO  Exiting server[0m
2024.06.06 19:22:41 INFO  Started: Metals version 1.3.1 in folders '/Users/gaisseml/dev/effect-jit/koka' for client Visual Studio Code 1.89.1.[0m
SLF4J(W): Class path contains multiple SLF4J providers.
SLF4J(W): Found provider [scribe.slf4j.ScribeServiceProvider@3dd8e3ec]
SLF4J(W): Found provider [ch.qos.logback.classic.spi.LogbackServiceProvider@775a98a3]
SLF4J(W): See https://www.slf4j.org/codes.html#multiple_bindings for an explanation.
SLF4J(I): Actual provider is of type [scribe.slf4j.ScribeServiceProvider@3dd8e3ec]
2024.06.06 19:22:42 WARN  Flyway upgrade recommended: H2 2.2.224 is newer than this version of Flyway and support has not been tested. The latest supported version of H2 is 2.2.220.[0m
2024.06.06 19:22:44 INFO  Shutting down server[0m
2024.06.06 19:22:44 INFO  shutting down Metals[0m
2024.06.06 19:22:44 INFO  Exiting server[0m
2024.06.06 19:22:44 ERROR Unexpected error initializing server: 
org.eclipse.lsp4j.jsonrpc.ResponseErrorException: Request window/showMessageRequest failed with message: Canceled
	at org.eclipse.lsp4j.jsonrpc.RemoteEndpoint.handleResponse(RemoteEndpoint.java:209)
	at org.eclipse.lsp4j.jsonrpc.RemoteEndpoint.consume(RemoteEndpoint.java:193)
	at org.eclipse.lsp4j.jsonrpc.json.StreamMessageProducer.handleMessage(StreamMessageProducer.java:194)
	at org.eclipse.lsp4j.jsonrpc.json.StreamMessageProducer.listen(StreamMessageProducer.java:94)
	at org.eclipse.lsp4j.jsonrpc.json.ConcurrentMessageProcessor.run(ConcurrentMessageProcessor.java:113)
	at java.util.concurrent.Executors$RunnableAdapter.call(Executors.java:572)
	at java.util.concurrent.FutureTask.run(FutureTask.java:317)
	at java.util.concurrent.ThreadPoolExecutor.runWorker(ThreadPoolExecutor.java:1144)
	at java.util.concurrent.ThreadPoolExecutor$Worker.run(ThreadPoolExecutor.java:642)
	at java.lang.Thread.run(Thread.java:1570)
[0m
2024.06.13 16:22:46 INFO  Started: Metals version 1.3.1 in folders '/Users/gaisseml/dev/effect-jit/koka' for client Visual Studio Code 1.90.0.[0m
SLF4J(W): Class path contains multiple SLF4J providers.
SLF4J(W): Found provider [scribe.slf4j.ScribeServiceProvider@5bd1123e]
SLF4J(W): Found provider [ch.qos.logback.classic.spi.LogbackServiceProvider@68433b97]
SLF4J(W): See https://www.slf4j.org/codes.html#multiple_bindings for an explanation.
SLF4J(I): Actual provider is of type [scribe.slf4j.ScribeServiceProvider@5bd1123e]
2024.06.13 16:22:47 WARN  Flyway upgrade recommended: H2 2.2.224 is newer than this version of Flyway and support has not been tested. The latest supported version of H2 is 2.2.220.[0m
Jun 13, 2024 4:22:47 PM org.eclipse.lsp4j.jsonrpc.services.GenericEndpoint notify
INFO: Unsupported notification method: $/setTrace
2024.06.13 17:19:16 INFO  Shutting down server[0m
2024.06.13 17:19:16 INFO  shutting down Metals[0m
2024.06.13 17:19:16 INFO  Exiting server[0m
2024.06.13 17:19:16 ERROR Unexpected error initializing server: 
org.eclipse.lsp4j.jsonrpc.ResponseErrorException: Request window/showMessageRequest failed with message: Canceled
	at org.eclipse.lsp4j.jsonrpc.RemoteEndpoint.handleResponse(RemoteEndpoint.java:209)
	at org.eclipse.lsp4j.jsonrpc.RemoteEndpoint.consume(RemoteEndpoint.java:193)
	at org.eclipse.lsp4j.jsonrpc.json.StreamMessageProducer.handleMessage(StreamMessageProducer.java:194)
	at org.eclipse.lsp4j.jsonrpc.json.StreamMessageProducer.listen(StreamMessageProducer.java:94)
	at org.eclipse.lsp4j.jsonrpc.json.ConcurrentMessageProcessor.run(ConcurrentMessageProcessor.java:113)
	at java.util.concurrent.Executors$RunnableAdapter.call(Executors.java:572)
	at java.util.concurrent.FutureTask.run(FutureTask.java:317)
	at java.util.concurrent.ThreadPoolExecutor.runWorker(ThreadPoolExecutor.java:1144)
	at java.util.concurrent.ThreadPoolExecutor$Worker.run(ThreadPoolExecutor.java:642)
	at java.lang.Thread.run(Thread.java:1570)
[0m
2024.06.14 14:16:33 INFO  Started: Metals version 1.3.1 in folders '/Users/gaisseml/dev/effect-jit/koka' for client Visual Studio Code 1.90.0.[0m
Jun 14, 2024 2:16:33 PM org.eclipse.lsp4j.jsonrpc.services.GenericEndpoint notify
INFO: Unsupported notification method: $/setTrace
SLF4J(W): Class path contains multiple SLF4J providers.
SLF4J(W): Found provider [scribe.slf4j.ScribeServiceProvider@1c51d6b]
SLF4J(W): Found provider [ch.qos.logback.classic.spi.LogbackServiceProvider@37b974b9]
SLF4J(W): See https://www.slf4j.org/codes.html#multiple_bindings for an explanation.
SLF4J(I): Actual provider is of type [scribe.slf4j.ScribeServiceProvider@1c51d6b]
2024.06.14 14:16:33 WARN  Flyway upgrade recommended: H2 2.2.224 is newer than this version of Flyway and support has not been tested. The latest supported version of H2 is 2.2.220.[0m
2024.06.14 14:16:34 INFO  restarted 0 presentation compilers[0m
2024.06.14 17:27:31 INFO  Shutting down server[0m
2024.06.14 17:27:31 INFO  shutting down Metals[0m
2024.06.14 17:27:31 INFO  Exiting server[0m
2024.06.20 11:41:44 INFO  Started: Metals version 1.3.2 in folders '/Users/gaisseml/dev/effect-jit/koka' for client Visual Studio Code 1.90.0.[0m
SLF4J(W): Class path contains multiple SLF4J providers.
SLF4J(W): Found provider [scribe.slf4j.ScribeServiceProvider@22d031dd]
SLF4J(W): Found provider [ch.qos.logback.classic.spi.LogbackServiceProvider@4d2397d3]
SLF4J(W): See https://www.slf4j.org/codes.html#multiple_bindings for an explanation.
SLF4J(I): Actual provider is of type [scribe.slf4j.ScribeServiceProvider@22d031dd]
2024.06.20 11:41:44 WARN  Flyway upgrade recommended: H2 2.2.224 is newer than this version of Flyway and support has not been tested. The latest supported version of H2 is 2.2.220.[0m
2024.06.20 16:17:56 INFO  Shutting down server[0m
2024.06.20 16:17:56 INFO  shutting down Metals[0m
2024.06.20 16:17:56 INFO  Exiting server[0m
2024.06.20 16:17:56 ERROR Unexpected error initializing server: 
org.eclipse.lsp4j.jsonrpc.ResponseErrorException: Request window/showMessageRequest failed with message: Canceled
	at org.eclipse.lsp4j.jsonrpc.RemoteEndpoint.handleResponse(RemoteEndpoint.java:220)
	at org.eclipse.lsp4j.jsonrpc.RemoteEndpoint.consume(RemoteEndpoint.java:204)
	at org.eclipse.lsp4j.jsonrpc.json.StreamMessageProducer.handleMessage(StreamMessageProducer.java:185)
	at org.eclipse.lsp4j.jsonrpc.json.StreamMessageProducer.listen(StreamMessageProducer.java:97)
	at org.eclipse.lsp4j.jsonrpc.json.ConcurrentMessageProcessor.run(ConcurrentMessageProcessor.java:114)
	at java.util.concurrent.Executors$RunnableAdapter.call(Executors.java:572)
	at java.util.concurrent.FutureTask.run(FutureTask.java:317)
	at java.util.concurrent.ThreadPoolExecutor.runWorker(ThreadPoolExecutor.java:1144)
	at java.util.concurrent.ThreadPoolExecutor$Worker.run(ThreadPoolExecutor.java:642)
	at java.lang.Thread.run(Thread.java:1570)
[0m
2024.06.21 15:26:47 INFO  Started: Metals version 1.3.2 in folders '/Users/gaisseml/dev/effect-jit/koka' for client Visual Studio Code 1.90.0.[0m
SLF4J(W): Class path contains multiple SLF4J providers.
SLF4J(W): Found provider [scribe.slf4j.ScribeServiceProvider@a3304e1]
SLF4J(W): Found provider [ch.qos.logback.classic.spi.LogbackServiceProvider@71b0afce]
SLF4J(W): See https://www.slf4j.org/codes.html#multiple_bindings for an explanation.
SLF4J(I): Actual provider is of type [scribe.slf4j.ScribeServiceProvider@a3304e1]
2024.06.21 15:26:48 WARN  Flyway upgrade recommended: H2 2.2.224 is newer than this version of Flyway and support has not been tested. The latest supported version of H2 is 2.2.220.[0m
Jun 21, 2024 3:26:48 PM org.eclipse.lsp4j.jsonrpc.services.GenericEndpoint notify
INFO: Unsupported notification method: $/setTrace
2024.06.21 17:17:36 INFO  Shutting down server[0m
2024.06.21 17:17:36 INFO  shutting down Metals[0m
2024.06.21 17:17:36 INFO  Exiting server[0m
2024.06.21 17:17:37 ERROR Unexpected error initializing server: 
org.eclipse.lsp4j.jsonrpc.ResponseErrorException: Request window/showMessageRequest failed with message: Canceled
	at org.eclipse.lsp4j.jsonrpc.RemoteEndpoint.handleResponse(RemoteEndpoint.java:220)
	at org.eclipse.lsp4j.jsonrpc.RemoteEndpoint.consume(RemoteEndpoint.java:204)
	at org.eclipse.lsp4j.jsonrpc.json.StreamMessageProducer.handleMessage(StreamMessageProducer.java:185)
	at org.eclipse.lsp4j.jsonrpc.json.StreamMessageProducer.listen(StreamMessageProducer.java:97)
	at org.eclipse.lsp4j.jsonrpc.json.ConcurrentMessageProcessor.run(ConcurrentMessageProcessor.java:114)
	at java.util.concurrent.Executors$RunnableAdapter.call(Executors.java:572)
	at java.util.concurrent.FutureTask.run(FutureTask.java:317)
	at java.util.concurrent.ThreadPoolExecutor.runWorker(ThreadPoolExecutor.java:1144)
	at java.util.concurrent.ThreadPoolExecutor$Worker.run(ThreadPoolExecutor.java:642)
	at java.lang.Thread.run(Thread.java:1570)
[0m
2024.06.24 11:42:38 INFO  Started: Metals version 1.3.2 in folders '/Users/gaisseml/dev/effect-jit/koka' for client Visual Studio Code 1.90.0.[0m
Jun 24, 2024 11:42:39 AM org.eclipse.lsp4j.jsonrpc.services.GenericEndpoint notify
INFO: Unsupported notification method: $/setTrace
SLF4J(W): Class path contains multiple SLF4J providers.
SLF4J(W): Found provider [scribe.slf4j.ScribeServiceProvider@32dbbad4]
SLF4J(W): Found provider [ch.qos.logback.classic.spi.LogbackServiceProvider@5b4b9c44]
SLF4J(W): See https://www.slf4j.org/codes.html#multiple_bindings for an explanation.
SLF4J(I): Actual provider is of type [scribe.slf4j.ScribeServiceProvider@32dbbad4]
2024.06.24 11:42:39 WARN  Flyway upgrade recommended: H2 2.2.224 is newer than this version of Flyway and support has not been tested. The latest supported version of H2 is 2.2.220.[0m
2024.06.24 11:42:40 INFO  restarted 0 presentation compilers[0m
2024.06.24 14:05:48 INFO  Shutting down server[0m
2024.06.24 14:05:48 INFO  shutting down Metals[0m
2024.06.24 14:05:48 INFO  Exiting server[0m
2024.06.24 14:05:49 ERROR Unexpected error initializing server: 
org.eclipse.lsp4j.jsonrpc.ResponseErrorException: Request window/showMessageRequest failed with message: Canceled
	at org.eclipse.lsp4j.jsonrpc.RemoteEndpoint.handleResponse(RemoteEndpoint.java:220)
	at org.eclipse.lsp4j.jsonrpc.RemoteEndpoint.consume(RemoteEndpoint.java:204)
	at org.eclipse.lsp4j.jsonrpc.json.StreamMessageProducer.handleMessage(StreamMessageProducer.java:185)
	at org.eclipse.lsp4j.jsonrpc.json.StreamMessageProducer.listen(StreamMessageProducer.java:97)
	at org.eclipse.lsp4j.jsonrpc.json.ConcurrentMessageProcessor.run(ConcurrentMessageProcessor.java:114)
	at java.util.concurrent.Executors$RunnableAdapter.call(Executors.java:572)
	at java.util.concurrent.FutureTask.run(FutureTask.java:317)
	at java.util.concurrent.ThreadPoolExecutor.runWorker(ThreadPoolExecutor.java:1144)
	at java.util.concurrent.ThreadPoolExecutor$Worker.run(ThreadPoolExecutor.java:642)
	at java.lang.Thread.run(Thread.java:1570)
[0m
2024.07.19 12:12:44 INFO  Started: Metals version 1.3.3 in folders '/Users/gaisseml/dev/effect-jit/koka' for client Visual Studio Code 1.91.1.[0m
SLF4J(W): Class path contains multiple SLF4J providers.
SLF4J(W): Found provider [scribe.slf4j.ScribeServiceProvider@63caa6ee]
SLF4J(W): Found provider [ch.qos.logback.classic.spi.LogbackServiceProvider@207564c2]
SLF4J(W): See https://www.slf4j.org/codes.html#multiple_bindings for an explanation.
SLF4J(I): Actual provider is of type [scribe.slf4j.ScribeServiceProvider@63caa6ee]
2024.07.19 12:12:44 WARN  Flyway upgrade recommended: H2 2.2.224 is newer than this version of Flyway and support has not been tested. The latest supported version of H2 is 2.2.220.[0m
Jul 19, 2024 12:12:44 PM org.eclipse.lsp4j.jsonrpc.services.GenericEndpoint notify
INFO: Unsupported notification method: $/setTrace
2024.07.19 17:23:13 INFO  Shutting down server[0m
2024.07.19 17:23:13 INFO  shutting down Metals[0m
2024.07.19 17:23:13 INFO  Exiting server[0m
2024.07.24 10:42:28 INFO  Started: Metals version 1.3.3 in folders '/Users/gaisseml/dev/effect-jit/koka' for client Visual Studio Code 1.91.1.[0m
Jul 24, 2024 10:42:28 AM org.eclipse.lsp4j.jsonrpc.services.GenericEndpoint notify
INFO: Unsupported notification method: $/setTrace
SLF4J(W): Class path contains multiple SLF4J providers.
SLF4J(W): Found provider [scribe.slf4j.ScribeServiceProvider@5da48ee4]
SLF4J(W): Found provider [ch.qos.logback.classic.spi.LogbackServiceProvider@3cbee27]
SLF4J(W): See https://www.slf4j.org/codes.html#multiple_bindings for an explanation.
SLF4J(I): Actual provider is of type [scribe.slf4j.ScribeServiceProvider@5da48ee4]
2024.07.24 10:42:28 WARN  Flyway upgrade recommended: H2 2.2.224 is newer than this version of Flyway and support has not been tested. The latest supported version of H2 is 2.2.220.[0m
2024.07.24 11:29:07 INFO  Shutting down server[0m
2024.07.24 11:29:07 INFO  shutting down Metals[0m
2024.07.24 11:29:07 INFO  Exiting server[0m
2024.07.25 11:08:39 INFO  Started: Metals version 1.3.3 in folders '/Users/gaisseml/dev/effect-jit/koka' for client Visual Studio Code 1.91.1.[0m
SLF4J(W): Class path contains multiple SLF4J providers.
SLF4J(W): Found provider [scribe.slf4j.ScribeServiceProvider@47f29ee1]
SLF4J(W): Found provider [ch.qos.logback.classic.spi.LogbackServiceProvider@1b94eaee]
SLF4J(W): See https://www.slf4j.org/codes.html#multiple_bindings for an explanation.
SLF4J(I): Actual provider is of type [scribe.slf4j.ScribeServiceProvider@47f29ee1]
2024.07.25 11:08:40 WARN  Flyway upgrade recommended: H2 2.2.224 is newer than this version of Flyway and support has not been tested. The latest supported version of H2 is 2.2.220.[0m
Jul 25, 2024 11:08:40 AM org.eclipse.lsp4j.jsonrpc.services.GenericEndpoint notify
INFO: Unsupported notification method: $/setTrace
2024.07.25 17:28:50 INFO  Shutting down server[0m
2024.07.25 17:28:50 INFO  shutting down Metals[0m
2024.07.25 17:28:50 INFO  Exiting server[0m
