[994306] {jit-log-opt-loop
# Loop 1 (217<main.rpyeffect:209([mcore:[#30]#533])>+0: {"op": "Push", "target": 216, "args": {"num": [0, 1], "ptr": []}}) : loop with 333 ops
[p0, p1, p2, p3, p4]
+552: p5 = getfield_gc_r(p2, descr=<FieldP rpyeffect.environment.Environment.inst_values_num 16>)
+560: i7 = getarrayitem_gc_i(p5, 0, descr=<ArrayS 8>)
+564: i9 = getarrayitem_gc_i(p5, 1, descr=<ArrayS 8>)
+568: i11 = getarrayitem_gc_i(p5, 2, descr=<ArrayS 8>)
+572: i13 = getarrayitem_gc_i(p5, 3, descr=<ArrayS 8>)
+576: i15 = getarrayitem_gc_i(p5, 4, descr=<ArrayS 8>)
+580: i17 = getarrayitem_gc_i(p5, 5, descr=<ArrayS 8>)
+584: i19 = getarrayitem_gc_i(p5, 6, descr=<ArrayS 8>)
+588: i21 = getarrayitem_gc_i(p5, 7, descr=<ArrayS 8>)
+592: i23 = getarrayitem_gc_i(p5, 8, descr=<ArrayS 8>)
+596: i25 = getarrayitem_gc_i(p5, 9, descr=<ArrayS 8>)
+600: i27 = getarrayitem_gc_i(p5, 10, descr=<ArrayS 8>)
+604: i29 = getarrayitem_gc_i(p5, 11, descr=<ArrayS 8>)
+608: i31 = getarrayitem_gc_i(p5, 12, descr=<ArrayS 8>)
+612: i33 = getarrayitem_gc_i(p5, 13, descr=<ArrayS 8>)
+616: i35 = getarrayitem_gc_i(p5, 14, descr=<ArrayS 8>)
+624: i37 = getarrayitem_gc_i(p5, 15, descr=<ArrayS 8>)
+628: p38 = getfield_gc_r(p2, descr=<FieldP rpyeffect.environment.Environment.inst_values_ptr 24>)
+632: p40 = getarrayitem_gc_r(p38, 0, descr=<ArrayP 8>)
+640: p42 = getarrayitem_gc_r(p38, 1, descr=<ArrayP 8>)
+648: p44 = getarrayitem_gc_r(p38, 2, descr=<ArrayP 8>)
+656: p46 = getarrayitem_gc_r(p38, 3, descr=<ArrayP 8>)
+664: p48 = getarrayitem_gc_r(p38, 4, descr=<ArrayP 8>)
+672: p50 = getarrayitem_gc_r(p38, 5, descr=<ArrayP 8>)
+680: p52 = getarrayitem_gc_r(p38, 6, descr=<ArrayP 8>)
+688: p54 = getarrayitem_gc_r(p38, 7, descr=<ArrayP 8>)
+696: p56 = getarrayitem_gc_r(p38, 8, descr=<ArrayP 8>)
+704: p58 = getarrayitem_gc_r(p38, 9, descr=<ArrayP 8>)
+712: p60 = getarrayitem_gc_r(p38, 10, descr=<ArrayP 8>)
+720: p62 = getarrayitem_gc_r(p38, 11, descr=<ArrayP 8>)
+728: p64 = getarrayitem_gc_r(p38, 12, descr=<ArrayP 8>)
+736: p66 = getarrayitem_gc_r(p38, 13, descr=<ArrayP 8>)
+744: p68 = getarrayitem_gc_r(p38, 14, descr=<ArrayP 8>)
+752: p70 = getarrayitem_gc_r(p38, 15, descr=<ArrayP 8>)
+756: label(p0, p1, p2, p3, p4, i7, i9, i11, i13, i15, i17, i19, i21, i23, i25, i27, i29, i31, i33, i35, i37, p40, p42, p44, p46, p48, p50, p52, p54, p56, p58, p60, p62, p64, p66, p68, p70, descr=TargetToken(4835956864))
debug_merge_point(0, 0, '217<main.rpyeffect:209([mcore:[#30]#533])>+0: {"op": "Push". "target": 216. "args": {"num": [0. 1]. "ptr": []}}')
+812: guard_not_invalidated(descr=<Guard0x120416338>) [p2, i7, i9, i11, i13, i15, i17, i19, i21, i23, i25, i27, i29, i31, i33, i35, i37, p40, p42, p44, p46, p48, p50, p52, p54, p56, p58, p60, p62, p64, p66, p68, p70, p0, p1, p3, p4]
debug_merge_point(0, 0, '217<main.rpyeffect:209([mcore:[#30]#533])>+1: {"op": "Copy". "type": "num". "from": 1. "to". 0}')
debug_merge_point(0, 0, '217<main.rpyeffect:209([mcore:[#30]#533])>+2: {"op": "Jump". "target": 37}')
debug_merge_point(0, 0, '37<main.rpyeffect:29(Name(>_2))>+0: {"op": "New". "out": 0. "targets": [30. 32. 34. 36]. "args": {"num": [0]. "ptr": []}}')
debug_merge_point(0, 0, '37<main.rpyeffect:29(Name(>_2))>+1: {"op": "Return". "args": {"num": []. "ptr": [0]}}')
debug_merge_point(0, 0, '216<main.rpyeffect:208([k@[mcore:[#30]#533]#535])>+0: {"op": "Push". "target": 215. "args": {"num": [0. 1]. "ptr": []}}')
debug_merge_point(0, 0, '216<main.rpyeffect:208([k@[mcore:[#30]#533]#535])>+1: {"op": "Invoke". "receiver": 0. "tag": Interned(%apply(n):n). "args" : {"num": [0]. "ptr": []}}')
debug_merge_point(0, 0, '30<main.rpyeffect:22([method_%apply(n):n@Name(>_2)#67])>+0: {"op": "Jump". "target": 28}')
debug_merge_point(0, 0, '28<main.rpyeffect:20([mcore:[#11]#63])>+0: {"op": "PrimOp". "name": "infixGt(Int. Int): Boolean". "out": {"num": [0]. "ptr": []}. "in": {"num": [1. 0]. "ptr": []}}')
+816: i71 = int_gt(i9, i7)
guard_false(i71, descr=<Guard0x1203f5260>) [p2, i7, i9, i11, i13, i15, i17, i19, i21, i23, i25, i27, i29, i31, i33, i35, i37, p40, p42, p44, p46, p48, p50, p52, p54, p56, p58, p60, p62, p64, p66, p68, p70, p0, p1, p3, p4]
debug_merge_point(0, 0, '28<main.rpyeffect:20([mcore:[#11]#63])>+1: {"op": "Return". "args": {"num": [0]. "ptr": []}}')
debug_merge_point(0, 0, '215<main.rpyeffect:207([k@[k@[mcore:[#30]#533]#535]#537])>+0: {"op": "Switch". "scrutinee": 0. "values": [1]. "targets": [207]. "default": 214}')
+824: guard_nonnull(p1, descr=<Guard0x1203f52a0>) [p2, i7, i9, i11, i13, i15, i17, i19, i21, i23, i25, i27, i29, i31, i33, i35, i37, p40, p42, p44, p46, p48, p50, p52, p54, p56, p58, p60, p62, p64, p66, p68, p70, p0, p1, p3, p4]
+836: i72 = getfield_gc_i(p1, descr=<FieldS rpyeffect.stored_environment.Stack__arb_arb.inst_target 16 pure>)
+844: guard_value(i72, 306, descr=<Guard0x1203f52e0>) [p2, i7, i9, i11, i13, i15, i17, i19, i21, i23, i25, i27, i29, i31, i33, i35, i37, p40, p42, p44, p46, p48, p50, p52, p54, p56, p58, p60, p62, p64, p66, p68, p70, p0, p1, p3, p4]
debug_merge_point(0, 0, '214<main.rpyeffect:206([switch default case#540])>+0: {"op": "Swap". "type": "num". "a": 2. "b". 0}')
debug_merge_point(0, 0, '214<main.rpyeffect:206([switch default case#540])>+1: {"op": "Swap". "type": "num". "a": 1. "b". 0}')
debug_merge_point(0, 0, '214<main.rpyeffect:206([switch default case#540])>+2: {"op": "Switch". "scrutinee": 2. "values": [0]. "targets": [212]. "default": 213}')
debug_merge_point(0, 0, '212<main.rpyeffect:204([switch case for 0#541])>+0: {"op": "Const". "type": "num". "out": 2. "value": 0}')
debug_merge_point(0, 0, '212<main.rpyeffect:204([switch case for 0#541])>+1: {"op": "Const". "type": "ptr". "out": 0. "format": "string". "value": "Name(Emit_0)"}')
debug_merge_point(0, 0, '212<main.rpyeffect:204([switch case for 0#541])>+2: {"op": "PrimOp". "name": "getGlobal(String): Ptr". "out": {"num": []. "ptr": [0]}. "in": {"num": []. "ptr": [0]}}')
debug_merge_point(0, 0, '212<main.rpyeffect:204([switch case for 0#541])>+3: {"op": "GetDynamic". "out": 0. "n": 2. "label": 0}')
+856: guard_nonnull(p4, descr=<Guard0x1203f5320>) [p2, i7, i9, i11, i13, i15, i17, i19, i21, i23, i25, i27, i29, i31, i33, i35, i37, p40, p42, p44, p46, p48, p50, p52, p54, p56, p58, p60, p62, p64, p66, p68, p70, p0, p1, p3, p4]
+872: i75 = instance_ptr_eq(p0, ConstPtr(ptr74))
guard_true(i75, descr=<Guard0x120442320>) [p2, i7, i9, i11, i13, i15, i17, i19, i21, i23, i25, i27, i29, i31, i33, i35, i37, p40, p42, p44, p46, p48, p50, p52, p54, p56, p58, p60, p62, p64, p66, p68, p70, p0, p1, p3, p4]
debug_merge_point(0, 0, '212<main.rpyeffect:204([switch case for 0#541])>+4: {"op": "Push". "target": 211. "args": {"num": [0. 1]. "ptr": []}}')
debug_merge_point(0, 0, '212<main.rpyeffect:204([switch case for 0#541])>+5: {"op": "Copy". "type": "num". "from": 1. "to". 0}')
debug_merge_point(0, 0, '212<main.rpyeffect:204([switch case for 0#541])>+6: {"op": "Invoke". "receiver": 0. "tag": Interned(%Emit_0(n):p). "args" : {"num": [0]. "ptr": []}}')
+884: p76 = getfield_gc_r(p4, descr=<FieldP rpyeffect.stored_environment.CoData__arb_arb.inst_vtable 24 pure>)
+896: guard_value(p76, ConstPtr(ptr77), descr=<Guard0x1204422e0>) [p2, i7, i9, i11, i13, i15, i17, i19, i21, i23, i25, i27, i29, i31, i33, i35, i37, p40, p42, p44, p46, p48, p50, p52, p54, p56, p58, p60, p62, p64, p66, p68, p70, p0, p1, p3, p4]
debug_merge_point(0, 0, '296<main.rpyeffect:288([method_%Emit_0(n):p@[mcore:[#46]#810]#812])>+0: {"op": "Const". "type": "num". "out": 1. "value": 0}')
debug_merge_point(0, 0, '296<main.rpyeffect:288([method_%Emit_0(n):p@[mcore:[#46]#810]#812])>+1: {"op": "Const". "type": "ptr". "out": 0. "format": "string". "value": "Name(Emit_0)"}')
debug_merge_point(0, 0, '296<main.rpyeffect:288([method_%Emit_0(n):p@[mcore:[#46]#810]#812])>+2: {"op": "PrimOp". "name": "getGlobal(String): Ptr". "out": {"num": []. "ptr": [0]}. "in": {"num": []. "ptr": [0]}}')
debug_merge_point(0, 0, '296<main.rpyeffect:288([method_%Emit_0(n):p@[mcore:[#46]#810]#812])>+3: {"op": "ShiftDyn". "out": 0. "n": 1. "label": 0}')
+904: guard_nonnull_class(p3, ConstClass(MetaStackWithBinding), descr=<Guard0x1204167b0>) [p2, i7, i9, i11, i13, i15, i17, i19, i21, i23, i25, i27, i29, i31, i33, i35, i37, p40, p42, p44, p46, p48, p50, p52, p54, p56, p58, p60, p62, p64, p66, p68, p70, p0, p1, p3, p4]
+932: p79 = getfield_gc_r(p3, descr=<FieldP rpyeffect.stack.MetaStackLike.inst_stack 8 pure>)
+936: p80 = getfield_gc_r(p3, descr=<FieldP rpyeffect.stack.MetaStack.inst_label 16 pure>)
+940: p81 = getfield_gc_r(p3, descr=<FieldP rpyeffect.stack.MetaStackWithBinding.inst_binding 40 pure>)
+944: p82 = getfield_gc_r(p3, descr=<FieldP rpyeffect.stack.MetaStack.inst_tail 32 pure>)
+948: guard_nonnull(p79, descr=<Guard0x1204422a0>) [p2, i7, i9, i11, i13, i15, i17, i19, i21, i23, i25, i27, i29, i31, i33, i35, i37, p40, p42, p44, p46, p48, p50, p52, p54, p56, p58, p60, p62, p64, p66, p68, p70, p0, p1, p3, p4]
+956: i83 = getfield_gc_i(p79, descr=<FieldS rpyeffect.stored_environment.Stack__arb_arb.inst_target 16 pure>)
+960: guard_value(i83, 288, descr=<Guard0x120442260>) [p2, i7, i9, i11, i13, i15, i17, i19, i21, i23, i25, i27, i29, i31, i33, i35, i37, p40, p42, p44, p46, p48, p50, p52, p54, p56, p58, p60, p62, p64, p66, p68, p70, p0, p1, p3, p4]
debug_merge_point(0, 0, '296<main.rpyeffect:288([method_%Emit_0(n):p@[mcore:[#46]#810]#812])>+4: {"op": "Const". "type": "num". "out": 1. "value": 0}')
debug_merge_point(0, 0, '296<main.rpyeffect:288([method_%Emit_0(n):p@[mcore:[#46]#810]#812])>+5: {"op": "Const". "type": "ptr". "out": 1. "format": "string". "value": "Name(Get_1)"}')
debug_merge_point(0, 0, '296<main.rpyeffect:288([method_%Emit_0(n):p@[mcore:[#46]#810]#812])>+6: {"op": "PrimOp". "name": "getGlobal(String): Ptr". "out": {"num": []. "ptr": [1]}. "in": {"num": []. "ptr": [1]}}')
debug_merge_point(0, 0, '296<main.rpyeffect:288([method_%Emit_0(n):p@[mcore:[#46]#810]#812])>+7: {"op": "GetDynamic". "out": 1. "n": 1. "label": 1}')
+972: guard_nonnull(p81, descr=<Guard0x120442220>) [p2, i7, i9, i11, i13, i15, i17, i19, i21, i23, i25, i27, i29, i31, i33, i35, i37, p40, p42, p44, p46, p48, p50, p52, p54, p56, p58, p60, p62, p64, p66, p68, p70, p0, p1, p3, p4]
+984: i86 = instance_ptr_eq(p80, ConstPtr(ptr85))
guard_false(i86, descr=<Guard0x1204421e0>) [p2, i7, i9, i11, i13, i15, i17, i19, i21, i23, i25, i27, i29, i31, i33, i35, i37, p40, p42, p44, p46, p48, p50, p52, p54, p56, p58, p60, p62, p64, p66, p68, p70, p0, p1, p3, p4]
+992: guard_nonnull_class(p82, ConstClass(MetaStackWithBinding), descr=<Guard0x120416758>) [p2, i7, i9, i11, i13, i15, i17, i19, i21, i23, i25, i27, i29, i31, i33, i35, i37, p40, p42, p44, p46, p48, p50, p52, p54, p56, p58, p60, p62, p64, p66, p68, p70, p0, p1, p3, p4]
+1016: p88 = getfield_gc_r(p82, descr=<FieldP rpyeffect.stack.MetaStack.inst_label 16 pure>)
+1020: i90 = instance_ptr_eq(p88, ConstPtr(ptr89))
guard_true(i90, descr=<Guard0x1204421a0>) [p2, i7, i9, i11, i13, i15, i17, i19, i21, i23, i25, i27, i29, i31, i33, i35, i37, p40, p42, p44, p46, p48, p50, p52, p54, p56, p58, p60, p62, p64, p66, p68, p70, p0, p1, p3, p4]
+1028: p91 = getfield_gc_r(p82, descr=<FieldP rpyeffect.stack.MetaStackWithBinding.inst_binding 40 pure>)
debug_merge_point(0, 0, '296<main.rpyeffect:288([method_%Emit_0(n):p@[mcore:[#46]#810]#812])>+8: {"op": "Construct". "out": 2. "type": Interned({"op": "eff$Tuple". "elements": []}). "tag": Interned({"op": "eff$Tuple". "elements": []}). "args": {"num": []. "ptr": []}}')
debug_merge_point(0, 0, '296<main.rpyeffect:288([method_%Emit_0(n):p@[mcore:[#46]#810]#812])>+9: {"op": "Push". "target": 295. "args": {"num": [0]. "ptr": [0]}}')
debug_merge_point(0, 0, '296<main.rpyeffect:288([method_%Emit_0(n):p@[mcore:[#46]#810]#812])>+10: {"op": "Copy". "type": "ptr". "from": 2. "to". 0}')
debug_merge_point(0, 0, '296<main.rpyeffect:288([method_%Emit_0(n):p@[mcore:[#46]#810]#812])>+11: {"op": "Invoke". "receiver": 1. "tag": Interned(%Get_1(p):n). "args" : {"num": []. "ptr": [0]}}')
+1032: p92 = getfield_gc_r(p91, descr=<FieldP rpyeffect.stored_environment.CoData__arb_arb.inst_vtable 24 pure>)
+1040: guard_value(p92, ConstPtr(ptr93), descr=<Guard0x120442160>) [p2, i7, i9, i11, i13, i15, i17, i19, i21, i23, i25, i27, i29, i31, i33, i35, i37, p40, p42, p44, p46, p48, p50, p52, p54, p56, p58, p60, p62, p64, p66, p68, p70, p0, p1, p3, p4]
+1048: p94 = getfield_gc_r(p91, descr=<FieldP rpyeffect.stored_environment.CoData__0_1.inst_values_ptr_0 32 pure>)
debug_merge_point(0, 0, '254<main.rpyeffect:246([method_%Get_1(p):n@[mcore:[#39]#608]#642])>+0: {"op": "Const". "type": "num". "out": 0. "value": 0}')
debug_merge_point(0, 0, '254<main.rpyeffect:246([method_%Get_1(p):n@[mcore:[#39]#608]#642])>+1: {"op": "ShiftDyn". "out": 1. "n": 0. "label": 1}')
+1052: i95 = instance_ptr_eq(p80, p94)
guard_false(i95, descr=<Guard0x120442120>) [p2, i7, i9, i11, i13, i15, i17, i19, i21, i23, i25, i27, i29, i31, i33, i35, i37, p40, p42, p44, p46, p48, p50, p52, p54, p56, p58, p60, p62, p64, p66, p68, p70, p0, p1, p3, p4]
+1060: p96 = getfield_gc_r(p82, descr=<FieldP rpyeffect.stack.MetaStack.inst_region 24 pure>)
+1064: guard_isnull(p96, descr=<Guard0x1204420e0>) [p2, i7, i9, i11, i13, i15, i17, i19, i21, i23, i25, i27, i29, i31, i33, i35, i37, p40, p42, p44, p46, p48, p50, p52, p54, p56, p58, p60, p62, p64, p66, p68, p70, p0, p1, p3, p4]
+1072: i97 = instance_ptr_eq(p88, p94)
guard_false(i97, descr=<Guard0x1204420a0>) [p2, i7, i9, i11, i13, i15, i17, i19, i21, i23, i25, i27, i29, i31, i33, i35, i37, p40, p42, p44, p46, p48, p50, p52, p54, p56, p58, p60, p62, p64, p66, p68, p70, p0, p1, p3, p4]
+1080: p98 = getfield_gc_r(p82, descr=<FieldP rpyeffect.stack.MetaStack.inst_tail 32 pure>)
+1084: p99 = getfield_gc_r(p98, descr=<FieldP rpyeffect.stack.MetaStack.inst_region 24 pure>)
+1088: guard_isnull(p99, descr=<Guard0x120442060>) [p2, i7, i9, i11, i13, i15, i17, i19, i21, i23, i25, i27, i29, i31, i33, i35, i37, p40, p42, p44, p46, p48, p50, p52, p54, p56, p58, p60, p62, p64, p66, p68, p70, p0, p1, p3, p4]
+1096: p100 = getfield_gc_r(p98, descr=<FieldP rpyeffect.stack.MetaStack.inst_label 16 pure>)
+1100: i101 = instance_ptr_eq(p100, p94)
guard_true(i101, descr=<Guard0x120442020>) [p2, i7, i9, i11, i13, i15, i17, i19, i21, i23, i25, i27, i29, i31, i33, i35, i37, p40, p42, p44, p46, p48, p50, p52, p54, p56, p58, p60, p62, p64, p66, p68, p70, p0, p1, p3, p4]
+1108: p102 = getfield_gc_r(p98, descr=<FieldP rpyeffect.stack.MetaStackLike.inst_stack 8 pure>)
+1112: guard_class(p98, 4381732544, descr=<Guard0x1203f5fa0>) [p2, i7, i9, i11, i13, i15, i17, i19, i21, i23, i25, i27, i29, i31, i33, i35, i37, p40, p42, p44, p46, p48, p50, p52, p54, p56, p58, p60, p62, p64, p66, p68, p70, p0, p1, p3, p4]
+1128: p104 = getfield_gc_r(p98, descr=<FieldP rpyeffect.stack.MetaStack.inst_tail 32 pure>)
+1132: p105 = getfield_gc_r(p82, descr=<FieldP rpyeffect.stack.MetaStackLike.inst_stack 8 pure>)
+1136: guard_nonnull_class(p104, 4381732544, descr=<Guard0x120416700>) [p2, i7, i9, i11, i13, i15, i17, i19, i21, i23, i25, i27, i29, i31, i33, i35, i37, p40, p42, p44, p46, p48, p50, p52, p54, p56, p58, p60, p62, p64, p66, p68, p70, p0, p1, p3, p4]
+1160: p107 = getfield_gc_r(p104, descr=<FieldP rpyeffect.stack.MetaStackLike.inst_stack 8 pure>)
+1164: p108 = getfield_gc_r(p104, descr=<FieldP rpyeffect.stack.MetaStack.inst_label 16 pure>)
+1168: p109 = getfield_gc_r(p104, descr=<FieldP rpyeffect.stack.MetaStack.inst_tail 32 pure>)
+1172: guard_nonnull(p107, descr=<Guard0x1203f5f60>) [p2, i7, i9, i11, i13, i15, i17, i19, i21, i23, i25, i27, i29, i31, i33, i35, i37, p40, p42, p44, p46, p48, p50, p52, p54, p56, p58, p60, p62, p64, p66, p68, p70, p0, p1, p3, p4]
+1180: i110 = getfield_gc_i(p107, descr=<FieldS rpyeffect.stored_environment.Stack__arb_arb.inst_target 16 pure>)
+1188: guard_value(i110, 231, descr=<Guard0x1203f5f20>) [p2, i7, i9, i11, i13, i15, i17, i19, i21, i23, i25, i27, i29, i31, i33, i35, i37, p40, p42, p44, p46, p48, p50, p52, p54, p56, p58, p60, p62, p64, p66, p68, p70, p0, p1, p3, p4]
debug_merge_point(0, 0, '254<main.rpyeffect:246([method_%Get_1(p):n@[mcore:[#39]#608]#642])>+2: {"op": "Swap". "type": "ptr". "a": 0. "b". 1}')
debug_merge_point(0, 0, '254<main.rpyeffect:246([method_%Get_1(p):n@[mcore:[#39]#608]#642])>+3: {"op": "Match". "type": Interned({"op": "eff$Tuple". "elements": []}). "scrutinee": 1. "clauses": [{"tag": Interned({"op": "eff$Tuple". "elements": []}). "target": 253. "args": {"num": []. "ptr": []}}]. "default": {"tag": Interned(48550592-4870-48dc-8857-befbf465e002#[Missing Tag#1088]). "target": 244. "args": {"num": []. "ptr": []}}}')
debug_merge_point(0, 0, '253<main.rpyeffect:245([#651])>+0: {"op": "New". "out": 0. "targets": [246. 248. 250. 252]. "args": {"num": []. "ptr": [0]}}')
debug_merge_point(0, 0, '253<main.rpyeffect:245([#651])>+1: {"op": "Return". "args": {"num": []. "ptr": [0]}}')
+1200: i112 = getfield_gc_i(p107, descr=<FieldS rpyeffect.stored_environment.Stack__1_0.inst_values_num_0 40 pure>)
+1204: p113 = getfield_gc_r(p107, descr=<FieldP rpyeffect.stored_environment.Stack__arb_arb.inst_tail 8 pure>)
+1208: guard_nonnull(p113, descr=<Guard0x1203f5ee0>) [p2, i7, i9, i11, i13, i15, i17, i19, i21, i23, i25, i27, i29, i31, i33, i35, i37, p40, p42, p44, p46, p48, p50, p52, p54, p56, p58, p60, p62, p64, p66, p68, p70, p0, p1, p3, p4]
+1216: i114 = getfield_gc_i(p113, descr=<FieldS rpyeffect.stored_environment.Stack__arb_arb.inst_target 16 pure>)
+1224: guard_value(i114, 1, descr=<Guard0x1203f5ea0>) [p2, i7, i9, i11, i13, i15, i17, i19, i21, i23, i25, i27, i29, i31, i33, i35, i37, p40, p42, p44, p46, p48, p50, p52, p54, p56, p58, p60, p62, p64, p66, p68, p70, p0, p1, p3, p4]
debug_merge_point(0, 0, '231<main.rpyeffect:223([k@[mcore:[#36]#602]#606])>+0: {"op": "Invoke". "receiver": 0. "tag": Interned(%apply(n):n). "args" : {"num": [0]. "ptr": []}}')
debug_merge_point(0, 0, '246<main.rpyeffect:238([method_%apply(n):n@[#651]#655])>+0: {"op": "Jump". "target": 229}')
debug_merge_point(0, 0, '229<main.rpyeffect:221([mcore:[#32]#599])>+0: {"op": "Push". "target": 228. "args": {"num": [0]. "ptr": []}}')
debug_merge_point(0, 0, '229<main.rpyeffect:221([mcore:[#32]#599])>+1: {"op": "Jump". "target": 227}')
debug_merge_point(0, 0, '227<main.rpyeffect:219(Name(k_72))>+0: {"op": "PushStack". "arg": 0}')
debug_merge_point(0, 0, '227<main.rpyeffect:219(Name(k_72))>+1: {"op": "Return". "args": {"num": [0]. "ptr": []}}')
debug_merge_point(0, 0, '295<main.rpyeffect:287([#830])>+0: {"op": "Push". "target": 294. "args": {"num": [1]. "ptr": [0]}}')
debug_merge_point(0, 0, '295<main.rpyeffect:287([#830])>+1: {"op": "Jump". "target": 143}')
debug_merge_point(0, 0, '143<main.rpyeffect:135(Name(+_27))>+0: {"op": "New". "out": 0. "targets": [136. 138. 140. 142]. "args": {"num": [0]. "ptr": []}}')
debug_merge_point(0, 0, '143<main.rpyeffect:135(Name(+_27))>+1: {"op": "Return". "args": {"num": []. "ptr": [0]}}')
debug_merge_point(0, 0, '294<main.rpyeffect:286([k@[#830]#832])>+0: {"op": "Push". "target": 293. "args": {"num": []. "ptr": [1]}}')
debug_merge_point(0, 0, '294<main.rpyeffect:286([k@[#830]#832])>+1: {"op": "Invoke". "receiver": 0. "tag": Interned(%apply(n):n). "args" : {"num": [0]. "ptr": []}}')
debug_merge_point(0, 0, '136<main.rpyeffect:128([method_%apply(n):n@Name(+_27)#347])>+0: {"op": "Jump". "target": 134}')
debug_merge_point(0, 0, '134<main.rpyeffect:126([mcore:[#20]#343])>+0: {"op": "PrimOp". "name": "infixAdd(Int. Int): Int". "out": {"num": [0]. "ptr": []}. "in": {"num": [1. 0]. "ptr": []}}')
+1236: i116 = int_add(i112, i9)
debug_merge_point(0, 0, '134<main.rpyeffect:126([mcore:[#20]#343])>+1: {"op": "Return". "args": {"num": [0]. "ptr": []}}')
debug_merge_point(0, 0, '293<main.rpyeffect:285([k@[k@[#830]#832]#834])>+0: {"op": "Const". "type": "num". "out": 1. "value": 0}')
debug_merge_point(0, 0, '293<main.rpyeffect:285([k@[k@[#830]#832]#834])>+1: {"op": "Const". "type": "ptr". "out": 1. "format": "string". "value": "Name(Set_2)"}')
debug_merge_point(0, 0, '293<main.rpyeffect:285([k@[k@[#830]#832]#834])>+2: {"op": "PrimOp". "name": "getGlobal(String): Ptr". "out": {"num": []. "ptr": [1]}. "in": {"num": []. "ptr": [1]}}')
debug_merge_point(0, 0, '293<main.rpyeffect:285([k@[k@[#830]#832]#834])>+3: {"op": "GetDynamic". "out": 1. "n": 1. "label": 1}')
+1244: i118 = instance_ptr_eq(p80, ConstPtr(ptr117))
guard_true(i118, descr=<Guard0x1203f5e60>) [p2, i7, i9, i11, i13, i15, i17, i19, i21, i23, i25, i27, i29, i31, i33, i35, i37, p40, p42, p44, p46, p48, p50, p52, p54, p56, p58, p60, p62, p64, p66, p68, p70, p0, p1, p3, p4]
debug_merge_point(0, 0, '293<main.rpyeffect:285([k@[k@[#830]#832]#834])>+4: {"op": "Push". "target": 292. "args": {"num": []. "ptr": [0]}}')
debug_merge_point(0, 0, '293<main.rpyeffect:285([k@[k@[#830]#832]#834])>+5: {"op": "Invoke". "receiver": 1. "tag": Interned(%Set_2(n):p). "args" : {"num": [0]. "ptr": []}}')
+1252: p119 = getfield_gc_r(p81, descr=<FieldP rpyeffect.stored_environment.CoData__arb_arb.inst_vtable 24 pure>)
+1264: guard_value(p119, ConstPtr(ptr120), descr=<Guard0x1203f5e20>) [p2, i7, i9, i11, i13, i15, i17, i19, i21, i23, i25, i27, i29, i31, i33, i35, i37, p40, p42, p44, p46, p48, p50, p52, p54, p56, p58, p60, p62, p64, p66, p68, p70, p0, p1, p3, p4]
+1272: p121 = getfield_gc_r(p81, descr=<FieldP rpyeffect.stored_environment.CoData__0_1.inst_values_ptr_0 32 pure>)
debug_merge_point(0, 0, '277<main.rpyeffect:269([method_%Set_2(n):p@[mcore:[#39]#608]#725])>+0: {"op": "Const". "type": "num". "out": 1. "value": 0}')
debug_merge_point(0, 0, '277<main.rpyeffect:269([method_%Set_2(n):p@[mcore:[#39]#608]#725])>+1: {"op": "ShiftDyn". "out": 0. "n": 1. "label": 0}')
+1276: i122 = instance_ptr_eq(p80, p121)
guard_false(i122, descr=<Guard0x1203f5de0>) [p2, i7, i9, i11, i13, i15, i17, i19, i21, i23, i25, i27, i29, i31, i33, i35, i37, p40, p42, p44, p46, p48, p50, p52, p54, p56, p58, p60, p62, p64, p66, p68, p70, p0, p1, p3, p4]
+1284: i123 = instance_ptr_eq(p88, p121)
guard_false(i123, descr=<Guard0x1203f5da0>) [p2, i7, i9, i11, i13, i15, i17, i19, i21, i23, i25, i27, i29, i31, i33, i35, i37, p40, p42, p44, p46, p48, p50, p52, p54, p56, p58, p60, p62, p64, p66, p68, p70, p0, p1, p3, p4]
+1292: i124 = instance_ptr_eq(p100, p121)
guard_true(i124, descr=<Guard0x1203f5d60>) [p2, i7, i9, i11, i13, i15, i17, i19, i21, i23, i25, i27, i29, i31, i33, i35, i37, p40, p42, p44, p46, p48, p50, p52, p54, p56, p58, p60, p62, p64, p66, p68, p70, p0, p1, p3, p4]
debug_merge_point(0, 0, '277<main.rpyeffect:269([method_%Set_2(n):p@[mcore:[#39]#608]#725])>+2: {"op": "New". "out": 0. "targets": [270. 272. 274. 276]. "args": {"num": [0]. "ptr": [0]}}')
debug_merge_point(0, 0, '277<main.rpyeffect:269([method_%Set_2(n):p@[mcore:[#39]#608]#725])>+3: {"op": "Return". "args": {"num": []. "ptr": [0]}}')
debug_merge_point(0, 0, '228<main.rpyeffect:220([k@[mcore:[#32]#599]#601])>+0: {"op": "Invoke". "receiver": 0. "tag": Interned(%apply(n):n). "args" : {"num": [0]. "ptr": []}}')
debug_merge_point(0, 0, '270<main.rpyeffect:262([#734])>+0: {"op": "Jump". "target": 232}')
debug_merge_point(0, 0, '232<main.rpyeffect:224([mcore:[#36]#602])>+0: {"op": "Construct". "out": 1. "type": Interned({"op": "eff$Tuple". "elements": []}). "tag": Interned({"op": "eff$Tuple". "elements": []}). "args": {"num": []. "ptr": []}}')
debug_merge_point(0, 0, '232<main.rpyeffect:224([mcore:[#36]#602])>+1: {"op": "Push". "target": 231. "args": {"num": [1]. "ptr": []}}')
debug_merge_point(0, 0, '232<main.rpyeffect:224([mcore:[#36]#602])>+2: {"op": "Swap". "type": "ptr". "a": 0. "b". 1}')
debug_merge_point(0, 0, '232<main.rpyeffect:224([mcore:[#36]#602])>+3: {"op": "Jump". "target": 230}')
debug_merge_point(0, 0, '230<main.rpyeffect:222(Name(k_76))>+0: {"op": "PushStack". "arg": 1}')
debug_merge_point(0, 0, '230<main.rpyeffect:222(Name(k_76))>+1: {"op": "Return". "args": {"num": []. "ptr": [0]}}')
debug_merge_point(0, 0, '292<main.rpyeffect:284([k@[k@[k@[#830]#832]#834]#842])>+0: {"op": "Construct". "out": 0. "type": Interned({"op": "eff$Tuple". "elements": []}). "tag": Interned({"op": "eff$Tuple". "elements": []}). "args": {"num": []. "ptr": []}}')
debug_merge_point(0, 0, '292<main.rpyeffect:284([k@[k@[k@[#830]#832]#834]#842])>+1: {"op": "Jump". "target": 290}')
debug_merge_point(0, 0, '290<main.rpyeffect:282(Name(k_82))>+0: {"op": "PushStack". "arg": 1}')
debug_merge_point(0, 0, '290<main.rpyeffect:282(Name(k_82))>+1: {"op": "Return". "args": {"num": []. "ptr": [0]}}')
debug_merge_point(0, 0, '211<main.rpyeffect:203([k@[switch case for 0#541]#549])>+0: {"op": "Push". "target": 210. "args": {"num": [0]. "ptr": []}}')
debug_merge_point(0, 0, '211<main.rpyeffect:203([k@[switch case for 0#541]#549])>+1: {"op": "Copy". "type": "num". "from": 1. "to". 0}')
debug_merge_point(0, 0, '211<main.rpyeffect:203([k@[switch case for 0#541]#549])>+2: {"op": "Jump". "target": 143}')
debug_merge_point(0, 0, '143<main.rpyeffect:135(Name(+_27))>+0: {"op": "New". "out": 0. "targets": [136. 138. 140. 142]. "args": {"num": [0]. "ptr": []}}')
debug_merge_point(0, 0, '143<main.rpyeffect:135(Name(+_27))>+1: {"op": "Return". "args": {"num": []. "ptr": [0]}}')
debug_merge_point(0, 0, '210<main.rpyeffect:202([k@[k@[switch case for 0#541]#549]#551])>+0: {"op": "Const". "type": "num". "out": 1. "value": 1}')
debug_merge_point(0, 0, '210<main.rpyeffect:202([k@[k@[switch case for 0#541]#549]#551])>+1: {"op": "Push". "target": 209. "args": {"num": [0]. "ptr": []}}')
debug_merge_point(0, 0, '210<main.rpyeffect:202([k@[k@[switch case for 0#541]#549]#551])>+2: {"op": "Copy". "type": "num". "from": 1. "to". 0}')
debug_merge_point(0, 0, '210<main.rpyeffect:202([k@[k@[switch case for 0#541]#549]#551])>+3: {"op": "Invoke". "receiver": 0. "tag": Interned(%apply(n):n). "args" : {"num": [0]. "ptr": []}}')
debug_merge_point(0, 0, '136<main.rpyeffect:128([method_%apply(n):n@Name(+_27)#347])>+0: {"op": "Jump". "target": 134}')
debug_merge_point(0, 0, '134<main.rpyeffect:126([mcore:[#20]#343])>+0: {"op": "PrimOp". "name": "infixAdd(Int. Int): Int". "out": {"num": [0]. "ptr": []}. "in": {"num": [1. 0]. "ptr": []}}')
+1300: i126 = int_add(i9, 1)
debug_merge_point(0, 0, '134<main.rpyeffect:126([mcore:[#20]#343])>+1: {"op": "Return". "args": {"num": [0]. "ptr": []}}')
debug_merge_point(0, 0, '209<main.rpyeffect:201([#555])>+0: {"op": "Const". "type": "ptr". "out": 0. "format": "string". "value": "Name(Emit_0)"}')
debug_merge_point(0, 0, '209<main.rpyeffect:201([#555])>+1: {"op": "PrimOp". "name": "getGlobal(String): Ptr". "out": {"num": []. "ptr": [0]}. "in": {"num": []. "ptr": [0]}}')
debug_merge_point(0, 0, '209<main.rpyeffect:201([#555])>+2: {"op": "Push". "target": 208. "args": {"num": [1]. "ptr": []}}')
debug_merge_point(0, 0, '209<main.rpyeffect:201([#555])>+3: {"op": "Jump". "target": 226}')
debug_merge_point(0, 0, '226<main.rpyeffect:218(Name(range_48))>+0: {"op": "New". "out": 0. "targets": [219. 221. 223. 225]. "args": {"num": [0]. "ptr": []}}')
debug_merge_point(0, 0, '226<main.rpyeffect:218(Name(range_48))>+1: {"op": "Return". "args": {"num": []. "ptr": [0]}}')
debug_merge_point(0, 0, '208<main.rpyeffect:200([k@[#555]#560])>+0: {"op": "Invoke". "receiver": 0. "tag": Interned(%apply(n):p). "args" : {"num": [0]. "ptr": []}}')
debug_merge_point(0, 0, '219<main.rpyeffect:211([method_%apply(n):p@Name(range_48)#567])>+0: {"op": "Const". "type": "ptr". "out": 0. "format": "string". "value": "Name(Emit_0)"}')
debug_merge_point(0, 0, '219<main.rpyeffect:211([method_%apply(n):p@Name(range_48)#567])>+1: {"op": "PrimOp". "name": "getGlobal(String): Ptr". "out": {"num": []. "ptr": [0]}. "in": {"num": []. "ptr": [0]}}')
debug_merge_point(0, 0, '219<main.rpyeffect:211([method_%apply(n):p@Name(range_48)#567])>+2: {"op": "Jump". "target": 217}')
debug_merge_point(0, 0, '217<main.rpyeffect:209([mcore:[#30]#533])>+0: {"op": "Push". "target": 216. "args": {"num": [0. 1]. "ptr": []}}')
+1304: label(p0, p1, p2, p79, p80, p105, p88, p102, p100, p113, i116, p108, p109, p91, p81, p4, i7, i126, i13, i15, i17, i19, i21, i23, i25, i27, i29, i31, i33, i35, i37, i9, p46, p48, p50, p52, p54, p56, p58, p60, p62, p64, p66, p68, p70, p121, p94, descr=TargetToken(4835956944))
debug_merge_point(0, 0, '217<main.rpyeffect:209([mcore:[#30]#533])>+0: {"op": "Push". "target": 216. "args": {"num": [0. 1]. "ptr": []}}')
+1328: guard_not_invalidated(descr=<Guard0x1204166a8>) [p2, i7, i126, i13, i15, i17, i19, i21, i23, i25, i27, i29, i31, i33, i35, i37, p46, p48, p50, p52, p54, p56, p58, p60, p62, p64, p66, p68, p70, p0, p1, p4, i116, p113, p109, p108, p100, p102, p91, p88, p105, p81, p80, p79, i9]
debug_merge_point(0, 0, '217<main.rpyeffect:209([mcore:[#30]#533])>+1: {"op": "Copy". "type": "num". "from": 1. "to". 0}')
debug_merge_point(0, 0, '217<main.rpyeffect:209([mcore:[#30]#533])>+2: {"op": "Jump". "target": 37}')
debug_merge_point(0, 0, '37<main.rpyeffect:29(Name(>_2))>+0: {"op": "New". "out": 0. "targets": [30. 32. 34. 36]. "args": {"num": [0]. "ptr": []}}')
debug_merge_point(0, 0, '37<main.rpyeffect:29(Name(>_2))>+1: {"op": "Return". "args": {"num": []. "ptr": [0]}}')
debug_merge_point(0, 0, '216<main.rpyeffect:208([k@[mcore:[#30]#533]#535])>+0: {"op": "Push". "target": 215. "args": {"num": [0. 1]. "ptr": []}}')
debug_merge_point(0, 0, '216<main.rpyeffect:208([k@[mcore:[#30]#533]#535])>+1: {"op": "Invoke". "receiver": 0. "tag": Interned(%apply(n):n). "args" : {"num": [0]. "ptr": []}}')
debug_merge_point(0, 0, '30<main.rpyeffect:22([method_%apply(n):n@Name(>_2)#67])>+0: {"op": "Jump". "target": 28}')
debug_merge_point(0, 0, '28<main.rpyeffect:20([mcore:[#11]#63])>+0: {"op": "PrimOp". "name": "infixGt(Int. Int): Boolean". "out": {"num": [0]. "ptr": []}. "in": {"num": [1. 0]. "ptr": []}}')
+1332: i127 = int_gt(i126, i7)
guard_false(i127, descr=<Guard0x1203f5d20>) [p2, i7, i126, i13, i15, i17, i19, i21, i23, i25, i27, i29, i31, i33, i35, i37, p46, p48, p50, p52, p54, p56, p58, p60, p62, p64, p66, p68, p70, p0, p1, p4, i116, p113, p109, p108, p100, p102, p91, p88, p105, p81, p80, p79, i9]
debug_merge_point(0, 0, '28<main.rpyeffect:20([mcore:[#11]#63])>+1: {"op": "Return". "args": {"num": [0]. "ptr": []}}')
debug_merge_point(0, 0, '215<main.rpyeffect:207([k@[k@[mcore:[#30]#533]#535]#537])>+0: {"op": "Switch". "scrutinee": 0. "values": [1]. "targets": [207]. "default": 214}')
debug_merge_point(0, 0, '214<main.rpyeffect:206([switch default case#540])>+0: {"op": "Swap". "type": "num". "a": 2. "b". 0}')
debug_merge_point(0, 0, '214<main.rpyeffect:206([switch default case#540])>+1: {"op": "Swap". "type": "num". "a": 1. "b". 0}')
debug_merge_point(0, 0, '214<main.rpyeffect:206([switch default case#540])>+2: {"op": "Switch". "scrutinee": 2. "values": [0]. "targets": [212]. "default": 213}')
debug_merge_point(0, 0, '212<main.rpyeffect:204([switch case for 0#541])>+0: {"op": "Const". "type": "num". "out": 2. "value": 0}')
debug_merge_point(0, 0, '212<main.rpyeffect:204([switch case for 0#541])>+1: {"op": "Const". "type": "ptr". "out": 0. "format": "string". "value": "Name(Emit_0)"}')
debug_merge_point(0, 0, '212<main.rpyeffect:204([switch case for 0#541])>+2: {"op": "PrimOp". "name": "getGlobal(String): Ptr". "out": {"num": []. "ptr": [0]}. "in": {"num": []. "ptr": [0]}}')
debug_merge_point(0, 0, '212<main.rpyeffect:204([switch case for 0#541])>+3: {"op": "GetDynamic". "out": 0. "n": 2. "label": 0}')
debug_merge_point(0, 0, '212<main.rpyeffect:204([switch case for 0#541])>+4: {"op": "Push". "target": 211. "args": {"num": [0. 1]. "ptr": []}}')
debug_merge_point(0, 0, '212<main.rpyeffect:204([switch case for 0#541])>+5: {"op": "Copy". "type": "num". "from": 1. "to". 0}')
debug_merge_point(0, 0, '212<main.rpyeffect:204([switch case for 0#541])>+6: {"op": "Invoke". "receiver": 0. "tag": Interned(%Emit_0(n):p). "args" : {"num": [0]. "ptr": []}}')
debug_merge_point(0, 0, '296<main.rpyeffect:288([method_%Emit_0(n):p@[mcore:[#46]#810]#812])>+0: {"op": "Const". "type": "num". "out": 1. "value": 0}')
debug_merge_point(0, 0, '296<main.rpyeffect:288([method_%Emit_0(n):p@[mcore:[#46]#810]#812])>+1: {"op": "Const". "type": "ptr". "out": 0. "format": "string". "value": "Name(Emit_0)"}')
debug_merge_point(0, 0, '296<main.rpyeffect:288([method_%Emit_0(n):p@[mcore:[#46]#810]#812])>+2: {"op": "PrimOp". "name": "getGlobal(String): Ptr". "out": {"num": []. "ptr": [0]}. "in": {"num": []. "ptr": [0]}}')
debug_merge_point(0, 0, '296<main.rpyeffect:288([method_%Emit_0(n):p@[mcore:[#46]#810]#812])>+3: {"op": "ShiftDyn". "out": 0. "n": 1. "label": 0}')
debug_merge_point(0, 0, '296<main.rpyeffect:288([method_%Emit_0(n):p@[mcore:[#46]#810]#812])>+4: {"op": "Const". "type": "num". "out": 1. "value": 0}')
debug_merge_point(0, 0, '296<main.rpyeffect:288([method_%Emit_0(n):p@[mcore:[#46]#810]#812])>+5: {"op": "Const". "type": "ptr". "out": 1. "format": "string". "value": "Name(Get_1)"}')
debug_merge_point(0, 0, '296<main.rpyeffect:288([method_%Emit_0(n):p@[mcore:[#46]#810]#812])>+6: {"op": "PrimOp". "name": "getGlobal(String): Ptr". "out": {"num": []. "ptr": [1]}. "in": {"num": []. "ptr": [1]}}')
debug_merge_point(0, 0, '296<main.rpyeffect:288([method_%Emit_0(n):p@[mcore:[#46]#810]#812])>+7: {"op": "GetDynamic". "out": 1. "n": 1. "label": 1}')
debug_merge_point(0, 0, '296<main.rpyeffect:288([method_%Emit_0(n):p@[mcore:[#46]#810]#812])>+8: {"op": "Construct". "out": 2. "type": Interned({"op": "eff$Tuple". "elements": []}). "tag": Interned({"op": "eff$Tuple". "elements": []}). "args": {"num": []. "ptr": []}}')
debug_merge_point(0, 0, '296<main.rpyeffect:288([method_%Emit_0(n):p@[mcore:[#46]#810]#812])>+9: {"op": "Push". "target": 295. "args": {"num": [0]. "ptr": [0]}}')
debug_merge_point(0, 0, '296<main.rpyeffect:288([method_%Emit_0(n):p@[mcore:[#46]#810]#812])>+10: {"op": "Copy". "type": "ptr". "from": 2. "to". 0}')
debug_merge_point(0, 0, '296<main.rpyeffect:288([method_%Emit_0(n):p@[mcore:[#46]#810]#812])>+11: {"op": "Invoke". "receiver": 1. "tag": Interned(%Get_1(p):n). "args" : {"num": []. "ptr": [0]}}')
debug_merge_point(0, 0, '254<main.rpyeffect:246([method_%Get_1(p):n@[mcore:[#39]#608]#642])>+0: {"op": "Const". "type": "num". "out": 0. "value": 0}')
debug_merge_point(0, 0, '254<main.rpyeffect:246([method_%Get_1(p):n@[mcore:[#39]#608]#642])>+1: {"op": "ShiftDyn". "out": 1. "n": 0. "label": 1}')
debug_merge_point(0, 0, '254<main.rpyeffect:246([method_%Get_1(p):n@[mcore:[#39]#608]#642])>+2: {"op": "Swap". "type": "ptr". "a": 0. "b". 1}')
debug_merge_point(0, 0, '254<main.rpyeffect:246([method_%Get_1(p):n@[mcore:[#39]#608]#642])>+3: {"op": "Match". "type": Interned({"op": "eff$Tuple". "elements": []}). "scrutinee": 1. "clauses": [{"tag": Interned({"op": "eff$Tuple". "elements": []}). "target": 253. "args": {"num": []. "ptr": []}}]. "default": {"tag": Interned(48550592-4870-48dc-8857-befbf465e002#[Missing Tag#1088]). "target": 244. "args": {"num": []. "ptr": []}}}')
debug_merge_point(0, 0, '253<main.rpyeffect:245([#651])>+0: {"op": "New". "out": 0. "targets": [246. 248. 250. 252]. "args": {"num": []. "ptr": [0]}}')
debug_merge_point(0, 0, '253<main.rpyeffect:245([#651])>+1: {"op": "Return". "args": {"num": []. "ptr": [0]}}')
debug_merge_point(0, 0, '231<main.rpyeffect:223([k@[mcore:[#36]#602]#606])>+0: {"op": "Invoke". "receiver": 0. "tag": Interned(%apply(n):n). "args" : {"num": [0]. "ptr": []}}')
debug_merge_point(0, 0, '246<main.rpyeffect:238([method_%apply(n):n@[#651]#655])>+0: {"op": "Jump". "target": 229}')
debug_merge_point(0, 0, '229<main.rpyeffect:221([mcore:[#32]#599])>+0: {"op": "Push". "target": 228. "args": {"num": [0]. "ptr": []}}')
debug_merge_point(0, 0, '229<main.rpyeffect:221([mcore:[#32]#599])>+1: {"op": "Jump". "target": 227}')
debug_merge_point(0, 0, '227<main.rpyeffect:219(Name(k_72))>+0: {"op": "PushStack". "arg": 0}')
debug_merge_point(0, 0, '227<main.rpyeffect:219(Name(k_72))>+1: {"op": "Return". "args": {"num": [0]. "ptr": []}}')
debug_merge_point(0, 0, '295<main.rpyeffect:287([#830])>+0: {"op": "Push". "target": 294. "args": {"num": [1]. "ptr": [0]}}')
debug_merge_point(0, 0, '295<main.rpyeffect:287([#830])>+1: {"op": "Jump". "target": 143}')
debug_merge_point(0, 0, '143<main.rpyeffect:135(Name(+_27))>+0: {"op": "New". "out": 0. "targets": [136. 138. 140. 142]. "args": {"num": [0]. "ptr": []}}')
debug_merge_point(0, 0, '143<main.rpyeffect:135(Name(+_27))>+1: {"op": "Return". "args": {"num": []. "ptr": [0]}}')
debug_merge_point(0, 0, '294<main.rpyeffect:286([k@[#830]#832])>+0: {"op": "Push". "target": 293. "args": {"num": []. "ptr": [1]}}')
debug_merge_point(0, 0, '294<main.rpyeffect:286([k@[#830]#832])>+1: {"op": "Invoke". "receiver": 0. "tag": Interned(%apply(n):n). "args" : {"num": [0]. "ptr": []}}')
debug_merge_point(0, 0, '136<main.rpyeffect:128([method_%apply(n):n@Name(+_27)#347])>+0: {"op": "Jump". "target": 134}')
debug_merge_point(0, 0, '134<main.rpyeffect:126([mcore:[#20]#343])>+0: {"op": "PrimOp". "name": "infixAdd(Int. Int): Int". "out": {"num": [0]. "ptr": []}. "in": {"num": [1. 0]. "ptr": []}}')
+1340: i128 = int_add(i116, i126)
debug_merge_point(0, 0, '134<main.rpyeffect:126([mcore:[#20]#343])>+1: {"op": "Return". "args": {"num": [0]. "ptr": []}}')
debug_merge_point(0, 0, '293<main.rpyeffect:285([k@[k@[#830]#832]#834])>+0: {"op": "Const". "type": "num". "out": 1. "value": 0}')
debug_merge_point(0, 0, '293<main.rpyeffect:285([k@[k@[#830]#832]#834])>+1: {"op": "Const". "type": "ptr". "out": 1. "format": "string". "value": "Name(Set_2)"}')
debug_merge_point(0, 0, '293<main.rpyeffect:285([k@[k@[#830]#832]#834])>+2: {"op": "PrimOp". "name": "getGlobal(String): Ptr". "out": {"num": []. "ptr": [1]}. "in": {"num": []. "ptr": [1]}}')
debug_merge_point(0, 0, '293<main.rpyeffect:285([k@[k@[#830]#832]#834])>+3: {"op": "GetDynamic". "out": 1. "n": 1. "label": 1}')
debug_merge_point(0, 0, '293<main.rpyeffect:285([k@[k@[#830]#832]#834])>+4: {"op": "Push". "target": 292. "args": {"num": []. "ptr": [0]}}')
debug_merge_point(0, 0, '293<main.rpyeffect:285([k@[k@[#830]#832]#834])>+5: {"op": "Invoke". "receiver": 1. "tag": Interned(%Set_2(n):p). "args" : {"num": [0]. "ptr": []}}')
debug_merge_point(0, 0, '277<main.rpyeffect:269([method_%Set_2(n):p@[mcore:[#39]#608]#725])>+0: {"op": "Const". "type": "num". "out": 1. "value": 0}')
debug_merge_point(0, 0, '277<main.rpyeffect:269([method_%Set_2(n):p@[mcore:[#39]#608]#725])>+1: {"op": "ShiftDyn". "out": 0. "n": 1. "label": 0}')
+1344: i129 = instance_ptr_eq(p88, p121)
guard_false(i129, descr=<Guard0x1203f5ce0>) [p2, i7, i126, i13, i15, i17, i19, i21, i23, i25, i27, i29, i31, i33, i35, i37, p46, p48, p50, p52, p54, p56, p58, p60, p62, p64, p66, p68, p70, p0, p1, p4, i116, p113, p109, p108, p100, p102, p91, p88, p105, p81, p80, p79, i9]
+1352: i130 = instance_ptr_eq(p100, p121)
guard_true(i130, descr=<Guard0x1203f5ca0>) [p2, i7, i126, i13, i15, i17, i19, i21, i23, i25, i27, i29, i31, i33, i35, i37, p46, p48, p50, p52, p54, p56, p58, p60, p62, p64, p66, p68, p70, p0, p1, p4, i116, p113, p109, p108, p100, p102, p91, p88, p105, p81, p80, p79, i9]
debug_merge_point(0, 0, '277<main.rpyeffect:269([method_%Set_2(n):p@[mcore:[#39]#608]#725])>+2: {"op": "New". "out": 0. "targets": [270. 272. 274. 276]. "args": {"num": [0]. "ptr": [0]}}')
debug_merge_point(0, 0, '277<main.rpyeffect:269([method_%Set_2(n):p@[mcore:[#39]#608]#725])>+3: {"op": "Return". "args": {"num": []. "ptr": [0]}}')
debug_merge_point(0, 0, '228<main.rpyeffect:220([k@[mcore:[#32]#599]#601])>+0: {"op": "Invoke". "receiver": 0. "tag": Interned(%apply(n):n). "args" : {"num": [0]. "ptr": []}}')
debug_merge_point(0, 0, '270<main.rpyeffect:262([#734])>+0: {"op": "Jump". "target": 232}')
debug_merge_point(0, 0, '232<main.rpyeffect:224([mcore:[#36]#602])>+0: {"op": "Construct". "out": 1. "type": Interned({"op": "eff$Tuple". "elements": []}). "tag": Interned({"op": "eff$Tuple". "elements": []}). "args": {"num": []. "ptr": []}}')
debug_merge_point(0, 0, '232<main.rpyeffect:224([mcore:[#36]#602])>+1: {"op": "Push". "target": 231. "args": {"num": [1]. "ptr": []}}')
debug_merge_point(0, 0, '232<main.rpyeffect:224([mcore:[#36]#602])>+2: {"op": "Swap". "type": "ptr". "a": 0. "b". 1}')
debug_merge_point(0, 0, '232<main.rpyeffect:224([mcore:[#36]#602])>+3: {"op": "Jump". "target": 230}')
debug_merge_point(0, 0, '230<main.rpyeffect:222(Name(k_76))>+0: {"op": "PushStack". "arg": 1}')
debug_merge_point(0, 0, '230<main.rpyeffect:222(Name(k_76))>+1: {"op": "Return". "args": {"num": []. "ptr": [0]}}')
debug_merge_point(0, 0, '292<main.rpyeffect:284([k@[k@[k@[#830]#832]#834]#842])>+0: {"op": "Construct". "out": 0. "type": Interned({"op": "eff$Tuple". "elements": []}). "tag": Interned({"op": "eff$Tuple". "elements": []}). "args": {"num": []. "ptr": []}}')
debug_merge_point(0, 0, '292<main.rpyeffect:284([k@[k@[k@[#830]#832]#834]#842])>+1: {"op": "Jump". "target": 290}')
debug_merge_point(0, 0, '290<main.rpyeffect:282(Name(k_82))>+0: {"op": "PushStack". "arg": 1}')
debug_merge_point(0, 0, '290<main.rpyeffect:282(Name(k_82))>+1: {"op": "Return". "args": {"num": []. "ptr": [0]}}')
debug_merge_point(0, 0, '211<main.rpyeffect:203([k@[switch case for 0#541]#549])>+0: {"op": "Push". "target": 210. "args": {"num": [0]. "ptr": []}}')
debug_merge_point(0, 0, '211<main.rpyeffect:203([k@[switch case for 0#541]#549])>+1: {"op": "Copy". "type": "num". "from": 1. "to". 0}')
debug_merge_point(0, 0, '211<main.rpyeffect:203([k@[switch case for 0#541]#549])>+2: {"op": "Jump". "target": 143}')
debug_merge_point(0, 0, '143<main.rpyeffect:135(Name(+_27))>+0: {"op": "New". "out": 0. "targets": [136. 138. 140. 142]. "args": {"num": [0]. "ptr": []}}')
debug_merge_point(0, 0, '143<main.rpyeffect:135(Name(+_27))>+1: {"op": "Return". "args": {"num": []. "ptr": [0]}}')
debug_merge_point(0, 0, '210<main.rpyeffect:202([k@[k@[switch case for 0#541]#549]#551])>+0: {"op": "Const". "type": "num". "out": 1. "value": 1}')
debug_merge_point(0, 0, '210<main.rpyeffect:202([k@[k@[switch case for 0#541]#549]#551])>+1: {"op": "Push". "target": 209. "args": {"num": [0]. "ptr": []}}')
debug_merge_point(0, 0, '210<main.rpyeffect:202([k@[k@[switch case for 0#541]#549]#551])>+2: {"op": "Copy". "type": "num". "from": 1. "to". 0}')
debug_merge_point(0, 0, '210<main.rpyeffect:202([k@[k@[switch case for 0#541]#549]#551])>+3: {"op": "Invoke". "receiver": 0. "tag": Interned(%apply(n):n). "args" : {"num": [0]. "ptr": []}}')
debug_merge_point(0, 0, '136<main.rpyeffect:128([method_%apply(n):n@Name(+_27)#347])>+0: {"op": "Jump". "target": 134}')
debug_merge_point(0, 0, '134<main.rpyeffect:126([mcore:[#20]#343])>+0: {"op": "PrimOp". "name": "infixAdd(Int. Int): Int". "out": {"num": [0]. "ptr": []}. "in": {"num": [1. 0]. "ptr": []}}')
+1360: i132 = int_add(i126, 1)
debug_merge_point(0, 0, '134<main.rpyeffect:126([mcore:[#20]#343])>+1: {"op": "Return". "args": {"num": [0]. "ptr": []}}')
debug_merge_point(0, 0, '209<main.rpyeffect:201([#555])>+0: {"op": "Const". "type": "ptr". "out": 0. "format": "string". "value": "Name(Emit_0)"}')
debug_merge_point(0, 0, '209<main.rpyeffect:201([#555])>+1: {"op": "PrimOp". "name": "getGlobal(String): Ptr". "out": {"num": []. "ptr": [0]}. "in": {"num": []. "ptr": [0]}}')
debug_merge_point(0, 0, '209<main.rpyeffect:201([#555])>+2: {"op": "Push". "target": 208. "args": {"num": [1]. "ptr": []}}')
debug_merge_point(0, 0, '209<main.rpyeffect:201([#555])>+3: {"op": "Jump". "target": 226}')
debug_merge_point(0, 0, '226<main.rpyeffect:218(Name(range_48))>+0: {"op": "New". "out": 0. "targets": [219. 221. 223. 225]. "args": {"num": [0]. "ptr": []}}')
debug_merge_point(0, 0, '226<main.rpyeffect:218(Name(range_48))>+1: {"op": "Return". "args": {"num": []. "ptr": [0]}}')
debug_merge_point(0, 0, '208<main.rpyeffect:200([k@[#555]#560])>+0: {"op": "Invoke". "receiver": 0. "tag": Interned(%apply(n):p). "args" : {"num": [0]. "ptr": []}}')
debug_merge_point(0, 0, '219<main.rpyeffect:211([method_%apply(n):p@Name(range_48)#567])>+0: {"op": "Const". "type": "ptr". "out": 0. "format": "string". "value": "Name(Emit_0)"}')
debug_merge_point(0, 0, '219<main.rpyeffect:211([method_%apply(n):p@Name(range_48)#567])>+1: {"op": "PrimOp". "name": "getGlobal(String): Ptr". "out": {"num": []. "ptr": [0]}. "in": {"num": []. "ptr": [0]}}')
debug_merge_point(0, 0, '219<main.rpyeffect:211([method_%apply(n):p@Name(range_48)#567])>+2: {"op": "Jump". "target": 217}')
debug_merge_point(0, 0, '217<main.rpyeffect:209([mcore:[#30]#533])>+0: {"op": "Push". "target": 216. "args": {"num": [0. 1]. "ptr": []}}')
+1368: i133 = instance_ptr_eq(p0, ConstPtr(ptr74))
guard_true(i133, descr=<Guard0x120416650>) [p2, i7, i132, i13, i15, i17, i19, i21, i23, i25, i27, i29, i31, i33, i35, i37, p46, p48, p50, p52, p54, p56, p58, p60, p62, p64, p66, p68, p70, p0, p1, p4, i128, i126, None, p113, p109, p108, p100, p102, p91, p88, p105, p81, p80, p79, None]
+1380: i135 = instance_ptr_eq(p80, ConstPtr(ptr85))
guard_false(i135, descr=<Guard0x1204165f8>) [p2, i7, i132, i13, i15, i17, i19, i21, i23, i25, i27, i29, i31, i33, i35, i37, p46, p48, p50, p52, p54, p56, p58, p60, p62, p64, p66, p68, p70, p0, p1, p4, i128, i126, None, p113, p109, p108, p100, p102, p91, p88, p105, p81, p80, p79, None]
+1388: i136 = instance_ptr_eq(p88, ConstPtr(ptr89))
guard_true(i136, descr=<Guard0x1204165a0>) [p2, i7, i132, i13, i15, i17, i19, i21, i23, i25, i27, i29, i31, i33, i35, i37, p46, p48, p50, p52, p54, p56, p58, p60, p62, p64, p66, p68, p70, p0, p1, p4, i128, i126, None, p113, p109, p108, p100, p102, p91, p88, p105, p81, p80, p79, None]
+1396: i137 = instance_ptr_eq(p80, p94)
guard_false(i137, descr=<Guard0x120416548>) [p2, i7, i132, i13, i15, i17, i19, i21, i23, i25, i27, i29, i31, i33, i35, i37, p46, p48, p50, p52, p54, p56, p58, p60, p62, p64, p66, p68, p70, p0, p1, p4, i128, i126, None, p113, p109, p108, p100, p102, p91, p88, p105, p81, p80, p79, None]
+1404: i138 = instance_ptr_eq(p88, p94)
guard_false(i138, descr=<Guard0x1204164f0>) [p2, i7, i132, i13, i15, i17, i19, i21, i23, i25, i27, i29, i31, i33, i35, i37, p46, p48, p50, p52, p54, p56, p58, p60, p62, p64, p66, p68, p70, p0, p1, p4, i128, i126, None, p113, p109, p108, p100, p102, p91, p88, p105, p81, p80, p79, None]
+1412: i139 = instance_ptr_eq(p100, p94)
guard_true(i139, descr=<Guard0x120416498>) [p2, i7, i132, i13, i15, i17, i19, i21, i23, i25, i27, i29, i31, i33, i35, i37, p46, p48, p50, p52, p54, p56, p58, p60, p62, p64, p66, p68, p70, p0, p1, p4, i128, i126, None, p113, p109, p108, p100, p102, p91, p88, p105, p81, p80, p79, None]
+1424: i140 = instance_ptr_eq(p80, ConstPtr(ptr117))
guard_true(i140, descr=<Guard0x120416440>) [p2, i7, i132, i13, i15, i17, i19, i21, i23, i25, i27, i29, i31, i33, i35, i37, p46, p48, p50, p52, p54, p56, p58, p60, p62, p64, p66, p68, p70, p0, p1, p4, i128, i126, None, p113, p109, p108, p100, p102, p91, p88, p105, p81, p80, p79, None]
+1432: i141 = instance_ptr_eq(p80, p121)
guard_false(i141, descr=<Guard0x1204163e8>) [p2, i7, i132, i13, i15, i17, i19, i21, i23, i25, i27, i29, i31, i33, i35, i37, p46, p48, p50, p52, p54, p56, p58, p60, p62, p64, p66, p68, p70, p0, p1, p4, i128, i126, None, p113, p109, p108, p100, p102, p91, p88, p105, p81, p80, p79, None]
+1440: i142 = instance_ptr_eq(p88, p121)
guard_false(i142, descr=<Guard0x120416390>) [p2, i7, i132, i13, i15, i17, i19, i21, i23, i25, i27, i29, i31, i33, i35, i37, p46, p48, p50, p52, p54, p56, p58, p60, p62, p64, p66, p68, p70, p0, p1, p4, i128, i126, None, p113, p109, p108, p100, p102, p91, p88, p105, p81, p80, p79, None]
+1448: jump(p0, p1, p2, p79, p80, p105, p88, p102, p100, p113, i128, p108, p109, p91, p81, p4, i7, i132, i13, i15, i17, i19, i21, i23, i25, i27, i29, i31, i33, i35, i37, i126, p46, p48, p50, p52, p54, p56, p58, p60, p62, p64, p66, p68, p70, p121, p94, descr=TargetToken(4835956944))
+1464: --end of the loop--
[a0246b] jit-log-opt-loop}
[5311571] {jit-summary
Tracing:      	1	0.001842
Backend:      	1	0.000353
TOTAL:      		0.079082
ops:             	6016
heapcached ops:  	743
recorded ops:    	1656
  calls:         	793
guards:          	255
opt ops:         	300
opt guards:      	47
opt guards shared:	33
forcings:        	0
abort: trace too long:	0
abort: compiling:	0
abort: vable escape:	0
abort: bad loop: 	0
abort: force quasi-immut:	0
abort: segmenting trace:	0
virtualizables forced:	0
nvirtuals:       	8
nvholes:         	0
nvreused:        	0
vecopt tried:    	0
vecopt success:  	0
Total # of loops:	1
Total # of bridges:	0
Freed # of loops:	0
Freed # of bridges:	0
[53147e6] jit-summary}
