[86bab9] {jit-log-opt-loop
# Loop 1 (220<main.rpyeffect:212(Name(countdown_48))>+6: {"op": "Swap", "type": "ptr", "a": 1, "b", 0}) : loop with 276 ops
[p0, p1, p2, p3, p4]
+520: p5 = getfield_gc_r(p2, descr=<FieldP rpyeffect.environment.Environment.inst_values_num 16>)
+528: i7 = getarrayitem_gc_i(p5, 0, descr=<ArrayS 8>)
+532: i9 = getarrayitem_gc_i(p5, 1, descr=<ArrayS 8>)
+536: i11 = getarrayitem_gc_i(p5, 2, descr=<ArrayS 8>)
+540: i13 = getarrayitem_gc_i(p5, 3, descr=<ArrayS 8>)
+544: i15 = getarrayitem_gc_i(p5, 4, descr=<ArrayS 8>)
+548: i17 = getarrayitem_gc_i(p5, 5, descr=<ArrayS 8>)
+552: i19 = getarrayitem_gc_i(p5, 6, descr=<ArrayS 8>)
+556: i21 = getarrayitem_gc_i(p5, 7, descr=<ArrayS 8>)
+560: i23 = getarrayitem_gc_i(p5, 8, descr=<ArrayS 8>)
+564: i25 = getarrayitem_gc_i(p5, 9, descr=<ArrayS 8>)
+568: i27 = getarrayitem_gc_i(p5, 10, descr=<ArrayS 8>)
+572: i29 = getarrayitem_gc_i(p5, 11, descr=<ArrayS 8>)
+576: i31 = getarrayitem_gc_i(p5, 12, descr=<ArrayS 8>)
+580: i33 = getarrayitem_gc_i(p5, 13, descr=<ArrayS 8>)
+584: i35 = getarrayitem_gc_i(p5, 14, descr=<ArrayS 8>)
+592: i37 = getarrayitem_gc_i(p5, 15, descr=<ArrayS 8>)
+596: p38 = getfield_gc_r(p2, descr=<FieldP rpyeffect.environment.Environment.inst_values_ptr 24>)
+600: p40 = getarrayitem_gc_r(p38, 0, descr=<ArrayP 8>)
+608: p42 = getarrayitem_gc_r(p38, 1, descr=<ArrayP 8>)
+616: p44 = getarrayitem_gc_r(p38, 2, descr=<ArrayP 8>)
+624: p46 = getarrayitem_gc_r(p38, 3, descr=<ArrayP 8>)
+632: p48 = getarrayitem_gc_r(p38, 4, descr=<ArrayP 8>)
+640: p50 = getarrayitem_gc_r(p38, 5, descr=<ArrayP 8>)
+648: p52 = getarrayitem_gc_r(p38, 6, descr=<ArrayP 8>)
+656: p54 = getarrayitem_gc_r(p38, 7, descr=<ArrayP 8>)
+664: p56 = getarrayitem_gc_r(p38, 8, descr=<ArrayP 8>)
+672: p58 = getarrayitem_gc_r(p38, 9, descr=<ArrayP 8>)
+680: p60 = getarrayitem_gc_r(p38, 10, descr=<ArrayP 8>)
+688: p62 = getarrayitem_gc_r(p38, 11, descr=<ArrayP 8>)
+696: p64 = getarrayitem_gc_r(p38, 12, descr=<ArrayP 8>)
+704: p66 = getarrayitem_gc_r(p38, 13, descr=<ArrayP 8>)
+712: p68 = getarrayitem_gc_r(p38, 14, descr=<ArrayP 8>)
+720: p70 = getarrayitem_gc_r(p38, 15, descr=<ArrayP 8>)
+724: label(p0, p1, p2, p3, p4, i7, i9, i11, i13, i15, i17, i19, i21, i23, i25, i27, i29, i31, i33, i35, i37, p40, p42, p44, p46, p48, p50, p52, p54, p56, p58, p60, p62, p64, p66, p68, p70, descr=TargetToken(5775472528))
debug_merge_point(0, 0, '220<main.rpyeffect:212(Name(countdown_48))>+6: {"op": "Swap". "type": "ptr". "a": 1. "b". 0}')
+780: guard_not_invalidated(descr=<Guard0x15843a020>) [p2, i7, i9, i11, i13, i15, i17, i19, i21, i23, i25, i27, i29, i31, i33, i35, i37, p40, p42, p44, p46, p48, p50, p52, p54, p56, p58, p60, p62, p64, p66, p68, p70, p0, p1, p3, p4]
debug_merge_point(0, 0, '220<main.rpyeffect:212(Name(countdown_48))>+7: {"op": "Invoke". "receiver": 1. "tag": Interned(%Get_0(p):n). "args" : {"num": []. "ptr": [0]}}')
+784: p71 = getfield_gc_r(p40, descr=<FieldP rpyeffect.stored_environment.CoData__arb_arb.inst_vtable 24 pure>)
+792: guard_value(p71, ConstPtr(ptr72), descr=<Guard0x1583f50a0>) [p2, i7, i9, i11, i13, i15, i17, i19, i21, i23, i25, i27, i29, i31, i33, i35, i37, p40, p42, p44, p46, p48, p50, p52, p54, p56, p58, p60, p62, p64, p66, p68, p70, p0, p1, p3, p4]
+800: p73 = getfield_gc_r(p40, descr=<FieldP rpyeffect.stored_environment.CoData__0_1.inst_values_ptr_0 32 pure>)
debug_merge_point(0, 0, '248<main.rpyeffect:240([method_%Get_0(p):n@[mcore:[#42]#601]#635])>+0: {"op": "Const". "type": "num". "out": 0. "value": 0}')
debug_merge_point(0, 0, '248<main.rpyeffect:240([method_%Get_0(p):n@[mcore:[#42]#601]#635])>+1: {"op": "ShiftDyn". "out": 1. "n": 0. "label": 1}')
+804: guard_nonnull(p4, descr=<Guard0x1583f50e0>) [p2, i7, i9, i11, i13, i15, i17, i19, i21, i23, i25, i27, i29, i31, i33, i35, i37, p40, p42, p44, p46, p48, p50, p52, p54, p56, p58, p60, p62, p64, p66, p68, p70, p0, p1, p3, p4]
+816: i74 = instance_ptr_eq(p0, p73)
guard_false(i74, descr=<Guard0x1583f5120>) [p2, i7, i9, i11, i13, i15, i17, i19, i21, i23, i25, i27, i29, i31, i33, i35, i37, p40, p42, p44, p46, p48, p50, p52, p54, p56, p58, p60, p62, p64, p66, p68, p70, p0, p1, p3, p4]
+828: p75 = getfield_gc_r(p3, descr=<FieldP rpyeffect.stack.MetaStack.inst_region 24 pure>)
+836: guard_isnull(p75, descr=<Guard0x1583f5160>) [p2, i7, i9, i11, i13, i15, i17, i19, i21, i23, i25, i27, i29, i31, i33, i35, i37, p40, p42, p44, p46, p48, p50, p52, p54, p56, p58, p60, p62, p64, p66, p68, p70, p0, p1, p3, p4]
+844: p76 = getfield_gc_r(p3, descr=<FieldP rpyeffect.stack.MetaStack.inst_label 16 pure>)
+848: i77 = instance_ptr_eq(p76, p73)
guard_false(i77, descr=<Guard0x1583f51a0>) [p2, i7, i9, i11, i13, i15, i17, i19, i21, i23, i25, i27, i29, i31, i33, i35, i37, p40, p42, p44, p46, p48, p50, p52, p54, p56, p58, p60, p62, p64, p66, p68, p70, p0, p1, p3, p4]
+856: p78 = getfield_gc_r(p3, descr=<FieldP rpyeffect.stack.MetaStack.inst_tail 32 pure>)
+860: p79 = getfield_gc_r(p78, descr=<FieldP rpyeffect.stack.MetaStack.inst_region 24 pure>)
+864: guard_isnull(p79, descr=<Guard0x1583f51e0>) [p2, i7, i9, i11, i13, i15, i17, i19, i21, i23, i25, i27, i29, i31, i33, i35, i37, p40, p42, p44, p46, p48, p50, p52, p54, p56, p58, p60, p62, p64, p66, p68, p70, p0, p1, p3, p4]
+872: p80 = getfield_gc_r(p78, descr=<FieldP rpyeffect.stack.MetaStack.inst_label 16 pure>)
+876: i81 = instance_ptr_eq(p80, p73)
guard_true(i81, descr=<Guard0x1583f5220>) [p2, i7, i9, i11, i13, i15, i17, i19, i21, i23, i25, i27, i29, i31, i33, i35, i37, p40, p42, p44, p46, p48, p50, p52, p54, p56, p58, p60, p62, p64, p66, p68, p70, p0, p1, p3, p4]
+884: p82 = getfield_gc_r(p78, descr=<FieldP rpyeffect.stack.MetaStackLike.inst_stack 8 pure>)
+888: guard_class(p78, 4313083584, descr=<Guard0x1583f5260>) [p2, i7, i9, i11, i13, i15, i17, i19, i21, i23, i25, i27, i29, i31, i33, i35, i37, p40, p42, p44, p46, p48, p50, p52, p54, p56, p58, p60, p62, p64, p66, p68, p70, p0, p1, p3, p4]
+904: p84 = getfield_gc_r(p78, descr=<FieldP rpyeffect.stack.MetaStack.inst_tail 32 pure>)
+908: p85 = getfield_gc_r(p3, descr=<FieldP rpyeffect.stack.MetaStackLike.inst_stack 8 pure>)
+912: guard_class(p3, ConstClass(MetaStackWithBinding), descr=<Guard0x1583f52a0>) [p2, i7, i9, i11, i13, i15, i17, i19, i21, i23, i25, i27, i29, i31, i33, i35, i37, p40, p42, p44, p46, p48, p50, p52, p54, p56, p58, p60, p62, p64, p66, p68, p70, p0, p1, p3, p4]
+928: p87 = getfield_gc_r(p3, descr=<FieldP rpyeffect.stack.MetaStackWithBinding.inst_binding 40 pure>)
+932: guard_nonnull(p87, descr=<Guard0x1583f52e0>) [p2, i7, i9, i11, i13, i15, i17, i19, i21, i23, i25, i27, i29, i31, i33, i35, i37, p40, p42, p44, p46, p48, p50, p52, p54, p56, p58, p60, p62, p64, p66, p68, p70, p0, p1, p3, p4]
+940: guard_nonnull_class(p84, 4313083584, descr=<Guard0x15843a078>) [p2, i7, i9, i11, i13, i15, i17, i19, i21, i23, i25, i27, i29, i31, i33, i35, i37, p40, p42, p44, p46, p48, p50, p52, p54, p56, p58, p60, p62, p64, p66, p68, p70, p0, p1, p3, p4]
+964: p89 = getfield_gc_r(p84, descr=<FieldP rpyeffect.stack.MetaStackLike.inst_stack 8 pure>)
+968: p90 = getfield_gc_r(p84, descr=<FieldP rpyeffect.stack.MetaStack.inst_label 16 pure>)
+972: p91 = getfield_gc_r(p84, descr=<FieldP rpyeffect.stack.MetaStack.inst_tail 32 pure>)
+976: guard_nonnull(p89, descr=<Guard0x1583f5320>) [p2, i7, i9, i11, i13, i15, i17, i19, i21, i23, i25, i27, i29, i31, i33, i35, i37, p40, p42, p44, p46, p48, p50, p52, p54, p56, p58, p60, p62, p64, p66, p68, p70, p0, p1, p3, p4]
+984: i92 = getfield_gc_i(p89, descr=<FieldS rpyeffect.stored_environment.Stack__arb_arb.inst_target 16 pure>)
+988: guard_value(i92, 225, descr=<Guard0x1583f5360>) [p2, i7, i9, i11, i13, i15, i17, i19, i21, i23, i25, i27, i29, i31, i33, i35, i37, p40, p42, p44, p46, p48, p50, p52, p54, p56, p58, p60, p62, p64, p66, p68, p70, p0, p1, p3, p4]
debug_merge_point(0, 0, '248<main.rpyeffect:240([method_%Get_0(p):n@[mcore:[#42]#601]#635])>+2: {"op": "Swap". "type": "ptr". "a": 1. "b". 0}')
debug_merge_point(0, 0, '248<main.rpyeffect:240([method_%Get_0(p):n@[mcore:[#42]#601]#635])>+3: {"op": "Match". "type": Interned({"op": "eff$Tuple". "elements": []}). "scrutinee": 1. "clauses": [{"tag": Interned({"op": "eff$Tuple". "elements": []}). "target": 247. "args": {"num": []. "ptr": []}}]. "default": {"tag": Interned(3f5d8ffa-b51e-4524-a5ce-235274b486a2#[Missing Tag#970]). "target": 238. "args": {"num": []. "ptr": []}}}')
+1000: p94 = getfield_gc_r(p42, descr=<FieldP rpyeffect.stored_environment.Data__arb_arb.inst_tag 8>)
+1008: guard_value(p94, ConstPtr(ptr95), descr=<Guard0x1583f53a0>) [p2, i7, i9, i11, i13, i15, i17, i19, i21, i23, i25, i27, i29, i31, i33, i35, i37, p40, p42, p44, p46, p48, p50, p52, p54, p56, p58, p60, p62, p64, p66, p68, p70, p0, p1, p3, p4]
debug_merge_point(0, 0, '247<main.rpyeffect:239([#644])>+0: {"op": "New". "out": 0. "targets": [240. 242. 244. 246]. "args": {"num": []. "ptr": [0]}}')
debug_merge_point(0, 0, '247<main.rpyeffect:239([#644])>+1: {"op": "Return". "args": {"num": []. "ptr": [0]}}')
+1016: i96 = getfield_gc_i(p89, descr=<FieldS rpyeffect.stored_environment.Stack__1_0.inst_values_num_0 40 pure>)
+1020: p97 = getfield_gc_r(p89, descr=<FieldP rpyeffect.stored_environment.Stack__arb_arb.inst_tail 8 pure>)
+1024: guard_nonnull(p97, descr=<Guard0x1583f53e0>) [p2, i7, i9, i11, i13, i15, i17, i19, i21, i23, i25, i27, i29, i31, i33, i35, i37, p40, p42, p44, p46, p48, p50, p52, p54, p56, p58, p60, p62, p64, p66, p68, p70, p0, p1, p3, p4]
+1032: i98 = getfield_gc_i(p97, descr=<FieldS rpyeffect.stored_environment.Stack__arb_arb.inst_target 16 pure>)
+1036: guard_value(i98, 1, descr=<Guard0x1583f5420>) [p2, i7, i9, i11, i13, i15, i17, i19, i21, i23, i25, i27, i29, i31, i33, i35, i37, p40, p42, p44, p46, p48, p50, p52, p54, p56, p58, p60, p62, p64, p66, p68, p70, p0, p1, p3, p4]
debug_merge_point(0, 0, '225<main.rpyeffect:217([k@[mcore:[#39]#595]#599])>+0: {"op": "Invoke". "receiver": 0. "tag": Interned(%apply(n):n). "args" : {"num": [0]. "ptr": []}}')
debug_merge_point(0, 0, '240<main.rpyeffect:232([method_%apply(n):n@[#644]#648])>+0: {"op": "Jump". "target": 223}')
debug_merge_point(0, 0, '223<main.rpyeffect:215([mcore:[#35]#592])>+0: {"op": "Push". "target": 222. "args": {"num": [0]. "ptr": []}}')
debug_merge_point(0, 0, '223<main.rpyeffect:215([mcore:[#35]#592])>+1: {"op": "Jump". "target": 221}')
debug_merge_point(0, 0, '221<main.rpyeffect:213(Name(k_66))>+0: {"op": "PushStack". "arg": 0}')
+1048: guard_nonnull(p1, descr=<Guard0x1583f5460>) [p2, i7, i9, i11, i13, i15, i17, i19, i21, i23, i25, i27, i29, i31, i33, i35, i37, p40, p42, p44, p46, p48, p50, p52, p54, p56, p58, p60, p62, p64, p66, p68, p70, p0, p1, p3, p4]
+1060: i100 = getfield_gc_i(p1, descr=<FieldS rpyeffect.stored_environment.Stack__arb_arb.inst_target 16 pure>)
+1068: guard_value(i100, 219, descr=<Guard0x1583f54a0>) [p2, i7, i9, i11, i13, i15, i17, i19, i21, i23, i25, i27, i29, i31, i33, i35, i37, p40, p42, p44, p46, p48, p50, p52, p54, p56, p58, p60, p62, p64, p66, p68, p70, p0, p1, p3, p4]
debug_merge_point(0, 0, '221<main.rpyeffect:213(Name(k_66))>+1: {"op": "Return". "args": {"num": [0]. "ptr": []}}')
+1080: p102 = getfield_gc_r(p1, descr=<FieldP rpyeffect.stored_environment.Stack__arb_arb.inst_tail 8 pure>)
+1084: guard_nonnull(p102, descr=<Guard0x1583f54e0>) [p2, i7, i9, i11, i13, i15, i17, i19, i21, i23, i25, i27, i29, i31, i33, i35, i37, p40, p42, p44, p46, p48, p50, p52, p54, p56, p58, p60, p62, p64, p66, p68, p70, p0, p1, p3, p4]
+1092: i103 = getfield_gc_i(p102, descr=<FieldS rpyeffect.stored_environment.Stack__arb_arb.inst_target 16 pure>)
+1096: guard_value(i103, 207, descr=<Guard0x1583f5520>) [p2, i7, i9, i11, i13, i15, i17, i19, i21, i23, i25, i27, i29, i31, i33, i35, i37, p40, p42, p44, p46, p48, p50, p52, p54, p56, p58, p60, p62, p64, p66, p68, p70, p0, p1, p3, p4]
debug_merge_point(0, 0, '219<main.rpyeffect:211([k@Name(countdown_48)#551])>+0: {"op": "Push". "target": 218. "args": {"num": [0]. "ptr": []}}')
debug_merge_point(0, 0, '219<main.rpyeffect:211([k@Name(countdown_48)#551])>+1: {"op": "Jump". "target": 17}')
debug_merge_point(0, 0, '17<main.rpyeffect:9(Name(=_0))>+0: {"op": "New". "out": 0. "targets": [10. 12. 14. 16]. "args": {"num": [0]. "ptr": []}}')
debug_merge_point(0, 0, '17<main.rpyeffect:9(Name(=_0))>+1: {"op": "Return". "args": {"num": []. "ptr": [0]}}')
debug_merge_point(0, 0, '218<main.rpyeffect:210([k@[k@Name(countdown_48)#551]#553])>+0: {"op": "Const". "type": "num". "out": 1. "value": 0}')
debug_merge_point(0, 0, '218<main.rpyeffect:210([k@[k@Name(countdown_48)#551]#553])>+1: {"op": "Push". "target": 217. "args": {"num": [0]. "ptr": []}}')
debug_merge_point(0, 0, '218<main.rpyeffect:210([k@[k@Name(countdown_48)#551]#553])>+2: {"op": "Copy". "type": "num". "from": 1. "to". 0}')
debug_merge_point(0, 0, '218<main.rpyeffect:210([k@[k@Name(countdown_48)#551]#553])>+3: {"op": "Invoke". "receiver": 0. "tag": Interned(%apply(n):n). "args" : {"num": [0]. "ptr": []}}')
debug_merge_point(0, 0, '10<main.rpyeffect:2([method_%apply(n):n@Name(=_0)#7])>+0: {"op": "Jump". "target": 8}')
debug_merge_point(0, 0, '8<main.rpyeffect:0([mcore:[#9]#3])>+0: {"op": "PrimOp". "name": "infixEq(Int. Int): Boolean". "out": {"num": [0]. "ptr": []}. "in": {"num": [1. 0]. "ptr": []}}')
+1108: i106 = int_eq(i96, 0)
guard_false(i106, descr=<Guard0x1583f5560>) [p2, i7, i9, i11, i13, i15, i17, i19, i21, i23, i25, i27, i29, i31, i33, i35, i37, p40, p42, p44, p46, p48, p50, p52, p54, p56, p58, p60, p62, p64, p66, p68, p70, p0, p1, p3, p4]
debug_merge_point(0, 0, '8<main.rpyeffect:0([mcore:[#9]#3])>+1: {"op": "Return". "args": {"num": [0]. "ptr": []}}')
debug_merge_point(0, 0, '217<main.rpyeffect:209([k@[k@[k@Name(countdown_48)#551]#553]#557])>+0: {"op": "Switch". "scrutinee": 0. "values": [1]. "targets": [209]. "default": 216}')
debug_merge_point(0, 0, '216<main.rpyeffect:208([switch default case#561])>+0: {"op": "Swap". "type": "num". "a": 1. "b". 0}')
debug_merge_point(0, 0, '216<main.rpyeffect:208([switch default case#561])>+1: {"op": "Switch". "scrutinee": 1. "values": [0]. "targets": [214]. "default": 215}')
debug_merge_point(0, 0, '214<main.rpyeffect:206([switch case for 0#562])>+0: {"op": "Push". "target": 213. "args": {"num": []. "ptr": []}}')
debug_merge_point(0, 0, '214<main.rpyeffect:206([switch case for 0#562])>+1: {"op": "Jump". "target": 186}')
debug_merge_point(0, 0, '186<main.rpyeffect:178(Name(-_34))>+0: {"op": "New". "out": 0. "targets": [179. 181. 183. 185]. "args": {"num": [0]. "ptr": []}}')
debug_merge_point(0, 0, '186<main.rpyeffect:178(Name(-_34))>+1: {"op": "Return". "args": {"num": []. "ptr": [0]}}')
debug_merge_point(0, 0, '213<main.rpyeffect:205([k@[switch case for 0#562]#564])>+0: {"op": "Const". "type": "num". "out": 0. "value": 1}')
debug_merge_point(0, 0, '213<main.rpyeffect:205([k@[switch case for 0#562]#564])>+1: {"op": "Push". "target": 212. "args": {"num": []. "ptr": []}}')
debug_merge_point(0, 0, '213<main.rpyeffect:205([k@[switch case for 0#562]#564])>+2: {"op": "Invoke". "receiver": 0. "tag": Interned(%apply(n):n). "args" : {"num": [0]. "ptr": []}}')
debug_merge_point(0, 0, '179<main.rpyeffect:171([method_%apply(n):n@Name(-_34)#469])>+0: {"op": "Jump". "target": 177}')
debug_merge_point(0, 0, '177<main.rpyeffect:169([mcore:[#24]#465])>+0: {"op": "PrimOp". "name": "infixSub(Int. Int): Int". "out": {"num": [0]. "ptr": []}. "in": {"num": [1. 0]. "ptr": []}}')
+1116: i108 = int_sub(i96, 1)
debug_merge_point(0, 0, '177<main.rpyeffect:169([mcore:[#24]#465])>+1: {"op": "Return". "args": {"num": [0]. "ptr": []}}')
debug_merge_point(0, 0, '212<main.rpyeffect:204([k@[k@[switch case for 0#562]#564]#568])>+0: {"op": "Const". "type": "num". "out": 1. "value": 0}')
debug_merge_point(0, 0, '212<main.rpyeffect:204([k@[k@[switch case for 0#562]#564]#568])>+1: {"op": "Const". "type": "ptr". "out": 0. "format": "string". "value": "Name(Set_1)"}')
debug_merge_point(0, 0, '212<main.rpyeffect:204([k@[k@[switch case for 0#562]#564]#568])>+2: {"op": "PrimOp". "name": "getGlobal(String): Ptr". "out": {"num": []. "ptr": [0]}. "in": {"num": []. "ptr": [0]}}')
debug_merge_point(0, 0, '212<main.rpyeffect:204([k@[k@[switch case for 0#562]#564]#568])>+3: {"op": "GetDynamic". "out": 0. "n": 1. "label": 0}')
+1124: i110 = instance_ptr_eq(p0, ConstPtr(ptr109))
guard_true(i110, descr=<Guard0x1583f55a0>) [p2, i7, i9, i11, i13, i15, i17, i19, i21, i23, i25, i27, i29, i31, i33, i35, i37, p40, p42, p44, p46, p48, p50, p52, p54, p56, p58, p60, p62, p64, p66, p68, p70, p0, p1, p3, p4]
debug_merge_point(0, 0, '212<main.rpyeffect:204([k@[k@[switch case for 0#562]#564]#568])>+4: {"op": "Push". "target": 211. "args": {"num": []. "ptr": []}}')
debug_merge_point(0, 0, '212<main.rpyeffect:204([k@[k@[switch case for 0#562]#564]#568])>+5: {"op": "Invoke". "receiver": 0. "tag": Interned(%Set_1(n):p). "args" : {"num": [0]. "ptr": []}}')
+1132: p111 = getfield_gc_r(p4, descr=<FieldP rpyeffect.stored_environment.CoData__arb_arb.inst_vtable 24 pure>)
+1152: guard_value(p111, ConstPtr(ptr112), descr=<Guard0x1583f55e0>) [p2, i7, i9, i11, i13, i15, i17, i19, i21, i23, i25, i27, i29, i31, i33, i35, i37, p40, p42, p44, p46, p48, p50, p52, p54, p56, p58, p60, p62, p64, p66, p68, p70, p0, p1, p3, p4]
+1160: p113 = getfield_gc_r(p4, descr=<FieldP rpyeffect.stored_environment.CoData__0_1.inst_values_ptr_0 32 pure>)
debug_merge_point(0, 0, '271<main.rpyeffect:263([method_%Set_1(n):p@[mcore:[#42]#601]#718])>+0: {"op": "Const". "type": "num". "out": 1. "value": 0}')
debug_merge_point(0, 0, '271<main.rpyeffect:263([method_%Set_1(n):p@[mcore:[#42]#601]#718])>+1: {"op": "ShiftDyn". "out": 0. "n": 1. "label": 0}')
+1164: i114 = instance_ptr_eq(p0, p113)
guard_false(i114, descr=<Guard0x1583f5620>) [p2, i7, i9, i11, i13, i15, i17, i19, i21, i23, i25, i27, i29, i31, i33, i35, i37, p40, p42, p44, p46, p48, p50, p52, p54, p56, p58, p60, p62, p64, p66, p68, p70, p0, p1, p3, p4]
+1172: i115 = instance_ptr_eq(p76, p113)
guard_false(i115, descr=<Guard0x1583f5660>) [p2, i7, i9, i11, i13, i15, i17, i19, i21, i23, i25, i27, i29, i31, i33, i35, i37, p40, p42, p44, p46, p48, p50, p52, p54, p56, p58, p60, p62, p64, p66, p68, p70, p0, p1, p3, p4]
+1180: i116 = instance_ptr_eq(p80, p113)
guard_true(i116, descr=<Guard0x1583f56a0>) [p2, i7, i9, i11, i13, i15, i17, i19, i21, i23, i25, i27, i29, i31, i33, i35, i37, p40, p42, p44, p46, p48, p50, p52, p54, p56, p58, p60, p62, p64, p66, p68, p70, p0, p1, p3, p4]
debug_merge_point(0, 0, '271<main.rpyeffect:263([method_%Set_1(n):p@[mcore:[#42]#601]#718])>+2: {"op": "New". "out": 0. "targets": [264. 266. 268. 270]. "args": {"num": [0]. "ptr": [0]}}')
debug_merge_point(0, 0, '271<main.rpyeffect:263([method_%Set_1(n):p@[mcore:[#42]#601]#718])>+3: {"op": "Return". "args": {"num": []. "ptr": [0]}}')
debug_merge_point(0, 0, '222<main.rpyeffect:214([k@[mcore:[#35]#592]#594])>+0: {"op": "Invoke". "receiver": 0. "tag": Interned(%apply(n):n). "args" : {"num": [0]. "ptr": []}}')
debug_merge_point(0, 0, '264<main.rpyeffect:256([#727])>+0: {"op": "Jump". "target": 226}')
debug_merge_point(0, 0, '226<main.rpyeffect:218([mcore:[#39]#595])>+0: {"op": "Construct". "out": 1. "type": Interned({"op": "eff$Tuple". "elements": []}). "tag": Interned({"op": "eff$Tuple". "elements": []}). "args": {"num": []. "ptr": []}}')
debug_merge_point(0, 0, '226<main.rpyeffect:218([mcore:[#39]#595])>+1: {"op": "Push". "target": 225. "args": {"num": [1]. "ptr": []}}')
debug_merge_point(0, 0, '226<main.rpyeffect:218([mcore:[#39]#595])>+2: {"op": "Swap". "type": "ptr". "a": 1. "b". 0}')
debug_merge_point(0, 0, '226<main.rpyeffect:218([mcore:[#39]#595])>+3: {"op": "Jump". "target": 224}')
debug_merge_point(0, 0, '224<main.rpyeffect:216(Name(k_70))>+0: {"op": "PushStack". "arg": 1}')
debug_merge_point(0, 0, '224<main.rpyeffect:216(Name(k_70))>+1: {"op": "Return". "args": {"num": []. "ptr": [0]}}')
debug_merge_point(0, 0, '211<main.rpyeffect:203([#576])>+0: {"op": "Construct". "out": 0. "type": Interned({"op": "eff$Tuple". "elements": []}). "tag": Interned({"op": "eff$Tuple". "elements": []}). "args": {"num": []. "ptr": []}}')
debug_merge_point(0, 0, '211<main.rpyeffect:203([#576])>+1: {"op": "Const". "type": "ptr". "out": 1. "format": "string". "value": "Name(Get_0)"}')
debug_merge_point(0, 0, '211<main.rpyeffect:203([#576])>+2: {"op": "PrimOp". "name": "getGlobal(String): Ptr". "out": {"num": []. "ptr": [1]}. "in": {"num": []. "ptr": [1]}}')
debug_merge_point(0, 0, '211<main.rpyeffect:203([#576])>+3: {"op": "Const". "type": "ptr". "out": 2. "format": "string". "value": "Name(Set_1)"}')
debug_merge_point(0, 0, '211<main.rpyeffect:203([#576])>+4: {"op": "PrimOp". "name": "getGlobal(String): Ptr". "out": {"num": []. "ptr": [2]}. "in": {"num": []. "ptr": [2]}}')
debug_merge_point(0, 0, '211<main.rpyeffect:203([#576])>+5: {"op": "Push". "target": 210. "args": {"num": []. "ptr": []}}')
debug_merge_point(0, 0, '211<main.rpyeffect:203([#576])>+6: {"op": "Jump". "target": 208}')
debug_merge_point(0, 0, '208<main.rpyeffect:200([mcore:[eta-expanded fn#434]#533])>+0: {"op": "Push". "target": 207. "args": {"num": []. "ptr": []}}')
debug_merge_point(0, 0, '208<main.rpyeffect:200([mcore:[eta-expanded fn#434]#533])>+1: {"op": "Jump". "target": 220}')
debug_merge_point(0, 0, '220<main.rpyeffect:212(Name(countdown_48))>+0: {"op": "Const". "type": "num". "out": 0. "value": 0}')
debug_merge_point(0, 0, '220<main.rpyeffect:212(Name(countdown_48))>+1: {"op": "Const". "type": "ptr". "out": 0. "format": "string". "value": "Name(Get_0)"}')
debug_merge_point(0, 0, '220<main.rpyeffect:212(Name(countdown_48))>+2: {"op": "PrimOp". "name": "getGlobal(String): Ptr". "out": {"num": []. "ptr": [0]}. "in": {"num": []. "ptr": [0]}}')
debug_merge_point(0, 0, '220<main.rpyeffect:212(Name(countdown_48))>+3: {"op": "GetDynamic". "out": 0. "n": 0. "label": 0}')
+1192: i118 = instance_ptr_eq(p0, ConstPtr(ptr117))
guard_false(i118, descr=<Guard0x1583f56e0>) [p2, i7, i9, i11, i13, i15, i17, i19, i21, i23, i25, i27, i29, i31, i33, i35, i37, p40, p42, p44, p46, p48, p50, p52, p54, p56, p58, p60, p62, p64, p66, p68, p70, p0, p1, p3, p4]
+1200: i120 = instance_ptr_eq(p76, ConstPtr(ptr119))
guard_true(i120, descr=<Guard0x1583f5720>) [p2, i7, i9, i11, i13, i15, i17, i19, i21, i23, i25, i27, i29, i31, i33, i35, i37, p40, p42, p44, p46, p48, p50, p52, p54, p56, p58, p60, p62, p64, p66, p68, p70, p0, p1, p3, p4]
debug_merge_point(0, 0, '220<main.rpyeffect:212(Name(countdown_48))>+4: {"op": "Construct". "out": 1. "type": Interned({"op": "eff$Tuple". "elements": []}). "tag": Interned({"op": "eff$Tuple". "elements": []}). "args": {"num": []. "ptr": []}}')
debug_merge_point(0, 0, '220<main.rpyeffect:212(Name(countdown_48))>+5: {"op": "Push". "target": 219. "args": {"num": []. "ptr": []}}')
debug_merge_point(0, 0, '220<main.rpyeffect:212(Name(countdown_48))>+6: {"op": "Swap". "type": "ptr". "a": 1. "b". 0}')
+1208: label(p0, p102, p2, p85, p76, p82, p80, p97, i108, p90, p91, p87, p4, i11, i13, i15, i17, i19, i21, i23, i25, i27, i29, i31, i33, i35, i37, p46, p48, p50, p52, p54, p56, p58, p60, p62, p64, p66, p68, p70, p113, descr=TargetToken(5775472608))
debug_merge_point(0, 0, '220<main.rpyeffect:212(Name(countdown_48))>+6: {"op": "Swap". "type": "ptr". "a": 1. "b". 0}')
+1220: guard_not_invalidated(descr=<Guard0x15843a0d0>) [p2, i108, i11, i13, i15, i17, i19, i21, i23, i25, i27, i29, i31, i33, i35, i37, p87, p46, p48, p50, p52, p54, p56, p58, p60, p62, p64, p66, p68, p70, p0, p4, p97, p91, p90, p80, p82, p76, p85, p102]
debug_merge_point(0, 0, '220<main.rpyeffect:212(Name(countdown_48))>+7: {"op": "Invoke". "receiver": 1. "tag": Interned(%Get_0(p):n). "args" : {"num": []. "ptr": [0]}}')
+1224: p121 = getfield_gc_r(p87, descr=<FieldP rpyeffect.stored_environment.CoData__arb_arb.inst_vtable 24 pure>)
+1232: guard_value(p121, ConstPtr(ptr122), descr=<Guard0x1583f5760>) [p2, i108, i11, i13, i15, i17, i19, i21, i23, i25, i27, i29, i31, i33, i35, i37, p87, p46, p48, p50, p52, p54, p56, p58, p60, p62, p64, p66, p68, p70, p0, p4, p97, p91, p90, p80, p82, p76, p85, p102]
+1240: p123 = getfield_gc_r(p87, descr=<FieldP rpyeffect.stored_environment.CoData__0_1.inst_values_ptr_0 32 pure>)
debug_merge_point(0, 0, '248<main.rpyeffect:240([method_%Get_0(p):n@[mcore:[#42]#601]#635])>+0: {"op": "Const". "type": "num". "out": 0. "value": 0}')
debug_merge_point(0, 0, '248<main.rpyeffect:240([method_%Get_0(p):n@[mcore:[#42]#601]#635])>+1: {"op": "ShiftDyn". "out": 1. "n": 0. "label": 1}')
+1244: i124 = instance_ptr_eq(p0, p123)
guard_false(i124, descr=<Guard0x1583f57a0>) [p2, i108, i11, i13, i15, i17, i19, i21, i23, i25, i27, i29, i31, i33, i35, i37, p87, p46, p48, p50, p52, p54, p56, p58, p60, p62, p64, p66, p68, p70, p0, p4, p97, p91, p90, p80, p82, p76, p85, p102]
+1252: i125 = instance_ptr_eq(p76, p123)
guard_false(i125, descr=<Guard0x1583f57e0>) [p2, i108, i11, i13, i15, i17, i19, i21, i23, i25, i27, i29, i31, i33, i35, i37, p87, p46, p48, p50, p52, p54, p56, p58, p60, p62, p64, p66, p68, p70, p0, p4, p97, p91, p90, p80, p82, p76, p85, p102]
+1260: i126 = instance_ptr_eq(p80, p123)
guard_true(i126, descr=<Guard0x158448de0>) [p2, i108, i11, i13, i15, i17, i19, i21, i23, i25, i27, i29, i31, i33, i35, i37, p87, p46, p48, p50, p52, p54, p56, p58, p60, p62, p64, p66, p68, p70, p0, p4, p97, p91, p90, p80, p82, p76, p85, p102]
debug_merge_point(0, 0, '248<main.rpyeffect:240([method_%Get_0(p):n@[mcore:[#42]#601]#635])>+2: {"op": "Swap". "type": "ptr". "a": 1. "b". 0}')
debug_merge_point(0, 0, '248<main.rpyeffect:240([method_%Get_0(p):n@[mcore:[#42]#601]#635])>+3: {"op": "Match". "type": Interned({"op": "eff$Tuple". "elements": []}). "scrutinee": 1. "clauses": [{"tag": Interned({"op": "eff$Tuple". "elements": []}). "target": 247. "args": {"num": []. "ptr": []}}]. "default": {"tag": Interned(3f5d8ffa-b51e-4524-a5ce-235274b486a2#[Missing Tag#970]). "target": 238. "args": {"num": []. "ptr": []}}}')
debug_merge_point(0, 0, '247<main.rpyeffect:239([#644])>+0: {"op": "New". "out": 0. "targets": [240. 242. 244. 246]. "args": {"num": []. "ptr": [0]}}')
debug_merge_point(0, 0, '247<main.rpyeffect:239([#644])>+1: {"op": "Return". "args": {"num": []. "ptr": [0]}}')
debug_merge_point(0, 0, '225<main.rpyeffect:217([k@[mcore:[#39]#595]#599])>+0: {"op": "Invoke". "receiver": 0. "tag": Interned(%apply(n):n). "args" : {"num": [0]. "ptr": []}}')
debug_merge_point(0, 0, '240<main.rpyeffect:232([method_%apply(n):n@[#644]#648])>+0: {"op": "Jump". "target": 223}')
debug_merge_point(0, 0, '223<main.rpyeffect:215([mcore:[#35]#592])>+0: {"op": "Push". "target": 222. "args": {"num": [0]. "ptr": []}}')
debug_merge_point(0, 0, '223<main.rpyeffect:215([mcore:[#35]#592])>+1: {"op": "Jump". "target": 221}')
debug_merge_point(0, 0, '221<main.rpyeffect:213(Name(k_66))>+0: {"op": "PushStack". "arg": 0}')
debug_merge_point(0, 0, '221<main.rpyeffect:213(Name(k_66))>+1: {"op": "Return". "args": {"num": [0]. "ptr": []}}')
debug_merge_point(0, 0, '219<main.rpyeffect:211([k@Name(countdown_48)#551])>+0: {"op": "Push". "target": 218. "args": {"num": [0]. "ptr": []}}')
debug_merge_point(0, 0, '219<main.rpyeffect:211([k@Name(countdown_48)#551])>+1: {"op": "Jump". "target": 17}')
debug_merge_point(0, 0, '17<main.rpyeffect:9(Name(=_0))>+0: {"op": "New". "out": 0. "targets": [10. 12. 14. 16]. "args": {"num": [0]. "ptr": []}}')
debug_merge_point(0, 0, '17<main.rpyeffect:9(Name(=_0))>+1: {"op": "Return". "args": {"num": []. "ptr": [0]}}')
debug_merge_point(0, 0, '218<main.rpyeffect:210([k@[k@Name(countdown_48)#551]#553])>+0: {"op": "Const". "type": "num". "out": 1. "value": 0}')
debug_merge_point(0, 0, '218<main.rpyeffect:210([k@[k@Name(countdown_48)#551]#553])>+1: {"op": "Push". "target": 217. "args": {"num": [0]. "ptr": []}}')
debug_merge_point(0, 0, '218<main.rpyeffect:210([k@[k@Name(countdown_48)#551]#553])>+2: {"op": "Copy". "type": "num". "from": 1. "to". 0}')
debug_merge_point(0, 0, '218<main.rpyeffect:210([k@[k@Name(countdown_48)#551]#553])>+3: {"op": "Invoke". "receiver": 0. "tag": Interned(%apply(n):n). "args" : {"num": [0]. "ptr": []}}')
debug_merge_point(0, 0, '10<main.rpyeffect:2([method_%apply(n):n@Name(=_0)#7])>+0: {"op": "Jump". "target": 8}')
debug_merge_point(0, 0, '8<main.rpyeffect:0([mcore:[#9]#3])>+0: {"op": "PrimOp". "name": "infixEq(Int. Int): Boolean". "out": {"num": [0]. "ptr": []}. "in": {"num": [1. 0]. "ptr": []}}')
+1268: i128 = int_eq(i108, 0)
guard_false(i128, descr=<Guard0x158448da0>) [p2, i108, i11, i13, i15, i17, i19, i21, i23, i25, i27, i29, i31, i33, i35, i37, p87, p46, p48, p50, p52, p54, p56, p58, p60, p62, p64, p66, p68, p70, p0, p4, p97, p91, p90, p80, p82, p76, p85, p102]
debug_merge_point(0, 0, '8<main.rpyeffect:0([mcore:[#9]#3])>+1: {"op": "Return". "args": {"num": [0]. "ptr": []}}')
debug_merge_point(0, 0, '217<main.rpyeffect:209([k@[k@[k@Name(countdown_48)#551]#553]#557])>+0: {"op": "Switch". "scrutinee": 0. "values": [1]. "targets": [209]. "default": 216}')
debug_merge_point(0, 0, '216<main.rpyeffect:208([switch default case#561])>+0: {"op": "Swap". "type": "num". "a": 1. "b". 0}')
debug_merge_point(0, 0, '216<main.rpyeffect:208([switch default case#561])>+1: {"op": "Switch". "scrutinee": 1. "values": [0]. "targets": [214]. "default": 215}')
debug_merge_point(0, 0, '214<main.rpyeffect:206([switch case for 0#562])>+0: {"op": "Push". "target": 213. "args": {"num": []. "ptr": []}}')
debug_merge_point(0, 0, '214<main.rpyeffect:206([switch case for 0#562])>+1: {"op": "Jump". "target": 186}')
debug_merge_point(0, 0, '186<main.rpyeffect:178(Name(-_34))>+0: {"op": "New". "out": 0. "targets": [179. 181. 183. 185]. "args": {"num": [0]. "ptr": []}}')
debug_merge_point(0, 0, '186<main.rpyeffect:178(Name(-_34))>+1: {"op": "Return". "args": {"num": []. "ptr": [0]}}')
debug_merge_point(0, 0, '213<main.rpyeffect:205([k@[switch case for 0#562]#564])>+0: {"op": "Const". "type": "num". "out": 0. "value": 1}')
debug_merge_point(0, 0, '213<main.rpyeffect:205([k@[switch case for 0#562]#564])>+1: {"op": "Push". "target": 212. "args": {"num": []. "ptr": []}}')
debug_merge_point(0, 0, '213<main.rpyeffect:205([k@[switch case for 0#562]#564])>+2: {"op": "Invoke". "receiver": 0. "tag": Interned(%apply(n):n). "args" : {"num": [0]. "ptr": []}}')
debug_merge_point(0, 0, '179<main.rpyeffect:171([method_%apply(n):n@Name(-_34)#469])>+0: {"op": "Jump". "target": 177}')
debug_merge_point(0, 0, '177<main.rpyeffect:169([mcore:[#24]#465])>+0: {"op": "PrimOp". "name": "infixSub(Int. Int): Int". "out": {"num": [0]. "ptr": []}. "in": {"num": [1. 0]. "ptr": []}}')
+1276: i130 = int_sub(i108, 1)
debug_merge_point(0, 0, '177<main.rpyeffect:169([mcore:[#24]#465])>+1: {"op": "Return". "args": {"num": [0]. "ptr": []}}')
debug_merge_point(0, 0, '212<main.rpyeffect:204([k@[k@[switch case for 0#562]#564]#568])>+0: {"op": "Const". "type": "num". "out": 1. "value": 0}')
debug_merge_point(0, 0, '212<main.rpyeffect:204([k@[k@[switch case for 0#562]#564]#568])>+1: {"op": "Const". "type": "ptr". "out": 0. "format": "string". "value": "Name(Set_1)"}')
debug_merge_point(0, 0, '212<main.rpyeffect:204([k@[k@[switch case for 0#562]#564]#568])>+2: {"op": "PrimOp". "name": "getGlobal(String): Ptr". "out": {"num": []. "ptr": [0]}. "in": {"num": []. "ptr": [0]}}')
debug_merge_point(0, 0, '212<main.rpyeffect:204([k@[k@[switch case for 0#562]#564]#568])>+3: {"op": "GetDynamic". "out": 0. "n": 1. "label": 0}')
debug_merge_point(0, 0, '212<main.rpyeffect:204([k@[k@[switch case for 0#562]#564]#568])>+4: {"op": "Push". "target": 211. "args": {"num": []. "ptr": []}}')
debug_merge_point(0, 0, '212<main.rpyeffect:204([k@[k@[switch case for 0#562]#564]#568])>+5: {"op": "Invoke". "receiver": 0. "tag": Interned(%Set_1(n):p). "args" : {"num": [0]. "ptr": []}}')
debug_merge_point(0, 0, '271<main.rpyeffect:263([method_%Set_1(n):p@[mcore:[#42]#601]#718])>+0: {"op": "Const". "type": "num". "out": 1. "value": 0}')
debug_merge_point(0, 0, '271<main.rpyeffect:263([method_%Set_1(n):p@[mcore:[#42]#601]#718])>+1: {"op": "ShiftDyn". "out": 0. "n": 1. "label": 0}')
+1280: i131 = instance_ptr_eq(p76, p113)
guard_false(i131, descr=<Guard0x158448d60>) [p2, i108, i11, i13, i15, i17, i19, i21, i23, i25, i27, i29, i31, i33, i35, i37, p87, p46, p48, p50, p52, p54, p56, p58, p60, p62, p64, p66, p68, p70, p0, p4, p97, p91, p90, p80, p82, p76, p85, p102]
+1288: i132 = instance_ptr_eq(p80, p113)
guard_true(i132, descr=<Guard0x158448d20>) [p2, i108, i11, i13, i15, i17, i19, i21, i23, i25, i27, i29, i31, i33, i35, i37, p87, p46, p48, p50, p52, p54, p56, p58, p60, p62, p64, p66, p68, p70, p0, p4, p97, p91, p90, p80, p82, p76, p85, p102]
debug_merge_point(0, 0, '271<main.rpyeffect:263([method_%Set_1(n):p@[mcore:[#42]#601]#718])>+2: {"op": "New". "out": 0. "targets": [264. 266. 268. 270]. "args": {"num": [0]. "ptr": [0]}}')
debug_merge_point(0, 0, '271<main.rpyeffect:263([method_%Set_1(n):p@[mcore:[#42]#601]#718])>+3: {"op": "Return". "args": {"num": []. "ptr": [0]}}')
debug_merge_point(0, 0, '222<main.rpyeffect:214([k@[mcore:[#35]#592]#594])>+0: {"op": "Invoke". "receiver": 0. "tag": Interned(%apply(n):n). "args" : {"num": [0]. "ptr": []}}')
debug_merge_point(0, 0, '264<main.rpyeffect:256([#727])>+0: {"op": "Jump". "target": 226}')
debug_merge_point(0, 0, '226<main.rpyeffect:218([mcore:[#39]#595])>+0: {"op": "Construct". "out": 1. "type": Interned({"op": "eff$Tuple". "elements": []}). "tag": Interned({"op": "eff$Tuple". "elements": []}). "args": {"num": []. "ptr": []}}')
debug_merge_point(0, 0, '226<main.rpyeffect:218([mcore:[#39]#595])>+1: {"op": "Push". "target": 225. "args": {"num": [1]. "ptr": []}}')
debug_merge_point(0, 0, '226<main.rpyeffect:218([mcore:[#39]#595])>+2: {"op": "Swap". "type": "ptr". "a": 1. "b". 0}')
debug_merge_point(0, 0, '226<main.rpyeffect:218([mcore:[#39]#595])>+3: {"op": "Jump". "target": 224}')
debug_merge_point(0, 0, '224<main.rpyeffect:216(Name(k_70))>+0: {"op": "PushStack". "arg": 1}')
debug_merge_point(0, 0, '224<main.rpyeffect:216(Name(k_70))>+1: {"op": "Return". "args": {"num": []. "ptr": [0]}}')
debug_merge_point(0, 0, '211<main.rpyeffect:203([#576])>+0: {"op": "Construct". "out": 0. "type": Interned({"op": "eff$Tuple". "elements": []}). "tag": Interned({"op": "eff$Tuple". "elements": []}). "args": {"num": []. "ptr": []}}')
debug_merge_point(0, 0, '211<main.rpyeffect:203([#576])>+1: {"op": "Const". "type": "ptr". "out": 1. "format": "string". "value": "Name(Get_0)"}')
debug_merge_point(0, 0, '211<main.rpyeffect:203([#576])>+2: {"op": "PrimOp". "name": "getGlobal(String): Ptr". "out": {"num": []. "ptr": [1]}. "in": {"num": []. "ptr": [1]}}')
debug_merge_point(0, 0, '211<main.rpyeffect:203([#576])>+3: {"op": "Const". "type": "ptr". "out": 2. "format": "string". "value": "Name(Set_1)"}')
debug_merge_point(0, 0, '211<main.rpyeffect:203([#576])>+4: {"op": "PrimOp". "name": "getGlobal(String): Ptr". "out": {"num": []. "ptr": [2]}. "in": {"num": []. "ptr": [2]}}')
debug_merge_point(0, 0, '211<main.rpyeffect:203([#576])>+5: {"op": "Push". "target": 210. "args": {"num": []. "ptr": []}}')
debug_merge_point(0, 0, '211<main.rpyeffect:203([#576])>+6: {"op": "Jump". "target": 208}')
debug_merge_point(0, 0, '208<main.rpyeffect:200([mcore:[eta-expanded fn#434]#533])>+0: {"op": "Push". "target": 207. "args": {"num": []. "ptr": []}}')
debug_merge_point(0, 0, '208<main.rpyeffect:200([mcore:[eta-expanded fn#434]#533])>+1: {"op": "Jump". "target": 220}')
debug_merge_point(0, 0, '220<main.rpyeffect:212(Name(countdown_48))>+0: {"op": "Const". "type": "num". "out": 0. "value": 0}')
debug_merge_point(0, 0, '220<main.rpyeffect:212(Name(countdown_48))>+1: {"op": "Const". "type": "ptr". "out": 0. "format": "string". "value": "Name(Get_0)"}')
debug_merge_point(0, 0, '220<main.rpyeffect:212(Name(countdown_48))>+2: {"op": "PrimOp". "name": "getGlobal(String): Ptr". "out": {"num": []. "ptr": [0]}. "in": {"num": []. "ptr": [0]}}')
debug_merge_point(0, 0, '220<main.rpyeffect:212(Name(countdown_48))>+3: {"op": "GetDynamic". "out": 0. "n": 0. "label": 0}')
+1300: i134 = instance_ptr_eq(p0, ConstPtr(ptr133))
guard_false(i134, descr=<Guard0x158448ce0>) [p2, i108, i11, i13, i15, i17, i19, i21, i23, i25, i27, i29, i31, i33, i35, i37, p87, p46, p48, p50, p52, p54, p56, p58, p60, p62, p64, p66, p68, p70, p0, p4, p97, p91, p90, p80, p82, p76, p85, p102]
+1308: i136 = instance_ptr_eq(p76, ConstPtr(ptr135))
guard_true(i136, descr=<Guard0x158448ca0>) [p2, i108, i11, i13, i15, i17, i19, i21, i23, i25, i27, i29, i31, i33, i35, i37, p87, p46, p48, p50, p52, p54, p56, p58, p60, p62, p64, p66, p68, p70, p0, p4, p97, p91, p90, p80, p82, p76, p85, p102]
debug_merge_point(0, 0, '220<main.rpyeffect:212(Name(countdown_48))>+4: {"op": "Construct". "out": 1. "type": Interned({"op": "eff$Tuple". "elements": []}). "tag": Interned({"op": "eff$Tuple". "elements": []}). "args": {"num": []. "ptr": []}}')
debug_merge_point(0, 0, '220<main.rpyeffect:212(Name(countdown_48))>+5: {"op": "Push". "target": 219. "args": {"num": []. "ptr": []}}')
debug_merge_point(0, 0, '220<main.rpyeffect:212(Name(countdown_48))>+6: {"op": "Swap". "type": "ptr". "a": 1. "b". 0}')
+1316: p137 = new_with_vtable(descr=<SizeDescr 40>)
+1428: p138 = new_with_vtable(descr=<SizeDescr 40>)
+1440: setfield_gc(p138, p102, descr=<FieldP rpyeffect.stored_environment.Stack__arb_arb.inst_tail 8 pure>)
+1444: setfield_gc(p138, 210, descr=<FieldS rpyeffect.stored_environment.Stack__arb_arb.inst_target 16 pure>)
+1452: setfield_gc(p137, 207, descr=<FieldS rpyeffect.stored_environment.Stack__arb_arb.inst_target 16 pure>)
+1460: setfield_gc(p137, p138, descr=<FieldP rpyeffect.stored_environment.Stack__arb_arb.inst_tail 8 pure>)
+1500: i141 = instance_ptr_eq(p0, ConstPtr(ptr109))
guard_true(i141, descr=<Guard0x158446498>) [p2, i130, i11, i13, i15, i17, i19, i21, i23, i25, i27, i29, i31, i33, i35, i37, p87, p46, p48, p50, p52, p54, p56, p58, p60, p62, p64, p66, p68, p70, p0, p4, p137, p97, p91, p90, p80, p82, p76, p85, None]
+1512: i143 = instance_ptr_eq(p0, p113)
guard_false(i143, descr=<Guard0x158446440>) [p2, i130, i11, i13, i15, i17, i19, i21, i23, i25, i27, i29, i31, i33, i35, i37, p87, p46, p48, p50, p52, p54, p56, p58, p60, p62, p64, p66, p68, p70, p0, p4, p137, p97, p91, p90, p80, p82, p76, p85, None]
+1520: jump(p0, p137, p2, p85, p76, p82, p80, p97, i130, p90, p91, p87, p4, i11, i13, i15, i17, i19, i21, i23, i25, i27, i29, i31, i33, i35, i37, p46, p48, p50, p52, p54, p56, p58, p60, p62, p64, p66, p68, p70, p113, descr=TargetToken(5775472608))
+1540: --end of the loop--
[8d5d74] jit-log-opt-loop}
