[54b1f7] {jit-log-opt-loop
# Loop 1 (36<main.rpyeffect:36(Name(go434249))>+1: {"op": "Jump", "target": 10}) : loop with 165 ops
[p0, p1, p2, p3, p4]
+280: p5 = getfield_gc_r(p2, descr=<FieldP rpyeffect.environment.Environment.inst_values_num 16>)
+288: i7 = getarrayitem_gc_i(p5, 0, descr=<ArrayS 8>)
+292: i9 = getarrayitem_gc_i(p5, 1, descr=<ArrayS 8>)
+296: i11 = getarrayitem_gc_i(p5, 2, descr=<ArrayS 8>)
+300: i13 = getarrayitem_gc_i(p5, 3, descr=<ArrayS 8>)
+304: p14 = getfield_gc_r(p2, descr=<FieldP rpyeffect.environment.Environment.inst_values_ptr 24>)
+308: p16 = getarrayitem_gc_r(p14, 0, descr=<ArrayP 8>)
+312: p18 = getarrayitem_gc_r(p14, 1, descr=<ArrayP 8>)
+316: p20 = getarrayitem_gc_r(p14, 2, descr=<ArrayP 8>)
+320: p22 = getarrayitem_gc_r(p14, 3, descr=<ArrayP 8>)
+324: p24 = getarrayitem_gc_r(p14, 4, descr=<ArrayP 8>)
+328: label(p0, p1, p2, p3, p4, i7, i9, i11, i13, p16, p18, p20, p22, p24, descr=TargetToken(4970186416))
debug_merge_point(0, 0, '36<main.rpyeffect:36(Name(go434249))>+1: {"op": "Jump". "target": 10}')
+356: guard_not_invalidated(descr=<Guard0x1283f2650>) [p2, i7, i9, i11, i13, p16, p18, p20, p22, p24, p0, p1, p3, p4]
+360: guard_nonnull(p1, descr=<Guard0x1283e1560>) [p2, i7, i9, i11, i13, p16, p18, p20, p22, p24, p0, p1, p3, p4]
+372: i25 = getfield_gc_i(p1, descr=<FieldS rpyeffect.stored_environment.Stack__arb_arb.inst_target 16 pure>)
+380: guard_value(i25, 35, descr=<Guard0x1283e15a0>) [p2, i7, i9, i11, i13, p16, p18, p20, p22, p24, p0, p1, p3, p4]
debug_merge_point(0, 0, '10<main.rpyeffect:10(Name(infixGt174))>+0: {"op": "PrimOp". "name": "infixGt(Int. Int): Boolean". "out": {"num": [0]. "ptr": []}. "in": {"num": [0. 1]. "ptr": []}}')
+392: i27 = int_gt(i7, i9)
guard_false(i27, descr=<Guard0x1283e15e0>) [p2, i7, i9, i11, i13, p16, p18, p20, p22, p24, p0, p1, p3, p4]
debug_merge_point(0, 0, '10<main.rpyeffect:10(Name(infixGt174))>+1: {"op": "Return". "args": {"num": [0]. "ptr": []}}')
+400: i28 = getfield_gc_i(p1, descr=<FieldS rpyeffect.stored_environment.Stack__2_1.inst_values_num_0 40 pure>)
+404: i29 = getfield_gc_i(p1, descr=<FieldS rpyeffect.stored_environment.Stack__2_1.inst_values_num_1 48 pure>)
+408: p30 = getfield_gc_r(p1, descr=<FieldP rpyeffect.stored_environment.Stack__2_1.inst_values_ptr_0 56 pure>)
+412: p31 = getfield_gc_r(p1, descr=<FieldP rpyeffect.stored_environment.Stack__arb_arb.inst_tail 8 pure>)
debug_merge_point(0, 0, '35<main.rpyeffect:35([k@Name(go434249)#42])>+0: {"op": "Swap". "type": "num". "a": 1. "b". 0}')
debug_merge_point(0, 0, '35<main.rpyeffect:35([k@Name(go434249)#42])>+1: {"op": "Swap". "type": "num". "a": 2. "b". 0}')
debug_merge_point(0, 0, '35<main.rpyeffect:35([k@Name(go434249)#42])>+2: {"op": "IfZero". "cond": 1. "then": {"tag": null. "target": 34. "args": {"num": []. "ptr": []}}}')
+416: guard_nonnull(p31, descr=<Guard0x1283e1620>) [p2, i7, i9, i11, i13, p16, p18, p20, p22, p24, p0, p1, p3, p4]
+424: i32 = getfield_gc_i(p31, descr=<FieldS rpyeffect.stored_environment.Stack__arb_arb.inst_target 16 pure>)
+428: guard_value(i32, 119, descr=<Guard0x1283e1660>) [p2, i7, i9, i11, i13, p16, p18, p20, p22, p24, p0, p1, p3, p4]
debug_merge_point(0, 0, '34<main.rpyeffect:34([then#44])>+0: {"op": "Copy". "type": "num". "from": 2. "to". 1}')
debug_merge_point(0, 0, '34<main.rpyeffect:34([then#44])>+1: {"op": "PrimOp". "name": "box(Num): Ptr". "out": {"num": []. "ptr": [1]}. "in": {"num": [1]. "ptr": []}}')
debug_merge_point(0, 0, '34<main.rpyeffect:34([then#44])>+2: {"op": "Push". "target": 33. "args": {"num": [2. 0]. "ptr": [0]}}')
debug_merge_point(0, 0, '34<main.rpyeffect:34([then#44])>+3: {"op": "Swap". "type": "ptr". "a": 0. "b". 1}')
debug_merge_point(0, 0, '34<main.rpyeffect:34([then#44])>+4: {"op": "Jump". "target": 31}')
debug_merge_point(0, 0, '31<main.rpyeffect:31([mcore:[#72]#40])>+0: {"op": "Invoke". "receiver": 1. "tag": Interned(%emit2645(p):p). "args" : {"num": []. "ptr": [0]}}')
+440: p34 = getfield_gc_r(p30, descr=<FieldP rpyeffect.stored_environment.CoData__arb_arb.inst_vtable 24 pure>)
+448: guard_value(p34, ConstPtr(ptr35), descr=<Guard0x1283e16a0>) [p2, i7, i9, i11, i13, p16, p18, p20, p22, p24, p0, p1, p3, p4]
+456: p36 = getfield_gc_r(p30, descr=<FieldP rpyeffect.stored_environment.CoData__0_2.inst_values_ptr_0 32 pure>)
+460: p37 = getfield_gc_r(p30, descr=<FieldP rpyeffect.stored_environment.CoData__0_2.inst_values_ptr_1 40 pure>)
debug_merge_point(0, 0, '129<main.rpyeffect:129([#350])>+0: {"op": "Const". "type": "num". "out": 0. "value": 0}')
debug_merge_point(0, 0, '129<main.rpyeffect:129([#350])>+1: {"op": "ShiftDyn". "out": 2. "n": 0. "label": 2}')
+464: guard_isnull(p4, descr=<Guard0x1283e16e0>) [p2, i7, i9, i11, i13, p16, p18, p20, p22, p24, p0, p1, p3, p4]
+476: i38 = instance_ptr_eq(p0, p37)
guard_true(i38, descr=<Guard0x1283e1720>) [p2, i7, i9, i11, i13, p16, p18, p20, p22, p24, p0, p1, p3, p4]
+488: guard_nonnull_class(p3, 4379045568, descr=<Guard0x1283f26a8>) [p2, i7, i9, i11, i13, p16, p18, p20, p22, p24, p0, p1, p3, p4]
+516: p40 = getfield_gc_r(p3, descr=<FieldP rpyeffect.stack.MetaStackLike.inst_stack 8 pure>)
+520: p41 = getfield_gc_r(p3, descr=<FieldP rpyeffect.stack.MetaStack.inst_label 16 pure>)
+524: p42 = getfield_gc_r(p3, descr=<FieldP rpyeffect.stack.MetaStack.inst_tail 32 pure>)
+528: guard_nonnull(p40, descr=<Guard0x1283e1760>) [p2, i7, i9, i11, i13, p16, p18, p20, p22, p24, p0, p1, p3, p4]
+536: i43 = getfield_gc_i(p40, descr=<FieldS rpyeffect.stored_environment.Stack__arb_arb.inst_target 16 pure>)
+540: guard_value(i43, 118, descr=<Guard0x1283e17a0>) [p2, i7, i9, i11, i13, p16, p18, p20, p22, p24, p0, p1, p3, p4]
debug_merge_point(0, 0, '129<main.rpyeffect:129([#350])>+2: {"op": "Load". "out": 0. "type": "num". "ref": 1}')
+552: i45 = getfield_gc_i(p36, descr=<FieldS rpyeffect.region.NumRef.inst_value 8>)
debug_merge_point(0, 0, '129<main.rpyeffect:129([#350])>+3: {"op": "Copy". "type": "ptr". "from": 0. "to". 3}')
debug_merge_point(0, 0, '129<main.rpyeffect:129([#350])>+4: {"op": "PrimOp". "name": "unbox(Ptr): Num". "out": {"num": [1]. "ptr": []}. "in": {"num": []. "ptr": [3]}}')
debug_merge_point(0, 0, '129<main.rpyeffect:129([#350])>+5: {"op": "PrimOp". "name": "unbox(Ptr): Num". "out": {"num": [2]. "ptr": []}. "in": {"num": []. "ptr": [0]}}')
debug_merge_point(0, 0, '129<main.rpyeffect:129([#350])>+6: {"op": "Push". "target": 128. "args": {"num": [0]. "ptr": [1. 2]}}')
debug_merge_point(0, 0, '129<main.rpyeffect:129([#350])>+7: {"op": "Copy". "type": "num". "from": 1. "to". 0}')
debug_merge_point(0, 0, '129<main.rpyeffect:129([#350])>+8: {"op": "Copy". "type": "num". "from": 2. "to". 1}')
debug_merge_point(0, 0, '129<main.rpyeffect:129([#350])>+9: {"op": "Jump". "target": 6}')
debug_merge_point(0, 0, '6<main.rpyeffect:6(Name(infixMul98))>+0: {"op": "PrimOp". "name": "infixMul(Int. Int): Int". "out": {"num": [0]. "ptr": []}. "in": {"num": [0. 1]. "ptr": []}}')
+556: i46 = int_mul(i28, i28)
debug_merge_point(0, 0, '6<main.rpyeffect:6(Name(infixMul98))>+1: {"op": "Return". "args": {"num": [0]. "ptr": []}}')
debug_merge_point(0, 0, '128<main.rpyeffect:128([k@[#350]#363])>+0: {"op": "Push". "target": 127. "args": {"num": []. "ptr": [0. 1]}}')
debug_merge_point(0, 0, '128<main.rpyeffect:128([k@[#350]#363])>+1: {"op": "Swap". "type": "num". "a": 1. "b". 0}')
debug_merge_point(0, 0, '128<main.rpyeffect:128([k@[#350]#363])>+2: {"op": "Jump". "target": 5}')
debug_merge_point(0, 0, '5<main.rpyeffect:5(Name(infixAdd95))>+0: {"op": "PrimOp". "name": "infixAdd(Int. Int): Int". "out": {"num": [0]. "ptr": []}. "in": {"num": [0. 1]. "ptr": []}}')
+560: i47 = int_add(i45, i46)
debug_merge_point(0, 0, '5<main.rpyeffect:5(Name(infixAdd95))>+1: {"op": "Return". "args": {"num": [0]. "ptr": []}}')
debug_merge_point(0, 0, '127<main.rpyeffect:127([k@[k@[#350]#363]#365])>+0: {"op": "Const". "type": "num". "out": 1. "value": 1009}')
debug_merge_point(0, 0, '127<main.rpyeffect:127([k@[k@[#350]#363]#365])>+1: {"op": "Push". "target": 126. "args": {"num": []. "ptr": [0. 1]}}')
debug_merge_point(0, 0, '127<main.rpyeffect:127([k@[k@[#350]#363]#365])>+2: {"op": "Jump". "target": 8}')
debug_merge_point(0, 0, '8<main.rpyeffect:8(Name(mod107))>+0: {"op": "PrimOp". "name": "mod(Int. Int): Int". "out": {"num": [0]. "ptr": []}. "in": {"num": [0. 1]. "ptr": []}}')
+564: i49 = int_rshift(i47, 63)
+572: i50 = int_xor(i47, i49)
+576: i52 = uint_mul_high(i50, -9086255505087856445)
+596: i54 = uint_rshift(i52, 9)
+604: i55 = int_xor(i54, i49)
+608: i57 = int_mul(i55, 1009)
+616: i58 = int_sub(i47, i57)
debug_merge_point(0, 0, '8<main.rpyeffect:8(Name(mod107))>+1: {"op": "Return". "args": {"num": [0]. "ptr": []}}')
debug_merge_point(0, 0, '126<main.rpyeffect:126([k@[k@[k@[#350]#363]#365]#368])>+0: {"op": "Store". "ref": 0. "type": "num". "value": 0}')
debug_merge_point(0, 0, '126<main.rpyeffect:126([k@[k@[k@[#350]#363]#365]#368])>+1: {"op": "Construct". "out": 0. "type": Interned(Unit). "tag": Interned(unit). "args": {"num": []. "ptr": []}}')
debug_merge_point(0, 0, '126<main.rpyeffect:126([k@[k@[k@[#350]#363]#365]#368])>+2: {"op": "Construct". "out": 0. "type": Interned(Unit). "tag": Interned(unit). "args": {"num": []. "ptr": []}}')
debug_merge_point(0, 0, '126<main.rpyeffect:126([k@[k@[k@[#350]#363]#365]#368])>+3: {"op": "Jump". "target": 30}')
debug_merge_point(0, 0, '30<main.rpyeffect:30(Name(resume84123))>+0: {"op": "PushStack". "arg": 1}')
debug_merge_point(0, 0, '30<main.rpyeffect:30(Name(resume84123))>+1: {"op": "Return". "args": {"num": []. "ptr": [0]}}')
debug_merge_point(0, 0, '33<main.rpyeffect:33([k@[then#44]#49])>+0: {"op": "Const". "type": "num". "out": 2. "value": 1}')
debug_merge_point(0, 0, '33<main.rpyeffect:33([k@[then#44]#49])>+1: {"op": "Push". "target": 32. "args": {"num": [1]. "ptr": [1]}}')
debug_merge_point(0, 0, '33<main.rpyeffect:33([k@[then#44]#49])>+2: {"op": "Copy". "type": "num". "from": 2. "to". 1}')
debug_merge_point(0, 0, '33<main.rpyeffect:33([k@[then#44]#49])>+3: {"op": "Jump". "target": 5}')
debug_merge_point(0, 0, '5<main.rpyeffect:5(Name(infixAdd95))>+0: {"op": "PrimOp". "name": "infixAdd(Int. Int): Int". "out": {"num": [0]. "ptr": []}. "in": {"num": [0. 1]. "ptr": []}}')
+620: i60 = int_add(i28, 1)
debug_merge_point(0, 0, '5<main.rpyeffect:5(Name(infixAdd95))>+1: {"op": "Return". "args": {"num": [0]. "ptr": []}}')
debug_merge_point(0, 0, '32<main.rpyeffect:32([k@[k@[then#44]#49]#53])>+0: {"op": "Jump". "target": 36}')
debug_merge_point(0, 0, '36<main.rpyeffect:36(Name(go434249))>+0: {"op": "Push". "target": 35. "args": {"num": [0. 1]. "ptr": [0]}}')
debug_merge_point(0, 0, '36<main.rpyeffect:36(Name(go434249))>+1: {"op": "Jump". "target": 10}')
+624: setfield_gc(p36, i58, descr=<FieldS rpyeffect.region.NumRef.inst_value 8>)
+628: label(p0, p31, i60, i29, p30, p2, p40, p41, p42, i13, i28, p24, p36, i58, descr=TargetToken(4970186496))
debug_merge_point(0, 0, '36<main.rpyeffect:36(Name(go434249))>+1: {"op": "Jump". "target": 10}')
+652: guard_not_invalidated(descr=<Guard0x1283f2700>) [p2, i60, i29, i13, p30, p24, p0, p42, p41, p40, i28, p31]
debug_merge_point(0, 0, '10<main.rpyeffect:10(Name(infixGt174))>+0: {"op": "PrimOp". "name": "infixGt(Int. Int): Boolean". "out": {"num": [0]. "ptr": []}. "in": {"num": [0. 1]. "ptr": []}}')
+656: i61 = int_gt(i60, i29)
guard_false(i61, descr=<Guard0x1283e17e0>) [p2, i60, i29, i13, p30, p24, p0, p42, p41, p40, i28, p31]
debug_merge_point(0, 0, '10<main.rpyeffect:10(Name(infixGt174))>+1: {"op": "Return". "args": {"num": [0]. "ptr": []}}')
debug_merge_point(0, 0, '35<main.rpyeffect:35([k@Name(go434249)#42])>+0: {"op": "Swap". "type": "num". "a": 1. "b". 0}')
debug_merge_point(0, 0, '35<main.rpyeffect:35([k@Name(go434249)#42])>+1: {"op": "Swap". "type": "num". "a": 2. "b". 0}')
debug_merge_point(0, 0, '35<main.rpyeffect:35([k@Name(go434249)#42])>+2: {"op": "IfZero". "cond": 1. "then": {"tag": null. "target": 34. "args": {"num": []. "ptr": []}}}')
debug_merge_point(0, 0, '34<main.rpyeffect:34([then#44])>+0: {"op": "Copy". "type": "num". "from": 2. "to". 1}')
debug_merge_point(0, 0, '34<main.rpyeffect:34([then#44])>+1: {"op": "PrimOp". "name": "box(Num): Ptr". "out": {"num": []. "ptr": [1]}. "in": {"num": [1]. "ptr": []}}')
debug_merge_point(0, 0, '34<main.rpyeffect:34([then#44])>+2: {"op": "Push". "target": 33. "args": {"num": [2. 0]. "ptr": [0]}}')
debug_merge_point(0, 0, '34<main.rpyeffect:34([then#44])>+3: {"op": "Swap". "type": "ptr". "a": 0. "b". 1}')
debug_merge_point(0, 0, '34<main.rpyeffect:34([then#44])>+4: {"op": "Jump". "target": 31}')
debug_merge_point(0, 0, '31<main.rpyeffect:31([mcore:[#72]#40])>+0: {"op": "Invoke". "receiver": 1. "tag": Interned(%emit2645(p):p). "args" : {"num": []. "ptr": [0]}}')
debug_merge_point(0, 0, '129<main.rpyeffect:129([#350])>+0: {"op": "Const". "type": "num". "out": 0. "value": 0}')
debug_merge_point(0, 0, '129<main.rpyeffect:129([#350])>+1: {"op": "ShiftDyn". "out": 2. "n": 0. "label": 2}')
debug_merge_point(0, 0, '129<main.rpyeffect:129([#350])>+2: {"op": "Load". "out": 0. "type": "num". "ref": 1}')
debug_merge_point(0, 0, '129<main.rpyeffect:129([#350])>+3: {"op": "Copy". "type": "ptr". "from": 0. "to". 3}')
debug_merge_point(0, 0, '129<main.rpyeffect:129([#350])>+4: {"op": "PrimOp". "name": "unbox(Ptr): Num". "out": {"num": [1]. "ptr": []}. "in": {"num": []. "ptr": [3]}}')
debug_merge_point(0, 0, '129<main.rpyeffect:129([#350])>+5: {"op": "PrimOp". "name": "unbox(Ptr): Num". "out": {"num": [2]. "ptr": []}. "in": {"num": []. "ptr": [0]}}')
debug_merge_point(0, 0, '129<main.rpyeffect:129([#350])>+6: {"op": "Push". "target": 128. "args": {"num": [0]. "ptr": [1. 2]}}')
debug_merge_point(0, 0, '129<main.rpyeffect:129([#350])>+7: {"op": "Copy". "type": "num". "from": 1. "to". 0}')
debug_merge_point(0, 0, '129<main.rpyeffect:129([#350])>+8: {"op": "Copy". "type": "num". "from": 2. "to". 1}')
debug_merge_point(0, 0, '129<main.rpyeffect:129([#350])>+9: {"op": "Jump". "target": 6}')
debug_merge_point(0, 0, '6<main.rpyeffect:6(Name(infixMul98))>+0: {"op": "PrimOp". "name": "infixMul(Int. Int): Int". "out": {"num": [0]. "ptr": []}. "in": {"num": [0. 1]. "ptr": []}}')
+664: i62 = int_mul(i60, i60)
debug_merge_point(0, 0, '6<main.rpyeffect:6(Name(infixMul98))>+1: {"op": "Return". "args": {"num": [0]. "ptr": []}}')
debug_merge_point(0, 0, '128<main.rpyeffect:128([k@[#350]#363])>+0: {"op": "Push". "target": 127. "args": {"num": []. "ptr": [0. 1]}}')
debug_merge_point(0, 0, '128<main.rpyeffect:128([k@[#350]#363])>+1: {"op": "Swap". "type": "num". "a": 1. "b". 0}')
debug_merge_point(0, 0, '128<main.rpyeffect:128([k@[#350]#363])>+2: {"op": "Jump". "target": 5}')
debug_merge_point(0, 0, '5<main.rpyeffect:5(Name(infixAdd95))>+0: {"op": "PrimOp". "name": "infixAdd(Int. Int): Int". "out": {"num": [0]. "ptr": []}. "in": {"num": [0. 1]. "ptr": []}}')
+668: i63 = int_add(i58, i62)
debug_merge_point(0, 0, '5<main.rpyeffect:5(Name(infixAdd95))>+1: {"op": "Return". "args": {"num": [0]. "ptr": []}}')
debug_merge_point(0, 0, '127<main.rpyeffect:127([k@[k@[#350]#363]#365])>+0: {"op": "Const". "type": "num". "out": 1. "value": 1009}')
debug_merge_point(0, 0, '127<main.rpyeffect:127([k@[k@[#350]#363]#365])>+1: {"op": "Push". "target": 126. "args": {"num": []. "ptr": [0. 1]}}')
debug_merge_point(0, 0, '127<main.rpyeffect:127([k@[k@[#350]#363]#365])>+2: {"op": "Jump". "target": 8}')
debug_merge_point(0, 0, '8<main.rpyeffect:8(Name(mod107))>+0: {"op": "PrimOp". "name": "mod(Int. Int): Int". "out": {"num": [0]. "ptr": []}. "in": {"num": [0. 1]. "ptr": []}}')
+672: i65 = int_rshift(i63, 63)
+680: i66 = int_xor(i63, i65)
+684: i68 = uint_mul_high(i66, -9086255505087856445)
+704: i70 = uint_rshift(i68, 9)
+712: i71 = int_xor(i70, i65)
+716: i73 = int_mul(i71, 1009)
+724: i74 = int_sub(i63, i73)
debug_merge_point(0, 0, '8<main.rpyeffect:8(Name(mod107))>+1: {"op": "Return". "args": {"num": [0]. "ptr": []}}')
debug_merge_point(0, 0, '126<main.rpyeffect:126([k@[k@[k@[#350]#363]#365]#368])>+0: {"op": "Store". "ref": 0. "type": "num". "value": 0}')
debug_merge_point(0, 0, '126<main.rpyeffect:126([k@[k@[k@[#350]#363]#365]#368])>+1: {"op": "Construct". "out": 0. "type": Interned(Unit). "tag": Interned(unit). "args": {"num": []. "ptr": []}}')
debug_merge_point(0, 0, '126<main.rpyeffect:126([k@[k@[k@[#350]#363]#365]#368])>+2: {"op": "Construct". "out": 0. "type": Interned(Unit). "tag": Interned(unit). "args": {"num": []. "ptr": []}}')
debug_merge_point(0, 0, '126<main.rpyeffect:126([k@[k@[k@[#350]#363]#365]#368])>+3: {"op": "Jump". "target": 30}')
debug_merge_point(0, 0, '30<main.rpyeffect:30(Name(resume84123))>+0: {"op": "PushStack". "arg": 1}')
debug_merge_point(0, 0, '30<main.rpyeffect:30(Name(resume84123))>+1: {"op": "Return". "args": {"num": []. "ptr": [0]}}')
debug_merge_point(0, 0, '33<main.rpyeffect:33([k@[then#44]#49])>+0: {"op": "Const". "type": "num". "out": 2. "value": 1}')
debug_merge_point(0, 0, '33<main.rpyeffect:33([k@[then#44]#49])>+1: {"op": "Push". "target": 32. "args": {"num": [1]. "ptr": [1]}}')
debug_merge_point(0, 0, '33<main.rpyeffect:33([k@[then#44]#49])>+2: {"op": "Copy". "type": "num". "from": 2. "to". 1}')
debug_merge_point(0, 0, '33<main.rpyeffect:33([k@[then#44]#49])>+3: {"op": "Jump". "target": 5}')
debug_merge_point(0, 0, '5<main.rpyeffect:5(Name(infixAdd95))>+0: {"op": "PrimOp". "name": "infixAdd(Int. Int): Int". "out": {"num": [0]. "ptr": []}. "in": {"num": [0. 1]. "ptr": []}}')
+728: i76 = int_add(i60, 1)
debug_merge_point(0, 0, '5<main.rpyeffect:5(Name(infixAdd95))>+1: {"op": "Return". "args": {"num": [0]. "ptr": []}}')
debug_merge_point(0, 0, '32<main.rpyeffect:32([k@[k@[then#44]#49]#53])>+0: {"op": "Jump". "target": 36}')
debug_merge_point(0, 0, '36<main.rpyeffect:36(Name(go434249))>+0: {"op": "Push". "target": 35. "args": {"num": [0. 1]. "ptr": [0]}}')
debug_merge_point(0, 0, '36<main.rpyeffect:36(Name(go434249))>+1: {"op": "Jump". "target": 10}')
+732: setfield_gc(p36, i74, descr=<FieldS rpyeffect.region.NumRef.inst_value 8>)
+736: jump(p0, p31, i76, i29, p30, p2, p40, p41, p42, i13, i60, p24, p36, i74, descr=TargetToken(4970186496))
+752: --end of the loop--
[56fe05] jit-log-opt-loop}
[be638ae] {jit-log-opt-loop
# Loop 2 (43<main.rpyeffect:43(Name(go434252))>+1: {"op": "Jump", "target": 10}) : loop with 143 ops
[p0, p1, p2, p3, p4]
+280: p5 = getfield_gc_r(p2, descr=<FieldP rpyeffect.environment.Environment.inst_values_num 16>)
+288: i7 = getarrayitem_gc_i(p5, 0, descr=<ArrayS 8>)
+292: i9 = getarrayitem_gc_i(p5, 1, descr=<ArrayS 8>)
+296: i11 = getarrayitem_gc_i(p5, 2, descr=<ArrayS 8>)
+300: i13 = getarrayitem_gc_i(p5, 3, descr=<ArrayS 8>)
+304: p14 = getfield_gc_r(p2, descr=<FieldP rpyeffect.environment.Environment.inst_values_ptr 24>)
+308: p16 = getarrayitem_gc_r(p14, 0, descr=<ArrayP 8>)
+312: p18 = getarrayitem_gc_r(p14, 1, descr=<ArrayP 8>)
+316: p20 = getarrayitem_gc_r(p14, 2, descr=<ArrayP 8>)
+320: p22 = getarrayitem_gc_r(p14, 3, descr=<ArrayP 8>)
+324: p24 = getarrayitem_gc_r(p14, 4, descr=<ArrayP 8>)
+328: label(p0, p1, p2, p3, p4, i7, i9, i11, i13, p16, p18, p20, p22, p24, descr=TargetToken(4970186736))
debug_merge_point(0, 0, '43<main.rpyeffect:43(Name(go434252))>+1: {"op": "Jump". "target": 10}')
+356: guard_not_invalidated(descr=<Guard0x1283f27b0>) [p2, i7, i9, i11, i13, p16, p18, p20, p22, p24, p0, p1, p3, p4]
+360: guard_nonnull(p1, descr=<Guard0x1284221a0>) [p2, i7, i9, i11, i13, p16, p18, p20, p22, p24, p0, p1, p3, p4]
+372: i25 = getfield_gc_i(p1, descr=<FieldS rpyeffect.stored_environment.Stack__arb_arb.inst_target 16 pure>)
+380: guard_value(i25, 42, descr=<Guard0x1284221e0>) [p2, i7, i9, i11, i13, p16, p18, p20, p22, p24, p0, p1, p3, p4]
debug_merge_point(0, 0, '10<main.rpyeffect:10(Name(infixGt174))>+0: {"op": "PrimOp". "name": "infixGt(Int. Int): Boolean". "out": {"num": [0]. "ptr": []}. "in": {"num": [0. 1]. "ptr": []}}')
+392: i27 = int_gt(i7, i9)
guard_false(i27, descr=<Guard0x128422220>) [p2, i7, i9, i11, i13, p16, p18, p20, p22, p24, p0, p1, p3, p4]
debug_merge_point(0, 0, '10<main.rpyeffect:10(Name(infixGt174))>+1: {"op": "Return". "args": {"num": [0]. "ptr": []}}')
+400: i28 = getfield_gc_i(p1, descr=<FieldS rpyeffect.stored_environment.Stack__2_1.inst_values_num_0 40 pure>)
+404: i29 = getfield_gc_i(p1, descr=<FieldS rpyeffect.stored_environment.Stack__2_1.inst_values_num_1 48 pure>)
+408: p30 = getfield_gc_r(p1, descr=<FieldP rpyeffect.stored_environment.Stack__2_1.inst_values_ptr_0 56 pure>)
+412: p31 = getfield_gc_r(p1, descr=<FieldP rpyeffect.stored_environment.Stack__arb_arb.inst_tail 8 pure>)
debug_merge_point(0, 0, '42<main.rpyeffect:42([k@Name(go434252)#58])>+0: {"op": "Swap". "type": "num". "a": 2. "b". 1}')
debug_merge_point(0, 0, '42<main.rpyeffect:42([k@Name(go434252)#58])>+1: {"op": "IfZero". "cond": 0. "then": {"tag": null. "target": 41. "args": {"num": []. "ptr": []}}}')
+416: guard_nonnull(p31, descr=<Guard0x128422260>) [p2, i7, i9, i11, i13, p16, p18, p20, p22, p24, p0, p1, p3, p4]
+424: i32 = getfield_gc_i(p31, descr=<FieldS rpyeffect.stored_environment.Stack__arb_arb.inst_target 16 pure>)
+428: guard_value(i32, 107, descr=<Guard0x1284222a0>) [p2, i7, i9, i11, i13, p16, p18, p20, p22, p24, p0, p1, p3, p4]
debug_merge_point(0, 0, '41<main.rpyeffect:41([then#60])>+0: {"op": "Copy". "type": "num". "from": 2. "to". 0}')
debug_merge_point(0, 0, '41<main.rpyeffect:41([then#60])>+1: {"op": "PrimOp". "name": "box(Num): Ptr". "out": {"num": []. "ptr": [1]}. "in": {"num": [0]. "ptr": []}}')
debug_merge_point(0, 0, '41<main.rpyeffect:41([then#60])>+2: {"op": "Push". "target": 40. "args": {"num": [2. 1]. "ptr": [0]}}')
debug_merge_point(0, 0, '41<main.rpyeffect:41([then#60])>+3: {"op": "Swap". "type": "ptr". "a": 0. "b". 1}')
debug_merge_point(0, 0, '41<main.rpyeffect:41([then#60])>+4: {"op": "Jump". "target": 38}')
debug_merge_point(0, 0, '38<main.rpyeffect:38([mcore:[#83]#56])>+0: {"op": "Invoke". "receiver": 1. "tag": Interned(%emit2645(p):p). "args" : {"num": []. "ptr": [0]}}')
+440: p34 = getfield_gc_r(p30, descr=<FieldP rpyeffect.stored_environment.CoData__arb_arb.inst_vtable 24 pure>)
+448: guard_value(p34, ConstPtr(ptr35), descr=<Guard0x1284222e0>) [p2, i7, i9, i11, i13, p16, p18, p20, p22, p24, p0, p1, p3, p4]
+456: p36 = getfield_gc_r(p30, descr=<FieldP rpyeffect.stored_environment.CoData__0_2.inst_values_ptr_0 32 pure>)
+460: p37 = getfield_gc_r(p30, descr=<FieldP rpyeffect.stored_environment.CoData__0_2.inst_values_ptr_1 40 pure>)
debug_merge_point(0, 0, '115<main.rpyeffect:115([#302])>+0: {"op": "Const". "type": "num". "out": 0. "value": 0}')
debug_merge_point(0, 0, '115<main.rpyeffect:115([#302])>+1: {"op": "ShiftDyn". "out": 2. "n": 0. "label": 2}')
+464: guard_isnull(p4, descr=<Guard0x128422320>) [p2, i7, i9, i11, i13, p16, p18, p20, p22, p24, p0, p1, p3, p4]
+476: i38 = instance_ptr_eq(p0, p37)
guard_true(i38, descr=<Guard0x128422360>) [p2, i7, i9, i11, i13, p16, p18, p20, p22, p24, p0, p1, p3, p4]
+488: guard_nonnull_class(p3, 4379045568, descr=<Guard0x1283f2808>) [p2, i7, i9, i11, i13, p16, p18, p20, p22, p24, p0, p1, p3, p4]
+516: p40 = getfield_gc_r(p3, descr=<FieldP rpyeffect.stack.MetaStackLike.inst_stack 8 pure>)
+520: p41 = getfield_gc_r(p3, descr=<FieldP rpyeffect.stack.MetaStack.inst_label 16 pure>)
+524: p42 = getfield_gc_r(p3, descr=<FieldP rpyeffect.stack.MetaStack.inst_tail 32 pure>)
+528: guard_nonnull(p40, descr=<Guard0x1284223a0>) [p2, i7, i9, i11, i13, p16, p18, p20, p22, p24, p0, p1, p3, p4]
+536: i43 = getfield_gc_i(p40, descr=<FieldS rpyeffect.stored_environment.Stack__arb_arb.inst_target 16 pure>)
+540: guard_value(i43, 106, descr=<Guard0x1284223e0>) [p2, i7, i9, i11, i13, p16, p18, p20, p22, p24, p0, p1, p3, p4]
debug_merge_point(0, 0, '115<main.rpyeffect:115([#302])>+2: {"op": "Load". "out": 0. "type": "num". "ref": 1}')
+552: i45 = getfield_gc_i(p36, descr=<FieldS rpyeffect.region.NumRef.inst_value 8>)
debug_merge_point(0, 0, '115<main.rpyeffect:115([#302])>+3: {"op": "PrimOp". "name": "unbox(Ptr): Num". "out": {"num": [1]. "ptr": []}. "in": {"num": []. "ptr": [0]}}')
debug_merge_point(0, 0, '115<main.rpyeffect:115([#302])>+4: {"op": "Push". "target": 114. "args": {"num": []. "ptr": [1. 2]}}')
debug_merge_point(0, 0, '115<main.rpyeffect:115([#302])>+5: {"op": "Jump". "target": 5}')
debug_merge_point(0, 0, '5<main.rpyeffect:5(Name(infixAdd95))>+0: {"op": "PrimOp". "name": "infixAdd(Int. Int): Int". "out": {"num": [0]. "ptr": []}. "in": {"num": [0. 1]. "ptr": []}}')
+556: i46 = int_add(i45, i28)
debug_merge_point(0, 0, '5<main.rpyeffect:5(Name(infixAdd95))>+1: {"op": "Return". "args": {"num": [0]. "ptr": []}}')
debug_merge_point(0, 0, '114<main.rpyeffect:114([k@[#302]#312])>+0: {"op": "Const". "type": "num". "out": 1. "value": 1009}')
debug_merge_point(0, 0, '114<main.rpyeffect:114([k@[#302]#312])>+1: {"op": "Push". "target": 113. "args": {"num": []. "ptr": [0. 1]}}')
debug_merge_point(0, 0, '114<main.rpyeffect:114([k@[#302]#312])>+2: {"op": "Jump". "target": 8}')
debug_merge_point(0, 0, '8<main.rpyeffect:8(Name(mod107))>+0: {"op": "PrimOp". "name": "mod(Int. Int): Int". "out": {"num": [0]. "ptr": []}. "in": {"num": [0. 1]. "ptr": []}}')
+560: i48 = int_rshift(i46, 63)
+568: i49 = int_xor(i46, i48)
+572: i51 = uint_mul_high(i49, -9086255505087856445)
+592: i53 = uint_rshift(i51, 9)
+600: i54 = int_xor(i53, i48)
+604: i56 = int_mul(i54, 1009)
+612: i57 = int_sub(i46, i56)
debug_merge_point(0, 0, '8<main.rpyeffect:8(Name(mod107))>+1: {"op": "Return". "args": {"num": [0]. "ptr": []}}')
debug_merge_point(0, 0, '113<main.rpyeffect:113([k@[k@[#302]#312]#315])>+0: {"op": "Store". "ref": 0. "type": "num". "value": 0}')
debug_merge_point(0, 0, '113<main.rpyeffect:113([k@[k@[#302]#312]#315])>+1: {"op": "Construct". "out": 0. "type": Interned(Unit). "tag": Interned(unit). "args": {"num": []. "ptr": []}}')
debug_merge_point(0, 0, '113<main.rpyeffect:113([k@[k@[#302]#312]#315])>+2: {"op": "Construct". "out": 0. "type": Interned(Unit). "tag": Interned(unit). "args": {"num": []. "ptr": []}}')
debug_merge_point(0, 0, '113<main.rpyeffect:113([k@[k@[#302]#312]#315])>+3: {"op": "Jump". "target": 37}')
debug_merge_point(0, 0, '37<main.rpyeffect:37(Name(resume84135))>+0: {"op": "PushStack". "arg": 1}')
debug_merge_point(0, 0, '37<main.rpyeffect:37(Name(resume84135))>+1: {"op": "Return". "args": {"num": []. "ptr": [0]}}')
debug_merge_point(0, 0, '40<main.rpyeffect:40([k@[then#60]#65])>+0: {"op": "Const". "type": "num". "out": 2. "value": 1}')
debug_merge_point(0, 0, '40<main.rpyeffect:40([k@[then#60]#65])>+1: {"op": "Push". "target": 39. "args": {"num": [1]. "ptr": [1]}}')
debug_merge_point(0, 0, '40<main.rpyeffect:40([k@[then#60]#65])>+2: {"op": "Copy". "type": "num". "from": 2. "to". 1}')
debug_merge_point(0, 0, '40<main.rpyeffect:40([k@[then#60]#65])>+3: {"op": "Jump". "target": 5}')
debug_merge_point(0, 0, '5<main.rpyeffect:5(Name(infixAdd95))>+0: {"op": "PrimOp". "name": "infixAdd(Int. Int): Int". "out": {"num": [0]. "ptr": []}. "in": {"num": [0. 1]. "ptr": []}}')
+616: i59 = int_add(i28, 1)
debug_merge_point(0, 0, '5<main.rpyeffect:5(Name(infixAdd95))>+1: {"op": "Return". "args": {"num": [0]. "ptr": []}}')
debug_merge_point(0, 0, '39<main.rpyeffect:39([k@[k@[then#60]#65]#69])>+0: {"op": "Jump". "target": 43}')
debug_merge_point(0, 0, '43<main.rpyeffect:43(Name(go434252))>+0: {"op": "Push". "target": 42. "args": {"num": [0. 1]. "ptr": [0]}}')
debug_merge_point(0, 0, '43<main.rpyeffect:43(Name(go434252))>+1: {"op": "Jump". "target": 10}')
+620: setfield_gc(p36, i57, descr=<FieldS rpyeffect.region.NumRef.inst_value 8>)
+624: label(p0, p31, i59, i29, p30, p2, p40, p41, p42, i13, i28, p22, p24, p36, i57, descr=TargetToken(4970186816))
debug_merge_point(0, 0, '43<main.rpyeffect:43(Name(go434252))>+1: {"op": "Jump". "target": 10}')
+648: guard_not_invalidated(descr=<Guard0x1283f2860>) [p2, i59, i29, i13, p30, p22, p24, p0, p42, p41, p40, i28, p31]
debug_merge_point(0, 0, '10<main.rpyeffect:10(Name(infixGt174))>+0: {"op": "PrimOp". "name": "infixGt(Int. Int): Boolean". "out": {"num": [0]. "ptr": []}. "in": {"num": [0. 1]. "ptr": []}}')
+652: i60 = int_gt(i59, i29)
guard_false(i60, descr=<Guard0x128422420>) [p2, i59, i29, i13, p30, p22, p24, p0, p42, p41, p40, i28, p31]
debug_merge_point(0, 0, '10<main.rpyeffect:10(Name(infixGt174))>+1: {"op": "Return". "args": {"num": [0]. "ptr": []}}')
debug_merge_point(0, 0, '42<main.rpyeffect:42([k@Name(go434252)#58])>+0: {"op": "Swap". "type": "num". "a": 2. "b". 1}')
debug_merge_point(0, 0, '42<main.rpyeffect:42([k@Name(go434252)#58])>+1: {"op": "IfZero". "cond": 0. "then": {"tag": null. "target": 41. "args": {"num": []. "ptr": []}}}')
debug_merge_point(0, 0, '41<main.rpyeffect:41([then#60])>+0: {"op": "Copy". "type": "num". "from": 2. "to". 0}')
debug_merge_point(0, 0, '41<main.rpyeffect:41([then#60])>+1: {"op": "PrimOp". "name": "box(Num): Ptr". "out": {"num": []. "ptr": [1]}. "in": {"num": [0]. "ptr": []}}')
debug_merge_point(0, 0, '41<main.rpyeffect:41([then#60])>+2: {"op": "Push". "target": 40. "args": {"num": [2. 1]. "ptr": [0]}}')
debug_merge_point(0, 0, '41<main.rpyeffect:41([then#60])>+3: {"op": "Swap". "type": "ptr". "a": 0. "b". 1}')
debug_merge_point(0, 0, '41<main.rpyeffect:41([then#60])>+4: {"op": "Jump". "target": 38}')
debug_merge_point(0, 0, '38<main.rpyeffect:38([mcore:[#83]#56])>+0: {"op": "Invoke". "receiver": 1. "tag": Interned(%emit2645(p):p). "args" : {"num": []. "ptr": [0]}}')
debug_merge_point(0, 0, '115<main.rpyeffect:115([#302])>+0: {"op": "Const". "type": "num". "out": 0. "value": 0}')
debug_merge_point(0, 0, '115<main.rpyeffect:115([#302])>+1: {"op": "ShiftDyn". "out": 2. "n": 0. "label": 2}')
debug_merge_point(0, 0, '115<main.rpyeffect:115([#302])>+2: {"op": "Load". "out": 0. "type": "num". "ref": 1}')
debug_merge_point(0, 0, '115<main.rpyeffect:115([#302])>+3: {"op": "PrimOp". "name": "unbox(Ptr): Num". "out": {"num": [1]. "ptr": []}. "in": {"num": []. "ptr": [0]}}')
debug_merge_point(0, 0, '115<main.rpyeffect:115([#302])>+4: {"op": "Push". "target": 114. "args": {"num": []. "ptr": [1. 2]}}')
debug_merge_point(0, 0, '115<main.rpyeffect:115([#302])>+5: {"op": "Jump". "target": 5}')
debug_merge_point(0, 0, '5<main.rpyeffect:5(Name(infixAdd95))>+0: {"op": "PrimOp". "name": "infixAdd(Int. Int): Int". "out": {"num": [0]. "ptr": []}. "in": {"num": [0. 1]. "ptr": []}}')
+660: i61 = int_add(i57, i59)
debug_merge_point(0, 0, '5<main.rpyeffect:5(Name(infixAdd95))>+1: {"op": "Return". "args": {"num": [0]. "ptr": []}}')
debug_merge_point(0, 0, '114<main.rpyeffect:114([k@[#302]#312])>+0: {"op": "Const". "type": "num". "out": 1. "value": 1009}')
debug_merge_point(0, 0, '114<main.rpyeffect:114([k@[#302]#312])>+1: {"op": "Push". "target": 113. "args": {"num": []. "ptr": [0. 1]}}')
debug_merge_point(0, 0, '114<main.rpyeffect:114([k@[#302]#312])>+2: {"op": "Jump". "target": 8}')
debug_merge_point(0, 0, '8<main.rpyeffect:8(Name(mod107))>+0: {"op": "PrimOp". "name": "mod(Int. Int): Int". "out": {"num": [0]. "ptr": []}. "in": {"num": [0. 1]. "ptr": []}}')
+664: i63 = int_rshift(i61, 63)
+672: i64 = int_xor(i61, i63)
+676: i66 = uint_mul_high(i64, -9086255505087856445)
+696: i68 = uint_rshift(i66, 9)
+704: i69 = int_xor(i68, i63)
+708: i71 = int_mul(i69, 1009)
+716: i72 = int_sub(i61, i71)
debug_merge_point(0, 0, '8<main.rpyeffect:8(Name(mod107))>+1: {"op": "Return". "args": {"num": [0]. "ptr": []}}')
debug_merge_point(0, 0, '113<main.rpyeffect:113([k@[k@[#302]#312]#315])>+0: {"op": "Store". "ref": 0. "type": "num". "value": 0}')
debug_merge_point(0, 0, '113<main.rpyeffect:113([k@[k@[#302]#312]#315])>+1: {"op": "Construct". "out": 0. "type": Interned(Unit). "tag": Interned(unit). "args": {"num": []. "ptr": []}}')
debug_merge_point(0, 0, '113<main.rpyeffect:113([k@[k@[#302]#312]#315])>+2: {"op": "Construct". "out": 0. "type": Interned(Unit). "tag": Interned(unit). "args": {"num": []. "ptr": []}}')
debug_merge_point(0, 0, '113<main.rpyeffect:113([k@[k@[#302]#312]#315])>+3: {"op": "Jump". "target": 37}')
debug_merge_point(0, 0, '37<main.rpyeffect:37(Name(resume84135))>+0: {"op": "PushStack". "arg": 1}')
debug_merge_point(0, 0, '37<main.rpyeffect:37(Name(resume84135))>+1: {"op": "Return". "args": {"num": []. "ptr": [0]}}')
debug_merge_point(0, 0, '40<main.rpyeffect:40([k@[then#60]#65])>+0: {"op": "Const". "type": "num". "out": 2. "value": 1}')
debug_merge_point(0, 0, '40<main.rpyeffect:40([k@[then#60]#65])>+1: {"op": "Push". "target": 39. "args": {"num": [1]. "ptr": [1]}}')
debug_merge_point(0, 0, '40<main.rpyeffect:40([k@[then#60]#65])>+2: {"op": "Copy". "type": "num". "from": 2. "to". 1}')
debug_merge_point(0, 0, '40<main.rpyeffect:40([k@[then#60]#65])>+3: {"op": "Jump". "target": 5}')
debug_merge_point(0, 0, '5<main.rpyeffect:5(Name(infixAdd95))>+0: {"op": "PrimOp". "name": "infixAdd(Int. Int): Int". "out": {"num": [0]. "ptr": []}. "in": {"num": [0. 1]. "ptr": []}}')
+720: i74 = int_add(i59, 1)
debug_merge_point(0, 0, '5<main.rpyeffect:5(Name(infixAdd95))>+1: {"op": "Return". "args": {"num": [0]. "ptr": []}}')
debug_merge_point(0, 0, '39<main.rpyeffect:39([k@[k@[then#60]#65]#69])>+0: {"op": "Jump". "target": 43}')
debug_merge_point(0, 0, '43<main.rpyeffect:43(Name(go434252))>+0: {"op": "Push". "target": 42. "args": {"num": [0. 1]. "ptr": [0]}}')
debug_merge_point(0, 0, '43<main.rpyeffect:43(Name(go434252))>+1: {"op": "Jump". "target": 10}')
+724: setfield_gc(p36, i72, descr=<FieldS rpyeffect.region.NumRef.inst_value 8>)
+728: jump(p0, p31, i74, i29, p30, p2, p40, p41, p42, i13, i59, p22, p24, p36, i72, descr=TargetToken(4970186816))
+744: --end of the loop--
[be89844] jit-log-opt-loop}
[1766b883] {jit-log-opt-loop
# Loop 3 (50<main.rpyeffect:50(Name(go434255))>+1: {"op": "Jump", "target": 10}) : loop with 143 ops
[p0, p1, p2, p3, p4]
+280: p5 = getfield_gc_r(p2, descr=<FieldP rpyeffect.environment.Environment.inst_values_num 16>)
+288: i7 = getarrayitem_gc_i(p5, 0, descr=<ArrayS 8>)
+292: i9 = getarrayitem_gc_i(p5, 1, descr=<ArrayS 8>)
+296: i11 = getarrayitem_gc_i(p5, 2, descr=<ArrayS 8>)
+300: i13 = getarrayitem_gc_i(p5, 3, descr=<ArrayS 8>)
+304: p14 = getfield_gc_r(p2, descr=<FieldP rpyeffect.environment.Environment.inst_values_ptr 24>)
+308: p16 = getarrayitem_gc_r(p14, 0, descr=<ArrayP 8>)
+312: p18 = getarrayitem_gc_r(p14, 1, descr=<ArrayP 8>)
+316: p20 = getarrayitem_gc_r(p14, 2, descr=<ArrayP 8>)
+320: p22 = getarrayitem_gc_r(p14, 3, descr=<ArrayP 8>)
+324: p24 = getarrayitem_gc_r(p14, 4, descr=<ArrayP 8>)
+328: label(p0, p1, p2, p3, p4, i7, i9, i11, i13, p16, p18, p20, p22, p24, descr=TargetToken(4970186896))
debug_merge_point(0, 0, '50<main.rpyeffect:50(Name(go434255))>+1: {"op": "Jump". "target": 10}')
+356: guard_not_invalidated(descr=<Guard0x1283f2910>) [p2, i7, i9, i11, i13, p16, p18, p20, p22, p24, p0, p1, p3, p4]
+360: guard_nonnull(p1, descr=<Guard0x128422820>) [p2, i7, i9, i11, i13, p16, p18, p20, p22, p24, p0, p1, p3, p4]
+372: i25 = getfield_gc_i(p1, descr=<FieldS rpyeffect.stored_environment.Stack__arb_arb.inst_target 16 pure>)
+380: guard_value(i25, 49, descr=<Guard0x128422860>) [p2, i7, i9, i11, i13, p16, p18, p20, p22, p24, p0, p1, p3, p4]
debug_merge_point(0, 0, '10<main.rpyeffect:10(Name(infixGt174))>+0: {"op": "PrimOp". "name": "infixGt(Int. Int): Boolean". "out": {"num": [0]. "ptr": []}. "in": {"num": [0. 1]. "ptr": []}}')
+392: i27 = int_gt(i7, i9)
guard_false(i27, descr=<Guard0x1284228a0>) [p2, i7, i9, i11, i13, p16, p18, p20, p22, p24, p0, p1, p3, p4]
debug_merge_point(0, 0, '10<main.rpyeffect:10(Name(infixGt174))>+1: {"op": "Return". "args": {"num": [0]. "ptr": []}}')
+400: i28 = getfield_gc_i(p1, descr=<FieldS rpyeffect.stored_environment.Stack__2_1.inst_values_num_0 40 pure>)
+404: i29 = getfield_gc_i(p1, descr=<FieldS rpyeffect.stored_environment.Stack__2_1.inst_values_num_1 48 pure>)
+408: p30 = getfield_gc_r(p1, descr=<FieldP rpyeffect.stored_environment.Stack__2_1.inst_values_ptr_0 56 pure>)
+412: p31 = getfield_gc_r(p1, descr=<FieldP rpyeffect.stored_environment.Stack__arb_arb.inst_tail 8 pure>)
debug_merge_point(0, 0, '49<main.rpyeffect:49([k@Name(go434255)#74])>+0: {"op": "Swap". "type": "num". "a": 2. "b". 0}')
debug_merge_point(0, 0, '49<main.rpyeffect:49([k@Name(go434255)#74])>+1: {"op": "IfZero". "cond": 2. "then": {"tag": null. "target": 48. "args": {"num": []. "ptr": []}}}')
+416: guard_nonnull(p31, descr=<Guard0x1284228e0>) [p2, i7, i9, i11, i13, p16, p18, p20, p22, p24, p0, p1, p3, p4]
+424: i32 = getfield_gc_i(p31, descr=<FieldS rpyeffect.stored_environment.Stack__arb_arb.inst_target 16 pure>)
+428: guard_value(i32, 95, descr=<Guard0x128422920>) [p2, i7, i9, i11, i13, p16, p18, p20, p22, p24, p0, p1, p3, p4]
debug_merge_point(0, 0, '48<main.rpyeffect:48([then#76])>+0: {"op": "Copy". "type": "num". "from": 1. "to". 2}')
debug_merge_point(0, 0, '48<main.rpyeffect:48([then#76])>+1: {"op": "PrimOp". "name": "box(Num): Ptr". "out": {"num": []. "ptr": [1]}. "in": {"num": [2]. "ptr": []}}')
debug_merge_point(0, 0, '48<main.rpyeffect:48([then#76])>+2: {"op": "Push". "target": 47. "args": {"num": [1. 0]. "ptr": [0]}}')
debug_merge_point(0, 0, '48<main.rpyeffect:48([then#76])>+3: {"op": "Swap". "type": "ptr". "a": 0. "b". 1}')
debug_merge_point(0, 0, '48<main.rpyeffect:48([then#76])>+4: {"op": "Jump". "target": 45}')
debug_merge_point(0, 0, '45<main.rpyeffect:45([mcore:[#95]#72])>+0: {"op": "Invoke". "receiver": 1. "tag": Interned(%emit2645(p):p). "args" : {"num": []. "ptr": [0]}}')
+440: p34 = getfield_gc_r(p30, descr=<FieldP rpyeffect.stored_environment.CoData__arb_arb.inst_vtable 24 pure>)
+448: guard_value(p34, ConstPtr(ptr35), descr=<Guard0x128422960>) [p2, i7, i9, i11, i13, p16, p18, p20, p22, p24, p0, p1, p3, p4]
+456: p36 = getfield_gc_r(p30, descr=<FieldP rpyeffect.stored_environment.CoData__0_2.inst_values_ptr_0 32 pure>)
+460: p37 = getfield_gc_r(p30, descr=<FieldP rpyeffect.stored_environment.CoData__0_2.inst_values_ptr_1 40 pure>)
debug_merge_point(0, 0, '103<main.rpyeffect:103([#259])>+0: {"op": "Const". "type": "num". "out": 0. "value": 0}')
debug_merge_point(0, 0, '103<main.rpyeffect:103([#259])>+1: {"op": "ShiftDyn". "out": 0. "n": 0. "label": 2}')
+464: guard_isnull(p4, descr=<Guard0x1284229a0>) [p2, i7, i9, i11, i13, p16, p18, p20, p22, p24, p0, p1, p3, p4]
+476: i38 = instance_ptr_eq(p0, p37)
guard_true(i38, descr=<Guard0x1284229e0>) [p2, i7, i9, i11, i13, p16, p18, p20, p22, p24, p0, p1, p3, p4]
+488: guard_nonnull_class(p3, 4379045568, descr=<Guard0x1283f2968>) [p2, i7, i9, i11, i13, p16, p18, p20, p22, p24, p0, p1, p3, p4]
+516: p40 = getfield_gc_r(p3, descr=<FieldP rpyeffect.stack.MetaStackLike.inst_stack 8 pure>)
+520: p41 = getfield_gc_r(p3, descr=<FieldP rpyeffect.stack.MetaStack.inst_label 16 pure>)
+524: p42 = getfield_gc_r(p3, descr=<FieldP rpyeffect.stack.MetaStack.inst_tail 32 pure>)
+528: guard_nonnull(p40, descr=<Guard0x128422a20>) [p2, i7, i9, i11, i13, p16, p18, p20, p22, p24, p0, p1, p3, p4]
+536: i43 = getfield_gc_i(p40, descr=<FieldS rpyeffect.stored_environment.Stack__arb_arb.inst_target 16 pure>)
+540: guard_value(i43, 94, descr=<Guard0x128422a60>) [p2, i7, i9, i11, i13, p16, p18, p20, p22, p24, p0, p1, p3, p4]
debug_merge_point(0, 0, '103<main.rpyeffect:103([#259])>+2: {"op": "Load". "out": 0. "type": "num". "ref": 1}')
+552: i45 = getfield_gc_i(p36, descr=<FieldS rpyeffect.region.NumRef.inst_value 8>)
debug_merge_point(0, 0, '103<main.rpyeffect:103([#259])>+3: {"op": "Const". "type": "num". "out": 1. "value": 1}')
debug_merge_point(0, 0, '103<main.rpyeffect:103([#259])>+4: {"op": "Push". "target": 102. "args": {"num": []. "ptr": [1. 0]}}')
debug_merge_point(0, 0, '103<main.rpyeffect:103([#259])>+5: {"op": "Jump". "target": 5}')
debug_merge_point(0, 0, '5<main.rpyeffect:5(Name(infixAdd95))>+0: {"op": "PrimOp". "name": "infixAdd(Int. Int): Int". "out": {"num": [0]. "ptr": []}. "in": {"num": [0. 1]. "ptr": []}}')
+556: i47 = int_add(i45, 1)
debug_merge_point(0, 0, '5<main.rpyeffect:5(Name(infixAdd95))>+1: {"op": "Return". "args": {"num": [0]. "ptr": []}}')
debug_merge_point(0, 0, '102<main.rpyeffect:102([k@[#259]#267])>+0: {"op": "Const". "type": "num". "out": 1. "value": 1009}')
debug_merge_point(0, 0, '102<main.rpyeffect:102([k@[#259]#267])>+1: {"op": "Push". "target": 101. "args": {"num": []. "ptr": [0. 1]}}')
debug_merge_point(0, 0, '102<main.rpyeffect:102([k@[#259]#267])>+2: {"op": "Jump". "target": 8}')
debug_merge_point(0, 0, '8<main.rpyeffect:8(Name(mod107))>+0: {"op": "PrimOp". "name": "mod(Int. Int): Int". "out": {"num": [0]. "ptr": []}. "in": {"num": [0. 1]. "ptr": []}}')
+560: i49 = int_rshift(i47, 63)
+568: i50 = int_xor(i47, i49)
+572: i52 = uint_mul_high(i50, -9086255505087856445)
+592: i54 = uint_rshift(i52, 9)
+600: i55 = int_xor(i54, i49)
+604: i57 = int_mul(i55, 1009)
+612: i58 = int_sub(i47, i57)
debug_merge_point(0, 0, '8<main.rpyeffect:8(Name(mod107))>+1: {"op": "Return". "args": {"num": [0]. "ptr": []}}')
debug_merge_point(0, 0, '101<main.rpyeffect:101([k@[k@[#259]#267]#270])>+0: {"op": "Store". "ref": 0. "type": "num". "value": 0}')
debug_merge_point(0, 0, '101<main.rpyeffect:101([k@[k@[#259]#267]#270])>+1: {"op": "Construct". "out": 0. "type": Interned(Unit). "tag": Interned(unit). "args": {"num": []. "ptr": []}}')
debug_merge_point(0, 0, '101<main.rpyeffect:101([k@[k@[#259]#267]#270])>+2: {"op": "Construct". "out": 0. "type": Interned(Unit). "tag": Interned(unit). "args": {"num": []. "ptr": []}}')
debug_merge_point(0, 0, '101<main.rpyeffect:101([k@[k@[#259]#267]#270])>+3: {"op": "Jump". "target": 44}')
debug_merge_point(0, 0, '44<main.rpyeffect:44(Name(resume84147))>+0: {"op": "PushStack". "arg": 1}')
debug_merge_point(0, 0, '44<main.rpyeffect:44(Name(resume84147))>+1: {"op": "Return". "args": {"num": []. "ptr": [0]}}')
debug_merge_point(0, 0, '47<main.rpyeffect:47([k@[then#76]#81])>+0: {"op": "Const". "type": "num". "out": 2. "value": 1}')
debug_merge_point(0, 0, '47<main.rpyeffect:47([k@[then#76]#81])>+1: {"op": "Push". "target": 46. "args": {"num": [1]. "ptr": [1]}}')
debug_merge_point(0, 0, '47<main.rpyeffect:47([k@[then#76]#81])>+2: {"op": "Copy". "type": "num". "from": 2. "to". 1}')
debug_merge_point(0, 0, '47<main.rpyeffect:47([k@[then#76]#81])>+3: {"op": "Jump". "target": 5}')
debug_merge_point(0, 0, '5<main.rpyeffect:5(Name(infixAdd95))>+0: {"op": "PrimOp". "name": "infixAdd(Int. Int): Int". "out": {"num": [0]. "ptr": []}. "in": {"num": [0. 1]. "ptr": []}}')
+616: i60 = int_add(i28, 1)
debug_merge_point(0, 0, '5<main.rpyeffect:5(Name(infixAdd95))>+1: {"op": "Return". "args": {"num": [0]. "ptr": []}}')
debug_merge_point(0, 0, '46<main.rpyeffect:46([k@[k@[then#76]#81]#85])>+0: {"op": "Jump". "target": 50}')
debug_merge_point(0, 0, '50<main.rpyeffect:50(Name(go434255))>+0: {"op": "Push". "target": 49. "args": {"num": [0. 1]. "ptr": [0]}}')
debug_merge_point(0, 0, '50<main.rpyeffect:50(Name(go434255))>+1: {"op": "Jump". "target": 10}')
+620: setfield_gc(p36, i58, descr=<FieldS rpyeffect.region.NumRef.inst_value 8>)
+624: p61 = same_as_r(p37)
+628: label(p0, p31, i60, i29, p30, p2, p40, p41, p42, i13, p37, p22, p24, p61, p36, i58, descr=TargetToken(4970186976))
debug_merge_point(0, 0, '50<main.rpyeffect:50(Name(go434255))>+1: {"op": "Jump". "target": 10}')
+652: guard_not_invalidated(descr=<Guard0x1283f29c0>) [p2, i60, i29, i13, p30, p37, p22, p24, p0, p42, p41, p40, p31]
debug_merge_point(0, 0, '10<main.rpyeffect:10(Name(infixGt174))>+0: {"op": "PrimOp". "name": "infixGt(Int. Int): Boolean". "out": {"num": [0]. "ptr": []}. "in": {"num": [0. 1]. "ptr": []}}')
+656: i62 = int_gt(i60, i29)
guard_false(i62, descr=<Guard0x128422aa0>) [p2, i60, i29, i13, p30, p37, p22, p24, p0, p42, p41, p40, p31]
debug_merge_point(0, 0, '10<main.rpyeffect:10(Name(infixGt174))>+1: {"op": "Return". "args": {"num": [0]. "ptr": []}}')
debug_merge_point(0, 0, '49<main.rpyeffect:49([k@Name(go434255)#74])>+0: {"op": "Swap". "type": "num". "a": 2. "b". 0}')
debug_merge_point(0, 0, '49<main.rpyeffect:49([k@Name(go434255)#74])>+1: {"op": "IfZero". "cond": 2. "then": {"tag": null. "target": 48. "args": {"num": []. "ptr": []}}}')
debug_merge_point(0, 0, '48<main.rpyeffect:48([then#76])>+0: {"op": "Copy". "type": "num". "from": 1. "to". 2}')
debug_merge_point(0, 0, '48<main.rpyeffect:48([then#76])>+1: {"op": "PrimOp". "name": "box(Num): Ptr". "out": {"num": []. "ptr": [1]}. "in": {"num": [2]. "ptr": []}}')
debug_merge_point(0, 0, '48<main.rpyeffect:48([then#76])>+2: {"op": "Push". "target": 47. "args": {"num": [1. 0]. "ptr": [0]}}')
debug_merge_point(0, 0, '48<main.rpyeffect:48([then#76])>+3: {"op": "Swap". "type": "ptr". "a": 0. "b". 1}')
debug_merge_point(0, 0, '48<main.rpyeffect:48([then#76])>+4: {"op": "Jump". "target": 45}')
debug_merge_point(0, 0, '45<main.rpyeffect:45([mcore:[#95]#72])>+0: {"op": "Invoke". "receiver": 1. "tag": Interned(%emit2645(p):p). "args" : {"num": []. "ptr": [0]}}')
debug_merge_point(0, 0, '103<main.rpyeffect:103([#259])>+0: {"op": "Const". "type": "num". "out": 0. "value": 0}')
debug_merge_point(0, 0, '103<main.rpyeffect:103([#259])>+1: {"op": "ShiftDyn". "out": 0. "n": 0. "label": 2}')
+664: i63 = instance_ptr_eq(p0, p61)
guard_true(i63, descr=<Guard0x128422ae0>) [p2, i60, i29, i13, p30, p37, p22, p24, p0, p42, p41, p40, p31]
debug_merge_point(0, 0, '103<main.rpyeffect:103([#259])>+2: {"op": "Load". "out": 0. "type": "num". "ref": 1}')
debug_merge_point(0, 0, '103<main.rpyeffect:103([#259])>+3: {"op": "Const". "type": "num". "out": 1. "value": 1}')
debug_merge_point(0, 0, '103<main.rpyeffect:103([#259])>+4: {"op": "Push". "target": 102. "args": {"num": []. "ptr": [1. 0]}}')
debug_merge_point(0, 0, '103<main.rpyeffect:103([#259])>+5: {"op": "Jump". "target": 5}')
debug_merge_point(0, 0, '5<main.rpyeffect:5(Name(infixAdd95))>+0: {"op": "PrimOp". "name": "infixAdd(Int. Int): Int". "out": {"num": [0]. "ptr": []}. "in": {"num": [0. 1]. "ptr": []}}')
+672: i65 = int_add(i58, 1)
debug_merge_point(0, 0, '5<main.rpyeffect:5(Name(infixAdd95))>+1: {"op": "Return". "args": {"num": [0]. "ptr": []}}')
debug_merge_point(0, 0, '102<main.rpyeffect:102([k@[#259]#267])>+0: {"op": "Const". "type": "num". "out": 1. "value": 1009}')
debug_merge_point(0, 0, '102<main.rpyeffect:102([k@[#259]#267])>+1: {"op": "Push". "target": 101. "args": {"num": []. "ptr": [0. 1]}}')
debug_merge_point(0, 0, '102<main.rpyeffect:102([k@[#259]#267])>+2: {"op": "Jump". "target": 8}')
debug_merge_point(0, 0, '8<main.rpyeffect:8(Name(mod107))>+0: {"op": "PrimOp". "name": "mod(Int. Int): Int". "out": {"num": [0]. "ptr": []}. "in": {"num": [0. 1]. "ptr": []}}')
+676: i67 = uint_mul_high(i65, -9086255505087856445)
+696: i69 = uint_rshift(i67, 9)
+704: i71 = int_mul(i69, 1009)
+712: i72 = int_sub(i65, i71)
debug_merge_point(0, 0, '8<main.rpyeffect:8(Name(mod107))>+1: {"op": "Return". "args": {"num": [0]. "ptr": []}}')
debug_merge_point(0, 0, '101<main.rpyeffect:101([k@[k@[#259]#267]#270])>+0: {"op": "Store". "ref": 0. "type": "num". "value": 0}')
debug_merge_point(0, 0, '101<main.rpyeffect:101([k@[k@[#259]#267]#270])>+1: {"op": "Construct". "out": 0. "type": Interned(Unit). "tag": Interned(unit). "args": {"num": []. "ptr": []}}')
debug_merge_point(0, 0, '101<main.rpyeffect:101([k@[k@[#259]#267]#270])>+2: {"op": "Construct". "out": 0. "type": Interned(Unit). "tag": Interned(unit). "args": {"num": []. "ptr": []}}')
debug_merge_point(0, 0, '101<main.rpyeffect:101([k@[k@[#259]#267]#270])>+3: {"op": "Jump". "target": 44}')
debug_merge_point(0, 0, '44<main.rpyeffect:44(Name(resume84147))>+0: {"op": "PushStack". "arg": 1}')
debug_merge_point(0, 0, '44<main.rpyeffect:44(Name(resume84147))>+1: {"op": "Return". "args": {"num": []. "ptr": [0]}}')
debug_merge_point(0, 0, '47<main.rpyeffect:47([k@[then#76]#81])>+0: {"op": "Const". "type": "num". "out": 2. "value": 1}')
debug_merge_point(0, 0, '47<main.rpyeffect:47([k@[then#76]#81])>+1: {"op": "Push". "target": 46. "args": {"num": [1]. "ptr": [1]}}')
debug_merge_point(0, 0, '47<main.rpyeffect:47([k@[then#76]#81])>+2: {"op": "Copy". "type": "num". "from": 2. "to". 1}')
debug_merge_point(0, 0, '47<main.rpyeffect:47([k@[then#76]#81])>+3: {"op": "Jump". "target": 5}')
debug_merge_point(0, 0, '5<main.rpyeffect:5(Name(infixAdd95))>+0: {"op": "PrimOp". "name": "infixAdd(Int. Int): Int". "out": {"num": [0]. "ptr": []}. "in": {"num": [0. 1]. "ptr": []}}')
+716: i74 = int_add(i60, 1)
debug_merge_point(0, 0, '5<main.rpyeffect:5(Name(infixAdd95))>+1: {"op": "Return". "args": {"num": [0]. "ptr": []}}')
debug_merge_point(0, 0, '46<main.rpyeffect:46([k@[k@[then#76]#81]#85])>+0: {"op": "Jump". "target": 50}')
debug_merge_point(0, 0, '50<main.rpyeffect:50(Name(go434255))>+0: {"op": "Push". "target": 49. "args": {"num": [0. 1]. "ptr": [0]}}')
debug_merge_point(0, 0, '50<main.rpyeffect:50(Name(go434255))>+1: {"op": "Jump". "target": 10}')
+720: setfield_gc(p36, i72, descr=<FieldS rpyeffect.region.NumRef.inst_value 8>)
+724: jump(p0, p31, i74, i29, p30, p2, p40, p41, p42, i13, p61, p22, p24, p61, p36, i72, descr=TargetToken(4970186976))
+736: --end of the loop--
[17685af8] jit-log-opt-loop}
[1ff9e55b] {jit-summary
Tracing:      	3	0.002101
Backend:      	3	0.000404
TOTAL:      		0.532095
ops:             	6525
heapcached ops:  	849
recorded ops:    	1802
  calls:         	996
guards:          	221
opt ops:         	414
opt guards:      	46
opt guards shared:	37
forcings:        	0
abort: trace too long:	0
abort: compiling:	0
abort: vable escape:	0
abort: bad loop: 	0
abort: force quasi-immut:	0
abort: segmenting trace:	0
virtualizables forced:	0
nvirtuals:       	11
nvholes:         	0
nvreused:        	0
vecopt tried:    	0
vecopt success:  	0
Total # of loops:	3
Total # of bridges:	0
Freed # of loops:	0
Freed # of bridges:	0
[1ffa09fa] jit-summary}
