[45e53a] {jit-log-opt-loop
# Loop 1 (36<main.rpyeffect:36(Name(countdown2633))>+1: {"op": "Copy", "type": "ptr", "from": 1, "to", 0}) : loop with 139 ops
[p0, p1, p2, p3, p4]
+312: p5 = getfield_gc_r(p2, descr=<FieldP rpyeffect.environment.Environment.inst_values_num 16>)
+320: i7 = getarrayitem_gc_i(p5, 0, descr=<ArrayS 8>)
+324: i9 = getarrayitem_gc_i(p5, 1, descr=<ArrayS 8>)
+328: i11 = getarrayitem_gc_i(p5, 2, descr=<ArrayS 8>)
+332: i13 = getarrayitem_gc_i(p5, 3, descr=<ArrayS 8>)
+336: p14 = getfield_gc_r(p2, descr=<FieldP rpyeffect.environment.Environment.inst_values_ptr 24>)
+340: p16 = getarrayitem_gc_r(p14, 0, descr=<ArrayP 8>)
+344: p18 = getarrayitem_gc_r(p14, 1, descr=<ArrayP 8>)
+348: p20 = getarrayitem_gc_r(p14, 2, descr=<ArrayP 8>)
+352: p22 = getarrayitem_gc_r(p14, 3, descr=<ArrayP 8>)
+356: p24 = getarrayitem_gc_r(p14, 4, descr=<ArrayP 8>)
+360: label(p0, p1, p2, p3, p4, i7, i9, i11, i13, p16, p18, p20, p22, p24, descr=TargetToken(5372839440))
debug_merge_point(0, 0, '36<main.rpyeffect:36(Name(countdown2633))>+1: {"op": "Copy". "type": "ptr". "from": 1. "to". 0}')
+392: guard_not_invalidated(descr=<Guard0x1403f2498>) [p2, i7, i9, i11, i13, p16, p18, p20, p22, p24, p0, p1, p3, p4]
debug_merge_point(0, 0, '36<main.rpyeffect:36(Name(countdown2633))>+2: {"op": "Jump". "target": 29}')
+396: guard_nonnull(p1, descr=<Guard0x1403e0f20>) [p2, i7, i9, i11, i13, p16, p18, p20, p22, p24, p0, p1, p3, p4]
+408: i25 = getfield_gc_i(p1, descr=<FieldS rpyeffect.stored_environment.Stack__arb_arb.inst_target 16 pure>)
+416: guard_value(i25, 35, descr=<Guard0x1403e0f60>) [p2, i7, i9, i11, i13, p16, p18, p20, p22, p24, p0, p1, p3, p4]
debug_merge_point(0, 0, '29<main.rpyeffect:29([mcore:[#23]#40])>+0: {"op": "Invoke". "receiver": 0. "tag": Interned(%Get2637():n). "args" : {"num": []. "ptr": []}}')
+428: p27 = getfield_gc_r(p18, descr=<FieldP rpyeffect.stored_environment.CoData__arb_arb.inst_vtable 24 pure>)
+436: guard_value(p27, ConstPtr(ptr28), descr=<Guard0x1403e0fa0>) [p2, i7, i9, i11, i13, p16, p18, p20, p22, p24, p0, p1, p3, p4]
+444: p29 = getfield_gc_r(p18, descr=<FieldP rpyeffect.stored_environment.CoData__0_2.inst_values_ptr_0 32 pure>)
+448: p30 = getfield_gc_r(p18, descr=<FieldP rpyeffect.stored_environment.CoData__0_2.inst_values_ptr_1 40 pure>)
debug_merge_point(0, 0, '80<main.rpyeffect:80([#179])>+0: {"op": "Const". "type": "num". "out": 0. "value": 0}')
debug_merge_point(0, 0, '80<main.rpyeffect:80([#179])>+1: {"op": "ShiftDyn". "out": 1. "n": 0. "label": 1}')
+452: guard_isnull(p4, descr=<Guard0x1403e0fe0>) [p2, i7, i9, i11, i13, p16, p18, p20, p22, p24, p0, p1, p3, p4]
+464: i31 = instance_ptr_eq(p0, p30)
guard_true(i31, descr=<Guard0x1403e1020>) [p2, i7, i9, i11, i13, p16, p18, p20, p22, p24, p0, p1, p3, p4]
+476: guard_nonnull_class(p3, 4336807616, descr=<Guard0x1403f24f0>) [p2, i7, i9, i11, i13, p16, p18, p20, p22, p24, p0, p1, p3, p4]
+504: p33 = getfield_gc_r(p3, descr=<FieldP rpyeffect.stack.MetaStackLike.inst_stack 8 pure>)
+508: p34 = getfield_gc_r(p3, descr=<FieldP rpyeffect.stack.MetaStack.inst_label 16 pure>)
+512: p35 = getfield_gc_r(p3, descr=<FieldP rpyeffect.stack.MetaStack.inst_tail 32 pure>)
+516: guard_nonnull(p33, descr=<Guard0x1403e1060>) [p2, i7, i9, i11, i13, p16, p18, p20, p22, p24, p0, p1, p3, p4]
+524: i36 = getfield_gc_i(p33, descr=<FieldS rpyeffect.stored_environment.Stack__arb_arb.inst_target 16 pure>)
+528: guard_value(i36, 77, descr=<Guard0x1403e10a0>) [p2, i7, i9, i11, i13, p16, p18, p20, p22, p24, p0, p1, p3, p4]
debug_merge_point(0, 0, '80<main.rpyeffect:80([#179])>+2: {"op": "Load". "out": 0. "type": "num". "ref": 0}')
+540: i38 = getfield_gc_i(p29, descr=<FieldS rpyeffect.region.NumRef.inst_value 8>)
debug_merge_point(0, 0, '80<main.rpyeffect:80([#179])>+3: {"op": "Copy". "type": "ptr". "from": 1. "to". 0}')
debug_merge_point(0, 0, '80<main.rpyeffect:80([#179])>+4: {"op": "Jump". "target": 72}')
debug_merge_point(0, 0, '72<main.rpyeffect:72(Name(resume83941))>+0: {"op": "PushStack". "arg": 0}')
debug_merge_point(0, 0, '72<main.rpyeffect:72(Name(resume83941))>+1: {"op": "Return". "args": {"num": [0]. "ptr": []}}')
+544: p39 = getfield_gc_r(p1, descr=<FieldP rpyeffect.stored_environment.Stack__0_2.inst_values_ptr_0 40 pure>)
+548: p40 = getfield_gc_r(p1, descr=<FieldP rpyeffect.stored_environment.Stack__0_2.inst_values_ptr_1 48 pure>)
+552: p41 = getfield_gc_r(p1, descr=<FieldP rpyeffect.stored_environment.Stack__arb_arb.inst_tail 8 pure>)
+556: guard_nonnull(p41, descr=<Guard0x1403e10e0>) [p2, i7, i9, i11, i13, p16, p18, p20, p22, p24, p0, p1, p3, p4]
+564: i42 = getfield_gc_i(p41, descr=<FieldS rpyeffect.stored_environment.Stack__arb_arb.inst_target 16 pure>)
+568: guard_value(i42, 78, descr=<Guard0x1403e1120>) [p2, i7, i9, i11, i13, p16, p18, p20, p22, p24, p0, p1, p3, p4]
debug_merge_point(0, 0, '35<main.rpyeffect:35([k@Name(countdown2633)#43])>+0: {"op": "Const". "type": "num". "out": 1. "value": 0}')
debug_merge_point(0, 0, '35<main.rpyeffect:35([k@Name(countdown2633)#43])>+1: {"op": "Push". "target": 34. "args": {"num": [0]. "ptr": [0. 1]}}')
debug_merge_point(0, 0, '35<main.rpyeffect:35([k@Name(countdown2633)#43])>+2: {"op": "Jump". "target": 4}')
debug_merge_point(0, 0, '4<main.rpyeffect:4(Name(infixEq71))>+0: {"op": "PrimOp". "name": "infixEq(Int. Int): Boolean". "out": {"num": [0]. "ptr": []}. "in": {"num": [0. 1]. "ptr": []}}')
+580: i45 = int_eq(i38, 0)
guard_false(i45, descr=<Guard0x1403e1160>) [p2, i7, i9, i11, i13, p16, p18, p20, p22, p24, p0, p1, p3, p4]
debug_merge_point(0, 0, '4<main.rpyeffect:4(Name(infixEq71))>+1: {"op": "Return". "args": {"num": [0]. "ptr": []}}')
debug_merge_point(0, 0, '34<main.rpyeffect:34([k@[k@Name(countdown2633)#43]#47])>+0: {"op": "Swap". "type": "ptr". "a": 1. "b". 0}')
debug_merge_point(0, 0, '34<main.rpyeffect:34([k@[k@Name(countdown2633)#43]#47])>+1: {"op": "IfZero". "cond": 0. "then": {"tag": null. "target": 33. "args": {"num": []. "ptr": []}}}')
debug_merge_point(0, 0, '33<main.rpyeffect:33([then#49])>+0: {"op": "Const". "type": "num". "out": 0. "value": 1}')
debug_merge_point(0, 0, '33<main.rpyeffect:33([then#49])>+1: {"op": "Push". "target": 32. "args": {"num": []. "ptr": [1. 0]}}')
debug_merge_point(0, 0, '33<main.rpyeffect:33([then#49])>+2: {"op": "Swap". "type": "num". "a": 0. "b". 1}')
debug_merge_point(0, 0, '33<main.rpyeffect:33([then#49])>+3: {"op": "Jump". "target": 8}')
debug_merge_point(0, 0, '8<main.rpyeffect:8(Name(infixSub104))>+0: {"op": "PrimOp". "name": "infixSub(Int. Int): Int". "out": {"num": [0]. "ptr": []}. "in": {"num": [0. 1]. "ptr": []}}')
+588: i47 = int_sub(i38, 1)
debug_merge_point(0, 0, '8<main.rpyeffect:8(Name(infixSub104))>+1: {"op": "Return". "args": {"num": [0]. "ptr": []}}')
debug_merge_point(0, 0, '32<main.rpyeffect:32([k@[then#49]#53])>+0: {"op": "Push". "target": 31. "args": {"num": []. "ptr": [0. 1]}}')
debug_merge_point(0, 0, '32<main.rpyeffect:32([k@[then#49]#53])>+1: {"op": "Copy". "type": "ptr". "from": 1. "to". 0}')
debug_merge_point(0, 0, '32<main.rpyeffect:32([k@[then#49]#53])>+2: {"op": "Jump". "target": 30}')
debug_merge_point(0, 0, '30<main.rpyeffect:30([mcore:[#26]#41])>+0: {"op": "Invoke". "receiver": 0. "tag": Interned(%Set2639(n):p). "args" : {"num": [0]. "ptr": []}}')
+592: p48 = getfield_gc_r(p40, descr=<FieldP rpyeffect.stored_environment.CoData__arb_arb.inst_vtable 24 pure>)
+600: guard_value(p48, ConstPtr(ptr49), descr=<Guard0x1403e11a0>) [p2, i7, i9, i11, i13, p16, p18, p20, p22, p24, p0, p1, p3, p4]
+608: p50 = getfield_gc_r(p40, descr=<FieldP rpyeffect.stored_environment.CoData__0_2.inst_values_ptr_0 32 pure>)
+612: p51 = getfield_gc_r(p40, descr=<FieldP rpyeffect.stored_environment.CoData__0_2.inst_values_ptr_1 40 pure>)
debug_merge_point(0, 0, '84<main.rpyeffect:84([#195])>+0: {"op": "Const". "type": "num". "out": 1. "value": 0}')
debug_merge_point(0, 0, '84<main.rpyeffect:84([#195])>+1: {"op": "ShiftDyn". "out": 1. "n": 1. "label": 1}')
+616: i52 = instance_ptr_eq(p0, p51)
guard_true(i52, descr=<Guard0x1403e11e0>) [p2, i7, i9, i11, i13, p16, p18, p20, p22, p24, p0, p1, p3, p4]
debug_merge_point(0, 0, '84<main.rpyeffect:84([#195])>+2: {"op": "Store". "ref": 0. "type": "num". "value": 0}')
debug_merge_point(0, 0, '84<main.rpyeffect:84([#195])>+3: {"op": "Construct". "out": 0. "type": Interned(Unit). "tag": Interned(unit). "args": {"num": []. "ptr": []}}')
debug_merge_point(0, 0, '84<main.rpyeffect:84([#195])>+4: {"op": "Construct". "out": 0. "type": Interned(Unit). "tag": Interned(unit). "args": {"num": []. "ptr": []}}')
debug_merge_point(0, 0, '84<main.rpyeffect:84([#195])>+5: {"op": "Jump". "target": 73}')
debug_merge_point(0, 0, '73<main.rpyeffect:73(Name(resume113942))>+0: {"op": "PushStack". "arg": 1}')
debug_merge_point(0, 0, '73<main.rpyeffect:73(Name(resume113942))>+1: {"op": "Return". "args": {"num": []. "ptr": [0]}}')
debug_merge_point(0, 0, '31<main.rpyeffect:31([k@[k@[then#49]#53]#56])>+0: {"op": "Copy". "type": "ptr". "from": 2. "to". 0}')
debug_merge_point(0, 0, '31<main.rpyeffect:31([k@[k@[then#49]#53]#56])>+1: {"op": "Jump". "target": 36}')
debug_merge_point(0, 0, '36<main.rpyeffect:36(Name(countdown2633))>+0: {"op": "Push". "target": 35. "args": {"num": []. "ptr": [1. 0]}}')
debug_merge_point(0, 0, '36<main.rpyeffect:36(Name(countdown2633))>+1: {"op": "Copy". "type": "ptr". "from": 1. "to". 0}')
+624: setfield_gc(p50, i47, descr=<FieldS rpyeffect.region.NumRef.inst_value 8>)
+628: label(p0, p41, p39, p40, p2, p33, p34, p35, i47, i11, i13, p22, p24, p50, descr=TargetToken(5372839520))
debug_merge_point(0, 0, '36<main.rpyeffect:36(Name(countdown2633))>+1: {"op": "Copy". "type": "ptr". "from": 1. "to". 0}')
+652: guard_not_invalidated(descr=<Guard0x1403f2548>) [p2, i47, i11, i13, p40, p39, p22, p24, p0, p35, p34, p33, p41]
debug_merge_point(0, 0, '36<main.rpyeffect:36(Name(countdown2633))>+2: {"op": "Jump". "target": 29}')
debug_merge_point(0, 0, '29<main.rpyeffect:29([mcore:[#23]#40])>+0: {"op": "Invoke". "receiver": 0. "tag": Interned(%Get2637():n). "args" : {"num": []. "ptr": []}}')
+656: p53 = getfield_gc_r(p39, descr=<FieldP rpyeffect.stored_environment.CoData__arb_arb.inst_vtable 24 pure>)
+664: guard_value(p53, ConstPtr(ptr54), descr=<Guard0x1403e1220>) [p2, i47, i11, i13, p40, p39, p22, p24, p0, p35, p34, p33, p41]
+672: p55 = getfield_gc_r(p39, descr=<FieldP rpyeffect.stored_environment.CoData__0_2.inst_values_ptr_0 32 pure>)
+676: p56 = getfield_gc_r(p39, descr=<FieldP rpyeffect.stored_environment.CoData__0_2.inst_values_ptr_1 40 pure>)
debug_merge_point(0, 0, '80<main.rpyeffect:80([#179])>+0: {"op": "Const". "type": "num". "out": 0. "value": 0}')
debug_merge_point(0, 0, '80<main.rpyeffect:80([#179])>+1: {"op": "ShiftDyn". "out": 1. "n": 0. "label": 1}')
+680: i57 = instance_ptr_eq(p0, p56)
guard_true(i57, descr=<Guard0x1403e1260>) [p2, i47, i11, i13, p40, p39, p22, p24, p0, p35, p34, p33, p41]
debug_merge_point(0, 0, '80<main.rpyeffect:80([#179])>+2: {"op": "Load". "out": 0. "type": "num". "ref": 0}')
+688: i58 = getfield_gc_i(p55, descr=<FieldS rpyeffect.region.NumRef.inst_value 8>)
debug_merge_point(0, 0, '80<main.rpyeffect:80([#179])>+3: {"op": "Copy". "type": "ptr". "from": 1. "to". 0}')
debug_merge_point(0, 0, '80<main.rpyeffect:80([#179])>+4: {"op": "Jump". "target": 72}')
debug_merge_point(0, 0, '72<main.rpyeffect:72(Name(resume83941))>+0: {"op": "PushStack". "arg": 0}')
debug_merge_point(0, 0, '72<main.rpyeffect:72(Name(resume83941))>+1: {"op": "Return". "args": {"num": [0]. "ptr": []}}')
debug_merge_point(0, 0, '35<main.rpyeffect:35([k@Name(countdown2633)#43])>+0: {"op": "Const". "type": "num". "out": 1. "value": 0}')
debug_merge_point(0, 0, '35<main.rpyeffect:35([k@Name(countdown2633)#43])>+1: {"op": "Push". "target": 34. "args": {"num": [0]. "ptr": [0. 1]}}')
debug_merge_point(0, 0, '35<main.rpyeffect:35([k@Name(countdown2633)#43])>+2: {"op": "Jump". "target": 4}')
debug_merge_point(0, 0, '4<main.rpyeffect:4(Name(infixEq71))>+0: {"op": "PrimOp". "name": "infixEq(Int. Int): Boolean". "out": {"num": [0]. "ptr": []}. "in": {"num": [0. 1]. "ptr": []}}')
+692: i60 = int_eq(i58, 0)
guard_false(i60, descr=<Guard0x1403e12a0>) [p2, i47, i11, i13, p40, p39, p22, p24, p0, p35, p34, p33, p41]
debug_merge_point(0, 0, '4<main.rpyeffect:4(Name(infixEq71))>+1: {"op": "Return". "args": {"num": [0]. "ptr": []}}')
debug_merge_point(0, 0, '34<main.rpyeffect:34([k@[k@Name(countdown2633)#43]#47])>+0: {"op": "Swap". "type": "ptr". "a": 1. "b". 0}')
debug_merge_point(0, 0, '34<main.rpyeffect:34([k@[k@Name(countdown2633)#43]#47])>+1: {"op": "IfZero". "cond": 0. "then": {"tag": null. "target": 33. "args": {"num": []. "ptr": []}}}')
debug_merge_point(0, 0, '33<main.rpyeffect:33([then#49])>+0: {"op": "Const". "type": "num". "out": 0. "value": 1}')
debug_merge_point(0, 0, '33<main.rpyeffect:33([then#49])>+1: {"op": "Push". "target": 32. "args": {"num": []. "ptr": [1. 0]}}')
debug_merge_point(0, 0, '33<main.rpyeffect:33([then#49])>+2: {"op": "Swap". "type": "num". "a": 0. "b". 1}')
debug_merge_point(0, 0, '33<main.rpyeffect:33([then#49])>+3: {"op": "Jump". "target": 8}')
debug_merge_point(0, 0, '8<main.rpyeffect:8(Name(infixSub104))>+0: {"op": "PrimOp". "name": "infixSub(Int. Int): Int". "out": {"num": [0]. "ptr": []}. "in": {"num": [0. 1]. "ptr": []}}')
+700: i62 = int_sub(i58, 1)
debug_merge_point(0, 0, '8<main.rpyeffect:8(Name(infixSub104))>+1: {"op": "Return". "args": {"num": [0]. "ptr": []}}')
debug_merge_point(0, 0, '32<main.rpyeffect:32([k@[then#49]#53])>+0: {"op": "Push". "target": 31. "args": {"num": []. "ptr": [0. 1]}}')
debug_merge_point(0, 0, '32<main.rpyeffect:32([k@[then#49]#53])>+1: {"op": "Copy". "type": "ptr". "from": 1. "to". 0}')
debug_merge_point(0, 0, '32<main.rpyeffect:32([k@[then#49]#53])>+2: {"op": "Jump". "target": 30}')
debug_merge_point(0, 0, '30<main.rpyeffect:30([mcore:[#26]#41])>+0: {"op": "Invoke". "receiver": 0. "tag": Interned(%Set2639(n):p). "args" : {"num": [0]. "ptr": []}}')
debug_merge_point(0, 0, '84<main.rpyeffect:84([#195])>+0: {"op": "Const". "type": "num". "out": 1. "value": 0}')
debug_merge_point(0, 0, '84<main.rpyeffect:84([#195])>+1: {"op": "ShiftDyn". "out": 1. "n": 1. "label": 1}')
debug_merge_point(0, 0, '84<main.rpyeffect:84([#195])>+2: {"op": "Store". "ref": 0. "type": "num". "value": 0}')
debug_merge_point(0, 0, '84<main.rpyeffect:84([#195])>+3: {"op": "Construct". "out": 0. "type": Interned(Unit). "tag": Interned(unit). "args": {"num": []. "ptr": []}}')
debug_merge_point(0, 0, '84<main.rpyeffect:84([#195])>+4: {"op": "Construct". "out": 0. "type": Interned(Unit). "tag": Interned(unit). "args": {"num": []. "ptr": []}}')
debug_merge_point(0, 0, '84<main.rpyeffect:84([#195])>+5: {"op": "Jump". "target": 73}')
debug_merge_point(0, 0, '73<main.rpyeffect:73(Name(resume113942))>+0: {"op": "PushStack". "arg": 1}')
debug_merge_point(0, 0, '73<main.rpyeffect:73(Name(resume113942))>+1: {"op": "Return". "args": {"num": []. "ptr": [0]}}')
debug_merge_point(0, 0, '31<main.rpyeffect:31([k@[k@[then#49]#53]#56])>+0: {"op": "Copy". "type": "ptr". "from": 2. "to". 0}')
debug_merge_point(0, 0, '31<main.rpyeffect:31([k@[k@[then#49]#53]#56])>+1: {"op": "Jump". "target": 36}')
debug_merge_point(0, 0, '36<main.rpyeffect:36(Name(countdown2633))>+0: {"op": "Push". "target": 35. "args": {"num": []. "ptr": [1. 0]}}')
debug_merge_point(0, 0, '36<main.rpyeffect:36(Name(countdown2633))>+1: {"op": "Copy". "type": "ptr". "from": 1. "to". 0}')
+704: setfield_gc(p50, i62, descr=<FieldS rpyeffect.region.NumRef.inst_value 8>)
+708: jump(p0, p41, p39, p40, p2, p33, p34, p35, i62, i11, i13, p22, p24, p50, descr=TargetToken(5372839520))
+716: --end of the loop--
[4806a3] jit-log-opt-loop}
[1a1988d1] {jit-summary
Tracing:      	1	0.000682
Backend:      	1	0.000133
TOTAL:      		0.434782
ops:             	1758
heapcached ops:  	273
recorded ops:    	314
  calls:         	31
guards:          	81
opt ops:         	127
opt guards:      	19
opt guards shared:	16
forcings:        	0
abort: trace too long:	0
abort: compiling:	0
abort: vable escape:	0
abort: bad loop: 	0
abort: force quasi-immut:	0
abort: segmenting trace:	0
virtualizables forced:	0
nvirtuals:       	2
nvholes:         	0
nvreused:        	0
vecopt tried:    	0
vecopt success:  	0
Total # of loops:	1
Total # of bridges:	0
Freed # of loops:	0
Freed # of bridges:	0
[1a19bc16] jit-summary}
