[46cc06] {jit-log-opt-loop
# Loop 1 (34<main.rpyeffect:34(Name(range2634))>+1: {"op": "Jump", "target": 9}) : loop with 113 ops
[p0, p1, p2, p3, p4]
+280: p5 = getfield_gc_r(p2, descr=<FieldP rpyeffect.environment.Environment.inst_values_num 16>)
+288: i7 = getarrayitem_gc_i(p5, 0, descr=<ArrayS 8>)
+292: i9 = getarrayitem_gc_i(p5, 1, descr=<ArrayS 8>)
+296: i11 = getarrayitem_gc_i(p5, 2, descr=<ArrayS 8>)
+300: i13 = getarrayitem_gc_i(p5, 3, descr=<ArrayS 8>)
+304: p14 = getfield_gc_r(p2, descr=<FieldP rpyeffect.environment.Environment.inst_values_ptr 24>)
+308: p16 = getarrayitem_gc_r(p14, 0, descr=<ArrayP 8>)
+312: p18 = getarrayitem_gc_r(p14, 1, descr=<ArrayP 8>)
+316: p20 = getarrayitem_gc_r(p14, 2, descr=<ArrayP 8>)
+320: p22 = getarrayitem_gc_r(p14, 3, descr=<ArrayP 8>)
+324: p24 = getarrayitem_gc_r(p14, 4, descr=<ArrayP 8>)
+328: label(p0, p1, p2, p3, p4, i7, i9, i11, i13, p16, p18, p20, p22, p24, descr=TargetToken(5507057008))
debug_merge_point(0, 0, '34<main.rpyeffect:34(Name(range2634))>+1: {"op": "Jump". "target": 9}')
+356: guard_not_invalidated(descr=<Guard0x1483f25a0>) [p2, i7, i9, i11, i13, p16, p18, p20, p22, p24, p0, p1, p3, p4]
+360: guard_nonnull(p1, descr=<Guard0x1483e4ee0>) [p2, i7, i9, i11, i13, p16, p18, p20, p22, p24, p0, p1, p3, p4]
+372: i25 = getfield_gc_i(p1, descr=<FieldS rpyeffect.stored_environment.Stack__arb_arb.inst_target 16 pure>)
+380: guard_value(i25, 33, descr=<Guard0x1483e4f20>) [p2, i7, i9, i11, i13, p16, p18, p20, p22, p24, p0, p1, p3, p4]
debug_merge_point(0, 0, '9<main.rpyeffect:9(Name(infixGt174))>+0: {"op": "PrimOp". "name": "infixGt(Int. Int): Boolean". "out": {"num": [0]. "ptr": []}. "in": {"num": [0. 1]. "ptr": []}}')
+392: i27 = int_gt(i7, i9)
guard_false(i27, descr=<Guard0x1483e4f60>) [p2, i7, i9, i11, i13, p16, p18, p20, p22, p24, p0, p1, p3, p4]
debug_merge_point(0, 0, '9<main.rpyeffect:9(Name(infixGt174))>+1: {"op": "Return". "args": {"num": [0]. "ptr": []}}')
+400: i28 = getfield_gc_i(p1, descr=<FieldS rpyeffect.stored_environment.Stack__2_1.inst_values_num_0 40 pure>)
+404: i29 = getfield_gc_i(p1, descr=<FieldS rpyeffect.stored_environment.Stack__2_1.inst_values_num_1 48 pure>)
+408: p30 = getfield_gc_r(p1, descr=<FieldP rpyeffect.stored_environment.Stack__2_1.inst_values_ptr_0 56 pure>)
+412: p31 = getfield_gc_r(p1, descr=<FieldP rpyeffect.stored_environment.Stack__arb_arb.inst_tail 8 pure>)
debug_merge_point(0, 0, '33<main.rpyeffect:33([k@Name(range2634)#42])>+0: {"op": "IfZero". "cond": 0. "then": {"tag": null. "target": 32. "args": {"num": []. "ptr": []}}}')
+416: guard_nonnull(p31, descr=<Guard0x1483e4fa0>) [p2, i7, i9, i11, i13, p16, p18, p20, p22, p24, p0, p1, p3, p4]
+424: i32 = getfield_gc_i(p31, descr=<FieldS rpyeffect.stored_environment.Stack__arb_arb.inst_target 16 pure>)
+428: guard_value(i32, 82, descr=<Guard0x1483e4fe0>) [p2, i7, i9, i11, i13, p16, p18, p20, p22, p24, p0, p1, p3, p4]
debug_merge_point(0, 0, '32<main.rpyeffect:32([then#44])>+0: {"op": "Push". "target": 31. "args": {"num": [1. 2]. "ptr": [0]}}')
debug_merge_point(0, 0, '32<main.rpyeffect:32([then#44])>+1: {"op": "Copy". "type": "num". "from": 1. "to". 0}')
debug_merge_point(0, 0, '32<main.rpyeffect:32([then#44])>+2: {"op": "Jump". "target": 29}')
debug_merge_point(0, 0, '29<main.rpyeffect:29([mcore:[#24]#40])>+0: {"op": "Invoke". "receiver": 0. "tag": Interned(%Emit2639(n):p). "args" : {"num": [0]. "ptr": []}}')
+440: p34 = getfield_gc_r(p30, descr=<FieldP rpyeffect.stored_environment.CoData__arb_arb.inst_vtable 24 pure>)
+448: guard_value(p34, ConstPtr(ptr35), descr=<Guard0x1483e5020>) [p2, i7, i9, i11, i13, p16, p18, p20, p22, p24, p0, p1, p3, p4]
+456: p36 = getfield_gc_r(p30, descr=<FieldP rpyeffect.stored_environment.CoData__0_2.inst_values_ptr_0 32 pure>)
+460: p37 = getfield_gc_r(p30, descr=<FieldP rpyeffect.stored_environment.CoData__0_2.inst_values_ptr_1 40 pure>)
debug_merge_point(0, 0, '78<main.rpyeffect:78([#176])>+0: {"op": "Const". "type": "num". "out": 1. "value": 0}')
debug_merge_point(0, 0, '78<main.rpyeffect:78([#176])>+1: {"op": "ShiftDyn". "out": 1. "n": 1. "label": 1}')
+464: guard_isnull(p4, descr=<Guard0x1483e5060>) [p2, i7, i9, i11, i13, p16, p18, p20, p22, p24, p0, p1, p3, p4]
+476: i38 = instance_ptr_eq(p0, p37)
guard_true(i38, descr=<Guard0x1483e50a0>) [p2, i7, i9, i11, i13, p16, p18, p20, p22, p24, p0, p1, p3, p4]
+488: guard_nonnull_class(p3, 4332564160, descr=<Guard0x1483f25f8>) [p2, i7, i9, i11, i13, p16, p18, p20, p22, p24, p0, p1, p3, p4]
+516: p40 = getfield_gc_r(p3, descr=<FieldP rpyeffect.stack.MetaStackLike.inst_stack 8 pure>)
+520: p41 = getfield_gc_r(p3, descr=<FieldP rpyeffect.stack.MetaStack.inst_label 16 pure>)
+524: p42 = getfield_gc_r(p3, descr=<FieldP rpyeffect.stack.MetaStack.inst_tail 32 pure>)
+528: guard_nonnull(p40, descr=<Guard0x1483e50e0>) [p2, i7, i9, i11, i13, p16, p18, p20, p22, p24, p0, p1, p3, p4]
+536: i43 = getfield_gc_i(p40, descr=<FieldS rpyeffect.stored_environment.Stack__arb_arb.inst_target 16 pure>)
+540: guard_value(i43, 74, descr=<Guard0x1483e5120>) [p2, i7, i9, i11, i13, p16, p18, p20, p22, p24, p0, p1, p3, p4]
debug_merge_point(0, 0, '78<main.rpyeffect:78([#176])>+2: {"op": "Load". "out": 1. "type": "num". "ref": 0}')
+552: i45 = getfield_gc_i(p36, descr=<FieldS rpyeffect.region.NumRef.inst_value 8>)
debug_merge_point(0, 0, '78<main.rpyeffect:78([#176])>+3: {"op": "Push". "target": 77. "args": {"num": []. "ptr": [0. 1]}}')
debug_merge_point(0, 0, '78<main.rpyeffect:78([#176])>+4: {"op": "Swap". "type": "num". "a": 1. "b". 0}')
debug_merge_point(0, 0, '78<main.rpyeffect:78([#176])>+5: {"op": "Jump". "target": 5}')
debug_merge_point(0, 0, '5<main.rpyeffect:5(Name(infixAdd95))>+0: {"op": "PrimOp". "name": "infixAdd(Int. Int): Int". "out": {"num": [0]. "ptr": []}. "in": {"num": [0. 1]. "ptr": []}}')
+556: i46 = int_add(i45, i28)
debug_merge_point(0, 0, '5<main.rpyeffect:5(Name(infixAdd95))>+1: {"op": "Return". "args": {"num": [0]. "ptr": []}}')
debug_merge_point(0, 0, '77<main.rpyeffect:77([k@[#176]#184])>+0: {"op": "Store". "ref": 0. "type": "num". "value": 0}')
debug_merge_point(0, 0, '77<main.rpyeffect:77([k@[#176]#184])>+1: {"op": "Construct". "out": 0. "type": Interned(Unit). "tag": Interned(unit). "args": {"num": []. "ptr": []}}')
debug_merge_point(0, 0, '77<main.rpyeffect:77([k@[#176]#184])>+2: {"op": "Construct". "out": 0. "type": Interned(Unit). "tag": Interned(unit). "args": {"num": []. "ptr": []}}')
debug_merge_point(0, 0, '77<main.rpyeffect:77([k@[#176]#184])>+3: {"op": "Jump". "target": 70}')
debug_merge_point(0, 0, '70<main.rpyeffect:70(Name(resume83928))>+0: {"op": "PushStack". "arg": 1}')
debug_merge_point(0, 0, '70<main.rpyeffect:70(Name(resume83928))>+1: {"op": "Return". "args": {"num": []. "ptr": [0]}}')
debug_merge_point(0, 0, '31<main.rpyeffect:31([k@[then#44]#46])>+0: {"op": "Const". "type": "num". "out": 2. "value": 1}')
debug_merge_point(0, 0, '31<main.rpyeffect:31([k@[then#44]#46])>+1: {"op": "Push". "target": 30. "args": {"num": [1]. "ptr": [1]}}')
debug_merge_point(0, 0, '31<main.rpyeffect:31([k@[then#44]#46])>+2: {"op": "Copy". "type": "num". "from": 2. "to". 1}')
debug_merge_point(0, 0, '31<main.rpyeffect:31([k@[then#44]#46])>+3: {"op": "Jump". "target": 5}')
debug_merge_point(0, 0, '5<main.rpyeffect:5(Name(infixAdd95))>+0: {"op": "PrimOp". "name": "infixAdd(Int. Int): Int". "out": {"num": [0]. "ptr": []}. "in": {"num": [0. 1]. "ptr": []}}')
+560: i48 = int_add(i28, 1)
debug_merge_point(0, 0, '5<main.rpyeffect:5(Name(infixAdd95))>+1: {"op": "Return". "args": {"num": [0]. "ptr": []}}')
debug_merge_point(0, 0, '30<main.rpyeffect:30([k@[k@[then#44]#46]#50])>+0: {"op": "Jump". "target": 34}')
debug_merge_point(0, 0, '34<main.rpyeffect:34(Name(range2634))>+0: {"op": "Push". "target": 33. "args": {"num": [0. 1]. "ptr": [0]}}')
debug_merge_point(0, 0, '34<main.rpyeffect:34(Name(range2634))>+1: {"op": "Jump". "target": 9}')
+564: setfield_gc(p36, i46, descr=<FieldS rpyeffect.region.NumRef.inst_value 8>)
+568: label(p0, p31, i48, i29, p30, p2, p40, p41, p42, i13, p20, p22, p24, p36, i46, descr=TargetToken(5507057088))
debug_merge_point(0, 0, '34<main.rpyeffect:34(Name(range2634))>+1: {"op": "Jump". "target": 9}')
+588: guard_not_invalidated(descr=<Guard0x1483f2650>) [p2, i48, i29, i13, p30, p20, p22, p24, p0, p42, p41, p40, p31]
debug_merge_point(0, 0, '9<main.rpyeffect:9(Name(infixGt174))>+0: {"op": "PrimOp". "name": "infixGt(Int. Int): Boolean". "out": {"num": [0]. "ptr": []}. "in": {"num": [0. 1]. "ptr": []}}')
+592: i49 = int_gt(i48, i29)
guard_false(i49, descr=<Guard0x1483e5160>) [p2, i48, i29, i13, p30, p20, p22, p24, p0, p42, p41, p40, p31]
debug_merge_point(0, 0, '9<main.rpyeffect:9(Name(infixGt174))>+1: {"op": "Return". "args": {"num": [0]. "ptr": []}}')
debug_merge_point(0, 0, '33<main.rpyeffect:33([k@Name(range2634)#42])>+0: {"op": "IfZero". "cond": 0. "then": {"tag": null. "target": 32. "args": {"num": []. "ptr": []}}}')
debug_merge_point(0, 0, '32<main.rpyeffect:32([then#44])>+0: {"op": "Push". "target": 31. "args": {"num": [1. 2]. "ptr": [0]}}')
debug_merge_point(0, 0, '32<main.rpyeffect:32([then#44])>+1: {"op": "Copy". "type": "num". "from": 1. "to". 0}')
debug_merge_point(0, 0, '32<main.rpyeffect:32([then#44])>+2: {"op": "Jump". "target": 29}')
debug_merge_point(0, 0, '29<main.rpyeffect:29([mcore:[#24]#40])>+0: {"op": "Invoke". "receiver": 0. "tag": Interned(%Emit2639(n):p). "args" : {"num": [0]. "ptr": []}}')
debug_merge_point(0, 0, '78<main.rpyeffect:78([#176])>+0: {"op": "Const". "type": "num". "out": 1. "value": 0}')
debug_merge_point(0, 0, '78<main.rpyeffect:78([#176])>+1: {"op": "ShiftDyn". "out": 1. "n": 1. "label": 1}')
debug_merge_point(0, 0, '78<main.rpyeffect:78([#176])>+2: {"op": "Load". "out": 1. "type": "num". "ref": 0}')
debug_merge_point(0, 0, '78<main.rpyeffect:78([#176])>+3: {"op": "Push". "target": 77. "args": {"num": []. "ptr": [0. 1]}}')
debug_merge_point(0, 0, '78<main.rpyeffect:78([#176])>+4: {"op": "Swap". "type": "num". "a": 1. "b". 0}')
debug_merge_point(0, 0, '78<main.rpyeffect:78([#176])>+5: {"op": "Jump". "target": 5}')
debug_merge_point(0, 0, '5<main.rpyeffect:5(Name(infixAdd95))>+0: {"op": "PrimOp". "name": "infixAdd(Int. Int): Int". "out": {"num": [0]. "ptr": []}. "in": {"num": [0. 1]. "ptr": []}}')
+600: i50 = int_add(i46, i48)
debug_merge_point(0, 0, '5<main.rpyeffect:5(Name(infixAdd95))>+1: {"op": "Return". "args": {"num": [0]. "ptr": []}}')
debug_merge_point(0, 0, '77<main.rpyeffect:77([k@[#176]#184])>+0: {"op": "Store". "ref": 0. "type": "num". "value": 0}')
debug_merge_point(0, 0, '77<main.rpyeffect:77([k@[#176]#184])>+1: {"op": "Construct". "out": 0. "type": Interned(Unit). "tag": Interned(unit). "args": {"num": []. "ptr": []}}')
debug_merge_point(0, 0, '77<main.rpyeffect:77([k@[#176]#184])>+2: {"op": "Construct". "out": 0. "type": Interned(Unit). "tag": Interned(unit). "args": {"num": []. "ptr": []}}')
debug_merge_point(0, 0, '77<main.rpyeffect:77([k@[#176]#184])>+3: {"op": "Jump". "target": 70}')
debug_merge_point(0, 0, '70<main.rpyeffect:70(Name(resume83928))>+0: {"op": "PushStack". "arg": 1}')
debug_merge_point(0, 0, '70<main.rpyeffect:70(Name(resume83928))>+1: {"op": "Return". "args": {"num": []. "ptr": [0]}}')
debug_merge_point(0, 0, '31<main.rpyeffect:31([k@[then#44]#46])>+0: {"op": "Const". "type": "num". "out": 2. "value": 1}')
debug_merge_point(0, 0, '31<main.rpyeffect:31([k@[then#44]#46])>+1: {"op": "Push". "target": 30. "args": {"num": [1]. "ptr": [1]}}')
debug_merge_point(0, 0, '31<main.rpyeffect:31([k@[then#44]#46])>+2: {"op": "Copy". "type": "num". "from": 2. "to". 1}')
debug_merge_point(0, 0, '31<main.rpyeffect:31([k@[then#44]#46])>+3: {"op": "Jump". "target": 5}')
debug_merge_point(0, 0, '5<main.rpyeffect:5(Name(infixAdd95))>+0: {"op": "PrimOp". "name": "infixAdd(Int. Int): Int". "out": {"num": [0]. "ptr": []}. "in": {"num": [0. 1]. "ptr": []}}')
+604: i52 = int_add(i48, 1)
debug_merge_point(0, 0, '5<main.rpyeffect:5(Name(infixAdd95))>+1: {"op": "Return". "args": {"num": [0]. "ptr": []}}')
debug_merge_point(0, 0, '30<main.rpyeffect:30([k@[k@[then#44]#46]#50])>+0: {"op": "Jump". "target": 34}')
debug_merge_point(0, 0, '34<main.rpyeffect:34(Name(range2634))>+0: {"op": "Push". "target": 33. "args": {"num": [0. 1]. "ptr": [0]}}')
debug_merge_point(0, 0, '34<main.rpyeffect:34(Name(range2634))>+1: {"op": "Jump". "target": 9}')
+608: setfield_gc(p36, i50, descr=<FieldS rpyeffect.region.NumRef.inst_value 8>)
+612: jump(p0, p31, i52, i29, p30, p2, p40, p41, p42, i13, p20, p22, p24, p36, i50, descr=TargetToken(5507057088))
+616: --end of the loop--
[48c4be] jit-log-opt-loop}
[10dbb45] {jit-summary
Tracing:      	1	0.000642
Backend:      	1	0.000128
TOTAL:      		0.013756
ops:             	1456
heapcached ops:  	207
recorded ops:    	254
  calls:         	43
guards:          	63
opt ops:         	101
opt guards:      	15
opt guards shared:	12
forcings:        	0
abort: trace too long:	0
abort: compiling:	0
abort: vable escape:	0
abort: bad loop: 	0
abort: force quasi-immut:	0
abort: segmenting trace:	0
virtualizables forced:	0
nvirtuals:       	2
nvholes:         	0
nvreused:        	0
vecopt tried:    	0
vecopt success:  	0
Total # of loops:	1
Total # of bridges:	0
Freed # of loops:	0
Freed # of bridges:	0
[10de325] jit-summary}
