[495f5d] {jit-log-opt-loop
# Loop 1 (38<main.rpyeffect:38([match_Cons1052@Name(product2633)#55])>+3: {"op": "Jump", "target": 4}) : loop with 77 ops
[p0, p1, p2, p3, p4]
+248: p5 = getfield_gc_r(p2, descr=<FieldP rpyeffect.environment.Environment.inst_values_num 16>)
+256: i7 = getarrayitem_gc_i(p5, 0, descr=<ArrayS 8>)
+260: i9 = getarrayitem_gc_i(p5, 1, descr=<ArrayS 8>)
+264: i11 = getarrayitem_gc_i(p5, 2, descr=<ArrayS 8>)
+268: i13 = getarrayitem_gc_i(p5, 3, descr=<ArrayS 8>)
+272: p14 = getfield_gc_r(p2, descr=<FieldP rpyeffect.environment.Environment.inst_values_ptr 24>)
+276: p16 = getarrayitem_gc_r(p14, 0, descr=<ArrayP 8>)
+280: p18 = getarrayitem_gc_r(p14, 1, descr=<ArrayP 8>)
+284: p20 = getarrayitem_gc_r(p14, 2, descr=<ArrayP 8>)
+288: p22 = getarrayitem_gc_r(p14, 3, descr=<ArrayP 8>)
+292: p24 = getarrayitem_gc_r(p14, 4, descr=<ArrayP 8>)
+296: label(p0, p1, p2, p3, p4, i7, i9, i11, i13, p16, p18, p20, p22, p24, descr=TargetToken(4566157296))
debug_merge_point(0, 0, '38<main.rpyeffect:38([match_Cons1052@Name(product2633)#55])>+3: {"op": "Jump". "target": 4}')
+324: guard_not_invalidated(descr=<Guard0x1102ac650>) [p2, i7, i9, i11, i13, p16, p18, p20, p22, p24, p0, p1, p3, p4]
+328: guard_nonnull(p1, descr=<Guard0x1102aee60>) [p2, i7, i9, i11, i13, p16, p18, p20, p22, p24, p0, p1, p3, p4]
+340: i25 = getfield_gc_i(p1, descr=<FieldS rpyeffect.stored_environment.Stack__arb_arb.inst_target 16 pure>)
+348: guard_value(i25, 37, descr=<Guard0x1102aeea0>) [p2, i7, i9, i11, i13, p16, p18, p20, p22, p24, p0, p1, p3, p4]
debug_merge_point(0, 0, '4<main.rpyeffect:4(Name(infixEq71))>+0: {"op": "PrimOp". "name": "infixEq(Int. Int): Boolean". "out": {"num": [0]. "ptr": []}. "in": {"num": [0. 1]. "ptr": []}}')
+360: i27 = int_eq(i7, i9)
guard_false(i27, descr=<Guard0x1102aeee0>) [p2, i7, i9, i11, i13, p16, p18, p20, p22, p24, p0, p1, p3, p4]
debug_merge_point(0, 0, '4<main.rpyeffect:4(Name(infixEq71))>+1: {"op": "Return". "args": {"num": [0]. "ptr": []}}')
+368: i28 = getfield_gc_i(p1, descr=<FieldS rpyeffect.stored_environment.Stack__1_2.inst_values_num_0 40 pure>)
+372: p29 = getfield_gc_r(p1, descr=<FieldP rpyeffect.stored_environment.Stack__1_2.inst_values_ptr_0 48 pure>)
+376: p30 = getfield_gc_r(p1, descr=<FieldP rpyeffect.stored_environment.Stack__1_2.inst_values_ptr_1 56 pure>)
+380: p31 = getfield_gc_r(p1, descr=<FieldP rpyeffect.stored_environment.Stack__arb_arb.inst_tail 8 pure>)
debug_merge_point(0, 0, '37<main.rpyeffect:37([k@[match_Cons1052@Name(product2633)#55]#61])>+0: {"op": "IfZero". "cond": 0. "then": {"tag": null. "target": 36. "args": {"num": []. "ptr": []}}}')
+384: guard_nonnull(p31, descr=<Guard0x1102aef20>) [p2, i7, i9, i11, i13, p16, p18, p20, p22, p24, p0, p1, p3, p4]
+392: i32 = getfield_gc_i(p31, descr=<FieldS rpyeffect.stored_environment.Stack__arb_arb.inst_target 16 pure>)
+396: guard_value(i32, 30, descr=<Guard0x1102aef60>) [p2, i7, i9, i11, i13, p16, p18, p20, p22, p24, p0, p1, p3, p4]
debug_merge_point(0, 0, '36<main.rpyeffect:36([then#63])>+0: {"op": "Push". "target": 35. "args": {"num": [1]. "ptr": []}}')
debug_merge_point(0, 0, '36<main.rpyeffect:36([then#63])>+1: {"op": "Swap". "type": "ptr". "a": 1. "b". 0}')
debug_merge_point(0, 0, '36<main.rpyeffect:36([then#63])>+2: {"op": "Jump". "target": 31}')
debug_merge_point(0, 0, '31<main.rpyeffect:31([mcore:[eta-expanded fn#103]#41])>+0: {"op": "Push". "target": 30. "args": {"num": []. "ptr": []}}')
debug_merge_point(0, 0, '31<main.rpyeffect:31([mcore:[eta-expanded fn#103]#41])>+1: {"op": "Jump". "target": 39}')
debug_merge_point(0, 0, '39<main.rpyeffect:39(Name(product2633))>+0: {"op": "Swap". "type": "ptr". "a": 1. "b". 0}')
debug_merge_point(0, 0, '39<main.rpyeffect:39(Name(product2633))>+1: {"op": "Match". "type": Interned(List867). "scrutinee": 1. "clauses": [{"tag": Interned(Nil1051). "target": 33. "args": {"num": []. "ptr": []}}. {"tag": Interned(Cons1052). "target": 38. "args": {"num": []. "ptr": [1. 2]}}]. "default": {"tag": Interned(e7ee60f4-870d-42e7-bf94-aaad8d6b9d16#[Missing Tag#354]). "target": 32. "args": {"num": []. "ptr": []}}}')
+408: p34 = getfield_gc_r(p30, descr=<FieldP rpyeffect.stored_environment.Data__arb_arb.inst_tag 8>)
+416: guard_value(p34, ConstPtr(ptr35), descr=<Guard0x1102aefa0>) [p2, i7, i9, i11, i13, p16, p18, p20, p22, p24, p0, p1, p3, p4]
+424: p36 = getfield_gc_r(p30, descr=<FieldP rpyeffect.stored_environment.Data__0_2.inst_values_ptr_0 32 pure>)
+428: p37 = getfield_gc_r(p30, descr=<FieldP rpyeffect.stored_environment.Data__0_2.inst_values_ptr_1 40 pure>)
debug_merge_point(0, 0, '38<main.rpyeffect:38([match_Cons1052@Name(product2633)#55])>+0: {"op": "PrimOp". "name": "unbox(Ptr): Num". "out": {"num": [0]. "ptr": []}. "in": {"num": []. "ptr": [1]}}')
+432: i38 = getfield_gc_i(p36, descr=<FieldS rpyeffect.region.NumBox.inst_value 8 pure>)
debug_merge_point(0, 0, '38<main.rpyeffect:38([match_Cons1052@Name(product2633)#55])>+1: {"op": "Const". "type": "num". "out": 1. "value": 0}')
debug_merge_point(0, 0, '38<main.rpyeffect:38([match_Cons1052@Name(product2633)#55])>+2: {"op": "Push". "target": 37. "args": {"num": [0]. "ptr": [0. 2]}}')
debug_merge_point(0, 0, '38<main.rpyeffect:38([match_Cons1052@Name(product2633)#55])>+3: {"op": "Jump". "target": 4}')
+436: label(p0, p31, i28, i38, p29, p37, p2, p3, p4, i11, i13, p36, p22, p24, descr=TargetToken(4566157376))
debug_merge_point(0, 0, '38<main.rpyeffect:38([match_Cons1052@Name(product2633)#55])>+3: {"op": "Jump". "target": 4}')
+444: guard_not_invalidated(descr=<Guard0x1102ac6a8>) [p2, i38, i11, i13, p29, p36, p37, p22, p24, p0, p3, p4, i28, p31]
debug_merge_point(0, 0, '4<main.rpyeffect:4(Name(infixEq71))>+0: {"op": "PrimOp". "name": "infixEq(Int. Int): Boolean". "out": {"num": [0]. "ptr": []}. "in": {"num": [0. 1]. "ptr": []}}')
+448: i40 = int_eq(i38, 0)
guard_false(i40, descr=<Guard0x1102aefe0>) [p2, i38, i11, i13, p29, p36, p37, p22, p24, p0, p3, p4, i28, p31]
debug_merge_point(0, 0, '4<main.rpyeffect:4(Name(infixEq71))>+1: {"op": "Return". "args": {"num": [0]. "ptr": []}}')
debug_merge_point(0, 0, '37<main.rpyeffect:37([k@[match_Cons1052@Name(product2633)#55]#61])>+0: {"op": "IfZero". "cond": 0. "then": {"tag": null. "target": 36. "args": {"num": []. "ptr": []}}}')
debug_merge_point(0, 0, '36<main.rpyeffect:36([then#63])>+0: {"op": "Push". "target": 35. "args": {"num": [1]. "ptr": []}}')
debug_merge_point(0, 0, '36<main.rpyeffect:36([then#63])>+1: {"op": "Swap". "type": "ptr". "a": 1. "b". 0}')
debug_merge_point(0, 0, '36<main.rpyeffect:36([then#63])>+2: {"op": "Jump". "target": 31}')
debug_merge_point(0, 0, '31<main.rpyeffect:31([mcore:[eta-expanded fn#103]#41])>+0: {"op": "Push". "target": 30. "args": {"num": []. "ptr": []}}')
debug_merge_point(0, 0, '31<main.rpyeffect:31([mcore:[eta-expanded fn#103]#41])>+1: {"op": "Jump". "target": 39}')
debug_merge_point(0, 0, '39<main.rpyeffect:39(Name(product2633))>+0: {"op": "Swap". "type": "ptr". "a": 1. "b". 0}')
debug_merge_point(0, 0, '39<main.rpyeffect:39(Name(product2633))>+1: {"op": "Match". "type": Interned(List867). "scrutinee": 1. "clauses": [{"tag": Interned(Nil1051). "target": 33. "args": {"num": []. "ptr": []}}. {"tag": Interned(Cons1052). "target": 38. "args": {"num": []. "ptr": [1. 2]}}]. "default": {"tag": Interned(e7ee60f4-870d-42e7-bf94-aaad8d6b9d16#[Missing Tag#354]). "target": 32. "args": {"num": []. "ptr": []}}}')
+456: p41 = getfield_gc_r(p37, descr=<FieldP rpyeffect.stored_environment.Data__arb_arb.inst_tag 8>)
+464: guard_value(p41, ConstPtr(ptr42), descr=<Guard0x1102af020>) [p2, i38, i11, i13, p29, p36, p37, p22, p24, p0, p3, p4, i28, p31]
+472: p43 = getfield_gc_r(p37, descr=<FieldP rpyeffect.stored_environment.Data__0_2.inst_values_ptr_0 32 pure>)
+476: p44 = getfield_gc_r(p37, descr=<FieldP rpyeffect.stored_environment.Data__0_2.inst_values_ptr_1 40 pure>)
debug_merge_point(0, 0, '38<main.rpyeffect:38([match_Cons1052@Name(product2633)#55])>+0: {"op": "PrimOp". "name": "unbox(Ptr): Num". "out": {"num": [0]. "ptr": []}. "in": {"num": []. "ptr": [1]}}')
+480: i45 = getfield_gc_i(p43, descr=<FieldS rpyeffect.region.NumBox.inst_value 8 pure>)
debug_merge_point(0, 0, '38<main.rpyeffect:38([match_Cons1052@Name(product2633)#55])>+1: {"op": "Const". "type": "num". "out": 1. "value": 0}')
debug_merge_point(0, 0, '38<main.rpyeffect:38([match_Cons1052@Name(product2633)#55])>+2: {"op": "Push". "target": 37. "args": {"num": [0]. "ptr": [0. 2]}}')
debug_merge_point(0, 0, '38<main.rpyeffect:38([match_Cons1052@Name(product2633)#55])>+3: {"op": "Jump". "target": 4}')
+484: p46 = new_with_vtable(descr=<SizeDescr 40>)
+592: p47 = new_with_vtable(descr=<SizeDescr 48>)
+604: setfield_gc(p47, p31, descr=<FieldP rpyeffect.stored_environment.Stack__arb_arb.inst_tail 8 pure>)
+608: setfield_gc(p47, 35, descr=<FieldS rpyeffect.stored_environment.Stack__arb_arb.inst_target 16 pure>)
+616: setfield_gc(p47, i28, descr=<FieldS rpyeffect.stored_environment.Stack__1_0.inst_values_num_0 40 pure>)
+620: setfield_gc(p46, 30, descr=<FieldS rpyeffect.stored_environment.Stack__arb_arb.inst_target 16 pure>)
+628: setfield_gc(p46, p47, descr=<FieldP rpyeffect.stored_environment.Stack__arb_arb.inst_tail 8 pure>)
+664: jump(p0, p46, i38, i45, p29, p44, p2, p3, p4, i11, i13, p43, p22, p24, descr=TargetToken(4566157376))
+684: --end of the loop--
[4b39f9] jit-log-opt-loop}
[53c98b] {jit-log-opt-loop
# Loop 2 (36<main.rpyeffect:36([then#63])>+1: {"op": "Swap", "type": "ptr", "a": 1, "b", 0}) : entry bridge with 40 ops
[p0, p1, p2, p3, p4]
+200: p5 = getfield_gc_r(p2, descr=<FieldP rpyeffect.environment.Environment.inst_values_num 16>)
+208: i7 = getarrayitem_gc_i(p5, 0, descr=<ArrayS 8>)
+212: i9 = getarrayitem_gc_i(p5, 1, descr=<ArrayS 8>)
+216: i11 = getarrayitem_gc_i(p5, 2, descr=<ArrayS 8>)
+220: i13 = getarrayitem_gc_i(p5, 3, descr=<ArrayS 8>)
+224: p14 = getfield_gc_r(p2, descr=<FieldP rpyeffect.environment.Environment.inst_values_ptr 24>)
+228: p16 = getarrayitem_gc_r(p14, 0, descr=<ArrayP 8>)
+232: p18 = getarrayitem_gc_r(p14, 1, descr=<ArrayP 8>)
+236: p20 = getarrayitem_gc_r(p14, 2, descr=<ArrayP 8>)
+240: p22 = getarrayitem_gc_r(p14, 3, descr=<ArrayP 8>)
+244: p24 = getarrayitem_gc_r(p14, 4, descr=<ArrayP 8>)
debug_merge_point(0, 0, '36<main.rpyeffect:36([then#63])>+1: {"op": "Swap". "type": "ptr". "a": 1. "b". 0}')
+248: guard_not_invalidated(descr=<Guard0x1102ac758>) [p2, i7, i9, i11, i13, p16, p18, p20, p22, p24, p0, p1, p3, p4]
debug_merge_point(0, 0, '36<main.rpyeffect:36([then#63])>+2: {"op": "Jump". "target": 31}')
+252: guard_nonnull(p1, descr=<Guard0x1102af460>) [p2, i7, i9, i11, i13, p16, p18, p20, p22, p24, p0, p1, p3, p4]
+264: i25 = getfield_gc_i(p1, descr=<FieldS rpyeffect.stored_environment.Stack__arb_arb.inst_target 16 pure>)
+272: guard_value(i25, 35, descr=<Guard0x1102af4a0>) [p2, i7, i9, i11, i13, p16, p18, p20, p22, p24, p0, p1, p3, p4]
debug_merge_point(0, 0, '31<main.rpyeffect:31([mcore:[eta-expanded fn#103]#41])>+0: {"op": "Push". "target": 30. "args": {"num": []. "ptr": []}}')
debug_merge_point(0, 0, '31<main.rpyeffect:31([mcore:[eta-expanded fn#103]#41])>+1: {"op": "Jump". "target": 39}')
debug_merge_point(0, 0, '39<main.rpyeffect:39(Name(product2633))>+0: {"op": "Swap". "type": "ptr". "a": 1. "b". 0}')
debug_merge_point(0, 0, '39<main.rpyeffect:39(Name(product2633))>+1: {"op": "Match". "type": Interned(List867). "scrutinee": 1. "clauses": [{"tag": Interned(Nil1051). "target": 33. "args": {"num": []. "ptr": []}}. {"tag": Interned(Cons1052). "target": 38. "args": {"num": []. "ptr": [1. 2]}}]. "default": {"tag": Interned(e7ee60f4-870d-42e7-bf94-aaad8d6b9d16#[Missing Tag#354]). "target": 32. "args": {"num": []. "ptr": []}}}')
+284: p27 = getfield_gc_r(p18, descr=<FieldP rpyeffect.stored_environment.Data__arb_arb.inst_tag 8>)
+292: guard_value(p27, ConstPtr(ptr28), descr=<Guard0x1102af4e0>) [p2, i7, i9, i11, i13, p16, p18, p20, p22, p24, p0, p1, p3, p4]
+300: p29 = getfield_gc_r(p18, descr=<FieldP rpyeffect.stored_environment.Data__0_2.inst_values_ptr_0 32 pure>)
+304: p30 = getfield_gc_r(p18, descr=<FieldP rpyeffect.stored_environment.Data__0_2.inst_values_ptr_1 40 pure>)
debug_merge_point(0, 0, '38<main.rpyeffect:38([match_Cons1052@Name(product2633)#55])>+0: {"op": "PrimOp". "name": "unbox(Ptr): Num". "out": {"num": [0]. "ptr": []}. "in": {"num": []. "ptr": [1]}}')
+308: i31 = getfield_gc_i(p29, descr=<FieldS rpyeffect.region.NumBox.inst_value 8 pure>)
debug_merge_point(0, 0, '38<main.rpyeffect:38([match_Cons1052@Name(product2633)#55])>+1: {"op": "Const". "type": "num". "out": 1. "value": 0}')
debug_merge_point(0, 0, '38<main.rpyeffect:38([match_Cons1052@Name(product2633)#55])>+2: {"op": "Push". "target": 37. "args": {"num": [0]. "ptr": [0. 2]}}')
debug_merge_point(0, 0, '38<main.rpyeffect:38([match_Cons1052@Name(product2633)#55])>+3: {"op": "Jump". "target": 4}')
+312: p32 = new_with_vtable(descr=<SizeDescr 64>)
+424: p33 = new_with_vtable(descr=<SizeDescr 40>)
+436: setfield_gc(p33, p1, descr=<FieldP rpyeffect.stored_environment.Stack__arb_arb.inst_tail 8 pure>)
+440: setfield_gc(p33, 30, descr=<FieldS rpyeffect.stored_environment.Stack__arb_arb.inst_target 16 pure>)
+448: setfield_gc(p32, 37, descr=<FieldS rpyeffect.stored_environment.Stack__arb_arb.inst_target 16 pure>)
+456: setfield_gc(p32, p33, descr=<FieldP rpyeffect.stored_environment.Stack__arb_arb.inst_tail 8 pure>)
+460: setfield_gc(p32, i31, descr=<FieldS rpyeffect.stored_environment.Stack__1_2.inst_values_num_0 40 pure>)
+464: setfield_gc(p32, p16, descr=<FieldP rpyeffect.stored_environment.Stack__1_2.inst_values_ptr_0 48 pure>)
+468: setfield_gc(p32, p30, descr=<FieldP rpyeffect.stored_environment.Stack__1_2.inst_values_ptr_1 56 pure>)
+504: jump(p0, p32, p2, p3, p4, i31, 0, i11, i13, p16, p29, p30, p22, p24, descr=TargetToken(4566157296))
+628: --end of the loop--
[5449a3] jit-log-opt-loop}
[6d70ed] {jit-log-opt-bridge
# bridge out of Guard 0x1102aefe0 with 108 ops
[p0, i1, i2, i3, p4, p5, p6, p7, p8, p9, p10, p11, i12, p13]
+200: guard_not_invalidated(descr=<Guard0x1102ac7b0>) [p0, i1, i2, i3, p4, p5, p6, p7, p8, p9, p10, p11, i12, p13]
debug_merge_point(0, 0, '4<main.rpyeffect:4(Name(infixEq71))>+0: {"op": "PrimOp". "name": "infixEq(Int. Int): Boolean". "out": {"num": [0]. "ptr": []}. "in": {"num": [0. 1]. "ptr": []}}')
+204: i15 = int_eq(i1, 0)
guard_true(i15, descr=<Guard0x1102afee0>) [p0, i1, i2, i3, p4, p5, p6, p7, p8, p9, p10, p11, i12, p13]
debug_merge_point(0, 0, '4<main.rpyeffect:4(Name(infixEq71))>+1: {"op": "Return". "args": {"num": [0]. "ptr": []}}')
debug_merge_point(0, 0, '37<main.rpyeffect:37([k@[match_Cons1052@Name(product2633)#55]#61])>+0: {"op": "IfZero". "cond": 0. "then": {"tag": null. "target": 36. "args": {"num": []. "ptr": []}}}')
debug_merge_point(0, 0, '37<main.rpyeffect:37([k@[match_Cons1052@Name(product2633)#55]#61])>+1: {"op": "Const". "type": "num". "out": 0. "value": 0}')
debug_merge_point(0, 0, '37<main.rpyeffect:37([k@[match_Cons1052@Name(product2633)#55]#61])>+2: {"op": "Jump". "target": 29}')
debug_merge_point(0, 0, '29<main.rpyeffect:29([mcore:[#27]#40])>+0: {"op": "Invoke". "receiver": 0. "tag": Interned(%done2643(n):p). "args" : {"num": [0]. "ptr": []}}')
+212: p16 = getfield_gc_r(p4, descr=<FieldP rpyeffect.stored_environment.CoData__arb_arb.inst_vtable 24 pure>)
+224: guard_value(p16, ConstPtr(ptr17), descr=<Guard0x1102aff20>) [p0, i1, i2, i3, p4, p5, p6, p7, p8, p9, p10, p11, i12, p13]
+232: p18 = getfield_gc_r(p4, descr=<FieldP rpyeffect.stored_environment.CoData__0_1.inst_values_ptr_0 32 pure>)
debug_merge_point(0, 0, '53<main.rpyeffect:53([method_%done2643(n):p@[then#105]#120])>+0: {"op": "Const". "type": "num". "out": 1. "value": 0}')
debug_merge_point(0, 0, '53<main.rpyeffect:53([method_%done2643(n):p@[then#105]#120])>+1: {"op": "ShiftDyn". "out": 0. "n": 1. "label": 0}')
+236: guard_isnull(p11, descr=<Guard0x1102aff60>) [p0, i1, i2, i3, p4, p5, p6, p7, p8, p9, p10, p11, i12, p13]
+248: i19 = instance_ptr_eq(p9, p18)
guard_true(i19, descr=<Guard0x1102affa0>) [p0, i1, i2, i3, p4, p5, p6, p7, p8, p9, p10, p11, i12, p13]
+260: guard_nonnull_class(p10, 4304334528, descr=<Guard0x1102ac808>) [p0, i1, i2, i3, p4, p5, p6, p7, p8, p9, p10, p11, i12, p13]
+288: p21 = getfield_gc_r(p10, descr=<FieldP rpyeffect.stack.MetaStackLike.inst_stack 8 pure>)
+292: p22 = getfield_gc_r(p10, descr=<FieldP rpyeffect.stack.MetaStack.inst_label 16 pure>)
+296: p23 = getfield_gc_r(p10, descr=<FieldP rpyeffect.stack.MetaStack.inst_tail 32 pure>)
+300: guard_nonnull(p21, descr=<Guard0x1280b4020>) [p0, i1, i2, i3, p4, p5, p6, p7, p8, p9, p10, p11, i12, p13]
+308: i24 = getfield_gc_i(p21, descr=<FieldS rpyeffect.stored_environment.Stack__arb_arb.inst_target 16 pure>)
+312: guard_value(i24, 50, descr=<Guard0x1280b4060>) [p0, i1, i2, i3, p4, p5, p6, p7, p8, p9, p10, p11, i12, p13]
debug_merge_point(0, 0, '53<main.rpyeffect:53([method_%done2643(n):p@[then#105]#120])>+2: {"op": "Return". "args": {"num": [0]. "ptr": []}}')
+324: i26 = getfield_gc_i(p21, descr=<FieldS rpyeffect.stored_environment.Stack__2_1.inst_values_num_0 40 pure>)
+328: i27 = getfield_gc_i(p21, descr=<FieldS rpyeffect.stored_environment.Stack__2_1.inst_values_num_1 48 pure>)
+332: p28 = getfield_gc_r(p21, descr=<FieldP rpyeffect.stored_environment.Stack__2_1.inst_values_ptr_0 56 pure>)
+336: p29 = getfield_gc_r(p21, descr=<FieldP rpyeffect.stored_environment.Stack__arb_arb.inst_tail 8 pure>)
+340: guard_nonnull(p29, descr=<Guard0x1280b40a0>) [p0, i1, i2, i3, p4, p5, p6, p7, p8, p9, p10, p11, i12, p13]
+348: i30 = getfield_gc_i(p29, descr=<FieldS rpyeffect.stored_environment.Stack__arb_arb.inst_target 16 pure>)
+352: guard_value(i30, 100, descr=<Guard0x1280b40e0>) [p0, i1, i2, i3, p4, p5, p6, p7, p8, p9, p10, p11, i12, p13]
debug_merge_point(0, 0, '50<main.rpyeffect:50([k@[then#105]#108])>+0: {"op": "Const". "type": "num". "out": 3. "value": 1}')
debug_merge_point(0, 0, '50<main.rpyeffect:50([k@[then#105]#108])>+1: {"op": "Push". "target": 49. "args": {"num": [1. 0]. "ptr": [0]}}')
debug_merge_point(0, 0, '50<main.rpyeffect:50([k@[then#105]#108])>+2: {"op": "Copy". "type": "num". "from": 2. "to". 0}')
debug_merge_point(0, 0, '50<main.rpyeffect:50([k@[then#105]#108])>+3: {"op": "Copy". "type": "num". "from": 3. "to". 1}')
debug_merge_point(0, 0, '50<main.rpyeffect:50([k@[then#105]#108])>+4: {"op": "Jump". "target": 8}')
debug_merge_point(0, 0, '8<main.rpyeffect:8(Name(infixSub104))>+0: {"op": "PrimOp". "name": "infixSub(Int. Int): Int". "out": {"num": [0]. "ptr": []}. "in": {"num": [0. 1]. "ptr": []}}')
+364: i33 = int_sub(i27, 1)
debug_merge_point(0, 0, '8<main.rpyeffect:8(Name(infixSub104))>+1: {"op": "Return". "args": {"num": [0]. "ptr": []}}')
debug_merge_point(0, 0, '49<main.rpyeffect:49([k@[k@[then#105]#108]#112])>+0: {"op": "Push". "target": 48. "args": {"num": [0]. "ptr": [0]}}')
debug_merge_point(0, 0, '49<main.rpyeffect:49([k@[k@[then#105]#108]#112])>+1: {"op": "Copy". "type": "num". "from": 1. "to". 0}')
debug_merge_point(0, 0, '49<main.rpyeffect:49([k@[k@[then#105]#108]#112])>+2: {"op": "Copy". "type": "num". "from": 2. "to". 1}')
debug_merge_point(0, 0, '49<main.rpyeffect:49([k@[k@[then#105]#108]#112])>+3: {"op": "Jump". "target": 6}')
debug_merge_point(0, 0, '6<main.rpyeffect:6(Name(infixAdd95))>+0: {"op": "PrimOp". "name": "infixAdd(Int. Int): Int". "out": {"num": [0]. "ptr": []}. "in": {"num": [0. 1]. "ptr": []}}')
debug_merge_point(0, 0, '6<main.rpyeffect:6(Name(infixAdd95))>+1: {"op": "Return". "args": {"num": [0]. "ptr": []}}')
debug_merge_point(0, 0, '48<main.rpyeffect:48([k@[k@[k@[then#105]#108]#112]#115])>+0: {"op": "Swap". "type": "num". "a": 1. "b". 0}')
debug_merge_point(0, 0, '48<main.rpyeffect:48([k@[k@[k@[then#105]#108]#112]#115])>+1: {"op": "Jump". "target": 62}')
debug_merge_point(0, 0, '62<main.rpyeffect:62(Name(loop33960))>+0: {"op": "Const". "type": "num". "out": 2. "value": 0}')
debug_merge_point(0, 0, '62<main.rpyeffect:62(Name(loop33960))>+1: {"op": "Push". "target": 61. "args": {"num": [1. 0]. "ptr": [0]}}')
debug_merge_point(0, 0, '62<main.rpyeffect:62(Name(loop33960))>+2: {"op": "Copy". "type": "num". "from": 2. "to". 1}')
debug_merge_point(0, 0, '62<main.rpyeffect:62(Name(loop33960))>+3: {"op": "Jump". "target": 4}')
debug_merge_point(0, 0, '4<main.rpyeffect:4(Name(infixEq71))>+0: {"op": "PrimOp". "name": "infixEq(Int. Int): Boolean". "out": {"num": [0]. "ptr": []}. "in": {"num": [0. 1]. "ptr": []}}')
+368: i35 = int_eq(i33, 0)
guard_false(i35, descr=<Guard0x1280b4120>) [p0, i1, i2, i3, p4, p5, p6, p7, p8, p9, p10, p11, i12, p13]
debug_merge_point(0, 0, '4<main.rpyeffect:4(Name(infixEq71))>+1: {"op": "Return". "args": {"num": [0]. "ptr": []}}')
debug_merge_point(0, 0, '61<main.rpyeffect:61([k@Name(loop33960)#103])>+0: {"op": "Swap". "type": "num". "a": 0. "b". 2}')
debug_merge_point(0, 0, '61<main.rpyeffect:61([k@Name(loop33960)#103])>+1: {"op": "IfZero". "cond": 2. "then": {"tag": null. "target": 60. "args": {"num": []. "ptr": []}}}')
debug_merge_point(0, 0, '60<main.rpyeffect:60([then#105])>+0: {"op": "PrimOp". "name": "freshlabel". "out": {"num": []. "ptr": [1]}. "in": {"num": []. "ptr": []}}')
debug_merge_point(0, 0, '60<main.rpyeffect:60([then#105])>+1: {"op": "Push". "target": 50. "args": {"num": [1. 0]. "ptr": [0]}}')
debug_merge_point(0, 0, '60<main.rpyeffect:60([then#105])>+2: {"op": "NewStack". "out": 2. "target": 51. "region": 3. "args": {"num": []. "ptr": []}. "label": 1}')
debug_merge_point(0, 0, '60<main.rpyeffect:60([then#105])>+3: {"op": "PushStack". "arg": 2}')
debug_merge_point(0, 0, '60<main.rpyeffect:60([then#105])>+4: {"op": "New". "out": 1. "targets": [53. 55. 57. 59]. "args": {"num": []. "ptr": [1]}}')
debug_merge_point(0, 0, '60<main.rpyeffect:60([then#105])>+5: {"op": "Jump". "target": 47}')
debug_merge_point(0, 0, '47<main.rpyeffect:47([mcore:[eta-expanded fn#122]#92])>+0: {"op": "Push". "target": 46. "args": {"num": []. "ptr": []}}')
debug_merge_point(0, 0, '47<main.rpyeffect:47([mcore:[eta-expanded fn#122]#92])>+1: {"op": "Jump". "target": 39}')
debug_merge_point(0, 0, '39<main.rpyeffect:39(Name(product2633))>+0: {"op": "Swap". "type": "ptr". "a": 1. "b". 0}')
debug_merge_point(0, 0, '39<main.rpyeffect:39(Name(product2633))>+1: {"op": "Match". "type": Interned(List867). "scrutinee": 1. "clauses": [{"tag": Interned(Nil1051). "target": 33. "args": {"num": []. "ptr": []}}. {"tag": Interned(Cons1052). "target": 38. "args": {"num": []. "ptr": [1. 2]}}]. "default": {"tag": Interned(e7ee60f4-870d-42e7-bf94-aaad8d6b9d16#[Missing Tag#354]). "target": 32. "args": {"num": []. "ptr": []}}}')
+376: p36 = getfield_gc_r(p28, descr=<FieldP rpyeffect.stored_environment.Data__arb_arb.inst_tag 8>)
+384: guard_value(p36, ConstPtr(ptr37), descr=<Guard0x1280b4160>) [p0, i1, i2, i3, p4, p5, p6, p7, p8, p9, p10, p11, i12, p13]
+392: p38 = getfield_gc_r(p28, descr=<FieldP rpyeffect.stored_environment.Data__0_2.inst_values_ptr_0 32 pure>)
+396: p39 = getfield_gc_r(p28, descr=<FieldP rpyeffect.stored_environment.Data__0_2.inst_values_ptr_1 40 pure>)
debug_merge_point(0, 0, '38<main.rpyeffect:38([match_Cons1052@Name(product2633)#55])>+0: {"op": "PrimOp". "name": "unbox(Ptr): Num". "out": {"num": [0]. "ptr": []}. "in": {"num": []. "ptr": [1]}}')
+400: i40 = getfield_gc_i(p38, descr=<FieldS rpyeffect.region.NumBox.inst_value 8 pure>)
debug_merge_point(0, 0, '38<main.rpyeffect:38([match_Cons1052@Name(product2633)#55])>+1: {"op": "Const". "type": "num". "out": 1. "value": 0}')
debug_merge_point(0, 0, '38<main.rpyeffect:38([match_Cons1052@Name(product2633)#55])>+2: {"op": "Push". "target": 37. "args": {"num": [0]. "ptr": [0. 2]}}')
debug_merge_point(0, 0, '38<main.rpyeffect:38([match_Cons1052@Name(product2633)#55])>+3: {"op": "Jump". "target": 4}')
+404: p41 = new_with_vtable(descr=<SizeDescr 8>)
+512: p42 = new_with_vtable(descr=<SizeDescr 64>)
+524: p43 = new_with_vtable(descr=<SizeDescr 40>)
+536: p44 = new_with_vtable(descr=<SizeDescr 40>)
+548: setfield_gc(p44, ConstPtr(null), descr=<FieldP rpyeffect.stored_environment.Stack__arb_arb.inst_tail 8 pure>)
+556: setfield_gc(p44, 51, descr=<FieldS rpyeffect.stored_environment.Stack__arb_arb.inst_target 16 pure>)
+564: setfield_gc(p43, p44, descr=<FieldP rpyeffect.stored_environment.Stack__arb_arb.inst_tail 8 pure>)
+568: setfield_gc(p43, 46, descr=<FieldS rpyeffect.stored_environment.Stack__arb_arb.inst_target 16 pure>)
+576: p48 = new_with_vtable(descr=<SizeDescr 40>)
+588: setfield_gc(p48, ConstPtr(ptr49), descr=<FieldP rpyeffect.stored_environment.CoData__arb_arb.inst_vtable 24 pure>)
+592: setfield_gc(p48, p41, descr=<FieldP rpyeffect.stored_environment.CoData__0_1.inst_values_ptr_0 32 pure>)
+596: p50 = new_with_vtable(descr=<SizeDescr 40>)
+608: p51 = new_with_vtable(descr=<SizeDescr 64>)
+624: setfield_gc(p51, p29, descr=<FieldP rpyeffect.stored_environment.Stack__arb_arb.inst_tail 8 pure>)
+628: setfield_gc(p51, 50, descr=<FieldS rpyeffect.stored_environment.Stack__arb_arb.inst_target 16 pure>)
+636: setfield_gc(p51, i26, descr=<FieldS rpyeffect.stored_environment.Stack__2_1.inst_values_num_0 40 pure>)
+640: setfield_gc(p51, i33, descr=<FieldS rpyeffect.stored_environment.Stack__2_1.inst_values_num_1 48 pure>)
+644: setfield_gc(p51, p28, descr=<FieldP rpyeffect.stored_environment.Stack__2_1.inst_values_ptr_0 56 pure>)
+648: p53 = new_with_vtable(descr=<SizeDescr 24>)
+660: setfield_gc(p50, p51, descr=<FieldP rpyeffect.stack.MetaStackLike.inst_stack 8 pure>)
+664: setfield_gc(p50, p22, descr=<FieldP rpyeffect.stack.MetaStack.inst_label 16 pure>)
+668: setfield_gc(p50, p23, descr=<FieldP rpyeffect.stack.MetaStack.inst_tail 32 pure>)
+672: setfield_gc(p42, 37, descr=<FieldS rpyeffect.stored_environment.Stack__arb_arb.inst_target 16 pure>)
+680: setfield_gc(p42, p43, descr=<FieldP rpyeffect.stored_environment.Stack__arb_arb.inst_tail 8 pure>)
+684: setfield_gc(p42, i40, descr=<FieldS rpyeffect.stored_environment.Stack__1_2.inst_values_num_0 40 pure>)
+688: setfield_gc(p42, p48, descr=<FieldP rpyeffect.stored_environment.Stack__1_2.inst_values_ptr_0 48 pure>)
+692: setfield_gc(p42, p39, descr=<FieldP rpyeffect.stored_environment.Stack__1_2.inst_values_ptr_1 56 pure>)
+696: setfield_gc(p50, ConstPtr(null), descr=<FieldP rpyeffect.stack.MetaStack.inst_region 24 pure>)
+708: setfield_gc(p53, ConstPtr(ptr56), descr=<FieldP rpyeffect.region.Region.inst_boxes 8 pure>)
+716: setfield_gc(p53, ConstPtr(ptr57), descr=<FieldP rpyeffect.region.Region.inst_refs 16>)
+800: jump(p41, p42, p0, p50, ConstPtr(null), i40, 0, 0, 1, p48, p38, p39, p53, p8, descr=TargetToken(4566157296))
+876: --end of the loop--
[6f16a3] jit-log-opt-bridge}
[71f09e] {jit-log-opt-bridge
# bridge out of Guard 0x1102aef60 with 33 ops
[p0, i1, i2, i3, i4, p5, p6, p7, p8, p9, p10, p11, p12, p13]
+136: guard_not_invalidated(descr=<Guard0x1102ac860>) [p0, i1, i2, i3, i4, p5, p6, p7, p8, p9, p10, p11, p12, p13]
+140: guard_nonnull(p11, descr=<Guard0x1280b41a0>) [p0, i1, i2, i3, i4, p5, p6, p7, p8, p9, p10, p11, p12, p13]
+148: i14 = getfield_gc_i(p11, descr=<FieldS rpyeffect.stored_environment.Stack__arb_arb.inst_target 16 pure>)
+152: guard_value(i14, 37, descr=<Guard0x1280b41e0>) [p0, i1, i2, i3, i4, p5, p6, p7, p8, p9, p10, p11, p12, p13]
debug_merge_point(0, 0, '4<main.rpyeffect:4(Name(infixEq71))>+0: {"op": "PrimOp". "name": "infixEq(Int. Int): Boolean". "out": {"num": [0]. "ptr": []}. "in": {"num": [0. 1]. "ptr": []}}')
+164: i16 = int_eq(i1, i2)
guard_false(i16, descr=<Guard0x1280b4220>) [p0, i1, i2, i3, i4, p5, p6, p7, p8, p9, p10, p11, p12, p13]
debug_merge_point(0, 0, '4<main.rpyeffect:4(Name(infixEq71))>+1: {"op": "Return". "args": {"num": [0]. "ptr": []}}')
+172: i17 = getfield_gc_i(p11, descr=<FieldS rpyeffect.stored_environment.Stack__1_2.inst_values_num_0 40 pure>)
+176: p18 = getfield_gc_r(p11, descr=<FieldP rpyeffect.stored_environment.Stack__1_2.inst_values_ptr_0 48 pure>)
+180: p19 = getfield_gc_r(p11, descr=<FieldP rpyeffect.stored_environment.Stack__1_2.inst_values_ptr_1 56 pure>)
+184: p20 = getfield_gc_r(p11, descr=<FieldP rpyeffect.stored_environment.Stack__arb_arb.inst_tail 8 pure>)
debug_merge_point(0, 0, '37<main.rpyeffect:37([k@[match_Cons1052@Name(product2633)#55]#61])>+0: {"op": "IfZero". "cond": 0. "then": {"tag": null. "target": 36. "args": {"num": []. "ptr": []}}}')
+188: guard_nonnull(p20, descr=<Guard0x1280b4260>) [p0, i1, i2, i3, i4, p5, p6, p7, p8, p9, p10, p11, p12, p13]
+196: i21 = getfield_gc_i(p20, descr=<FieldS rpyeffect.stored_environment.Stack__arb_arb.inst_target 16 pure>)
+200: guard_value(i21, 46, descr=<Guard0x1280b42a0>) [p0, i1, i2, i3, i4, p5, p6, p7, p8, p9, p10, p11, p12, p13]
debug_merge_point(0, 0, '36<main.rpyeffect:36([then#63])>+0: {"op": "Push". "target": 35. "args": {"num": [1]. "ptr": []}}')
debug_merge_point(0, 0, '36<main.rpyeffect:36([then#63])>+1: {"op": "Swap". "type": "ptr". "a": 1. "b". 0}')
debug_merge_point(0, 0, '36<main.rpyeffect:36([then#63])>+2: {"op": "Jump". "target": 31}')
debug_merge_point(0, 0, '31<main.rpyeffect:31([mcore:[eta-expanded fn#103]#41])>+0: {"op": "Push". "target": 30. "args": {"num": []. "ptr": []}}')
debug_merge_point(0, 0, '31<main.rpyeffect:31([mcore:[eta-expanded fn#103]#41])>+1: {"op": "Jump". "target": 39}')
debug_merge_point(0, 0, '39<main.rpyeffect:39(Name(product2633))>+0: {"op": "Swap". "type": "ptr". "a": 1. "b". 0}')
debug_merge_point(0, 0, '39<main.rpyeffect:39(Name(product2633))>+1: {"op": "Match". "type": Interned(List867). "scrutinee": 1. "clauses": [{"tag": Interned(Nil1051). "target": 33. "args": {"num": []. "ptr": []}}. {"tag": Interned(Cons1052). "target": 38. "args": {"num": []. "ptr": [1. 2]}}]. "default": {"tag": Interned(e7ee60f4-870d-42e7-bf94-aaad8d6b9d16#[Missing Tag#354]). "target": 32. "args": {"num": []. "ptr": []}}}')
+212: p23 = getfield_gc_r(p19, descr=<FieldP rpyeffect.stored_environment.Data__arb_arb.inst_tag 8>)
+220: guard_value(p23, ConstPtr(ptr24), descr=<Guard0x1280b42e0>) [p0, i1, i2, i3, i4, p5, p6, p7, p8, p9, p10, p11, p12, p13]
+228: p25 = getfield_gc_r(p19, descr=<FieldP rpyeffect.stored_environment.Data__0_2.inst_values_ptr_0 32 pure>)
+232: p26 = getfield_gc_r(p19, descr=<FieldP rpyeffect.stored_environment.Data__0_2.inst_values_ptr_1 40 pure>)
debug_merge_point(0, 0, '38<main.rpyeffect:38([match_Cons1052@Name(product2633)#55])>+0: {"op": "PrimOp". "name": "unbox(Ptr): Num". "out": {"num": [0]. "ptr": []}. "in": {"num": []. "ptr": [1]}}')
+236: i27 = getfield_gc_i(p25, descr=<FieldS rpyeffect.region.NumBox.inst_value 8 pure>)
debug_merge_point(0, 0, '38<main.rpyeffect:38([match_Cons1052@Name(product2633)#55])>+1: {"op": "Const". "type": "num". "out": 1. "value": 0}')
debug_merge_point(0, 0, '38<main.rpyeffect:38([match_Cons1052@Name(product2633)#55])>+2: {"op": "Push". "target": 37. "args": {"num": [0]. "ptr": [0. 2]}}')
debug_merge_point(0, 0, '38<main.rpyeffect:38([match_Cons1052@Name(product2633)#55])>+3: {"op": "Jump". "target": 4}')
+240: jump(p10, p20, i17, i27, p18, p26, p0, p12, p13, i3, i4, p25, p8, p9, descr=TargetToken(4566157376))
+284: --end of the loop--
[72601c] jit-log-opt-bridge}
[181d0792] {jit-summary
Tracing:      	4	0.001432
Backend:      	4	0.000354
TOTAL:      		0.402674
ops:             	4516
heapcached ops:  	522
recorded ops:    	1186
  calls:         	729
guards:          	146
opt ops:         	235
opt guards:      	34
opt guards shared:	28
forcings:        	0
abort: trace too long:	0
abort: compiling:	0
abort: vable escape:	0
abort: bad loop: 	0
abort: force quasi-immut:	0
abort: segmenting trace:	0
virtualizables forced:	0
nvirtuals:       	6
nvholes:         	0
nvreused:        	0
vecopt tried:    	0
vecopt success:  	0
Total # of loops:	2
Total # of bridges:	2
Freed # of loops:	0
Freed # of bridges:	0
[181d3937] jit-summary}
