[7514d1] {jit-log-opt-loop
# Loop 1 (41<main.rpyeffect:41([method_%Prime2640(n):n@[k@[then#45]#47]#58])>+3: {"op": "Jump", "target": 9}) : loop with 110 ops
[p0, p1, p2, p3, p4]
+328: p5 = getfield_gc_r(p2, descr=<FieldP rpyeffect.environment.Environment.inst_values_num 16>)
+336: i7 = getarrayitem_gc_i(p5, 0, descr=<ArrayS 8>)
+340: i9 = getarrayitem_gc_i(p5, 1, descr=<ArrayS 8>)
+344: i11 = getarrayitem_gc_i(p5, 2, descr=<ArrayS 8>)
+348: i13 = getarrayitem_gc_i(p5, 3, descr=<ArrayS 8>)
+352: p14 = getfield_gc_r(p2, descr=<FieldP rpyeffect.environment.Environment.inst_values_ptr 24>)
+356: p16 = getarrayitem_gc_r(p14, 0, descr=<ArrayP 8>)
+360: p18 = getarrayitem_gc_r(p14, 1, descr=<ArrayP 8>)
+364: p20 = getarrayitem_gc_r(p14, 2, descr=<ArrayP 8>)
+368: p22 = getarrayitem_gc_r(p14, 3, descr=<ArrayP 8>)
+372: p24 = getarrayitem_gc_r(p14, 4, descr=<ArrayP 8>)
+376: label(p0, p1, p2, p3, p4, i7, i9, i11, i13, p16, p18, p20, p22, p24, descr=TargetToken(4970187296))
debug_merge_point(0, 0, '41<main.rpyeffect:41([method_%Prime2640(n):n@[k@[then#45]#47]#58])>+3: {"op": "Jump". "target": 9}')
+404: guard_not_invalidated(descr=<Guard0x1283f26a8>) [p2, i7, i9, i11, i13, p16, p18, p20, p22, p24, p0, p1, p3, p4]
+408: guard_nonnull(p1, descr=<Guard0x1283e14a0>) [p2, i7, i9, i11, i13, p16, p18, p20, p22, p24, p0, p1, p3, p4]
+420: i25 = getfield_gc_i(p1, descr=<FieldS rpyeffect.stored_environment.Stack__arb_arb.inst_target 16 pure>)
+428: guard_value(i25, 40, descr=<Guard0x1283e1460>) [p2, i7, i9, i11, i13, p16, p18, p20, p22, p24, p0, p1, p3, p4]
debug_merge_point(0, 0, '9<main.rpyeffect:9(Name(mod107))>+0: {"op": "PrimOp". "name": "mod(Int. Int): Int". "out": {"num": [0]. "ptr": []}. "in": {"num": [0. 1]. "ptr": []}}')
+440: i27 = int_is_zero(i9)
guard_false(i27, descr=<Guard0x1283e1420>) [p2, i7, i9, i11, i13, p16, p18, p20, p22, p24, p0, p1, p3, p4]
+448: i29 = call_i(ConstClass(ll_int_py_mod__Signed_Signed), i7, i9, descr=<Calli 8 ii EF=0 OS=14>)
debug_merge_point(0, 0, '9<main.rpyeffect:9(Name(mod107))>+1: {"op": "Return". "args": {"num": [0]. "ptr": []}}')
+480: i30 = getfield_gc_i(p1, descr=<FieldS rpyeffect.stored_environment.Stack__1_2.inst_values_num_0 40 pure>)
+484: p31 = getfield_gc_r(p1, descr=<FieldP rpyeffect.stored_environment.Stack__1_2.inst_values_ptr_0 48 pure>)
+488: p32 = getfield_gc_r(p1, descr=<FieldP rpyeffect.stored_environment.Stack__1_2.inst_values_ptr_1 56 pure>)
+492: p33 = getfield_gc_r(p1, descr=<FieldP rpyeffect.stored_environment.Stack__arb_arb.inst_tail 8 pure>)
debug_merge_point(0, 0, '40<main.rpyeffect:40([#65])>+0: {"op": "Const". "type": "num". "out": 2. "value": 0}')
debug_merge_point(0, 0, '40<main.rpyeffect:40([#65])>+1: {"op": "Push". "target": 39. "args": {"num": [1]. "ptr": [0. 1]}}')
debug_merge_point(0, 0, '40<main.rpyeffect:40([#65])>+2: {"op": "Copy". "type": "num". "from": 2. "to". 1}')
debug_merge_point(0, 0, '40<main.rpyeffect:40([#65])>+3: {"op": "Jump". "target": 4}')
debug_merge_point(0, 0, '4<main.rpyeffect:4(Name(infixEq71))>+0: {"op": "PrimOp". "name": "infixEq(Int. Int): Boolean". "out": {"num": [0]. "ptr": []}. "in": {"num": [0. 1]. "ptr": []}}')
+496: i35 = int_eq(i29, 0)
guard_false(i35, descr=<Guard0x1283f2498>) [p2, i29, i13, p31, p32, p20, p22, p24, p0, p3, p4, i30, p33]
debug_merge_point(0, 0, '4<main.rpyeffect:4(Name(infixEq71))>+1: {"op": "Return". "args": {"num": [0]. "ptr": []}}')
debug_merge_point(0, 0, '39<main.rpyeffect:39([k@[#65]#70])>+0: {"op": "IfZero". "cond": 0. "then": {"tag": null. "target": 38. "args": {"num": []. "ptr": []}}}')
+504: guard_nonnull(p33, descr=<Guard0x1283e14e0>) [p2, i29, i13, p31, p32, p20, p22, p24, p0, p3, p4, i30, p33]
+512: i36 = getfield_gc_i(p33, descr=<FieldS rpyeffect.stored_environment.Stack__arb_arb.inst_target 16 pure>)
+516: guard_value(i36, 35, descr=<Guard0x1283e1520>) [p2, i29, i13, p31, p32, p20, p22, p24, p0, p3, p4, i30, p33]
debug_merge_point(0, 0, '38<main.rpyeffect:38([then#72])>+0: {"op": "Push". "target": 37. "args": {"num": []. "ptr": [1]}}')
debug_merge_point(0, 0, '38<main.rpyeffect:38([then#72])>+1: {"op": "Copy". "type": "num". "from": 1. "to". 0}')
debug_merge_point(0, 0, '38<main.rpyeffect:38([then#72])>+2: {"op": "Jump". "target": 32}')
debug_merge_point(0, 0, '32<main.rpyeffect:32([mcore:[#31]#41])>+0: {"op": "Invoke". "receiver": 0. "tag": Interned(%Prime2640(n):n). "args" : {"num": [0]. "ptr": []}}')
+528: p38 = getfield_gc_r(p31, descr=<FieldP rpyeffect.stored_environment.CoData__arb_arb.inst_vtable 24 pure>)
+536: guard_value(p38, ConstPtr(ptr39), descr=<Guard0x1283e1560>) [p2, i29, i13, p31, p32, p20, p22, p24, p0, p3, p4, i30, p33]
+544: i40 = getfield_gc_i(p31, descr=<FieldS rpyeffect.stored_environment.CoData__1_2.inst_values_num_0 32 pure>)
+548: p41 = getfield_gc_r(p31, descr=<FieldP rpyeffect.stored_environment.CoData__1_2.inst_values_ptr_0 40 pure>)
+552: p42 = getfield_gc_r(p31, descr=<FieldP rpyeffect.stored_environment.CoData__1_2.inst_values_ptr_1 48 pure>)
debug_merge_point(0, 0, '41<main.rpyeffect:41([method_%Prime2640(n):n@[k@[then#45]#47]#58])>+0: {"op": "Const". "type": "num". "out": 2. "value": 0}')
debug_merge_point(0, 0, '41<main.rpyeffect:41([method_%Prime2640(n):n@[k@[then#45]#47]#58])>+1: {"op": "ShiftDyn". "out": 1. "n": 2. "label": 1}')
+556: guard_isnull(p4, descr=<Guard0x1283e15a0>) [p2, i29, i13, p31, p32, p20, p22, p24, p0, p3, p4, i30, p33]
+568: i43 = instance_ptr_eq(p0, p42)
guard_true(i43, descr=<Guard0x1283e15e0>) [p2, i29, i13, p31, p32, p20, p22, p24, p0, p3, p4, i30, p33]
+580: guard_nonnull_class(p3, 4306333376, descr=<Guard0x1283f2758>) [p2, i29, i13, p31, p32, p20, p22, p24, p0, p3, p4, i30, p33]
+608: p45 = getfield_gc_r(p3, descr=<FieldP rpyeffect.stack.MetaStackLike.inst_stack 8 pure>)
+612: p46 = getfield_gc_r(p3, descr=<FieldP rpyeffect.stack.MetaStack.inst_label 16 pure>)
+616: p47 = getfield_gc_r(p3, descr=<FieldP rpyeffect.stack.MetaStack.inst_tail 32 pure>)
+620: guard_nonnull(p45, descr=<Guard0x1283e1620>) [p2, i29, i13, p31, p32, p20, p22, p24, p0, p3, p4, i30, p33]
+628: i48 = getfield_gc_i(p45, descr=<FieldS rpyeffect.stored_environment.Stack__arb_arb.inst_target 16 pure>)
+632: guard_value(i48, 35, descr=<Guard0x1283e1660>) [p2, i29, i13, p31, p32, p20, p22, p24, p0, p3, p4, i30, p33]
debug_merge_point(0, 0, '41<main.rpyeffect:41([method_%Prime2640(n):n@[k@[then#45]#47]#58])>+2: {"op": "Push". "target": 40. "args": {"num": [0]. "ptr": [0. 1]}}')
debug_merge_point(0, 0, '41<main.rpyeffect:41([method_%Prime2640(n):n@[k@[then#45]#47]#58])>+3: {"op": "Jump". "target": 9}')
+644: label(p46, p45, i30, p41, p33, p32, p0, p2, p47, i40, i13, p20, p22, p24, descr=TargetToken(4970187376))
debug_merge_point(0, 0, '41<main.rpyeffect:41([method_%Prime2640(n):n@[k@[then#45]#47]#58])>+3: {"op": "Jump". "target": 9}')
+648: guard_not_invalidated(descr=<Guard0x1283f27b0>) [p2, i30, i40, i13, p41, p20, p22, p24, p46, p47, p45, p32, p33, p0]
debug_merge_point(0, 0, '9<main.rpyeffect:9(Name(mod107))>+0: {"op": "PrimOp". "name": "mod(Int. Int): Int". "out": {"num": [0]. "ptr": []}. "in": {"num": [0. 1]. "ptr": []}}')
+652: i50 = int_is_zero(i40)
guard_false(i50, descr=<Guard0x1283e16a0>) [p2, i30, i40, i13, p41, p20, p22, p24, p46, p47, p45, p32, p33, p0]
+660: i52 = call_i(ConstClass(ll_int_py_mod__Signed_Signed), i30, i40, descr=<Calli 8 ii EF=0 OS=14>)
debug_merge_point(0, 0, '9<main.rpyeffect:9(Name(mod107))>+1: {"op": "Return". "args": {"num": [0]. "ptr": []}}')
debug_merge_point(0, 0, '40<main.rpyeffect:40([#65])>+0: {"op": "Const". "type": "num". "out": 2. "value": 0}')
debug_merge_point(0, 0, '40<main.rpyeffect:40([#65])>+1: {"op": "Push". "target": 39. "args": {"num": [1]. "ptr": [0. 1]}}')
debug_merge_point(0, 0, '40<main.rpyeffect:40([#65])>+2: {"op": "Copy". "type": "num". "from": 2. "to". 1}')
debug_merge_point(0, 0, '40<main.rpyeffect:40([#65])>+3: {"op": "Jump". "target": 4}')
debug_merge_point(0, 0, '4<main.rpyeffect:4(Name(infixEq71))>+0: {"op": "PrimOp". "name": "infixEq(Int. Int): Boolean". "out": {"num": [0]. "ptr": []}. "in": {"num": [0. 1]. "ptr": []}}')
+712: i54 = int_eq(i52, 0)
guard_false(i54, descr=<Guard0x1283f2808>) [p2, i52, i13, p41, p20, p22, p24, p46, p47, i30, p45, p32, p33, p0]
debug_merge_point(0, 0, '4<main.rpyeffect:4(Name(infixEq71))>+1: {"op": "Return". "args": {"num": [0]. "ptr": []}}')
debug_merge_point(0, 0, '39<main.rpyeffect:39([k@[#65]#70])>+0: {"op": "IfZero". "cond": 0. "then": {"tag": null. "target": 38. "args": {"num": []. "ptr": []}}}')
debug_merge_point(0, 0, '38<main.rpyeffect:38([then#72])>+0: {"op": "Push". "target": 37. "args": {"num": []. "ptr": [1]}}')
debug_merge_point(0, 0, '38<main.rpyeffect:38([then#72])>+1: {"op": "Copy". "type": "num". "from": 1. "to". 0}')
debug_merge_point(0, 0, '38<main.rpyeffect:38([then#72])>+2: {"op": "Jump". "target": 32}')
debug_merge_point(0, 0, '32<main.rpyeffect:32([mcore:[#31]#41])>+0: {"op": "Invoke". "receiver": 0. "tag": Interned(%Prime2640(n):n). "args" : {"num": [0]. "ptr": []}}')
+720: p55 = getfield_gc_r(p41, descr=<FieldP rpyeffect.stored_environment.CoData__arb_arb.inst_vtable 24 pure>)
+728: guard_value(p55, ConstPtr(ptr56), descr=<Guard0x1283e16e0>) [p2, i52, i13, p41, p20, p22, p24, p46, p47, i30, p45, p32, p33, p0]
+736: i57 = getfield_gc_i(p41, descr=<FieldS rpyeffect.stored_environment.CoData__1_2.inst_values_num_0 32 pure>)
+740: p58 = getfield_gc_r(p41, descr=<FieldP rpyeffect.stored_environment.CoData__1_2.inst_values_ptr_0 40 pure>)
+744: p59 = getfield_gc_r(p41, descr=<FieldP rpyeffect.stored_environment.CoData__1_2.inst_values_ptr_1 48 pure>)
debug_merge_point(0, 0, '41<main.rpyeffect:41([method_%Prime2640(n):n@[k@[then#45]#47]#58])>+0: {"op": "Const". "type": "num". "out": 2. "value": 0}')
debug_merge_point(0, 0, '41<main.rpyeffect:41([method_%Prime2640(n):n@[k@[then#45]#47]#58])>+1: {"op": "ShiftDyn". "out": 1. "n": 2. "label": 1}')
+748: i60 = instance_ptr_eq(p46, p59)
guard_true(i60, descr=<Guard0x1283e1720>) [p2, i52, i13, p41, p20, p22, p24, p46, p47, i30, p45, p32, p33, p0]
+760: guard_nonnull_class(p47, 4306333376, descr=<Guard0x1283f2860>) [p2, i52, i13, p41, p20, p22, p24, p46, p47, i30, p45, p32, p33, p0]
+788: p62 = getfield_gc_r(p47, descr=<FieldP rpyeffect.stack.MetaStackLike.inst_stack 8 pure>)
+792: p63 = getfield_gc_r(p47, descr=<FieldP rpyeffect.stack.MetaStack.inst_label 16 pure>)
+796: p64 = getfield_gc_r(p47, descr=<FieldP rpyeffect.stack.MetaStack.inst_tail 32 pure>)
+800: guard_nonnull(p62, descr=<Guard0x1283e1760>) [p2, i52, i13, p41, p20, p22, p24, p46, p47, i30, p45, p32, p33, p0]
+808: i65 = getfield_gc_i(p62, descr=<FieldS rpyeffect.stored_environment.Stack__arb_arb.inst_target 16 pure>)
+812: guard_value(i65, 35, descr=<Guard0x1283e17a0>) [p2, i52, i13, p41, p20, p22, p24, p46, p47, i30, p45, p32, p33, p0]
debug_merge_point(0, 0, '41<main.rpyeffect:41([method_%Prime2640(n):n@[k@[then#45]#47]#58])>+2: {"op": "Push". "target": 40. "args": {"num": [0]. "ptr": [0. 1]}}')
debug_merge_point(0, 0, '41<main.rpyeffect:41([method_%Prime2640(n):n@[k@[then#45]#47]#58])>+3: {"op": "Jump". "target": 9}')
+824: p67 = new_with_vtable(descr=<SizeDescr 40>)
+928: p68 = new_with_vtable(descr=<SizeDescr 48>)
+940: setfield_gc(p68, p33, descr=<FieldP rpyeffect.stored_environment.Stack__arb_arb.inst_tail 8 pure>)
+944: setfield_gc(p68, 37, descr=<FieldS rpyeffect.stored_environment.Stack__arb_arb.inst_target 16 pure>)
+952: setfield_gc(p68, p32, descr=<FieldP rpyeffect.stored_environment.Stack__0_1.inst_values_ptr_0 40 pure>)
+960: setfield_gc(p67, p68, descr=<FieldP rpyeffect.stack.MetaStackLike.inst_stack 8 pure>)
+964: setfield_gc(p67, p0, descr=<FieldP rpyeffect.stack.MetaStack.inst_label 16 pure>)
+972: setfield_gc(p67, ConstPtr(null), descr=<FieldP rpyeffect.stack.MetaStack.inst_tail 32 pure>)
+980: setfield_gc(p67, ConstPtr(null), descr=<FieldP rpyeffect.stack.MetaStack.inst_region 24 pure>)
+1004: jump(p63, p62, i30, p58, p45, p67, p46, p2, p64, i57, i13, p20, p22, p24, descr=TargetToken(4970187376))
+1040: --end of the loop--
[771b89] jit-log-opt-loop}
[7aff4e] {jit-log-opt-loop
# Loop 2 (31<main.rpyeffect:31(Name(resume2642))>+0: {"op": "PushStack", "arg": 0}) : loop with 60 ops
[p0, p1, p2, p3, p4]
+296: p5 = getfield_gc_r(p2, descr=<FieldP rpyeffect.environment.Environment.inst_values_num 16>)
+304: i7 = getarrayitem_gc_i(p5, 0, descr=<ArrayS 8>)
+308: i9 = getarrayitem_gc_i(p5, 1, descr=<ArrayS 8>)
+312: i11 = getarrayitem_gc_i(p5, 2, descr=<ArrayS 8>)
+316: i13 = getarrayitem_gc_i(p5, 3, descr=<ArrayS 8>)
+320: p14 = getfield_gc_r(p2, descr=<FieldP rpyeffect.environment.Environment.inst_values_ptr 24>)
+324: p16 = getarrayitem_gc_r(p14, 0, descr=<ArrayP 8>)
+328: p18 = getarrayitem_gc_r(p14, 1, descr=<ArrayP 8>)
+332: p20 = getarrayitem_gc_r(p14, 2, descr=<ArrayP 8>)
+336: p22 = getarrayitem_gc_r(p14, 3, descr=<ArrayP 8>)
+340: p24 = getarrayitem_gc_r(p14, 4, descr=<ArrayP 8>)
+344: label(p0, p1, p2, p3, p4, i7, i9, i11, i13, p16, p18, p20, p22, p24, descr=TargetToken(4970187456))
debug_merge_point(0, 0, '31<main.rpyeffect:31(Name(resume2642))>+0: {"op": "PushStack". "arg": 0}')
+376: guard_not_invalidated(descr=<Guard0x1283f2910>) [p2, i7, i9, i11, i13, p16, p18, p20, p22, p24, p0, p1, p3, p4]
+380: guard_isnull(p4, descr=<Guard0x1283e17e0>) [p2, i7, i9, i11, i13, p16, p18, p20, p22, p24, p0, p1, p3, p4]
+392: guard_nonnull_class(p16, 4306333376, descr=<Guard0x1283f2968>) [p2, i7, i9, i11, i13, p16, p18, p20, p22, p24, p0, p1, p3, p4]
+416: p26 = getfield_gc_r(p16, descr=<FieldP rpyeffect.stack.MetaStack.inst_region 24 pure>)
+420: guard_isnull(p26, descr=<Guard0x1283e1820>) [p2, i7, i9, i11, i13, p16, p18, p20, p22, p24, p0, p1, p3, p4]
+428: p27 = getfield_gc_r(p16, descr=<FieldP rpyeffect.stack.MetaStackLike.inst_stack 8 pure>)
+432: p28 = getfield_gc_r(p16, descr=<FieldP rpyeffect.stack.MetaStack.inst_tail 32 pure>)
+436: guard_isnull(p28, descr=<Guard0x1283e1860>) [p2, i7, i9, i11, i13, p16, p18, p20, p22, p24, p0, p1, p3, p4]
+444: p29 = getfield_gc_r(p16, descr=<FieldP rpyeffect.stack.MetaStack.inst_label 16 pure>)
+448: guard_nonnull(p27, descr=<Guard0x1283e18a0>) [p2, i7, i9, i11, i13, p16, p18, p20, p22, p24, p0, p1, p3, p4]
+456: i30 = getfield_gc_i(p27, descr=<FieldS rpyeffect.stored_environment.Stack__arb_arb.inst_target 16 pure>)
+460: guard_value(i30, 37, descr=<Guard0x1283e18e0>) [p2, i7, i9, i11, i13, p16, p18, p20, p22, p24, p0, p1, p3, p4]
debug_merge_point(0, 0, '31<main.rpyeffect:31(Name(resume2642))>+1: {"op": "Return". "args": {"num": [0]. "ptr": []}}')
+472: p32 = getfield_gc_r(p27, descr=<FieldP rpyeffect.stored_environment.Stack__0_1.inst_values_ptr_0 40 pure>)
+476: p33 = getfield_gc_r(p27, descr=<FieldP rpyeffect.stored_environment.Stack__arb_arb.inst_tail 8 pure>)
debug_merge_point(0, 0, '37<main.rpyeffect:37([k@[then#72]#74])>+0: {"op": "Jump". "target": 31}')
+480: guard_nonnull(p33, descr=<Guard0x1283e1920>) [p2, i7, i9, i11, i13, p16, p18, p20, p22, p24, p0, p1, p3, p4]
+488: i34 = getfield_gc_i(p33, descr=<FieldS rpyeffect.stored_environment.Stack__arb_arb.inst_target 16 pure>)
+492: guard_value(i34, 35, descr=<Guard0x1283e1960>) [p2, i7, i9, i11, i13, p16, p18, p20, p22, p24, p0, p1, p3, p4]
debug_merge_point(0, 0, '31<main.rpyeffect:31(Name(resume2642))>+0: {"op": "PushStack". "arg": 0}')
+504: label(p29, p33, p2, p1, p0, p3, i7, i9, i11, i13, p32, p18, p20, p22, p24, descr=TargetToken(4970187536))
debug_merge_point(0, 0, '31<main.rpyeffect:31(Name(resume2642))>+0: {"op": "PushStack". "arg": 0}')
+512: guard_not_invalidated(descr=<Guard0x1283f29c0>) [p2, i7, i9, i11, i13, p32, p18, p20, p22, p24, p29, p33, p3, p0, p1]
+516: guard_nonnull_class(p32, 4306333376, descr=<Guard0x1283f2a18>) [p2, i7, i9, i11, i13, p32, p18, p20, p22, p24, p29, p33, p3, p0, p1]
+540: p37 = getfield_gc_r(p32, descr=<FieldP rpyeffect.stack.MetaStack.inst_region 24 pure>)
+544: guard_isnull(p37, descr=<Guard0x1283e19a0>) [p2, i7, i9, i11, i13, p32, p18, p20, p22, p24, p29, p33, p3, p0, p1]
+552: p38 = getfield_gc_r(p32, descr=<FieldP rpyeffect.stack.MetaStackLike.inst_stack 8 pure>)
+556: p39 = getfield_gc_r(p32, descr=<FieldP rpyeffect.stack.MetaStack.inst_tail 32 pure>)
+560: guard_isnull(p39, descr=<Guard0x1283e19e0>) [p2, i7, i9, i11, i13, p32, p18, p20, p22, p24, p29, p33, p3, p0, p1]
+568: p40 = getfield_gc_r(p32, descr=<FieldP rpyeffect.stack.MetaStack.inst_label 16 pure>)
+572: guard_nonnull(p38, descr=<Guard0x1283e1a20>) [p2, i7, i9, i11, i13, p32, p18, p20, p22, p24, p29, p33, p3, p0, p1]
+580: i41 = getfield_gc_i(p38, descr=<FieldS rpyeffect.stored_environment.Stack__arb_arb.inst_target 16 pure>)
+584: guard_value(i41, 37, descr=<Guard0x1283e1a60>) [p2, i7, i9, i11, i13, p32, p18, p20, p22, p24, p29, p33, p3, p0, p1]
debug_merge_point(0, 0, '31<main.rpyeffect:31(Name(resume2642))>+1: {"op": "Return". "args": {"num": [0]. "ptr": []}}')
+596: p43 = getfield_gc_r(p38, descr=<FieldP rpyeffect.stored_environment.Stack__0_1.inst_values_ptr_0 40 pure>)
+600: p44 = getfield_gc_r(p38, descr=<FieldP rpyeffect.stored_environment.Stack__arb_arb.inst_tail 8 pure>)
debug_merge_point(0, 0, '37<main.rpyeffect:37([k@[then#72]#74])>+0: {"op": "Jump". "target": 31}')
+604: guard_nonnull(p44, descr=<Guard0x1283e1aa0>) [p2, i7, i9, i11, i13, p32, p18, p20, p22, p24, p29, p33, p3, p0, p1]
+612: i45 = getfield_gc_i(p44, descr=<FieldS rpyeffect.stored_environment.Stack__arb_arb.inst_target 16 pure>)
+616: guard_value(i45, 35, descr=<Guard0x1283e1ae0>) [p2, i7, i9, i11, i13, p32, p18, p20, p22, p24, p29, p33, p3, p0, p1]
debug_merge_point(0, 0, '31<main.rpyeffect:31(Name(resume2642))>+0: {"op": "PushStack". "arg": 0}')
+628: p47 = new_with_vtable(descr=<SizeDescr 40>)
+732: setfield_gc(p47, ConstPtr(null), descr=<FieldP rpyeffect.stack.MetaStack.inst_region 24 pure>)
+740: setfield_gc(p47, p1, descr=<FieldP rpyeffect.stack.MetaStackLike.inst_stack 8 pure>)
+748: setfield_gc(p47, p3, descr=<FieldP rpyeffect.stack.MetaStack.inst_tail 32 pure>)
+756: setfield_gc(p47, p0, descr=<FieldP rpyeffect.stack.MetaStack.inst_label 16 pure>)
+764: jump(p40, p44, p2, p33, p29, p47, i7, i9, i11, i13, p43, p18, p20, p22, p24, descr=TargetToken(4970187536))
+800: --end of the loop--
[7bbace] jit-log-opt-loop}
[87f7f1] {jit-log-opt-bridge
# bridge out of Guard 0x1283f2808 with 22 ops
[p0, i1, i2, p3, p4, p5, p6, p7, p8, i9, p10, p11, p12, p13]
+104: i15 = int_eq(i1, 0)
guard_true(i15, descr=<Guard0x1283f2a70>) [p0, i1, i2, p3, p4, p5, p6, p7, p8, i9, p10, p11, p12, p13]
+112: guard_not_invalidated(descr=<Guard0x1284263a0>) [p0, i1, i2, p3, p4, p5, p6, p7, p8, i9, p10, p11, p12, p13]
debug_merge_point(0, 0, '4<main.rpyeffect:4(Name(infixEq71))>+1: {"op": "Return". "args": {"num": [0]. "ptr": []}}')
debug_merge_point(0, 0, '39<main.rpyeffect:39([k@[#65]#70])>+0: {"op": "IfZero". "cond": 0. "then": {"tag": null. "target": 38. "args": {"num": []. "ptr": []}}}')
debug_merge_point(0, 0, '39<main.rpyeffect:39([k@[#65]#70])>+1: {"op": "Const". "type": "num". "out": 0. "value": 0}')
debug_merge_point(0, 0, '39<main.rpyeffect:39([k@[#65]#70])>+2: {"op": "Copy". "type": "ptr". "from": 1. "to". 0}')
debug_merge_point(0, 0, '39<main.rpyeffect:39([k@[#65]#70])>+3: {"op": "Jump". "target": 31}')
+116: guard_nonnull(p10, descr=<Guard0x1284263e0>) [p0, i1, i2, p3, p4, p5, p6, p7, p8, i9, p10, p11, p12, p13]
+128: i16 = getfield_gc_i(p10, descr=<FieldS rpyeffect.stored_environment.Stack__arb_arb.inst_target 16 pure>)
+136: guard_value(i16, 35, descr=<Guard0x128426420>) [p0, i1, i2, p3, p4, p5, p6, p7, p8, i9, p10, p11, p12, p13]
debug_merge_point(0, 0, '31<main.rpyeffect:31(Name(resume2642))>+0: {"op": "PushStack". "arg": 0}')
+148: p18 = new_with_vtable(descr=<SizeDescr 40>)
+252: p19 = new_with_vtable(descr=<SizeDescr 48>)
+264: setfield_gc(p19, p12, descr=<FieldP rpyeffect.stored_environment.Stack__arb_arb.inst_tail 8 pure>)
+268: setfield_gc(p19, 37, descr=<FieldS rpyeffect.stored_environment.Stack__arb_arb.inst_target 16 pure>)
+276: setfield_gc(p19, p11, descr=<FieldP rpyeffect.stored_environment.Stack__0_1.inst_values_ptr_0 40 pure>)
+284: setfield_gc(p18, p19, descr=<FieldP rpyeffect.stack.MetaStackLike.inst_stack 8 pure>)
+288: setfield_gc(p18, p13, descr=<FieldP rpyeffect.stack.MetaStack.inst_label 16 pure>)
+296: setfield_gc(p18, ConstPtr(null), descr=<FieldP rpyeffect.stack.MetaStack.inst_region 24 pure>)
+304: setfield_gc(p18, ConstPtr(null), descr=<FieldP rpyeffect.stack.MetaStack.inst_tail 32 pure>)
+328: jump(p7, p10, p0, p8, ConstPtr(null), 0, i9, 0, i2, p18, p18, p4, p5, p6, descr=TargetToken(4970187456))
+500: --end of the loop--
[8859ec] jit-log-opt-bridge}
[90de19] {jit-log-opt-bridge
# bridge out of Guard 0x1283e1a60 with 83 ops
[p0, i1, i2, i3, i4, p5, p6, p7, p8, p9, p10, p11, p12, p13, p14]
+200: guard_not_invalidated(descr=<Guard0x1283f2ac8>) [p0, i1, i2, i3, i4, p5, p6, p7, p8, p9, p10, p11, p12, p13, p14]
+204: guard_nonnull_class(p5, 4306333376, descr=<Guard0x1283f2b20>) [p0, i1, i2, i3, i4, p5, p6, p7, p8, p9, p10, p11, p12, p13, p14]
+228: p16 = getfield_gc_r(p5, descr=<FieldP rpyeffect.stack.MetaStack.inst_region 24 pure>)
+232: guard_isnull(p16, descr=<Guard0x1284264a0>) [p0, i1, i2, i3, i4, p5, p6, p7, p8, p9, p10, p11, p12, p13, p14]
+240: p17 = getfield_gc_r(p5, descr=<FieldP rpyeffect.stack.MetaStackLike.inst_stack 8 pure>)
+244: p18 = getfield_gc_r(p5, descr=<FieldP rpyeffect.stack.MetaStack.inst_tail 32 pure>)
+248: guard_isnull(p18, descr=<Guard0x1284264e0>) [p0, i1, i2, i3, i4, p5, p6, p7, p8, p9, p10, p11, p12, p13, p14]
+256: p19 = getfield_gc_r(p5, descr=<FieldP rpyeffect.stack.MetaStack.inst_label 16 pure>)
+260: guard_nonnull(p17, descr=<Guard0x128426520>) [p0, i1, i2, i3, i4, p5, p6, p7, p8, p9, p10, p11, p12, p13, p14]
+268: i20 = getfield_gc_i(p17, descr=<FieldS rpyeffect.stored_environment.Stack__arb_arb.inst_target 16 pure>)
+272: guard_value(i20, 62, descr=<Guard0x128426560>) [p0, i1, i2, i3, i4, p5, p6, p7, p8, p9, p10, p11, p12, p13, p14]
debug_merge_point(0, 0, '31<main.rpyeffect:31(Name(resume2642))>+1: {"op": "Return". "args": {"num": [0]. "ptr": []}}')
+284: i22 = getfield_gc_i(p17, descr=<FieldS rpyeffect.stored_environment.Stack__3_1.inst_values_num_0 40 pure>)
+288: i23 = getfield_gc_i(p17, descr=<FieldS rpyeffect.stored_environment.Stack__3_1.inst_values_num_1 48 pure>)
+292: i24 = getfield_gc_i(p17, descr=<FieldS rpyeffect.stored_environment.Stack__3_1.inst_values_num_2 56 pure>)
+296: p25 = getfield_gc_r(p17, descr=<FieldP rpyeffect.stored_environment.Stack__3_1.inst_values_ptr_0 64 pure>)
+300: p26 = getfield_gc_r(p17, descr=<FieldP rpyeffect.stored_environment.Stack__arb_arb.inst_tail 8 pure>)
debug_merge_point(0, 0, '62<main.rpyeffect:62([k@[then#45]#47])>+0: {"op": "Swap". "type": "num". "a": 3. "b". 0}')
debug_merge_point(0, 0, '62<main.rpyeffect:62([k@[then#45]#47])>+1: {"op": "Swap". "type": "num". "a": 2. "b". 0}')
debug_merge_point(0, 0, '62<main.rpyeffect:62([k@[then#45]#47])>+2: {"op": "IfZero". "cond": 3. "then": {"tag": null. "target": 34. "args": {"num": []. "ptr": []}}}')
+304: i27 = int_is_zero(i1)
guard_true(i27, descr=<Guard0x1284265a0>) [p0, i1, i2, i3, i4, p5, p6, p7, p8, p9, p10, p11, p12, p13, p14]
+316: guard_nonnull(p26, descr=<Guard0x1284265e0>) [p0, i1, i2, i3, i4, p5, p6, p7, p8, p9, p10, p11, p12, p13, p14]
+324: i28 = getfield_gc_i(p26, descr=<FieldS rpyeffect.stored_environment.Stack__arb_arb.inst_target 16 pure>)
+328: guard_value(i28, 35, descr=<Guard0x128426620>) [p0, i1, i2, i3, i4, p5, p6, p7, p8, p9, p10, p11, p12, p13, p14]
debug_merge_point(0, 0, '34<main.rpyeffect:34([then#48])>+0: {"op": "Const". "type": "num". "out": 3. "value": 1}')
debug_merge_point(0, 0, '34<main.rpyeffect:34([then#48])>+1: {"op": "Push". "target": 33. "args": {"num": [1. 2]. "ptr": [0]}}')
debug_merge_point(0, 0, '34<main.rpyeffect:34([then#48])>+2: {"op": "Copy". "type": "num". "from": 3. "to". 1}')
debug_merge_point(0, 0, '34<main.rpyeffect:34([then#48])>+3: {"op": "Jump". "target": 6}')
debug_merge_point(0, 0, '6<main.rpyeffect:6(Name(infixAdd95))>+0: {"op": "PrimOp". "name": "infixAdd(Int. Int): Int". "out": {"num": [0]. "ptr": []}. "in": {"num": [0. 1]. "ptr": []}}')
+340: i31 = int_add(i23, 1)
debug_merge_point(0, 0, '6<main.rpyeffect:6(Name(infixAdd95))>+1: {"op": "Return". "args": {"num": [0]. "ptr": []}}')
debug_merge_point(0, 0, '33<main.rpyeffect:33([k@[then#48]#52])>+0: {"op": "Swap". "type": "num". "a": 2. "b". 1}')
debug_merge_point(0, 0, '33<main.rpyeffect:33([k@[then#48]#52])>+1: {"op": "Jump". "target": 65}')
debug_merge_point(0, 0, '65<main.rpyeffect:65(Name(primes2635))>+0: {"op": "Push". "target": 64. "args": {"num": [2. 0. 1]. "ptr": [0]}}')
debug_merge_point(0, 0, '65<main.rpyeffect:65(Name(primes2635))>+1: {"op": "Jump". "target": 11}')
debug_merge_point(0, 0, '11<main.rpyeffect:11(Name(infixGte177))>+0: {"op": "PrimOp". "name": "infixGte(Int. Int): Boolean". "out": {"num": [0]. "ptr": []}. "in": {"num": [0. 1]. "ptr": []}}')
+344: i32 = int_ge(i31, i24)
guard_false(i32, descr=<Guard0x128426660>) [p0, i1, i2, i3, i4, p5, p6, p7, p8, p9, p10, p11, p12, p13, p14]
debug_merge_point(0, 0, '11<main.rpyeffect:11(Name(infixGte177))>+1: {"op": "Return". "args": {"num": [0]. "ptr": []}}')
debug_merge_point(0, 0, '64<main.rpyeffect:64([k@Name(primes2635)#43])>+0: {"op": "Swap". "type": "num". "a": 2. "b". 0}')
debug_merge_point(0, 0, '64<main.rpyeffect:64([k@Name(primes2635)#43])>+1: {"op": "IfZero". "cond": 2. "then": {"tag": null. "target": 63. "args": {"num": []. "ptr": []}}}')
debug_merge_point(0, 0, '63<main.rpyeffect:63([then#45])>+0: {"op": "Push". "target": 62. "args": {"num": [1. 0. 3]. "ptr": [0]}}')
debug_merge_point(0, 0, '63<main.rpyeffect:63([then#45])>+1: {"op": "Jump". "target": 30}')
debug_merge_point(0, 0, '30<main.rpyeffect:30([mcore:[#24]#40])>+0: {"op": "Invoke". "receiver": 0. "tag": Interned(%Prime2640(n):n). "args" : {"num": [0]. "ptr": []}}')
+352: p33 = getfield_gc_r(p25, descr=<FieldP rpyeffect.stored_environment.CoData__arb_arb.inst_vtable 24 pure>)
+360: guard_value(p33, ConstPtr(ptr34), descr=<Guard0x1284266a0>) [p0, i1, i2, i3, i4, p5, p6, p7, p8, p9, p10, p11, p12, p13, p14]
+368: i35 = getfield_gc_i(p25, descr=<FieldS rpyeffect.stored_environment.CoData__1_2.inst_values_num_0 32 pure>)
+372: p36 = getfield_gc_r(p25, descr=<FieldP rpyeffect.stored_environment.CoData__1_2.inst_values_ptr_0 40 pure>)
+376: p37 = getfield_gc_r(p25, descr=<FieldP rpyeffect.stored_environment.CoData__1_2.inst_values_ptr_1 48 pure>)
debug_merge_point(0, 0, '41<main.rpyeffect:41([method_%Prime2640(n):n@[k@[then#45]#47]#58])>+0: {"op": "Const". "type": "num". "out": 2. "value": 0}')
debug_merge_point(0, 0, '41<main.rpyeffect:41([method_%Prime2640(n):n@[k@[then#45]#47]#58])>+1: {"op": "ShiftDyn". "out": 1. "n": 2. "label": 1}')
+380: i38 = instance_ptr_eq(p19, p37)
guard_true(i38, descr=<Guard0x1284266e0>) [p0, i1, i2, i3, i4, p5, p6, p7, p8, p9, p10, p11, p12, p13, p14]
+388: guard_nonnull(p11, descr=<Guard0x128426720>) [p0, i1, i2, i3, i4, p5, p6, p7, p8, p9, p10, p11, p12, p13, p14]
+400: i39 = getfield_gc_i(p11, descr=<FieldS rpyeffect.stored_environment.Stack__arb_arb.inst_target 16 pure>)
+408: guard_value(i39, 35, descr=<Guard0x128426760>) [p0, i1, i2, i3, i4, p5, p6, p7, p8, p9, p10, p11, p12, p13, p14]
debug_merge_point(0, 0, '41<main.rpyeffect:41([method_%Prime2640(n):n@[k@[then#45]#47]#58])>+2: {"op": "Push". "target": 40. "args": {"num": [0]. "ptr": [0. 1]}}')
debug_merge_point(0, 0, '41<main.rpyeffect:41([method_%Prime2640(n):n@[k@[then#45]#47]#58])>+3: {"op": "Jump". "target": 9}')
+420: p41 = new_with_vtable(descr=<SizeDescr 64>)
+524: p42 = new_with_vtable(descr=<SizeDescr 40>)
+536: p43 = new_with_vtable(descr=<SizeDescr 72>)
+548: setfield_gc(p43, p26, descr=<FieldP rpyeffect.stored_environment.Stack__arb_arb.inst_tail 8 pure>)
+552: setfield_gc(p43, 62, descr=<FieldS rpyeffect.stored_environment.Stack__arb_arb.inst_target 16 pure>)
+560: setfield_gc(p43, i22, descr=<FieldS rpyeffect.stored_environment.Stack__3_1.inst_values_num_0 40 pure>)
+564: setfield_gc(p43, i31, descr=<FieldS rpyeffect.stored_environment.Stack__3_1.inst_values_num_1 48 pure>)
+568: setfield_gc(p43, i24, descr=<FieldS rpyeffect.stored_environment.Stack__3_1.inst_values_num_2 56 pure>)
+572: setfield_gc(p43, p25, descr=<FieldP rpyeffect.stored_environment.Stack__3_1.inst_values_ptr_0 64 pure>)
+576: setfield_gc(p42, p43, descr=<FieldP rpyeffect.stack.MetaStackLike.inst_stack 8 pure>)
+580: setfield_gc(p42, p19, descr=<FieldP rpyeffect.stack.MetaStack.inst_label 16 pure>)
+584: setfield_gc(p42, ConstPtr(null), descr=<FieldP rpyeffect.stack.MetaStack.inst_region 24 pure>)
+592: setfield_gc(p42, ConstPtr(null), descr=<FieldP rpyeffect.stack.MetaStack.inst_tail 32 pure>)
+600: p47 = new_with_vtable(descr=<SizeDescr 40>)
+612: setfield_gc(p47, ConstPtr(null), descr=<FieldP rpyeffect.stack.MetaStack.inst_region 24 pure>)
+620: setfield_gc(p47, p14, descr=<FieldP rpyeffect.stack.MetaStackLike.inst_stack 8 pure>)
+628: setfield_gc(p47, p12, descr=<FieldP rpyeffect.stack.MetaStack.inst_tail 32 pure>)
+636: setfield_gc(p47, p13, descr=<FieldP rpyeffect.stack.MetaStack.inst_label 16 pure>)
+644: setfield_gc(p41, 40, descr=<FieldS rpyeffect.stored_environment.Stack__arb_arb.inst_target 16 pure>)
+652: setfield_gc(p41, p11, descr=<FieldP rpyeffect.stored_environment.Stack__arb_arb.inst_tail 8 pure>)
+656: setfield_gc(p41, i31, descr=<FieldS rpyeffect.stored_environment.Stack__1_2.inst_values_num_0 40 pure>)
+660: setfield_gc(p41, p36, descr=<FieldP rpyeffect.stored_environment.Stack__1_2.inst_values_ptr_0 48 pure>)
+664: setfield_gc(p41, p42, descr=<FieldP rpyeffect.stored_environment.Stack__1_2.inst_values_ptr_1 56 pure>)
+700: jump(p10, p41, p0, p47, ConstPtr(null), i31, i35, 0, i24, p36, p42, p7, p8, p9, descr=TargetToken(4970187296))
+856: --end of the loop--
[9206d0] jit-log-opt-bridge}
[955196] {jit-log-opt-loop
# Loop 5 (38<main.rpyeffect:38([then#72])>+1: {"op": "Copy", "type": "num", "from": 1, "to", 0}) : entry bridge with 49 ops
[p0, p1, p2, p3, p4]
+232: p5 = getfield_gc_r(p2, descr=<FieldP rpyeffect.environment.Environment.inst_values_num 16>)
+240: i7 = getarrayitem_gc_i(p5, 0, descr=<ArrayS 8>)
+244: i9 = getarrayitem_gc_i(p5, 1, descr=<ArrayS 8>)
+248: i11 = getarrayitem_gc_i(p5, 2, descr=<ArrayS 8>)
+252: i13 = getarrayitem_gc_i(p5, 3, descr=<ArrayS 8>)
+256: p14 = getfield_gc_r(p2, descr=<FieldP rpyeffect.environment.Environment.inst_values_ptr 24>)
+260: p16 = getarrayitem_gc_r(p14, 0, descr=<ArrayP 8>)
+264: p18 = getarrayitem_gc_r(p14, 1, descr=<ArrayP 8>)
+268: p20 = getarrayitem_gc_r(p14, 2, descr=<ArrayP 8>)
+272: p22 = getarrayitem_gc_r(p14, 3, descr=<ArrayP 8>)
+276: p24 = getarrayitem_gc_r(p14, 4, descr=<ArrayP 8>)
debug_merge_point(0, 0, '38<main.rpyeffect:38([then#72])>+1: {"op": "Copy". "type": "num". "from": 1. "to". 0}')
+280: guard_not_invalidated(descr=<Guard0x1283f2bd0>) [p2, i7, i9, i11, i13, p16, p18, p20, p22, p24, p0, p1, p3, p4]
debug_merge_point(0, 0, '38<main.rpyeffect:38([then#72])>+2: {"op": "Jump". "target": 32}')
+284: guard_nonnull(p1, descr=<Guard0x128426820>) [p2, i7, i9, i11, i13, p16, p18, p20, p22, p24, p0, p1, p3, p4]
+296: i25 = getfield_gc_i(p1, descr=<FieldS rpyeffect.stored_environment.Stack__arb_arb.inst_target 16 pure>)
+304: guard_value(i25, 37, descr=<Guard0x128426860>) [p2, i7, i9, i11, i13, p16, p18, p20, p22, p24, p0, p1, p3, p4]
debug_merge_point(0, 0, '32<main.rpyeffect:32([mcore:[#31]#41])>+0: {"op": "Invoke". "receiver": 0. "tag": Interned(%Prime2640(n):n). "args" : {"num": [0]. "ptr": []}}')
+316: p27 = getfield_gc_r(p16, descr=<FieldP rpyeffect.stored_environment.CoData__arb_arb.inst_vtable 24 pure>)
+324: guard_value(p27, ConstPtr(ptr28), descr=<Guard0x1284268a0>) [p2, i7, i9, i11, i13, p16, p18, p20, p22, p24, p0, p1, p3, p4]
+332: i29 = getfield_gc_i(p16, descr=<FieldS rpyeffect.stored_environment.CoData__1_2.inst_values_num_0 32 pure>)
+336: p30 = getfield_gc_r(p16, descr=<FieldP rpyeffect.stored_environment.CoData__1_2.inst_values_ptr_0 40 pure>)
+340: p31 = getfield_gc_r(p16, descr=<FieldP rpyeffect.stored_environment.CoData__1_2.inst_values_ptr_1 48 pure>)
debug_merge_point(0, 0, '41<main.rpyeffect:41([method_%Prime2640(n):n@[k@[then#45]#47]#58])>+0: {"op": "Const". "type": "num". "out": 2. "value": 0}')
debug_merge_point(0, 0, '41<main.rpyeffect:41([method_%Prime2640(n):n@[k@[then#45]#47]#58])>+1: {"op": "ShiftDyn". "out": 1. "n": 2. "label": 1}')
+344: guard_isnull(p4, descr=<Guard0x1284268e0>) [p2, i7, i9, i11, i13, p16, p18, p20, p22, p24, p0, p1, p3, p4]
+356: i32 = instance_ptr_eq(p0, p31)
guard_true(i32, descr=<Guard0x128426920>) [p2, i7, i9, i11, i13, p16, p18, p20, p22, p24, p0, p1, p3, p4]
+368: guard_nonnull_class(p3, 4306333376, descr=<Guard0x1283f2c28>) [p2, i7, i9, i11, i13, p16, p18, p20, p22, p24, p0, p1, p3, p4]
+396: p34 = getfield_gc_r(p3, descr=<FieldP rpyeffect.stack.MetaStackLike.inst_stack 8 pure>)
+400: p35 = getfield_gc_r(p3, descr=<FieldP rpyeffect.stack.MetaStack.inst_label 16 pure>)
+404: p36 = getfield_gc_r(p3, descr=<FieldP rpyeffect.stack.MetaStack.inst_tail 32 pure>)
+412: guard_nonnull(p34, descr=<Guard0x128426960>) [p2, i7, i9, i11, i13, p16, p18, p20, p22, p24, p0, p1, p3, p4]
+420: i37 = getfield_gc_i(p34, descr=<FieldS rpyeffect.stored_environment.Stack__arb_arb.inst_target 16 pure>)
+428: guard_value(i37, 105, descr=<Guard0x1284269a0>) [p2, i7, i9, i11, i13, p16, p18, p20, p22, p24, p0, p1, p3, p4]
debug_merge_point(0, 0, '41<main.rpyeffect:41([method_%Prime2640(n):n@[k@[then#45]#47]#58])>+2: {"op": "Push". "target": 40. "args": {"num": [0]. "ptr": [0. 1]}}')
debug_merge_point(0, 0, '41<main.rpyeffect:41([method_%Prime2640(n):n@[k@[then#45]#47]#58])>+3: {"op": "Jump". "target": 9}')
+440: p39 = new_with_vtable(descr=<SizeDescr 64>)
+552: p40 = new_with_vtable(descr=<SizeDescr 40>)
+564: setfield_gc(p40, p1, descr=<FieldP rpyeffect.stack.MetaStackLike.inst_stack 8 pure>)
+568: setfield_gc(p40, p0, descr=<FieldP rpyeffect.stack.MetaStack.inst_label 16 pure>)
+572: setfield_gc(p40, ConstPtr(null), descr=<FieldP rpyeffect.stack.MetaStack.inst_region 24 pure>)
+580: setfield_gc(p40, ConstPtr(null), descr=<FieldP rpyeffect.stack.MetaStack.inst_tail 32 pure>)
+588: setfield_gc(p39, 40, descr=<FieldS rpyeffect.stored_environment.Stack__arb_arb.inst_target 16 pure>)
+596: setfield_gc(p39, p34, descr=<FieldP rpyeffect.stored_environment.Stack__arb_arb.inst_tail 8 pure>)
+600: setfield_gc(p39, i9, descr=<FieldS rpyeffect.stored_environment.Stack__1_2.inst_values_num_0 40 pure>)
+604: setfield_gc(p39, p30, descr=<FieldP rpyeffect.stored_environment.Stack__1_2.inst_values_ptr_0 48 pure>)
+608: setfield_gc(p39, p40, descr=<FieldP rpyeffect.stored_environment.Stack__1_2.inst_values_ptr_1 56 pure>)
+628: jump(p35, p39, p2, p36, ConstPtr(null), i9, i29, 0, i13, p30, p40, p20, p22, p24, descr=TargetToken(4970187296))
+784: --end of the loop--
[95f482] jit-log-opt-loop}
[9ebd35] {jit-log-opt-loop
# Loop 6 (32<main.rpyeffect:32([mcore:[#31]#41])>+0: {"op": "Invoke", "receiver": 0, "tag": Interned(%Prime2640(n):n), "args" : {"num": [0], "ptr": []}}) : entry bridge with 66 ops
[p0, p1, p2, p3, p4]
+312: p5 = getfield_gc_r(p2, descr=<FieldP rpyeffect.environment.Environment.inst_values_num 16>)
+320: i7 = getarrayitem_gc_i(p5, 0, descr=<ArrayS 8>)
+324: i9 = getarrayitem_gc_i(p5, 1, descr=<ArrayS 8>)
+328: i11 = getarrayitem_gc_i(p5, 2, descr=<ArrayS 8>)
+332: i13 = getarrayitem_gc_i(p5, 3, descr=<ArrayS 8>)
+336: p14 = getfield_gc_r(p2, descr=<FieldP rpyeffect.environment.Environment.inst_values_ptr 24>)
+340: p16 = getarrayitem_gc_r(p14, 0, descr=<ArrayP 8>)
+344: p18 = getarrayitem_gc_r(p14, 1, descr=<ArrayP 8>)
+348: p20 = getarrayitem_gc_r(p14, 2, descr=<ArrayP 8>)
+352: p22 = getarrayitem_gc_r(p14, 3, descr=<ArrayP 8>)
+356: p24 = getarrayitem_gc_r(p14, 4, descr=<ArrayP 8>)
debug_merge_point(0, 0, '32<main.rpyeffect:32([mcore:[#31]#41])>+0: {"op": "Invoke". "receiver": 0. "tag": Interned(%Prime2640(n):n). "args" : {"num": [0]. "ptr": []}}')
+360: guard_not_invalidated(descr=<Guard0x1283f2cd8>) [p2, i7, i9, i11, i13, p16, p18, p20, p22, p24, p0, p1, p3, p4]
+364: p25 = getfield_gc_r(p16, descr=<FieldP rpyeffect.stored_environment.CoData__arb_arb.inst_vtable 24 pure>)
+372: guard_value(p25, ConstPtr(ptr26), descr=<Guard0x128426a60>) [p2, i7, i9, i11, i13, p16, p18, p20, p22, p24, p0, p1, p3, p4]
+380: p27 = getfield_gc_r(p16, descr=<FieldP rpyeffect.stored_environment.CoData__0_1.inst_values_ptr_0 32 pure>)
debug_merge_point(0, 0, '107<main.rpyeffect:107([#261])>+0: {"op": "Const". "type": "num". "out": 0. "value": 0}')
debug_merge_point(0, 0, '107<main.rpyeffect:107([#261])>+1: {"op": "ShiftDyn". "out": 0. "n": 0. "label": 0}')
+384: guard_isnull(p4, descr=<Guard0x128426aa0>) [p2, i7, i9, i11, i13, p16, p18, p20, p22, p24, p0, p1, p3, p4]
+396: i28 = instance_ptr_eq(p0, p27)
guard_true(i28, descr=<Guard0x128426ae0>) [p2, i7, i9, i11, i13, p16, p18, p20, p22, p24, p0, p1, p3, p4]
+408: guard_nonnull_class(p3, 4306333376, descr=<Guard0x1283f2d30>) [p2, i7, i9, i11, i13, p16, p18, p20, p22, p24, p0, p1, p3, p4]
+436: p30 = getfield_gc_r(p3, descr=<FieldP rpyeffect.stack.MetaStackLike.inst_stack 8 pure>)
+440: p31 = getfield_gc_r(p3, descr=<FieldP rpyeffect.stack.MetaStack.inst_label 16 pure>)
+444: p32 = getfield_gc_r(p3, descr=<FieldP rpyeffect.stack.MetaStack.inst_tail 32 pure>)
+448: guard_nonnull(p30, descr=<Guard0x128426b20>) [p2, i7, i9, i11, i13, p16, p18, p20, p22, p24, p0, p1, p3, p4]
+456: i33 = getfield_gc_i(p30, descr=<FieldS rpyeffect.stored_environment.Stack__arb_arb.inst_target 16 pure>)
+460: guard_value(i33, 104, descr=<Guard0x128426b60>) [p2, i7, i9, i11, i13, p16, p18, p20, p22, p24, p0, p1, p3, p4]
debug_merge_point(0, 0, '107<main.rpyeffect:107([#261])>+2: {"op": "Const". "type": "num". "out": 0. "value": 1}')
debug_merge_point(0, 0, '107<main.rpyeffect:107([#261])>+3: {"op": "Jump". "target": 101}')
debug_merge_point(0, 0, '101<main.rpyeffect:101(Name(resume53930))>+0: {"op": "PushStack". "arg": 0}')
+472: guard_nonnull(p1, descr=<Guard0x128426ba0>) [p2, i7, i9, i11, i13, p16, p18, p20, p22, p24, p0, p1, p3, p4]
+484: i35 = getfield_gc_i(p1, descr=<FieldS rpyeffect.stored_environment.Stack__arb_arb.inst_target 16 pure>)
+492: guard_value(i35, 37, descr=<Guard0x128426be0>) [p2, i7, i9, i11, i13, p16, p18, p20, p22, p24, p0, p1, p3, p4]
debug_merge_point(0, 0, '101<main.rpyeffect:101(Name(resume53930))>+1: {"op": "Return". "args": {"num": [0]. "ptr": []}}')
+504: p37 = getfield_gc_r(p1, descr=<FieldP rpyeffect.stored_environment.Stack__0_1.inst_values_ptr_0 40 pure>)
+508: p38 = getfield_gc_r(p1, descr=<FieldP rpyeffect.stored_environment.Stack__arb_arb.inst_tail 8 pure>)
+516: guard_nonnull(p38, descr=<Guard0x128426c20>) [p2, i7, i9, i11, i13, p16, p18, p20, p22, p24, p0, p1, p3, p4]
+524: i39 = getfield_gc_i(p38, descr=<FieldS rpyeffect.stored_environment.Stack__arb_arb.inst_target 16 pure>)
+532: guard_value(i39, 105, descr=<Guard0x128426c60>) [p2, i7, i9, i11, i13, p16, p18, p20, p22, p24, p0, p1, p3, p4]
debug_merge_point(0, 0, '37<main.rpyeffect:37([k@[then#72]#74])>+0: {"op": "Jump". "target": 31}')
debug_merge_point(0, 0, '31<main.rpyeffect:31(Name(resume2642))>+0: {"op": "PushStack". "arg": 0}')
+544: guard_nonnull_class(p37, 4306333376, descr=<Guard0x1283f2d88>) [p2, i7, i9, i11, i13, p16, p18, p20, p22, p24, p0, p1, p3, p4]
+568: p42 = getfield_gc_r(p37, descr=<FieldP rpyeffect.stack.MetaStack.inst_region 24 pure>)
+572: guard_isnull(p42, descr=<Guard0x128426ca0>) [p2, i7, i9, i11, i13, p16, p18, p20, p22, p24, p0, p1, p3, p4]
+580: p43 = getfield_gc_r(p37, descr=<FieldP rpyeffect.stack.MetaStackLike.inst_stack 8 pure>)
+584: p44 = getfield_gc_r(p37, descr=<FieldP rpyeffect.stack.MetaStack.inst_tail 32 pure>)
+592: guard_isnull(p44, descr=<Guard0x128426ce0>) [p2, i7, i9, i11, i13, p16, p18, p20, p22, p24, p0, p1, p3, p4]
+600: p45 = getfield_gc_r(p37, descr=<FieldP rpyeffect.stack.MetaStack.inst_label 16 pure>)
+604: guard_nonnull(p43, descr=<Guard0x128426d20>) [p2, i7, i9, i11, i13, p16, p18, p20, p22, p24, p0, p1, p3, p4]
+612: i46 = getfield_gc_i(p43, descr=<FieldS rpyeffect.stored_environment.Stack__arb_arb.inst_target 16 pure>)
+616: guard_value(i46, 37, descr=<Guard0x128426d60>) [p2, i7, i9, i11, i13, p16, p18, p20, p22, p24, p0, p1, p3, p4]
debug_merge_point(0, 0, '31<main.rpyeffect:31(Name(resume2642))>+1: {"op": "Return". "args": {"num": [0]. "ptr": []}}')
+628: p48 = getfield_gc_r(p43, descr=<FieldP rpyeffect.stored_environment.Stack__0_1.inst_values_ptr_0 40 pure>)
+632: p49 = getfield_gc_r(p43, descr=<FieldP rpyeffect.stored_environment.Stack__arb_arb.inst_tail 8 pure>)
debug_merge_point(0, 0, '37<main.rpyeffect:37([k@[then#72]#74])>+0: {"op": "Jump". "target": 31}')
+636: guard_nonnull(p49, descr=<Guard0x128426da0>) [p2, i7, i9, i11, i13, p16, p18, p20, p22, p24, p0, p1, p3, p4]
+644: i50 = getfield_gc_i(p49, descr=<FieldS rpyeffect.stored_environment.Stack__arb_arb.inst_target 16 pure>)
+652: guard_value(i50, 35, descr=<Guard0x128426de0>) [p2, i7, i9, i11, i13, p16, p18, p20, p22, p24, p0, p1, p3, p4]
debug_merge_point(0, 0, '31<main.rpyeffect:31(Name(resume2642))>+0: {"op": "PushStack". "arg": 0}')
+664: p52 = new_with_vtable(descr=<SizeDescr 40>)
+776: setfield_gc(p52, p30, descr=<FieldP rpyeffect.stack.MetaStackLike.inst_stack 8 pure>)
+780: setfield_gc(p52, p31, descr=<FieldP rpyeffect.stack.MetaStack.inst_label 16 pure>)
+784: setfield_gc(p52, p32, descr=<FieldP rpyeffect.stack.MetaStack.inst_tail 32 pure>)
+788: setfield_gc(p52, ConstPtr(null), descr=<FieldP rpyeffect.stack.MetaStack.inst_region 24 pure>)
+796: jump(p45, p49, p2, p38, p0, p52, 1, i9, i11, i13, p48, p18, p20, p22, p24, descr=TargetToken(4970187536))
+948: --end of the loop--
[9f8e5a] jit-log-opt-loop}
[bc74f4] {jit-log-opt-bridge
# bridge out of Guard 0x1283e17a0 with 55 ops
[p0, i1, i2, p3, p4, p5, p6, p7, p8, i9, p10, p11, p12, p13]
+152: i15 = int_eq(i1, 0)
guard_false(i15, descr=<Guard0x1283f2e90>) [p0, i1, i2, p3, p4, p5, p6, p7, p8, i9, p10, p11, p12, p13]
+160: guard_not_invalidated(descr=<Guard0x1284271e0>) [p0, i1, i2, p3, p4, p5, p6, p7, p8, i9, p10, p11, p12, p13]
debug_merge_point(0, 0, '4<main.rpyeffect:4(Name(infixEq71))>+1: {"op": "Return". "args": {"num": [0]. "ptr": []}}')
debug_merge_point(0, 0, '39<main.rpyeffect:39([k@[#65]#70])>+0: {"op": "IfZero". "cond": 0. "then": {"tag": null. "target": 38. "args": {"num": []. "ptr": []}}}')
+164: guard_nonnull(p10, descr=<Guard0x128427220>) [p0, i1, i2, p3, p4, p5, p6, p7, p8, i9, p10, p11, p12, p13]
+176: i16 = getfield_gc_i(p10, descr=<FieldS rpyeffect.stored_environment.Stack__arb_arb.inst_target 16 pure>)
+184: guard_value(i16, 35, descr=<Guard0x128427260>) [p0, i1, i2, p3, p4, p5, p6, p7, p8, i9, p10, p11, p12, p13]
debug_merge_point(0, 0, '38<main.rpyeffect:38([then#72])>+0: {"op": "Push". "target": 37. "args": {"num": []. "ptr": [1]}}')
debug_merge_point(0, 0, '38<main.rpyeffect:38([then#72])>+1: {"op": "Copy". "type": "num". "from": 1. "to". 0}')
debug_merge_point(0, 0, '38<main.rpyeffect:38([then#72])>+2: {"op": "Jump". "target": 32}')
debug_merge_point(0, 0, '32<main.rpyeffect:32([mcore:[#31]#41])>+0: {"op": "Invoke". "receiver": 0. "tag": Interned(%Prime2640(n):n). "args" : {"num": [0]. "ptr": []}}')
+196: p18 = getfield_gc_r(p3, descr=<FieldP rpyeffect.stored_environment.CoData__arb_arb.inst_vtable 24 pure>)
+204: guard_value(p18, ConstPtr(ptr19), descr=<Guard0x1284272a0>) [p0, i1, i2, p3, p4, p5, p6, p7, p8, i9, p10, p11, p12, p13]
+212: i20 = getfield_gc_i(p3, descr=<FieldS rpyeffect.stored_environment.CoData__1_2.inst_values_num_0 32 pure>)
+216: p21 = getfield_gc_r(p3, descr=<FieldP rpyeffect.stored_environment.CoData__1_2.inst_values_ptr_0 40 pure>)
+220: p22 = getfield_gc_r(p3, descr=<FieldP rpyeffect.stored_environment.CoData__1_2.inst_values_ptr_1 48 pure>)
debug_merge_point(0, 0, '41<main.rpyeffect:41([method_%Prime2640(n):n@[k@[then#45]#47]#58])>+0: {"op": "Const". "type": "num". "out": 2. "value": 0}')
debug_merge_point(0, 0, '41<main.rpyeffect:41([method_%Prime2640(n):n@[k@[then#45]#47]#58])>+1: {"op": "ShiftDyn". "out": 1. "n": 2. "label": 1}')
+224: i23 = instance_ptr_eq(p7, p22)
guard_true(i23, descr=<Guard0x1284272e0>) [p0, i1, i2, p3, p4, p5, p6, p7, p8, i9, p10, p11, p12, p13]
+232: guard_nonnull_class(p8, 4306333376, descr=<Guard0x1283f2ee8>) [p0, i1, i2, p3, p4, p5, p6, p7, p8, i9, p10, p11, p12, p13]
+256: p25 = getfield_gc_r(p8, descr=<FieldP rpyeffect.stack.MetaStackLike.inst_stack 8 pure>)
+260: p26 = getfield_gc_r(p8, descr=<FieldP rpyeffect.stack.MetaStack.inst_label 16 pure>)
+264: p27 = getfield_gc_r(p8, descr=<FieldP rpyeffect.stack.MetaStack.inst_tail 32 pure>)
+268: guard_nonnull(p25, descr=<Guard0x128427320>) [p0, i1, i2, p3, p4, p5, p6, p7, p8, i9, p10, p11, p12, p13]
+276: i28 = getfield_gc_i(p25, descr=<FieldS rpyeffect.stored_environment.Stack__arb_arb.inst_target 16 pure>)
+280: guard_value(i28, 105, descr=<Guard0x128427360>) [p0, i1, i2, p3, p4, p5, p6, p7, p8, i9, p10, p11, p12, p13]
debug_merge_point(0, 0, '41<main.rpyeffect:41([method_%Prime2640(n):n@[k@[then#45]#47]#58])>+2: {"op": "Push". "target": 40. "args": {"num": [0]. "ptr": [0. 1]}}')
debug_merge_point(0, 0, '41<main.rpyeffect:41([method_%Prime2640(n):n@[k@[then#45]#47]#58])>+3: {"op": "Jump". "target": 9}')
+292: p30 = new_with_vtable(descr=<SizeDescr 40>)
+396: p31 = new_with_vtable(descr=<SizeDescr 48>)
+408: setfield_gc(p31, p12, descr=<FieldP rpyeffect.stored_environment.Stack__arb_arb.inst_tail 8 pure>)
+412: setfield_gc(p31, 37, descr=<FieldS rpyeffect.stored_environment.Stack__arb_arb.inst_target 16 pure>)
+420: setfield_gc(p31, p11, descr=<FieldP rpyeffect.stored_environment.Stack__0_1.inst_values_ptr_0 40 pure>)
+428: p33 = new_with_vtable(descr=<SizeDescr 64>)
+440: p34 = new_with_vtable(descr=<SizeDescr 40>)
+452: p35 = new_with_vtable(descr=<SizeDescr 48>)
+464: setfield_gc(p35, p10, descr=<FieldP rpyeffect.stored_environment.Stack__arb_arb.inst_tail 8 pure>)
+468: setfield_gc(p35, 37, descr=<FieldS rpyeffect.stored_environment.Stack__arb_arb.inst_target 16 pure>)
+476: setfield_gc(p35, p30, descr=<FieldP rpyeffect.stored_environment.Stack__0_1.inst_values_ptr_0 40 pure>)
+480: setfield_gc(p34, p35, descr=<FieldP rpyeffect.stack.MetaStackLike.inst_stack 8 pure>)
+484: setfield_gc(p34, p7, descr=<FieldP rpyeffect.stack.MetaStack.inst_label 16 pure>)
+488: setfield_gc(p34, ConstPtr(null), descr=<FieldP rpyeffect.stack.MetaStack.inst_region 24 pure>)
+496: setfield_gc(p34, ConstPtr(null), descr=<FieldP rpyeffect.stack.MetaStack.inst_tail 32 pure>)
+504: setfield_gc(p33, 40, descr=<FieldS rpyeffect.stored_environment.Stack__arb_arb.inst_target 16 pure>)
+512: setfield_gc(p30, p31, descr=<FieldP rpyeffect.stack.MetaStackLike.inst_stack 8 pure>)
+516: setfield_gc(p30, p13, descr=<FieldP rpyeffect.stack.MetaStack.inst_label 16 pure>)
+524: setfield_gc(p30, ConstPtr(null), descr=<FieldP rpyeffect.stack.MetaStack.inst_tail 32 pure>)
+532: setfield_gc(p30, ConstPtr(null), descr=<FieldP rpyeffect.stack.MetaStack.inst_region 24 pure>)
+540: setfield_gc(p33, p25, descr=<FieldP rpyeffect.stored_environment.Stack__arb_arb.inst_tail 8 pure>)
+544: setfield_gc(p33, i9, descr=<FieldS rpyeffect.stored_environment.Stack__1_2.inst_values_num_0 40 pure>)
+552: setfield_gc(p33, p21, descr=<FieldP rpyeffect.stored_environment.Stack__1_2.inst_values_ptr_0 48 pure>)
+556: setfield_gc(p33, p34, descr=<FieldP rpyeffect.stored_environment.Stack__1_2.inst_values_ptr_1 56 pure>)
+608: jump(p26, p33, p0, p27, ConstPtr(null), i9, i20, 0, i2, p21, p34, p4, p5, p6, descr=TargetToken(4970187296))
+672: --end of the loop--
[bd0b05] jit-log-opt-bridge}
[c14b3c] {jit-log-opt-bridge
# bridge out of Guard 0x1283e1520 with 57 ops
[p0, i1, i2, p3, p4, p5, p6, p7, p8, p9, p10, i11, p12]
+216: i14 = int_eq(i1, 0)
guard_false(i14, descr=<Guard0x1283f2f40>) [p0, i1, i2, p3, p4, p5, p6, p7, p8, p9, p10, i11, p12]
+224: guard_not_invalidated(descr=<Guard0x1284273a0>) [p0, i1, i2, p3, p4, p5, p6, p7, p8, p9, p10, i11, p12]
debug_merge_point(0, 0, '4<main.rpyeffect:4(Name(infixEq71))>+1: {"op": "Return". "args": {"num": [0]. "ptr": []}}')
debug_merge_point(0, 0, '39<main.rpyeffect:39([k@[#65]#70])>+0: {"op": "IfZero". "cond": 0. "then": {"tag": null. "target": 38. "args": {"num": []. "ptr": []}}}')
+228: guard_nonnull(p12, descr=<Guard0x1284273e0>) [p0, i1, i2, p3, p4, p5, p6, p7, p8, p9, p10, i11, p12]
+236: i15 = getfield_gc_i(p12, descr=<FieldS rpyeffect.stored_environment.Stack__arb_arb.inst_target 16 pure>)
+240: guard_value(i15, 105, descr=<Guard0x128427420>) [p0, i1, i2, p3, p4, p5, p6, p7, p8, p9, p10, i11, p12]
debug_merge_point(0, 0, '38<main.rpyeffect:38([then#72])>+0: {"op": "Push". "target": 37. "args": {"num": []. "ptr": [1]}}')
debug_merge_point(0, 0, '38<main.rpyeffect:38([then#72])>+1: {"op": "Copy". "type": "num". "from": 1. "to". 0}')
debug_merge_point(0, 0, '38<main.rpyeffect:38([then#72])>+2: {"op": "Jump". "target": 32}')
debug_merge_point(0, 0, '32<main.rpyeffect:32([mcore:[#31]#41])>+0: {"op": "Invoke". "receiver": 0. "tag": Interned(%Prime2640(n):n). "args" : {"num": [0]. "ptr": []}}')
+252: p17 = getfield_gc_r(p3, descr=<FieldP rpyeffect.stored_environment.CoData__arb_arb.inst_vtable 24 pure>)
+260: guard_value(p17, ConstPtr(ptr18), descr=<Guard0x128427460>) [p0, i1, i2, p3, p4, p5, p6, p7, p8, p9, p10, i11, p12]
+268: p19 = getfield_gc_r(p3, descr=<FieldP rpyeffect.stored_environment.CoData__0_1.inst_values_ptr_0 32 pure>)
debug_merge_point(0, 0, '107<main.rpyeffect:107([#261])>+0: {"op": "Const". "type": "num". "out": 0. "value": 0}')
debug_merge_point(0, 0, '107<main.rpyeffect:107([#261])>+1: {"op": "ShiftDyn". "out": 0. "n": 0. "label": 0}')
+272: guard_isnull(p10, descr=<Guard0x1284274a0>) [p0, i1, i2, p3, p4, p5, p6, p7, p8, p9, p10, i11, p12]
+284: i20 = instance_ptr_eq(p8, p19)
guard_true(i20, descr=<Guard0x1284274e0>) [p0, i1, i2, p3, p4, p5, p6, p7, p8, p9, p10, i11, p12]
+296: guard_nonnull_class(p9, 4306333376, descr=<Guard0x1283f2f98>) [p0, i1, i2, p3, p4, p5, p6, p7, p8, p9, p10, i11, p12]
+324: p22 = getfield_gc_r(p9, descr=<FieldP rpyeffect.stack.MetaStackLike.inst_stack 8 pure>)
+328: p23 = getfield_gc_r(p9, descr=<FieldP rpyeffect.stack.MetaStack.inst_label 16 pure>)
+332: p24 = getfield_gc_r(p9, descr=<FieldP rpyeffect.stack.MetaStack.inst_tail 32 pure>)
+336: guard_nonnull(p22, descr=<Guard0x128427520>) [p0, i1, i2, p3, p4, p5, p6, p7, p8, p9, p10, i11, p12]
+344: i25 = getfield_gc_i(p22, descr=<FieldS rpyeffect.stored_environment.Stack__arb_arb.inst_target 16 pure>)
+348: guard_value(i25, 104, descr=<Guard0x128427560>) [p0, i1, i2, p3, p4, p5, p6, p7, p8, p9, p10, i11, p12]
debug_merge_point(0, 0, '107<main.rpyeffect:107([#261])>+2: {"op": "Const". "type": "num". "out": 0. "value": 1}')
debug_merge_point(0, 0, '107<main.rpyeffect:107([#261])>+3: {"op": "Jump". "target": 101}')
debug_merge_point(0, 0, '101<main.rpyeffect:101(Name(resume53930))>+0: {"op": "PushStack". "arg": 0}')
debug_merge_point(0, 0, '101<main.rpyeffect:101(Name(resume53930))>+1: {"op": "Return". "args": {"num": [0]. "ptr": []}}')
debug_merge_point(0, 0, '37<main.rpyeffect:37([k@[then#72]#74])>+0: {"op": "Jump". "target": 31}')
debug_merge_point(0, 0, '31<main.rpyeffect:31(Name(resume2642))>+0: {"op": "PushStack". "arg": 0}')
+360: guard_nonnull_class(p4, 4306333376, descr=<Guard0x1283f2ff0>) [p0, i1, i2, p3, p4, p5, p6, p7, p8, p9, p10, i11, p12]
+384: p28 = getfield_gc_r(p4, descr=<FieldP rpyeffect.stack.MetaStack.inst_region 24 pure>)
+388: guard_isnull(p28, descr=<Guard0x1284275a0>) [p0, i1, i2, p3, p4, p5, p6, p7, p8, p9, p10, i11, p12]
+396: p29 = getfield_gc_r(p4, descr=<FieldP rpyeffect.stack.MetaStackLike.inst_stack 8 pure>)
+400: p30 = getfield_gc_r(p4, descr=<FieldP rpyeffect.stack.MetaStack.inst_tail 32 pure>)
+404: guard_isnull(p30, descr=<Guard0x1284275e0>) [p0, i1, i2, p3, p4, p5, p6, p7, p8, p9, p10, i11, p12]
+412: p31 = getfield_gc_r(p4, descr=<FieldP rpyeffect.stack.MetaStack.inst_label 16 pure>)
+416: guard_nonnull(p29, descr=<Guard0x128427620>) [p0, i1, i2, p3, p4, p5, p6, p7, p8, p9, p10, i11, p12]
+424: i32 = getfield_gc_i(p29, descr=<FieldS rpyeffect.stored_environment.Stack__arb_arb.inst_target 16 pure>)
+428: guard_value(i32, 37, descr=<Guard0x128427660>) [p0, i1, i2, p3, p4, p5, p6, p7, p8, p9, p10, i11, p12]
debug_merge_point(0, 0, '31<main.rpyeffect:31(Name(resume2642))>+1: {"op": "Return". "args": {"num": [0]. "ptr": []}}')
+440: p34 = getfield_gc_r(p29, descr=<FieldP rpyeffect.stored_environment.Stack__0_1.inst_values_ptr_0 40 pure>)
+444: p35 = getfield_gc_r(p29, descr=<FieldP rpyeffect.stored_environment.Stack__arb_arb.inst_tail 8 pure>)
debug_merge_point(0, 0, '37<main.rpyeffect:37([k@[then#72]#74])>+0: {"op": "Jump". "target": 31}')
+448: guard_nonnull(p35, descr=<Guard0x1284276a0>) [p0, i1, i2, p3, p4, p5, p6, p7, p8, p9, p10, i11, p12]
+456: i36 = getfield_gc_i(p35, descr=<FieldS rpyeffect.stored_environment.Stack__arb_arb.inst_target 16 pure>)
+460: guard_value(i36, 35, descr=<Guard0x1284276e0>) [p0, i1, i2, p3, p4, p5, p6, p7, p8, p9, p10, i11, p12]
debug_merge_point(0, 0, '31<main.rpyeffect:31(Name(resume2642))>+0: {"op": "PushStack". "arg": 0}')
+472: p38 = new_with_vtable(descr=<SizeDescr 40>)
+576: setfield_gc(p38, p22, descr=<FieldP rpyeffect.stack.MetaStackLike.inst_stack 8 pure>)
+580: setfield_gc(p38, p23, descr=<FieldP rpyeffect.stack.MetaStack.inst_label 16 pure>)
+584: setfield_gc(p38, p24, descr=<FieldP rpyeffect.stack.MetaStack.inst_tail 32 pure>)
+588: setfield_gc(p38, ConstPtr(null), descr=<FieldP rpyeffect.stack.MetaStack.inst_region 24 pure>)
+596: jump(p31, p35, p0, p12, p8, p38, 1, i11, 0, i2, p34, p4, p5, p6, p7, descr=TargetToken(4970187536))
+756: --end of the loop--
[c1eff3] jit-log-opt-bridge}
[d0d9d2] {jit-log-opt-bridge
# bridge out of Guard 0x1284265a0 with 106 ops
[p0, i1, i2, i3, i4, p5, p6, p7, p8, p9, p10, p11, p12, p13, p14]
+184: guard_not_invalidated(descr=<Guard0x1283f30a0>) [p0, i1, i2, i3, i4, p5, p6, p7, p8, p9, p10, p11, p12, p13, p14]
+188: guard_nonnull_class(p5, 4306333376, descr=<Guard0x1283f30f8>) [p0, i1, i2, i3, i4, p5, p6, p7, p8, p9, p10, p11, p12, p13, p14]
+212: p16 = getfield_gc_r(p5, descr=<FieldP rpyeffect.stack.MetaStack.inst_region 24 pure>)
+216: guard_isnull(p16, descr=<Guard0x1284278e0>) [p0, i1, i2, i3, i4, p5, p6, p7, p8, p9, p10, p11, p12, p13, p14]
+224: p17 = getfield_gc_r(p5, descr=<FieldP rpyeffect.stack.MetaStackLike.inst_stack 8 pure>)
+228: p18 = getfield_gc_r(p5, descr=<FieldP rpyeffect.stack.MetaStack.inst_tail 32 pure>)
+232: guard_isnull(p18, descr=<Guard0x128427920>) [p0, i1, i2, i3, i4, p5, p6, p7, p8, p9, p10, p11, p12, p13, p14]
+240: p19 = getfield_gc_r(p5, descr=<FieldP rpyeffect.stack.MetaStack.inst_label 16 pure>)
+244: guard_nonnull(p17, descr=<Guard0x128427960>) [p0, i1, i2, i3, i4, p5, p6, p7, p8, p9, p10, p11, p12, p13, p14]
+252: i20 = getfield_gc_i(p17, descr=<FieldS rpyeffect.stored_environment.Stack__arb_arb.inst_target 16 pure>)
+256: guard_value(i20, 62, descr=<Guard0x1284279a0>) [p0, i1, i2, i3, i4, p5, p6, p7, p8, p9, p10, p11, p12, p13, p14]
debug_merge_point(0, 0, '31<main.rpyeffect:31(Name(resume2642))>+1: {"op": "Return". "args": {"num": [0]. "ptr": []}}')
+268: i22 = getfield_gc_i(p17, descr=<FieldS rpyeffect.stored_environment.Stack__3_1.inst_values_num_0 40 pure>)
+272: i23 = getfield_gc_i(p17, descr=<FieldS rpyeffect.stored_environment.Stack__3_1.inst_values_num_1 48 pure>)
+276: i24 = getfield_gc_i(p17, descr=<FieldS rpyeffect.stored_environment.Stack__3_1.inst_values_num_2 56 pure>)
+280: p25 = getfield_gc_r(p17, descr=<FieldP rpyeffect.stored_environment.Stack__3_1.inst_values_ptr_0 64 pure>)
+284: p26 = getfield_gc_r(p17, descr=<FieldP rpyeffect.stored_environment.Stack__arb_arb.inst_tail 8 pure>)
debug_merge_point(0, 0, '62<main.rpyeffect:62([k@[then#45]#47])>+0: {"op": "Swap". "type": "num". "a": 3. "b". 0}')
debug_merge_point(0, 0, '62<main.rpyeffect:62([k@[then#45]#47])>+1: {"op": "Swap". "type": "num". "a": 2. "b". 0}')
debug_merge_point(0, 0, '62<main.rpyeffect:62([k@[then#45]#47])>+2: {"op": "IfZero". "cond": 3. "then": {"tag": null. "target": 34. "args": {"num": []. "ptr": []}}}')
+288: i27 = int_is_zero(i1)
guard_false(i27, descr=<Guard0x1284279e0>) [p0, i1, i2, i3, i4, p5, p6, p7, p8, p9, p10, p11, p12, p13, p14]
debug_merge_point(0, 0, '62<main.rpyeffect:62([k@[then#45]#47])>+3: {"op": "PrimOp". "name": "freshlabel". "out": {"num": []. "ptr": [1]}. "in": {"num": []. "ptr": []}}')
debug_merge_point(0, 0, '62<main.rpyeffect:62([k@[then#45]#47])>+4: {"op": "NewStack". "out": 2. "target": 35. "region": 3. "args": {"num": []. "ptr": []}. "label": 1}')
debug_merge_point(0, 0, '62<main.rpyeffect:62([k@[then#45]#47])>+5: {"op": "PushStack". "arg": 2}')
debug_merge_point(0, 0, '62<main.rpyeffect:62([k@[then#45]#47])>+6: {"op": "New". "out": 0. "targets": [41. 47. 53. 59]. "args": {"num": [0]. "ptr": [0. 1]}}')
debug_merge_point(0, 0, '62<main.rpyeffect:62([k@[then#45]#47])>+7: {"op": "Const". "type": "num". "out": 3. "value": 1}')
debug_merge_point(0, 0, '62<main.rpyeffect:62([k@[then#45]#47])>+8: {"op": "Push". "target": 61. "args": {"num": [1. 0. 2]. "ptr": [0]}}')
debug_merge_point(0, 0, '62<main.rpyeffect:62([k@[then#45]#47])>+9: {"op": "Copy". "type": "num". "from": 3. "to". 1}')
debug_merge_point(0, 0, '62<main.rpyeffect:62([k@[then#45]#47])>+10: {"op": "Jump". "target": 6}')
debug_merge_point(0, 0, '6<main.rpyeffect:6(Name(infixAdd95))>+0: {"op": "PrimOp". "name": "infixAdd(Int. Int): Int". "out": {"num": [0]. "ptr": []}. "in": {"num": [0. 1]. "ptr": []}}')
+296: i29 = int_add(i23, 1)
debug_merge_point(0, 0, '6<main.rpyeffect:6(Name(infixAdd95))>+1: {"op": "Return". "args": {"num": [0]. "ptr": []}}')
debug_merge_point(0, 0, '61<main.rpyeffect:61([k@[k@[then#45]#47]#138])>+0: {"op": "Push". "target": 60. "args": {"num": [3. 0]. "ptr": [0]}}')
debug_merge_point(0, 0, '61<main.rpyeffect:61([k@[k@[then#45]#47]#138])>+1: {"op": "Copy". "type": "num". "from": 1. "to". 0}')
debug_merge_point(0, 0, '61<main.rpyeffect:61([k@[k@[then#45]#47]#138])>+2: {"op": "Copy". "type": "num". "from": 2. "to". 1}')
debug_merge_point(0, 0, '61<main.rpyeffect:61([k@[k@[then#45]#47]#138])>+3: {"op": "Jump". "target": 6}')
debug_merge_point(0, 0, '6<main.rpyeffect:6(Name(infixAdd95))>+0: {"op": "PrimOp". "name": "infixAdd(Int. Int): Int". "out": {"num": [0]. "ptr": []}. "in": {"num": [0. 1]. "ptr": []}}')
+300: i30 = int_add(i22, i23)
debug_merge_point(0, 0, '6<main.rpyeffect:6(Name(infixAdd95))>+1: {"op": "Return". "args": {"num": [0]. "ptr": []}}')
debug_merge_point(0, 0, '60<main.rpyeffect:60([k@[k@[k@[then#45]#47]#138]#141])>+0: {"op": "Swap". "type": "num". "a": 2. "b". 0}')
debug_merge_point(0, 0, '60<main.rpyeffect:60([k@[k@[k@[then#45]#47]#138]#141])>+1: {"op": "Jump". "target": 65}')
debug_merge_point(0, 0, '65<main.rpyeffect:65(Name(primes2635))>+0: {"op": "Push". "target": 64. "args": {"num": [2. 0. 1]. "ptr": [0]}}')
debug_merge_point(0, 0, '65<main.rpyeffect:65(Name(primes2635))>+1: {"op": "Jump". "target": 11}')
debug_merge_point(0, 0, '11<main.rpyeffect:11(Name(infixGte177))>+0: {"op": "PrimOp". "name": "infixGte(Int. Int): Boolean". "out": {"num": [0]. "ptr": []}. "in": {"num": [0. 1]. "ptr": []}}')
+304: i31 = int_ge(i29, i24)
guard_false(i31, descr=<Guard0x128427a20>) [p0, i1, i2, i3, i4, p5, p6, p7, p8, p9, p10, p11, p12, p13, p14]
debug_merge_point(0, 0, '11<main.rpyeffect:11(Name(infixGte177))>+1: {"op": "Return". "args": {"num": [0]. "ptr": []}}')
debug_merge_point(0, 0, '64<main.rpyeffect:64([k@Name(primes2635)#43])>+0: {"op": "Swap". "type": "num". "a": 2. "b". 0}')
debug_merge_point(0, 0, '64<main.rpyeffect:64([k@Name(primes2635)#43])>+1: {"op": "IfZero". "cond": 2. "then": {"tag": null. "target": 63. "args": {"num": []. "ptr": []}}}')
debug_merge_point(0, 0, '63<main.rpyeffect:63([then#45])>+0: {"op": "Push". "target": 62. "args": {"num": [1. 0. 3]. "ptr": [0]}}')
debug_merge_point(0, 0, '63<main.rpyeffect:63([then#45])>+1: {"op": "Jump". "target": 30}')
debug_merge_point(0, 0, '30<main.rpyeffect:30([mcore:[#24]#40])>+0: {"op": "Invoke". "receiver": 0. "tag": Interned(%Prime2640(n):n). "args" : {"num": [0]. "ptr": []}}')
debug_merge_point(0, 0, '41<main.rpyeffect:41([method_%Prime2640(n):n@[k@[then#45]#47]#58])>+0: {"op": "Const". "type": "num". "out": 2. "value": 0}')
debug_merge_point(0, 0, '41<main.rpyeffect:41([method_%Prime2640(n):n@[k@[then#45]#47]#58])>+1: {"op": "ShiftDyn". "out": 1. "n": 2. "label": 1}')
+312: guard_nonnull(p26, descr=<Guard0x128427a60>) [p0, i1, i2, i3, i4, p5, p6, p7, p8, p9, p10, p11, p12, p13, p14]
+320: i32 = getfield_gc_i(p26, descr=<FieldS rpyeffect.stored_environment.Stack__arb_arb.inst_target 16 pure>)
+324: guard_value(i32, 35, descr=<Guard0x128427aa0>) [p0, i1, i2, i3, i4, p5, p6, p7, p8, p9, p10, p11, p12, p13, p14]
debug_merge_point(0, 0, '41<main.rpyeffect:41([method_%Prime2640(n):n@[k@[then#45]#47]#58])>+2: {"op": "Push". "target": 40. "args": {"num": [0]. "ptr": [0. 1]}}')
debug_merge_point(0, 0, '41<main.rpyeffect:41([method_%Prime2640(n):n@[k@[then#45]#47]#58])>+3: {"op": "Jump". "target": 9}')
+336: p34 = new_with_vtable(descr=<SizeDescr 64>)
+440: p35 = new_with_vtable(descr=<SizeDescr 40>)
+452: p36 = new_with_vtable(descr=<SizeDescr 72>)
+464: p37 = new_with_vtable(descr=<SizeDescr 40>)
+476: setfield_gc(p37, ConstPtr(null), descr=<FieldP rpyeffect.stored_environment.Stack__arb_arb.inst_tail 8 pure>)
+484: setfield_gc(p37, 35, descr=<FieldS rpyeffect.stored_environment.Stack__arb_arb.inst_target 16 pure>)
+492: setfield_gc(p36, p37, descr=<FieldP rpyeffect.stored_environment.Stack__arb_arb.inst_tail 8 pure>)
+496: setfield_gc(p36, 62, descr=<FieldS rpyeffect.stored_environment.Stack__arb_arb.inst_target 16 pure>)
+504: setfield_gc(p36, i30, descr=<FieldS rpyeffect.stored_environment.Stack__3_1.inst_values_num_0 40 pure>)
+508: setfield_gc(p36, i29, descr=<FieldS rpyeffect.stored_environment.Stack__3_1.inst_values_num_1 48 pure>)
+512: setfield_gc(p36, i24, descr=<FieldS rpyeffect.stored_environment.Stack__3_1.inst_values_num_2 56 pure>)
+516: p41 = new_with_vtable(descr=<SizeDescr 56>)
+532: setfield_gc(p41, ConstPtr(ptr42), descr=<FieldP rpyeffect.stored_environment.CoData__arb_arb.inst_vtable 24 pure>)
+536: setfield_gc(p41, i23, descr=<FieldS rpyeffect.stored_environment.CoData__1_2.inst_values_num_0 32 pure>)
+540: setfield_gc(p41, p25, descr=<FieldP rpyeffect.stored_environment.CoData__1_2.inst_values_ptr_0 40 pure>)
+544: p43 = new_with_vtable(descr=<SizeDescr 8>)
+556: setfield_gc(p41, p43, descr=<FieldP rpyeffect.stored_environment.CoData__1_2.inst_values_ptr_1 48 pure>)
+560: setfield_gc(p36, p41, descr=<FieldP rpyeffect.stored_environment.Stack__3_1.inst_values_ptr_0 64 pure>)
+564: setfield_gc(p35, p36, descr=<FieldP rpyeffect.stack.MetaStackLike.inst_stack 8 pure>)
+568: setfield_gc(p35, p43, descr=<FieldP rpyeffect.stack.MetaStack.inst_label 16 pure>)
+572: setfield_gc(p35, ConstPtr(null), descr=<FieldP rpyeffect.stack.MetaStack.inst_region 24 pure>)
+580: setfield_gc(p35, ConstPtr(null), descr=<FieldP rpyeffect.stack.MetaStack.inst_tail 32 pure>)
+588: p46 = new_with_vtable(descr=<SizeDescr 40>)
+600: p47 = new_with_vtable(descr=<SizeDescr 40>)
+612: setfield_gc(p47, p14, descr=<FieldP rpyeffect.stack.MetaStackLike.inst_stack 8 pure>)
+620: setfield_gc(p47, p13, descr=<FieldP rpyeffect.stack.MetaStack.inst_label 16 pure>)
+628: setfield_gc(p47, ConstPtr(null), descr=<FieldP rpyeffect.stack.MetaStack.inst_region 24 pure>)
+636: setfield_gc(p47, p12, descr=<FieldP rpyeffect.stack.MetaStack.inst_tail 32 pure>)
+644: p49 = new_with_vtable(descr=<SizeDescr 40>)
+656: setfield_gc(p46, p11, descr=<FieldP rpyeffect.stack.MetaStackLike.inst_stack 8 pure>)
+664: setfield_gc(p46, p10, descr=<FieldP rpyeffect.stack.MetaStack.inst_label 16 pure>)
+672: p50 = new_with_vtable(descr=<SizeDescr 24>)
+692: setfield_gc(p50, ConstPtr(ptr51), descr=<FieldP rpyeffect.region.Region.inst_boxes 8 pure>)
+700: setfield_gc(p50, ConstPtr(ptr52), descr=<FieldP rpyeffect.region.Region.inst_refs 16>)
+704: setfield_gc(p46, ConstPtr(null), descr=<FieldP rpyeffect.stack.MetaStack.inst_region 24 pure>)
+712: setfield_gc(p46, p47, descr=<FieldP rpyeffect.stack.MetaStack.inst_tail 32 pure>)
+716: setfield_gc(p49, p50, descr=<FieldP rpyeffect.stack.MetaStack.inst_region 24 pure>)
+720: setfield_gc(p49, p37, descr=<FieldP rpyeffect.stack.MetaStackLike.inst_stack 8 pure>)
+724: setfield_gc(p49, ConstPtr(null), descr=<FieldP rpyeffect.stack.MetaStack.inst_tail 32 pure>)
+732: setfield_gc(p49, p43, descr=<FieldP rpyeffect.stack.MetaStack.inst_label 16 pure>)
+736: setfield_gc(p34, 40, descr=<FieldS rpyeffect.stored_environment.Stack__arb_arb.inst_target 16 pure>)
+744: setfield_gc(p34, p26, descr=<FieldP rpyeffect.stored_environment.Stack__arb_arb.inst_tail 8 pure>)
+748: setfield_gc(p34, i29, descr=<FieldS rpyeffect.stored_environment.Stack__1_2.inst_values_num_0 40 pure>)
+752: setfield_gc(p34, p25, descr=<FieldP rpyeffect.stored_environment.Stack__1_2.inst_values_ptr_0 48 pure>)
+756: setfield_gc(p34, p35, descr=<FieldP rpyeffect.stored_environment.Stack__1_2.inst_values_ptr_1 56 pure>)
+824: jump(p19, p34, p0, p46, ConstPtr(null), i29, i23, 0, i24, p25, p35, p49, p50, p9, descr=TargetToken(4970187296))
+964: --end of the loop--
[d1d25b] jit-log-opt-bridge}
[b3228c69] {jit-log-opt-loop
# Loop 10 (35<main.rpyeffect:35([return_clause@[k@[then#45]#47]#56])>+0: {"op": "Return", "args": {"num": [0], "ptr": []}}) : loop with 39 ops
[p0, p1, p2, p3, p4]
+248: p5 = getfield_gc_r(p2, descr=<FieldP rpyeffect.environment.Environment.inst_values_num 16>)
+256: i7 = getarrayitem_gc_i(p5, 0, descr=<ArrayS 8>)
+260: i9 = getarrayitem_gc_i(p5, 1, descr=<ArrayS 8>)
+264: i11 = getarrayitem_gc_i(p5, 2, descr=<ArrayS 8>)
+268: i13 = getarrayitem_gc_i(p5, 3, descr=<ArrayS 8>)
+272: p14 = getfield_gc_r(p2, descr=<FieldP rpyeffect.environment.Environment.inst_values_ptr 24>)
+276: p16 = getarrayitem_gc_r(p14, 0, descr=<ArrayP 8>)
+280: p18 = getarrayitem_gc_r(p14, 1, descr=<ArrayP 8>)
+284: p20 = getarrayitem_gc_r(p14, 2, descr=<ArrayP 8>)
+288: p22 = getarrayitem_gc_r(p14, 3, descr=<ArrayP 8>)
+292: p24 = getarrayitem_gc_r(p14, 4, descr=<ArrayP 8>)
+296: label(p0, p1, p2, p3, p4, i7, i9, i11, i13, p16, p18, p20, p22, p24, descr=TargetToken(4970186336))
debug_merge_point(0, 0, '35<main.rpyeffect:35([return_clause@[k@[then#45]#47]#56])>+0: {"op": "Return". "args": {"num": [0]. "ptr": []}}')
+332: guard_not_invalidated(descr=<Guard0x1283f25f8>) [p2, i7, i9, i11, i13, p16, p18, p20, p22, p24, p0, p1, p3, p4]
+336: guard_isnull(p1, descr=<Guard0x1283e0fa0>) [p2, i7, i9, i11, i13, p16, p18, p20, p22, p24, p0, p1, p3, p4]
+348: guard_nonnull_class(p3, 4306333376, descr=<Guard0x1283f2650>) [p2, i7, i9, i11, i13, p16, p18, p20, p22, p24, p0, p1, p3, p4]
+376: p26 = getfield_gc_r(p3, descr=<FieldP rpyeffect.stack.MetaStackLike.inst_stack 8 pure>)
+380: p27 = getfield_gc_r(p3, descr=<FieldP rpyeffect.stack.MetaStack.inst_label 16 pure>)
+384: p28 = getfield_gc_r(p3, descr=<FieldP rpyeffect.stack.MetaStack.inst_tail 32 pure>)
+388: guard_nonnull_class(p26, ConstClass(Stack__0_0), descr=<Guard0x1283f2de0>) [p2, i7, i9, i11, i13, p16, p18, p20, p22, p24, p0, p1, p3, p4]
+412: i30 = getfield_gc_i(p26, descr=<FieldS rpyeffect.stored_environment.Stack__arb_arb.inst_target 16 pure>)
+416: guard_value(i30, 35, descr=<Guard0x1283e1060>) [p2, i7, i9, i11, i13, p16, p18, p20, p22, p24, p0, p1, p3, p4]
+428: p32 = getfield_gc_r(p26, descr=<FieldP rpyeffect.stored_environment.Stack__arb_arb.inst_tail 8 pure>)
+432: guard_isnull(p32, descr=<Guard0x1283e10a0>) [p2, i7, i9, i11, i13, p16, p18, p20, p22, p24, p0, p1, p3, p4]
debug_merge_point(0, 0, '35<main.rpyeffect:35([return_clause@[k@[then#45]#47]#56])>+0: {"op": "Return". "args": {"num": [0]. "ptr": []}}')
+440: label(p27, p2, p28, i7, i9, i11, i13, p16, p18, p20, p22, p24, descr=TargetToken(4970186416))
debug_merge_point(0, 0, '35<main.rpyeffect:35([return_clause@[k@[then#45]#47]#56])>+0: {"op": "Return". "args": {"num": [0]. "ptr": []}}')
+444: guard_not_invalidated(descr=<Guard0x1283f2e38>) [p2, i7, i9, i11, i13, p16, p18, p20, p22, p24, p27, p28]
+448: guard_nonnull_class(p28, 4306333376, descr=<Guard0x1283f3048>) [p2, i7, i9, i11, i13, p16, p18, p20, p22, p24, p27, p28]
+472: p34 = getfield_gc_r(p28, descr=<FieldP rpyeffect.stack.MetaStackLike.inst_stack 8 pure>)
+476: p35 = getfield_gc_r(p28, descr=<FieldP rpyeffect.stack.MetaStack.inst_label 16 pure>)
+480: p36 = getfield_gc_r(p28, descr=<FieldP rpyeffect.stack.MetaStack.inst_tail 32 pure>)
+484: guard_nonnull_class(p34, ConstClass(Stack__0_0), descr=<Guard0x1283f3150>) [p2, i7, i9, i11, i13, p16, p18, p20, p22, p24, p27, p28]
+508: i38 = getfield_gc_i(p34, descr=<FieldS rpyeffect.stored_environment.Stack__arb_arb.inst_target 16 pure>)
+512: guard_value(i38, 35, descr=<Guard0x1283e10e0>) [p2, i7, i9, i11, i13, p16, p18, p20, p22, p24, p27, p28]
+524: p40 = getfield_gc_r(p34, descr=<FieldP rpyeffect.stored_environment.Stack__arb_arb.inst_tail 8 pure>)
+528: guard_isnull(p40, descr=<Guard0x1283e1120>) [p2, i7, i9, i11, i13, p16, p18, p20, p22, p24, p27, p28]
debug_merge_point(0, 0, '35<main.rpyeffect:35([return_clause@[k@[then#45]#47]#56])>+0: {"op": "Return". "args": {"num": [0]. "ptr": []}}')
+536: jump(p35, p2, p36, i7, i9, i11, i13, p16, p18, p20, p22, p24, descr=TargetToken(4970186416))
+548: --end of the loop--
[b323db89] jit-log-opt-loop}
[b324694c] {jit-summary
Tracing:      	10	0.005642
Backend:      	10	0.001627
TOTAL:      		3.004736
ops:             	6474
heapcached ops:  	1000
recorded ops:    	1315
  calls:         	206
guards:          	301
opt ops:         	602
opt guards:      	146
opt guards shared:	115
forcings:        	0
abort: trace too long:	0
abort: compiling:	0
abort: vable escape:	0
abort: bad loop: 	0
abort: force quasi-immut:	0
abort: segmenting trace:	0
virtualizables forced:	0
nvirtuals:       	17
nvholes:         	0
nvreused:        	2
vecopt tried:    	0
vecopt success:  	0
Total # of loops:	5
Total # of bridges:	5
Freed # of loops:	0
Freed # of bridges:	0
[b3248fb6] jit-summary}
