[53b298] {jit-log-opt-loop
# Loop 1 (40<main.rpyeffect:40(Name(parse2642))>+1: {"op": "Jump", "target": 30}) : loop with 181 ops
[p0, p1, p2, p3, p4]
+312: p5 = getfield_gc_r(p2, descr=<FieldP rpyeffect.environment.Environment.inst_values_num 16>)
+320: i7 = getarrayitem_gc_i(p5, 0, descr=<ArrayS 8>)
+324: i9 = getarrayitem_gc_i(p5, 1, descr=<ArrayS 8>)
+328: i11 = getarrayitem_gc_i(p5, 2, descr=<ArrayS 8>)
+332: i13 = getarrayitem_gc_i(p5, 3, descr=<ArrayS 8>)
+336: p14 = getfield_gc_r(p2, descr=<FieldP rpyeffect.environment.Environment.inst_values_ptr 24>)
+340: p16 = getarrayitem_gc_r(p14, 0, descr=<ArrayP 8>)
+344: p18 = getarrayitem_gc_r(p14, 1, descr=<ArrayP 8>)
+348: p20 = getarrayitem_gc_r(p14, 2, descr=<ArrayP 8>)
+352: p22 = getarrayitem_gc_r(p14, 3, descr=<ArrayP 8>)
+356: p24 = getarrayitem_gc_r(p14, 4, descr=<ArrayP 8>)
+360: p26 = getarrayitem_gc_r(p14, 5, descr=<ArrayP 8>)
+364: p28 = getarrayitem_gc_r(p14, 6, descr=<ArrayP 8>)
+368: label(p0, p1, p2, p3, p4, i7, i9, i11, i13, p16, p18, p20, p22, p24, p26, p28, descr=TargetToken(4970186336))
debug_merge_point(0, 0, '40<main.rpyeffect:40(Name(parse2642))>+1: {"op": "Jump". "target": 30}')
+408: guard_not_invalidated(descr=<Guard0x1283f27b0>) [p2, i7, i9, i11, i13, p16, p18, p20, p22, p24, p26, p28, p0, p1, p3, p4]
+412: guard_nonnull(p1, descr=<Guard0x1283e14a0>) [p2, i7, i9, i11, i13, p16, p18, p20, p22, p24, p26, p28, p0, p1, p3, p4]
+424: i29 = getfield_gc_i(p1, descr=<FieldS rpyeffect.stored_environment.Stack__arb_arb.inst_target 16 pure>)
+432: guard_value(i29, 39, descr=<Guard0x1283e1460>) [p2, i7, i9, i11, i13, p16, p18, p20, p22, p24, p26, p28, p0, p1, p3, p4]
debug_merge_point(0, 0, '30<main.rpyeffect:30([mcore:[#23]#40])>+0: {"op": "Invoke". "receiver": 0. "tag": Interned(%Read2653():n). "args" : {"num": []. "ptr": []}}')
+444: p31 = getfield_gc_r(p16, descr=<FieldP rpyeffect.stored_environment.CoData__arb_arb.inst_vtable 24 pure>)
+452: guard_value(p31, ConstPtr(ptr32), descr=<Guard0x1283e1420>) [p2, i7, i9, i11, i13, p16, p18, p20, p22, p24, p26, p28, p0, p1, p3, p4]
+460: i33 = getfield_gc_i(p16, descr=<FieldS rpyeffect.stored_environment.CoData__1_4.inst_values_num_0 32 pure>)
+464: p34 = getfield_gc_r(p16, descr=<FieldP rpyeffect.stored_environment.CoData__1_4.inst_values_ptr_0 40 pure>)
+464: p35 = getfield_gc_r(p16, descr=<FieldP rpyeffect.stored_environment.CoData__1_4.inst_values_ptr_1 48 pure>)
+468: p36 = getfield_gc_r(p16, descr=<FieldP rpyeffect.stored_environment.CoData__1_4.inst_values_ptr_2 56 pure>)
+472: p37 = getfield_gc_r(p16, descr=<FieldP rpyeffect.stored_environment.CoData__1_4.inst_values_ptr_3 64 pure>)
debug_merge_point(0, 0, '107<main.rpyeffect:107([#242])>+0: {"op": "Const". "type": "num". "out": 1. "value": 0}')
debug_merge_point(0, 0, '107<main.rpyeffect:107([#242])>+1: {"op": "ShiftDyn". "out": 3. "n": 1. "label": 3}')
+476: guard_isnull(p4, descr=<Guard0x1283e13e0>) [p2, i7, i9, i11, i13, p16, p18, p20, p22, p24, p26, p28, p0, p1, p3, p4]
+488: i38 = instance_ptr_eq(p0, p37)
guard_true(i38, descr=<Guard0x1283e13a0>) [p2, i7, i9, i11, i13, p16, p18, p20, p22, p24, p26, p28, p0, p1, p3, p4]
+500: guard_nonnull_class(p3, 4348391104, descr=<Guard0x1283f2808>) [p2, i7, i9, i11, i13, p16, p18, p20, p22, p24, p26, p28, p0, p1, p3, p4]
+528: p40 = getfield_gc_r(p3, descr=<FieldP rpyeffect.stack.MetaStackLike.inst_stack 8 pure>)
+532: p41 = getfield_gc_r(p3, descr=<FieldP rpyeffect.stack.MetaStack.inst_label 16 pure>)
+536: p42 = getfield_gc_r(p3, descr=<FieldP rpyeffect.stack.MetaStack.inst_tail 32 pure>)
+540: guard_nonnull(p40, descr=<Guard0x1283e1360>) [p2, i7, i9, i11, i13, p16, p18, p20, p22, p24, p26, p28, p0, p1, p3, p4]
+548: i43 = getfield_gc_i(p40, descr=<FieldS rpyeffect.stored_environment.Stack__arb_arb.inst_target 16 pure>)
+552: guard_value(i43, 96, descr=<Guard0x1283e1320>) [p2, i7, i9, i11, i13, p16, p18, p20, p22, p24, p26, p28, p0, p1, p3, p4]
debug_merge_point(0, 0, '107<main.rpyeffect:107([#242])>+2: {"op": "Load". "out": 1. "type": "num". "ref": 1}')
+564: i45 = getfield_gc_i(p35, descr=<FieldS rpyeffect.region.NumRef.inst_value 8>)
debug_merge_point(0, 0, '107<main.rpyeffect:107([#242])>+3: {"op": "Push". "target": 106. "args": {"num": []. "ptr": [0. 1. 2. 3]}}')
debug_merge_point(0, 0, '107<main.rpyeffect:107([#242])>+4: {"op": "Swap". "type": "num". "a": 0. "b". 1}')
debug_merge_point(0, 0, '107<main.rpyeffect:107([#242])>+5: {"op": "Jump". "target": 10}')
debug_merge_point(0, 0, '10<main.rpyeffect:10(Name(infixGt174))>+0: {"op": "PrimOp". "name": "infixGt(Int. Int): Boolean". "out": {"num": [0]. "ptr": []}. "in": {"num": [0. 1]. "ptr": []}}')
+568: i46 = int_gt(i45, i33)
guard_false(i46, descr=<Guard0x1283e12e0>) [p2, i7, i9, i11, i13, p16, p18, p20, p22, p24, p26, p28, p0, p1, p3, p4]
debug_merge_point(0, 0, '10<main.rpyeffect:10(Name(infixGt174))>+1: {"op": "Return". "args": {"num": [0]. "ptr": []}}')
debug_merge_point(0, 0, '106<main.rpyeffect:106([k@[#242]#250])>+0: {"op": "Swap". "type": "ptr". "a": 2. "b". 1}')
debug_merge_point(0, 0, '106<main.rpyeffect:106([k@[#242]#250])>+1: {"op": "Swap". "type": "ptr". "a": 3. "b". 1}')
debug_merge_point(0, 0, '106<main.rpyeffect:106([k@[#242]#250])>+2: {"op": "IfZero". "cond": 0. "then": {"tag": null. "target": 103. "args": {"num": []. "ptr": []}}}')
debug_merge_point(0, 0, '103<main.rpyeffect:103([then#252])>+0: {"op": "Load". "out": 0. "type": "num". "ref": 3}')
+576: i47 = getfield_gc_i(p36, descr=<FieldS rpyeffect.region.NumRef.inst_value 8>)
debug_merge_point(0, 0, '103<main.rpyeffect:103([then#252])>+1: {"op": "Const". "type": "num". "out": 1. "value": 0}')
debug_merge_point(0, 0, '103<main.rpyeffect:103([then#252])>+2: {"op": "Push". "target": 102. "args": {"num": []. "ptr": [2. 3. 1]}}')
debug_merge_point(0, 0, '103<main.rpyeffect:103([then#252])>+3: {"op": "Jump". "target": 4}')
debug_merge_point(0, 0, '4<main.rpyeffect:4(Name(infixEq71))>+0: {"op": "PrimOp". "name": "infixEq(Int. Int): Boolean". "out": {"num": [0]. "ptr": []}. "in": {"num": [0. 1]. "ptr": []}}')
+580: i49 = int_eq(i47, 0)
guard_false(i49, descr=<Guard0x1283e12a0>) [p2, i7, i9, i11, i13, p16, p18, p20, p22, p24, p26, p28, p0, p1, p3, p4]
debug_merge_point(0, 0, '4<main.rpyeffect:4(Name(infixEq71))>+1: {"op": "Return". "args": {"num": [0]. "ptr": []}}')
debug_merge_point(0, 0, '102<main.rpyeffect:102([k@[then#252]#257])>+0: {"op": "Swap". "type": "ptr". "a": 1. "b". 0}')
debug_merge_point(0, 0, '102<main.rpyeffect:102([k@[then#252]#257])>+1: {"op": "Swap". "type": "ptr". "a": 2. "b". 0}')
debug_merge_point(0, 0, '102<main.rpyeffect:102([k@[then#252]#257])>+2: {"op": "IfZero". "cond": 0. "then": {"tag": null. "target": 100. "args": {"num": []. "ptr": []}}}')
debug_merge_point(0, 0, '100<main.rpyeffect:100([then#259])>+0: {"op": "Load". "out": 0. "type": "num". "ref": 2}')
debug_merge_point(0, 0, '100<main.rpyeffect:100([then#259])>+1: {"op": "Const". "type": "num". "out": 1. "value": 1}')
debug_merge_point(0, 0, '100<main.rpyeffect:100([then#259])>+2: {"op": "Push". "target": 99. "args": {"num": []. "ptr": [2. 0]}}')
debug_merge_point(0, 0, '100<main.rpyeffect:100([then#259])>+3: {"op": "Jump". "target": 8}')
debug_merge_point(0, 0, '8<main.rpyeffect:8(Name(infixSub104))>+0: {"op": "PrimOp". "name": "infixSub(Int. Int): Int". "out": {"num": [0]. "ptr": []}. "in": {"num": [0. 1]. "ptr": []}}')
+588: i51 = int_sub(i47, 1)
debug_merge_point(0, 0, '8<main.rpyeffect:8(Name(infixSub104))>+1: {"op": "Return". "args": {"num": [0]. "ptr": []}}')
debug_merge_point(0, 0, '99<main.rpyeffect:99([k@[then#259]#264])>+0: {"op": "Store". "ref": 0. "type": "num". "value": 0}')
debug_merge_point(0, 0, '99<main.rpyeffect:99([k@[then#259]#264])>+1: {"op": "Construct". "out": 0. "type": Interned(Unit). "tag": Interned(unit). "args": {"num": []. "ptr": []}}')
debug_merge_point(0, 0, '99<main.rpyeffect:99([k@[then#259]#264])>+2: {"op": "Const". "type": "num". "out": 0. "value": 36}')
debug_merge_point(0, 0, '99<main.rpyeffect:99([k@[then#259]#264])>+3: {"op": "Copy". "type": "ptr". "from": 1. "to". 0}')
debug_merge_point(0, 0, '99<main.rpyeffect:99([k@[then#259]#264])>+4: {"op": "Jump". "target": 78}')
debug_merge_point(0, 0, '78<main.rpyeffect:78(Name(resume1215124407))>+0: {"op": "PushStack". "arg": 0}')
debug_merge_point(0, 0, '78<main.rpyeffect:78(Name(resume1215124407))>+1: {"op": "Return". "args": {"num": [0]. "ptr": []}}')
+592: i52 = getfield_gc_i(p1, descr=<FieldS rpyeffect.stored_environment.Stack__1_3.inst_values_num_0 40 pure>)
+596: p53 = getfield_gc_r(p1, descr=<FieldP rpyeffect.stored_environment.Stack__1_3.inst_values_ptr_0 48 pure>)
+600: p54 = getfield_gc_r(p1, descr=<FieldP rpyeffect.stored_environment.Stack__1_3.inst_values_ptr_1 56 pure>)
+604: p55 = getfield_gc_r(p1, descr=<FieldP rpyeffect.stored_environment.Stack__1_3.inst_values_ptr_2 64 pure>)
+608: p56 = getfield_gc_r(p1, descr=<FieldP rpyeffect.stored_environment.Stack__arb_arb.inst_tail 8 pure>)
+612: setfield_gc(p36, i51, descr=<FieldS rpyeffect.region.NumRef.inst_value 8>)
+616: guard_nonnull(p56, descr=<Guard0x1283f2758>) [p2, i52, i11, i13, p53, p54, p55, p36, p24, p26, p28, p0, p56, p42, p41, p40]
+624: i57 = getfield_gc_i(p56, descr=<FieldS rpyeffect.stored_environment.Stack__arb_arb.inst_target 16 pure>)
+628: guard_value(i57, 97, descr=<Guard0x1283e1260>) [p2, i52, i11, i13, p53, p54, p55, p36, p24, p26, p28, p0, p56, p42, p41, p40]
debug_merge_point(0, 0, '39<main.rpyeffect:39([k@Name(parse2642)#44])>+0: {"op": "Const". "type": "num". "out": 2. "value": 36}')
debug_merge_point(0, 0, '39<main.rpyeffect:39([k@Name(parse2642)#44])>+1: {"op": "Push". "target": 38. "args": {"num": [1. 0]. "ptr": [0. 1. 2]}}')
debug_merge_point(0, 0, '39<main.rpyeffect:39([k@Name(parse2642)#44])>+2: {"op": "Copy". "type": "num". "from": 2. "to". 1}')
debug_merge_point(0, 0, '39<main.rpyeffect:39([k@Name(parse2642)#44])>+3: {"op": "Jump". "target": 4}')
debug_merge_point(0, 0, '4<main.rpyeffect:4(Name(infixEq71))>+0: {"op": "PrimOp". "name": "infixEq(Int. Int): Boolean". "out": {"num": [0]. "ptr": []}. "in": {"num": [0. 1]. "ptr": []}}')
debug_merge_point(0, 0, '4<main.rpyeffect:4(Name(infixEq71))>+1: {"op": "Return". "args": {"num": [0]. "ptr": []}}')
debug_merge_point(0, 0, '38<main.rpyeffect:38([k@[k@Name(parse2642)#44]#48])>+0: {"op": "Swap". "type": "num". "a": 0. "b". 1}')
debug_merge_point(0, 0, '38<main.rpyeffect:38([k@[k@Name(parse2642)#44]#48])>+1: {"op": "Swap". "type": "num". "a": 2. "b". 1}')
debug_merge_point(0, 0, '38<main.rpyeffect:38([k@[k@Name(parse2642)#44]#48])>+2: {"op": "Swap". "type": "ptr". "a": 2. "b". 0}')
debug_merge_point(0, 0, '38<main.rpyeffect:38([k@[k@Name(parse2642)#44]#48])>+3: {"op": "IfZero". "cond": 2. "then": {"tag": null. "target": 36. "args": {"num": []. "ptr": []}}}')
debug_merge_point(0, 0, '38<main.rpyeffect:38([k@[k@Name(parse2642)#44]#48])>+4: {"op": "Const". "type": "num". "out": 1. "value": 1}')
debug_merge_point(0, 0, '38<main.rpyeffect:38([k@[k@Name(parse2642)#44]#48])>+5: {"op": "Push". "target": 37. "args": {"num": []. "ptr": [2. 1. 0]}}')
debug_merge_point(0, 0, '38<main.rpyeffect:38([k@[k@Name(parse2642)#44]#48])>+6: {"op": "Jump". "target": 6}')
debug_merge_point(0, 0, '6<main.rpyeffect:6(Name(infixAdd95))>+0: {"op": "PrimOp". "name": "infixAdd(Int. Int): Int". "out": {"num": [0]. "ptr": []}. "in": {"num": [0. 1]. "ptr": []}}')
+640: i60 = int_add(i52, 1)
debug_merge_point(0, 0, '6<main.rpyeffect:6(Name(infixAdd95))>+1: {"op": "Return". "args": {"num": [0]. "ptr": []}}')
debug_merge_point(0, 0, '37<main.rpyeffect:37([k@[k@[k@Name(parse2642)#44]#48]#62])>+0: {"op": "Swap". "type": "ptr". "a": 1. "b". 0}')
debug_merge_point(0, 0, '37<main.rpyeffect:37([k@[k@[k@Name(parse2642)#44]#48]#62])>+1: {"op": "Jump". "target": 40}')
debug_merge_point(0, 0, '40<main.rpyeffect:40(Name(parse2642))>+0: {"op": "Push". "target": 39. "args": {"num": [0]. "ptr": [1. 0. 2]}}')
debug_merge_point(0, 0, '40<main.rpyeffect:40(Name(parse2642))>+1: {"op": "Jump". "target": 30}')
+644: label(p0, p56, i60, p53, p54, p55, p2, p40, p41, p42, i13, p36, p24, p26, p28, descr=TargetToken(4970382944))
debug_merge_point(0, 0, '40<main.rpyeffect:40(Name(parse2642))>+1: {"op": "Jump". "target": 30}')
+672: guard_not_invalidated(descr=<Guard0x1283f28b8>) [p2, i60, i13, p54, p53, p55, p36, p24, p26, p28, p0, p42, p41, p40, p56]
debug_merge_point(0, 0, '30<main.rpyeffect:30([mcore:[#23]#40])>+0: {"op": "Invoke". "receiver": 0. "tag": Interned(%Read2653():n). "args" : {"num": []. "ptr": []}}')
+676: p61 = getfield_gc_r(p54, descr=<FieldP rpyeffect.stored_environment.CoData__arb_arb.inst_vtable 24 pure>)
+684: guard_value(p61, ConstPtr(ptr62), descr=<Guard0x12841e1a0>) [p2, i60, i13, p54, p53, p55, p36, p24, p26, p28, p0, p42, p41, p40, p56]
+692: i63 = getfield_gc_i(p54, descr=<FieldS rpyeffect.stored_environment.CoData__1_4.inst_values_num_0 32 pure>)
+696: p64 = getfield_gc_r(p54, descr=<FieldP rpyeffect.stored_environment.CoData__1_4.inst_values_ptr_0 40 pure>)
+696: p65 = getfield_gc_r(p54, descr=<FieldP rpyeffect.stored_environment.CoData__1_4.inst_values_ptr_1 48 pure>)
+700: p66 = getfield_gc_r(p54, descr=<FieldP rpyeffect.stored_environment.CoData__1_4.inst_values_ptr_2 56 pure>)
+704: p67 = getfield_gc_r(p54, descr=<FieldP rpyeffect.stored_environment.CoData__1_4.inst_values_ptr_3 64 pure>)
debug_merge_point(0, 0, '107<main.rpyeffect:107([#242])>+0: {"op": "Const". "type": "num". "out": 1. "value": 0}')
debug_merge_point(0, 0, '107<main.rpyeffect:107([#242])>+1: {"op": "ShiftDyn". "out": 3. "n": 1. "label": 3}')
+708: i68 = instance_ptr_eq(p0, p67)
guard_true(i68, descr=<Guard0x12841e160>) [p2, i60, i13, p54, p53, p55, p36, p24, p26, p28, p0, p42, p41, p40, p56]
debug_merge_point(0, 0, '107<main.rpyeffect:107([#242])>+2: {"op": "Load". "out": 1. "type": "num". "ref": 1}')
+716: i69 = getfield_gc_i(p65, descr=<FieldS rpyeffect.region.NumRef.inst_value 8>)
debug_merge_point(0, 0, '107<main.rpyeffect:107([#242])>+3: {"op": "Push". "target": 106. "args": {"num": []. "ptr": [0. 1. 2. 3]}}')
debug_merge_point(0, 0, '107<main.rpyeffect:107([#242])>+4: {"op": "Swap". "type": "num". "a": 0. "b". 1}')
debug_merge_point(0, 0, '107<main.rpyeffect:107([#242])>+5: {"op": "Jump". "target": 10}')
debug_merge_point(0, 0, '10<main.rpyeffect:10(Name(infixGt174))>+0: {"op": "PrimOp". "name": "infixGt(Int. Int): Boolean". "out": {"num": [0]. "ptr": []}. "in": {"num": [0. 1]. "ptr": []}}')
+720: i70 = int_gt(i69, i63)
guard_false(i70, descr=<Guard0x12841e120>) [p2, i60, i13, p54, p53, p55, p36, p24, p26, p28, p0, p42, p41, p40, p56]
debug_merge_point(0, 0, '10<main.rpyeffect:10(Name(infixGt174))>+1: {"op": "Return". "args": {"num": [0]. "ptr": []}}')
debug_merge_point(0, 0, '106<main.rpyeffect:106([k@[#242]#250])>+0: {"op": "Swap". "type": "ptr". "a": 2. "b". 1}')
debug_merge_point(0, 0, '106<main.rpyeffect:106([k@[#242]#250])>+1: {"op": "Swap". "type": "ptr". "a": 3. "b". 1}')
debug_merge_point(0, 0, '106<main.rpyeffect:106([k@[#242]#250])>+2: {"op": "IfZero". "cond": 0. "then": {"tag": null. "target": 103. "args": {"num": []. "ptr": []}}}')
debug_merge_point(0, 0, '103<main.rpyeffect:103([then#252])>+0: {"op": "Load". "out": 0. "type": "num". "ref": 3}')
+728: i71 = getfield_gc_i(p66, descr=<FieldS rpyeffect.region.NumRef.inst_value 8>)
debug_merge_point(0, 0, '103<main.rpyeffect:103([then#252])>+1: {"op": "Const". "type": "num". "out": 1. "value": 0}')
debug_merge_point(0, 0, '103<main.rpyeffect:103([then#252])>+2: {"op": "Push". "target": 102. "args": {"num": []. "ptr": [2. 3. 1]}}')
debug_merge_point(0, 0, '103<main.rpyeffect:103([then#252])>+3: {"op": "Jump". "target": 4}')
debug_merge_point(0, 0, '4<main.rpyeffect:4(Name(infixEq71))>+0: {"op": "PrimOp". "name": "infixEq(Int. Int): Boolean". "out": {"num": [0]. "ptr": []}. "in": {"num": [0. 1]. "ptr": []}}')
+732: i73 = int_eq(i71, 0)
guard_false(i73, descr=<Guard0x12841e0e0>) [p2, i60, i13, p54, p53, p55, p36, p24, p26, p28, p0, p42, p41, p40, p56]
debug_merge_point(0, 0, '4<main.rpyeffect:4(Name(infixEq71))>+1: {"op": "Return". "args": {"num": [0]. "ptr": []}}')
debug_merge_point(0, 0, '102<main.rpyeffect:102([k@[then#252]#257])>+0: {"op": "Swap". "type": "ptr". "a": 1. "b". 0}')
debug_merge_point(0, 0, '102<main.rpyeffect:102([k@[then#252]#257])>+1: {"op": "Swap". "type": "ptr". "a": 2. "b". 0}')
debug_merge_point(0, 0, '102<main.rpyeffect:102([k@[then#252]#257])>+2: {"op": "IfZero". "cond": 0. "then": {"tag": null. "target": 100. "args": {"num": []. "ptr": []}}}')
debug_merge_point(0, 0, '100<main.rpyeffect:100([then#259])>+0: {"op": "Load". "out": 0. "type": "num". "ref": 2}')
debug_merge_point(0, 0, '100<main.rpyeffect:100([then#259])>+1: {"op": "Const". "type": "num". "out": 1. "value": 1}')
debug_merge_point(0, 0, '100<main.rpyeffect:100([then#259])>+2: {"op": "Push". "target": 99. "args": {"num": []. "ptr": [2. 0]}}')
debug_merge_point(0, 0, '100<main.rpyeffect:100([then#259])>+3: {"op": "Jump". "target": 8}')
debug_merge_point(0, 0, '8<main.rpyeffect:8(Name(infixSub104))>+0: {"op": "PrimOp". "name": "infixSub(Int. Int): Int". "out": {"num": [0]. "ptr": []}. "in": {"num": [0. 1]. "ptr": []}}')
+740: i75 = int_sub(i71, 1)
debug_merge_point(0, 0, '8<main.rpyeffect:8(Name(infixSub104))>+1: {"op": "Return". "args": {"num": [0]. "ptr": []}}')
debug_merge_point(0, 0, '99<main.rpyeffect:99([k@[then#259]#264])>+0: {"op": "Store". "ref": 0. "type": "num". "value": 0}')
debug_merge_point(0, 0, '99<main.rpyeffect:99([k@[then#259]#264])>+1: {"op": "Construct". "out": 0. "type": Interned(Unit). "tag": Interned(unit). "args": {"num": []. "ptr": []}}')
debug_merge_point(0, 0, '99<main.rpyeffect:99([k@[then#259]#264])>+2: {"op": "Const". "type": "num". "out": 0. "value": 36}')
debug_merge_point(0, 0, '99<main.rpyeffect:99([k@[then#259]#264])>+3: {"op": "Copy". "type": "ptr". "from": 1. "to". 0}')
debug_merge_point(0, 0, '99<main.rpyeffect:99([k@[then#259]#264])>+4: {"op": "Jump". "target": 78}')
debug_merge_point(0, 0, '78<main.rpyeffect:78(Name(resume1215124407))>+0: {"op": "PushStack". "arg": 0}')
debug_merge_point(0, 0, '78<main.rpyeffect:78(Name(resume1215124407))>+1: {"op": "Return". "args": {"num": [0]. "ptr": []}}')
debug_merge_point(0, 0, '39<main.rpyeffect:39([k@Name(parse2642)#44])>+0: {"op": "Const". "type": "num". "out": 2. "value": 36}')
debug_merge_point(0, 0, '39<main.rpyeffect:39([k@Name(parse2642)#44])>+1: {"op": "Push". "target": 38. "args": {"num": [1. 0]. "ptr": [0. 1. 2]}}')
debug_merge_point(0, 0, '39<main.rpyeffect:39([k@Name(parse2642)#44])>+2: {"op": "Copy". "type": "num". "from": 2. "to". 1}')
debug_merge_point(0, 0, '39<main.rpyeffect:39([k@Name(parse2642)#44])>+3: {"op": "Jump". "target": 4}')
debug_merge_point(0, 0, '4<main.rpyeffect:4(Name(infixEq71))>+0: {"op": "PrimOp". "name": "infixEq(Int. Int): Boolean". "out": {"num": [0]. "ptr": []}. "in": {"num": [0. 1]. "ptr": []}}')
debug_merge_point(0, 0, '4<main.rpyeffect:4(Name(infixEq71))>+1: {"op": "Return". "args": {"num": [0]. "ptr": []}}')
debug_merge_point(0, 0, '38<main.rpyeffect:38([k@[k@Name(parse2642)#44]#48])>+0: {"op": "Swap". "type": "num". "a": 0. "b". 1}')
debug_merge_point(0, 0, '38<main.rpyeffect:38([k@[k@Name(parse2642)#44]#48])>+1: {"op": "Swap". "type": "num". "a": 2. "b". 1}')
debug_merge_point(0, 0, '38<main.rpyeffect:38([k@[k@Name(parse2642)#44]#48])>+2: {"op": "Swap". "type": "ptr". "a": 2. "b". 0}')
debug_merge_point(0, 0, '38<main.rpyeffect:38([k@[k@Name(parse2642)#44]#48])>+3: {"op": "IfZero". "cond": 2. "then": {"tag": null. "target": 36. "args": {"num": []. "ptr": []}}}')
debug_merge_point(0, 0, '38<main.rpyeffect:38([k@[k@Name(parse2642)#44]#48])>+4: {"op": "Const". "type": "num". "out": 1. "value": 1}')
debug_merge_point(0, 0, '38<main.rpyeffect:38([k@[k@Name(parse2642)#44]#48])>+5: {"op": "Push". "target": 37. "args": {"num": []. "ptr": [2. 1. 0]}}')
debug_merge_point(0, 0, '38<main.rpyeffect:38([k@[k@Name(parse2642)#44]#48])>+6: {"op": "Jump". "target": 6}')
debug_merge_point(0, 0, '6<main.rpyeffect:6(Name(infixAdd95))>+0: {"op": "PrimOp". "name": "infixAdd(Int. Int): Int". "out": {"num": [0]. "ptr": []}. "in": {"num": [0. 1]. "ptr": []}}')
+744: i77 = int_add(i60, 1)
debug_merge_point(0, 0, '6<main.rpyeffect:6(Name(infixAdd95))>+1: {"op": "Return". "args": {"num": [0]. "ptr": []}}')
debug_merge_point(0, 0, '37<main.rpyeffect:37([k@[k@[k@Name(parse2642)#44]#48]#62])>+0: {"op": "Swap". "type": "ptr". "a": 1. "b". 0}')
debug_merge_point(0, 0, '37<main.rpyeffect:37([k@[k@[k@Name(parse2642)#44]#48]#62])>+1: {"op": "Jump". "target": 40}')
debug_merge_point(0, 0, '40<main.rpyeffect:40(Name(parse2642))>+0: {"op": "Push". "target": 39. "args": {"num": [0]. "ptr": [1. 0. 2]}}')
debug_merge_point(0, 0, '40<main.rpyeffect:40(Name(parse2642))>+1: {"op": "Jump". "target": 30}')
+748: setfield_gc(p66, i75, descr=<FieldS rpyeffect.region.NumRef.inst_value 8>)
+752: jump(p0, p56, i77, p53, p54, p55, p2, p40, p41, p42, i13, p66, p24, p26, p28, descr=TargetToken(4970382944))
+760: --end of the loop--
[5649ae] jit-log-opt-loop}
[62136c] {jit-log-opt-loop
# Loop 2 (107<main.rpyeffect:107([#242])>+4: {"op": "Swap", "type": "num", "a": 0, "b", 1}) : entry bridge with 205 ops
[p0, p1, p2, p3, p4]
+408: p5 = getfield_gc_r(p2, descr=<FieldP rpyeffect.environment.Environment.inst_values_num 16>)
+416: i7 = getarrayitem_gc_i(p5, 0, descr=<ArrayS 8>)
+420: i9 = getarrayitem_gc_i(p5, 1, descr=<ArrayS 8>)
+424: i11 = getarrayitem_gc_i(p5, 2, descr=<ArrayS 8>)
+428: i13 = getarrayitem_gc_i(p5, 3, descr=<ArrayS 8>)
+432: p14 = getfield_gc_r(p2, descr=<FieldP rpyeffect.environment.Environment.inst_values_ptr 24>)
+436: p16 = getarrayitem_gc_r(p14, 0, descr=<ArrayP 8>)
+440: p18 = getarrayitem_gc_r(p14, 1, descr=<ArrayP 8>)
+444: p20 = getarrayitem_gc_r(p14, 2, descr=<ArrayP 8>)
+448: p22 = getarrayitem_gc_r(p14, 3, descr=<ArrayP 8>)
+452: p24 = getarrayitem_gc_r(p14, 4, descr=<ArrayP 8>)
+456: p26 = getarrayitem_gc_r(p14, 5, descr=<ArrayP 8>)
+460: p28 = getarrayitem_gc_r(p14, 6, descr=<ArrayP 8>)
debug_merge_point(0, 0, '107<main.rpyeffect:107([#242])>+4: {"op": "Swap". "type": "num". "a": 0. "b". 1}')
+464: guard_not_invalidated(descr=<Guard0x1283f29c0>) [p2, i7, i9, i11, i13, p16, p18, p20, p22, p24, p26, p28, p0, p1, p3, p4]
debug_merge_point(0, 0, '107<main.rpyeffect:107([#242])>+5: {"op": "Jump". "target": 10}')
+468: guard_nonnull(p1, descr=<Guard0x12841e1e0>) [p2, i7, i9, i11, i13, p16, p18, p20, p22, p24, p26, p28, p0, p1, p3, p4]
+480: i29 = getfield_gc_i(p1, descr=<FieldS rpyeffect.stored_environment.Stack__arb_arb.inst_target 16 pure>)
+488: guard_value(i29, 106, descr=<Guard0x12841e220>) [p2, i7, i9, i11, i13, p16, p18, p20, p22, p24, p26, p28, p0, p1, p3, p4]
debug_merge_point(0, 0, '10<main.rpyeffect:10(Name(infixGt174))>+0: {"op": "PrimOp". "name": "infixGt(Int. Int): Boolean". "out": {"num": [0]. "ptr": []}. "in": {"num": [0. 1]. "ptr": []}}')
+500: i31 = int_gt(i9, i7)
guard_false(i31, descr=<Guard0x12841e260>) [p2, i7, i9, i11, i13, p16, p18, p20, p22, p24, p26, p28, p0, p1, p3, p4]
debug_merge_point(0, 0, '10<main.rpyeffect:10(Name(infixGt174))>+1: {"op": "Return". "args": {"num": [0]. "ptr": []}}')
+508: p32 = getfield_gc_r(p1, descr=<FieldP rpyeffect.stored_environment.Stack__0_4.inst_values_ptr_0 40 pure>)
+508: p33 = getfield_gc_r(p1, descr=<FieldP rpyeffect.stored_environment.Stack__0_4.inst_values_ptr_1 48 pure>)
+512: p34 = getfield_gc_r(p1, descr=<FieldP rpyeffect.stored_environment.Stack__0_4.inst_values_ptr_2 56 pure>)
+516: p35 = getfield_gc_r(p1, descr=<FieldP rpyeffect.stored_environment.Stack__0_4.inst_values_ptr_3 64 pure>)
+520: p36 = getfield_gc_r(p1, descr=<FieldP rpyeffect.stored_environment.Stack__arb_arb.inst_tail 8 pure>)
debug_merge_point(0, 0, '106<main.rpyeffect:106([k@[#242]#250])>+0: {"op": "Swap". "type": "ptr". "a": 2. "b". 1}')
debug_merge_point(0, 0, '106<main.rpyeffect:106([k@[#242]#250])>+1: {"op": "Swap". "type": "ptr". "a": 3. "b". 1}')
debug_merge_point(0, 0, '106<main.rpyeffect:106([k@[#242]#250])>+2: {"op": "IfZero". "cond": 0. "then": {"tag": null. "target": 103. "args": {"num": []. "ptr": []}}}')
+524: guard_nonnull(p36, descr=<Guard0x12841e2a0>) [p2, i7, i9, i11, i13, p16, p18, p20, p22, p24, p26, p28, p0, p1, p3, p4]
+532: i37 = getfield_gc_i(p36, descr=<FieldS rpyeffect.stored_environment.Stack__arb_arb.inst_target 16 pure>)
+540: guard_value(i37, 96, descr=<Guard0x12841e2e0>) [p2, i7, i9, i11, i13, p16, p18, p20, p22, p24, p26, p28, p0, p1, p3, p4]
debug_merge_point(0, 0, '103<main.rpyeffect:103([then#252])>+0: {"op": "Load". "out": 0. "type": "num". "ref": 3}')
+552: i39 = getfield_gc_i(p34, descr=<FieldS rpyeffect.region.NumRef.inst_value 8>)
debug_merge_point(0, 0, '103<main.rpyeffect:103([then#252])>+1: {"op": "Const". "type": "num". "out": 1. "value": 0}')
debug_merge_point(0, 0, '103<main.rpyeffect:103([then#252])>+2: {"op": "Push". "target": 102. "args": {"num": []. "ptr": [2. 3. 1]}}')
debug_merge_point(0, 0, '103<main.rpyeffect:103([then#252])>+3: {"op": "Jump". "target": 4}')
debug_merge_point(0, 0, '4<main.rpyeffect:4(Name(infixEq71))>+0: {"op": "PrimOp". "name": "infixEq(Int. Int): Boolean". "out": {"num": [0]. "ptr": []}. "in": {"num": [0. 1]. "ptr": []}}')
+556: i41 = int_eq(i39, 0)
guard_true(i41, descr=<Guard0x12841e320>) [p2, i7, i9, i11, i13, p16, p18, p20, p22, p24, p26, p28, p0, p1, p3, p4]
debug_merge_point(0, 0, '4<main.rpyeffect:4(Name(infixEq71))>+1: {"op": "Return". "args": {"num": [0]. "ptr": []}}')
debug_merge_point(0, 0, '102<main.rpyeffect:102([k@[then#252]#257])>+0: {"op": "Swap". "type": "ptr". "a": 1. "b". 0}')
debug_merge_point(0, 0, '102<main.rpyeffect:102([k@[then#252]#257])>+1: {"op": "Swap". "type": "ptr". "a": 2. "b". 0}')
debug_merge_point(0, 0, '102<main.rpyeffect:102([k@[then#252]#257])>+2: {"op": "IfZero". "cond": 0. "then": {"tag": null. "target": 100. "args": {"num": []. "ptr": []}}}')
debug_merge_point(0, 0, '102<main.rpyeffect:102([k@[then#252]#257])>+3: {"op": "Load". "out": 0. "type": "num". "ref": 1}')
+564: i42 = getfield_gc_i(p33, descr=<FieldS rpyeffect.region.NumRef.inst_value 8>)
debug_merge_point(0, 0, '102<main.rpyeffect:102([k@[then#252]#257])>+4: {"op": "Const". "type": "num". "out": 1. "value": 1}')
debug_merge_point(0, 0, '102<main.rpyeffect:102([k@[then#252]#257])>+5: {"op": "Push". "target": 101. "args": {"num": []. "ptr": [1. 2. 0]}}')
debug_merge_point(0, 0, '102<main.rpyeffect:102([k@[then#252]#257])>+6: {"op": "Jump". "target": 6}')
debug_merge_point(0, 0, '6<main.rpyeffect:6(Name(infixAdd95))>+0: {"op": "PrimOp". "name": "infixAdd(Int. Int): Int". "out": {"num": [0]. "ptr": []}. "in": {"num": [0. 1]. "ptr": []}}')
+568: i44 = int_add(i42, 1)
debug_merge_point(0, 0, '6<main.rpyeffect:6(Name(infixAdd95))>+1: {"op": "Return". "args": {"num": [0]. "ptr": []}}')
debug_merge_point(0, 0, '101<main.rpyeffect:101([k@[k@[then#252]#257]#272])>+0: {"op": "Store". "ref": 0. "type": "num". "value": 0}')
debug_merge_point(0, 0, '101<main.rpyeffect:101([k@[k@[then#252]#257]#272])>+1: {"op": "Construct". "out": 3. "type": Interned(Unit). "tag": Interned(unit). "args": {"num": []. "ptr": []}}')
debug_merge_point(0, 0, '101<main.rpyeffect:101([k@[k@[then#252]#257]#272])>+2: {"op": "Load". "out": 0. "type": "num". "ref": 0}')
debug_merge_point(0, 0, '101<main.rpyeffect:101([k@[k@[then#252]#257]#272])>+3: {"op": "Store". "ref": 1. "type": "num". "value": 0}')
+572: setfield_gc(p33, i44, descr=<FieldS rpyeffect.region.NumRef.inst_value 8>)
debug_merge_point(0, 0, '101<main.rpyeffect:101([k@[k@[then#252]#257]#272])>+4: {"op": "Construct". "out": 0. "type": Interned(Unit). "tag": Interned(unit). "args": {"num": []. "ptr": []}}')
debug_merge_point(0, 0, '101<main.rpyeffect:101([k@[k@[then#252]#257]#272])>+5: {"op": "Const". "type": "num". "out": 0. "value": 10}')
debug_merge_point(0, 0, '101<main.rpyeffect:101([k@[k@[then#252]#257]#272])>+6: {"op": "Copy". "type": "ptr". "from": 2. "to". 0}')
debug_merge_point(0, 0, '101<main.rpyeffect:101([k@[k@[then#252]#257]#272])>+7: {"op": "Jump". "target": 78}')
debug_merge_point(0, 0, '78<main.rpyeffect:78(Name(resume1215124407))>+0: {"op": "PushStack". "arg": 0}')
+576: setfield_gc(p34, i44, descr=<FieldS rpyeffect.region.NumRef.inst_value 8>)
+580: guard_isnull(p4, descr=<Guard0x1283f2a18>) [p2, i11, i13, p35, p34, p24, p26, p28, p0, p36, p3, p4]
+592: guard_nonnull_class(p35, 4348391104, descr=<Guard0x1283f2a70>) [p2, i11, i13, p35, p34, p24, p26, p28, p0, p36, p3, p4]
+616: p46 = getfield_gc_r(p35, descr=<FieldP rpyeffect.stack.MetaStack.inst_region 24 pure>)
+620: guard_isnull(p46, descr=<Guard0x12841e360>) [p2, i11, i13, p35, p34, p24, p26, p28, p0, p36, p3, p4]
+628: p47 = getfield_gc_r(p35, descr=<FieldP rpyeffect.stack.MetaStackLike.inst_stack 8 pure>)
+632: p48 = getfield_gc_r(p35, descr=<FieldP rpyeffect.stack.MetaStack.inst_tail 32 pure>)
+636: guard_isnull(p48, descr=<Guard0x12841e3a0>) [p2, i11, i13, p35, p34, p24, p26, p28, p0, p36, p3, p4]
+644: p49 = getfield_gc_r(p35, descr=<FieldP rpyeffect.stack.MetaStack.inst_label 16 pure>)
+648: guard_nonnull(p47, descr=<Guard0x12841e3e0>) [p2, i11, i13, p35, p34, p24, p26, p28, p0, p36, p3, p4]
+656: i50 = getfield_gc_i(p47, descr=<FieldS rpyeffect.stored_environment.Stack__arb_arb.inst_target 16 pure>)
+660: guard_value(i50, 39, descr=<Guard0x12841e420>) [p2, i11, i13, p35, p34, p24, p26, p28, p0, p36, p3, p4]
debug_merge_point(0, 0, '78<main.rpyeffect:78(Name(resume1215124407))>+1: {"op": "Return". "args": {"num": [0]. "ptr": []}}')
+672: i52 = getfield_gc_i(p47, descr=<FieldS rpyeffect.stored_environment.Stack__1_3.inst_values_num_0 40 pure>)
+676: p53 = getfield_gc_r(p47, descr=<FieldP rpyeffect.stored_environment.Stack__1_3.inst_values_ptr_0 48 pure>)
+680: p54 = getfield_gc_r(p47, descr=<FieldP rpyeffect.stored_environment.Stack__1_3.inst_values_ptr_1 56 pure>)
+684: p55 = getfield_gc_r(p47, descr=<FieldP rpyeffect.stored_environment.Stack__1_3.inst_values_ptr_2 64 pure>)
+688: p56 = getfield_gc_r(p47, descr=<FieldP rpyeffect.stored_environment.Stack__arb_arb.inst_tail 8 pure>)
+692: guard_nonnull(p56, descr=<Guard0x12841e460>) [p2, i11, i13, p35, p34, p24, p26, p28, p0, p36, p3, p4]
+700: i57 = getfield_gc_i(p56, descr=<FieldS rpyeffect.stored_environment.Stack__arb_arb.inst_target 16 pure>)
+704: guard_value(i57, 97, descr=<Guard0x12841e4a0>) [p2, i11, i13, p35, p34, p24, p26, p28, p0, p36, p3, p4]
debug_merge_point(0, 0, '39<main.rpyeffect:39([k@Name(parse2642)#44])>+0: {"op": "Const". "type": "num". "out": 2. "value": 36}')
debug_merge_point(0, 0, '39<main.rpyeffect:39([k@Name(parse2642)#44])>+1: {"op": "Push". "target": 38. "args": {"num": [1. 0]. "ptr": [0. 1. 2]}}')
debug_merge_point(0, 0, '39<main.rpyeffect:39([k@Name(parse2642)#44])>+2: {"op": "Copy". "type": "num". "from": 2. "to". 1}')
debug_merge_point(0, 0, '39<main.rpyeffect:39([k@Name(parse2642)#44])>+3: {"op": "Jump". "target": 4}')
debug_merge_point(0, 0, '4<main.rpyeffect:4(Name(infixEq71))>+0: {"op": "PrimOp". "name": "infixEq(Int. Int): Boolean". "out": {"num": [0]. "ptr": []}. "in": {"num": [0. 1]. "ptr": []}}')
debug_merge_point(0, 0, '4<main.rpyeffect:4(Name(infixEq71))>+1: {"op": "Return". "args": {"num": [0]. "ptr": []}}')
debug_merge_point(0, 0, '38<main.rpyeffect:38([k@[k@Name(parse2642)#44]#48])>+0: {"op": "Swap". "type": "num". "a": 0. "b". 1}')
debug_merge_point(0, 0, '38<main.rpyeffect:38([k@[k@Name(parse2642)#44]#48])>+1: {"op": "Swap". "type": "num". "a": 2. "b". 1}')
debug_merge_point(0, 0, '38<main.rpyeffect:38([k@[k@Name(parse2642)#44]#48])>+2: {"op": "Swap". "type": "ptr". "a": 2. "b". 0}')
debug_merge_point(0, 0, '38<main.rpyeffect:38([k@[k@Name(parse2642)#44]#48])>+3: {"op": "IfZero". "cond": 2. "then": {"tag": null. "target": 36. "args": {"num": []. "ptr": []}}}')
debug_merge_point(0, 0, '36<main.rpyeffect:36([then#49])>+0: {"op": "Const". "type": "num". "out": 2. "value": 10}')
debug_merge_point(0, 0, '36<main.rpyeffect:36([then#49])>+1: {"op": "Push". "target": 35. "args": {"num": [0]. "ptr": [2. 1. 0]}}')
debug_merge_point(0, 0, '36<main.rpyeffect:36([then#49])>+2: {"op": "Copy". "type": "num". "from": 1. "to". 0}')
debug_merge_point(0, 0, '36<main.rpyeffect:36([then#49])>+3: {"op": "Copy". "type": "num". "from": 2. "to". 1}')
debug_merge_point(0, 0, '36<main.rpyeffect:36([then#49])>+4: {"op": "Jump". "target": 4}')
debug_merge_point(0, 0, '4<main.rpyeffect:4(Name(infixEq71))>+0: {"op": "PrimOp". "name": "infixEq(Int. Int): Boolean". "out": {"num": [0]. "ptr": []}. "in": {"num": [0. 1]. "ptr": []}}')
debug_merge_point(0, 0, '4<main.rpyeffect:4(Name(infixEq71))>+1: {"op": "Return". "args": {"num": [0]. "ptr": []}}')
debug_merge_point(0, 0, '35<main.rpyeffect:35([k@[then#49]#53])>+0: {"op": "Swap". "type": "num". "a": 0. "b". 1}')
debug_merge_point(0, 0, '35<main.rpyeffect:35([k@[then#49]#53])>+1: {"op": "Swap". "type": "ptr". "a": 1. "b". 0}')
debug_merge_point(0, 0, '35<main.rpyeffect:35([k@[then#49]#53])>+2: {"op": "Swap". "type": "ptr". "a": 2. "b". 0}')
debug_merge_point(0, 0, '35<main.rpyeffect:35([k@[then#49]#53])>+3: {"op": "IfZero". "cond": 1. "then": {"tag": null. "target": 33. "args": {"num": []. "ptr": []}}}')
debug_merge_point(0, 0, '35<main.rpyeffect:35([k@[then#49]#53])>+4: {"op": "Push". "target": 34. "args": {"num": []. "ptr": [1. 2. 0]}}')
debug_merge_point(0, 0, '35<main.rpyeffect:35([k@[then#49]#53])>+5: {"op": "Copy". "type": "ptr". "from": 1. "to". 0}')
debug_merge_point(0, 0, '35<main.rpyeffect:35([k@[then#49]#53])>+6: {"op": "Jump". "target": 32}')
debug_merge_point(0, 0, '32<main.rpyeffect:32([mcore:[#27]#42])>+0: {"op": "Invoke". "receiver": 0. "tag": Interned(%Emit2655(n):p). "args" : {"num": [0]. "ptr": []}}')
+716: p59 = getfield_gc_r(p53, descr=<FieldP rpyeffect.stored_environment.CoData__arb_arb.inst_vtable 24 pure>)
+724: guard_value(p59, ConstPtr(ptr60), descr=<Guard0x12841e4e0>) [p2, i11, i13, p35, p34, p24, p26, p28, p0, p36, p3, p4]
+732: p61 = getfield_gc_r(p53, descr=<FieldP rpyeffect.stored_environment.CoData__0_2.inst_values_ptr_0 32 pure>)
+736: p62 = getfield_gc_r(p53, descr=<FieldP rpyeffect.stored_environment.CoData__0_2.inst_values_ptr_1 40 pure>)
debug_merge_point(0, 0, '88<main.rpyeffect:88([#191])>+0: {"op": "Const". "type": "num". "out": 1. "value": 0}')
debug_merge_point(0, 0, '88<main.rpyeffect:88([#191])>+1: {"op": "ShiftDyn". "out": 1. "n": 1. "label": 1}')
+740: i63 = instance_ptr_eq(p49, p62)
guard_false(i63, descr=<Guard0x12841e520>) [p2, i11, i13, p35, p34, p24, p26, p28, p0, p36, p3, p4]
+748: i64 = instance_ptr_eq(p0, p62)
guard_false(i64, descr=<Guard0x12841e560>) [p2, i11, i13, p35, p34, p24, p26, p28, p0, p36, p3, p4]
+760: p65 = getfield_gc_r(p3, descr=<FieldP rpyeffect.stack.MetaStack.inst_region 24 pure>)
+776: guard_isnull(p65, descr=<Guard0x12841e5a0>) [p2, i11, i13, p35, p34, p24, p26, p28, p0, p36, p3, p4]
+784: p66 = getfield_gc_r(p3, descr=<FieldP rpyeffect.stack.MetaStack.inst_label 16 pure>)
+788: i67 = instance_ptr_eq(p66, p62)
guard_false(i67, descr=<Guard0x12841e5e0>) [p2, i11, i13, p35, p34, p24, p26, p28, p0, p36, p3, p4]
+796: p68 = getfield_gc_r(p3, descr=<FieldP rpyeffect.stack.MetaStack.inst_tail 32 pure>)
+804: p69 = getfield_gc_r(p68, descr=<FieldP rpyeffect.stack.MetaStack.inst_region 24 pure>)
+812: guard_isnull(p69, descr=<Guard0x12841e620>) [p2, i11, i13, p35, p34, p24, p26, p28, p0, p36, p3, p4]
+820: p70 = getfield_gc_r(p68, descr=<FieldP rpyeffect.stack.MetaStack.inst_label 16 pure>)
+824: i71 = instance_ptr_eq(p70, p62)
guard_false(i71, descr=<Guard0x12841e660>) [p2, i11, i13, p35, p34, p24, p26, p28, p0, p36, p3, p4]
+832: p72 = getfield_gc_r(p68, descr=<FieldP rpyeffect.stack.MetaStack.inst_tail 32 pure>)
+840: p73 = getfield_gc_r(p72, descr=<FieldP rpyeffect.stack.MetaStack.inst_region 24 pure>)
+848: guard_isnull(p73, descr=<Guard0x12841e6a0>) [p2, i11, i13, p35, p34, p24, p26, p28, p0, p36, p3, p4]
+856: p74 = getfield_gc_r(p72, descr=<FieldP rpyeffect.stack.MetaStack.inst_label 16 pure>)
+860: i75 = instance_ptr_eq(p74, p62)
guard_true(i75, descr=<Guard0x12841e6e0>) [p2, i11, i13, p35, p34, p24, p26, p28, p0, p36, p3, p4]
+868: p76 = getfield_gc_r(p72, descr=<FieldP rpyeffect.stack.MetaStackLike.inst_stack 8 pure>)
+872: guard_class(p72, 4348391104, descr=<Guard0x12841e720>) [p2, i11, i13, p35, p34, p24, p26, p28, p0, p36, p3, p4]
+888: p78 = getfield_gc_r(p72, descr=<FieldP rpyeffect.stack.MetaStack.inst_tail 32 pure>)
+892: p79 = getfield_gc_r(p68, descr=<FieldP rpyeffect.stack.MetaStackLike.inst_stack 8 pure>)
+900: guard_class(p68, 4348391104, descr=<Guard0x12841e760>) [p2, i11, i13, p35, p34, p24, p26, p28, p0, p36, p3, p4]
+916: p81 = getfield_gc_r(p3, descr=<FieldP rpyeffect.stack.MetaStackLike.inst_stack 8 pure>)
+920: guard_class(p3, 4348391104, descr=<Guard0x12841e7a0>) [p2, i11, i13, p35, p34, p24, p26, p28, p0, p36, p3, p4]
+936: guard_nonnull_class(p78, 4348391104, descr=<Guard0x1283f2ac8>) [p2, i11, i13, p35, p34, p24, p26, p28, p0, p36, p3, p4]
+960: p84 = getfield_gc_r(p78, descr=<FieldP rpyeffect.stack.MetaStackLike.inst_stack 8 pure>)
+964: p85 = getfield_gc_r(p78, descr=<FieldP rpyeffect.stack.MetaStack.inst_label 16 pure>)
+972: p86 = getfield_gc_r(p78, descr=<FieldP rpyeffect.stack.MetaStack.inst_tail 32 pure>)
+976: guard_nonnull(p84, descr=<Guard0x12841e7e0>) [p2, i11, i13, p35, p34, p24, p26, p28, p0, p36, p3, p4]
+984: i87 = getfield_gc_i(p84, descr=<FieldS rpyeffect.stored_environment.Stack__arb_arb.inst_target 16 pure>)
+992: guard_value(i87, 84, descr=<Guard0x12841e820>) [p2, i11, i13, p35, p34, p24, p26, p28, p0, p36, p3, p4]
debug_merge_point(0, 0, '88<main.rpyeffect:88([#191])>+2: {"op": "Load". "out": 1. "type": "num". "ref": 0}')
+1004: i89 = getfield_gc_i(p61, descr=<FieldS rpyeffect.region.NumRef.inst_value 8>)
debug_merge_point(0, 0, '88<main.rpyeffect:88([#191])>+3: {"op": "Push". "target": 87. "args": {"num": []. "ptr": [0. 1]}}')
debug_merge_point(0, 0, '88<main.rpyeffect:88([#191])>+4: {"op": "Swap". "type": "num". "a": 0. "b". 1}')
debug_merge_point(0, 0, '88<main.rpyeffect:88([#191])>+5: {"op": "Jump". "target": 6}')
debug_merge_point(0, 0, '6<main.rpyeffect:6(Name(infixAdd95))>+0: {"op": "PrimOp". "name": "infixAdd(Int. Int): Int". "out": {"num": [0]. "ptr": []}. "in": {"num": [0. 1]. "ptr": []}}')
+1008: i90 = int_add(i89, i52)
debug_merge_point(0, 0, '6<main.rpyeffect:6(Name(infixAdd95))>+1: {"op": "Return". "args": {"num": [0]. "ptr": []}}')
debug_merge_point(0, 0, '87<main.rpyeffect:87([k@[#191]#199])>+0: {"op": "Store". "ref": 0. "type": "num". "value": 0}')
debug_merge_point(0, 0, '87<main.rpyeffect:87([k@[#191]#199])>+1: {"op": "Construct". "out": 0. "type": Interned(Unit). "tag": Interned(unit). "args": {"num": []. "ptr": []}}')
debug_merge_point(0, 0, '87<main.rpyeffect:87([k@[#191]#199])>+2: {"op": "Construct". "out": 0. "type": Interned(Unit). "tag": Interned(unit). "args": {"num": []. "ptr": []}}')
debug_merge_point(0, 0, '87<main.rpyeffect:87([k@[#191]#199])>+3: {"op": "Jump". "target": 76}')
debug_merge_point(0, 0, '76<main.rpyeffect:76(Name(resume84196))>+0: {"op": "PushStack". "arg": 1}')
debug_merge_point(0, 0, '76<main.rpyeffect:76(Name(resume84196))>+1: {"op": "Return". "args": {"num": []. "ptr": [0]}}')
debug_merge_point(0, 0, '34<main.rpyeffect:34([k@[k@[then#49]#53]#56])>+0: {"op": "Const". "type": "num". "out": 0. "value": 0}')
debug_merge_point(0, 0, '34<main.rpyeffect:34([k@[k@[then#49]#53]#56])>+1: {"op": "Copy". "type": "ptr". "from": 2. "to". 0}')
debug_merge_point(0, 0, '34<main.rpyeffect:34([k@[k@[then#49]#53]#56])>+2: {"op": "Copy". "type": "ptr". "from": 3. "to". 2}')
debug_merge_point(0, 0, '34<main.rpyeffect:34([k@[k@[then#49]#53]#56])>+3: {"op": "Jump". "target": 40}')
debug_merge_point(0, 0, '40<main.rpyeffect:40(Name(parse2642))>+0: {"op": "Push". "target": 39. "args": {"num": [0]. "ptr": [1. 0. 2]}}')
debug_merge_point(0, 0, '40<main.rpyeffect:40(Name(parse2642))>+1: {"op": "Jump". "target": 30}')
+1012: setfield_gc(p61, i90, descr=<FieldS rpyeffect.region.NumRef.inst_value 8>)
+1016: p91 = new_with_vtable(descr=<SizeDescr 72>)
+1124: p92 = new_with_vtable(descr=<SizeDescr 40>)
+1136: p93 = new_with_vtable(descr=<SizeDescr 40>)
+1148: setfield_gc(p93, p81, descr=<FieldP rpyeffect.stack.MetaStackLike.inst_stack 8 pure>)
+1152: setfield_gc(p93, p66, descr=<FieldP rpyeffect.stack.MetaStack.inst_label 16 pure>)
+1156: setfield_gc(p93, ConstPtr(null), descr=<FieldP rpyeffect.stack.MetaStack.inst_region 24 pure>)
+1164: p95 = new_with_vtable(descr=<SizeDescr 40>)
+1176: setfield_gc(p95, p79, descr=<FieldP rpyeffect.stack.MetaStackLike.inst_stack 8 pure>)
+1180: setfield_gc(p95, p70, descr=<FieldP rpyeffect.stack.MetaStack.inst_label 16 pure>)
+1184: setfield_gc(p95, ConstPtr(null), descr=<FieldP rpyeffect.stack.MetaStack.inst_region 24 pure>)
+1192: p97 = new_with_vtable(descr=<SizeDescr 40>)
+1204: setfield_gc(p97, p76, descr=<FieldP rpyeffect.stack.MetaStackLike.inst_stack 8 pure>)
+1208: setfield_gc(p97, p74, descr=<FieldP rpyeffect.stack.MetaStack.inst_label 16 pure>)
+1212: setfield_gc(p97, ConstPtr(null), descr=<FieldP rpyeffect.stack.MetaStack.inst_region 24 pure>)
+1220: p99 = new_with_vtable(descr=<SizeDescr 40>)
+1232: setfield_gc(p99, p84, descr=<FieldP rpyeffect.stack.MetaStackLike.inst_stack 8 pure>)
+1236: setfield_gc(p99, p85, descr=<FieldP rpyeffect.stack.MetaStack.inst_label 16 pure>)
+1240: setfield_gc(p99, ConstPtr(null), descr=<FieldP rpyeffect.stack.MetaStack.inst_region 24 pure>)
+1248: setfield_gc(p99, p86, descr=<FieldP rpyeffect.stack.MetaStack.inst_tail 32 pure>)
+1252: setfield_gc(p97, p99, descr=<FieldP rpyeffect.stack.MetaStack.inst_tail 32 pure>)
+1256: setfield_gc(p95, p97, descr=<FieldP rpyeffect.stack.MetaStack.inst_tail 32 pure>)
+1260: setfield_gc(p93, p95, descr=<FieldP rpyeffect.stack.MetaStack.inst_tail 32 pure>)
+1264: setfield_gc(p91, 39, descr=<FieldS rpyeffect.stored_environment.Stack__arb_arb.inst_target 16 pure>)
+1272: setfield_gc(p91, p56, descr=<FieldP rpyeffect.stored_environment.Stack__arb_arb.inst_tail 8 pure>)
+1276: setfield_gc(p92, ConstPtr(null), descr=<FieldP rpyeffect.stack.MetaStack.inst_region 24 pure>)
+1284: setfield_gc(p92, p36, descr=<FieldP rpyeffect.stack.MetaStackLike.inst_stack 8 pure>)
+1292: setfield_gc(p92, p93, descr=<FieldP rpyeffect.stack.MetaStack.inst_tail 32 pure>)
+1296: setfield_gc(p92, p0, descr=<FieldP rpyeffect.stack.MetaStack.inst_label 16 pure>)
+1304: setfield_gc(p91, 0, descr=<FieldS rpyeffect.stored_environment.Stack__1_3.inst_values_num_0 40 pure>)
+1312: setfield_gc(p91, p53, descr=<FieldP rpyeffect.stored_environment.Stack__1_3.inst_values_ptr_0 48 pure>)
+1316: setfield_gc(p91, p54, descr=<FieldP rpyeffect.stored_environment.Stack__1_3.inst_values_ptr_1 56 pure>)
+1324: setfield_gc(p91, p55, descr=<FieldP rpyeffect.stored_environment.Stack__1_3.inst_values_ptr_2 64 pure>)
+1348: jump(p49, p91, p2, p92, ConstPtr(null), 0, i52, 10, i13, p54, p53, p55, p55, p24, p26, p28, descr=TargetToken(4970186336))
+1520: --end of the loop--
[642d2e] jit-log-opt-loop}
[70e43a] {jit-log-opt-bridge
# bridge out of Guard 0x12841e0e0 with 182 ops
[p0, i1, i2, p3, p4, p5, p6, p7, p8, p9, p10, p11, p12, p13, p14]
+280: guard_not_invalidated(descr=<Guard0x1283f2b20>) [p0, i1, i2, p3, p4, p5, p6, p7, p8, p9, p10, p11, p12, p13, p14]
debug_merge_point(0, 0, '30<main.rpyeffect:30([mcore:[#23]#40])>+0: {"op": "Invoke". "receiver": 0. "tag": Interned(%Read2653():n). "args" : {"num": []. "ptr": []}}')
+284: p15 = getfield_gc_r(p3, descr=<FieldP rpyeffect.stored_environment.CoData__arb_arb.inst_vtable 24 pure>)
+292: guard_value(p15, ConstPtr(ptr16), descr=<Guard0x12841e8a0>) [p0, i1, i2, p3, p4, p5, p6, p7, p8, p9, p10, p11, p12, p13, p14]
+300: i17 = getfield_gc_i(p3, descr=<FieldS rpyeffect.stored_environment.CoData__1_4.inst_values_num_0 32 pure>)
+304: p18 = getfield_gc_r(p3, descr=<FieldP rpyeffect.stored_environment.CoData__1_4.inst_values_ptr_0 40 pure>)
+304: p19 = getfield_gc_r(p3, descr=<FieldP rpyeffect.stored_environment.CoData__1_4.inst_values_ptr_1 48 pure>)
+308: p20 = getfield_gc_r(p3, descr=<FieldP rpyeffect.stored_environment.CoData__1_4.inst_values_ptr_2 56 pure>)
+312: p21 = getfield_gc_r(p3, descr=<FieldP rpyeffect.stored_environment.CoData__1_4.inst_values_ptr_3 64 pure>)
debug_merge_point(0, 0, '107<main.rpyeffect:107([#242])>+0: {"op": "Const". "type": "num". "out": 1. "value": 0}')
debug_merge_point(0, 0, '107<main.rpyeffect:107([#242])>+1: {"op": "ShiftDyn". "out": 3. "n": 1. "label": 3}')
+316: i22 = instance_ptr_eq(p10, p21)
guard_true(i22, descr=<Guard0x12841e8e0>) [p0, i1, i2, p3, p4, p5, p6, p7, p8, p9, p10, p11, p12, p13, p14]
+324: guard_nonnull(p13, descr=<Guard0x12841e920>) [p0, i1, i2, p3, p4, p5, p6, p7, p8, p9, p10, p11, p12, p13, p14]
+336: i23 = getfield_gc_i(p13, descr=<FieldS rpyeffect.stored_environment.Stack__arb_arb.inst_target 16 pure>)
+344: guard_value(i23, 96, descr=<Guard0x12841e960>) [p0, i1, i2, p3, p4, p5, p6, p7, p8, p9, p10, p11, p12, p13, p14]
debug_merge_point(0, 0, '107<main.rpyeffect:107([#242])>+2: {"op": "Load". "out": 1. "type": "num". "ref": 1}')
+356: i25 = getfield_gc_i(p19, descr=<FieldS rpyeffect.region.NumRef.inst_value 8>)
debug_merge_point(0, 0, '107<main.rpyeffect:107([#242])>+3: {"op": "Push". "target": 106. "args": {"num": []. "ptr": [0. 1. 2. 3]}}')
debug_merge_point(0, 0, '107<main.rpyeffect:107([#242])>+4: {"op": "Swap". "type": "num". "a": 0. "b". 1}')
debug_merge_point(0, 0, '107<main.rpyeffect:107([#242])>+5: {"op": "Jump". "target": 10}')
debug_merge_point(0, 0, '10<main.rpyeffect:10(Name(infixGt174))>+0: {"op": "PrimOp". "name": "infixGt(Int. Int): Boolean". "out": {"num": [0]. "ptr": []}. "in": {"num": [0. 1]. "ptr": []}}')
+360: i26 = int_gt(i25, i17)
guard_false(i26, descr=<Guard0x12841e9a0>) [p0, i1, i2, p3, p4, p5, p6, p7, p8, p9, p10, p11, p12, p13, p14]
debug_merge_point(0, 0, '10<main.rpyeffect:10(Name(infixGt174))>+1: {"op": "Return". "args": {"num": [0]. "ptr": []}}')
debug_merge_point(0, 0, '106<main.rpyeffect:106([k@[#242]#250])>+0: {"op": "Swap". "type": "ptr". "a": 2. "b". 1}')
debug_merge_point(0, 0, '106<main.rpyeffect:106([k@[#242]#250])>+1: {"op": "Swap". "type": "ptr". "a": 3. "b". 1}')
debug_merge_point(0, 0, '106<main.rpyeffect:106([k@[#242]#250])>+2: {"op": "IfZero". "cond": 0. "then": {"tag": null. "target": 103. "args": {"num": []. "ptr": []}}}')
debug_merge_point(0, 0, '103<main.rpyeffect:103([then#252])>+0: {"op": "Load". "out": 0. "type": "num". "ref": 3}')
+368: i27 = getfield_gc_i(p20, descr=<FieldS rpyeffect.region.NumRef.inst_value 8>)
debug_merge_point(0, 0, '103<main.rpyeffect:103([then#252])>+1: {"op": "Const". "type": "num". "out": 1. "value": 0}')
debug_merge_point(0, 0, '103<main.rpyeffect:103([then#252])>+2: {"op": "Push". "target": 102. "args": {"num": []. "ptr": [2. 3. 1]}}')
debug_merge_point(0, 0, '103<main.rpyeffect:103([then#252])>+3: {"op": "Jump". "target": 4}')
debug_merge_point(0, 0, '4<main.rpyeffect:4(Name(infixEq71))>+0: {"op": "PrimOp". "name": "infixEq(Int. Int): Boolean". "out": {"num": [0]. "ptr": []}. "in": {"num": [0. 1]. "ptr": []}}')
+372: i29 = int_eq(i27, 0)
guard_true(i29, descr=<Guard0x12841e9e0>) [p0, i1, i2, p3, p4, p5, p6, p7, p8, p9, p10, p11, p12, p13, p14]
debug_merge_point(0, 0, '4<main.rpyeffect:4(Name(infixEq71))>+1: {"op": "Return". "args": {"num": [0]. "ptr": []}}')
debug_merge_point(0, 0, '102<main.rpyeffect:102([k@[then#252]#257])>+0: {"op": "Swap". "type": "ptr". "a": 1. "b". 0}')
debug_merge_point(0, 0, '102<main.rpyeffect:102([k@[then#252]#257])>+1: {"op": "Swap". "type": "ptr". "a": 2. "b". 0}')
debug_merge_point(0, 0, '102<main.rpyeffect:102([k@[then#252]#257])>+2: {"op": "IfZero". "cond": 0. "then": {"tag": null. "target": 100. "args": {"num": []. "ptr": []}}}')
debug_merge_point(0, 0, '102<main.rpyeffect:102([k@[then#252]#257])>+3: {"op": "Load". "out": 0. "type": "num". "ref": 1}')
debug_merge_point(0, 0, '102<main.rpyeffect:102([k@[then#252]#257])>+4: {"op": "Const". "type": "num". "out": 1. "value": 1}')
debug_merge_point(0, 0, '102<main.rpyeffect:102([k@[then#252]#257])>+5: {"op": "Push". "target": 101. "args": {"num": []. "ptr": [1. 2. 0]}}')
debug_merge_point(0, 0, '102<main.rpyeffect:102([k@[then#252]#257])>+6: {"op": "Jump". "target": 6}')
debug_merge_point(0, 0, '6<main.rpyeffect:6(Name(infixAdd95))>+0: {"op": "PrimOp". "name": "infixAdd(Int. Int): Int". "out": {"num": [0]. "ptr": []}. "in": {"num": [0. 1]. "ptr": []}}')
+380: i31 = int_add(i25, 1)
debug_merge_point(0, 0, '6<main.rpyeffect:6(Name(infixAdd95))>+1: {"op": "Return". "args": {"num": [0]. "ptr": []}}')
debug_merge_point(0, 0, '101<main.rpyeffect:101([k@[k@[then#252]#257]#272])>+0: {"op": "Store". "ref": 0. "type": "num". "value": 0}')
debug_merge_point(0, 0, '101<main.rpyeffect:101([k@[k@[then#252]#257]#272])>+1: {"op": "Construct". "out": 3. "type": Interned(Unit). "tag": Interned(unit). "args": {"num": []. "ptr": []}}')
debug_merge_point(0, 0, '101<main.rpyeffect:101([k@[k@[then#252]#257]#272])>+2: {"op": "Load". "out": 0. "type": "num". "ref": 0}')
debug_merge_point(0, 0, '101<main.rpyeffect:101([k@[k@[then#252]#257]#272])>+3: {"op": "Store". "ref": 1. "type": "num". "value": 0}')
+384: setfield_gc(p19, i31, descr=<FieldS rpyeffect.region.NumRef.inst_value 8>)
debug_merge_point(0, 0, '101<main.rpyeffect:101([k@[k@[then#252]#257]#272])>+4: {"op": "Construct". "out": 0. "type": Interned(Unit). "tag": Interned(unit). "args": {"num": []. "ptr": []}}')
debug_merge_point(0, 0, '101<main.rpyeffect:101([k@[k@[then#252]#257]#272])>+5: {"op": "Const". "type": "num". "out": 0. "value": 10}')
debug_merge_point(0, 0, '101<main.rpyeffect:101([k@[k@[then#252]#257]#272])>+6: {"op": "Copy". "type": "ptr". "from": 2. "to". 0}')
debug_merge_point(0, 0, '101<main.rpyeffect:101([k@[k@[then#252]#257]#272])>+7: {"op": "Jump". "target": 78}')
debug_merge_point(0, 0, '78<main.rpyeffect:78(Name(resume1215124407))>+0: {"op": "PushStack". "arg": 0}')
debug_merge_point(0, 0, '78<main.rpyeffect:78(Name(resume1215124407))>+1: {"op": "Return". "args": {"num": [0]. "ptr": []}}')
+388: setfield_gc(p20, i31, descr=<FieldS rpyeffect.region.NumRef.inst_value 8>)
+392: guard_nonnull(p14, descr=<Guard0x1283f2b78>) [p0, i1, i2, p4, p3, p5, p7, p8, p9, p10, p14, p11, p12, p13, None]
+404: i33 = getfield_gc_i(p14, descr=<FieldS rpyeffect.stored_environment.Stack__arb_arb.inst_target 16 pure>)
+412: guard_value(i33, 97, descr=<Guard0x12841ea20>) [p0, i1, i2, p4, p3, p5, p7, p8, p9, p10, p14, p11, p12, p13, None]
debug_merge_point(0, 0, '39<main.rpyeffect:39([k@Name(parse2642)#44])>+0: {"op": "Const". "type": "num". "out": 2. "value": 36}')
debug_merge_point(0, 0, '39<main.rpyeffect:39([k@Name(parse2642)#44])>+1: {"op": "Push". "target": 38. "args": {"num": [1. 0]. "ptr": [0. 1. 2]}}')
debug_merge_point(0, 0, '39<main.rpyeffect:39([k@Name(parse2642)#44])>+2: {"op": "Copy". "type": "num". "from": 2. "to". 1}')
debug_merge_point(0, 0, '39<main.rpyeffect:39([k@Name(parse2642)#44])>+3: {"op": "Jump". "target": 4}')
debug_merge_point(0, 0, '4<main.rpyeffect:4(Name(infixEq71))>+0: {"op": "PrimOp". "name": "infixEq(Int. Int): Boolean". "out": {"num": [0]. "ptr": []}. "in": {"num": [0. 1]. "ptr": []}}')
debug_merge_point(0, 0, '4<main.rpyeffect:4(Name(infixEq71))>+1: {"op": "Return". "args": {"num": [0]. "ptr": []}}')
debug_merge_point(0, 0, '38<main.rpyeffect:38([k@[k@Name(parse2642)#44]#48])>+0: {"op": "Swap". "type": "num". "a": 0. "b". 1}')
debug_merge_point(0, 0, '38<main.rpyeffect:38([k@[k@Name(parse2642)#44]#48])>+1: {"op": "Swap". "type": "num". "a": 2. "b". 1}')
debug_merge_point(0, 0, '38<main.rpyeffect:38([k@[k@Name(parse2642)#44]#48])>+2: {"op": "Swap". "type": "ptr". "a": 2. "b". 0}')
debug_merge_point(0, 0, '38<main.rpyeffect:38([k@[k@Name(parse2642)#44]#48])>+3: {"op": "IfZero". "cond": 2. "then": {"tag": null. "target": 36. "args": {"num": []. "ptr": []}}}')
debug_merge_point(0, 0, '36<main.rpyeffect:36([then#49])>+0: {"op": "Const". "type": "num". "out": 2. "value": 10}')
debug_merge_point(0, 0, '36<main.rpyeffect:36([then#49])>+1: {"op": "Push". "target": 35. "args": {"num": [0]. "ptr": [2. 1. 0]}}')
debug_merge_point(0, 0, '36<main.rpyeffect:36([then#49])>+2: {"op": "Copy". "type": "num". "from": 1. "to". 0}')
debug_merge_point(0, 0, '36<main.rpyeffect:36([then#49])>+3: {"op": "Copy". "type": "num". "from": 2. "to". 1}')
debug_merge_point(0, 0, '36<main.rpyeffect:36([then#49])>+4: {"op": "Jump". "target": 4}')
debug_merge_point(0, 0, '4<main.rpyeffect:4(Name(infixEq71))>+0: {"op": "PrimOp". "name": "infixEq(Int. Int): Boolean". "out": {"num": [0]. "ptr": []}. "in": {"num": [0. 1]. "ptr": []}}')
debug_merge_point(0, 0, '4<main.rpyeffect:4(Name(infixEq71))>+1: {"op": "Return". "args": {"num": [0]. "ptr": []}}')
debug_merge_point(0, 0, '35<main.rpyeffect:35([k@[then#49]#53])>+0: {"op": "Swap". "type": "num". "a": 0. "b". 1}')
debug_merge_point(0, 0, '35<main.rpyeffect:35([k@[then#49]#53])>+1: {"op": "Swap". "type": "ptr". "a": 1. "b". 0}')
debug_merge_point(0, 0, '35<main.rpyeffect:35([k@[then#49]#53])>+2: {"op": "Swap". "type": "ptr". "a": 2. "b". 0}')
debug_merge_point(0, 0, '35<main.rpyeffect:35([k@[then#49]#53])>+3: {"op": "IfZero". "cond": 1. "then": {"tag": null. "target": 33. "args": {"num": []. "ptr": []}}}')
debug_merge_point(0, 0, '35<main.rpyeffect:35([k@[then#49]#53])>+4: {"op": "Push". "target": 34. "args": {"num": []. "ptr": [1. 2. 0]}}')
debug_merge_point(0, 0, '35<main.rpyeffect:35([k@[then#49]#53])>+5: {"op": "Copy". "type": "ptr". "from": 1. "to". 0}')
debug_merge_point(0, 0, '35<main.rpyeffect:35([k@[then#49]#53])>+6: {"op": "Jump". "target": 32}')
debug_merge_point(0, 0, '32<main.rpyeffect:32([mcore:[#27]#42])>+0: {"op": "Invoke". "receiver": 0. "tag": Interned(%Emit2655(n):p). "args" : {"num": [0]. "ptr": []}}')
+424: p35 = getfield_gc_r(p4, descr=<FieldP rpyeffect.stored_environment.CoData__arb_arb.inst_vtable 24 pure>)
+436: guard_value(p35, ConstPtr(ptr36), descr=<Guard0x12841ea60>) [p0, i1, i2, p4, p3, p5, p7, p8, p9, p10, p14, p11, p12, p13, None]
+444: p37 = getfield_gc_r(p4, descr=<FieldP rpyeffect.stored_environment.CoData__0_2.inst_values_ptr_0 32 pure>)
+448: p38 = getfield_gc_r(p4, descr=<FieldP rpyeffect.stored_environment.CoData__0_2.inst_values_ptr_1 40 pure>)
debug_merge_point(0, 0, '88<main.rpyeffect:88([#191])>+0: {"op": "Const". "type": "num". "out": 1. "value": 0}')
debug_merge_point(0, 0, '88<main.rpyeffect:88([#191])>+1: {"op": "ShiftDyn". "out": 1. "n": 1. "label": 1}')
+452: i39 = instance_ptr_eq(p10, p38)
guard_false(i39, descr=<Guard0x12841eaa0>) [p0, i1, i2, p4, p3, p5, p7, p8, p9, p10, p14, p11, p12, p13, None]
+460: i40 = instance_ptr_eq(p12, p38)
guard_false(i40, descr=<Guard0x12841eae0>) [p0, i1, i2, p4, p3, p5, p7, p8, p9, p10, p14, p11, p12, p13, None]
+472: p41 = getfield_gc_r(p11, descr=<FieldP rpyeffect.stack.MetaStack.inst_region 24 pure>)
+480: guard_isnull(p41, descr=<Guard0x12841eb20>) [p0, i1, i2, p4, p3, p5, p7, p8, p9, p10, p14, p11, p12, p13, None]
+488: p42 = getfield_gc_r(p11, descr=<FieldP rpyeffect.stack.MetaStack.inst_label 16 pure>)
+492: i43 = instance_ptr_eq(p42, p38)
guard_false(i43, descr=<Guard0x12841eb60>) [p0, i1, i2, p4, p3, p5, p7, p8, p9, p10, p14, p11, p12, p13, None]
+500: p44 = getfield_gc_r(p11, descr=<FieldP rpyeffect.stack.MetaStack.inst_tail 32 pure>)
+504: p45 = getfield_gc_r(p44, descr=<FieldP rpyeffect.stack.MetaStack.inst_region 24 pure>)
+508: guard_isnull(p45, descr=<Guard0x12841eba0>) [p0, i1, i2, p4, p3, p5, p7, p8, p9, p10, p14, p11, p12, p13, None]
+516: p46 = getfield_gc_r(p44, descr=<FieldP rpyeffect.stack.MetaStack.inst_label 16 pure>)
+520: i47 = instance_ptr_eq(p46, p38)
guard_false(i47, descr=<Guard0x12841ebe0>) [p0, i1, i2, p4, p3, p5, p7, p8, p9, p10, p14, p11, p12, p13, None]
+528: p48 = getfield_gc_r(p44, descr=<FieldP rpyeffect.stack.MetaStack.inst_tail 32 pure>)
+532: p49 = getfield_gc_r(p48, descr=<FieldP rpyeffect.stack.MetaStack.inst_region 24 pure>)
+536: guard_isnull(p49, descr=<Guard0x12841ec20>) [p0, i1, i2, p4, p3, p5, p7, p8, p9, p10, p14, p11, p12, p13, None]
+544: p50 = getfield_gc_r(p48, descr=<FieldP rpyeffect.stack.MetaStack.inst_label 16 pure>)
+548: i51 = instance_ptr_eq(p50, p38)
guard_true(i51, descr=<Guard0x12841ec60>) [p0, i1, i2, p4, p3, p5, p7, p8, p9, p10, p14, p11, p12, p13, None]
+556: p52 = getfield_gc_r(p48, descr=<FieldP rpyeffect.stack.MetaStackLike.inst_stack 8 pure>)
+560: guard_class(p48, 4348391104, descr=<Guard0x12841eca0>) [p0, i1, i2, p4, p3, p5, p7, p8, p9, p10, p14, p11, p12, p13, None]
+576: p54 = getfield_gc_r(p48, descr=<FieldP rpyeffect.stack.MetaStack.inst_tail 32 pure>)
+580: p55 = getfield_gc_r(p44, descr=<FieldP rpyeffect.stack.MetaStackLike.inst_stack 8 pure>)
+584: guard_class(p44, 4348391104, descr=<Guard0x12841ece0>) [p0, i1, i2, p4, p3, p5, p7, p8, p9, p10, p14, p11, p12, p13, None]
+600: p57 = getfield_gc_r(p11, descr=<FieldP rpyeffect.stack.MetaStackLike.inst_stack 8 pure>)
+604: guard_class(p11, 4348391104, descr=<Guard0x12841ed20>) [p0, i1, i2, p4, p3, p5, p7, p8, p9, p10, p14, p11, p12, p13, None]
+620: guard_nonnull_class(p54, 4348391104, descr=<Guard0x1283f2bd0>) [p0, i1, i2, p4, p3, p5, p7, p8, p9, p10, p14, p11, p12, p13, None]
+644: p60 = getfield_gc_r(p54, descr=<FieldP rpyeffect.stack.MetaStackLike.inst_stack 8 pure>)
+652: p61 = getfield_gc_r(p54, descr=<FieldP rpyeffect.stack.MetaStack.inst_label 16 pure>)
+656: p62 = getfield_gc_r(p54, descr=<FieldP rpyeffect.stack.MetaStack.inst_tail 32 pure>)
+660: guard_nonnull(p60, descr=<Guard0x12841ed60>) [p0, i1, i2, p4, p3, p5, p7, p8, p9, p10, p14, p11, p12, p13, None]
+668: i63 = getfield_gc_i(p60, descr=<FieldS rpyeffect.stored_environment.Stack__arb_arb.inst_target 16 pure>)
+676: guard_value(i63, 84, descr=<Guard0x12841eda0>) [p0, i1, i2, p4, p3, p5, p7, p8, p9, p10, p14, p11, p12, p13, None]
debug_merge_point(0, 0, '88<main.rpyeffect:88([#191])>+2: {"op": "Load". "out": 1. "type": "num". "ref": 0}')
+688: i65 = getfield_gc_i(p37, descr=<FieldS rpyeffect.region.NumRef.inst_value 8>)
debug_merge_point(0, 0, '88<main.rpyeffect:88([#191])>+3: {"op": "Push". "target": 87. "args": {"num": []. "ptr": [0. 1]}}')
debug_merge_point(0, 0, '88<main.rpyeffect:88([#191])>+4: {"op": "Swap". "type": "num". "a": 0. "b". 1}')
debug_merge_point(0, 0, '88<main.rpyeffect:88([#191])>+5: {"op": "Jump". "target": 6}')
debug_merge_point(0, 0, '6<main.rpyeffect:6(Name(infixAdd95))>+0: {"op": "PrimOp". "name": "infixAdd(Int. Int): Int". "out": {"num": [0]. "ptr": []}. "in": {"num": [0. 1]. "ptr": []}}')
+692: i66 = int_add(i65, i1)
debug_merge_point(0, 0, '6<main.rpyeffect:6(Name(infixAdd95))>+1: {"op": "Return". "args": {"num": [0]. "ptr": []}}')
debug_merge_point(0, 0, '87<main.rpyeffect:87([k@[#191]#199])>+0: {"op": "Store". "ref": 0. "type": "num". "value": 0}')
debug_merge_point(0, 0, '87<main.rpyeffect:87([k@[#191]#199])>+1: {"op": "Construct". "out": 0. "type": Interned(Unit). "tag": Interned(unit). "args": {"num": []. "ptr": []}}')
debug_merge_point(0, 0, '87<main.rpyeffect:87([k@[#191]#199])>+2: {"op": "Construct". "out": 0. "type": Interned(Unit). "tag": Interned(unit). "args": {"num": []. "ptr": []}}')
debug_merge_point(0, 0, '87<main.rpyeffect:87([k@[#191]#199])>+3: {"op": "Jump". "target": 76}')
debug_merge_point(0, 0, '76<main.rpyeffect:76(Name(resume84196))>+0: {"op": "PushStack". "arg": 1}')
debug_merge_point(0, 0, '76<main.rpyeffect:76(Name(resume84196))>+1: {"op": "Return". "args": {"num": []. "ptr": [0]}}')
debug_merge_point(0, 0, '34<main.rpyeffect:34([k@[k@[then#49]#53]#56])>+0: {"op": "Const". "type": "num". "out": 0. "value": 0}')
debug_merge_point(0, 0, '34<main.rpyeffect:34([k@[k@[then#49]#53]#56])>+1: {"op": "Copy". "type": "ptr". "from": 2. "to". 0}')
debug_merge_point(0, 0, '34<main.rpyeffect:34([k@[k@[then#49]#53]#56])>+2: {"op": "Copy". "type": "ptr". "from": 3. "to". 2}')
debug_merge_point(0, 0, '34<main.rpyeffect:34([k@[k@[then#49]#53]#56])>+3: {"op": "Jump". "target": 40}')
debug_merge_point(0, 0, '40<main.rpyeffect:40(Name(parse2642))>+0: {"op": "Push". "target": 39. "args": {"num": [0]. "ptr": [1. 0. 2]}}')
debug_merge_point(0, 0, '40<main.rpyeffect:40(Name(parse2642))>+1: {"op": "Jump". "target": 30}')
+696: setfield_gc(p37, i66, descr=<FieldS rpyeffect.region.NumRef.inst_value 8>)
+700: p67 = new_with_vtable(descr=<SizeDescr 72>)
+812: p68 = new_with_vtable(descr=<SizeDescr 40>)
+824: p69 = new_with_vtable(descr=<SizeDescr 40>)
+840: setfield_gc(p69, p57, descr=<FieldP rpyeffect.stack.MetaStackLike.inst_stack 8 pure>)
+844: setfield_gc(p69, p42, descr=<FieldP rpyeffect.stack.MetaStack.inst_label 16 pure>)
+848: setfield_gc(p69, ConstPtr(null), descr=<FieldP rpyeffect.stack.MetaStack.inst_region 24 pure>)
+856: p71 = new_with_vtable(descr=<SizeDescr 40>)
+868: setfield_gc(p71, p55, descr=<FieldP rpyeffect.stack.MetaStackLike.inst_stack 8 pure>)
+872: setfield_gc(p71, p46, descr=<FieldP rpyeffect.stack.MetaStack.inst_label 16 pure>)
+876: setfield_gc(p71, ConstPtr(null), descr=<FieldP rpyeffect.stack.MetaStack.inst_region 24 pure>)
+884: p73 = new_with_vtable(descr=<SizeDescr 40>)
+896: setfield_gc(p73, p52, descr=<FieldP rpyeffect.stack.MetaStackLike.inst_stack 8 pure>)
+900: setfield_gc(p73, p50, descr=<FieldP rpyeffect.stack.MetaStack.inst_label 16 pure>)
+908: setfield_gc(p73, ConstPtr(null), descr=<FieldP rpyeffect.stack.MetaStack.inst_region 24 pure>)
+916: p75 = new_with_vtable(descr=<SizeDescr 40>)
+928: setfield_gc(p75, p60, descr=<FieldP rpyeffect.stack.MetaStackLike.inst_stack 8 pure>)
+932: setfield_gc(p75, p61, descr=<FieldP rpyeffect.stack.MetaStack.inst_label 16 pure>)
+936: setfield_gc(p75, ConstPtr(null), descr=<FieldP rpyeffect.stack.MetaStack.inst_region 24 pure>)
+944: setfield_gc(p75, p62, descr=<FieldP rpyeffect.stack.MetaStack.inst_tail 32 pure>)
+948: setfield_gc(p73, p75, descr=<FieldP rpyeffect.stack.MetaStack.inst_tail 32 pure>)
+952: setfield_gc(p71, p73, descr=<FieldP rpyeffect.stack.MetaStack.inst_tail 32 pure>)
+956: setfield_gc(p69, p71, descr=<FieldP rpyeffect.stack.MetaStack.inst_tail 32 pure>)
+960: setfield_gc(p67, 39, descr=<FieldS rpyeffect.stored_environment.Stack__arb_arb.inst_target 16 pure>)
+968: setfield_gc(p68, ConstPtr(null), descr=<FieldP rpyeffect.stack.MetaStack.inst_region 24 pure>)
+976: setfield_gc(p68, p12, descr=<FieldP rpyeffect.stack.MetaStack.inst_label 16 pure>)
+980: setfield_gc(p68, p69, descr=<FieldP rpyeffect.stack.MetaStack.inst_tail 32 pure>)
+984: setfield_gc(p68, p13, descr=<FieldP rpyeffect.stack.MetaStackLike.inst_stack 8 pure>)
+988: setfield_gc(p67, p14, descr=<FieldP rpyeffect.stored_environment.Stack__arb_arb.inst_tail 8 pure>)
+992: setfield_gc(p67, 0, descr=<FieldS rpyeffect.stored_environment.Stack__1_3.inst_values_num_0 40 pure>)
+1000: setfield_gc(p67, p4, descr=<FieldP rpyeffect.stored_environment.Stack__1_3.inst_values_ptr_0 48 pure>)
+1004: setfield_gc(p67, p3, descr=<FieldP rpyeffect.stored_environment.Stack__1_3.inst_values_ptr_1 56 pure>)
+1012: setfield_gc(p67, p5, descr=<FieldP rpyeffect.stored_environment.Stack__1_3.inst_values_ptr_2 64 pure>)
+1036: jump(p10, p67, p0, p68, ConstPtr(null), 0, i1, 10, i2, p3, p4, p5, p5, p7, p8, p9, descr=TargetToken(4970186336))
+1112: --end of the loop--
[72b94d] jit-log-opt-bridge}
[193c66cb] {jit-summary
Tracing:      	3	0.002113
Backend:      	3	0.000503
TOTAL:      		0.419273
ops:             	9629
heapcached ops:  	1437
recorded ops:    	1778
  calls:         	268
guards:          	381
opt ops:         	544
opt guards:      	76
opt guards shared:	65
forcings:        	0
abort: trace too long:	0
abort: compiling:	0
abort: vable escape:	0
abort: bad loop: 	0
abort: force quasi-immut:	0
abort: segmenting trace:	0
virtualizables forced:	0
nvirtuals:       	8
nvholes:         	0
nvreused:        	0
vecopt tried:    	0
vecopt success:  	0
Total # of loops:	2
Total # of bridges:	1
Freed # of loops:	0
Freed # of bridges:	0
[193c916f] jit-summary}
