[4beff1] {jit-log-opt-loop
# Loop 1 (74<main.rpyeffect:74([match_Node2647@Name(iterate54066)#165])>+1: {"op": "Swap", "type": "ptr", "a": 1, "b", 0}) : loop with 48 ops
[p0, p1, p2, p3, p4]
+216: p5 = getfield_gc_r(p2, descr=<FieldP rpyeffect.environment.Environment.inst_values_num 16>)
+224: i7 = getarrayitem_gc_i(p5, 0, descr=<ArrayS 8>)
+228: i9 = getarrayitem_gc_i(p5, 1, descr=<ArrayS 8>)
+232: i11 = getarrayitem_gc_i(p5, 2, descr=<ArrayS 8>)
+236: i13 = getarrayitem_gc_i(p5, 3, descr=<ArrayS 8>)
+240: p14 = getfield_gc_r(p2, descr=<FieldP rpyeffect.environment.Environment.inst_values_ptr 24>)
+244: p16 = getarrayitem_gc_r(p14, 0, descr=<ArrayP 8>)
+248: p18 = getarrayitem_gc_r(p14, 1, descr=<ArrayP 8>)
+252: p20 = getarrayitem_gc_r(p14, 2, descr=<ArrayP 8>)
+256: p22 = getarrayitem_gc_r(p14, 3, descr=<ArrayP 8>)
+260: p24 = getarrayitem_gc_r(p14, 4, descr=<ArrayP 8>)
+264: p26 = getarrayitem_gc_r(p14, 5, descr=<ArrayP 8>)
+268: label(p0, p1, p2, p3, p4, i7, i9, i11, i13, p16, p18, p20, p22, p24, p26, descr=TargetToken(5775492864))
debug_merge_point(0, 0, '74<main.rpyeffect:74([match_Node2647@Name(iterate54066)#165])>+1: {"op": "Swap". "type": "ptr". "a": 1. "b". 0}')
+300: guard_not_invalidated(descr=<Guard0x1583f2700>) [p2, i7, i9, i11, i13, p16, p18, p20, p22, p24, p26, p0, p1, p3, p4]
debug_merge_point(0, 0, '74<main.rpyeffect:74([match_Node2647@Name(iterate54066)#165])>+2: {"op": "Jump". "target": 75}')
debug_merge_point(0, 0, '75<main.rpyeffect:75(Name(iterate54066))>+0: {"op": "Swap". "type": "ptr". "a": 1. "b". 0}')
debug_merge_point(0, 0, '75<main.rpyeffect:75(Name(iterate54066))>+1: {"op": "Match". "type": Interned(Tree2631). "scrutinee": 1. "clauses": [{"tag": Interned(Leaf2646). "target": 71. "args": {"num": []. "ptr": []}}. {"tag": Interned(Node2647). "target": 74. "args": {"num": [0]. "ptr": [1. 2]}}]. "default": {"tag": Interned(652a7bdb-f0ab-4706-8469-80bed1f1780f#[Missing Tag#368]). "target": 70. "args": {"num": []. "ptr": []}}}')
+304: p27 = getfield_gc_r(p18, descr=<FieldP rpyeffect.stored_environment.Data__arb_arb.inst_tag 8>)
+312: guard_value(p27, ConstPtr(ptr28), descr=<Guard0x1583ed720>) [p2, i7, i9, i11, i13, p16, p18, p20, p22, p24, p26, p0, p1, p3, p4]
+320: i29 = getfield_gc_i(p18, descr=<FieldS rpyeffect.stored_environment.Data__1_2.inst_values_num_0 32 pure>)
+324: p30 = getfield_gc_r(p18, descr=<FieldP rpyeffect.stored_environment.Data__1_2.inst_values_ptr_0 40 pure>)
+328: p31 = getfield_gc_r(p18, descr=<FieldP rpyeffect.stored_environment.Data__1_2.inst_values_ptr_1 48 pure>)
+332: guard_nonnull(p1, descr=<Guard0x1583ed760>) [p2, i7, i9, i11, i13, p16, p18, p20, p22, p24, p26, p0, p1, p3, p4]
+344: i32 = getfield_gc_i(p1, descr=<FieldS rpyeffect.stored_environment.Stack__arb_arb.inst_target 16 pure>)
+352: guard_value(i32, 73, descr=<Guard0x1583ed7a0>) [p2, i7, i9, i11, i13, p16, p18, p20, p22, p24, p26, p0, p1, p3, p4]
debug_merge_point(0, 0, '74<main.rpyeffect:74([match_Node2647@Name(iterate54066)#165])>+0: {"op": "Push". "target": 73. "args": {"num": [0]. "ptr": [0. 2]}}')
debug_merge_point(0, 0, '74<main.rpyeffect:74([match_Node2647@Name(iterate54066)#165])>+1: {"op": "Swap". "type": "ptr". "a": 1. "b". 0}')
+364: label(p0, p1, i29, p16, p31, p2, p3, p4, i9, i11, i13, p30, p22, p24, p26, descr=TargetToken(5775492944))
debug_merge_point(0, 0, '74<main.rpyeffect:74([match_Node2647@Name(iterate54066)#165])>+1: {"op": "Swap". "type": "ptr". "a": 1. "b". 0}')
+364: guard_not_invalidated(descr=<Guard0x1583f2758>) [p2, i29, i9, i11, i13, p16, p30, p31, p22, p24, p26, p0, p3, p4, p1]
debug_merge_point(0, 0, '74<main.rpyeffect:74([match_Node2647@Name(iterate54066)#165])>+2: {"op": "Jump". "target": 75}')
debug_merge_point(0, 0, '75<main.rpyeffect:75(Name(iterate54066))>+0: {"op": "Swap". "type": "ptr". "a": 1. "b". 0}')
debug_merge_point(0, 0, '75<main.rpyeffect:75(Name(iterate54066))>+1: {"op": "Match". "type": Interned(Tree2631). "scrutinee": 1. "clauses": [{"tag": Interned(Leaf2646). "target": 71. "args": {"num": []. "ptr": []}}. {"tag": Interned(Node2647). "target": 74. "args": {"num": [0]. "ptr": [1. 2]}}]. "default": {"tag": Interned(652a7bdb-f0ab-4706-8469-80bed1f1780f#[Missing Tag#368]). "target": 70. "args": {"num": []. "ptr": []}}}')
+368: p34 = getfield_gc_r(p30, descr=<FieldP rpyeffect.stored_environment.Data__arb_arb.inst_tag 8>)
+376: guard_value(p34, ConstPtr(ptr35), descr=<Guard0x1583ed7e0>) [p2, i29, i9, i11, i13, p16, p30, p31, p22, p24, p26, p0, p3, p4, p1]
+384: i36 = getfield_gc_i(p30, descr=<FieldS rpyeffect.stored_environment.Data__1_2.inst_values_num_0 32 pure>)
+388: p37 = getfield_gc_r(p30, descr=<FieldP rpyeffect.stored_environment.Data__1_2.inst_values_ptr_0 40 pure>)
+392: p38 = getfield_gc_r(p30, descr=<FieldP rpyeffect.stored_environment.Data__1_2.inst_values_ptr_1 48 pure>)
debug_merge_point(0, 0, '74<main.rpyeffect:74([match_Node2647@Name(iterate54066)#165])>+0: {"op": "Push". "target": 73. "args": {"num": [0]. "ptr": [0. 2]}}')
debug_merge_point(0, 0, '74<main.rpyeffect:74([match_Node2647@Name(iterate54066)#165])>+1: {"op": "Swap". "type": "ptr". "a": 1. "b". 0}')
+396: p39 = new_with_vtable(descr=<SizeDescr 64>)
+504: setfield_gc(p39, 73, descr=<FieldS rpyeffect.stored_environment.Stack__arb_arb.inst_target 16 pure>)
+512: setfield_gc(p39, p1, descr=<FieldP rpyeffect.stored_environment.Stack__arb_arb.inst_tail 8 pure>)
+516: setfield_gc(p39, i29, descr=<FieldS rpyeffect.stored_environment.Stack__1_2.inst_values_num_0 40 pure>)
+520: setfield_gc(p39, p16, descr=<FieldP rpyeffect.stored_environment.Stack__1_2.inst_values_ptr_0 48 pure>)
+524: setfield_gc(p39, p31, descr=<FieldP rpyeffect.stored_environment.Stack__1_2.inst_values_ptr_1 56 pure>)
+544: jump(p0, p39, i36, p16, p38, p2, p3, p4, i9, i11, i13, p37, p22, p24, p26, descr=TargetToken(5775492944))
+564: --end of the loop--
[4d04f5] jit-log-opt-loop}
[59b407] {jit-log-opt-loop
# Loop 2 (71<main.rpyeffect:71([match_Leaf2646@Name(iterate54066)#163])>+0: {"op": "Construct", "out": 0, "type": Interned(Unit), "tag": Interned(unit), "args": {"num": [], "ptr": []}}) : entry bridge with 166 ops
[p0, p1, p2, p3, p4]
+376: p5 = getfield_gc_r(p2, descr=<FieldP rpyeffect.environment.Environment.inst_values_num 16>)
+384: i7 = getarrayitem_gc_i(p5, 0, descr=<ArrayS 8>)
+388: i9 = getarrayitem_gc_i(p5, 1, descr=<ArrayS 8>)
+392: i11 = getarrayitem_gc_i(p5, 2, descr=<ArrayS 8>)
+396: i13 = getarrayitem_gc_i(p5, 3, descr=<ArrayS 8>)
+400: p14 = getfield_gc_r(p2, descr=<FieldP rpyeffect.environment.Environment.inst_values_ptr 24>)
+404: p16 = getarrayitem_gc_r(p14, 0, descr=<ArrayP 8>)
+408: p18 = getarrayitem_gc_r(p14, 1, descr=<ArrayP 8>)
+412: p20 = getarrayitem_gc_r(p14, 2, descr=<ArrayP 8>)
+416: p22 = getarrayitem_gc_r(p14, 3, descr=<ArrayP 8>)
+420: p24 = getarrayitem_gc_r(p14, 4, descr=<ArrayP 8>)
+424: p26 = getarrayitem_gc_r(p14, 5, descr=<ArrayP 8>)
debug_merge_point(0, 0, '71<main.rpyeffect:71([match_Leaf2646@Name(iterate54066)#163])>+0: {"op": "Construct". "out": 0. "type": Interned(Unit). "tag": Interned(unit). "args": {"num": []. "ptr": []}}')
+428: guard_not_invalidated(descr=<Guard0x1583f2910>) [p2, i7, i9, i11, i13, p16, p18, p20, p22, p24, p26, p0, p1, p3, p4]
debug_merge_point(0, 0, '71<main.rpyeffect:71([match_Leaf2646@Name(iterate54066)#163])>+1: {"op": "Return". "args": {"num": []. "ptr": [0]}}')
+432: guard_nonnull(p1, descr=<Guard0x158412ae0>) [p2, i7, i9, i11, i13, p16, p18, p20, p22, p24, p26, p0, p1, p3, p4]
+444: i27 = getfield_gc_i(p1, descr=<FieldS rpyeffect.stored_environment.Stack__arb_arb.inst_target 16 pure>)
+452: guard_value(i27, 73, descr=<Guard0x158412aa0>) [p2, i7, i9, i11, i13, p16, p18, p20, p22, p24, p26, p0, p1, p3, p4]
+464: i29 = getfield_gc_i(p1, descr=<FieldS rpyeffect.stored_environment.Stack__1_2.inst_values_num_0 40 pure>)
+468: p30 = getfield_gc_r(p1, descr=<FieldP rpyeffect.stored_environment.Stack__1_2.inst_values_ptr_0 48 pure>)
+472: p31 = getfield_gc_r(p1, descr=<FieldP rpyeffect.stored_environment.Stack__1_2.inst_values_ptr_1 56 pure>)
+476: p32 = getfield_gc_r(p1, descr=<FieldP rpyeffect.stored_environment.Stack__arb_arb.inst_tail 8 pure>)
debug_merge_point(0, 0, '73<main.rpyeffect:73([#167])>+0: {"op": "Push". "target": 72. "args": {"num": []. "ptr": [1. 2]}}')
debug_merge_point(0, 0, '73<main.rpyeffect:73([#167])>+1: {"op": "Copy". "type": "ptr". "from": 1. "to". 0}')
debug_merge_point(0, 0, '73<main.rpyeffect:73([#167])>+2: {"op": "Jump". "target": 69}')
debug_merge_point(0, 0, '69<main.rpyeffect:69([mcore:[#74]#161])>+0: {"op": "Invoke". "receiver": 0. "tag": Interned(%yield2645(n):p). "args" : {"num": [0]. "ptr": []}}')
+480: p33 = getfield_gc_r(p30, descr=<FieldP rpyeffect.stored_environment.CoData__arb_arb.inst_vtable 24 pure>)
+492: guard_value(p33, ConstPtr(ptr34), descr=<Guard0x158412a60>) [p2, i7, i9, i11, i13, p16, p18, p20, p22, p24, p26, p0, p1, p3, p4]
+500: p35 = getfield_gc_r(p30, descr=<FieldP rpyeffect.stored_environment.CoData__0_3.inst_values_ptr_0 32 pure>)
+504: p36 = getfield_gc_r(p30, descr=<FieldP rpyeffect.stored_environment.CoData__0_3.inst_values_ptr_1 40 pure>)
+508: p37 = getfield_gc_r(p30, descr=<FieldP rpyeffect.stored_environment.CoData__0_3.inst_values_ptr_2 48 pure>)
debug_merge_point(0, 0, '110<main.rpyeffect:110([#245])>+0: {"op": "Const". "type": "num". "out": 1. "value": 0}')
debug_merge_point(0, 0, '110<main.rpyeffect:110([#245])>+1: {"op": "ShiftDyn". "out": 1. "n": 1. "label": 1}')
+516: guard_isnull(p4, descr=<Guard0x158412a20>) [p2, i7, i9, i11, i13, p16, p18, p20, p22, p24, p26, p0, p1, p3, p4]
+528: i38 = instance_ptr_eq(p0, p36)
guard_true(i38, descr=<Guard0x1584129e0>) [p2, i7, i9, i11, i13, p16, p18, p20, p22, p24, p26, p0, p1, p3, p4]
+544: guard_nonnull_class(p3, 4342476480, descr=<Guard0x1583f2968>) [p2, i7, i9, i11, i13, p16, p18, p20, p22, p24, p26, p0, p1, p3, p4]
+572: p40 = getfield_gc_r(p3, descr=<FieldP rpyeffect.stack.MetaStackLike.inst_stack 8 pure>)
+580: p41 = getfield_gc_r(p3, descr=<FieldP rpyeffect.stack.MetaStack.inst_label 16 pure>)
+588: p42 = getfield_gc_r(p3, descr=<FieldP rpyeffect.stack.MetaStack.inst_tail 32 pure>)
+596: guard_nonnull(p40, descr=<Guard0x1584129a0>) [p2, i7, i9, i11, i13, p16, p18, p20, p22, p24, p26, p0, p1, p3, p4]
+604: i43 = getfield_gc_i(p40, descr=<FieldS rpyeffect.stored_environment.Stack__arb_arb.inst_target 16 pure>)
+612: guard_value(i43, 89, descr=<Guard0x158412960>) [p2, i7, i9, i11, i13, p16, p18, p20, p22, p24, p26, p0, p1, p3, p4]
debug_merge_point(0, 0, '110<main.rpyeffect:110([#245])>+2: {"op": "PrimOp". "name": "box(Num): Ptr". "out": {"num": []. "ptr": [3]}. "in": {"num": [0]. "ptr": []}}')
debug_merge_point(0, 0, '110<main.rpyeffect:110([#245])>+3: {"op": "Construct". "out": 3. "type": Interned(Option687). "tag": Interned(Some743). "args": {"num": []. "ptr": [3]}}')
debug_merge_point(0, 0, '110<main.rpyeffect:110([#245])>+4: {"op": "Push". "target": 109. "args": {"num": []. "ptr": [0. 1]}}')
debug_merge_point(0, 0, '110<main.rpyeffect:110([#245])>+5: {"op": "Copy". "type": "ptr". "from": 3. "to". 0}')
debug_merge_point(0, 0, '110<main.rpyeffect:110([#245])>+6: {"op": "Copy". "type": "ptr". "from": 2. "to". 1}')
debug_merge_point(0, 0, '110<main.rpyeffect:110([#245])>+7: {"op": "Jump". "target": 78}')
debug_merge_point(0, 0, '78<main.rpyeffect:78([mcore:[#76]#171])>+0: {"op": "Store". "ref": 1. "type": "ptr". "value": 0}')
debug_merge_point(0, 0, '78<main.rpyeffect:78([mcore:[#76]#171])>+1: {"op": "Construct". "out": 0. "type": Interned(Unit). "tag": Interned(unit). "args": {"num": []. "ptr": []}}')
debug_merge_point(0, 0, '78<main.rpyeffect:78([mcore:[#76]#171])>+2: {"op": "Return". "args": {"num": []. "ptr": [0]}}')
debug_merge_point(0, 0, '109<main.rpyeffect:109([k@[#245]#257])>+0: {"op": "New". "out": 0. "targets": [108]. "args": {"num": []. "ptr": [2]}}')
debug_merge_point(0, 0, '109<main.rpyeffect:109([k@[#245]#257])>+1: {"op": "Jump". "target": 79}')
debug_merge_point(0, 0, '79<main.rpyeffect:79([mcore:[#77]#173])>+0: {"op": "Store". "ref": 1. "type": "ptr". "value": 0}')
+624: p45 = new_with_vtable(descr=<SizeDescr 40>)
+736: setfield_gc(p45, ConstPtr(ptr46), descr=<FieldP rpyeffect.stored_environment.Data__arb_arb.inst_tag 8>)
+740: p47 = new_with_vtable(descr=<SizeDescr 16>)
+752: setfield_gc(p47, i29, descr=<FieldS rpyeffect.region.NumBox.inst_value 8 pure>)
+756: setfield_gc(p45, p47, descr=<FieldP rpyeffect.stored_environment.Data__0_1.inst_values_ptr_0 32 pure>)
+828: setfield_gc(p37, p45, descr=<FieldP rpyeffect.region.PtrRef.inst_value 8>)
debug_merge_point(0, 0, '79<main.rpyeffect:79([mcore:[#77]#173])>+1: {"op": "Construct". "out": 0. "type": Interned(Unit). "tag": Interned(unit). "args": {"num": []. "ptr": []}}')
debug_merge_point(0, 0, '79<main.rpyeffect:79([mcore:[#77]#173])>+2: {"op": "Return". "args": {"num": []. "ptr": [0]}}')
+848: i48 = getfield_gc_i(p40, descr=<FieldS rpyeffect.stored_environment.Stack__2_1.inst_values_num_0 40 pure>)
+852: i49 = getfield_gc_i(p40, descr=<FieldS rpyeffect.stored_environment.Stack__2_1.inst_values_num_1 48 pure>)
+856: p50 = getfield_gc_r(p40, descr=<FieldP rpyeffect.stored_environment.Stack__2_1.inst_values_ptr_0 56 pure>)
+860: p51 = getfield_gc_r(p40, descr=<FieldP rpyeffect.stored_environment.Stack__arb_arb.inst_tail 8 pure>)
debug_merge_point(0, 0, '89<main.rpyeffect:89([k@[#193]#197])>+0: {"op": "Push". "target": 88. "args": {"num": []. "ptr": [1]}}')
debug_merge_point(0, 0, '89<main.rpyeffect:89([k@[#193]#197])>+1: {"op": "Jump". "target": 6}')
debug_merge_point(0, 0, '6<main.rpyeffect:6(Name(infixAdd95))>+0: {"op": "PrimOp". "name": "infixAdd(Int. Int): Int". "out": {"num": [0]. "ptr": []}. "in": {"num": [0. 1]. "ptr": []}}')
+864: i52 = int_add(i48, i49)
debug_merge_point(0, 0, '6<main.rpyeffect:6(Name(infixAdd95))>+1: {"op": "Return". "args": {"num": [0]. "ptr": []}}')
debug_merge_point(0, 0, '88<main.rpyeffect:88([k@[k@[#193]#197]#199])>+0: {"op": "Jump". "target": 92}')
debug_merge_point(0, 0, '92<main.rpyeffect:92(Name(consumer234073))>+0: {"op": "Push". "target": 91. "args": {"num": [0]. "ptr": [0]}}')
debug_merge_point(0, 0, '92<main.rpyeffect:92(Name(consumer234073))>+1: {"op": "Jump". "target": 84}')
debug_merge_point(0, 0, '84<main.rpyeffect:84([mcore:[#83]#184])>+0: {"op": "Invoke". "receiver": 0. "tag": Interned(%value2654():p). "args" : {"num": []. "ptr": []}}')
+868: p53 = getfield_gc_r(p50, descr=<FieldP rpyeffect.stored_environment.CoData__arb_arb.inst_vtable 24 pure>)
+876: guard_value(p53, ConstPtr(ptr54), descr=<Guard0x1583f28b8>) [p2, i52, i49, i11, i13, p50, p45, p24, p26, p41, p42, p53, p35, p51, p31, p30, p32, p0]
+884: p55 = getfield_gc_r(p50, descr=<FieldP rpyeffect.stored_environment.CoData__0_2.inst_values_ptr_0 32 pure>)
+888: p56 = getfield_gc_r(p50, descr=<FieldP rpyeffect.stored_environment.CoData__0_2.inst_values_ptr_1 40 pure>)
debug_merge_point(0, 0, '100<main.rpyeffect:100([#230])>+0: {"op": "Copy". "type": "ptr". "from": 1. "to". 0}')
debug_merge_point(0, 0, '100<main.rpyeffect:100([#230])>+1: {"op": "Jump". "target": 82}')
debug_merge_point(0, 0, '82<main.rpyeffect:82([mcore:[#81]#180])>+0: {"op": "Load". "out": 0. "type": "ptr". "ref": 0}')
+892: p57 = new_with_vtable(descr=<SizeDescr 40>)
+912: setfield_gc(p57, ConstPtr(ptr58), descr=<FieldP rpyeffect.stored_environment.CoData__arb_arb.inst_vtable 24 pure>)
+916: p59 = new_with_vtable(descr=<SizeDescr 40>)
+936: p60 = new_with_vtable(descr=<SizeDescr 56>)
+952: setfield_gc(p60, p32, descr=<FieldP rpyeffect.stored_environment.Stack__arb_arb.inst_tail 8 pure>)
+956: setfield_gc(p60, 72, descr=<FieldS rpyeffect.stored_environment.Stack__arb_arb.inst_target 16 pure>)
+964: setfield_gc(p60, p30, descr=<FieldP rpyeffect.stored_environment.Stack__0_2.inst_values_ptr_0 40 pure>)
+968: setfield_gc(p60, p31, descr=<FieldP rpyeffect.stored_environment.Stack__0_2.inst_values_ptr_1 48 pure>)
+972: setfield_gc(p59, p60, descr=<FieldP rpyeffect.stack.MetaStackLike.inst_stack 8 pure>)
+976: setfield_gc(p59, p0, descr=<FieldP rpyeffect.stack.MetaStack.inst_label 16 pure>)
+980: setfield_gc(p59, ConstPtr(null), descr=<FieldP rpyeffect.stack.MetaStack.inst_region 24 pure>)
+988: setfield_gc(p59, ConstPtr(null), descr=<FieldP rpyeffect.stack.MetaStack.inst_tail 32 pure>)
+996: setfield_gc(p57, p59, descr=<FieldP rpyeffect.stored_environment.CoData__0_1.inst_values_ptr_0 32 pure>)
+1064: setfield_gc(p35, p57, descr=<FieldP rpyeffect.region.PtrRef.inst_value 8>)
+1100: p64 = getfield_gc_r(p56, descr=<FieldP rpyeffect.region.PtrRef.inst_value 8>)
debug_merge_point(0, 0, '82<main.rpyeffect:82([mcore:[#81]#180])>+1: {"op": "Return". "args": {"num": []. "ptr": [0]}}')
debug_merge_point(0, 0, '91<main.rpyeffect:91([k@Name(consumer234073)#187])>+0: {"op": "Swap". "type": "ptr". "a": 1. "b". 0}')
debug_merge_point(0, 0, '91<main.rpyeffect:91([k@Name(consumer234073)#187])>+1: {"op": "Match". "type": Interned(Option687). "scrutinee": 1. "clauses": [{"tag": Interned(None742). "target": 87. "args": {"num": []. "ptr": []}}. {"tag": Interned(Some743). "target": 90. "args": {"num": []. "ptr": [1]}}]. "default": {"tag": Interned(652a7bdb-f0ab-4706-8469-80bed1f1780f#[Missing Tag#369]). "target": 86. "args": {"num": []. "ptr": []}}}')
+1104: p65 = getfield_gc_r(p64, descr=<FieldP rpyeffect.stored_environment.Data__arb_arb.inst_tag 8>)
+1108: guard_value(p65, ConstPtr(ptr66), descr=<Guard0x1583f2808>) [p2, i52, i49, i11, i13, p50, p64, p59, p45, p24, p26, p41, p51, p42, p65, None, None, None, None, None, None]
+1116: p68 = getfield_gc_r(p64, descr=<FieldP rpyeffect.stored_environment.Data__0_1.inst_values_ptr_0 32 pure>)
+1120: guard_nonnull(p51, descr=<Guard0x1584128e0>) [p2, i52, i49, i11, i13, p50, p64, p59, p45, p24, p26, p41, p51, p42, p65, None, None, None, None, None, None]
+1128: i69 = getfield_gc_i(p51, descr=<FieldS rpyeffect.stored_environment.Stack__arb_arb.inst_target 16 pure>)
+1132: guard_value(i69, 96, descr=<Guard0x1584128a0>) [p2, i52, i49, i11, i13, p50, p64, p59, p45, p24, p26, p41, p51, p42, p65, None, None, None, None, None, None]
debug_merge_point(0, 0, '90<main.rpyeffect:90([#193])>+0: {"op": "PrimOp". "name": "unbox(Ptr): Num". "out": {"num": [1]. "ptr": []}. "in": {"num": []. "ptr": [1]}}')
+1144: i71 = getfield_gc_i(p68, descr=<FieldS rpyeffect.region.NumBox.inst_value 8 pure>)
debug_merge_point(0, 0, '90<main.rpyeffect:90([#193])>+1: {"op": "Push". "target": 89. "args": {"num": [0. 1]. "ptr": [0]}}')
debug_merge_point(0, 0, '90<main.rpyeffect:90([#193])>+2: {"op": "Jump". "target": 85}')
debug_merge_point(0, 0, '85<main.rpyeffect:85([mcore:[#84]#185])>+0: {"op": "Invoke". "receiver": 0. "tag": Interned(%next2655():p). "args" : {"num": []. "ptr": []}}')
debug_merge_point(0, 0, '103<main.rpyeffect:103([#234])>+0: {"op": "Push". "target": 102. "args": {"num": []. "ptr": []}}')
debug_merge_point(0, 0, '103<main.rpyeffect:103([#234])>+1: {"op": "Jump". "target": 83}')
debug_merge_point(0, 0, '83<main.rpyeffect:83([mcore:[#82]#182])>+0: {"op": "Load". "out": 0. "type": "ptr". "ref": 0}')
+1148: p72 = getfield_gc_r(p55, descr=<FieldP rpyeffect.region.PtrRef.inst_value 8>)
debug_merge_point(0, 0, '83<main.rpyeffect:83([mcore:[#82]#182])>+1: {"op": "Return". "args": {"num": []. "ptr": [0]}}')
debug_merge_point(0, 0, '102<main.rpyeffect:102([k@[#234]#236])>+0: {"op": "Invoke". "receiver": 0. "tag": Interned(%apply():p). "args" : {"num": []. "ptr": []}}')
+1152: p73 = getfield_gc_r(p72, descr=<FieldP rpyeffect.stored_environment.CoData__arb_arb.inst_vtable 24 pure>)
+1156: guard_value(p73, ConstPtr(ptr74), descr=<Guard0x158412860>) [p2, i52, i49, i11, i13, p50, p64, p59, p45, p24, p26, p41, p51, p42, p65, None, None, None, None, None, None]
+1164: p75 = getfield_gc_r(p72, descr=<FieldP rpyeffect.stored_environment.CoData__0_1.inst_values_ptr_0 32 pure>)
debug_merge_point(0, 0, '108<main.rpyeffect:108([method_%apply():p@[k@[#245]#257]#260])>+0: {"op": "Jump". "target": 80}')
debug_merge_point(0, 0, '80<main.rpyeffect:80([mcore:[#79]#175])>+0: {"op": "Construct". "out": 1. "type": Interned(Unit). "tag": Interned(unit). "args": {"num": []. "ptr": []}}')
debug_merge_point(0, 0, '80<main.rpyeffect:80([mcore:[#79]#175])>+1: {"op": "Swap". "type": "ptr". "a": 1. "b". 0}')
debug_merge_point(0, 0, '80<main.rpyeffect:80([mcore:[#79]#175])>+2: {"op": "Jump". "target": 77}')
debug_merge_point(0, 0, '77<main.rpyeffect:77(Name(resume134133))>+0: {"op": "PushStack". "arg": 1}')
+1168: guard_nonnull_class(p75, 4342476480, descr=<Guard0x1583f2860>) [p2, i52, i49, i11, i13, p50, p64, p59, p45, p24, p26, p41, p51, p42, p65, None, None, None, None, None, None]
+1192: p77 = getfield_gc_r(p75, descr=<FieldP rpyeffect.stack.MetaStack.inst_region 24 pure>)
+1196: guard_isnull(p77, descr=<Guard0x158412820>) [p2, i52, i49, i11, i13, p50, p64, p59, p45, p24, p26, p41, p51, p42, p65, None, None, None, None, None, None]
+1204: p78 = getfield_gc_r(p75, descr=<FieldP rpyeffect.stack.MetaStackLike.inst_stack 8 pure>)
+1208: p79 = getfield_gc_r(p75, descr=<FieldP rpyeffect.stack.MetaStack.inst_tail 32 pure>)
+1212: guard_isnull(p79, descr=<Guard0x1584127e0>) [p2, i52, i49, i11, i13, p50, p64, p59, p45, p24, p26, p41, p51, p42, p65, None, None, None, None, None, None]
+1220: p80 = getfield_gc_r(p75, descr=<FieldP rpyeffect.stack.MetaStack.inst_label 16 pure>)
+1224: guard_nonnull(p78, descr=<Guard0x1584127a0>) [p2, i52, i49, i11, i13, p50, p64, p59, p45, p24, p26, p41, p51, p42, p65, None, None, None, None, None, None]
+1232: i81 = getfield_gc_i(p78, descr=<FieldS rpyeffect.stored_environment.Stack__arb_arb.inst_target 16 pure>)
+1236: guard_value(i81, 72, descr=<Guard0x158412760>) [p2, i52, i49, i11, i13, p50, p64, p59, p45, p24, p26, p41, p51, p42, p65, None, None, None, None, None, None]
debug_merge_point(0, 0, '77<main.rpyeffect:77(Name(resume134133))>+1: {"op": "Return". "args": {"num": []. "ptr": [0]}}')
+1248: p83 = getfield_gc_r(p78, descr=<FieldP rpyeffect.stored_environment.Stack__0_2.inst_values_ptr_0 40 pure>)
+1252: p84 = getfield_gc_r(p78, descr=<FieldP rpyeffect.stored_environment.Stack__0_2.inst_values_ptr_1 48 pure>)
+1256: p85 = getfield_gc_r(p78, descr=<FieldP rpyeffect.stored_environment.Stack__arb_arb.inst_tail 8 pure>)
+1260: guard_nonnull(p85, descr=<Guard0x158412720>) [p2, i52, i49, i11, i13, p50, p64, p59, p45, p24, p26, p41, p51, p42, p65, None, None, None, None, None, None]
+1268: i86 = getfield_gc_i(p85, descr=<FieldS rpyeffect.stored_environment.Stack__arb_arb.inst_target 16 pure>)
+1272: guard_value(i86, 73, descr=<Guard0x1584126e0>) [p2, i52, i49, i11, i13, p50, p64, p59, p45, p24, p26, p41, p51, p42, p65, None, None, None, None, None, None]
debug_merge_point(0, 0, '72<main.rpyeffect:72([k@[#167]#169])>+0: {"op": "Copy". "type": "ptr". "from": 2. "to". 0}')
debug_merge_point(0, 0, '72<main.rpyeffect:72([k@[#167]#169])>+1: {"op": "Jump". "target": 75}')
debug_merge_point(0, 0, '75<main.rpyeffect:75(Name(iterate54066))>+0: {"op": "Swap". "type": "ptr". "a": 1. "b". 0}')
debug_merge_point(0, 0, '75<main.rpyeffect:75(Name(iterate54066))>+1: {"op": "Match". "type": Interned(Tree2631). "scrutinee": 1. "clauses": [{"tag": Interned(Leaf2646). "target": 71. "args": {"num": []. "ptr": []}}. {"tag": Interned(Node2647). "target": 74. "args": {"num": [0]. "ptr": [1. 2]}}]. "default": {"tag": Interned(652a7bdb-f0ab-4706-8469-80bed1f1780f#[Missing Tag#368]). "target": 70. "args": {"num": []. "ptr": []}}}')
+1284: p88 = getfield_gc_r(p84, descr=<FieldP rpyeffect.stored_environment.Data__arb_arb.inst_tag 8>)
+1292: guard_value(p88, ConstPtr(ptr89), descr=<Guard0x158412660>) [p2, i52, i49, i11, i13, p50, p64, p59, p45, p24, p26, p41, p51, p42, p65, None, None, None, None, None, None]
+1300: i90 = getfield_gc_i(p84, descr=<FieldS rpyeffect.stored_environment.Data__1_2.inst_values_num_0 32 pure>)
+1304: p91 = getfield_gc_r(p84, descr=<FieldP rpyeffect.stored_environment.Data__1_2.inst_values_ptr_0 40 pure>)
+1308: p92 = getfield_gc_r(p84, descr=<FieldP rpyeffect.stored_environment.Data__1_2.inst_values_ptr_1 48 pure>)
debug_merge_point(0, 0, '74<main.rpyeffect:74([match_Node2647@Name(iterate54066)#165])>+0: {"op": "Push". "target": 73. "args": {"num": [0]. "ptr": [0. 2]}}')
debug_merge_point(0, 0, '74<main.rpyeffect:74([match_Node2647@Name(iterate54066)#165])>+1: {"op": "Swap". "type": "ptr". "a": 1. "b". 0}')
+1312: p93 = new_with_vtable(descr=<SizeDescr 40>)
+1324: p94 = new_with_vtable(descr=<SizeDescr 64>)
+1336: setfield_gc(p94, p51, descr=<FieldP rpyeffect.stored_environment.Stack__arb_arb.inst_tail 8 pure>)
+1340: setfield_gc(p94, 89, descr=<FieldS rpyeffect.stored_environment.Stack__arb_arb.inst_target 16 pure>)
+1348: setfield_gc(p94, i52, descr=<FieldS rpyeffect.stored_environment.Stack__2_1.inst_values_num_0 40 pure>)
+1352: setfield_gc(p94, i71, descr=<FieldS rpyeffect.stored_environment.Stack__2_1.inst_values_num_1 48 pure>)
+1356: setfield_gc(p94, p50, descr=<FieldP rpyeffect.stored_environment.Stack__2_1.inst_values_ptr_0 56 pure>)
+1360: setfield_gc(p93, p94, descr=<FieldP rpyeffect.stack.MetaStackLike.inst_stack 8 pure>)
+1364: setfield_gc(p93, p41, descr=<FieldP rpyeffect.stack.MetaStack.inst_label 16 pure>)
+1372: setfield_gc(p93, p42, descr=<FieldP rpyeffect.stack.MetaStack.inst_tail 32 pure>)
+1380: setfield_gc(p93, ConstPtr(null), descr=<FieldP rpyeffect.stack.MetaStack.inst_region 24 pure>)
+1404: jump(p80, p85, i90, p83, p92, p2, p93, ConstPtr(null), i71, i11, i13, p91, p45, p24, p26, descr=TargetToken(5775492944))
+1552: --end of the loop--
[5bd353] jit-log-opt-loop}
[6938af] {jit-log-opt-loop
# Loop 3 (90<main.rpyeffect:90([#193])>+2: {"op": "Jump", "target": 85}) : loop with 266 ops
[p0, p1, p2, p3, p4]
+456: p5 = getfield_gc_r(p2, descr=<FieldP rpyeffect.environment.Environment.inst_values_num 16>)
+464: i7 = getarrayitem_gc_i(p5, 0, descr=<ArrayS 8>)
+468: i9 = getarrayitem_gc_i(p5, 1, descr=<ArrayS 8>)
+472: i11 = getarrayitem_gc_i(p5, 2, descr=<ArrayS 8>)
+476: i13 = getarrayitem_gc_i(p5, 3, descr=<ArrayS 8>)
+480: p14 = getfield_gc_r(p2, descr=<FieldP rpyeffect.environment.Environment.inst_values_ptr 24>)
+484: p16 = getarrayitem_gc_r(p14, 0, descr=<ArrayP 8>)
+488: p18 = getarrayitem_gc_r(p14, 1, descr=<ArrayP 8>)
+492: p20 = getarrayitem_gc_r(p14, 2, descr=<ArrayP 8>)
+496: p22 = getarrayitem_gc_r(p14, 3, descr=<ArrayP 8>)
+500: p24 = getarrayitem_gc_r(p14, 4, descr=<ArrayP 8>)
+504: p26 = getarrayitem_gc_r(p14, 5, descr=<ArrayP 8>)
+508: label(p0, p1, p2, p3, p4, i7, i9, i11, i13, p16, p18, p20, p22, p24, p26, descr=TargetToken(5775499024))
debug_merge_point(0, 0, '90<main.rpyeffect:90([#193])>+2: {"op": "Jump". "target": 85}')
+544: guard_not_invalidated(descr=<Guard0x1583f2a18>) [p2, i7, i9, i11, i13, p16, p18, p20, p22, p24, p26, p0, p1, p3, p4]
+548: guard_nonnull(p1, descr=<Guard0x158412b20>) [p2, i7, i9, i11, i13, p16, p18, p20, p22, p24, p26, p0, p1, p3, p4]
+560: i27 = getfield_gc_i(p1, descr=<FieldS rpyeffect.stored_environment.Stack__arb_arb.inst_target 16 pure>)
+568: guard_value(i27, 89, descr=<Guard0x158412b60>) [p2, i7, i9, i11, i13, p16, p18, p20, p22, p24, p26, p0, p1, p3, p4]
debug_merge_point(0, 0, '85<main.rpyeffect:85([mcore:[#84]#185])>+0: {"op": "Invoke". "receiver": 0. "tag": Interned(%next2655():p). "args" : {"num": []. "ptr": []}}')
+580: p29 = getfield_gc_r(p16, descr=<FieldP rpyeffect.stored_environment.CoData__arb_arb.inst_vtable 24 pure>)
+588: guard_value(p29, ConstPtr(ptr30), descr=<Guard0x158412ba0>) [p2, i7, i9, i11, i13, p16, p18, p20, p22, p24, p26, p0, p1, p3, p4]
+596: p31 = getfield_gc_r(p16, descr=<FieldP rpyeffect.stored_environment.CoData__0_2.inst_values_ptr_0 32 pure>)
+600: p32 = getfield_gc_r(p16, descr=<FieldP rpyeffect.stored_environment.CoData__0_2.inst_values_ptr_1 40 pure>)
debug_merge_point(0, 0, '103<main.rpyeffect:103([#234])>+0: {"op": "Push". "target": 102. "args": {"num": []. "ptr": []}}')
debug_merge_point(0, 0, '103<main.rpyeffect:103([#234])>+1: {"op": "Jump". "target": 83}')
debug_merge_point(0, 0, '83<main.rpyeffect:83([mcore:[#82]#182])>+0: {"op": "Load". "out": 0. "type": "ptr". "ref": 0}')
+600: p33 = getfield_gc_r(p31, descr=<FieldP rpyeffect.region.PtrRef.inst_value 8>)
debug_merge_point(0, 0, '83<main.rpyeffect:83([mcore:[#82]#182])>+1: {"op": "Return". "args": {"num": []. "ptr": [0]}}')
debug_merge_point(0, 0, '102<main.rpyeffect:102([k@[#234]#236])>+0: {"op": "Invoke". "receiver": 0. "tag": Interned(%apply():p). "args" : {"num": []. "ptr": []}}')
+604: p34 = getfield_gc_r(p33, descr=<FieldP rpyeffect.stored_environment.CoData__arb_arb.inst_vtable 24 pure>)
+612: guard_value(p34, ConstPtr(ptr35), descr=<Guard0x158412be0>) [p2, i7, i9, i11, i13, p16, p18, p20, p22, p24, p26, p0, p1, p3, p4]
+620: p36 = getfield_gc_r(p33, descr=<FieldP rpyeffect.stored_environment.CoData__0_1.inst_values_ptr_0 32 pure>)
debug_merge_point(0, 0, '108<main.rpyeffect:108([method_%apply():p@[k@[#245]#257]#260])>+0: {"op": "Jump". "target": 80}')
debug_merge_point(0, 0, '80<main.rpyeffect:80([mcore:[#79]#175])>+0: {"op": "Construct". "out": 1. "type": Interned(Unit). "tag": Interned(unit). "args": {"num": []. "ptr": []}}')
debug_merge_point(0, 0, '80<main.rpyeffect:80([mcore:[#79]#175])>+1: {"op": "Swap". "type": "ptr". "a": 1. "b". 0}')
debug_merge_point(0, 0, '80<main.rpyeffect:80([mcore:[#79]#175])>+2: {"op": "Jump". "target": 77}')
debug_merge_point(0, 0, '77<main.rpyeffect:77(Name(resume134133))>+0: {"op": "PushStack". "arg": 1}')
+624: guard_isnull(p4, descr=<Guard0x158412c20>) [p2, i7, i9, i11, i13, p16, p18, p20, p22, p24, p26, p0, p1, p3, p4]
+636: guard_nonnull_class(p36, 4342476480, descr=<Guard0x1583f2a70>) [p2, i7, i9, i11, i13, p16, p18, p20, p22, p24, p26, p0, p1, p3, p4]
+660: p38 = getfield_gc_r(p36, descr=<FieldP rpyeffect.stack.MetaStack.inst_region 24 pure>)
+664: guard_isnull(p38, descr=<Guard0x158412c60>) [p2, i7, i9, i11, i13, p16, p18, p20, p22, p24, p26, p0, p1, p3, p4]
+672: p39 = getfield_gc_r(p36, descr=<FieldP rpyeffect.stack.MetaStackLike.inst_stack 8 pure>)
+676: p40 = getfield_gc_r(p36, descr=<FieldP rpyeffect.stack.MetaStack.inst_tail 32 pure>)
+680: guard_isnull(p40, descr=<Guard0x158412ca0>) [p2, i7, i9, i11, i13, p16, p18, p20, p22, p24, p26, p0, p1, p3, p4]
+688: p41 = getfield_gc_r(p36, descr=<FieldP rpyeffect.stack.MetaStack.inst_label 16 pure>)
+692: guard_nonnull(p39, descr=<Guard0x158412ce0>) [p2, i7, i9, i11, i13, p16, p18, p20, p22, p24, p26, p0, p1, p3, p4]
+700: i42 = getfield_gc_i(p39, descr=<FieldS rpyeffect.stored_environment.Stack__arb_arb.inst_target 16 pure>)
+704: guard_value(i42, 72, descr=<Guard0x158412d20>) [p2, i7, i9, i11, i13, p16, p18, p20, p22, p24, p26, p0, p1, p3, p4]
debug_merge_point(0, 0, '77<main.rpyeffect:77(Name(resume134133))>+1: {"op": "Return". "args": {"num": []. "ptr": [0]}}')
+716: p44 = getfield_gc_r(p39, descr=<FieldP rpyeffect.stored_environment.Stack__0_2.inst_values_ptr_0 40 pure>)
+716: p45 = getfield_gc_r(p39, descr=<FieldP rpyeffect.stored_environment.Stack__0_2.inst_values_ptr_1 48 pure>)
+720: p46 = getfield_gc_r(p39, descr=<FieldP rpyeffect.stored_environment.Stack__arb_arb.inst_tail 8 pure>)
+724: guard_nonnull(p46, descr=<Guard0x158412d60>) [p2, i7, i9, i11, i13, p16, p18, p20, p22, p24, p26, p0, p1, p3, p4]
+732: i47 = getfield_gc_i(p46, descr=<FieldS rpyeffect.stored_environment.Stack__arb_arb.inst_target 16 pure>)
+736: guard_value(i47, 73, descr=<Guard0x158412da0>) [p2, i7, i9, i11, i13, p16, p18, p20, p22, p24, p26, p0, p1, p3, p4]
debug_merge_point(0, 0, '72<main.rpyeffect:72([k@[#167]#169])>+0: {"op": "Copy". "type": "ptr". "from": 2. "to". 0}')
debug_merge_point(0, 0, '72<main.rpyeffect:72([k@[#167]#169])>+1: {"op": "Jump". "target": 75}')
debug_merge_point(0, 0, '75<main.rpyeffect:75(Name(iterate54066))>+0: {"op": "Swap". "type": "ptr". "a": 1. "b". 0}')
debug_merge_point(0, 0, '75<main.rpyeffect:75(Name(iterate54066))>+1: {"op": "Match". "type": Interned(Tree2631). "scrutinee": 1. "clauses": [{"tag": Interned(Leaf2646). "target": 71. "args": {"num": []. "ptr": []}}. {"tag": Interned(Node2647). "target": 74. "args": {"num": [0]. "ptr": [1. 2]}}]. "default": {"tag": Interned(652a7bdb-f0ab-4706-8469-80bed1f1780f#[Missing Tag#368]). "target": 70. "args": {"num": []. "ptr": []}}}')
+748: p49 = getfield_gc_r(p45, descr=<FieldP rpyeffect.stored_environment.Data__arb_arb.inst_tag 8>)
+756: guard_value(p49, ConstPtr(ptr50), descr=<Guard0x158412de0>) [p2, i7, i9, i11, i13, p16, p18, p20, p22, p24, p26, p0, p1, p3, p4]
debug_merge_point(0, 0, '71<main.rpyeffect:71([match_Leaf2646@Name(iterate54066)#163])>+0: {"op": "Construct". "out": 0. "type": Interned(Unit). "tag": Interned(unit). "args": {"num": []. "ptr": []}}')
debug_merge_point(0, 0, '71<main.rpyeffect:71([match_Leaf2646@Name(iterate54066)#163])>+1: {"op": "Return". "args": {"num": []. "ptr": [0]}}')
+764: i51 = getfield_gc_i(p46, descr=<FieldS rpyeffect.stored_environment.Stack__1_2.inst_values_num_0 40 pure>)
+768: p52 = getfield_gc_r(p46, descr=<FieldP rpyeffect.stored_environment.Stack__1_2.inst_values_ptr_0 48 pure>)
+772: p53 = getfield_gc_r(p46, descr=<FieldP rpyeffect.stored_environment.Stack__1_2.inst_values_ptr_1 56 pure>)
+776: p54 = getfield_gc_r(p46, descr=<FieldP rpyeffect.stored_environment.Stack__arb_arb.inst_tail 8 pure>)
debug_merge_point(0, 0, '73<main.rpyeffect:73([#167])>+0: {"op": "Push". "target": 72. "args": {"num": []. "ptr": [1. 2]}}')
debug_merge_point(0, 0, '73<main.rpyeffect:73([#167])>+1: {"op": "Copy". "type": "ptr". "from": 1. "to". 0}')
debug_merge_point(0, 0, '73<main.rpyeffect:73([#167])>+2: {"op": "Jump". "target": 69}')
debug_merge_point(0, 0, '69<main.rpyeffect:69([mcore:[#74]#161])>+0: {"op": "Invoke". "receiver": 0. "tag": Interned(%yield2645(n):p). "args" : {"num": [0]. "ptr": []}}')
+780: p55 = getfield_gc_r(p52, descr=<FieldP rpyeffect.stored_environment.CoData__arb_arb.inst_vtable 24 pure>)
+788: guard_value(p55, ConstPtr(ptr56), descr=<Guard0x158412e20>) [p2, i7, i9, i11, i13, p16, p18, p20, p22, p24, p26, p0, p1, p3, p4]
+796: p57 = getfield_gc_r(p52, descr=<FieldP rpyeffect.stored_environment.CoData__0_3.inst_values_ptr_0 32 pure>)
+800: p58 = getfield_gc_r(p52, descr=<FieldP rpyeffect.stored_environment.CoData__0_3.inst_values_ptr_1 40 pure>)
+804: p59 = getfield_gc_r(p52, descr=<FieldP rpyeffect.stored_environment.CoData__0_3.inst_values_ptr_2 48 pure>)
debug_merge_point(0, 0, '110<main.rpyeffect:110([#245])>+0: {"op": "Const". "type": "num". "out": 1. "value": 0}')
debug_merge_point(0, 0, '110<main.rpyeffect:110([#245])>+1: {"op": "ShiftDyn". "out": 1. "n": 1. "label": 1}')
+808: i60 = instance_ptr_eq(p41, p58)
guard_true(i60, descr=<Guard0x158412e60>) [p2, i7, i9, i11, i13, p16, p18, p20, p22, p24, p26, p0, p1, p3, p4]
debug_merge_point(0, 0, '110<main.rpyeffect:110([#245])>+2: {"op": "PrimOp". "name": "box(Num): Ptr". "out": {"num": []. "ptr": [3]}. "in": {"num": [0]. "ptr": []}}')
debug_merge_point(0, 0, '110<main.rpyeffect:110([#245])>+3: {"op": "Construct". "out": 3. "type": Interned(Option687). "tag": Interned(Some743). "args": {"num": []. "ptr": [3]}}')
debug_merge_point(0, 0, '110<main.rpyeffect:110([#245])>+4: {"op": "Push". "target": 109. "args": {"num": []. "ptr": [0. 1]}}')
debug_merge_point(0, 0, '110<main.rpyeffect:110([#245])>+5: {"op": "Copy". "type": "ptr". "from": 3. "to". 0}')
debug_merge_point(0, 0, '110<main.rpyeffect:110([#245])>+6: {"op": "Copy". "type": "ptr". "from": 2. "to". 1}')
debug_merge_point(0, 0, '110<main.rpyeffect:110([#245])>+7: {"op": "Jump". "target": 78}')
debug_merge_point(0, 0, '78<main.rpyeffect:78([mcore:[#76]#171])>+0: {"op": "Store". "ref": 1. "type": "ptr". "value": 0}')
debug_merge_point(0, 0, '78<main.rpyeffect:78([mcore:[#76]#171])>+1: {"op": "Construct". "out": 0. "type": Interned(Unit). "tag": Interned(unit). "args": {"num": []. "ptr": []}}')
debug_merge_point(0, 0, '78<main.rpyeffect:78([mcore:[#76]#171])>+2: {"op": "Return". "args": {"num": []. "ptr": [0]}}')
debug_merge_point(0, 0, '109<main.rpyeffect:109([k@[#245]#257])>+0: {"op": "New". "out": 0. "targets": [108]. "args": {"num": []. "ptr": [2]}}')
debug_merge_point(0, 0, '109<main.rpyeffect:109([k@[#245]#257])>+1: {"op": "Jump". "target": 79}')
debug_merge_point(0, 0, '79<main.rpyeffect:79([mcore:[#77]#173])>+0: {"op": "Store". "ref": 1. "type": "ptr". "value": 0}')
+816: p61 = new_with_vtable(descr=<SizeDescr 40>)
+932: setfield_gc(p61, ConstPtr(ptr62), descr=<FieldP rpyeffect.stored_environment.Data__arb_arb.inst_tag 8>)
+936: p63 = new_with_vtable(descr=<SizeDescr 16>)
+948: setfield_gc(p63, i51, descr=<FieldS rpyeffect.region.NumBox.inst_value 8 pure>)
+952: setfield_gc(p61, p63, descr=<FieldP rpyeffect.stored_environment.Data__0_1.inst_values_ptr_0 32 pure>)
+1020: setfield_gc(p59, p61, descr=<FieldP rpyeffect.region.PtrRef.inst_value 8>)
debug_merge_point(0, 0, '79<main.rpyeffect:79([mcore:[#77]#173])>+1: {"op": "Construct". "out": 0. "type": Interned(Unit). "tag": Interned(unit). "args": {"num": []. "ptr": []}}')
debug_merge_point(0, 0, '79<main.rpyeffect:79([mcore:[#77]#173])>+2: {"op": "Return". "args": {"num": []. "ptr": [0]}}')
+1040: i64 = getfield_gc_i(p1, descr=<FieldS rpyeffect.stored_environment.Stack__2_1.inst_values_num_0 40 pure>)
+1044: i65 = getfield_gc_i(p1, descr=<FieldS rpyeffect.stored_environment.Stack__2_1.inst_values_num_1 48 pure>)
+1048: p66 = getfield_gc_r(p1, descr=<FieldP rpyeffect.stored_environment.Stack__2_1.inst_values_ptr_0 56 pure>)
+1052: p67 = getfield_gc_r(p1, descr=<FieldP rpyeffect.stored_environment.Stack__arb_arb.inst_tail 8 pure>)
debug_merge_point(0, 0, '89<main.rpyeffect:89([k@[#193]#197])>+0: {"op": "Push". "target": 88. "args": {"num": []. "ptr": [1]}}')
debug_merge_point(0, 0, '89<main.rpyeffect:89([k@[#193]#197])>+1: {"op": "Jump". "target": 6}')
debug_merge_point(0, 0, '6<main.rpyeffect:6(Name(infixAdd95))>+0: {"op": "PrimOp". "name": "infixAdd(Int. Int): Int". "out": {"num": [0]. "ptr": []}. "in": {"num": [0. 1]. "ptr": []}}')
+1056: i68 = int_add(i64, i65)
debug_merge_point(0, 0, '6<main.rpyeffect:6(Name(infixAdd95))>+1: {"op": "Return". "args": {"num": [0]. "ptr": []}}')
debug_merge_point(0, 0, '88<main.rpyeffect:88([k@[k@[#193]#197]#199])>+0: {"op": "Jump". "target": 92}')
debug_merge_point(0, 0, '92<main.rpyeffect:92(Name(consumer234073))>+0: {"op": "Push". "target": 91. "args": {"num": [0]. "ptr": [0]}}')
debug_merge_point(0, 0, '92<main.rpyeffect:92(Name(consumer234073))>+1: {"op": "Jump". "target": 84}')
debug_merge_point(0, 0, '84<main.rpyeffect:84([mcore:[#83]#184])>+0: {"op": "Invoke". "receiver": 0. "tag": Interned(%value2654():p). "args" : {"num": []. "ptr": []}}')
+1060: p69 = getfield_gc_r(p66, descr=<FieldP rpyeffect.stored_environment.CoData__arb_arb.inst_vtable 24 pure>)
+1064: guard_value(p69, ConstPtr(ptr70), descr=<Guard0x1583f2ac8>) [p2, i68, i65, i11, i13, p66, p61, p24, p26, p0, p3, p69, p57, p67, p53, p52, p54, p41]
+1072: p71 = getfield_gc_r(p66, descr=<FieldP rpyeffect.stored_environment.CoData__0_2.inst_values_ptr_0 32 pure>)
+1076: p72 = getfield_gc_r(p66, descr=<FieldP rpyeffect.stored_environment.CoData__0_2.inst_values_ptr_1 40 pure>)
debug_merge_point(0, 0, '100<main.rpyeffect:100([#230])>+0: {"op": "Copy". "type": "ptr". "from": 1. "to". 0}')
debug_merge_point(0, 0, '100<main.rpyeffect:100([#230])>+1: {"op": "Jump". "target": 82}')
debug_merge_point(0, 0, '82<main.rpyeffect:82([mcore:[#81]#180])>+0: {"op": "Load". "out": 0. "type": "ptr". "ref": 0}')
+1080: p73 = new_with_vtable(descr=<SizeDescr 40>)
+1092: setfield_gc(p73, ConstPtr(ptr74), descr=<FieldP rpyeffect.stored_environment.CoData__arb_arb.inst_vtable 24 pure>)
+1096: p75 = new_with_vtable(descr=<SizeDescr 40>)
+1108: p76 = new_with_vtable(descr=<SizeDescr 56>)
+1124: setfield_gc(p76, p54, descr=<FieldP rpyeffect.stored_environment.Stack__arb_arb.inst_tail 8 pure>)
+1128: setfield_gc(p76, 72, descr=<FieldS rpyeffect.stored_environment.Stack__arb_arb.inst_target 16 pure>)
+1136: setfield_gc(p76, p52, descr=<FieldP rpyeffect.stored_environment.Stack__0_2.inst_values_ptr_0 40 pure>)
+1140: setfield_gc(p76, p53, descr=<FieldP rpyeffect.stored_environment.Stack__0_2.inst_values_ptr_1 48 pure>)
+1144: setfield_gc(p75, p76, descr=<FieldP rpyeffect.stack.MetaStackLike.inst_stack 8 pure>)
+1148: setfield_gc(p75, p41, descr=<FieldP rpyeffect.stack.MetaStack.inst_label 16 pure>)
+1152: setfield_gc(p75, ConstPtr(null), descr=<FieldP rpyeffect.stack.MetaStack.inst_region 24 pure>)
+1160: setfield_gc(p75, ConstPtr(null), descr=<FieldP rpyeffect.stack.MetaStack.inst_tail 32 pure>)
+1168: setfield_gc(p73, p75, descr=<FieldP rpyeffect.stored_environment.CoData__0_1.inst_values_ptr_0 32 pure>)
+1236: setfield_gc(p57, p73, descr=<FieldP rpyeffect.region.PtrRef.inst_value 8>)
+1272: p80 = getfield_gc_r(p72, descr=<FieldP rpyeffect.region.PtrRef.inst_value 8>)
debug_merge_point(0, 0, '82<main.rpyeffect:82([mcore:[#81]#180])>+1: {"op": "Return". "args": {"num": []. "ptr": [0]}}')
debug_merge_point(0, 0, '91<main.rpyeffect:91([k@Name(consumer234073)#187])>+0: {"op": "Swap". "type": "ptr". "a": 1. "b". 0}')
debug_merge_point(0, 0, '91<main.rpyeffect:91([k@Name(consumer234073)#187])>+1: {"op": "Match". "type": Interned(Option687). "scrutinee": 1. "clauses": [{"tag": Interned(None742). "target": 87. "args": {"num": []. "ptr": []}}. {"tag": Interned(Some743). "target": 90. "args": {"num": []. "ptr": [1]}}]. "default": {"tag": Interned(652a7bdb-f0ab-4706-8469-80bed1f1780f#[Missing Tag#369]). "target": 86. "args": {"num": []. "ptr": []}}}')
+1276: p81 = getfield_gc_r(p80, descr=<FieldP rpyeffect.stored_environment.Data__arb_arb.inst_tag 8>)
+1280: guard_value(p81, ConstPtr(ptr82), descr=<Guard0x1583f2b20>) [p2, i68, i65, i11, i13, p66, p80, p75, p61, p24, p26, p0, p67, p3, p81, None, None, None, None, None, None]
+1288: p84 = getfield_gc_r(p80, descr=<FieldP rpyeffect.stored_environment.Data__0_1.inst_values_ptr_0 32 pure>)
+1292: guard_nonnull(p67, descr=<Guard0x158412ea0>) [p2, i68, i65, i11, i13, p66, p80, p75, p61, p24, p26, p0, p67, p3, p81, None, None, None, None, None, None]
+1300: i85 = getfield_gc_i(p67, descr=<FieldS rpyeffect.stored_environment.Stack__arb_arb.inst_target 16 pure>)
+1304: guard_value(i85, 96, descr=<Guard0x158412ee0>) [p2, i68, i65, i11, i13, p66, p80, p75, p61, p24, p26, p0, p67, p3, p81, None, None, None, None, None, None]
debug_merge_point(0, 0, '90<main.rpyeffect:90([#193])>+0: {"op": "PrimOp". "name": "unbox(Ptr): Num". "out": {"num": [1]. "ptr": []}. "in": {"num": []. "ptr": [1]}}')
+1316: i87 = getfield_gc_i(p84, descr=<FieldS rpyeffect.region.NumBox.inst_value 8 pure>)
debug_merge_point(0, 0, '90<main.rpyeffect:90([#193])>+1: {"op": "Push". "target": 89. "args": {"num": [0. 1]. "ptr": [0]}}')
debug_merge_point(0, 0, '90<main.rpyeffect:90([#193])>+2: {"op": "Jump". "target": 85}')
+1320: label(p0, p67, i68, i87, p66, p2, p3, i11, i13, p84, p75, p61, p24, p26, p71, p72, descr=TargetToken(5775499104))
debug_merge_point(0, 0, '90<main.rpyeffect:90([#193])>+2: {"op": "Jump". "target": 85}')
+1336: guard_not_invalidated(descr=<Guard0x1583f2b78>) [p2, i68, i87, i11, i13, p66, p84, p75, p61, p24, p26, p0, p3, p67]
debug_merge_point(0, 0, '85<main.rpyeffect:85([mcore:[#84]#185])>+0: {"op": "Invoke". "receiver": 0. "tag": Interned(%next2655():p). "args" : {"num": []. "ptr": []}}')
debug_merge_point(0, 0, '103<main.rpyeffect:103([#234])>+0: {"op": "Push". "target": 102. "args": {"num": []. "ptr": []}}')
debug_merge_point(0, 0, '103<main.rpyeffect:103([#234])>+1: {"op": "Jump". "target": 83}')
debug_merge_point(0, 0, '83<main.rpyeffect:83([mcore:[#82]#182])>+0: {"op": "Load". "out": 0. "type": "ptr". "ref": 0}')
+1340: p88 = getfield_gc_r(p71, descr=<FieldP rpyeffect.region.PtrRef.inst_value 8>)
debug_merge_point(0, 0, '83<main.rpyeffect:83([mcore:[#82]#182])>+1: {"op": "Return". "args": {"num": []. "ptr": [0]}}')
debug_merge_point(0, 0, '102<main.rpyeffect:102([k@[#234]#236])>+0: {"op": "Invoke". "receiver": 0. "tag": Interned(%apply():p). "args" : {"num": []. "ptr": []}}')
+1344: p89 = getfield_gc_r(p88, descr=<FieldP rpyeffect.stored_environment.CoData__arb_arb.inst_vtable 24 pure>)
+1352: guard_value(p89, ConstPtr(ptr90), descr=<Guard0x158412f20>) [p2, i68, i87, i11, i13, p66, p84, p75, p61, p24, p26, p0, p3, p67]
+1360: p91 = getfield_gc_r(p88, descr=<FieldP rpyeffect.stored_environment.CoData__0_1.inst_values_ptr_0 32 pure>)
debug_merge_point(0, 0, '108<main.rpyeffect:108([method_%apply():p@[k@[#245]#257]#260])>+0: {"op": "Jump". "target": 80}')
debug_merge_point(0, 0, '80<main.rpyeffect:80([mcore:[#79]#175])>+0: {"op": "Construct". "out": 1. "type": Interned(Unit). "tag": Interned(unit). "args": {"num": []. "ptr": []}}')
debug_merge_point(0, 0, '80<main.rpyeffect:80([mcore:[#79]#175])>+1: {"op": "Swap". "type": "ptr". "a": 1. "b". 0}')
debug_merge_point(0, 0, '80<main.rpyeffect:80([mcore:[#79]#175])>+2: {"op": "Jump". "target": 77}')
debug_merge_point(0, 0, '77<main.rpyeffect:77(Name(resume134133))>+0: {"op": "PushStack". "arg": 1}')
+1364: guard_nonnull_class(p91, 4342476480, descr=<Guard0x1583f2bd0>) [p2, i68, i87, i11, i13, p66, p84, p75, p61, p24, p26, p0, p3, p67]
+1388: p93 = getfield_gc_r(p91, descr=<FieldP rpyeffect.stack.MetaStack.inst_region 24 pure>)
+1392: guard_isnull(p93, descr=<Guard0x158412f60>) [p2, i68, i87, i11, i13, p66, p84, p75, p61, p24, p26, p0, p3, p67]
+1400: p94 = getfield_gc_r(p91, descr=<FieldP rpyeffect.stack.MetaStackLike.inst_stack 8 pure>)
+1404: p95 = getfield_gc_r(p91, descr=<FieldP rpyeffect.stack.MetaStack.inst_tail 32 pure>)
+1408: guard_isnull(p95, descr=<Guard0x158412fa0>) [p2, i68, i87, i11, i13, p66, p84, p75, p61, p24, p26, p0, p3, p67]
+1416: p96 = getfield_gc_r(p91, descr=<FieldP rpyeffect.stack.MetaStack.inst_label 16 pure>)
+1420: guard_nonnull(p94, descr=<Guard0x158412fe0>) [p2, i68, i87, i11, i13, p66, p84, p75, p61, p24, p26, p0, p3, p67]
+1428: i97 = getfield_gc_i(p94, descr=<FieldS rpyeffect.stored_environment.Stack__arb_arb.inst_target 16 pure>)
+1432: guard_value(i97, 72, descr=<Guard0x158413020>) [p2, i68, i87, i11, i13, p66, p84, p75, p61, p24, p26, p0, p3, p67]
debug_merge_point(0, 0, '77<main.rpyeffect:77(Name(resume134133))>+1: {"op": "Return". "args": {"num": []. "ptr": [0]}}')
+1444: p99 = getfield_gc_r(p94, descr=<FieldP rpyeffect.stored_environment.Stack__0_2.inst_values_ptr_0 40 pure>)
+1444: p100 = getfield_gc_r(p94, descr=<FieldP rpyeffect.stored_environment.Stack__0_2.inst_values_ptr_1 48 pure>)
+1448: p101 = getfield_gc_r(p94, descr=<FieldP rpyeffect.stored_environment.Stack__arb_arb.inst_tail 8 pure>)
+1452: guard_nonnull(p101, descr=<Guard0x158413060>) [p2, i68, i87, i11, i13, p66, p84, p75, p61, p24, p26, p0, p3, p67]
+1460: i102 = getfield_gc_i(p101, descr=<FieldS rpyeffect.stored_environment.Stack__arb_arb.inst_target 16 pure>)
+1464: guard_value(i102, 73, descr=<Guard0x1584130a0>) [p2, i68, i87, i11, i13, p66, p84, p75, p61, p24, p26, p0, p3, p67]
debug_merge_point(0, 0, '72<main.rpyeffect:72([k@[#167]#169])>+0: {"op": "Copy". "type": "ptr". "from": 2. "to". 0}')
debug_merge_point(0, 0, '72<main.rpyeffect:72([k@[#167]#169])>+1: {"op": "Jump". "target": 75}')
debug_merge_point(0, 0, '75<main.rpyeffect:75(Name(iterate54066))>+0: {"op": "Swap". "type": "ptr". "a": 1. "b". 0}')
debug_merge_point(0, 0, '75<main.rpyeffect:75(Name(iterate54066))>+1: {"op": "Match". "type": Interned(Tree2631). "scrutinee": 1. "clauses": [{"tag": Interned(Leaf2646). "target": 71. "args": {"num": []. "ptr": []}}. {"tag": Interned(Node2647). "target": 74. "args": {"num": [0]. "ptr": [1. 2]}}]. "default": {"tag": Interned(652a7bdb-f0ab-4706-8469-80bed1f1780f#[Missing Tag#368]). "target": 70. "args": {"num": []. "ptr": []}}}')
+1476: p104 = getfield_gc_r(p100, descr=<FieldP rpyeffect.stored_environment.Data__arb_arb.inst_tag 8>)
+1484: guard_value(p104, ConstPtr(ptr105), descr=<Guard0x1584130e0>) [p2, i68, i87, i11, i13, p66, p84, p75, p61, p24, p26, p0, p3, p67]
debug_merge_point(0, 0, '71<main.rpyeffect:71([match_Leaf2646@Name(iterate54066)#163])>+0: {"op": "Construct". "out": 0. "type": Interned(Unit). "tag": Interned(unit). "args": {"num": []. "ptr": []}}')
debug_merge_point(0, 0, '71<main.rpyeffect:71([match_Leaf2646@Name(iterate54066)#163])>+1: {"op": "Return". "args": {"num": []. "ptr": [0]}}')
+1492: i106 = getfield_gc_i(p101, descr=<FieldS rpyeffect.stored_environment.Stack__1_2.inst_values_num_0 40 pure>)
+1496: p107 = getfield_gc_r(p101, descr=<FieldP rpyeffect.stored_environment.Stack__1_2.inst_values_ptr_0 48 pure>)
+1500: p108 = getfield_gc_r(p101, descr=<FieldP rpyeffect.stored_environment.Stack__1_2.inst_values_ptr_1 56 pure>)
+1504: p109 = getfield_gc_r(p101, descr=<FieldP rpyeffect.stored_environment.Stack__arb_arb.inst_tail 8 pure>)
debug_merge_point(0, 0, '73<main.rpyeffect:73([#167])>+0: {"op": "Push". "target": 72. "args": {"num": []. "ptr": [1. 2]}}')
debug_merge_point(0, 0, '73<main.rpyeffect:73([#167])>+1: {"op": "Copy". "type": "ptr". "from": 1. "to". 0}')
debug_merge_point(0, 0, '73<main.rpyeffect:73([#167])>+2: {"op": "Jump". "target": 69}')
debug_merge_point(0, 0, '69<main.rpyeffect:69([mcore:[#74]#161])>+0: {"op": "Invoke". "receiver": 0. "tag": Interned(%yield2645(n):p). "args" : {"num": [0]. "ptr": []}}')
+1508: p110 = getfield_gc_r(p107, descr=<FieldP rpyeffect.stored_environment.CoData__arb_arb.inst_vtable 24 pure>)
+1516: guard_value(p110, ConstPtr(ptr111), descr=<Guard0x158413120>) [p2, i68, i87, i11, i13, p66, p84, p75, p61, p24, p26, p0, p3, p67]
+1524: p112 = getfield_gc_r(p107, descr=<FieldP rpyeffect.stored_environment.CoData__0_3.inst_values_ptr_0 32 pure>)
+1528: p113 = getfield_gc_r(p107, descr=<FieldP rpyeffect.stored_environment.CoData__0_3.inst_values_ptr_1 40 pure>)
+1532: p114 = getfield_gc_r(p107, descr=<FieldP rpyeffect.stored_environment.CoData__0_3.inst_values_ptr_2 48 pure>)
debug_merge_point(0, 0, '110<main.rpyeffect:110([#245])>+0: {"op": "Const". "type": "num". "out": 1. "value": 0}')
debug_merge_point(0, 0, '110<main.rpyeffect:110([#245])>+1: {"op": "ShiftDyn". "out": 1. "n": 1. "label": 1}')
+1536: i115 = instance_ptr_eq(p96, p113)
guard_true(i115, descr=<Guard0x158413160>) [p2, i68, i87, i11, i13, p66, p84, p75, p61, p24, p26, p0, p3, p67]
debug_merge_point(0, 0, '110<main.rpyeffect:110([#245])>+2: {"op": "PrimOp". "name": "box(Num): Ptr". "out": {"num": []. "ptr": [3]}. "in": {"num": [0]. "ptr": []}}')
debug_merge_point(0, 0, '110<main.rpyeffect:110([#245])>+3: {"op": "Construct". "out": 3. "type": Interned(Option687). "tag": Interned(Some743). "args": {"num": []. "ptr": [3]}}')
debug_merge_point(0, 0, '110<main.rpyeffect:110([#245])>+4: {"op": "Push". "target": 109. "args": {"num": []. "ptr": [0. 1]}}')
debug_merge_point(0, 0, '110<main.rpyeffect:110([#245])>+5: {"op": "Copy". "type": "ptr". "from": 3. "to". 0}')
debug_merge_point(0, 0, '110<main.rpyeffect:110([#245])>+6: {"op": "Copy". "type": "ptr". "from": 2. "to". 1}')
debug_merge_point(0, 0, '110<main.rpyeffect:110([#245])>+7: {"op": "Jump". "target": 78}')
debug_merge_point(0, 0, '78<main.rpyeffect:78([mcore:[#76]#171])>+0: {"op": "Store". "ref": 1. "type": "ptr". "value": 0}')
debug_merge_point(0, 0, '78<main.rpyeffect:78([mcore:[#76]#171])>+1: {"op": "Construct". "out": 0. "type": Interned(Unit). "tag": Interned(unit). "args": {"num": []. "ptr": []}}')
debug_merge_point(0, 0, '78<main.rpyeffect:78([mcore:[#76]#171])>+2: {"op": "Return". "args": {"num": []. "ptr": [0]}}')
debug_merge_point(0, 0, '109<main.rpyeffect:109([k@[#245]#257])>+0: {"op": "New". "out": 0. "targets": [108]. "args": {"num": []. "ptr": [2]}}')
debug_merge_point(0, 0, '109<main.rpyeffect:109([k@[#245]#257])>+1: {"op": "Jump". "target": 79}')
debug_merge_point(0, 0, '79<main.rpyeffect:79([mcore:[#77]#173])>+0: {"op": "Store". "ref": 1. "type": "ptr". "value": 0}')
+1544: p116 = new_with_vtable(descr=<SizeDescr 40>)
+1660: setfield_gc(p116, ConstPtr(ptr117), descr=<FieldP rpyeffect.stored_environment.Data__arb_arb.inst_tag 8>)
+1664: p118 = new_with_vtable(descr=<SizeDescr 16>)
+1676: setfield_gc(p118, i106, descr=<FieldS rpyeffect.region.NumBox.inst_value 8 pure>)
+1680: setfield_gc(p116, p118, descr=<FieldP rpyeffect.stored_environment.Data__0_1.inst_values_ptr_0 32 pure>)
+1748: setfield_gc(p114, p116, descr=<FieldP rpyeffect.region.PtrRef.inst_value 8>)
debug_merge_point(0, 0, '79<main.rpyeffect:79([mcore:[#77]#173])>+1: {"op": "Construct". "out": 0. "type": Interned(Unit). "tag": Interned(unit). "args": {"num": []. "ptr": []}}')
debug_merge_point(0, 0, '79<main.rpyeffect:79([mcore:[#77]#173])>+2: {"op": "Return". "args": {"num": []. "ptr": [0]}}')
debug_merge_point(0, 0, '89<main.rpyeffect:89([k@[#193]#197])>+0: {"op": "Push". "target": 88. "args": {"num": []. "ptr": [1]}}')
debug_merge_point(0, 0, '89<main.rpyeffect:89([k@[#193]#197])>+1: {"op": "Jump". "target": 6}')
debug_merge_point(0, 0, '6<main.rpyeffect:6(Name(infixAdd95))>+0: {"op": "PrimOp". "name": "infixAdd(Int. Int): Int". "out": {"num": [0]. "ptr": []}. "in": {"num": [0. 1]. "ptr": []}}')
+1752: i119 = int_add(i68, i87)
debug_merge_point(0, 0, '6<main.rpyeffect:6(Name(infixAdd95))>+1: {"op": "Return". "args": {"num": [0]. "ptr": []}}')
debug_merge_point(0, 0, '88<main.rpyeffect:88([k@[k@[#193]#197]#199])>+0: {"op": "Jump". "target": 92}')
debug_merge_point(0, 0, '92<main.rpyeffect:92(Name(consumer234073))>+0: {"op": "Push". "target": 91. "args": {"num": [0]. "ptr": [0]}}')
debug_merge_point(0, 0, '92<main.rpyeffect:92(Name(consumer234073))>+1: {"op": "Jump". "target": 84}')
debug_merge_point(0, 0, '84<main.rpyeffect:84([mcore:[#83]#184])>+0: {"op": "Invoke". "receiver": 0. "tag": Interned(%value2654():p). "args" : {"num": []. "ptr": []}}')
debug_merge_point(0, 0, '100<main.rpyeffect:100([#230])>+0: {"op": "Copy". "type": "ptr". "from": 1. "to". 0}')
debug_merge_point(0, 0, '100<main.rpyeffect:100([#230])>+1: {"op": "Jump". "target": 82}')
debug_merge_point(0, 0, '82<main.rpyeffect:82([mcore:[#81]#180])>+0: {"op": "Load". "out": 0. "type": "ptr". "ref": 0}')
+1756: p120 = new_with_vtable(descr=<SizeDescr 40>)
+1768: setfield_gc(p120, ConstPtr(ptr121), descr=<FieldP rpyeffect.stored_environment.CoData__arb_arb.inst_vtable 24 pure>)
+1772: p122 = new_with_vtable(descr=<SizeDescr 40>)
+1784: p123 = new_with_vtable(descr=<SizeDescr 56>)
+1796: setfield_gc(p123, p109, descr=<FieldP rpyeffect.stored_environment.Stack__arb_arb.inst_tail 8 pure>)
+1800: setfield_gc(p123, 72, descr=<FieldS rpyeffect.stored_environment.Stack__arb_arb.inst_target 16 pure>)
+1808: setfield_gc(p123, p107, descr=<FieldP rpyeffect.stored_environment.Stack__0_2.inst_values_ptr_0 40 pure>)
+1812: setfield_gc(p123, p108, descr=<FieldP rpyeffect.stored_environment.Stack__0_2.inst_values_ptr_1 48 pure>)
+1816: setfield_gc(p122, p123, descr=<FieldP rpyeffect.stack.MetaStackLike.inst_stack 8 pure>)
+1820: setfield_gc(p122, p96, descr=<FieldP rpyeffect.stack.MetaStack.inst_label 16 pure>)
+1828: setfield_gc(p122, ConstPtr(null), descr=<FieldP rpyeffect.stack.MetaStack.inst_region 24 pure>)
+1836: setfield_gc(p122, ConstPtr(null), descr=<FieldP rpyeffect.stack.MetaStack.inst_tail 32 pure>)
+1844: setfield_gc(p120, p122, descr=<FieldP rpyeffect.stored_environment.CoData__0_1.inst_values_ptr_0 32 pure>)
+1912: setfield_gc(p112, p120, descr=<FieldP rpyeffect.region.PtrRef.inst_value 8>)
+1964: p127 = getfield_gc_r(p72, descr=<FieldP rpyeffect.region.PtrRef.inst_value 8>)
debug_merge_point(0, 0, '82<main.rpyeffect:82([mcore:[#81]#180])>+1: {"op": "Return". "args": {"num": []. "ptr": [0]}}')
debug_merge_point(0, 0, '91<main.rpyeffect:91([k@Name(consumer234073)#187])>+0: {"op": "Swap". "type": "ptr". "a": 1. "b". 0}')
debug_merge_point(0, 0, '91<main.rpyeffect:91([k@Name(consumer234073)#187])>+1: {"op": "Match". "type": Interned(Option687). "scrutinee": 1. "clauses": [{"tag": Interned(None742). "target": 87. "args": {"num": []. "ptr": []}}. {"tag": Interned(Some743). "target": 90. "args": {"num": []. "ptr": [1]}}]. "default": {"tag": Interned(652a7bdb-f0ab-4706-8469-80bed1f1780f#[Missing Tag#369]). "target": 86. "args": {"num": []. "ptr": []}}}')
+1968: p128 = getfield_gc_r(p127, descr=<FieldP rpyeffect.stored_environment.Data__arb_arb.inst_tag 8>)
+1972: guard_value(p128, ConstPtr(ptr129), descr=<Guard0x1583f2c28>) [p2, i119, i87, i11, i13, p66, p127, p122, p116, p24, p26, p0, p67, p3, p128, None]
+1980: p130 = getfield_gc_r(p127, descr=<FieldP rpyeffect.stored_environment.Data__0_1.inst_values_ptr_0 32 pure>)
debug_merge_point(0, 0, '90<main.rpyeffect:90([#193])>+0: {"op": "PrimOp". "name": "unbox(Ptr): Num". "out": {"num": [1]. "ptr": []}. "in": {"num": []. "ptr": [1]}}')
+1984: i131 = getfield_gc_i(p130, descr=<FieldS rpyeffect.region.NumBox.inst_value 8 pure>)
debug_merge_point(0, 0, '90<main.rpyeffect:90([#193])>+1: {"op": "Push". "target": 89. "args": {"num": [0. 1]. "ptr": [0]}}')
debug_merge_point(0, 0, '90<main.rpyeffect:90([#193])>+2: {"op": "Jump". "target": 85}')
+1988: jump(p0, p67, i119, i131, p66, p2, p3, i11, i13, p130, p122, p116, p24, p26, p71, p72, descr=TargetToken(5775499104))
+2008: --end of the loop--
[6c0d75] jit-log-opt-loop}
[712add] {jit-log-opt-loop
# Loop 4 (103<main.rpyeffect:103([#234])>+1: {"op": "Jump", "target": 83}) : entry bridge with 68 ops
[p0, p1, p2, p3, p4]
+296: p5 = getfield_gc_r(p2, descr=<FieldP rpyeffect.environment.Environment.inst_values_num 16>)
+304: i7 = getarrayitem_gc_i(p5, 0, descr=<ArrayS 8>)
+308: i9 = getarrayitem_gc_i(p5, 1, descr=<ArrayS 8>)
+312: i11 = getarrayitem_gc_i(p5, 2, descr=<ArrayS 8>)
+316: i13 = getarrayitem_gc_i(p5, 3, descr=<ArrayS 8>)
+320: p14 = getfield_gc_r(p2, descr=<FieldP rpyeffect.environment.Environment.inst_values_ptr 24>)
+324: p16 = getarrayitem_gc_r(p14, 0, descr=<ArrayP 8>)
+328: p18 = getarrayitem_gc_r(p14, 1, descr=<ArrayP 8>)
+332: p20 = getarrayitem_gc_r(p14, 2, descr=<ArrayP 8>)
+336: p22 = getarrayitem_gc_r(p14, 3, descr=<ArrayP 8>)
+340: p24 = getarrayitem_gc_r(p14, 4, descr=<ArrayP 8>)
+344: p26 = getarrayitem_gc_r(p14, 5, descr=<ArrayP 8>)
debug_merge_point(0, 0, '103<main.rpyeffect:103([#234])>+1: {"op": "Jump". "target": 83}')
+348: guard_not_invalidated(descr=<Guard0x1583f2cd8>) [p2, i7, i9, i11, i13, p16, p18, p20, p22, p24, p26, p0, p1, p3, p4]
+352: guard_nonnull(p1, descr=<Guard0x1584136a0>) [p2, i7, i9, i11, i13, p16, p18, p20, p22, p24, p26, p0, p1, p3, p4]
+364: i27 = getfield_gc_i(p1, descr=<FieldS rpyeffect.stored_environment.Stack__arb_arb.inst_target 16 pure>)
+372: guard_value(i27, 102, descr=<Guard0x1584136e0>) [p2, i7, i9, i11, i13, p16, p18, p20, p22, p24, p26, p0, p1, p3, p4]
debug_merge_point(0, 0, '83<main.rpyeffect:83([mcore:[#82]#182])>+0: {"op": "Load". "out": 0. "type": "ptr". "ref": 0}')
+384: p29 = getfield_gc_r(p16, descr=<FieldP rpyeffect.region.PtrRef.inst_value 8>)
debug_merge_point(0, 0, '83<main.rpyeffect:83([mcore:[#82]#182])>+1: {"op": "Return". "args": {"num": []. "ptr": [0]}}')
+388: p30 = getfield_gc_r(p1, descr=<FieldP rpyeffect.stored_environment.Stack__arb_arb.inst_tail 8 pure>)
debug_merge_point(0, 0, '102<main.rpyeffect:102([k@[#234]#236])>+0: {"op": "Invoke". "receiver": 0. "tag": Interned(%apply():p). "args" : {"num": []. "ptr": []}}')
+392: p31 = getfield_gc_r(p29, descr=<FieldP rpyeffect.stored_environment.CoData__arb_arb.inst_vtable 24 pure>)
+400: guard_value(p31, ConstPtr(ptr32), descr=<Guard0x158413720>) [p2, i7, i9, i11, i13, p16, p18, p20, p22, p24, p26, p0, p1, p3, p4]
+408: p33 = getfield_gc_r(p29, descr=<FieldP rpyeffect.stored_environment.CoData__0_1.inst_values_ptr_0 32 pure>)
debug_merge_point(0, 0, '108<main.rpyeffect:108([method_%apply():p@[k@[#245]#257]#260])>+0: {"op": "Jump". "target": 80}')
+412: guard_nonnull(p30, descr=<Guard0x158413760>) [p2, i7, i9, i11, i13, p16, p18, p20, p22, p24, p26, p0, p1, p3, p4]
+420: i34 = getfield_gc_i(p30, descr=<FieldS rpyeffect.stored_environment.Stack__arb_arb.inst_target 16 pure>)
+424: guard_value(i34, 89, descr=<Guard0x1584137a0>) [p2, i7, i9, i11, i13, p16, p18, p20, p22, p24, p26, p0, p1, p3, p4]
debug_merge_point(0, 0, '80<main.rpyeffect:80([mcore:[#79]#175])>+0: {"op": "Construct". "out": 1. "type": Interned(Unit). "tag": Interned(unit). "args": {"num": []. "ptr": []}}')
debug_merge_point(0, 0, '80<main.rpyeffect:80([mcore:[#79]#175])>+1: {"op": "Swap". "type": "ptr". "a": 1. "b". 0}')
debug_merge_point(0, 0, '80<main.rpyeffect:80([mcore:[#79]#175])>+2: {"op": "Jump". "target": 77}')
debug_merge_point(0, 0, '77<main.rpyeffect:77(Name(resume134133))>+0: {"op": "PushStack". "arg": 1}')
+436: guard_isnull(p4, descr=<Guard0x1584137e0>) [p2, i7, i9, i11, i13, p16, p18, p20, p22, p24, p26, p0, p1, p3, p4]
+448: guard_nonnull_class(p33, 4342476480, descr=<Guard0x1583f2d30>) [p2, i7, i9, i11, i13, p16, p18, p20, p22, p24, p26, p0, p1, p3, p4]
+472: p37 = getfield_gc_r(p33, descr=<FieldP rpyeffect.stack.MetaStack.inst_region 24 pure>)
+476: guard_isnull(p37, descr=<Guard0x158413820>) [p2, i7, i9, i11, i13, p16, p18, p20, p22, p24, p26, p0, p1, p3, p4]
+484: p38 = getfield_gc_r(p33, descr=<FieldP rpyeffect.stack.MetaStackLike.inst_stack 8 pure>)
+488: p39 = getfield_gc_r(p33, descr=<FieldP rpyeffect.stack.MetaStack.inst_tail 32 pure>)
+492: guard_isnull(p39, descr=<Guard0x158413860>) [p2, i7, i9, i11, i13, p16, p18, p20, p22, p24, p26, p0, p1, p3, p4]
+500: p40 = getfield_gc_r(p33, descr=<FieldP rpyeffect.stack.MetaStack.inst_label 16 pure>)
+504: guard_nonnull(p38, descr=<Guard0x1584138a0>) [p2, i7, i9, i11, i13, p16, p18, p20, p22, p24, p26, p0, p1, p3, p4]
+512: i41 = getfield_gc_i(p38, descr=<FieldS rpyeffect.stored_environment.Stack__arb_arb.inst_target 16 pure>)
+516: guard_value(i41, 72, descr=<Guard0x1584138e0>) [p2, i7, i9, i11, i13, p16, p18, p20, p22, p24, p26, p0, p1, p3, p4]
debug_merge_point(0, 0, '77<main.rpyeffect:77(Name(resume134133))>+1: {"op": "Return". "args": {"num": []. "ptr": [0]}}')
+528: p43 = getfield_gc_r(p38, descr=<FieldP rpyeffect.stored_environment.Stack__0_2.inst_values_ptr_0 40 pure>)
+532: p44 = getfield_gc_r(p38, descr=<FieldP rpyeffect.stored_environment.Stack__0_2.inst_values_ptr_1 48 pure>)
+536: p45 = getfield_gc_r(p38, descr=<FieldP rpyeffect.stored_environment.Stack__arb_arb.inst_tail 8 pure>)
+540: guard_nonnull(p45, descr=<Guard0x158413920>) [p2, i7, i9, i11, i13, p16, p18, p20, p22, p24, p26, p0, p1, p3, p4]
+548: i46 = getfield_gc_i(p45, descr=<FieldS rpyeffect.stored_environment.Stack__arb_arb.inst_target 16 pure>)
+556: guard_value(i46, 73, descr=<Guard0x158413960>) [p2, i7, i9, i11, i13, p16, p18, p20, p22, p24, p26, p0, p1, p3, p4]
debug_merge_point(0, 0, '72<main.rpyeffect:72([k@[#167]#169])>+0: {"op": "Copy". "type": "ptr". "from": 2. "to". 0}')
debug_merge_point(0, 0, '72<main.rpyeffect:72([k@[#167]#169])>+1: {"op": "Jump". "target": 75}')
debug_merge_point(0, 0, '75<main.rpyeffect:75(Name(iterate54066))>+0: {"op": "Swap". "type": "ptr". "a": 1. "b". 0}')
debug_merge_point(0, 0, '75<main.rpyeffect:75(Name(iterate54066))>+1: {"op": "Match". "type": Interned(Tree2631). "scrutinee": 1. "clauses": [{"tag": Interned(Leaf2646). "target": 71. "args": {"num": []. "ptr": []}}. {"tag": Interned(Node2647). "target": 74. "args": {"num": [0]. "ptr": [1. 2]}}]. "default": {"tag": Interned(652a7bdb-f0ab-4706-8469-80bed1f1780f#[Missing Tag#368]). "target": 70. "args": {"num": []. "ptr": []}}}')
+568: p48 = getfield_gc_r(p44, descr=<FieldP rpyeffect.stored_environment.Data__arb_arb.inst_tag 8>)
+580: guard_value(p48, ConstPtr(ptr49), descr=<Guard0x1584139a0>) [p2, i7, i9, i11, i13, p16, p18, p20, p22, p24, p26, p0, p1, p3, p4]
+588: i50 = getfield_gc_i(p44, descr=<FieldS rpyeffect.stored_environment.Data__1_2.inst_values_num_0 32 pure>)
+592: p51 = getfield_gc_r(p44, descr=<FieldP rpyeffect.stored_environment.Data__1_2.inst_values_ptr_0 40 pure>)
+596: p52 = getfield_gc_r(p44, descr=<FieldP rpyeffect.stored_environment.Data__1_2.inst_values_ptr_1 48 pure>)
debug_merge_point(0, 0, '74<main.rpyeffect:74([match_Node2647@Name(iterate54066)#165])>+0: {"op": "Push". "target": 73. "args": {"num": [0]. "ptr": [0. 2]}}')
debug_merge_point(0, 0, '74<main.rpyeffect:74([match_Node2647@Name(iterate54066)#165])>+1: {"op": "Swap". "type": "ptr". "a": 1. "b". 0}')
+600: p53 = new_with_vtable(descr=<SizeDescr 40>)
+712: setfield_gc(p53, ConstPtr(null), descr=<FieldP rpyeffect.stack.MetaStack.inst_region 24 pure>)
+720: setfield_gc(p53, p30, descr=<FieldP rpyeffect.stack.MetaStackLike.inst_stack 8 pure>)
+724: setfield_gc(p53, p3, descr=<FieldP rpyeffect.stack.MetaStack.inst_tail 32 pure>)
+732: setfield_gc(p53, p0, descr=<FieldP rpyeffect.stack.MetaStack.inst_label 16 pure>)
+740: jump(p40, p45, i50, p43, p52, p2, p53, ConstPtr(null), i9, i11, i13, p51, p22, p24, p26, descr=TargetToken(5775492944))
+892: --end of the loop--
[71ebe6] jit-log-opt-loop}
[777cb4] {jit-log-opt-bridge
# bridge out of Guard 0x158412660 with 15 ops
[p0, i1, i2, i3, i4, p5, p6, p7, p8, p9, p10, p11, p12, p13, p14]
+140: guard_value(p14, ConstPtr(ptr15), descr=<Guard0x1583f2d88>) [p0, i1, i2, i3, i4, p5, p6, p7, p8, p9, p10, p11, p12, p13, p14]
+148: p16 = getfield_gc_r(p6, descr=<FieldP rpyeffect.stored_environment.Data__0_1.inst_values_ptr_0 32 pure>)
+152: guard_nonnull(p12, descr=<Guard0x1584139e0>) [p0, i1, i2, i3, i4, p5, p6, p7, p8, p9, p10, p11, p12, p13, p14]
+160: i17 = getfield_gc_i(p12, descr=<FieldS rpyeffect.stored_environment.Stack__arb_arb.inst_target 16 pure>)
+164: guard_not_invalidated(descr=<Guard0x158413a20>) [p0, i1, i2, i3, i4, p5, p6, p7, p8, p9, p10, p11, p12, p13, p14]
+168: guard_value(i17, 96, descr=<Guard0x158413a60>) [p0, i1, i2, i3, i4, p5, p6, p7, p8, p9, p10, p11, p12, p13, p14]
debug_merge_point(0, 0, '90<main.rpyeffect:90([#193])>+0: {"op": "PrimOp". "name": "unbox(Ptr): Num". "out": {"num": [1]. "ptr": []}. "in": {"num": []. "ptr": [1]}}')
+180: i19 = getfield_gc_i(p16, descr=<FieldS rpyeffect.region.NumBox.inst_value 8 pure>)
debug_merge_point(0, 0, '90<main.rpyeffect:90([#193])>+1: {"op": "Push". "target": 89. "args": {"num": [0. 1]. "ptr": [0]}}')
debug_merge_point(0, 0, '90<main.rpyeffect:90([#193])>+2: {"op": "Jump". "target": 85}')
+184: p20 = getfield_gc_r(p5, descr=<FieldP rpyeffect.stored_environment.CoData__0_2.inst_values_ptr_0 32 pure>)
+188: p21 = getfield_gc_r(p5, descr=<FieldP rpyeffect.stored_environment.CoData__0_2.inst_values_ptr_1 40 pure>)
+192: guard_nonnull(p21, descr=<Guard0x1583f2de0>) [p0, i1, i19, i3, i4, p5, p16, p7, p8, p9, p10, p11, p13, p12]
+200: guard_subclass(p21, 4342476800, descr=<Guard0x1583f2e38>) [p0, i1, i19, i3, i4, p5, p16, p7, p8, p9, p10, p11, p13, p12]
+236: jump(p11, p12, i1, i19, p5, p0, p13, i3, i4, p16, p7, p8, p9, p10, p20, p21, descr=TargetToken(5775499104))
+396: --end of the loop--
[77b81c] jit-log-opt-bridge}
[7eb432] {jit-log-opt-bridge
# bridge out of Guard 0x1583ed7e0 with 98 ops
[p0, i1, i2, i3, i4, p5, p6, p7, p8, p9, p10, p11, p12, p13, p14]
+216: guard_not_invalidated(descr=<Guard0x1583f2e90>) [p0, i1, i2, i3, i4, p5, p6, p7, p8, p9, p10, p11, p12, p13, p14]
debug_merge_point(0, 0, '74<main.rpyeffect:74([match_Node2647@Name(iterate54066)#165])>+2: {"op": "Jump". "target": 75}')
debug_merge_point(0, 0, '75<main.rpyeffect:75(Name(iterate54066))>+0: {"op": "Swap". "type": "ptr". "a": 1. "b". 0}')
debug_merge_point(0, 0, '75<main.rpyeffect:75(Name(iterate54066))>+1: {"op": "Match". "type": Interned(Tree2631). "scrutinee": 1. "clauses": [{"tag": Interned(Leaf2646). "target": 71. "args": {"num": []. "ptr": []}}. {"tag": Interned(Node2647). "target": 74. "args": {"num": [0]. "ptr": [1. 2]}}]. "default": {"tag": Interned(652a7bdb-f0ab-4706-8469-80bed1f1780f#[Missing Tag#368]). "target": 70. "args": {"num": []. "ptr": []}}}')
+220: p15 = getfield_gc_r(p6, descr=<FieldP rpyeffect.stored_environment.Data__arb_arb.inst_tag 8>)
+228: guard_value(p15, ConstPtr(ptr16), descr=<Guard0x158413aa0>) [p0, i1, i2, i3, i4, p5, p6, p7, p8, p9, p10, p11, p12, p13, p14]
debug_merge_point(0, 0, '71<main.rpyeffect:71([match_Leaf2646@Name(iterate54066)#163])>+0: {"op": "Construct". "out": 0. "type": Interned(Unit). "tag": Interned(unit). "args": {"num": []. "ptr": []}}')
debug_merge_point(0, 0, '71<main.rpyeffect:71([match_Leaf2646@Name(iterate54066)#163])>+1: {"op": "Return". "args": {"num": []. "ptr": [0]}}')
debug_merge_point(0, 0, '73<main.rpyeffect:73([#167])>+0: {"op": "Push". "target": 72. "args": {"num": []. "ptr": [1. 2]}}')
debug_merge_point(0, 0, '73<main.rpyeffect:73([#167])>+1: {"op": "Copy". "type": "ptr". "from": 1. "to". 0}')
debug_merge_point(0, 0, '73<main.rpyeffect:73([#167])>+2: {"op": "Jump". "target": 69}')
debug_merge_point(0, 0, '69<main.rpyeffect:69([mcore:[#74]#161])>+0: {"op": "Invoke". "receiver": 0. "tag": Interned(%yield2645(n):p). "args" : {"num": [0]. "ptr": []}}')
+236: p17 = getfield_gc_r(p5, descr=<FieldP rpyeffect.stored_environment.CoData__arb_arb.inst_vtable 24 pure>)
+244: guard_value(p17, ConstPtr(ptr18), descr=<Guard0x158413ae0>) [p0, i1, i2, i3, i4, p5, p6, p7, p8, p9, p10, p11, p12, p13, p14]
+252: p19 = getfield_gc_r(p5, descr=<FieldP rpyeffect.stored_environment.CoData__0_3.inst_values_ptr_0 32 pure>)
+256: p20 = getfield_gc_r(p5, descr=<FieldP rpyeffect.stored_environment.CoData__0_3.inst_values_ptr_1 40 pure>)
+260: p21 = getfield_gc_r(p5, descr=<FieldP rpyeffect.stored_environment.CoData__0_3.inst_values_ptr_2 48 pure>)
debug_merge_point(0, 0, '110<main.rpyeffect:110([#245])>+0: {"op": "Const". "type": "num". "out": 1. "value": 0}')
debug_merge_point(0, 0, '110<main.rpyeffect:110([#245])>+1: {"op": "ShiftDyn". "out": 1. "n": 1. "label": 1}')
+264: guard_isnull(p13, descr=<Guard0x158413b20>) [p0, i1, i2, i3, i4, p5, p6, p7, p8, p9, p10, p11, p12, p13, p14]
+276: i22 = instance_ptr_eq(p11, p20)
guard_true(i22, descr=<Guard0x158413b60>) [p0, i1, i2, i3, i4, p5, p6, p7, p8, p9, p10, p11, p12, p13, p14]
+288: guard_nonnull_class(p12, 4342476480, descr=<Guard0x1583f2ee8>) [p0, i1, i2, i3, i4, p5, p6, p7, p8, p9, p10, p11, p12, p13, p14]
+316: p24 = getfield_gc_r(p12, descr=<FieldP rpyeffect.stack.MetaStackLike.inst_stack 8 pure>)
+320: p25 = getfield_gc_r(p12, descr=<FieldP rpyeffect.stack.MetaStack.inst_label 16 pure>)
+324: p26 = getfield_gc_r(p12, descr=<FieldP rpyeffect.stack.MetaStack.inst_tail 32 pure>)
+328: guard_nonnull(p24, descr=<Guard0x158413ba0>) [p0, i1, i2, i3, i4, p5, p6, p7, p8, p9, p10, p11, p12, p13, p14]
+336: i27 = getfield_gc_i(p24, descr=<FieldS rpyeffect.stored_environment.Stack__arb_arb.inst_target 16 pure>)
+340: guard_value(i27, 89, descr=<Guard0x158413be0>) [p0, i1, i2, i3, i4, p5, p6, p7, p8, p9, p10, p11, p12, p13, p14]
debug_merge_point(0, 0, '110<main.rpyeffect:110([#245])>+2: {"op": "PrimOp". "name": "box(Num): Ptr". "out": {"num": []. "ptr": [3]}. "in": {"num": [0]. "ptr": []}}')
debug_merge_point(0, 0, '110<main.rpyeffect:110([#245])>+3: {"op": "Construct". "out": 3. "type": Interned(Option687). "tag": Interned(Some743). "args": {"num": []. "ptr": [3]}}')
debug_merge_point(0, 0, '110<main.rpyeffect:110([#245])>+4: {"op": "Push". "target": 109. "args": {"num": []. "ptr": [0. 1]}}')
debug_merge_point(0, 0, '110<main.rpyeffect:110([#245])>+5: {"op": "Copy". "type": "ptr". "from": 3. "to". 0}')
debug_merge_point(0, 0, '110<main.rpyeffect:110([#245])>+6: {"op": "Copy". "type": "ptr". "from": 2. "to". 1}')
debug_merge_point(0, 0, '110<main.rpyeffect:110([#245])>+7: {"op": "Jump". "target": 78}')
debug_merge_point(0, 0, '78<main.rpyeffect:78([mcore:[#76]#171])>+0: {"op": "Store". "ref": 1. "type": "ptr". "value": 0}')
debug_merge_point(0, 0, '78<main.rpyeffect:78([mcore:[#76]#171])>+1: {"op": "Construct". "out": 0. "type": Interned(Unit). "tag": Interned(unit). "args": {"num": []. "ptr": []}}')
debug_merge_point(0, 0, '78<main.rpyeffect:78([mcore:[#76]#171])>+2: {"op": "Return". "args": {"num": []. "ptr": [0]}}')
debug_merge_point(0, 0, '109<main.rpyeffect:109([k@[#245]#257])>+0: {"op": "New". "out": 0. "targets": [108]. "args": {"num": []. "ptr": [2]}}')
debug_merge_point(0, 0, '109<main.rpyeffect:109([k@[#245]#257])>+1: {"op": "Jump". "target": 79}')
debug_merge_point(0, 0, '79<main.rpyeffect:79([mcore:[#77]#173])>+0: {"op": "Store". "ref": 1. "type": "ptr". "value": 0}')
+352: p29 = new_with_vtable(descr=<SizeDescr 40>)
+460: setfield_gc(p29, ConstPtr(ptr30), descr=<FieldP rpyeffect.stored_environment.Data__arb_arb.inst_tag 8>)
+464: p31 = new_with_vtable(descr=<SizeDescr 16>)
+476: setfield_gc(p31, i1, descr=<FieldS rpyeffect.region.NumBox.inst_value 8 pure>)
+480: setfield_gc(p29, p31, descr=<FieldP rpyeffect.stored_environment.Data__0_1.inst_values_ptr_0 32 pure>)
+548: setfield_gc(p21, p29, descr=<FieldP rpyeffect.region.PtrRef.inst_value 8>)
debug_merge_point(0, 0, '79<main.rpyeffect:79([mcore:[#77]#173])>+1: {"op": "Construct". "out": 0. "type": Interned(Unit). "tag": Interned(unit). "args": {"num": []. "ptr": []}}')
debug_merge_point(0, 0, '79<main.rpyeffect:79([mcore:[#77]#173])>+2: {"op": "Return". "args": {"num": []. "ptr": [0]}}')
+568: i32 = getfield_gc_i(p24, descr=<FieldS rpyeffect.stored_environment.Stack__2_1.inst_values_num_0 40 pure>)
+572: i33 = getfield_gc_i(p24, descr=<FieldS rpyeffect.stored_environment.Stack__2_1.inst_values_num_1 48 pure>)
+576: p34 = getfield_gc_r(p24, descr=<FieldP rpyeffect.stored_environment.Stack__2_1.inst_values_ptr_0 56 pure>)
+580: p35 = getfield_gc_r(p24, descr=<FieldP rpyeffect.stored_environment.Stack__arb_arb.inst_tail 8 pure>)
debug_merge_point(0, 0, '89<main.rpyeffect:89([k@[#193]#197])>+0: {"op": "Push". "target": 88. "args": {"num": []. "ptr": [1]}}')
debug_merge_point(0, 0, '89<main.rpyeffect:89([k@[#193]#197])>+1: {"op": "Jump". "target": 6}')
debug_merge_point(0, 0, '6<main.rpyeffect:6(Name(infixAdd95))>+0: {"op": "PrimOp". "name": "infixAdd(Int. Int): Int". "out": {"num": [0]. "ptr": []}. "in": {"num": [0. 1]. "ptr": []}}')
+584: i36 = int_add(i32, i33)
debug_merge_point(0, 0, '6<main.rpyeffect:6(Name(infixAdd95))>+1: {"op": "Return". "args": {"num": [0]. "ptr": []}}')
debug_merge_point(0, 0, '88<main.rpyeffect:88([k@[k@[#193]#197]#199])>+0: {"op": "Jump". "target": 92}')
debug_merge_point(0, 0, '92<main.rpyeffect:92(Name(consumer234073))>+0: {"op": "Push". "target": 91. "args": {"num": [0]. "ptr": [0]}}')
debug_merge_point(0, 0, '92<main.rpyeffect:92(Name(consumer234073))>+1: {"op": "Jump". "target": 84}')
debug_merge_point(0, 0, '84<main.rpyeffect:84([mcore:[#83]#184])>+0: {"op": "Invoke". "receiver": 0. "tag": Interned(%value2654():p). "args" : {"num": []. "ptr": []}}')
+588: p37 = getfield_gc_r(p34, descr=<FieldP rpyeffect.stored_environment.CoData__arb_arb.inst_vtable 24 pure>)
+596: guard_value(p37, ConstPtr(ptr38), descr=<Guard0x1583f2f40>) [p0, i36, i33, i3, i4, p34, p29, p9, p10, p25, p26, p37, p19, p35, p7, p5, p11, p14]
+604: p39 = getfield_gc_r(p34, descr=<FieldP rpyeffect.stored_environment.CoData__0_2.inst_values_ptr_0 32 pure>)
+608: p40 = getfield_gc_r(p34, descr=<FieldP rpyeffect.stored_environment.CoData__0_2.inst_values_ptr_1 40 pure>)
debug_merge_point(0, 0, '100<main.rpyeffect:100([#230])>+0: {"op": "Copy". "type": "ptr". "from": 1. "to". 0}')
debug_merge_point(0, 0, '100<main.rpyeffect:100([#230])>+1: {"op": "Jump". "target": 82}')
debug_merge_point(0, 0, '82<main.rpyeffect:82([mcore:[#81]#180])>+0: {"op": "Load". "out": 0. "type": "ptr". "ref": 0}')
+612: p41 = new_with_vtable(descr=<SizeDescr 40>)
+632: setfield_gc(p41, ConstPtr(ptr42), descr=<FieldP rpyeffect.stored_environment.CoData__arb_arb.inst_vtable 24 pure>)
+636: p43 = new_with_vtable(descr=<SizeDescr 40>)
+652: p44 = new_with_vtable(descr=<SizeDescr 56>)
+668: setfield_gc(p44, p14, descr=<FieldP rpyeffect.stored_environment.Stack__arb_arb.inst_tail 8 pure>)
+672: setfield_gc(p44, 72, descr=<FieldS rpyeffect.stored_environment.Stack__arb_arb.inst_target 16 pure>)
+680: setfield_gc(p44, p5, descr=<FieldP rpyeffect.stored_environment.Stack__0_2.inst_values_ptr_0 40 pure>)
+684: setfield_gc(p44, p7, descr=<FieldP rpyeffect.stored_environment.Stack__0_2.inst_values_ptr_1 48 pure>)
+688: setfield_gc(p43, p44, descr=<FieldP rpyeffect.stack.MetaStackLike.inst_stack 8 pure>)
+692: setfield_gc(p43, p11, descr=<FieldP rpyeffect.stack.MetaStack.inst_label 16 pure>)
+696: setfield_gc(p43, ConstPtr(null), descr=<FieldP rpyeffect.stack.MetaStack.inst_region 24 pure>)
+704: setfield_gc(p43, ConstPtr(null), descr=<FieldP rpyeffect.stack.MetaStack.inst_tail 32 pure>)
+712: setfield_gc(p41, p43, descr=<FieldP rpyeffect.stored_environment.CoData__0_1.inst_values_ptr_0 32 pure>)
+780: setfield_gc(p19, p41, descr=<FieldP rpyeffect.region.PtrRef.inst_value 8>)
+816: p48 = getfield_gc_r(p40, descr=<FieldP rpyeffect.region.PtrRef.inst_value 8>)
debug_merge_point(0, 0, '82<main.rpyeffect:82([mcore:[#81]#180])>+1: {"op": "Return". "args": {"num": []. "ptr": [0]}}')
debug_merge_point(0, 0, '91<main.rpyeffect:91([k@Name(consumer234073)#187])>+0: {"op": "Swap". "type": "ptr". "a": 1. "b". 0}')
debug_merge_point(0, 0, '91<main.rpyeffect:91([k@Name(consumer234073)#187])>+1: {"op": "Match". "type": Interned(Option687). "scrutinee": 1. "clauses": [{"tag": Interned(None742). "target": 87. "args": {"num": []. "ptr": []}}. {"tag": Interned(Some743). "target": 90. "args": {"num": []. "ptr": [1]}}]. "default": {"tag": Interned(652a7bdb-f0ab-4706-8469-80bed1f1780f#[Missing Tag#369]). "target": 86. "args": {"num": []. "ptr": []}}}')
+820: p49 = getfield_gc_r(p48, descr=<FieldP rpyeffect.stored_environment.Data__arb_arb.inst_tag 8>)
+824: guard_value(p49, ConstPtr(ptr50), descr=<Guard0x1583f2f98>) [p0, i36, i33, i3, i4, p34, p48, p43, p29, p9, p10, p25, p35, p26, p49, None, None, None, None, None, None]
+832: p52 = getfield_gc_r(p48, descr=<FieldP rpyeffect.stored_environment.Data__0_1.inst_values_ptr_0 32 pure>)
+836: guard_nonnull(p35, descr=<Guard0x158413c20>) [p0, i36, i33, i3, i4, p34, p48, p43, p29, p9, p10, p25, p35, p26, p49, None, None, None, None, None, None]
+844: i53 = getfield_gc_i(p35, descr=<FieldS rpyeffect.stored_environment.Stack__arb_arb.inst_target 16 pure>)
+848: guard_value(i53, 96, descr=<Guard0x158413c60>) [p0, i36, i33, i3, i4, p34, p48, p43, p29, p9, p10, p25, p35, p26, p49, None, None, None, None, None, None]
debug_merge_point(0, 0, '90<main.rpyeffect:90([#193])>+0: {"op": "PrimOp". "name": "unbox(Ptr): Num". "out": {"num": [1]. "ptr": []}. "in": {"num": []. "ptr": [1]}}')
+860: i55 = getfield_gc_i(p52, descr=<FieldS rpyeffect.region.NumBox.inst_value 8 pure>)
debug_merge_point(0, 0, '90<main.rpyeffect:90([#193])>+1: {"op": "Push". "target": 89. "args": {"num": [0. 1]. "ptr": [0]}}')
debug_merge_point(0, 0, '90<main.rpyeffect:90([#193])>+2: {"op": "Jump". "target": 85}')
+864: jump(p25, p35, i36, i55, p34, p0, p26, i3, i4, p52, p43, p29, p9, p10, p39, p40, descr=TargetToken(5775499104))
+1000: --end of the loop--
[7fb96d] jit-log-opt-bridge}
[83e4cf] {jit-log-opt-bridge
# bridge out of Guard 0x1584130e0 with 60 ops
[p0, i1, i2, i3, i4, p5, p6, p7, p8, p9, p10, p11, p12, p13]
+184: guard_not_invalidated(descr=<Guard0x1583f3048>) [p0, i1, i2, i3, i4, p5, p6, p7, p8, p9, p10, p11, p12, p13]
debug_merge_point(0, 0, '85<main.rpyeffect:85([mcore:[#84]#185])>+0: {"op": "Invoke". "receiver": 0. "tag": Interned(%next2655():p). "args" : {"num": []. "ptr": []}}')
+188: p14 = getfield_gc_r(p5, descr=<FieldP rpyeffect.stored_environment.CoData__arb_arb.inst_vtable 24 pure>)
+200: guard_value(p14, ConstPtr(ptr15), descr=<Guard0x158448220>) [p0, i1, i2, i3, i4, p5, p6, p7, p8, p9, p10, p11, p12, p13]
+208: p16 = getfield_gc_r(p5, descr=<FieldP rpyeffect.stored_environment.CoData__0_2.inst_values_ptr_0 32 pure>)
+212: p17 = getfield_gc_r(p5, descr=<FieldP rpyeffect.stored_environment.CoData__0_2.inst_values_ptr_1 40 pure>)
debug_merge_point(0, 0, '103<main.rpyeffect:103([#234])>+0: {"op": "Push". "target": 102. "args": {"num": []. "ptr": []}}')
debug_merge_point(0, 0, '103<main.rpyeffect:103([#234])>+1: {"op": "Jump". "target": 83}')
debug_merge_point(0, 0, '83<main.rpyeffect:83([mcore:[#82]#182])>+0: {"op": "Load". "out": 0. "type": "ptr". "ref": 0}')
+212: p18 = getfield_gc_r(p16, descr=<FieldP rpyeffect.region.PtrRef.inst_value 8>)
debug_merge_point(0, 0, '83<main.rpyeffect:83([mcore:[#82]#182])>+1: {"op": "Return". "args": {"num": []. "ptr": [0]}}')
debug_merge_point(0, 0, '102<main.rpyeffect:102([k@[#234]#236])>+0: {"op": "Invoke". "receiver": 0. "tag": Interned(%apply():p). "args" : {"num": []. "ptr": []}}')
+216: p19 = getfield_gc_r(p18, descr=<FieldP rpyeffect.stored_environment.CoData__arb_arb.inst_vtable 24 pure>)
+224: guard_value(p19, ConstPtr(ptr20), descr=<Guard0x158448260>) [p0, i1, i2, i3, i4, p5, p6, p7, p8, p9, p10, p11, p12, p13]
+232: p21 = getfield_gc_r(p18, descr=<FieldP rpyeffect.stored_environment.CoData__0_1.inst_values_ptr_0 32 pure>)
debug_merge_point(0, 0, '108<main.rpyeffect:108([method_%apply():p@[k@[#245]#257]#260])>+0: {"op": "Jump". "target": 80}')
debug_merge_point(0, 0, '80<main.rpyeffect:80([mcore:[#79]#175])>+0: {"op": "Construct". "out": 1. "type": Interned(Unit). "tag": Interned(unit). "args": {"num": []. "ptr": []}}')
debug_merge_point(0, 0, '80<main.rpyeffect:80([mcore:[#79]#175])>+1: {"op": "Swap". "type": "ptr". "a": 1. "b". 0}')
debug_merge_point(0, 0, '80<main.rpyeffect:80([mcore:[#79]#175])>+2: {"op": "Jump". "target": 77}')
debug_merge_point(0, 0, '77<main.rpyeffect:77(Name(resume134133))>+0: {"op": "PushStack". "arg": 1}')
+236: guard_nonnull_class(p21, 4342476480, descr=<Guard0x1583f30a0>) [p0, i1, i2, i3, i4, p5, p6, p7, p8, p9, p10, p11, p12, p13]
+260: p23 = getfield_gc_r(p21, descr=<FieldP rpyeffect.stack.MetaStack.inst_region 24 pure>)
+264: guard_isnull(p23, descr=<Guard0x1584482a0>) [p0, i1, i2, i3, i4, p5, p6, p7, p8, p9, p10, p11, p12, p13]
+272: p24 = getfield_gc_r(p21, descr=<FieldP rpyeffect.stack.MetaStackLike.inst_stack 8 pure>)
+276: p25 = getfield_gc_r(p21, descr=<FieldP rpyeffect.stack.MetaStack.inst_tail 32 pure>)
+280: guard_isnull(p25, descr=<Guard0x1584482e0>) [p0, i1, i2, i3, i4, p5, p6, p7, p8, p9, p10, p11, p12, p13]
+288: p26 = getfield_gc_r(p21, descr=<FieldP rpyeffect.stack.MetaStack.inst_label 16 pure>)
+292: guard_nonnull(p24, descr=<Guard0x158448320>) [p0, i1, i2, i3, i4, p5, p6, p7, p8, p9, p10, p11, p12, p13]
+300: i27 = getfield_gc_i(p24, descr=<FieldS rpyeffect.stored_environment.Stack__arb_arb.inst_target 16 pure>)
+304: guard_value(i27, 72, descr=<Guard0x158448360>) [p0, i1, i2, i3, i4, p5, p6, p7, p8, p9, p10, p11, p12, p13]
debug_merge_point(0, 0, '77<main.rpyeffect:77(Name(resume134133))>+1: {"op": "Return". "args": {"num": []. "ptr": [0]}}')
+316: p29 = getfield_gc_r(p24, descr=<FieldP rpyeffect.stored_environment.Stack__0_2.inst_values_ptr_0 40 pure>)
+320: p30 = getfield_gc_r(p24, descr=<FieldP rpyeffect.stored_environment.Stack__0_2.inst_values_ptr_1 48 pure>)
+324: p31 = getfield_gc_r(p24, descr=<FieldP rpyeffect.stored_environment.Stack__arb_arb.inst_tail 8 pure>)
+328: guard_nonnull(p31, descr=<Guard0x1584483a0>) [p0, i1, i2, i3, i4, p5, p6, p7, p8, p9, p10, p11, p12, p13]
+336: i32 = getfield_gc_i(p31, descr=<FieldS rpyeffect.stored_environment.Stack__arb_arb.inst_target 16 pure>)
+340: guard_value(i32, 73, descr=<Guard0x1584483e0>) [p0, i1, i2, i3, i4, p5, p6, p7, p8, p9, p10, p11, p12, p13]
debug_merge_point(0, 0, '72<main.rpyeffect:72([k@[#167]#169])>+0: {"op": "Copy". "type": "ptr". "from": 2. "to". 0}')
debug_merge_point(0, 0, '72<main.rpyeffect:72([k@[#167]#169])>+1: {"op": "Jump". "target": 75}')
debug_merge_point(0, 0, '75<main.rpyeffect:75(Name(iterate54066))>+0: {"op": "Swap". "type": "ptr". "a": 1. "b". 0}')
debug_merge_point(0, 0, '75<main.rpyeffect:75(Name(iterate54066))>+1: {"op": "Match". "type": Interned(Tree2631). "scrutinee": 1. "clauses": [{"tag": Interned(Leaf2646). "target": 71. "args": {"num": []. "ptr": []}}. {"tag": Interned(Node2647). "target": 74. "args": {"num": [0]. "ptr": [1. 2]}}]. "default": {"tag": Interned(652a7bdb-f0ab-4706-8469-80bed1f1780f#[Missing Tag#368]). "target": 70. "args": {"num": []. "ptr": []}}}')
+352: p34 = getfield_gc_r(p30, descr=<FieldP rpyeffect.stored_environment.Data__arb_arb.inst_tag 8>)
+360: guard_value(p34, ConstPtr(ptr35), descr=<Guard0x158448420>) [p0, i1, i2, i3, i4, p5, p6, p7, p8, p9, p10, p11, p12, p13]
+368: i36 = getfield_gc_i(p30, descr=<FieldS rpyeffect.stored_environment.Data__1_2.inst_values_num_0 32 pure>)
+372: p37 = getfield_gc_r(p30, descr=<FieldP rpyeffect.stored_environment.Data__1_2.inst_values_ptr_0 40 pure>)
+376: p38 = getfield_gc_r(p30, descr=<FieldP rpyeffect.stored_environment.Data__1_2.inst_values_ptr_1 48 pure>)
debug_merge_point(0, 0, '74<main.rpyeffect:74([match_Node2647@Name(iterate54066)#165])>+0: {"op": "Push". "target": 73. "args": {"num": [0]. "ptr": [0. 2]}}')
debug_merge_point(0, 0, '74<main.rpyeffect:74([match_Node2647@Name(iterate54066)#165])>+1: {"op": "Swap". "type": "ptr". "a": 1. "b". 0}')
+380: p39 = new_with_vtable(descr=<SizeDescr 40>)
+484: p40 = new_with_vtable(descr=<SizeDescr 64>)
+496: setfield_gc(p40, p13, descr=<FieldP rpyeffect.stored_environment.Stack__arb_arb.inst_tail 8 pure>)
+504: setfield_gc(p40, 89, descr=<FieldS rpyeffect.stored_environment.Stack__arb_arb.inst_target 16 pure>)
+512: setfield_gc(p40, i1, descr=<FieldS rpyeffect.stored_environment.Stack__2_1.inst_values_num_0 40 pure>)
+516: setfield_gc(p40, i2, descr=<FieldS rpyeffect.stored_environment.Stack__2_1.inst_values_num_1 48 pure>)
+520: setfield_gc(p40, p5, descr=<FieldP rpyeffect.stored_environment.Stack__2_1.inst_values_ptr_0 56 pure>)
+524: setfield_gc(p39, ConstPtr(null), descr=<FieldP rpyeffect.stack.MetaStack.inst_region 24 pure>)
+532: setfield_gc(p39, p40, descr=<FieldP rpyeffect.stack.MetaStackLike.inst_stack 8 pure>)
+536: setfield_gc(p39, p12, descr=<FieldP rpyeffect.stack.MetaStack.inst_tail 32 pure>)
+544: setfield_gc(p39, p11, descr=<FieldP rpyeffect.stack.MetaStack.inst_label 16 pure>)
+568: jump(p26, p31, i36, p29, p38, p0, p39, ConstPtr(null), i2, i3, i4, p37, p8, p9, p10, descr=TargetToken(5775492944))
+712: --end of the loop--
[847cfe] jit-log-opt-bridge}
[1fbfb438] {jit-summary
Tracing:      	7	0.002533
Backend:      	7	0.000968
TOTAL:      		0.528325
ops:             	10623
heapcached ops:  	1291
recorded ops:    	2238
  calls:         	975
guards:          	356
opt ops:         	676
opt guards:      	112
opt guards shared:	87
forcings:        	0
abort: trace too long:	0
abort: compiling:	0
abort: vable escape:	0
abort: bad loop: 	0
abort: force quasi-immut:	0
abort: segmenting trace:	0
virtualizables forced:	0
nvirtuals:       	16
nvholes:         	0
nvreused:        	0
vecopt tried:    	0
vecopt success:  	0
Total # of loops:	4
Total # of bridges:	3
Freed # of loops:	0
Freed # of bridges:	0
[1fbfe054] jit-summary}
