[74f4927] {jit-log-opt-loop
# Loop 1 (5035<main.rpyeffect:44([switch default case#87])>+0: {"op": "PrimOp", "name": "infixGt(Int, Int): Boolean", "out": {"num": [2], "ptr": []}, "in": {"num": [0, 1], "ptr": []}}) : loop with 193 ops
[p0, p1, p2, p3]
+360: p4 = getfield_gc_r(p2, descr=<FieldP rpyeffect.environment.Environment.inst_values_num 16>)
+368: i6 = getarrayitem_gc_i(p4, 0, descr=<ArrayS 8>)
+372: i8 = getarrayitem_gc_i(p4, 1, descr=<ArrayS 8>)
+376: i10 = getarrayitem_gc_i(p4, 2, descr=<ArrayS 8>)
+380: i12 = getarrayitem_gc_i(p4, 3, descr=<ArrayS 8>)
+384: i14 = getarrayitem_gc_i(p4, 4, descr=<ArrayS 8>)
+388: i16 = getarrayitem_gc_i(p4, 5, descr=<ArrayS 8>)
+392: i18 = getarrayitem_gc_i(p4, 6, descr=<ArrayS 8>)
+396: i20 = getarrayitem_gc_i(p4, 7, descr=<ArrayS 8>)
+400: i22 = getarrayitem_gc_i(p4, 8, descr=<ArrayS 8>)
+404: i24 = getarrayitem_gc_i(p4, 9, descr=<ArrayS 8>)
+408: i26 = getarrayitem_gc_i(p4, 10, descr=<ArrayS 8>)
+412: i28 = getarrayitem_gc_i(p4, 11, descr=<ArrayS 8>)
+416: i30 = getarrayitem_gc_i(p4, 12, descr=<ArrayS 8>)
+420: i32 = getarrayitem_gc_i(p4, 13, descr=<ArrayS 8>)
+424: i34 = getarrayitem_gc_i(p4, 14, descr=<ArrayS 8>)
+432: i36 = getarrayitem_gc_i(p4, 15, descr=<ArrayS 8>)
+436: p37 = getfield_gc_r(p2, descr=<FieldP rpyeffect.environment.Environment.inst_values_ptr 24>)
+440: p39 = getarrayitem_gc_r(p37, 0, descr=<ArrayP 8>)
+448: p41 = getarrayitem_gc_r(p37, 1, descr=<ArrayP 8>)
+456: p43 = getarrayitem_gc_r(p37, 2, descr=<ArrayP 8>)
+464: p45 = getarrayitem_gc_r(p37, 3, descr=<ArrayP 8>)
+472: p47 = getarrayitem_gc_r(p37, 4, descr=<ArrayP 8>)
+480: p49 = getarrayitem_gc_r(p37, 5, descr=<ArrayP 8>)
+488: p51 = getarrayitem_gc_r(p37, 6, descr=<ArrayP 8>)
+496: p53 = getarrayitem_gc_r(p37, 7, descr=<ArrayP 8>)
+504: p55 = getarrayitem_gc_r(p37, 8, descr=<ArrayP 8>)
+512: p57 = getarrayitem_gc_r(p37, 9, descr=<ArrayP 8>)
+520: p59 = getarrayitem_gc_r(p37, 10, descr=<ArrayP 8>)
+528: p61 = getarrayitem_gc_r(p37, 11, descr=<ArrayP 8>)
+536: p63 = getarrayitem_gc_r(p37, 12, descr=<ArrayP 8>)
+544: p65 = getarrayitem_gc_r(p37, 13, descr=<ArrayP 8>)
+552: p67 = getarrayitem_gc_r(p37, 14, descr=<ArrayP 8>)
+560: p69 = getarrayitem_gc_r(p37, 15, descr=<ArrayP 8>)
+564: label(p0, p1, p2, p3, i6, i8, i10, i12, i14, i16, i18, i20, i22, i24, i26, i28, i30, i32, i34, i36, p39, p41, p43, p45, p47, p49, p51, p53, p55, p57, p59, p61, p63, p65, p67, p69, descr=TargetToken(5372198032))
debug_merge_point(0, 0, '5035<main.rpyeffect:44([switch default case#87])>+0: {"op": "PrimOp". "name": "infixGt(Int. Int): Boolean". "out": {"num": [2]. "ptr": []}. "in": {"num": [0. 1]. "ptr": []}}')
+620: guard_not_invalidated(descr=<Guard0x140395150>) [p2, i6, i8, i10, i12, i14, i16, i18, i20, i22, i24, i26, i28, i30, i32, i34, i36, p39, p41, p43, p45, p47, p49, p51, p53, p55, p57, p59, p61, p63, p65, p67, p69, p0, p1, p3]
+624: i70 = int_gt(i6, i8)
guard_false(i70, descr=<Guard0x14037cd60>) [p2, i6, i8, i10, i12, i14, i16, i18, i20, i22, i24, i26, i28, i30, i32, i34, i36, p39, p41, p43, p45, p47, p49, p51, p53, p55, p57, p59, p61, p63, p65, p67, p69, p0, p1, p3]
debug_merge_point(0, 0, '5035<main.rpyeffect:44([switch default case#87])>+1: {"op": "PrimOp". "name": "box(Num): Ptr". "out": {"num": []. "ptr": [0]}. "in": {"num": [0]. "ptr": []}}')
debug_merge_point(0, 0, '5035<main.rpyeffect:44([switch default case#87])>+2: {"op": "Copy". "type": "num". "from": 1. "to". 0}')
debug_merge_point(0, 0, '5035<main.rpyeffect:44([switch default case#87])>+3: {"op": "Switch". "scrutinee": 2. "values": [0]. "targets": [5033]. "default": 5034}')
+632: guard_nonnull(p1, descr=<Guard0x14037cda0>) [p2, i6, i8, i10, i12, i14, i16, i18, i20, i22, i24, i26, i28, i30, i32, i34, i36, p39, p41, p43, p45, p47, p49, p51, p53, p55, p57, p59, p61, p63, p65, p67, p69, p0, p1, p3]
+644: i71 = getfield_gc_i(p1, descr=<FieldS rpyeffect.stored_environment.Stack__arb_arb.inst_target 16 pure>)
+652: guard_value(i71, 5041, descr=<Guard0x14037cde0>) [p2, i6, i8, i10, i12, i14, i16, i18, i20, i22, i24, i26, i28, i30, i32, i34, i36, p39, p41, p43, p45, p47, p49, p51, p53, p55, p57, p59, p61, p63, p65, p67, p69, p0, p1, p3]
debug_merge_point(0, 0, '5033<main.rpyeffect:42([switch case for 0#89])>+0: {"op": "Const". "type": "num". "out": 1. "value": 0}')
debug_merge_point(0, 0, '5033<main.rpyeffect:42([switch case for 0#89])>+1: {"op": "Const". "type": "ptr". "out": 1. "format": "string". "value": "Name(import$std/core/hnd)"}')
debug_merge_point(0, 0, '5033<main.rpyeffect:42([switch case for 0#89])>+2: {"op": "PrimOp". "name": "getGlobal(String): Ptr". "out": {"num": []. "ptr": [1]}. "in": {"num": []. "ptr": [1]}}')
debug_merge_point(0, 0, '5033<main.rpyeffect:42([switch case for 0#89])>+3: {"op": "Push". "target": 5032. "args": {"num": [1. 0]. "ptr": [0]}}')
debug_merge_point(0, 0, '5033<main.rpyeffect:42([switch case for 0#89])>+4: {"op": "Copy". "type": "ptr". "from": 1. "to". 0}')
debug_merge_point(0, 0, '5033<main.rpyeffect:42([switch case for 0#89])>+5: {"op": "Jump". "target": 5018}')
debug_merge_point(0, 0, '5018<main.rpyeffect:27([mcore:[#95]#78])>+0: {"op": "Const". "type": "ptr". "out": 0. "format": "string". "value": "Name(import$std/core/hnd)"}')
debug_merge_point(0, 0, '5018<main.rpyeffect:27([mcore:[#95]#78])>+1: {"op": "PrimOp". "name": "getGlobal(String): Ptr". "out": {"num": []. "ptr": [0]}. "in": {"num": []. "ptr": [0]}}')
debug_merge_point(0, 0, '5018<main.rpyeffect:27([mcore:[#95]#78])>+2: {"op": "CallLib". "lib": "0". "symbol": "getCurrentEvv"}')
debug_merge_point(0, 0, '301<std_core_hnd.rpyeffect:0(Name(getCurrentEvv))>+0: {"op": "Const". "type": "ptr". "out": 0. "format": "string". "value": "current-evv"}')
debug_merge_point(0, 0, '301<std_core_hnd.rpyeffect:0(Name(getCurrentEvv))>+1: {"op": "PrimOp". "name": "getGlobal(String): Ptr". "out": {"num": []. "ptr": [0]}. "in": {"num": []. "ptr": [0]}}')
debug_merge_point(0, 0, '301<std_core_hnd.rpyeffect:0(Name(getCurrentEvv))>+2: {"op": "PrimOp". "name": "getRef(Ref[Ptr]): Ptr". "out": {"num": []. "ptr": [0]}. "in": {"num": []. "ptr": [0]}}')
+668: p74 = getfield_gc_r(ConstPtr(ptr73), descr=<FieldP rpyeffect.region.PtrRef.inst_value 8>)
debug_merge_point(0, 0, '301<std_core_hnd.rpyeffect:0(Name(getCurrentEvv))>+3: {"op": "Return". "args": {"num": []. "ptr": [0]}}')
debug_merge_point(0, 0, '5032<main.rpyeffect:41([k@[switch case for 0#89]#95])>+0: {"op": "PrimOp". "name": "promote_ptr". "out": {"num": []. "ptr": [0]}. "in": {"num": []. "ptr": [0]}}')
+676: i76 = ptr_eq(ConstPtr(ptr75), p74)
guard_true(i76, descr=<Guard0x14037ce20>) [p2, i6, i8, i10, i12, i14, i16, i18, i20, i22, i24, i26, i28, i30, i32, i34, i36, p39, p41, p43, p45, p47, p49, p51, p53, p55, p57, p59, p61, p63, p65, p67, p69, p0, p1, p3]
+684: guard_value(p74, ConstPtr(ptr77), descr=<Guard0x14037ce60>) [p2, i6, i8, i10, i12, i14, i16, i18, i20, i22, i24, i26, i28, i30, i32, i34, i36, p39, p41, p43, p45, p47, p49, p51, p53, p55, p57, p59, p61, p63, p65, p67, p69, p0, p1, p3]
debug_merge_point(0, 0, '5032<main.rpyeffect:41([k@[switch case for 0#89]#95])>+1: {"op": "Const". "type": "ptr". "out": 2. "format": "string". "value": "Name(import$std/core/hnd)"}')
debug_merge_point(0, 0, '5032<main.rpyeffect:41([k@[switch case for 0#89]#95])>+2: {"op": "PrimOp". "name": "getGlobal(String): Ptr". "out": {"num": []. "ptr": [2]}. "in": {"num": []. "ptr": [2]}}')
debug_merge_point(0, 0, '5032<main.rpyeffect:41([k@[switch case for 0#89]#95])>+3: {"op": "Push". "target": 5031. "args": {"num": [1]. "ptr": [1]}}')
debug_merge_point(0, 0, '5032<main.rpyeffect:41([k@[switch case for 0#89]#95])>+4: {"op": "Copy". "type": "ptr". "from": 2. "to". 1}')
debug_merge_point(0, 0, '5032<main.rpyeffect:41([k@[switch case for 0#89]#95])>+5: {"op": "Jump". "target": 5017}')
debug_merge_point(0, 0, '5017<main.rpyeffect:26([mcore:[#94]#72])>+0: {"op": "Const". "type": "ptr". "out": 1. "format": "string". "value": "Name(import$std/core/hnd)"}')
debug_merge_point(0, 0, '5017<main.rpyeffect:26([mcore:[#94]#72])>+1: {"op": "PrimOp". "name": "getGlobal(String): Ptr". "out": {"num": []. "ptr": [1]}. "in": {"num": []. "ptr": [1]}}')
debug_merge_point(0, 0, '5017<main.rpyeffect:26([mcore:[#94]#72])>+2: {"op": "CallLib". "lib": "1". "symbol": "elt"}')
debug_merge_point(0, 0, '328<std_core_hnd.rpyeffect:27(Name(elt))>+0: {"op": "Switch". "scrutinee": 0. "values": [0]. "targets": [326]. "default": 327}')
debug_merge_point(0, 0, '326<std_core_hnd.rpyeffect:25([switch case for 0#71])>+0: {"op": "Proj". "out": 0. "type": Interned(evv). "scrutinee": 0. "tag": Interned(cons). "field": 0. "field_type": "ptr"}')
+692: p79 = getfield_gc_r(ConstPtr(ptr78), descr=<FieldP rpyeffect.stored_environment.Data__arb_arb.inst_tag 8>)
+700: guard_value(p79, ConstPtr(ptr80), descr=<Guard0x14037cea0>) [p2, i6, i8, i10, i12, i14, i16, i18, i20, i22, i24, i26, i28, i30, i32, i34, i36, p39, p41, p43, p45, p47, p49, p51, p53, p55, p57, p59, p61, p63, p65, p67, p69, p0, p1, p3]
debug_merge_point(0, 0, '326<std_core_hnd.rpyeffect:25([switch case for 0#71])>+1: {"op": "Return". "args": {"num": []. "ptr": [0]}}')
debug_merge_point(0, 0, '5031<main.rpyeffect:40([k@[k@[switch case for 0#89]#95]#103])>+0: {"op": "PrimOp". "name": "unbox(Ptr): Num". "out": {"num": [1]. "ptr": []}. "in": {"num": []. "ptr": [1]}}')
debug_merge_point(0, 0, '5031<main.rpyeffect:40([k@[k@[switch case for 0#89]#95]#103])>+1: {"op": "Push". "target": 5021. "args": {"num": [1. 0]. "ptr": []}}')
debug_merge_point(0, 0, '5031<main.rpyeffect:40([k@[k@[switch case for 0#89]#95]#103])>+2: {"op": "Match". "type": Interned(std/core/hnd/ev). "scrutinee": 0. "clauses": [{"tag": Interned(std/core/hnd/Ev). "target": 5030. "args": {"num": []. "ptr": [2. 3. 4. 5]}}]. "default": {"tag": Interned(9f5068f2-b4de-4928-a495-c24125797700#[Missing Tag#568]). "target": 5022. "args": {"num": []. "ptr": []}}}')
+712: p82 = getfield_gc_r(ConstPtr(ptr81), descr=<FieldP rpyeffect.stored_environment.Data__arb_arb.inst_tag 8>)
+720: guard_value(p82, ConstPtr(ptr83), descr=<Guard0x14037cee0>) [p2, i6, i8, i10, i12, i14, i16, i18, i20, i22, i24, i26, i28, i30, i32, i34, i36, p39, p41, p43, p45, p47, p49, p51, p53, p55, p57, p59, p61, p63, p65, p67, p69, p0, p1, p3]
debug_merge_point(0, 0, '5030<main.rpyeffect:39([#116])>+0: {"op": "Copy". "type": "ptr". "from": 1. "to". 2}')
debug_merge_point(0, 0, '5030<main.rpyeffect:39([#116])>+1: {"op": "Copy". "type": "ptr". "from": 0. "to". 1}')
debug_merge_point(0, 0, '5030<main.rpyeffect:39([#116])>+2: {"op": "Copy". "type": "ptr". "from": 3. "to". 0}')
debug_merge_point(0, 0, '5030<main.rpyeffect:39([#116])>+3: {"op": "Match". "type": Interned(main/emit). "scrutinee": 4. "clauses": [{"tag": Interned(main/@Hnd-emit). "target": 5029. "args": {"num": [0]. "ptr": [3]}}]. "default": {"tag": Interned(9f5068f2-b4de-4928-a495-c24125797700#[Missing Tag#567]). "target": 5024. "args": {"num": []. "ptr": []}}}')
+732: p85 = getfield_gc_r(ConstPtr(ptr84), descr=<FieldP rpyeffect.stored_environment.Data__arb_arb.inst_tag 8>)
+740: guard_value(p85, ConstPtr(ptr86), descr=<Guard0x14037cf20>) [p2, i6, i8, i10, i12, i14, i16, i18, i20, i22, i24, i26, i28, i30, i32, i34, i36, p39, p41, p43, p45, p47, p49, p51, p53, p55, p57, p59, p61, p63, p65, p67, p69, p0, p1, p3]
debug_merge_point(0, 0, '5029<main.rpyeffect:38([match_main/@Hnd-emit@[#116]#121])>+0: {"op": "Match". "type": Interned(std/core/hnd/clause1). "scrutinee": 3. "clauses": [{"tag": Interned(std/core/hnd/Clause1). "target": 5028. "args": {"num": []. "ptr": [3]}}]. "default": {"tag": Interned(9f5068f2-b4de-4928-a495-c24125797700#[Missing Tag#566]). "target": 5026. "args": {"num": []. "ptr": []}}}')
+752: p88 = getfield_gc_r(ConstPtr(ptr87), descr=<FieldP rpyeffect.stored_environment.Data__arb_arb.inst_tag 8>)
+760: guard_value(p88, ConstPtr(ptr89), descr=<Guard0x14037cf60>) [p2, i6, i8, i10, i12, i14, i16, i18, i20, i22, i24, i26, i28, i30, i32, i34, i36, p39, p41, p43, p45, p47, p49, p51, p53, p55, p57, p59, p61, p63, p65, p67, p69, p0, p1, p3]
debug_merge_point(0, 0, '5028<main.rpyeffect:37([#126])>+0: {"op": "Push". "target": 5027. "args": {"num": []. "ptr": []}}')
debug_merge_point(0, 0, '5028<main.rpyeffect:37([#126])>+1: {"op": "Invoke". "receiver": 3. "tag": Interned(%apply(ppp):p). "args" : {"num": []. "ptr": [0. 1. 2]}}')
debug_merge_point(0, 0, '5046<main.rpyeffect:55([method_%apply(ppp):p@[mcore:[#132]#154]#166])>+0: {"op": "PrimOp". "name": "unbox(Ptr): Num". "out": {"num": [0]. "ptr": []}. "in": {"num": []. "ptr": [2]}}')
debug_merge_point(0, 0, '5046<main.rpyeffect:55([method_%apply(ppp):p@[mcore:[#132]#154]#166])>+1: {"op": "Copy". "type": "ptr". "from": 3. "to". 2}')
debug_merge_point(0, 0, '5046<main.rpyeffect:55([method_%apply(ppp):p@[mcore:[#132]#154]#166])>+2: {"op": "Jump". "target": 5039}')
debug_merge_point(0, 0, '5039<main.rpyeffect:48([mcore:[#120]#142])>+0: {"op": "PrimOp". "name": "getRef(Ref[Ptr]): Ptr". "out": {"num": []. "ptr": [0]}. "in": {"num": []. "ptr": [2]}}')
+772: p91 = getfield_gc_r(ConstPtr(ptr90), descr=<FieldP rpyeffect.region.PtrRef.inst_value 8>)
debug_merge_point(0, 0, '5039<main.rpyeffect:48([mcore:[#120]#142])>+1: {"op": "PrimOp". "name": "unbox(Ptr): Num". "out": {"num": [1]. "ptr": []}. "in": {"num": []. "ptr": [0]}}')
+776: i92 = getfield_gc_i(p91, descr=<FieldS rpyeffect.region.NumBox.inst_value 8 pure>)
debug_merge_point(0, 0, '5039<main.rpyeffect:48([mcore:[#120]#142])>+2: {"op": "PrimOp". "name": "infixAdd(Int. Int): Int". "out": {"num": [0]. "ptr": []}. "in": {"num": [1. 0]. "ptr": []}}')
+780: i93 = int_add(i92, i6)
debug_merge_point(0, 0, '5039<main.rpyeffect:48([mcore:[#120]#142])>+3: {"op": "PrimOp". "name": "box(Num): Ptr". "out": {"num": []. "ptr": [0]}. "in": {"num": [0]. "ptr": []}}')
debug_merge_point(0, 0, '5039<main.rpyeffect:48([mcore:[#120]#142])>+4: {"op": "PrimOp". "name": "setRef(Ref[Ptr]. Ptr): Unit". "out": {"num": []. "ptr": [0]}. "in": {"num": []. "ptr": [2. 0]}}')
debug_merge_point(0, 0, '5039<main.rpyeffect:48([mcore:[#120]#142])>+5: {"op": "Construct". "out": 0. "type": Interned(Unit). "tag": Interned(unit). "args": {"num": []. "ptr": []}}')
debug_merge_point(0, 0, '5039<main.rpyeffect:48([mcore:[#120]#142])>+6: {"op": "Return". "args": {"num": []. "ptr": [0]}}')
debug_merge_point(0, 0, '5027<main.rpyeffect:36([k@[#126]#128])>+0: {"op": "Return". "args": {"num": []. "ptr": [0]}}')
debug_merge_point(0, 0, '5021<main.rpyeffect:30([k@[k@[k@[switch case for 0#89]#95]#103]#105])>+0: {"op": "Const". "type": "num". "out": 2. "value": 1}')
debug_merge_point(0, 0, '5021<main.rpyeffect:30([k@[k@[k@[switch case for 0#89]#95]#103]#105])>+1: {"op": "PrimOp". "name": "infixAdd(Int. Int): Int". "out": {"num": [0]. "ptr": []}. "in": {"num": [0. 2]. "ptr": []}}')
+784: i95 = int_add(i6, 1)
debug_merge_point(0, 0, '5021<main.rpyeffect:30([k@[k@[k@[switch case for 0#89]#95]#103]#105])>+2: {"op": "Const". "type": "ptr". "out": 0. "format": "string". "value": "Name(import$std/core/hnd)"}')
debug_merge_point(0, 0, '5021<main.rpyeffect:30([k@[k@[k@[switch case for 0#89]#95]#103]#105])>+3: {"op": "PrimOp". "name": "getGlobal(String): Ptr". "out": {"num": []. "ptr": [0]}. "in": {"num": []. "ptr": [0]}}')
debug_merge_point(0, 0, '5021<main.rpyeffect:30([k@[k@[k@[switch case for 0#89]#95]#103]#105])>+4: {"op": "Jump". "target": 5036}')
debug_merge_point(0, 0, '5036<main.rpyeffect:45([mcore:[#108]#82])>+0: {"op": "PrimOp". "name": "infixGt(Int. Int): Boolean". "out": {"num": [2]. "ptr": []}. "in": {"num": [0. 1]. "ptr": []}}')
+788: i96 = int_gt(i95, i8)
guard_false(i96, descr=<Guard0x14037cfa0>) [p2, i6, i8, i10, i12, i14, i16, i18, i20, i22, i24, i26, i28, i30, i32, i34, i36, p39, p41, p43, p45, p47, p49, p51, p53, p55, p57, p59, p61, p63, p65, p67, p69, p0, p1, p3]
debug_merge_point(0, 0, '5036<main.rpyeffect:45([mcore:[#108]#82])>+1: {"op": "Switch". "scrutinee": 2. "values": [1]. "targets": [5019]. "default": 5035}')
debug_merge_point(0, 0, '5035<main.rpyeffect:44([switch default case#87])>+0: {"op": "PrimOp". "name": "infixGt(Int. Int): Boolean". "out": {"num": [2]. "ptr": []}. "in": {"num": [0. 1]. "ptr": []}}')
+796: p97 = new_with_vtable(descr=<SizeDescr 16>)
+904: setfield_gc(p97, i93, descr=<FieldS rpyeffect.region.NumBox.inst_value 8 pure>)
+972: setfield_gc(ConstPtr(ptr90), p97, descr=<FieldP rpyeffect.region.PtrRef.inst_value 8>)
+976: label(p0, p1, p2, p3, i95, i8, i12, i14, i16, i18, i20, i22, i24, i26, i28, i30, i32, i34, i36, p51, p53, p55, p57, p59, p61, p63, p65, p67, p69, p97, descr=TargetToken(5372198112))
debug_merge_point(0, 0, '5035<main.rpyeffect:44([switch default case#87])>+0: {"op": "PrimOp". "name": "infixGt(Int. Int): Boolean". "out": {"num": [2]. "ptr": []}. "in": {"num": [0. 1]. "ptr": []}}')
+976: guard_not_invalidated(descr=<Guard0x1403951a8>) [p2, i95, i8, i12, i14, i16, i18, i20, i22, i24, i26, i28, i30, i32, i34, i36, p51, p53, p55, p57, p59, p61, p63, p65, p67, p69, p0, p1, p3]
debug_merge_point(0, 0, '5035<main.rpyeffect:44([switch default case#87])>+1: {"op": "PrimOp". "name": "box(Num): Ptr". "out": {"num": []. "ptr": [0]}. "in": {"num": [0]. "ptr": []}}')
debug_merge_point(0, 0, '5035<main.rpyeffect:44([switch default case#87])>+2: {"op": "Copy". "type": "num". "from": 1. "to". 0}')
debug_merge_point(0, 0, '5035<main.rpyeffect:44([switch default case#87])>+3: {"op": "Switch". "scrutinee": 2. "values": [0]. "targets": [5033]. "default": 5034}')
debug_merge_point(0, 0, '5033<main.rpyeffect:42([switch case for 0#89])>+0: {"op": "Const". "type": "num". "out": 1. "value": 0}')
debug_merge_point(0, 0, '5033<main.rpyeffect:42([switch case for 0#89])>+1: {"op": "Const". "type": "ptr". "out": 1. "format": "string". "value": "Name(import$std/core/hnd)"}')
debug_merge_point(0, 0, '5033<main.rpyeffect:42([switch case for 0#89])>+2: {"op": "PrimOp". "name": "getGlobal(String): Ptr". "out": {"num": []. "ptr": [1]}. "in": {"num": []. "ptr": [1]}}')
debug_merge_point(0, 0, '5033<main.rpyeffect:42([switch case for 0#89])>+3: {"op": "Push". "target": 5032. "args": {"num": [1. 0]. "ptr": [0]}}')
debug_merge_point(0, 0, '5033<main.rpyeffect:42([switch case for 0#89])>+4: {"op": "Copy". "type": "ptr". "from": 1. "to". 0}')
debug_merge_point(0, 0, '5033<main.rpyeffect:42([switch case for 0#89])>+5: {"op": "Jump". "target": 5018}')
debug_merge_point(0, 0, '5018<main.rpyeffect:27([mcore:[#95]#78])>+0: {"op": "Const". "type": "ptr". "out": 0. "format": "string". "value": "Name(import$std/core/hnd)"}')
debug_merge_point(0, 0, '5018<main.rpyeffect:27([mcore:[#95]#78])>+1: {"op": "PrimOp". "name": "getGlobal(String): Ptr". "out": {"num": []. "ptr": [0]}. "in": {"num": []. "ptr": [0]}}')
debug_merge_point(0, 0, '5018<main.rpyeffect:27([mcore:[#95]#78])>+2: {"op": "CallLib". "lib": "0". "symbol": "getCurrentEvv"}')
debug_merge_point(0, 0, '301<std_core_hnd.rpyeffect:0(Name(getCurrentEvv))>+0: {"op": "Const". "type": "ptr". "out": 0. "format": "string". "value": "current-evv"}')
debug_merge_point(0, 0, '301<std_core_hnd.rpyeffect:0(Name(getCurrentEvv))>+1: {"op": "PrimOp". "name": "getGlobal(String): Ptr". "out": {"num": []. "ptr": [0]}. "in": {"num": []. "ptr": [0]}}')
debug_merge_point(0, 0, '301<std_core_hnd.rpyeffect:0(Name(getCurrentEvv))>+2: {"op": "PrimOp". "name": "getRef(Ref[Ptr]): Ptr". "out": {"num": []. "ptr": [0]}. "in": {"num": []. "ptr": [0]}}')
+984: p99 = getfield_gc_r(ConstPtr(ptr98), descr=<FieldP rpyeffect.region.PtrRef.inst_value 8>)
debug_merge_point(0, 0, '301<std_core_hnd.rpyeffect:0(Name(getCurrentEvv))>+3: {"op": "Return". "args": {"num": []. "ptr": [0]}}')
debug_merge_point(0, 0, '5032<main.rpyeffect:41([k@[switch case for 0#89]#95])>+0: {"op": "PrimOp". "name": "promote_ptr". "out": {"num": []. "ptr": [0]}. "in": {"num": []. "ptr": [0]}}')
+992: i101 = ptr_eq(ConstPtr(ptr100), p99)
guard_true(i101, descr=<Guard0x14037cfe0>) [p2, i95, i8, i12, i14, i16, i18, i20, i22, i24, i26, i28, i30, i32, i34, i36, p51, p53, p55, p57, p59, p61, p63, p65, p67, p69, p0, p1, p3]
+1000: guard_value(p99, ConstPtr(ptr102), descr=<Guard0x14037d020>) [p2, i95, i8, i12, i14, i16, i18, i20, i22, i24, i26, i28, i30, i32, i34, i36, p51, p53, p55, p57, p59, p61, p63, p65, p67, p69, p0, p1, p3]
debug_merge_point(0, 0, '5032<main.rpyeffect:41([k@[switch case for 0#89]#95])>+1: {"op": "Const". "type": "ptr". "out": 2. "format": "string". "value": "Name(import$std/core/hnd)"}')
debug_merge_point(0, 0, '5032<main.rpyeffect:41([k@[switch case for 0#89]#95])>+2: {"op": "PrimOp". "name": "getGlobal(String): Ptr". "out": {"num": []. "ptr": [2]}. "in": {"num": []. "ptr": [2]}}')
debug_merge_point(0, 0, '5032<main.rpyeffect:41([k@[switch case for 0#89]#95])>+3: {"op": "Push". "target": 5031. "args": {"num": [1]. "ptr": [1]}}')
debug_merge_point(0, 0, '5032<main.rpyeffect:41([k@[switch case for 0#89]#95])>+4: {"op": "Copy". "type": "ptr". "from": 2. "to". 1}')
debug_merge_point(0, 0, '5032<main.rpyeffect:41([k@[switch case for 0#89]#95])>+5: {"op": "Jump". "target": 5017}')
debug_merge_point(0, 0, '5017<main.rpyeffect:26([mcore:[#94]#72])>+0: {"op": "Const". "type": "ptr". "out": 1. "format": "string". "value": "Name(import$std/core/hnd)"}')
debug_merge_point(0, 0, '5017<main.rpyeffect:26([mcore:[#94]#72])>+1: {"op": "PrimOp". "name": "getGlobal(String): Ptr". "out": {"num": []. "ptr": [1]}. "in": {"num": []. "ptr": [1]}}')
debug_merge_point(0, 0, '5017<main.rpyeffect:26([mcore:[#94]#72])>+2: {"op": "CallLib". "lib": "1". "symbol": "elt"}')
debug_merge_point(0, 0, '328<std_core_hnd.rpyeffect:27(Name(elt))>+0: {"op": "Switch". "scrutinee": 0. "values": [0]. "targets": [326]. "default": 327}')
debug_merge_point(0, 0, '326<std_core_hnd.rpyeffect:25([switch case for 0#71])>+0: {"op": "Proj". "out": 0. "type": Interned(evv). "scrutinee": 0. "tag": Interned(cons). "field": 0. "field_type": "ptr"}')
debug_merge_point(0, 0, '326<std_core_hnd.rpyeffect:25([switch case for 0#71])>+1: {"op": "Return". "args": {"num": []. "ptr": [0]}}')
debug_merge_point(0, 0, '5031<main.rpyeffect:40([k@[k@[switch case for 0#89]#95]#103])>+0: {"op": "PrimOp". "name": "unbox(Ptr): Num". "out": {"num": [1]. "ptr": []}. "in": {"num": []. "ptr": [1]}}')
debug_merge_point(0, 0, '5031<main.rpyeffect:40([k@[k@[switch case for 0#89]#95]#103])>+1: {"op": "Push". "target": 5021. "args": {"num": [1. 0]. "ptr": []}}')
debug_merge_point(0, 0, '5031<main.rpyeffect:40([k@[k@[switch case for 0#89]#95]#103])>+2: {"op": "Match". "type": Interned(std/core/hnd/ev). "scrutinee": 0. "clauses": [{"tag": Interned(std/core/hnd/Ev). "target": 5030. "args": {"num": []. "ptr": [2. 3. 4. 5]}}]. "default": {"tag": Interned(9f5068f2-b4de-4928-a495-c24125797700#[Missing Tag#568]). "target": 5022. "args": {"num": []. "ptr": []}}}')
debug_merge_point(0, 0, '5030<main.rpyeffect:39([#116])>+0: {"op": "Copy". "type": "ptr". "from": 1. "to". 2}')
debug_merge_point(0, 0, '5030<main.rpyeffect:39([#116])>+1: {"op": "Copy". "type": "ptr". "from": 0. "to". 1}')
debug_merge_point(0, 0, '5030<main.rpyeffect:39([#116])>+2: {"op": "Copy". "type": "ptr". "from": 3. "to". 0}')
debug_merge_point(0, 0, '5030<main.rpyeffect:39([#116])>+3: {"op": "Match". "type": Interned(main/emit). "scrutinee": 4. "clauses": [{"tag": Interned(main/@Hnd-emit). "target": 5029. "args": {"num": [0]. "ptr": [3]}}]. "default": {"tag": Interned(9f5068f2-b4de-4928-a495-c24125797700#[Missing Tag#567]). "target": 5024. "args": {"num": []. "ptr": []}}}')
debug_merge_point(0, 0, '5029<main.rpyeffect:38([match_main/@Hnd-emit@[#116]#121])>+0: {"op": "Match". "type": Interned(std/core/hnd/clause1). "scrutinee": 3. "clauses": [{"tag": Interned(std/core/hnd/Clause1). "target": 5028. "args": {"num": []. "ptr": [3]}}]. "default": {"tag": Interned(9f5068f2-b4de-4928-a495-c24125797700#[Missing Tag#566]). "target": 5026. "args": {"num": []. "ptr": []}}}')
debug_merge_point(0, 0, '5028<main.rpyeffect:37([#126])>+0: {"op": "Push". "target": 5027. "args": {"num": []. "ptr": []}}')
debug_merge_point(0, 0, '5028<main.rpyeffect:37([#126])>+1: {"op": "Invoke". "receiver": 3. "tag": Interned(%apply(ppp):p). "args" : {"num": []. "ptr": [0. 1. 2]}}')
debug_merge_point(0, 0, '5046<main.rpyeffect:55([method_%apply(ppp):p@[mcore:[#132]#154]#166])>+0: {"op": "PrimOp". "name": "unbox(Ptr): Num". "out": {"num": [0]. "ptr": []}. "in": {"num": []. "ptr": [2]}}')
debug_merge_point(0, 0, '5046<main.rpyeffect:55([method_%apply(ppp):p@[mcore:[#132]#154]#166])>+1: {"op": "Copy". "type": "ptr". "from": 3. "to". 2}')
debug_merge_point(0, 0, '5046<main.rpyeffect:55([method_%apply(ppp):p@[mcore:[#132]#154]#166])>+2: {"op": "Jump". "target": 5039}')
debug_merge_point(0, 0, '5039<main.rpyeffect:48([mcore:[#120]#142])>+0: {"op": "PrimOp". "name": "getRef(Ref[Ptr]): Ptr". "out": {"num": []. "ptr": [0]}. "in": {"num": []. "ptr": [2]}}')
debug_merge_point(0, 0, '5039<main.rpyeffect:48([mcore:[#120]#142])>+1: {"op": "PrimOp". "name": "unbox(Ptr): Num". "out": {"num": [1]. "ptr": []}. "in": {"num": []. "ptr": [0]}}')
+1008: i103 = getfield_gc_i(p97, descr=<FieldS rpyeffect.region.NumBox.inst_value 8 pure>)
debug_merge_point(0, 0, '5039<main.rpyeffect:48([mcore:[#120]#142])>+2: {"op": "PrimOp". "name": "infixAdd(Int. Int): Int". "out": {"num": [0]. "ptr": []}. "in": {"num": [1. 0]. "ptr": []}}')
+1012: i104 = int_add(i103, i95)
debug_merge_point(0, 0, '5039<main.rpyeffect:48([mcore:[#120]#142])>+3: {"op": "PrimOp". "name": "box(Num): Ptr". "out": {"num": []. "ptr": [0]}. "in": {"num": [0]. "ptr": []}}')
debug_merge_point(0, 0, '5039<main.rpyeffect:48([mcore:[#120]#142])>+4: {"op": "PrimOp". "name": "setRef(Ref[Ptr]. Ptr): Unit". "out": {"num": []. "ptr": [0]}. "in": {"num": []. "ptr": [2. 0]}}')
debug_merge_point(0, 0, '5039<main.rpyeffect:48([mcore:[#120]#142])>+5: {"op": "Construct". "out": 0. "type": Interned(Unit). "tag": Interned(unit). "args": {"num": []. "ptr": []}}')
debug_merge_point(0, 0, '5039<main.rpyeffect:48([mcore:[#120]#142])>+6: {"op": "Return". "args": {"num": []. "ptr": [0]}}')
debug_merge_point(0, 0, '5027<main.rpyeffect:36([k@[#126]#128])>+0: {"op": "Return". "args": {"num": []. "ptr": [0]}}')
debug_merge_point(0, 0, '5021<main.rpyeffect:30([k@[k@[k@[switch case for 0#89]#95]#103]#105])>+0: {"op": "Const". "type": "num". "out": 2. "value": 1}')
debug_merge_point(0, 0, '5021<main.rpyeffect:30([k@[k@[k@[switch case for 0#89]#95]#103]#105])>+1: {"op": "PrimOp". "name": "infixAdd(Int. Int): Int". "out": {"num": [0]. "ptr": []}. "in": {"num": [0. 2]. "ptr": []}}')
+1016: i106 = int_add(i95, 1)
debug_merge_point(0, 0, '5021<main.rpyeffect:30([k@[k@[k@[switch case for 0#89]#95]#103]#105])>+2: {"op": "Const". "type": "ptr". "out": 0. "format": "string". "value": "Name(import$std/core/hnd)"}')
debug_merge_point(0, 0, '5021<main.rpyeffect:30([k@[k@[k@[switch case for 0#89]#95]#103]#105])>+3: {"op": "PrimOp". "name": "getGlobal(String): Ptr". "out": {"num": []. "ptr": [0]}. "in": {"num": []. "ptr": [0]}}')
debug_merge_point(0, 0, '5021<main.rpyeffect:30([k@[k@[k@[switch case for 0#89]#95]#103]#105])>+4: {"op": "Jump". "target": 5036}')
debug_merge_point(0, 0, '5036<main.rpyeffect:45([mcore:[#108]#82])>+0: {"op": "PrimOp". "name": "infixGt(Int. Int): Boolean". "out": {"num": [2]. "ptr": []}. "in": {"num": [0. 1]. "ptr": []}}')
+1020: i107 = int_gt(i106, i8)
guard_false(i107, descr=<Guard0x14037d060>) [p2, i95, i8, i12, i14, i16, i18, i20, i22, i24, i26, i28, i30, i32, i34, i36, p51, p53, p55, p57, p59, p61, p63, p65, p67, p69, p0, p1, p3]
debug_merge_point(0, 0, '5036<main.rpyeffect:45([mcore:[#108]#82])>+1: {"op": "Switch". "scrutinee": 2. "values": [1]. "targets": [5019]. "default": 5035}')
debug_merge_point(0, 0, '5035<main.rpyeffect:44([switch default case#87])>+0: {"op": "PrimOp". "name": "infixGt(Int. Int): Boolean". "out": {"num": [2]. "ptr": []}. "in": {"num": [0. 1]. "ptr": []}}')
+1028: p108 = new_with_vtable(descr=<SizeDescr 16>)
+1136: setfield_gc(p108, i104, descr=<FieldS rpyeffect.region.NumBox.inst_value 8 pure>)
+1208: setfield_gc(ConstPtr(ptr109), p108, descr=<FieldP rpyeffect.region.PtrRef.inst_value 8>)
+1212: jump(p0, p1, p2, p3, i106, i8, i12, i14, i16, i18, i20, i22, i24, i26, i28, i30, i32, i34, i36, p51, p53, p55, p57, p59, p61, p63, p65, p67, p69, p108, descr=TargetToken(5372198112))
+1220: --end of the loop--
[7533080] jit-log-opt-loop}
[cbebeb2] {jit-summary
Tracing:      	1	0.001279
Backend:      	1	0.000237
TOTAL:      		0.093188
ops:             	3960
heapcached ops:  	349
recorded ops:    	2259
  calls:         	2001
guards:          	92
opt ops:         	157
opt guards:      	15
opt guards shared:	13
forcings:        	0
abort: trace too long:	0
abort: compiling:	0
abort: vable escape:	0
abort: bad loop: 	0
abort: force quasi-immut:	0
abort: segmenting trace:	0
virtualizables forced:	0
nvirtuals:       	0
nvholes:         	0
nvreused:        	0
vecopt tried:    	0
vecopt success:  	0
Total # of loops:	1
Total # of bridges:	0
Freed # of loops:	0
Freed # of bridges:	0
[cbeefd9] jit-summary}
