[7f3203] {jit-log-opt-loop
# Loop 1 (220<main.rpyeffect:212(Name(countdown_48))>+6: {"op": "Swap", "type": "ptr", "a": 1, "b", 0}) : loop with 264 ops
[p0, p1, p2, p3, p4]
+472: p5 = getfield_gc_r(p2, descr=<FieldP rpyeffect.environment.Environment.inst_values_num 16>)
+480: i7 = getarrayitem_gc_i(p5, 0, descr=<ArrayS 8>)
+484: i9 = getarrayitem_gc_i(p5, 1, descr=<ArrayS 8>)
+488: i11 = getarrayitem_gc_i(p5, 2, descr=<ArrayS 8>)
+492: i13 = getarrayitem_gc_i(p5, 3, descr=<ArrayS 8>)
+496: i15 = getarrayitem_gc_i(p5, 4, descr=<ArrayS 8>)
+500: i17 = getarrayitem_gc_i(p5, 5, descr=<ArrayS 8>)
+504: i19 = getarrayitem_gc_i(p5, 6, descr=<ArrayS 8>)
+508: i21 = getarrayitem_gc_i(p5, 7, descr=<ArrayS 8>)
+512: i23 = getarrayitem_gc_i(p5, 8, descr=<ArrayS 8>)
+516: i25 = getarrayitem_gc_i(p5, 9, descr=<ArrayS 8>)
+520: i27 = getarrayitem_gc_i(p5, 10, descr=<ArrayS 8>)
+524: i29 = getarrayitem_gc_i(p5, 11, descr=<ArrayS 8>)
+528: i31 = getarrayitem_gc_i(p5, 12, descr=<ArrayS 8>)
+532: i33 = getarrayitem_gc_i(p5, 13, descr=<ArrayS 8>)
+536: i35 = getarrayitem_gc_i(p5, 14, descr=<ArrayS 8>)
+544: i37 = getarrayitem_gc_i(p5, 15, descr=<ArrayS 8>)
+548: p38 = getfield_gc_r(p2, descr=<FieldP rpyeffect.environment.Environment.inst_values_ptr 24>)
+552: p40 = getarrayitem_gc_r(p38, 0, descr=<ArrayP 8>)
+560: p42 = getarrayitem_gc_r(p38, 1, descr=<ArrayP 8>)
+568: p44 = getarrayitem_gc_r(p38, 2, descr=<ArrayP 8>)
+576: p46 = getarrayitem_gc_r(p38, 3, descr=<ArrayP 8>)
+584: p48 = getarrayitem_gc_r(p38, 4, descr=<ArrayP 8>)
+592: p50 = getarrayitem_gc_r(p38, 5, descr=<ArrayP 8>)
+600: p52 = getarrayitem_gc_r(p38, 6, descr=<ArrayP 8>)
+608: p54 = getarrayitem_gc_r(p38, 7, descr=<ArrayP 8>)
+616: p56 = getarrayitem_gc_r(p38, 8, descr=<ArrayP 8>)
+624: p58 = getarrayitem_gc_r(p38, 9, descr=<ArrayP 8>)
+632: p60 = getarrayitem_gc_r(p38, 10, descr=<ArrayP 8>)
+640: p62 = getarrayitem_gc_r(p38, 11, descr=<ArrayP 8>)
+648: p64 = getarrayitem_gc_r(p38, 12, descr=<ArrayP 8>)
+656: p66 = getarrayitem_gc_r(p38, 13, descr=<ArrayP 8>)
+664: p68 = getarrayitem_gc_r(p38, 14, descr=<ArrayP 8>)
+672: p70 = getarrayitem_gc_r(p38, 15, descr=<ArrayP 8>)
+676: label(p0, p1, p2, p3, p4, i7, i9, i11, i13, i15, i17, i19, i21, i23, i25, i27, i29, i31, i33, i35, i37, p40, p42, p44, p46, p48, p50, p52, p54, p56, p58, p60, p62, p64, p66, p68, p70, descr=TargetToken(4970166160))
debug_merge_point(0, 0, '220<main.rpyeffect:212(Name(countdown_48))>+6: {"op": "Swap". "type": "ptr". "a": 1. "b". 0}')
+732: guard_not_invalidated(descr=<Guard0x12843a020>) [p2, i7, i9, i11, i13, i15, i17, i19, i21, i23, i25, i27, i29, i31, i33, i35, i37, p40, p42, p44, p46, p48, p50, p52, p54, p56, p58, p60, p62, p64, p66, p68, p70, p0, p1, p3, p4]
debug_merge_point(0, 0, '220<main.rpyeffect:212(Name(countdown_48))>+7: {"op": "Invoke". "receiver": 1. "tag": Interned(%Get_0(p):n). "args" : {"num": []. "ptr": [0]}}')
+736: p71 = getfield_gc_r(p40, descr=<FieldP rpyeffect.stored_environment.CoData__arb_arb.inst_vtable 24 pure>)
+744: guard_value(p71, ConstPtr(ptr72), descr=<Guard0x1283f50a0>) [p2, i7, i9, i11, i13, i15, i17, i19, i21, i23, i25, i27, i29, i31, i33, i35, i37, p40, p42, p44, p46, p48, p50, p52, p54, p56, p58, p60, p62, p64, p66, p68, p70, p0, p1, p3, p4]
+752: p73 = getfield_gc_r(p40, descr=<FieldP rpyeffect.stored_environment.CoData__0_1.inst_values_ptr_0 32 pure>)
debug_merge_point(0, 0, '248<main.rpyeffect:240([method_%Get_0(p):n@[mcore:[#42]#601]#635])>+0: {"op": "Const". "type": "num". "out": 0. "value": 0}')
debug_merge_point(0, 0, '248<main.rpyeffect:240([method_%Get_0(p):n@[mcore:[#42]#601]#635])>+1: {"op": "ShiftDyn". "out": 1. "n": 0. "label": 1}')
+756: guard_nonnull(p4, descr=<Guard0x1283f50e0>) [p2, i7, i9, i11, i13, i15, i17, i19, i21, i23, i25, i27, i29, i31, i33, i35, i37, p40, p42, p44, p46, p48, p50, p52, p54, p56, p58, p60, p62, p64, p66, p68, p70, p0, p1, p3, p4]
+768: i74 = getfield_gc_i(p0, descr=<FieldS rpyeffect.stack.Label.inst_origin 8 pure>)
+776: guard_value(i74, 300068, descr=<Guard0x1283f5120>) [p2, i7, i9, i11, i13, i15, i17, i19, i21, i23, i25, i27, i29, i31, i33, i35, i37, p40, p42, p44, p46, p48, p50, p52, p54, p56, p58, p60, p62, p64, p66, p68, p70, p0, p1, p3, p4]
+792: i76 = getfield_gc_i(p73, descr=<FieldS rpyeffect.stack.Label.inst_origin 8 pure>)
+796: guard_value(i76, 289792, descr=<Guard0x1283f5160>) [p2, i7, i9, i11, i13, i15, i17, i19, i21, i23, i25, i27, i29, i31, i33, i35, i37, p40, p42, p44, p46, p48, p50, p52, p54, p56, p58, p60, p62, p64, p66, p68, p70, p0, p1, p3, p4]
+812: p78 = getfield_gc_r(p3, descr=<FieldP rpyeffect.stack.MetaStack.inst_region 24 pure>)
+820: guard_isnull(p78, descr=<Guard0x1283f51a0>) [p2, i7, i9, i11, i13, i15, i17, i19, i21, i23, i25, i27, i29, i31, i33, i35, i37, p40, p42, p44, p46, p48, p50, p52, p54, p56, p58, p60, p62, p64, p66, p68, p70, p0, p1, p3, p4]
+828: p79 = getfield_gc_r(p3, descr=<FieldP rpyeffect.stack.MetaStack.inst_label 16 pure>)
+832: i80 = getfield_gc_i(p79, descr=<FieldS rpyeffect.stack.Label.inst_origin 8 pure>)
+836: guard_value(i80, 300063, descr=<Guard0x1283f51e0>) [p2, i7, i9, i11, i13, i15, i17, i19, i21, i23, i25, i27, i29, i31, i33, i35, i37, p40, p42, p44, p46, p48, p50, p52, p54, p56, p58, p60, p62, p64, p66, p68, p70, p0, p1, p3, p4]
+852: p82 = getfield_gc_r(p3, descr=<FieldP rpyeffect.stack.MetaStack.inst_tail 32 pure>)
+856: p83 = getfield_gc_r(p82, descr=<FieldP rpyeffect.stack.MetaStack.inst_region 24 pure>)
+860: guard_isnull(p83, descr=<Guard0x1283f5220>) [p2, i7, i9, i11, i13, i15, i17, i19, i21, i23, i25, i27, i29, i31, i33, i35, i37, p40, p42, p44, p46, p48, p50, p52, p54, p56, p58, p60, p62, p64, p66, p68, p70, p0, p1, p3, p4]
+868: p84 = getfield_gc_r(p82, descr=<FieldP rpyeffect.stack.MetaStack.inst_label 16 pure>)
+872: i85 = getfield_gc_i(p84, descr=<FieldS rpyeffect.stack.Label.inst_origin 8 pure>)
+876: guard_value(i85, 289792, descr=<Guard0x1283f5260>) [p2, i7, i9, i11, i13, i15, i17, i19, i21, i23, i25, i27, i29, i31, i33, i35, i37, p40, p42, p44, p46, p48, p50, p52, p54, p56, p58, p60, p62, p64, p66, p68, p70, p0, p1, p3, p4]
+892: i87 = instance_ptr_eq(p84, p73)
guard_true(i87, descr=<Guard0x1283f52a0>) [p2, i7, i9, i11, i13, i15, i17, i19, i21, i23, i25, i27, i29, i31, i33, i35, i37, p40, p42, p44, p46, p48, p50, p52, p54, p56, p58, p60, p62, p64, p66, p68, p70, p0, p1, p3, p4]
+900: p88 = getfield_gc_r(p82, descr=<FieldP rpyeffect.stack.MetaStackLike.inst_stack 8 pure>)
+904: guard_class(p82, 4368559848, descr=<Guard0x1283f52e0>) [p2, i7, i9, i11, i13, i15, i17, i19, i21, i23, i25, i27, i29, i31, i33, i35, i37, p40, p42, p44, p46, p48, p50, p52, p54, p56, p58, p60, p62, p64, p66, p68, p70, p0, p1, p3, p4]
+920: p90 = getfield_gc_r(p82, descr=<FieldP rpyeffect.stack.MetaStack.inst_tail 32 pure>)
+924: p91 = getfield_gc_r(p3, descr=<FieldP rpyeffect.stack.MetaStackLike.inst_stack 8 pure>)
+928: guard_class(p3, ConstClass(MetaStackWithBinding), descr=<Guard0x1283f5320>) [p2, i7, i9, i11, i13, i15, i17, i19, i21, i23, i25, i27, i29, i31, i33, i35, i37, p40, p42, p44, p46, p48, p50, p52, p54, p56, p58, p60, p62, p64, p66, p68, p70, p0, p1, p3, p4]
+944: p93 = getfield_gc_r(p3, descr=<FieldP rpyeffect.stack.MetaStackWithBinding.inst_binding 40 pure>)
+948: guard_nonnull(p93, descr=<Guard0x1283f5360>) [p2, i7, i9, i11, i13, i15, i17, i19, i21, i23, i25, i27, i29, i31, i33, i35, i37, p40, p42, p44, p46, p48, p50, p52, p54, p56, p58, p60, p62, p64, p66, p68, p70, p0, p1, p3, p4]
+956: guard_nonnull_class(p90, 4368559848, descr=<Guard0x12843a078>) [p2, i7, i9, i11, i13, i15, i17, i19, i21, i23, i25, i27, i29, i31, i33, i35, i37, p40, p42, p44, p46, p48, p50, p52, p54, p56, p58, p60, p62, p64, p66, p68, p70, p0, p1, p3, p4]
+980: p95 = getfield_gc_r(p90, descr=<FieldP rpyeffect.stack.MetaStackLike.inst_stack 8 pure>)
+984: p96 = getfield_gc_r(p90, descr=<FieldP rpyeffect.stack.MetaStack.inst_label 16 pure>)
+988: p97 = getfield_gc_r(p90, descr=<FieldP rpyeffect.stack.MetaStack.inst_tail 32 pure>)
+992: guard_nonnull(p95, descr=<Guard0x1283f53a0>) [p2, i7, i9, i11, i13, i15, i17, i19, i21, i23, i25, i27, i29, i31, i33, i35, i37, p40, p42, p44, p46, p48, p50, p52, p54, p56, p58, p60, p62, p64, p66, p68, p70, p0, p1, p3, p4]
+1000: i98 = getfield_gc_i(p95, descr=<FieldS rpyeffect.stored_environment.Stack__arb_arb.inst_target 16 pure>)
+1004: guard_value(i98, 225, descr=<Guard0x1283f53e0>) [p2, i7, i9, i11, i13, i15, i17, i19, i21, i23, i25, i27, i29, i31, i33, i35, i37, p40, p42, p44, p46, p48, p50, p52, p54, p56, p58, p60, p62, p64, p66, p68, p70, p0, p1, p3, p4]
debug_merge_point(0, 0, '248<main.rpyeffect:240([method_%Get_0(p):n@[mcore:[#42]#601]#635])>+2: {"op": "Swap". "type": "ptr". "a": 1. "b". 0}')
debug_merge_point(0, 0, '248<main.rpyeffect:240([method_%Get_0(p):n@[mcore:[#42]#601]#635])>+3: {"op": "Match". "type": Interned({"op": "eff$Tuple". "elements": []}). "scrutinee": 1. "clauses": [{"tag": Interned({"op": "eff$Tuple". "elements": []}). "target": 247. "args": {"num": []. "ptr": []}}]. "default": {"tag": Interned(705fc218-f0b4-4da5-ac13-bd90c74763d9#[Missing Tag#970]). "target": 238. "args": {"num": []. "ptr": []}}}')
+1016: p100 = getfield_gc_r(p42, descr=<FieldP rpyeffect.stored_environment.Data__arb_arb.inst_tag 8>)
+1024: guard_value(p100, ConstPtr(ptr101), descr=<Guard0x1283f5420>) [p2, i7, i9, i11, i13, i15, i17, i19, i21, i23, i25, i27, i29, i31, i33, i35, i37, p40, p42, p44, p46, p48, p50, p52, p54, p56, p58, p60, p62, p64, p66, p68, p70, p0, p1, p3, p4]
debug_merge_point(0, 0, '247<main.rpyeffect:239([#644])>+0: {"op": "New". "out": 0. "targets": [240. 242. 244. 246]. "args": {"num": []. "ptr": [0]}}')
debug_merge_point(0, 0, '247<main.rpyeffect:239([#644])>+1: {"op": "Return". "args": {"num": []. "ptr": [0]}}')
+1032: i102 = getfield_gc_i(p95, descr=<FieldS rpyeffect.stored_environment.Stack__1_0.inst_values_num_0 40 pure>)
+1036: p103 = getfield_gc_r(p95, descr=<FieldP rpyeffect.stored_environment.Stack__arb_arb.inst_tail 8 pure>)
+1040: guard_nonnull(p103, descr=<Guard0x1283f5460>) [p2, i7, i9, i11, i13, i15, i17, i19, i21, i23, i25, i27, i29, i31, i33, i35, i37, p40, p42, p44, p46, p48, p50, p52, p54, p56, p58, p60, p62, p64, p66, p68, p70, p0, p1, p3, p4]
+1048: i104 = getfield_gc_i(p103, descr=<FieldS rpyeffect.stored_environment.Stack__arb_arb.inst_target 16 pure>)
+1052: guard_value(i104, 1, descr=<Guard0x1283f54a0>) [p2, i7, i9, i11, i13, i15, i17, i19, i21, i23, i25, i27, i29, i31, i33, i35, i37, p40, p42, p44, p46, p48, p50, p52, p54, p56, p58, p60, p62, p64, p66, p68, p70, p0, p1, p3, p4]
debug_merge_point(0, 0, '225<main.rpyeffect:217([k@[mcore:[#39]#595]#599])>+0: {"op": "Invoke". "receiver": 0. "tag": Interned(%apply(n):n). "args" : {"num": [0]. "ptr": []}}')
debug_merge_point(0, 0, '240<main.rpyeffect:232([method_%apply(n):n@[#644]#648])>+0: {"op": "Jump". "target": 223}')
debug_merge_point(0, 0, '223<main.rpyeffect:215([mcore:[#35]#592])>+0: {"op": "Push". "target": 222. "args": {"num": [0]. "ptr": []}}')
debug_merge_point(0, 0, '223<main.rpyeffect:215([mcore:[#35]#592])>+1: {"op": "Jump". "target": 221}')
debug_merge_point(0, 0, '221<main.rpyeffect:213(Name(k_66))>+0: {"op": "PushStack". "arg": 0}')
+1064: guard_nonnull(p1, descr=<Guard0x1283f54e0>) [p2, i7, i9, i11, i13, i15, i17, i19, i21, i23, i25, i27, i29, i31, i33, i35, i37, p40, p42, p44, p46, p48, p50, p52, p54, p56, p58, p60, p62, p64, p66, p68, p70, p0, p1, p3, p4]
+1076: i106 = getfield_gc_i(p1, descr=<FieldS rpyeffect.stored_environment.Stack__arb_arb.inst_target 16 pure>)
+1084: guard_value(i106, 219, descr=<Guard0x1283f5520>) [p2, i7, i9, i11, i13, i15, i17, i19, i21, i23, i25, i27, i29, i31, i33, i35, i37, p40, p42, p44, p46, p48, p50, p52, p54, p56, p58, p60, p62, p64, p66, p68, p70, p0, p1, p3, p4]
debug_merge_point(0, 0, '221<main.rpyeffect:213(Name(k_66))>+1: {"op": "Return". "args": {"num": [0]. "ptr": []}}')
+1096: p108 = getfield_gc_r(p1, descr=<FieldP rpyeffect.stored_environment.Stack__arb_arb.inst_tail 8 pure>)
+1100: guard_nonnull(p108, descr=<Guard0x1283f5560>) [p2, i7, i9, i11, i13, i15, i17, i19, i21, i23, i25, i27, i29, i31, i33, i35, i37, p40, p42, p44, p46, p48, p50, p52, p54, p56, p58, p60, p62, p64, p66, p68, p70, p0, p1, p3, p4]
+1108: i109 = getfield_gc_i(p108, descr=<FieldS rpyeffect.stored_environment.Stack__arb_arb.inst_target 16 pure>)
+1112: guard_value(i109, 207, descr=<Guard0x1283f55a0>) [p2, i7, i9, i11, i13, i15, i17, i19, i21, i23, i25, i27, i29, i31, i33, i35, i37, p40, p42, p44, p46, p48, p50, p52, p54, p56, p58, p60, p62, p64, p66, p68, p70, p0, p1, p3, p4]
debug_merge_point(0, 0, '219<main.rpyeffect:211([k@Name(countdown_48)#551])>+0: {"op": "Push". "target": 218. "args": {"num": [0]. "ptr": []}}')
debug_merge_point(0, 0, '219<main.rpyeffect:211([k@Name(countdown_48)#551])>+1: {"op": "Jump". "target": 17}')
debug_merge_point(0, 0, '17<main.rpyeffect:9(Name(=_0))>+0: {"op": "New". "out": 0. "targets": [10. 12. 14. 16]. "args": {"num": [0]. "ptr": []}}')
debug_merge_point(0, 0, '17<main.rpyeffect:9(Name(=_0))>+1: {"op": "Return". "args": {"num": []. "ptr": [0]}}')
debug_merge_point(0, 0, '218<main.rpyeffect:210([k@[k@Name(countdown_48)#551]#553])>+0: {"op": "Const". "type": "num". "out": 1. "value": 0}')
debug_merge_point(0, 0, '218<main.rpyeffect:210([k@[k@Name(countdown_48)#551]#553])>+1: {"op": "Push". "target": 217. "args": {"num": [0]. "ptr": []}}')
debug_merge_point(0, 0, '218<main.rpyeffect:210([k@[k@Name(countdown_48)#551]#553])>+2: {"op": "Copy". "type": "num". "from": 1. "to". 0}')
debug_merge_point(0, 0, '218<main.rpyeffect:210([k@[k@Name(countdown_48)#551]#553])>+3: {"op": "Invoke". "receiver": 0. "tag": Interned(%apply(n):n). "args" : {"num": [0]. "ptr": []}}')
debug_merge_point(0, 0, '10<main.rpyeffect:2([method_%apply(n):n@Name(=_0)#7])>+0: {"op": "Jump". "target": 8}')
debug_merge_point(0, 0, '8<main.rpyeffect:0([mcore:[#9]#3])>+0: {"op": "PrimOp". "name": "infixEq(Int. Int): Boolean". "out": {"num": [0]. "ptr": []}. "in": {"num": [1. 0]. "ptr": []}}')
+1124: i112 = int_eq(i102, 0)
guard_false(i112, descr=<Guard0x1283f55e0>) [p2, i7, i9, i11, i13, i15, i17, i19, i21, i23, i25, i27, i29, i31, i33, i35, i37, p40, p42, p44, p46, p48, p50, p52, p54, p56, p58, p60, p62, p64, p66, p68, p70, p0, p1, p3, p4]
debug_merge_point(0, 0, '8<main.rpyeffect:0([mcore:[#9]#3])>+1: {"op": "Return". "args": {"num": [0]. "ptr": []}}')
debug_merge_point(0, 0, '217<main.rpyeffect:209([k@[k@[k@Name(countdown_48)#551]#553]#557])>+0: {"op": "Switch". "scrutinee": 0. "values": [1]. "targets": [209]. "default": 216}')
debug_merge_point(0, 0, '216<main.rpyeffect:208([switch default case#561])>+0: {"op": "Swap". "type": "num". "a": 1. "b". 0}')
debug_merge_point(0, 0, '216<main.rpyeffect:208([switch default case#561])>+1: {"op": "Switch". "scrutinee": 1. "values": [0]. "targets": [214]. "default": 215}')
debug_merge_point(0, 0, '214<main.rpyeffect:206([switch case for 0#562])>+0: {"op": "Push". "target": 213. "args": {"num": []. "ptr": []}}')
debug_merge_point(0, 0, '214<main.rpyeffect:206([switch case for 0#562])>+1: {"op": "Jump". "target": 186}')
debug_merge_point(0, 0, '186<main.rpyeffect:178(Name(-_34))>+0: {"op": "New". "out": 0. "targets": [179. 181. 183. 185]. "args": {"num": [0]. "ptr": []}}')
debug_merge_point(0, 0, '186<main.rpyeffect:178(Name(-_34))>+1: {"op": "Return". "args": {"num": []. "ptr": [0]}}')
debug_merge_point(0, 0, '213<main.rpyeffect:205([k@[switch case for 0#562]#564])>+0: {"op": "Const". "type": "num". "out": 0. "value": 1}')
debug_merge_point(0, 0, '213<main.rpyeffect:205([k@[switch case for 0#562]#564])>+1: {"op": "Push". "target": 212. "args": {"num": []. "ptr": []}}')
debug_merge_point(0, 0, '213<main.rpyeffect:205([k@[switch case for 0#562]#564])>+2: {"op": "Invoke". "receiver": 0. "tag": Interned(%apply(n):n). "args" : {"num": [0]. "ptr": []}}')
debug_merge_point(0, 0, '179<main.rpyeffect:171([method_%apply(n):n@Name(-_34)#469])>+0: {"op": "Jump". "target": 177}')
debug_merge_point(0, 0, '177<main.rpyeffect:169([mcore:[#24]#465])>+0: {"op": "PrimOp". "name": "infixSub(Int. Int): Int". "out": {"num": [0]. "ptr": []}. "in": {"num": [1. 0]. "ptr": []}}')
+1132: i114 = int_sub(i102, 1)
debug_merge_point(0, 0, '177<main.rpyeffect:169([mcore:[#24]#465])>+1: {"op": "Return". "args": {"num": [0]. "ptr": []}}')
debug_merge_point(0, 0, '212<main.rpyeffect:204([k@[k@[switch case for 0#562]#564]#568])>+0: {"op": "Const". "type": "num". "out": 1. "value": 0}')
debug_merge_point(0, 0, '212<main.rpyeffect:204([k@[k@[switch case for 0#562]#564]#568])>+1: {"op": "Const". "type": "ptr". "out": 0. "format": "string". "value": "Name(Set_1)"}')
debug_merge_point(0, 0, '212<main.rpyeffect:204([k@[k@[switch case for 0#562]#564]#568])>+2: {"op": "PrimOp". "name": "getGlobal(String): Ptr". "out": {"num": []. "ptr": [0]}. "in": {"num": []. "ptr": [0]}}')
debug_merge_point(0, 0, '212<main.rpyeffect:204([k@[k@[switch case for 0#562]#564]#568])>+3: {"op": "GetDynamic". "out": 0. "n": 1. "label": 0}')
+1140: i116 = instance_ptr_eq(p0, ConstPtr(ptr115))
guard_true(i116, descr=<Guard0x1283f5620>) [p2, i7, i9, i11, i13, i15, i17, i19, i21, i23, i25, i27, i29, i31, i33, i35, i37, p40, p42, p44, p46, p48, p50, p52, p54, p56, p58, p60, p62, p64, p66, p68, p70, p0, p1, p3, p4]
debug_merge_point(0, 0, '212<main.rpyeffect:204([k@[k@[switch case for 0#562]#564]#568])>+4: {"op": "Push". "target": 211. "args": {"num": []. "ptr": []}}')
debug_merge_point(0, 0, '212<main.rpyeffect:204([k@[k@[switch case for 0#562]#564]#568])>+5: {"op": "Invoke". "receiver": 0. "tag": Interned(%Set_1(n):p). "args" : {"num": [0]. "ptr": []}}')
+1148: p117 = getfield_gc_r(p4, descr=<FieldP rpyeffect.stored_environment.CoData__arb_arb.inst_vtable 24 pure>)
+1168: guard_value(p117, ConstPtr(ptr118), descr=<Guard0x1283f5660>) [p2, i7, i9, i11, i13, i15, i17, i19, i21, i23, i25, i27, i29, i31, i33, i35, i37, p40, p42, p44, p46, p48, p50, p52, p54, p56, p58, p60, p62, p64, p66, p68, p70, p0, p1, p3, p4]
+1176: p119 = getfield_gc_r(p4, descr=<FieldP rpyeffect.stored_environment.CoData__0_1.inst_values_ptr_0 32 pure>)
debug_merge_point(0, 0, '271<main.rpyeffect:263([method_%Set_1(n):p@[mcore:[#42]#601]#718])>+0: {"op": "Const". "type": "num". "out": 1. "value": 0}')
debug_merge_point(0, 0, '271<main.rpyeffect:263([method_%Set_1(n):p@[mcore:[#42]#601]#718])>+1: {"op": "ShiftDyn". "out": 0. "n": 1. "label": 0}')
+1180: i120 = getfield_gc_i(p119, descr=<FieldS rpyeffect.stack.Label.inst_origin 8 pure>)
+1184: guard_value(i120, 289792, descr=<Guard0x1283f56a0>) [p2, i7, i9, i11, i13, i15, i17, i19, i21, i23, i25, i27, i29, i31, i33, i35, i37, p40, p42, p44, p46, p48, p50, p52, p54, p56, p58, p60, p62, p64, p66, p68, p70, p0, p1, p3, p4]
+1204: i122 = instance_ptr_eq(p84, p119)
guard_true(i122, descr=<Guard0x1283f56e0>) [p2, i7, i9, i11, i13, i15, i17, i19, i21, i23, i25, i27, i29, i31, i33, i35, i37, p40, p42, p44, p46, p48, p50, p52, p54, p56, p58, p60, p62, p64, p66, p68, p70, p0, p1, p3, p4]
debug_merge_point(0, 0, '271<main.rpyeffect:263([method_%Set_1(n):p@[mcore:[#42]#601]#718])>+2: {"op": "New". "out": 0. "targets": [264. 266. 268. 270]. "args": {"num": [0]. "ptr": [0]}}')
debug_merge_point(0, 0, '271<main.rpyeffect:263([method_%Set_1(n):p@[mcore:[#42]#601]#718])>+3: {"op": "Return". "args": {"num": []. "ptr": [0]}}')
debug_merge_point(0, 0, '222<main.rpyeffect:214([k@[mcore:[#35]#592]#594])>+0: {"op": "Invoke". "receiver": 0. "tag": Interned(%apply(n):n). "args" : {"num": [0]. "ptr": []}}')
debug_merge_point(0, 0, '264<main.rpyeffect:256([#727])>+0: {"op": "Jump". "target": 226}')
debug_merge_point(0, 0, '226<main.rpyeffect:218([mcore:[#39]#595])>+0: {"op": "Construct". "out": 1. "type": Interned({"op": "eff$Tuple". "elements": []}). "tag": Interned({"op": "eff$Tuple". "elements": []}). "args": {"num": []. "ptr": []}}')
debug_merge_point(0, 0, '226<main.rpyeffect:218([mcore:[#39]#595])>+1: {"op": "Push". "target": 225. "args": {"num": [1]. "ptr": []}}')
debug_merge_point(0, 0, '226<main.rpyeffect:218([mcore:[#39]#595])>+2: {"op": "Swap". "type": "ptr". "a": 1. "b". 0}')
debug_merge_point(0, 0, '226<main.rpyeffect:218([mcore:[#39]#595])>+3: {"op": "Jump". "target": 224}')
debug_merge_point(0, 0, '224<main.rpyeffect:216(Name(k_70))>+0: {"op": "PushStack". "arg": 1}')
debug_merge_point(0, 0, '224<main.rpyeffect:216(Name(k_70))>+1: {"op": "Return". "args": {"num": []. "ptr": [0]}}')
debug_merge_point(0, 0, '211<main.rpyeffect:203([#576])>+0: {"op": "Construct". "out": 0. "type": Interned({"op": "eff$Tuple". "elements": []}). "tag": Interned({"op": "eff$Tuple". "elements": []}). "args": {"num": []. "ptr": []}}')
debug_merge_point(0, 0, '211<main.rpyeffect:203([#576])>+1: {"op": "Const". "type": "ptr". "out": 1. "format": "string". "value": "Name(Get_0)"}')
debug_merge_point(0, 0, '211<main.rpyeffect:203([#576])>+2: {"op": "PrimOp". "name": "getGlobal(String): Ptr". "out": {"num": []. "ptr": [1]}. "in": {"num": []. "ptr": [1]}}')
debug_merge_point(0, 0, '211<main.rpyeffect:203([#576])>+3: {"op": "Const". "type": "ptr". "out": 2. "format": "string". "value": "Name(Set_1)"}')
debug_merge_point(0, 0, '211<main.rpyeffect:203([#576])>+4: {"op": "PrimOp". "name": "getGlobal(String): Ptr". "out": {"num": []. "ptr": [2]}. "in": {"num": []. "ptr": [2]}}')
debug_merge_point(0, 0, '211<main.rpyeffect:203([#576])>+5: {"op": "Push". "target": 210. "args": {"num": []. "ptr": []}}')
debug_merge_point(0, 0, '211<main.rpyeffect:203([#576])>+6: {"op": "Jump". "target": 208}')
debug_merge_point(0, 0, '208<main.rpyeffect:200([mcore:[eta-expanded fn#434]#533])>+0: {"op": "Push". "target": 207. "args": {"num": []. "ptr": []}}')
debug_merge_point(0, 0, '208<main.rpyeffect:200([mcore:[eta-expanded fn#434]#533])>+1: {"op": "Jump". "target": 220}')
debug_merge_point(0, 0, '220<main.rpyeffect:212(Name(countdown_48))>+0: {"op": "Const". "type": "num". "out": 0. "value": 0}')
debug_merge_point(0, 0, '220<main.rpyeffect:212(Name(countdown_48))>+1: {"op": "Const". "type": "ptr". "out": 0. "format": "string". "value": "Name(Get_0)"}')
debug_merge_point(0, 0, '220<main.rpyeffect:212(Name(countdown_48))>+2: {"op": "PrimOp". "name": "getGlobal(String): Ptr". "out": {"num": []. "ptr": [0]}. "in": {"num": []. "ptr": [0]}}')
debug_merge_point(0, 0, '220<main.rpyeffect:212(Name(countdown_48))>+3: {"op": "GetDynamic". "out": 0. "n": 0. "label": 0}')
+1216: i124 = instance_ptr_eq(p0, ConstPtr(ptr123))
guard_false(i124, descr=<Guard0x1283f5720>) [p2, i7, i9, i11, i13, i15, i17, i19, i21, i23, i25, i27, i29, i31, i33, i35, i37, p40, p42, p44, p46, p48, p50, p52, p54, p56, p58, p60, p62, p64, p66, p68, p70, p0, p1, p3, p4]
+1224: i126 = instance_ptr_eq(p79, ConstPtr(ptr125))
guard_true(i126, descr=<Guard0x1283f5760>) [p2, i7, i9, i11, i13, i15, i17, i19, i21, i23, i25, i27, i29, i31, i33, i35, i37, p40, p42, p44, p46, p48, p50, p52, p54, p56, p58, p60, p62, p64, p66, p68, p70, p0, p1, p3, p4]
debug_merge_point(0, 0, '220<main.rpyeffect:212(Name(countdown_48))>+4: {"op": "Construct". "out": 1. "type": Interned({"op": "eff$Tuple". "elements": []}). "tag": Interned({"op": "eff$Tuple". "elements": []}). "args": {"num": []. "ptr": []}}')
debug_merge_point(0, 0, '220<main.rpyeffect:212(Name(countdown_48))>+5: {"op": "Push". "target": 219. "args": {"num": []. "ptr": []}}')
debug_merge_point(0, 0, '220<main.rpyeffect:212(Name(countdown_48))>+6: {"op": "Swap". "type": "ptr". "a": 1. "b". 0}')
+1232: label(p0, p108, p2, p91, p79, p88, p84, p103, i114, p96, p97, p93, p4, i11, i13, i15, i17, i19, i21, i23, i25, i27, i29, i31, i33, i35, i37, p46, p48, p50, p52, p54, p56, p58, p60, p62, p64, p66, p68, p70, p119, descr=TargetToken(4970166240))
debug_merge_point(0, 0, '220<main.rpyeffect:212(Name(countdown_48))>+6: {"op": "Swap". "type": "ptr". "a": 1. "b". 0}')
+1248: guard_not_invalidated(descr=<Guard0x12843a0d0>) [p2, i114, i11, i13, i15, i17, i19, i21, i23, i25, i27, i29, i31, i33, i35, i37, p93, p46, p48, p50, p52, p54, p56, p58, p60, p62, p64, p66, p68, p70, p0, p4, p103, p97, p96, p84, p88, p79, p91, p108]
debug_merge_point(0, 0, '220<main.rpyeffect:212(Name(countdown_48))>+7: {"op": "Invoke". "receiver": 1. "tag": Interned(%Get_0(p):n). "args" : {"num": []. "ptr": [0]}}')
+1252: p127 = getfield_gc_r(p93, descr=<FieldP rpyeffect.stored_environment.CoData__arb_arb.inst_vtable 24 pure>)
+1260: guard_value(p127, ConstPtr(ptr128), descr=<Guard0x1283f57a0>) [p2, i114, i11, i13, i15, i17, i19, i21, i23, i25, i27, i29, i31, i33, i35, i37, p93, p46, p48, p50, p52, p54, p56, p58, p60, p62, p64, p66, p68, p70, p0, p4, p103, p97, p96, p84, p88, p79, p91, p108]
+1268: p129 = getfield_gc_r(p93, descr=<FieldP rpyeffect.stored_environment.CoData__0_1.inst_values_ptr_0 32 pure>)
debug_merge_point(0, 0, '248<main.rpyeffect:240([method_%Get_0(p):n@[mcore:[#42]#601]#635])>+0: {"op": "Const". "type": "num". "out": 0. "value": 0}')
debug_merge_point(0, 0, '248<main.rpyeffect:240([method_%Get_0(p):n@[mcore:[#42]#601]#635])>+1: {"op": "ShiftDyn". "out": 1. "n": 0. "label": 1}')
+1272: i130 = getfield_gc_i(p129, descr=<FieldS rpyeffect.stack.Label.inst_origin 8 pure>)
+1276: guard_value(i130, 289792, descr=<Guard0x1283f57e0>) [p2, i114, i11, i13, i15, i17, i19, i21, i23, i25, i27, i29, i31, i33, i35, i37, p93, p46, p48, p50, p52, p54, p56, p58, p60, p62, p64, p66, p68, p70, p0, p4, p103, p97, p96, p84, p88, p79, p91, p108]
+1292: i132 = instance_ptr_eq(p84, p129)
guard_true(i132, descr=<Guard0x128448d20>) [p2, i114, i11, i13, i15, i17, i19, i21, i23, i25, i27, i29, i31, i33, i35, i37, p93, p46, p48, p50, p52, p54, p56, p58, p60, p62, p64, p66, p68, p70, p0, p4, p103, p97, p96, p84, p88, p79, p91, p108]
debug_merge_point(0, 0, '248<main.rpyeffect:240([method_%Get_0(p):n@[mcore:[#42]#601]#635])>+2: {"op": "Swap". "type": "ptr". "a": 1. "b". 0}')
debug_merge_point(0, 0, '248<main.rpyeffect:240([method_%Get_0(p):n@[mcore:[#42]#601]#635])>+3: {"op": "Match". "type": Interned({"op": "eff$Tuple". "elements": []}). "scrutinee": 1. "clauses": [{"tag": Interned({"op": "eff$Tuple". "elements": []}). "target": 247. "args": {"num": []. "ptr": []}}]. "default": {"tag": Interned(705fc218-f0b4-4da5-ac13-bd90c74763d9#[Missing Tag#970]). "target": 238. "args": {"num": []. "ptr": []}}}')
debug_merge_point(0, 0, '247<main.rpyeffect:239([#644])>+0: {"op": "New". "out": 0. "targets": [240. 242. 244. 246]. "args": {"num": []. "ptr": [0]}}')
debug_merge_point(0, 0, '247<main.rpyeffect:239([#644])>+1: {"op": "Return". "args": {"num": []. "ptr": [0]}}')
debug_merge_point(0, 0, '225<main.rpyeffect:217([k@[mcore:[#39]#595]#599])>+0: {"op": "Invoke". "receiver": 0. "tag": Interned(%apply(n):n). "args" : {"num": [0]. "ptr": []}}')
debug_merge_point(0, 0, '240<main.rpyeffect:232([method_%apply(n):n@[#644]#648])>+0: {"op": "Jump". "target": 223}')
debug_merge_point(0, 0, '223<main.rpyeffect:215([mcore:[#35]#592])>+0: {"op": "Push". "target": 222. "args": {"num": [0]. "ptr": []}}')
debug_merge_point(0, 0, '223<main.rpyeffect:215([mcore:[#35]#592])>+1: {"op": "Jump". "target": 221}')
debug_merge_point(0, 0, '221<main.rpyeffect:213(Name(k_66))>+0: {"op": "PushStack". "arg": 0}')
debug_merge_point(0, 0, '221<main.rpyeffect:213(Name(k_66))>+1: {"op": "Return". "args": {"num": [0]. "ptr": []}}')
debug_merge_point(0, 0, '219<main.rpyeffect:211([k@Name(countdown_48)#551])>+0: {"op": "Push". "target": 218. "args": {"num": [0]. "ptr": []}}')
debug_merge_point(0, 0, '219<main.rpyeffect:211([k@Name(countdown_48)#551])>+1: {"op": "Jump". "target": 17}')
debug_merge_point(0, 0, '17<main.rpyeffect:9(Name(=_0))>+0: {"op": "New". "out": 0. "targets": [10. 12. 14. 16]. "args": {"num": [0]. "ptr": []}}')
debug_merge_point(0, 0, '17<main.rpyeffect:9(Name(=_0))>+1: {"op": "Return". "args": {"num": []. "ptr": [0]}}')
debug_merge_point(0, 0, '218<main.rpyeffect:210([k@[k@Name(countdown_48)#551]#553])>+0: {"op": "Const". "type": "num". "out": 1. "value": 0}')
debug_merge_point(0, 0, '218<main.rpyeffect:210([k@[k@Name(countdown_48)#551]#553])>+1: {"op": "Push". "target": 217. "args": {"num": [0]. "ptr": []}}')
debug_merge_point(0, 0, '218<main.rpyeffect:210([k@[k@Name(countdown_48)#551]#553])>+2: {"op": "Copy". "type": "num". "from": 1. "to". 0}')
debug_merge_point(0, 0, '218<main.rpyeffect:210([k@[k@Name(countdown_48)#551]#553])>+3: {"op": "Invoke". "receiver": 0. "tag": Interned(%apply(n):n). "args" : {"num": [0]. "ptr": []}}')
debug_merge_point(0, 0, '10<main.rpyeffect:2([method_%apply(n):n@Name(=_0)#7])>+0: {"op": "Jump". "target": 8}')
debug_merge_point(0, 0, '8<main.rpyeffect:0([mcore:[#9]#3])>+0: {"op": "PrimOp". "name": "infixEq(Int. Int): Boolean". "out": {"num": [0]. "ptr": []}. "in": {"num": [1. 0]. "ptr": []}}')
+1300: i134 = int_eq(i114, 0)
guard_false(i134, descr=<Guard0x128448ce0>) [p2, i114, i11, i13, i15, i17, i19, i21, i23, i25, i27, i29, i31, i33, i35, i37, p93, p46, p48, p50, p52, p54, p56, p58, p60, p62, p64, p66, p68, p70, p0, p4, p103, p97, p96, p84, p88, p79, p91, p108]
debug_merge_point(0, 0, '8<main.rpyeffect:0([mcore:[#9]#3])>+1: {"op": "Return". "args": {"num": [0]. "ptr": []}}')
debug_merge_point(0, 0, '217<main.rpyeffect:209([k@[k@[k@Name(countdown_48)#551]#553]#557])>+0: {"op": "Switch". "scrutinee": 0. "values": [1]. "targets": [209]. "default": 216}')
debug_merge_point(0, 0, '216<main.rpyeffect:208([switch default case#561])>+0: {"op": "Swap". "type": "num". "a": 1. "b". 0}')
debug_merge_point(0, 0, '216<main.rpyeffect:208([switch default case#561])>+1: {"op": "Switch". "scrutinee": 1. "values": [0]. "targets": [214]. "default": 215}')
debug_merge_point(0, 0, '214<main.rpyeffect:206([switch case for 0#562])>+0: {"op": "Push". "target": 213. "args": {"num": []. "ptr": []}}')
debug_merge_point(0, 0, '214<main.rpyeffect:206([switch case for 0#562])>+1: {"op": "Jump". "target": 186}')
debug_merge_point(0, 0, '186<main.rpyeffect:178(Name(-_34))>+0: {"op": "New". "out": 0. "targets": [179. 181. 183. 185]. "args": {"num": [0]. "ptr": []}}')
debug_merge_point(0, 0, '186<main.rpyeffect:178(Name(-_34))>+1: {"op": "Return". "args": {"num": []. "ptr": [0]}}')
debug_merge_point(0, 0, '213<main.rpyeffect:205([k@[switch case for 0#562]#564])>+0: {"op": "Const". "type": "num". "out": 0. "value": 1}')
debug_merge_point(0, 0, '213<main.rpyeffect:205([k@[switch case for 0#562]#564])>+1: {"op": "Push". "target": 212. "args": {"num": []. "ptr": []}}')
debug_merge_point(0, 0, '213<main.rpyeffect:205([k@[switch case for 0#562]#564])>+2: {"op": "Invoke". "receiver": 0. "tag": Interned(%apply(n):n). "args" : {"num": [0]. "ptr": []}}')
debug_merge_point(0, 0, '179<main.rpyeffect:171([method_%apply(n):n@Name(-_34)#469])>+0: {"op": "Jump". "target": 177}')
debug_merge_point(0, 0, '177<main.rpyeffect:169([mcore:[#24]#465])>+0: {"op": "PrimOp". "name": "infixSub(Int. Int): Int". "out": {"num": [0]. "ptr": []}. "in": {"num": [1. 0]. "ptr": []}}')
+1308: i136 = int_sub(i114, 1)
debug_merge_point(0, 0, '177<main.rpyeffect:169([mcore:[#24]#465])>+1: {"op": "Return". "args": {"num": [0]. "ptr": []}}')
debug_merge_point(0, 0, '212<main.rpyeffect:204([k@[k@[switch case for 0#562]#564]#568])>+0: {"op": "Const". "type": "num". "out": 1. "value": 0}')
debug_merge_point(0, 0, '212<main.rpyeffect:204([k@[k@[switch case for 0#562]#564]#568])>+1: {"op": "Const". "type": "ptr". "out": 0. "format": "string". "value": "Name(Set_1)"}')
debug_merge_point(0, 0, '212<main.rpyeffect:204([k@[k@[switch case for 0#562]#564]#568])>+2: {"op": "PrimOp". "name": "getGlobal(String): Ptr". "out": {"num": []. "ptr": [0]}. "in": {"num": []. "ptr": [0]}}')
debug_merge_point(0, 0, '212<main.rpyeffect:204([k@[k@[switch case for 0#562]#564]#568])>+3: {"op": "GetDynamic". "out": 0. "n": 1. "label": 0}')
debug_merge_point(0, 0, '212<main.rpyeffect:204([k@[k@[switch case for 0#562]#564]#568])>+4: {"op": "Push". "target": 211. "args": {"num": []. "ptr": []}}')
debug_merge_point(0, 0, '212<main.rpyeffect:204([k@[k@[switch case for 0#562]#564]#568])>+5: {"op": "Invoke". "receiver": 0. "tag": Interned(%Set_1(n):p). "args" : {"num": [0]. "ptr": []}}')
debug_merge_point(0, 0, '271<main.rpyeffect:263([method_%Set_1(n):p@[mcore:[#42]#601]#718])>+0: {"op": "Const". "type": "num". "out": 1. "value": 0}')
debug_merge_point(0, 0, '271<main.rpyeffect:263([method_%Set_1(n):p@[mcore:[#42]#601]#718])>+1: {"op": "ShiftDyn". "out": 0. "n": 1. "label": 0}')
debug_merge_point(0, 0, '271<main.rpyeffect:263([method_%Set_1(n):p@[mcore:[#42]#601]#718])>+2: {"op": "New". "out": 0. "targets": [264. 266. 268. 270]. "args": {"num": [0]. "ptr": [0]}}')
debug_merge_point(0, 0, '271<main.rpyeffect:263([method_%Set_1(n):p@[mcore:[#42]#601]#718])>+3: {"op": "Return". "args": {"num": []. "ptr": [0]}}')
debug_merge_point(0, 0, '222<main.rpyeffect:214([k@[mcore:[#35]#592]#594])>+0: {"op": "Invoke". "receiver": 0. "tag": Interned(%apply(n):n). "args" : {"num": [0]. "ptr": []}}')
debug_merge_point(0, 0, '264<main.rpyeffect:256([#727])>+0: {"op": "Jump". "target": 226}')
debug_merge_point(0, 0, '226<main.rpyeffect:218([mcore:[#39]#595])>+0: {"op": "Construct". "out": 1. "type": Interned({"op": "eff$Tuple". "elements": []}). "tag": Interned({"op": "eff$Tuple". "elements": []}). "args": {"num": []. "ptr": []}}')
debug_merge_point(0, 0, '226<main.rpyeffect:218([mcore:[#39]#595])>+1: {"op": "Push". "target": 225. "args": {"num": [1]. "ptr": []}}')
debug_merge_point(0, 0, '226<main.rpyeffect:218([mcore:[#39]#595])>+2: {"op": "Swap". "type": "ptr". "a": 1. "b". 0}')
debug_merge_point(0, 0, '226<main.rpyeffect:218([mcore:[#39]#595])>+3: {"op": "Jump". "target": 224}')
debug_merge_point(0, 0, '224<main.rpyeffect:216(Name(k_70))>+0: {"op": "PushStack". "arg": 1}')
debug_merge_point(0, 0, '224<main.rpyeffect:216(Name(k_70))>+1: {"op": "Return". "args": {"num": []. "ptr": [0]}}')
debug_merge_point(0, 0, '211<main.rpyeffect:203([#576])>+0: {"op": "Construct". "out": 0. "type": Interned({"op": "eff$Tuple". "elements": []}). "tag": Interned({"op": "eff$Tuple". "elements": []}). "args": {"num": []. "ptr": []}}')
debug_merge_point(0, 0, '211<main.rpyeffect:203([#576])>+1: {"op": "Const". "type": "ptr". "out": 1. "format": "string". "value": "Name(Get_0)"}')
debug_merge_point(0, 0, '211<main.rpyeffect:203([#576])>+2: {"op": "PrimOp". "name": "getGlobal(String): Ptr". "out": {"num": []. "ptr": [1]}. "in": {"num": []. "ptr": [1]}}')
debug_merge_point(0, 0, '211<main.rpyeffect:203([#576])>+3: {"op": "Const". "type": "ptr". "out": 2. "format": "string". "value": "Name(Set_1)"}')
debug_merge_point(0, 0, '211<main.rpyeffect:203([#576])>+4: {"op": "PrimOp". "name": "getGlobal(String): Ptr". "out": {"num": []. "ptr": [2]}. "in": {"num": []. "ptr": [2]}}')
debug_merge_point(0, 0, '211<main.rpyeffect:203([#576])>+5: {"op": "Push". "target": 210. "args": {"num": []. "ptr": []}}')
debug_merge_point(0, 0, '211<main.rpyeffect:203([#576])>+6: {"op": "Jump". "target": 208}')
debug_merge_point(0, 0, '208<main.rpyeffect:200([mcore:[eta-expanded fn#434]#533])>+0: {"op": "Push". "target": 207. "args": {"num": []. "ptr": []}}')
debug_merge_point(0, 0, '208<main.rpyeffect:200([mcore:[eta-expanded fn#434]#533])>+1: {"op": "Jump". "target": 220}')
debug_merge_point(0, 0, '220<main.rpyeffect:212(Name(countdown_48))>+0: {"op": "Const". "type": "num". "out": 0. "value": 0}')
debug_merge_point(0, 0, '220<main.rpyeffect:212(Name(countdown_48))>+1: {"op": "Const". "type": "ptr". "out": 0. "format": "string". "value": "Name(Get_0)"}')
debug_merge_point(0, 0, '220<main.rpyeffect:212(Name(countdown_48))>+2: {"op": "PrimOp". "name": "getGlobal(String): Ptr". "out": {"num": []. "ptr": [0]}. "in": {"num": []. "ptr": [0]}}')
debug_merge_point(0, 0, '220<main.rpyeffect:212(Name(countdown_48))>+3: {"op": "GetDynamic". "out": 0. "n": 0. "label": 0}')
debug_merge_point(0, 0, '220<main.rpyeffect:212(Name(countdown_48))>+4: {"op": "Construct". "out": 1. "type": Interned({"op": "eff$Tuple". "elements": []}). "tag": Interned({"op": "eff$Tuple". "elements": []}). "args": {"num": []. "ptr": []}}')
debug_merge_point(0, 0, '220<main.rpyeffect:212(Name(countdown_48))>+5: {"op": "Push". "target": 219. "args": {"num": []. "ptr": []}}')
debug_merge_point(0, 0, '220<main.rpyeffect:212(Name(countdown_48))>+6: {"op": "Swap". "type": "ptr". "a": 1. "b". 0}')
+1312: p137 = new_with_vtable(descr=<SizeDescr 40>)
+1416: p138 = new_with_vtable(descr=<SizeDescr 40>)
+1428: setfield_gc(p138, p108, descr=<FieldP rpyeffect.stored_environment.Stack__arb_arb.inst_tail 8 pure>)
+1432: setfield_gc(p138, 210, descr=<FieldS rpyeffect.stored_environment.Stack__arb_arb.inst_target 16 pure>)
+1440: setfield_gc(p137, 207, descr=<FieldS rpyeffect.stored_environment.Stack__arb_arb.inst_target 16 pure>)
+1448: setfield_gc(p137, p138, descr=<FieldP rpyeffect.stored_environment.Stack__arb_arb.inst_tail 8 pure>)
+1484: jump(p0, p137, p2, p91, p79, p88, p84, p103, i136, p96, p97, p93, p4, i11, i13, i15, i17, i19, i21, i23, i25, i27, i29, i31, i33, i35, i37, p46, p48, p50, p52, p54, p56, p58, p60, p62, p64, p66, p68, p70, p119, descr=TargetToken(4970166240))
+1492: --end of the loop--
[859cea] jit-log-opt-loop}
