[581f68] {jit-log-opt-loop
# Loop 1 (36<main.rpyeffect:36(Name(countdown2637))>+1: {"op": "Copy", "type": "ptr", "from": 1, "to", 0}) : loop with 225 ops
[p0, p1, p2, p3, p4]
+584: p5 = getfield_gc_r(p2, descr=<FieldP rpyeffect.environment.Environment.inst_values_num 16>)
+592: i7 = getarrayitem_gc_i(p5, 0, descr=<ArrayS 8>)
+596: i9 = getarrayitem_gc_i(p5, 1, descr=<ArrayS 8>)
+600: i11 = getarrayitem_gc_i(p5, 2, descr=<ArrayS 8>)
+604: i13 = getarrayitem_gc_i(p5, 3, descr=<ArrayS 8>)
+608: p14 = getfield_gc_r(p2, descr=<FieldP rpyeffect.environment.Environment.inst_values_ptr 24>)
+612: p16 = getarrayitem_gc_r(p14, 0, descr=<ArrayP 8>)
+616: p18 = getarrayitem_gc_r(p14, 1, descr=<ArrayP 8>)
+620: p20 = getarrayitem_gc_r(p14, 2, descr=<ArrayP 8>)
+624: p22 = getarrayitem_gc_r(p14, 3, descr=<ArrayP 8>)
+628: p24 = getarrayitem_gc_r(p14, 4, descr=<ArrayP 8>)
+632: label(p0, p1, p2, p3, p4, i7, i9, i11, i13, p16, p18, p20, p22, p24, descr=TargetToken(4835968848))
debug_merge_point(0, 0, '36<main.rpyeffect:36(Name(countdown2637))>+1: {"op": "Copy". "type": "ptr". "from": 1. "to". 0}')
+664: guard_not_invalidated(descr=<Guard0x1203f2808>) [p2, i7, i9, i11, i13, p16, p18, p20, p22, p24, p0, p1, p3, p4]
debug_merge_point(0, 0, '36<main.rpyeffect:36(Name(countdown2637))>+2: {"op": "Jump". "target": 29}')
+668: guard_nonnull(p1, descr=<Guard0x1203ed460>) [p2, i7, i9, i11, i13, p16, p18, p20, p22, p24, p0, p1, p3, p4]
+680: i25 = getfield_gc_i(p1, descr=<FieldS rpyeffect.stored_environment.Stack__arb_arb.inst_target 16 pure>)
+688: guard_value(i25, 35, descr=<Guard0x1203ed4a0>) [p2, i7, i9, i11, i13, p16, p18, p20, p22, p24, p0, p1, p3, p4]
debug_merge_point(0, 0, '29<main.rpyeffect:29([mcore:[#23]#40])>+0: {"op": "Invoke". "receiver": 0. "tag": Interned(%Get2641():n). "args" : {"num": []. "ptr": []}}')
+700: p27 = getfield_gc_r(p18, descr=<FieldP rpyeffect.stored_environment.CoData__arb_arb.inst_vtable 24 pure>)
+708: guard_value(p27, ConstPtr(ptr28), descr=<Guard0x1203ed4e0>) [p2, i7, i9, i11, i13, p16, p18, p20, p22, p24, p0, p1, p3, p4]
+716: p29 = getfield_gc_r(p18, descr=<FieldP rpyeffect.stored_environment.CoData__0_2.inst_values_ptr_0 32 pure>)
+720: p30 = getfield_gc_r(p18, descr=<FieldP rpyeffect.stored_environment.CoData__0_2.inst_values_ptr_1 40 pure>)
debug_merge_point(0, 0, '90<main.rpyeffect:90([#179])>+0: {"op": "Const". "type": "num". "out": 0. "value": 0}')
debug_merge_point(0, 0, '90<main.rpyeffect:90([#179])>+1: {"op": "ShiftDyn". "out": 1. "n": 0. "label": 1}')
+724: guard_isnull(p4, descr=<Guard0x1203ed520>) [p2, i7, i9, i11, i13, p16, p18, p20, p22, p24, p0, p1, p3, p4]
+736: i31 = getfield_gc_i(p0, descr=<FieldS rpyeffect.stack.Label.inst_origin 8 pure>)
+744: guard_value(i31, 150573, descr=<Guard0x1203ed560>) [p2, i7, i9, i11, i13, p16, p18, p20, p22, p24, p0, p1, p3, p4]
+760: i33 = getfield_gc_i(p30, descr=<FieldS rpyeffect.stack.Label.inst_origin 8 pure>)
+764: guard_value(i33, 150532, descr=<Guard0x1203ed5a0>) [p2, i7, i9, i11, i13, p16, p18, p20, p22, p24, p0, p1, p3, p4]
+780: p35 = getfield_gc_r(p3, descr=<FieldP rpyeffect.stack.MetaStack.inst_region 24 pure>)
+788: guard_isnull(p35, descr=<Guard0x1203ed5e0>) [p2, i7, i9, i11, i13, p16, p18, p20, p22, p24, p0, p1, p3, p4]
+796: p36 = getfield_gc_r(p3, descr=<FieldP rpyeffect.stack.MetaStack.inst_label 16 pure>)
+800: i37 = getfield_gc_i(p36, descr=<FieldS rpyeffect.stack.Label.inst_origin 8 pure>)
+804: guard_value(i37, 150569, descr=<Guard0x1203ed620>) [p2, i7, i9, i11, i13, p16, p18, p20, p22, p24, p0, p1, p3, p4]
+820: p39 = getfield_gc_r(p3, descr=<FieldP rpyeffect.stack.MetaStack.inst_tail 32 pure>)
+824: p40 = getfield_gc_r(p39, descr=<FieldP rpyeffect.stack.MetaStack.inst_region 24 pure>)
+828: guard_isnull(p40, descr=<Guard0x1203ed660>) [p2, i7, i9, i11, i13, p16, p18, p20, p22, p24, p0, p1, p3, p4]
+836: p41 = getfield_gc_r(p39, descr=<FieldP rpyeffect.stack.MetaStack.inst_label 16 pure>)
+840: i42 = getfield_gc_i(p41, descr=<FieldS rpyeffect.stack.Label.inst_origin 8 pure>)
+844: guard_value(i42, 150565, descr=<Guard0x1203ed6a0>) [p2, i7, i9, i11, i13, p16, p18, p20, p22, p24, p0, p1, p3, p4]
+860: p44 = getfield_gc_r(p39, descr=<FieldP rpyeffect.stack.MetaStack.inst_tail 32 pure>)
+864: p45 = getfield_gc_r(p44, descr=<FieldP rpyeffect.stack.MetaStack.inst_region 24 pure>)
+868: guard_isnull(p45, descr=<Guard0x1203ed6e0>) [p2, i7, i9, i11, i13, p16, p18, p20, p22, p24, p0, p1, p3, p4]
+876: p46 = getfield_gc_r(p44, descr=<FieldP rpyeffect.stack.MetaStack.inst_label 16 pure>)
+880: i47 = getfield_gc_i(p46, descr=<FieldS rpyeffect.stack.Label.inst_origin 8 pure>)
+884: guard_value(i47, 150561, descr=<Guard0x1203ed720>) [p2, i7, i9, i11, i13, p16, p18, p20, p22, p24, p0, p1, p3, p4]
+900: p49 = getfield_gc_r(p44, descr=<FieldP rpyeffect.stack.MetaStack.inst_tail 32 pure>)
+904: p50 = getfield_gc_r(p49, descr=<FieldP rpyeffect.stack.MetaStack.inst_region 24 pure>)
+908: guard_isnull(p50, descr=<Guard0x1203ed760>) [p2, i7, i9, i11, i13, p16, p18, p20, p22, p24, p0, p1, p3, p4]
+916: p51 = getfield_gc_r(p49, descr=<FieldP rpyeffect.stack.MetaStack.inst_label 16 pure>)
+920: i52 = getfield_gc_i(p51, descr=<FieldS rpyeffect.stack.Label.inst_origin 8 pure>)
+924: guard_value(i52, 150557, descr=<Guard0x1203ed7a0>) [p2, i7, i9, i11, i13, p16, p18, p20, p22, p24, p0, p1, p3, p4]
+940: p54 = getfield_gc_r(p49, descr=<FieldP rpyeffect.stack.MetaStack.inst_tail 32 pure>)
+944: p55 = getfield_gc_r(p54, descr=<FieldP rpyeffect.stack.MetaStack.inst_region 24 pure>)
+948: guard_isnull(p55, descr=<Guard0x1203ed7e0>) [p2, i7, i9, i11, i13, p16, p18, p20, p22, p24, p0, p1, p3, p4]
+956: p56 = getfield_gc_r(p54, descr=<FieldP rpyeffect.stack.MetaStack.inst_label 16 pure>)
+960: i57 = getfield_gc_i(p56, descr=<FieldS rpyeffect.stack.Label.inst_origin 8 pure>)
+964: guard_value(i57, 150553, descr=<Guard0x1203ed820>) [p2, i7, i9, i11, i13, p16, p18, p20, p22, p24, p0, p1, p3, p4]
+980: p59 = getfield_gc_r(p54, descr=<FieldP rpyeffect.stack.MetaStack.inst_tail 32 pure>)
+984: p60 = getfield_gc_r(p59, descr=<FieldP rpyeffect.stack.MetaStack.inst_region 24 pure>)
+988: guard_isnull(p60, descr=<Guard0x1203ed860>) [p2, i7, i9, i11, i13, p16, p18, p20, p22, p24, p0, p1, p3, p4]
+996: p61 = getfield_gc_r(p59, descr=<FieldP rpyeffect.stack.MetaStack.inst_label 16 pure>)
+1000: i62 = getfield_gc_i(p61, descr=<FieldS rpyeffect.stack.Label.inst_origin 8 pure>)
+1008: guard_value(i62, 150549, descr=<Guard0x1203ed8a0>) [p2, i7, i9, i11, i13, p16, p18, p20, p22, p24, p0, p1, p3, p4]
+1028: p64 = getfield_gc_r(p59, descr=<FieldP rpyeffect.stack.MetaStack.inst_tail 32 pure>)
+1032: p65 = getfield_gc_r(p64, descr=<FieldP rpyeffect.stack.MetaStack.inst_region 24 pure>)
+1036: guard_isnull(p65, descr=<Guard0x1203ed8e0>) [p2, i7, i9, i11, i13, p16, p18, p20, p22, p24, p0, p1, p3, p4]
+1044: p66 = getfield_gc_r(p64, descr=<FieldP rpyeffect.stack.MetaStack.inst_label 16 pure>)
+1048: i67 = getfield_gc_i(p66, descr=<FieldS rpyeffect.stack.Label.inst_origin 8 pure>)
+1056: guard_value(i67, 150545, descr=<Guard0x1203ed920>) [p2, i7, i9, i11, i13, p16, p18, p20, p22, p24, p0, p1, p3, p4]
+1076: p69 = getfield_gc_r(p64, descr=<FieldP rpyeffect.stack.MetaStack.inst_tail 32 pure>)
+1080: p70 = getfield_gc_r(p69, descr=<FieldP rpyeffect.stack.MetaStack.inst_region 24 pure>)
+1084: guard_isnull(p70, descr=<Guard0x1203ed960>) [p2, i7, i9, i11, i13, p16, p18, p20, p22, p24, p0, p1, p3, p4]
+1092: p71 = getfield_gc_r(p69, descr=<FieldP rpyeffect.stack.MetaStack.inst_label 16 pure>)
+1096: i72 = getfield_gc_i(p71, descr=<FieldS rpyeffect.stack.Label.inst_origin 8 pure>)
+1104: guard_value(i72, 150541, descr=<Guard0x1203ed9a0>) [p2, i7, i9, i11, i13, p16, p18, p20, p22, p24, p0, p1, p3, p4]
+1124: p74 = getfield_gc_r(p69, descr=<FieldP rpyeffect.stack.MetaStack.inst_tail 32 pure>)
+1128: p75 = getfield_gc_r(p74, descr=<FieldP rpyeffect.stack.MetaStack.inst_region 24 pure>)
+1132: guard_isnull(p75, descr=<Guard0x1203ed9e0>) [p2, i7, i9, i11, i13, p16, p18, p20, p22, p24, p0, p1, p3, p4]
+1140: p76 = getfield_gc_r(p74, descr=<FieldP rpyeffect.stack.MetaStack.inst_label 16 pure>)
+1144: i77 = getfield_gc_i(p76, descr=<FieldS rpyeffect.stack.Label.inst_origin 8 pure>)
+1152: guard_value(i77, 150537, descr=<Guard0x1203eda20>) [p2, i7, i9, i11, i13, p16, p18, p20, p22, p24, p0, p1, p3, p4]
+1172: p79 = getfield_gc_r(p74, descr=<FieldP rpyeffect.stack.MetaStack.inst_tail 32 pure>)
+1176: p80 = getfield_gc_r(p79, descr=<FieldP rpyeffect.stack.MetaStack.inst_region 24 pure>)
+1180: guard_isnull(p80, descr=<Guard0x1203eda60>) [p2, i7, i9, i11, i13, p16, p18, p20, p22, p24, p0, p1, p3, p4]
+1188: p81 = getfield_gc_r(p79, descr=<FieldP rpyeffect.stack.MetaStack.inst_label 16 pure>)
+1192: i82 = getfield_gc_i(p81, descr=<FieldS rpyeffect.stack.Label.inst_origin 8 pure>)
+1200: guard_value(i82, 150532, descr=<Guard0x1203edaa0>) [p2, i7, i9, i11, i13, p16, p18, p20, p22, p24, p0, p1, p3, p4]
+1220: i84 = instance_ptr_eq(p81, p30)
guard_true(i84, descr=<Guard0x1203edae0>) [p2, i7, i9, i11, i13, p16, p18, p20, p22, p24, p0, p1, p3, p4]
+1228: p85 = getfield_gc_r(p79, descr=<FieldP rpyeffect.stack.MetaStackLike.inst_stack 8 pure>)
+1232: guard_class(p79, 4339412712, descr=<Guard0x1203edb20>) [p2, i7, i9, i11, i13, p16, p18, p20, p22, p24, p0, p1, p3, p4]
+1248: p87 = getfield_gc_r(p79, descr=<FieldP rpyeffect.stack.MetaStack.inst_tail 32 pure>)
+1252: p88 = getfield_gc_r(p74, descr=<FieldP rpyeffect.stack.MetaStackLike.inst_stack 8 pure>)
+1256: guard_class(p74, 4339412712, descr=<Guard0x1203edb60>) [p2, i7, i9, i11, i13, p16, p18, p20, p22, p24, p0, p1, p3, p4]
+1272: p90 = getfield_gc_r(p69, descr=<FieldP rpyeffect.stack.MetaStackLike.inst_stack 8 pure>)
+1276: guard_class(p69, 4339412712, descr=<Guard0x1203edba0>) [p2, i7, i9, i11, i13, p16, p18, p20, p22, p24, p0, p1, p3, p4]
+1292: p92 = getfield_gc_r(p64, descr=<FieldP rpyeffect.stack.MetaStackLike.inst_stack 8 pure>)
+1296: guard_class(p64, 4339412712, descr=<Guard0x1203edbe0>) [p2, i7, i9, i11, i13, p16, p18, p20, p22, p24, p0, p1, p3, p4]
+1312: p94 = getfield_gc_r(p59, descr=<FieldP rpyeffect.stack.MetaStackLike.inst_stack 8 pure>)
+1316: guard_class(p59, 4339412712, descr=<Guard0x1203edc20>) [p2, i7, i9, i11, i13, p16, p18, p20, p22, p24, p0, p1, p3, p4]
+1332: p96 = getfield_gc_r(p54, descr=<FieldP rpyeffect.stack.MetaStackLike.inst_stack 8 pure>)
+1336: guard_class(p54, 4339412712, descr=<Guard0x1203edc60>) [p2, i7, i9, i11, i13, p16, p18, p20, p22, p24, p0, p1, p3, p4]
+1352: p98 = getfield_gc_r(p49, descr=<FieldP rpyeffect.stack.MetaStackLike.inst_stack 8 pure>)
+1356: guard_class(p49, 4339412712, descr=<Guard0x1203edca0>) [p2, i7, i9, i11, i13, p16, p18, p20, p22, p24, p0, p1, p3, p4]
+1372: p100 = getfield_gc_r(p44, descr=<FieldP rpyeffect.stack.MetaStackLike.inst_stack 8 pure>)
+1376: guard_class(p44, 4339412712, descr=<Guard0x1203edce0>) [p2, i7, i9, i11, i13, p16, p18, p20, p22, p24, p0, p1, p3, p4]
+1392: p102 = getfield_gc_r(p39, descr=<FieldP rpyeffect.stack.MetaStackLike.inst_stack 8 pure>)
+1396: guard_class(p39, 4339412712, descr=<Guard0x1203edd20>) [p2, i7, i9, i11, i13, p16, p18, p20, p22, p24, p0, p1, p3, p4]
+1412: p104 = getfield_gc_r(p3, descr=<FieldP rpyeffect.stack.MetaStackLike.inst_stack 8 pure>)
+1416: guard_class(p3, 4339412712, descr=<Guard0x1203edd60>) [p2, i7, i9, i11, i13, p16, p18, p20, p22, p24, p0, p1, p3, p4]
+1432: guard_nonnull_class(p87, 4339412712, descr=<Guard0x1203f2860>) [p2, i7, i9, i11, i13, p16, p18, p20, p22, p24, p0, p1, p3, p4]
+1456: p107 = getfield_gc_r(p87, descr=<FieldP rpyeffect.stack.MetaStackLike.inst_stack 8 pure>)
+1460: p108 = getfield_gc_r(p87, descr=<FieldP rpyeffect.stack.MetaStack.inst_label 16 pure>)
+1468: p109 = getfield_gc_r(p87, descr=<FieldP rpyeffect.stack.MetaStack.inst_tail 32 pure>)
+1472: guard_nonnull(p107, descr=<Guard0x1203edda0>) [p2, i7, i9, i11, i13, p16, p18, p20, p22, p24, p0, p1, p3, p4]
+1480: i110 = getfield_gc_i(p107, descr=<FieldS rpyeffect.stored_environment.Stack__arb_arb.inst_target 16 pure>)
+1488: guard_value(i110, 87, descr=<Guard0x1203edde0>) [p2, i7, i9, i11, i13, p16, p18, p20, p22, p24, p0, p1, p3, p4]
debug_merge_point(0, 0, '90<main.rpyeffect:90([#179])>+2: {"op": "Load". "out": 0. "type": "num". "ref": 0}')
+1500: i112 = getfield_gc_i(p29, descr=<FieldS rpyeffect.region.NumRef.inst_value 8>)
debug_merge_point(0, 0, '90<main.rpyeffect:90([#179])>+3: {"op": "Copy". "type": "ptr". "from": 1. "to". 0}')
debug_merge_point(0, 0, '90<main.rpyeffect:90([#179])>+4: {"op": "Jump". "target": 72}')
debug_merge_point(0, 0, '72<main.rpyeffect:72(Name(resume284142))>+0: {"op": "PushStack". "arg": 0}')
debug_merge_point(0, 0, '72<main.rpyeffect:72(Name(resume284142))>+1: {"op": "Return". "args": {"num": [0]. "ptr": []}}')
+1504: p113 = getfield_gc_r(p1, descr=<FieldP rpyeffect.stored_environment.Stack__0_2.inst_values_ptr_0 40 pure>)
+1508: p114 = getfield_gc_r(p1, descr=<FieldP rpyeffect.stored_environment.Stack__0_2.inst_values_ptr_1 48 pure>)
+1516: p115 = getfield_gc_r(p1, descr=<FieldP rpyeffect.stored_environment.Stack__arb_arb.inst_tail 8 pure>)
+1524: guard_nonnull(p115, descr=<Guard0x1203ede20>) [p2, i7, i9, i11, i13, p16, p18, p20, p22, p24, p0, p1, p3, p4]
+1532: i116 = getfield_gc_i(p115, descr=<FieldS rpyeffect.stored_environment.Stack__arb_arb.inst_target 16 pure>)
+1540: guard_value(i116, 142, descr=<Guard0x1203ede60>) [p2, i7, i9, i11, i13, p16, p18, p20, p22, p24, p0, p1, p3, p4]
debug_merge_point(0, 0, '35<main.rpyeffect:35([k@Name(countdown2637)#43])>+0: {"op": "Const". "type": "num". "out": 1. "value": 0}')
debug_merge_point(0, 0, '35<main.rpyeffect:35([k@Name(countdown2637)#43])>+1: {"op": "Push". "target": 34. "args": {"num": [0]. "ptr": [0. 1]}}')
debug_merge_point(0, 0, '35<main.rpyeffect:35([k@Name(countdown2637)#43])>+2: {"op": "Jump". "target": 4}')
debug_merge_point(0, 0, '4<main.rpyeffect:4(Name(infixEq71))>+0: {"op": "PrimOp". "name": "infixEq(Int. Int): Boolean". "out": {"num": [0]. "ptr": []}. "in": {"num": [0. 1]. "ptr": []}}')
+1552: i119 = int_eq(i112, 0)
guard_false(i119, descr=<Guard0x1203edea0>) [p2, i7, i9, i11, i13, p16, p18, p20, p22, p24, p0, p1, p3, p4]
debug_merge_point(0, 0, '4<main.rpyeffect:4(Name(infixEq71))>+1: {"op": "Return". "args": {"num": [0]. "ptr": []}}')
debug_merge_point(0, 0, '34<main.rpyeffect:34([k@[k@Name(countdown2637)#43]#47])>+0: {"op": "Swap". "type": "num". "a": 1. "b". 0}')
debug_merge_point(0, 0, '34<main.rpyeffect:34([k@[k@Name(countdown2637)#43]#47])>+1: {"op": "IfZero". "cond": 1. "then": {"tag": null. "target": 33. "args": {"num": []. "ptr": []}}}')
debug_merge_point(0, 0, '33<main.rpyeffect:33([then#49])>+0: {"op": "Const". "type": "num". "out": 1. "value": 1}')
debug_merge_point(0, 0, '33<main.rpyeffect:33([then#49])>+1: {"op": "Push". "target": 32. "args": {"num": []. "ptr": [0. 1]}}')
debug_merge_point(0, 0, '33<main.rpyeffect:33([then#49])>+2: {"op": "Jump". "target": 8}')
debug_merge_point(0, 0, '8<main.rpyeffect:8(Name(infixSub104))>+0: {"op": "PrimOp". "name": "infixSub(Int. Int): Int". "out": {"num": [0]. "ptr": []}. "in": {"num": [0. 1]. "ptr": []}}')
+1560: i121 = int_sub(i112, 1)
debug_merge_point(0, 0, '8<main.rpyeffect:8(Name(infixSub104))>+1: {"op": "Return". "args": {"num": [0]. "ptr": []}}')
debug_merge_point(0, 0, '32<main.rpyeffect:32([k@[then#49]#53])>+0: {"op": "Push". "target": 31. "args": {"num": []. "ptr": [0. 1]}}')
debug_merge_point(0, 0, '32<main.rpyeffect:32([k@[then#49]#53])>+1: {"op": "Copy". "type": "ptr". "from": 1. "to". 0}')
debug_merge_point(0, 0, '32<main.rpyeffect:32([k@[then#49]#53])>+2: {"op": "Jump". "target": 30}')
debug_merge_point(0, 0, '30<main.rpyeffect:30([mcore:[#26]#41])>+0: {"op": "Invoke". "receiver": 0. "tag": Interned(%Set2643(n):p). "args" : {"num": [0]. "ptr": []}}')
+1564: p122 = getfield_gc_r(p114, descr=<FieldP rpyeffect.stored_environment.CoData__arb_arb.inst_vtable 24 pure>)
+1576: guard_value(p122, ConstPtr(ptr123), descr=<Guard0x1203edee0>) [p2, i7, i9, i11, i13, p16, p18, p20, p22, p24, p0, p1, p3, p4]
+1584: p124 = getfield_gc_r(p114, descr=<FieldP rpyeffect.stored_environment.CoData__0_2.inst_values_ptr_0 32 pure>)
+1588: p125 = getfield_gc_r(p114, descr=<FieldP rpyeffect.stored_environment.CoData__0_2.inst_values_ptr_1 40 pure>)
debug_merge_point(0, 0, '94<main.rpyeffect:94([#195])>+0: {"op": "Const". "type": "num". "out": 1. "value": 0}')
debug_merge_point(0, 0, '94<main.rpyeffect:94([#195])>+1: {"op": "ShiftDyn". "out": 1. "n": 1. "label": 1}')
+1592: i126 = getfield_gc_i(p125, descr=<FieldS rpyeffect.stack.Label.inst_origin 8 pure>)
+1600: guard_value(i126, 150532, descr=<Guard0x1203edf20>) [p2, i7, i9, i11, i13, p16, p18, p20, p22, p24, p0, p1, p3, p4]
+1620: i128 = instance_ptr_eq(p81, p125)
guard_true(i128, descr=<Guard0x1203edf60>) [p2, i7, i9, i11, i13, p16, p18, p20, p22, p24, p0, p1, p3, p4]
debug_merge_point(0, 0, '94<main.rpyeffect:94([#195])>+2: {"op": "Store". "ref": 0. "type": "num". "value": 0}')
debug_merge_point(0, 0, '94<main.rpyeffect:94([#195])>+3: {"op": "Construct". "out": 0. "type": Interned(Unit). "tag": Interned(unit). "args": {"num": []. "ptr": []}}')
debug_merge_point(0, 0, '94<main.rpyeffect:94([#195])>+4: {"op": "Construct". "out": 0. "type": Interned(Unit). "tag": Interned(unit). "args": {"num": []. "ptr": []}}')
debug_merge_point(0, 0, '94<main.rpyeffect:94([#195])>+5: {"op": "Jump". "target": 73}')
debug_merge_point(0, 0, '73<main.rpyeffect:73(Name(resume314143))>+0: {"op": "PushStack". "arg": 1}')
debug_merge_point(0, 0, '73<main.rpyeffect:73(Name(resume314143))>+1: {"op": "Return". "args": {"num": []. "ptr": [0]}}')
debug_merge_point(0, 0, '31<main.rpyeffect:31([k@[k@[then#49]#53]#56])>+0: {"op": "Copy". "type": "ptr". "from": 2. "to". 0}')
debug_merge_point(0, 0, '31<main.rpyeffect:31([k@[k@[then#49]#53]#56])>+1: {"op": "Jump". "target": 36}')
debug_merge_point(0, 0, '36<main.rpyeffect:36(Name(countdown2637))>+0: {"op": "Push". "target": 35. "args": {"num": []. "ptr": [1. 0]}}')
debug_merge_point(0, 0, '36<main.rpyeffect:36(Name(countdown2637))>+1: {"op": "Copy". "type": "ptr". "from": 1. "to". 0}')
+1628: setfield_gc(p124, i121, descr=<FieldS rpyeffect.region.NumRef.inst_value 8>)
+1632: label(p0, p115, p113, p114, p2, p104, p36, p102, p41, p100, p46, p98, p51, p96, p56, p94, p61, p92, p66, p90, p71, p88, p76, p85, p81, p107, p108, p109, i121, i11, i13, p22, p24, p125, p124, descr=TargetToken(4835968928))
debug_merge_point(0, 0, '36<main.rpyeffect:36(Name(countdown2637))>+1: {"op": "Copy". "type": "ptr". "from": 1. "to". 0}')
+1668: guard_not_invalidated(descr=<Guard0x1203f28b8>) [p2, i121, i11, i13, p114, p113, p22, p24, p0, p109, p108, p107, p81, p85, p76, p88, p71, p90, p66, p92, p61, p94, p56, p96, p51, p98, p46, p100, p41, p102, p36, p104, p115]
debug_merge_point(0, 0, '36<main.rpyeffect:36(Name(countdown2637))>+2: {"op": "Jump". "target": 29}')
debug_merge_point(0, 0, '29<main.rpyeffect:29([mcore:[#23]#40])>+0: {"op": "Invoke". "receiver": 0. "tag": Interned(%Get2641():n). "args" : {"num": []. "ptr": []}}')
+1672: p129 = getfield_gc_r(p113, descr=<FieldP rpyeffect.stored_environment.CoData__arb_arb.inst_vtable 24 pure>)
+1680: guard_value(p129, ConstPtr(ptr130), descr=<Guard0x1203edfa0>) [p2, i121, i11, i13, p114, p113, p22, p24, p0, p109, p108, p107, p81, p85, p76, p88, p71, p90, p66, p92, p61, p94, p56, p96, p51, p98, p46, p100, p41, p102, p36, p104, p115]
+1688: p131 = getfield_gc_r(p113, descr=<FieldP rpyeffect.stored_environment.CoData__0_2.inst_values_ptr_0 32 pure>)
+1692: p132 = getfield_gc_r(p113, descr=<FieldP rpyeffect.stored_environment.CoData__0_2.inst_values_ptr_1 40 pure>)
debug_merge_point(0, 0, '90<main.rpyeffect:90([#179])>+0: {"op": "Const". "type": "num". "out": 0. "value": 0}')
debug_merge_point(0, 0, '90<main.rpyeffect:90([#179])>+1: {"op": "ShiftDyn". "out": 1. "n": 0. "label": 1}')
+1696: i133 = getfield_gc_i(p132, descr=<FieldS rpyeffect.stack.Label.inst_origin 8 pure>)
+1700: guard_value(i133, 150532, descr=<Guard0x12041f160>) [p2, i121, i11, i13, p114, p113, p22, p24, p0, p109, p108, p107, p81, p85, p76, p88, p71, p90, p66, p92, p61, p94, p56, p96, p51, p98, p46, p100, p41, p102, p36, p104, p115]
+1716: i135 = instance_ptr_eq(p81, p132)
guard_true(i135, descr=<Guard0x12041f120>) [p2, i121, i11, i13, p114, p113, p22, p24, p0, p109, p108, p107, p81, p85, p76, p88, p71, p90, p66, p92, p61, p94, p56, p96, p51, p98, p46, p100, p41, p102, p36, p104, p115]
debug_merge_point(0, 0, '90<main.rpyeffect:90([#179])>+2: {"op": "Load". "out": 0. "type": "num". "ref": 0}')
+1724: i136 = getfield_gc_i(p131, descr=<FieldS rpyeffect.region.NumRef.inst_value 8>)
debug_merge_point(0, 0, '90<main.rpyeffect:90([#179])>+3: {"op": "Copy". "type": "ptr". "from": 1. "to". 0}')
debug_merge_point(0, 0, '90<main.rpyeffect:90([#179])>+4: {"op": "Jump". "target": 72}')
debug_merge_point(0, 0, '72<main.rpyeffect:72(Name(resume284142))>+0: {"op": "PushStack". "arg": 0}')
debug_merge_point(0, 0, '72<main.rpyeffect:72(Name(resume284142))>+1: {"op": "Return". "args": {"num": [0]. "ptr": []}}')
debug_merge_point(0, 0, '35<main.rpyeffect:35([k@Name(countdown2637)#43])>+0: {"op": "Const". "type": "num". "out": 1. "value": 0}')
debug_merge_point(0, 0, '35<main.rpyeffect:35([k@Name(countdown2637)#43])>+1: {"op": "Push". "target": 34. "args": {"num": [0]. "ptr": [0. 1]}}')
debug_merge_point(0, 0, '35<main.rpyeffect:35([k@Name(countdown2637)#43])>+2: {"op": "Jump". "target": 4}')
debug_merge_point(0, 0, '4<main.rpyeffect:4(Name(infixEq71))>+0: {"op": "PrimOp". "name": "infixEq(Int. Int): Boolean". "out": {"num": [0]. "ptr": []}. "in": {"num": [0. 1]. "ptr": []}}')
+1728: i138 = int_eq(i136, 0)
guard_false(i138, descr=<Guard0x12041f0e0>) [p2, i121, i11, i13, p114, p113, p22, p24, p0, p109, p108, p107, p81, p85, p76, p88, p71, p90, p66, p92, p61, p94, p56, p96, p51, p98, p46, p100, p41, p102, p36, p104, p115]
debug_merge_point(0, 0, '4<main.rpyeffect:4(Name(infixEq71))>+1: {"op": "Return". "args": {"num": [0]. "ptr": []}}')
debug_merge_point(0, 0, '34<main.rpyeffect:34([k@[k@Name(countdown2637)#43]#47])>+0: {"op": "Swap". "type": "num". "a": 1. "b". 0}')
debug_merge_point(0, 0, '34<main.rpyeffect:34([k@[k@Name(countdown2637)#43]#47])>+1: {"op": "IfZero". "cond": 1. "then": {"tag": null. "target": 33. "args": {"num": []. "ptr": []}}}')
debug_merge_point(0, 0, '33<main.rpyeffect:33([then#49])>+0: {"op": "Const". "type": "num". "out": 1. "value": 1}')
debug_merge_point(0, 0, '33<main.rpyeffect:33([then#49])>+1: {"op": "Push". "target": 32. "args": {"num": []. "ptr": [0. 1]}}')
debug_merge_point(0, 0, '33<main.rpyeffect:33([then#49])>+2: {"op": "Jump". "target": 8}')
debug_merge_point(0, 0, '8<main.rpyeffect:8(Name(infixSub104))>+0: {"op": "PrimOp". "name": "infixSub(Int. Int): Int". "out": {"num": [0]. "ptr": []}. "in": {"num": [0. 1]. "ptr": []}}')
+1736: i140 = int_sub(i136, 1)
debug_merge_point(0, 0, '8<main.rpyeffect:8(Name(infixSub104))>+1: {"op": "Return". "args": {"num": [0]. "ptr": []}}')
debug_merge_point(0, 0, '32<main.rpyeffect:32([k@[then#49]#53])>+0: {"op": "Push". "target": 31. "args": {"num": []. "ptr": [0. 1]}}')
debug_merge_point(0, 0, '32<main.rpyeffect:32([k@[then#49]#53])>+1: {"op": "Copy". "type": "ptr". "from": 1. "to". 0}')
debug_merge_point(0, 0, '32<main.rpyeffect:32([k@[then#49]#53])>+2: {"op": "Jump". "target": 30}')
debug_merge_point(0, 0, '30<main.rpyeffect:30([mcore:[#26]#41])>+0: {"op": "Invoke". "receiver": 0. "tag": Interned(%Set2643(n):p). "args" : {"num": [0]. "ptr": []}}')
debug_merge_point(0, 0, '94<main.rpyeffect:94([#195])>+0: {"op": "Const". "type": "num". "out": 1. "value": 0}')
debug_merge_point(0, 0, '94<main.rpyeffect:94([#195])>+1: {"op": "ShiftDyn". "out": 1. "n": 1. "label": 1}')
debug_merge_point(0, 0, '94<main.rpyeffect:94([#195])>+2: {"op": "Store". "ref": 0. "type": "num". "value": 0}')
debug_merge_point(0, 0, '94<main.rpyeffect:94([#195])>+3: {"op": "Construct". "out": 0. "type": Interned(Unit). "tag": Interned(unit). "args": {"num": []. "ptr": []}}')
debug_merge_point(0, 0, '94<main.rpyeffect:94([#195])>+4: {"op": "Construct". "out": 0. "type": Interned(Unit). "tag": Interned(unit). "args": {"num": []. "ptr": []}}')
debug_merge_point(0, 0, '94<main.rpyeffect:94([#195])>+5: {"op": "Jump". "target": 73}')
debug_merge_point(0, 0, '73<main.rpyeffect:73(Name(resume314143))>+0: {"op": "PushStack". "arg": 1}')
debug_merge_point(0, 0, '73<main.rpyeffect:73(Name(resume314143))>+1: {"op": "Return". "args": {"num": []. "ptr": [0]}}')
debug_merge_point(0, 0, '31<main.rpyeffect:31([k@[k@[then#49]#53]#56])>+0: {"op": "Copy". "type": "ptr". "from": 2. "to". 0}')
debug_merge_point(0, 0, '31<main.rpyeffect:31([k@[k@[then#49]#53]#56])>+1: {"op": "Jump". "target": 36}')
debug_merge_point(0, 0, '36<main.rpyeffect:36(Name(countdown2637))>+0: {"op": "Push". "target": 35. "args": {"num": []. "ptr": [1. 0]}}')
debug_merge_point(0, 0, '36<main.rpyeffect:36(Name(countdown2637))>+1: {"op": "Copy". "type": "ptr". "from": 1. "to". 0}')
+1740: setfield_gc(p124, i140, descr=<FieldS rpyeffect.region.NumRef.inst_value 8>)
+1744: jump(p0, p115, p113, p114, p2, p104, p36, p102, p41, p100, p46, p98, p51, p96, p56, p94, p61, p92, p66, p90, p71, p88, p76, p85, p81, p107, p108, p109, i140, i11, i13, p22, p24, p125, p124, descr=TargetToken(4835968928))
+1752: --end of the loop--
[5d5d5e] jit-log-opt-loop}
[19529e21] {jit-summary
Tracing:      	1	0.001166
Backend:      	1	0.000322
TOTAL:      		0.422287
ops:             	2391
heapcached ops:  	369
recorded ops:    	835
  calls:         	31
guards:          	225
opt ops:         	213
opt guards:      	53
opt guards shared:	50
forcings:        	0
abort: trace too long:	0
abort: compiling:	0
abort: vable escape:	0
abort: bad loop: 	0
abort: force quasi-immut:	0
abort: segmenting trace:	0
virtualizables forced:	0
nvirtuals:       	12
nvholes:         	0
nvreused:        	0
vecopt tried:    	0
vecopt success:  	0
Total # of loops:	1
Total # of bridges:	0
Freed # of loops:	0
Freed # of bridges:	0
[1952d166] jit-summary}
