[5471d6] {jit-log-opt-loop
# Loop 1 (40<main.rpyeffect:40(Name(parse2642))>+1: {"op": "Jump", "target": 30}) : loop with 187 ops
[p0, p1, p2, p3, p4]
+328: p5 = getfield_gc_r(p2, descr=<FieldP rpyeffect.environment.Environment.inst_values_num 16>)
+336: i7 = getarrayitem_gc_i(p5, 0, descr=<ArrayS 8>)
+340: i9 = getarrayitem_gc_i(p5, 1, descr=<ArrayS 8>)
+344: i11 = getarrayitem_gc_i(p5, 2, descr=<ArrayS 8>)
+348: i13 = getarrayitem_gc_i(p5, 3, descr=<ArrayS 8>)
+352: p14 = getfield_gc_r(p2, descr=<FieldP rpyeffect.environment.Environment.inst_values_ptr 24>)
+356: p16 = getarrayitem_gc_r(p14, 0, descr=<ArrayP 8>)
+360: p18 = getarrayitem_gc_r(p14, 1, descr=<ArrayP 8>)
+364: p20 = getarrayitem_gc_r(p14, 2, descr=<ArrayP 8>)
+368: p22 = getarrayitem_gc_r(p14, 3, descr=<ArrayP 8>)
+372: p24 = getarrayitem_gc_r(p14, 4, descr=<ArrayP 8>)
+376: p26 = getarrayitem_gc_r(p14, 5, descr=<ArrayP 8>)
+380: p28 = getarrayitem_gc_r(p14, 6, descr=<ArrayP 8>)
+384: label(p0, p1, p2, p3, p4, i7, i9, i11, i13, p16, p18, p20, p22, p24, p26, p28, descr=TargetToken(4566222432))
debug_merge_point(0, 0, '40<main.rpyeffect:40(Name(parse2642))>+1: {"op": "Jump". "target": 30}')
+424: guard_not_invalidated(descr=<Guard0x1102b27b0>) [p2, i7, i9, i11, i13, p16, p18, p20, p22, p24, p26, p28, p0, p1, p3, p4]
+428: guard_nonnull(p1, descr=<Guard0x1102a1520>) [p2, i7, i9, i11, i13, p16, p18, p20, p22, p24, p26, p28, p0, p1, p3, p4]
+440: i29 = getfield_gc_i(p1, descr=<FieldS rpyeffect.stored_environment.Stack__arb_arb.inst_target 16 pure>)
+448: guard_value(i29, 39, descr=<Guard0x1102a14e0>) [p2, i7, i9, i11, i13, p16, p18, p20, p22, p24, p26, p28, p0, p1, p3, p4]
debug_merge_point(0, 0, '30<main.rpyeffect:30([mcore:[#23]#40])>+0: {"op": "Invoke". "receiver": 0. "tag": Interned(%Read2653():n). "args" : {"num": []. "ptr": []}}')
+460: p31 = getfield_gc_r(p16, descr=<FieldP rpyeffect.stored_environment.CoData__arb_arb.inst_vtable 24 pure>)
+468: guard_value(p31, ConstPtr(ptr32), descr=<Guard0x1102a14a0>) [p2, i7, i9, i11, i13, p16, p18, p20, p22, p24, p26, p28, p0, p1, p3, p4]
+476: i33 = getfield_gc_i(p16, descr=<FieldS rpyeffect.stored_environment.CoData__1_4.inst_values_num_0 32 pure>)
+480: p34 = getfield_gc_r(p16, descr=<FieldP rpyeffect.stored_environment.CoData__1_4.inst_values_ptr_0 40 pure>)
+480: p35 = getfield_gc_r(p16, descr=<FieldP rpyeffect.stored_environment.CoData__1_4.inst_values_ptr_1 48 pure>)
+484: p36 = getfield_gc_r(p16, descr=<FieldP rpyeffect.stored_environment.CoData__1_4.inst_values_ptr_2 56 pure>)
+488: p37 = getfield_gc_r(p16, descr=<FieldP rpyeffect.stored_environment.CoData__1_4.inst_values_ptr_3 64 pure>)
debug_merge_point(0, 0, '107<main.rpyeffect:107([#242])>+0: {"op": "Const". "type": "num". "out": 1. "value": 0}')
debug_merge_point(0, 0, '107<main.rpyeffect:107([#242])>+1: {"op": "ShiftDyn". "out": 3. "n": 1. "label": 3}')
+492: guard_isnull(p4, descr=<Guard0x1102a1460>) [p2, i7, i9, i11, i13, p16, p18, p20, p22, p24, p26, p28, p0, p1, p3, p4]
+504: i38 = getfield_gc_i(p0, descr=<FieldS rpyeffect.stack.Label.inst_origin 8 pure>)
+512: guard_value(i38, 120855, descr=<Guard0x1102a1420>) [p2, i7, i9, i11, i13, p16, p18, p20, p22, p24, p26, p28, p0, p1, p3, p4]
+528: i40 = getfield_gc_i(p37, descr=<FieldS rpyeffect.stack.Label.inst_origin 8 pure>)
+532: guard_value(i40, 120855, descr=<Guard0x1102a13e0>) [p2, i7, i9, i11, i13, p16, p18, p20, p22, p24, p26, p28, p0, p1, p3, p4]
+548: i42 = instance_ptr_eq(p0, p37)
guard_true(i42, descr=<Guard0x1102a13a0>) [p2, i7, i9, i11, i13, p16, p18, p20, p22, p24, p26, p28, p0, p1, p3, p4]
+556: guard_nonnull_class(p3, 4299206376, descr=<Guard0x1102b2808>) [p2, i7, i9, i11, i13, p16, p18, p20, p22, p24, p26, p28, p0, p1, p3, p4]
+584: p44 = getfield_gc_r(p3, descr=<FieldP rpyeffect.stack.MetaStackLike.inst_stack 8 pure>)
+588: p45 = getfield_gc_r(p3, descr=<FieldP rpyeffect.stack.MetaStack.inst_label 16 pure>)
+592: p46 = getfield_gc_r(p3, descr=<FieldP rpyeffect.stack.MetaStack.inst_tail 32 pure>)
+596: guard_nonnull(p44, descr=<Guard0x1102a1360>) [p2, i7, i9, i11, i13, p16, p18, p20, p22, p24, p26, p28, p0, p1, p3, p4]
+604: i47 = getfield_gc_i(p44, descr=<FieldS rpyeffect.stored_environment.Stack__arb_arb.inst_target 16 pure>)
+608: guard_value(i47, 96, descr=<Guard0x1102a1320>) [p2, i7, i9, i11, i13, p16, p18, p20, p22, p24, p26, p28, p0, p1, p3, p4]
debug_merge_point(0, 0, '107<main.rpyeffect:107([#242])>+2: {"op": "Load". "out": 1. "type": "num". "ref": 1}')
+620: i49 = getfield_gc_i(p35, descr=<FieldS rpyeffect.region.NumRef.inst_value 8>)
debug_merge_point(0, 0, '107<main.rpyeffect:107([#242])>+3: {"op": "Push". "target": 106. "args": {"num": []. "ptr": [0. 1. 2. 3]}}')
debug_merge_point(0, 0, '107<main.rpyeffect:107([#242])>+4: {"op": "Swap". "type": "num". "a": 0. "b". 1}')
debug_merge_point(0, 0, '107<main.rpyeffect:107([#242])>+5: {"op": "Jump". "target": 10}')
debug_merge_point(0, 0, '10<main.rpyeffect:10(Name(infixGt174))>+0: {"op": "PrimOp". "name": "infixGt(Int. Int): Boolean". "out": {"num": [0]. "ptr": []}. "in": {"num": [0. 1]. "ptr": []}}')
+624: i50 = int_gt(i49, i33)
guard_false(i50, descr=<Guard0x1102a12e0>) [p2, i7, i9, i11, i13, p16, p18, p20, p22, p24, p26, p28, p0, p1, p3, p4]
debug_merge_point(0, 0, '10<main.rpyeffect:10(Name(infixGt174))>+1: {"op": "Return". "args": {"num": [0]. "ptr": []}}')
debug_merge_point(0, 0, '106<main.rpyeffect:106([k@[#242]#250])>+0: {"op": "Swap". "type": "ptr". "a": 2. "b". 1}')
debug_merge_point(0, 0, '106<main.rpyeffect:106([k@[#242]#250])>+1: {"op": "Swap". "type": "ptr". "a": 3. "b". 1}')
debug_merge_point(0, 0, '106<main.rpyeffect:106([k@[#242]#250])>+2: {"op": "IfZero". "cond": 0. "then": {"tag": null. "target": 103. "args": {"num": []. "ptr": []}}}')
debug_merge_point(0, 0, '103<main.rpyeffect:103([then#252])>+0: {"op": "Load". "out": 0. "type": "num". "ref": 3}')
+632: i51 = getfield_gc_i(p36, descr=<FieldS rpyeffect.region.NumRef.inst_value 8>)
debug_merge_point(0, 0, '103<main.rpyeffect:103([then#252])>+1: {"op": "Const". "type": "num". "out": 1. "value": 0}')
debug_merge_point(0, 0, '103<main.rpyeffect:103([then#252])>+2: {"op": "Push". "target": 102. "args": {"num": []. "ptr": [2. 3. 1]}}')
debug_merge_point(0, 0, '103<main.rpyeffect:103([then#252])>+3: {"op": "Jump". "target": 4}')
debug_merge_point(0, 0, '4<main.rpyeffect:4(Name(infixEq71))>+0: {"op": "PrimOp". "name": "infixEq(Int. Int): Boolean". "out": {"num": [0]. "ptr": []}. "in": {"num": [0. 1]. "ptr": []}}')
+636: i53 = int_eq(i51, 0)
guard_false(i53, descr=<Guard0x1102a12a0>) [p2, i7, i9, i11, i13, p16, p18, p20, p22, p24, p26, p28, p0, p1, p3, p4]
debug_merge_point(0, 0, '4<main.rpyeffect:4(Name(infixEq71))>+1: {"op": "Return". "args": {"num": [0]. "ptr": []}}')
debug_merge_point(0, 0, '102<main.rpyeffect:102([k@[then#252]#257])>+0: {"op": "Swap". "type": "ptr". "a": 1. "b". 0}')
debug_merge_point(0, 0, '102<main.rpyeffect:102([k@[then#252]#257])>+1: {"op": "Swap". "type": "ptr". "a": 2. "b". 0}')
debug_merge_point(0, 0, '102<main.rpyeffect:102([k@[then#252]#257])>+2: {"op": "IfZero". "cond": 0. "then": {"tag": null. "target": 100. "args": {"num": []. "ptr": []}}}')
debug_merge_point(0, 0, '100<main.rpyeffect:100([then#259])>+0: {"op": "Load". "out": 0. "type": "num". "ref": 2}')
debug_merge_point(0, 0, '100<main.rpyeffect:100([then#259])>+1: {"op": "Const". "type": "num". "out": 1. "value": 1}')
debug_merge_point(0, 0, '100<main.rpyeffect:100([then#259])>+2: {"op": "Push". "target": 99. "args": {"num": []. "ptr": [2. 0]}}')
debug_merge_point(0, 0, '100<main.rpyeffect:100([then#259])>+3: {"op": "Jump". "target": 8}')
debug_merge_point(0, 0, '8<main.rpyeffect:8(Name(infixSub104))>+0: {"op": "PrimOp". "name": "infixSub(Int. Int): Int". "out": {"num": [0]. "ptr": []}. "in": {"num": [0. 1]. "ptr": []}}')
+644: i55 = int_sub(i51, 1)
debug_merge_point(0, 0, '8<main.rpyeffect:8(Name(infixSub104))>+1: {"op": "Return". "args": {"num": [0]. "ptr": []}}')
debug_merge_point(0, 0, '99<main.rpyeffect:99([k@[then#259]#264])>+0: {"op": "Store". "ref": 0. "type": "num". "value": 0}')
debug_merge_point(0, 0, '99<main.rpyeffect:99([k@[then#259]#264])>+1: {"op": "Construct". "out": 0. "type": Interned(Unit). "tag": Interned(unit). "args": {"num": []. "ptr": []}}')
debug_merge_point(0, 0, '99<main.rpyeffect:99([k@[then#259]#264])>+2: {"op": "Const". "type": "num". "out": 0. "value": 36}')
debug_merge_point(0, 0, '99<main.rpyeffect:99([k@[then#259]#264])>+3: {"op": "Copy". "type": "ptr". "from": 1. "to". 0}')
debug_merge_point(0, 0, '99<main.rpyeffect:99([k@[then#259]#264])>+4: {"op": "Jump". "target": 78}')
debug_merge_point(0, 0, '78<main.rpyeffect:78(Name(resume1215124407))>+0: {"op": "PushStack". "arg": 0}')
debug_merge_point(0, 0, '78<main.rpyeffect:78(Name(resume1215124407))>+1: {"op": "Return". "args": {"num": [0]. "ptr": []}}')
+648: i56 = getfield_gc_i(p1, descr=<FieldS rpyeffect.stored_environment.Stack__1_3.inst_values_num_0 40 pure>)
+652: p57 = getfield_gc_r(p1, descr=<FieldP rpyeffect.stored_environment.Stack__1_3.inst_values_ptr_0 48 pure>)
+656: p58 = getfield_gc_r(p1, descr=<FieldP rpyeffect.stored_environment.Stack__1_3.inst_values_ptr_1 56 pure>)
+660: p59 = getfield_gc_r(p1, descr=<FieldP rpyeffect.stored_environment.Stack__1_3.inst_values_ptr_2 64 pure>)
+664: p60 = getfield_gc_r(p1, descr=<FieldP rpyeffect.stored_environment.Stack__arb_arb.inst_tail 8 pure>)
+668: setfield_gc(p36, i55, descr=<FieldS rpyeffect.region.NumRef.inst_value 8>)
+672: guard_nonnull(p60, descr=<Guard0x1102b2758>) [p2, i56, i11, i13, p57, p58, p59, p36, p24, p26, p28, p0, p60, p46, p45, p44]
+680: i61 = getfield_gc_i(p60, descr=<FieldS rpyeffect.stored_environment.Stack__arb_arb.inst_target 16 pure>)
+684: guard_value(i61, 97, descr=<Guard0x1102a1260>) [p2, i56, i11, i13, p57, p58, p59, p36, p24, p26, p28, p0, p60, p46, p45, p44]
debug_merge_point(0, 0, '39<main.rpyeffect:39([k@Name(parse2642)#44])>+0: {"op": "Const". "type": "num". "out": 2. "value": 36}')
debug_merge_point(0, 0, '39<main.rpyeffect:39([k@Name(parse2642)#44])>+1: {"op": "Push". "target": 38. "args": {"num": [1. 0]. "ptr": [0. 1. 2]}}')
debug_merge_point(0, 0, '39<main.rpyeffect:39([k@Name(parse2642)#44])>+2: {"op": "Copy". "type": "num". "from": 2. "to". 1}')
debug_merge_point(0, 0, '39<main.rpyeffect:39([k@Name(parse2642)#44])>+3: {"op": "Jump". "target": 4}')
debug_merge_point(0, 0, '4<main.rpyeffect:4(Name(infixEq71))>+0: {"op": "PrimOp". "name": "infixEq(Int. Int): Boolean". "out": {"num": [0]. "ptr": []}. "in": {"num": [0. 1]. "ptr": []}}')
debug_merge_point(0, 0, '4<main.rpyeffect:4(Name(infixEq71))>+1: {"op": "Return". "args": {"num": [0]. "ptr": []}}')
debug_merge_point(0, 0, '38<main.rpyeffect:38([k@[k@Name(parse2642)#44]#48])>+0: {"op": "Swap". "type": "num". "a": 0. "b". 1}')
debug_merge_point(0, 0, '38<main.rpyeffect:38([k@[k@Name(parse2642)#44]#48])>+1: {"op": "Swap". "type": "num". "a": 2. "b". 1}')
debug_merge_point(0, 0, '38<main.rpyeffect:38([k@[k@Name(parse2642)#44]#48])>+2: {"op": "Swap". "type": "ptr". "a": 2. "b". 0}')
debug_merge_point(0, 0, '38<main.rpyeffect:38([k@[k@Name(parse2642)#44]#48])>+3: {"op": "IfZero". "cond": 2. "then": {"tag": null. "target": 36. "args": {"num": []. "ptr": []}}}')
debug_merge_point(0, 0, '38<main.rpyeffect:38([k@[k@Name(parse2642)#44]#48])>+4: {"op": "Const". "type": "num". "out": 1. "value": 1}')
debug_merge_point(0, 0, '38<main.rpyeffect:38([k@[k@Name(parse2642)#44]#48])>+5: {"op": "Push". "target": 37. "args": {"num": []. "ptr": [2. 1. 0]}}')
debug_merge_point(0, 0, '38<main.rpyeffect:38([k@[k@Name(parse2642)#44]#48])>+6: {"op": "Jump". "target": 6}')
debug_merge_point(0, 0, '6<main.rpyeffect:6(Name(infixAdd95))>+0: {"op": "PrimOp". "name": "infixAdd(Int. Int): Int". "out": {"num": [0]. "ptr": []}. "in": {"num": [0. 1]. "ptr": []}}')
+696: i64 = int_add(i56, 1)
debug_merge_point(0, 0, '6<main.rpyeffect:6(Name(infixAdd95))>+1: {"op": "Return". "args": {"num": [0]. "ptr": []}}')
debug_merge_point(0, 0, '37<main.rpyeffect:37([k@[k@[k@Name(parse2642)#44]#48]#62])>+0: {"op": "Swap". "type": "ptr". "a": 1. "b". 0}')
debug_merge_point(0, 0, '37<main.rpyeffect:37([k@[k@[k@Name(parse2642)#44]#48]#62])>+1: {"op": "Jump". "target": 40}')
debug_merge_point(0, 0, '40<main.rpyeffect:40(Name(parse2642))>+0: {"op": "Push". "target": 39. "args": {"num": [0]. "ptr": [1. 0. 2]}}')
debug_merge_point(0, 0, '40<main.rpyeffect:40(Name(parse2642))>+1: {"op": "Jump". "target": 30}')
+700: label(p0, p60, i64, p57, p58, p59, p2, p44, p45, p46, i13, p36, p24, p26, p28, descr=TargetToken(4566418400))
debug_merge_point(0, 0, '40<main.rpyeffect:40(Name(parse2642))>+1: {"op": "Jump". "target": 30}')
+728: guard_not_invalidated(descr=<Guard0x1102b28b8>) [p2, i64, i13, p58, p57, p59, p36, p24, p26, p28, p0, p46, p45, p44, p60]
debug_merge_point(0, 0, '30<main.rpyeffect:30([mcore:[#23]#40])>+0: {"op": "Invoke". "receiver": 0. "tag": Interned(%Read2653():n). "args" : {"num": []. "ptr": []}}')
+732: p65 = getfield_gc_r(p58, descr=<FieldP rpyeffect.stored_environment.CoData__arb_arb.inst_vtable 24 pure>)
+740: guard_value(p65, ConstPtr(ptr66), descr=<Guard0x1102de260>) [p2, i64, i13, p58, p57, p59, p36, p24, p26, p28, p0, p46, p45, p44, p60]
+748: i67 = getfield_gc_i(p58, descr=<FieldS rpyeffect.stored_environment.CoData__1_4.inst_values_num_0 32 pure>)
+752: p68 = getfield_gc_r(p58, descr=<FieldP rpyeffect.stored_environment.CoData__1_4.inst_values_ptr_0 40 pure>)
+752: p69 = getfield_gc_r(p58, descr=<FieldP rpyeffect.stored_environment.CoData__1_4.inst_values_ptr_1 48 pure>)
+756: p70 = getfield_gc_r(p58, descr=<FieldP rpyeffect.stored_environment.CoData__1_4.inst_values_ptr_2 56 pure>)
+760: p71 = getfield_gc_r(p58, descr=<FieldP rpyeffect.stored_environment.CoData__1_4.inst_values_ptr_3 64 pure>)
debug_merge_point(0, 0, '107<main.rpyeffect:107([#242])>+0: {"op": "Const". "type": "num". "out": 1. "value": 0}')
debug_merge_point(0, 0, '107<main.rpyeffect:107([#242])>+1: {"op": "ShiftDyn". "out": 3. "n": 1. "label": 3}')
+764: i72 = getfield_gc_i(p71, descr=<FieldS rpyeffect.stack.Label.inst_origin 8 pure>)
+768: guard_value(i72, 120855, descr=<Guard0x1102de220>) [p2, i64, i13, p58, p57, p59, p36, p24, p26, p28, p0, p46, p45, p44, p60]
+784: i74 = instance_ptr_eq(p0, p71)
guard_true(i74, descr=<Guard0x1102de1e0>) [p2, i64, i13, p58, p57, p59, p36, p24, p26, p28, p0, p46, p45, p44, p60]
debug_merge_point(0, 0, '107<main.rpyeffect:107([#242])>+2: {"op": "Load". "out": 1. "type": "num". "ref": 1}')
+792: i75 = getfield_gc_i(p69, descr=<FieldS rpyeffect.region.NumRef.inst_value 8>)
debug_merge_point(0, 0, '107<main.rpyeffect:107([#242])>+3: {"op": "Push". "target": 106. "args": {"num": []. "ptr": [0. 1. 2. 3]}}')
debug_merge_point(0, 0, '107<main.rpyeffect:107([#242])>+4: {"op": "Swap". "type": "num". "a": 0. "b". 1}')
debug_merge_point(0, 0, '107<main.rpyeffect:107([#242])>+5: {"op": "Jump". "target": 10}')
debug_merge_point(0, 0, '10<main.rpyeffect:10(Name(infixGt174))>+0: {"op": "PrimOp". "name": "infixGt(Int. Int): Boolean". "out": {"num": [0]. "ptr": []}. "in": {"num": [0. 1]. "ptr": []}}')
+796: i76 = int_gt(i75, i67)
guard_false(i76, descr=<Guard0x1102de1a0>) [p2, i64, i13, p58, p57, p59, p36, p24, p26, p28, p0, p46, p45, p44, p60]
debug_merge_point(0, 0, '10<main.rpyeffect:10(Name(infixGt174))>+1: {"op": "Return". "args": {"num": [0]. "ptr": []}}')
debug_merge_point(0, 0, '106<main.rpyeffect:106([k@[#242]#250])>+0: {"op": "Swap". "type": "ptr". "a": 2. "b". 1}')
debug_merge_point(0, 0, '106<main.rpyeffect:106([k@[#242]#250])>+1: {"op": "Swap". "type": "ptr". "a": 3. "b". 1}')
debug_merge_point(0, 0, '106<main.rpyeffect:106([k@[#242]#250])>+2: {"op": "IfZero". "cond": 0. "then": {"tag": null. "target": 103. "args": {"num": []. "ptr": []}}}')
debug_merge_point(0, 0, '103<main.rpyeffect:103([then#252])>+0: {"op": "Load". "out": 0. "type": "num". "ref": 3}')
+804: i77 = getfield_gc_i(p70, descr=<FieldS rpyeffect.region.NumRef.inst_value 8>)
debug_merge_point(0, 0, '103<main.rpyeffect:103([then#252])>+1: {"op": "Const". "type": "num". "out": 1. "value": 0}')
debug_merge_point(0, 0, '103<main.rpyeffect:103([then#252])>+2: {"op": "Push". "target": 102. "args": {"num": []. "ptr": [2. 3. 1]}}')
debug_merge_point(0, 0, '103<main.rpyeffect:103([then#252])>+3: {"op": "Jump". "target": 4}')
debug_merge_point(0, 0, '4<main.rpyeffect:4(Name(infixEq71))>+0: {"op": "PrimOp". "name": "infixEq(Int. Int): Boolean". "out": {"num": [0]. "ptr": []}. "in": {"num": [0. 1]. "ptr": []}}')
+808: i79 = int_eq(i77, 0)
guard_false(i79, descr=<Guard0x1102de160>) [p2, i64, i13, p58, p57, p59, p36, p24, p26, p28, p0, p46, p45, p44, p60]
debug_merge_point(0, 0, '4<main.rpyeffect:4(Name(infixEq71))>+1: {"op": "Return". "args": {"num": [0]. "ptr": []}}')
debug_merge_point(0, 0, '102<main.rpyeffect:102([k@[then#252]#257])>+0: {"op": "Swap". "type": "ptr". "a": 1. "b". 0}')
debug_merge_point(0, 0, '102<main.rpyeffect:102([k@[then#252]#257])>+1: {"op": "Swap". "type": "ptr". "a": 2. "b". 0}')
debug_merge_point(0, 0, '102<main.rpyeffect:102([k@[then#252]#257])>+2: {"op": "IfZero". "cond": 0. "then": {"tag": null. "target": 100. "args": {"num": []. "ptr": []}}}')
debug_merge_point(0, 0, '100<main.rpyeffect:100([then#259])>+0: {"op": "Load". "out": 0. "type": "num". "ref": 2}')
debug_merge_point(0, 0, '100<main.rpyeffect:100([then#259])>+1: {"op": "Const". "type": "num". "out": 1. "value": 1}')
debug_merge_point(0, 0, '100<main.rpyeffect:100([then#259])>+2: {"op": "Push". "target": 99. "args": {"num": []. "ptr": [2. 0]}}')
debug_merge_point(0, 0, '100<main.rpyeffect:100([then#259])>+3: {"op": "Jump". "target": 8}')
debug_merge_point(0, 0, '8<main.rpyeffect:8(Name(infixSub104))>+0: {"op": "PrimOp". "name": "infixSub(Int. Int): Int". "out": {"num": [0]. "ptr": []}. "in": {"num": [0. 1]. "ptr": []}}')
+816: i81 = int_sub(i77, 1)
debug_merge_point(0, 0, '8<main.rpyeffect:8(Name(infixSub104))>+1: {"op": "Return". "args": {"num": [0]. "ptr": []}}')
debug_merge_point(0, 0, '99<main.rpyeffect:99([k@[then#259]#264])>+0: {"op": "Store". "ref": 0. "type": "num". "value": 0}')
debug_merge_point(0, 0, '99<main.rpyeffect:99([k@[then#259]#264])>+1: {"op": "Construct". "out": 0. "type": Interned(Unit). "tag": Interned(unit). "args": {"num": []. "ptr": []}}')
debug_merge_point(0, 0, '99<main.rpyeffect:99([k@[then#259]#264])>+2: {"op": "Const". "type": "num". "out": 0. "value": 36}')
debug_merge_point(0, 0, '99<main.rpyeffect:99([k@[then#259]#264])>+3: {"op": "Copy". "type": "ptr". "from": 1. "to". 0}')
debug_merge_point(0, 0, '99<main.rpyeffect:99([k@[then#259]#264])>+4: {"op": "Jump". "target": 78}')
debug_merge_point(0, 0, '78<main.rpyeffect:78(Name(resume1215124407))>+0: {"op": "PushStack". "arg": 0}')
debug_merge_point(0, 0, '78<main.rpyeffect:78(Name(resume1215124407))>+1: {"op": "Return". "args": {"num": [0]. "ptr": []}}')
debug_merge_point(0, 0, '39<main.rpyeffect:39([k@Name(parse2642)#44])>+0: {"op": "Const". "type": "num". "out": 2. "value": 36}')
debug_merge_point(0, 0, '39<main.rpyeffect:39([k@Name(parse2642)#44])>+1: {"op": "Push". "target": 38. "args": {"num": [1. 0]. "ptr": [0. 1. 2]}}')
debug_merge_point(0, 0, '39<main.rpyeffect:39([k@Name(parse2642)#44])>+2: {"op": "Copy". "type": "num". "from": 2. "to". 1}')
debug_merge_point(0, 0, '39<main.rpyeffect:39([k@Name(parse2642)#44])>+3: {"op": "Jump". "target": 4}')
debug_merge_point(0, 0, '4<main.rpyeffect:4(Name(infixEq71))>+0: {"op": "PrimOp". "name": "infixEq(Int. Int): Boolean". "out": {"num": [0]. "ptr": []}. "in": {"num": [0. 1]. "ptr": []}}')
debug_merge_point(0, 0, '4<main.rpyeffect:4(Name(infixEq71))>+1: {"op": "Return". "args": {"num": [0]. "ptr": []}}')
debug_merge_point(0, 0, '38<main.rpyeffect:38([k@[k@Name(parse2642)#44]#48])>+0: {"op": "Swap". "type": "num". "a": 0. "b". 1}')
debug_merge_point(0, 0, '38<main.rpyeffect:38([k@[k@Name(parse2642)#44]#48])>+1: {"op": "Swap". "type": "num". "a": 2. "b". 1}')
debug_merge_point(0, 0, '38<main.rpyeffect:38([k@[k@Name(parse2642)#44]#48])>+2: {"op": "Swap". "type": "ptr". "a": 2. "b". 0}')
debug_merge_point(0, 0, '38<main.rpyeffect:38([k@[k@Name(parse2642)#44]#48])>+3: {"op": "IfZero". "cond": 2. "then": {"tag": null. "target": 36. "args": {"num": []. "ptr": []}}}')
debug_merge_point(0, 0, '38<main.rpyeffect:38([k@[k@Name(parse2642)#44]#48])>+4: {"op": "Const". "type": "num". "out": 1. "value": 1}')
debug_merge_point(0, 0, '38<main.rpyeffect:38([k@[k@Name(parse2642)#44]#48])>+5: {"op": "Push". "target": 37. "args": {"num": []. "ptr": [2. 1. 0]}}')
debug_merge_point(0, 0, '38<main.rpyeffect:38([k@[k@Name(parse2642)#44]#48])>+6: {"op": "Jump". "target": 6}')
debug_merge_point(0, 0, '6<main.rpyeffect:6(Name(infixAdd95))>+0: {"op": "PrimOp". "name": "infixAdd(Int. Int): Int". "out": {"num": [0]. "ptr": []}. "in": {"num": [0. 1]. "ptr": []}}')
+820: i83 = int_add(i64, 1)
debug_merge_point(0, 0, '6<main.rpyeffect:6(Name(infixAdd95))>+1: {"op": "Return". "args": {"num": [0]. "ptr": []}}')
debug_merge_point(0, 0, '37<main.rpyeffect:37([k@[k@[k@Name(parse2642)#44]#48]#62])>+0: {"op": "Swap". "type": "ptr". "a": 1. "b". 0}')
debug_merge_point(0, 0, '37<main.rpyeffect:37([k@[k@[k@Name(parse2642)#44]#48]#62])>+1: {"op": "Jump". "target": 40}')
debug_merge_point(0, 0, '40<main.rpyeffect:40(Name(parse2642))>+0: {"op": "Push". "target": 39. "args": {"num": [0]. "ptr": [1. 0. 2]}}')
debug_merge_point(0, 0, '40<main.rpyeffect:40(Name(parse2642))>+1: {"op": "Jump". "target": 30}')
+824: setfield_gc(p70, i81, descr=<FieldS rpyeffect.region.NumRef.inst_value 8>)
+828: jump(p0, p60, i83, p57, p58, p59, p2, p44, p45, p46, i13, p70, p24, p26, p28, descr=TargetToken(4566418400))
+836: --end of the loop--
[5738c6] jit-log-opt-loop}
[6390ee] {jit-log-opt-loop
# Loop 2 (107<main.rpyeffect:107([#242])>+4: {"op": "Swap", "type": "num", "a": 0, "b", 1}) : entry bridge with 209 ops
[p0, p1, p2, p3, p4]
+424: p5 = getfield_gc_r(p2, descr=<FieldP rpyeffect.environment.Environment.inst_values_num 16>)
+432: i7 = getarrayitem_gc_i(p5, 0, descr=<ArrayS 8>)
+436: i9 = getarrayitem_gc_i(p5, 1, descr=<ArrayS 8>)
+440: i11 = getarrayitem_gc_i(p5, 2, descr=<ArrayS 8>)
+444: i13 = getarrayitem_gc_i(p5, 3, descr=<ArrayS 8>)
+448: p14 = getfield_gc_r(p2, descr=<FieldP rpyeffect.environment.Environment.inst_values_ptr 24>)
+452: p16 = getarrayitem_gc_r(p14, 0, descr=<ArrayP 8>)
+456: p18 = getarrayitem_gc_r(p14, 1, descr=<ArrayP 8>)
+460: p20 = getarrayitem_gc_r(p14, 2, descr=<ArrayP 8>)
+464: p22 = getarrayitem_gc_r(p14, 3, descr=<ArrayP 8>)
+468: p24 = getarrayitem_gc_r(p14, 4, descr=<ArrayP 8>)
+472: p26 = getarrayitem_gc_r(p14, 5, descr=<ArrayP 8>)
+476: p28 = getarrayitem_gc_r(p14, 6, descr=<ArrayP 8>)
debug_merge_point(0, 0, '107<main.rpyeffect:107([#242])>+4: {"op": "Swap". "type": "num". "a": 0. "b". 1}')
+480: guard_not_invalidated(descr=<Guard0x1102b29c0>) [p2, i7, i9, i11, i13, p16, p18, p20, p22, p24, p26, p28, p0, p1, p3, p4]
debug_merge_point(0, 0, '107<main.rpyeffect:107([#242])>+5: {"op": "Jump". "target": 10}')
+484: guard_nonnull(p1, descr=<Guard0x1102de2a0>) [p2, i7, i9, i11, i13, p16, p18, p20, p22, p24, p26, p28, p0, p1, p3, p4]
+496: i29 = getfield_gc_i(p1, descr=<FieldS rpyeffect.stored_environment.Stack__arb_arb.inst_target 16 pure>)
+504: guard_value(i29, 106, descr=<Guard0x1102de2e0>) [p2, i7, i9, i11, i13, p16, p18, p20, p22, p24, p26, p28, p0, p1, p3, p4]
debug_merge_point(0, 0, '10<main.rpyeffect:10(Name(infixGt174))>+0: {"op": "PrimOp". "name": "infixGt(Int. Int): Boolean". "out": {"num": [0]. "ptr": []}. "in": {"num": [0. 1]. "ptr": []}}')
+516: i31 = int_gt(i9, i7)
guard_false(i31, descr=<Guard0x1102de320>) [p2, i7, i9, i11, i13, p16, p18, p20, p22, p24, p26, p28, p0, p1, p3, p4]
debug_merge_point(0, 0, '10<main.rpyeffect:10(Name(infixGt174))>+1: {"op": "Return". "args": {"num": [0]. "ptr": []}}')
+524: p32 = getfield_gc_r(p1, descr=<FieldP rpyeffect.stored_environment.Stack__0_4.inst_values_ptr_0 40 pure>)
+524: p33 = getfield_gc_r(p1, descr=<FieldP rpyeffect.stored_environment.Stack__0_4.inst_values_ptr_1 48 pure>)
+528: p34 = getfield_gc_r(p1, descr=<FieldP rpyeffect.stored_environment.Stack__0_4.inst_values_ptr_2 56 pure>)
+532: p35 = getfield_gc_r(p1, descr=<FieldP rpyeffect.stored_environment.Stack__0_4.inst_values_ptr_3 64 pure>)
+536: p36 = getfield_gc_r(p1, descr=<FieldP rpyeffect.stored_environment.Stack__arb_arb.inst_tail 8 pure>)
debug_merge_point(0, 0, '106<main.rpyeffect:106([k@[#242]#250])>+0: {"op": "Swap". "type": "ptr". "a": 2. "b". 1}')
debug_merge_point(0, 0, '106<main.rpyeffect:106([k@[#242]#250])>+1: {"op": "Swap". "type": "ptr". "a": 3. "b". 1}')
debug_merge_point(0, 0, '106<main.rpyeffect:106([k@[#242]#250])>+2: {"op": "IfZero". "cond": 0. "then": {"tag": null. "target": 103. "args": {"num": []. "ptr": []}}}')
+540: guard_nonnull(p36, descr=<Guard0x1102de360>) [p2, i7, i9, i11, i13, p16, p18, p20, p22, p24, p26, p28, p0, p1, p3, p4]
+548: i37 = getfield_gc_i(p36, descr=<FieldS rpyeffect.stored_environment.Stack__arb_arb.inst_target 16 pure>)
+556: guard_value(i37, 96, descr=<Guard0x1102de3a0>) [p2, i7, i9, i11, i13, p16, p18, p20, p22, p24, p26, p28, p0, p1, p3, p4]
debug_merge_point(0, 0, '103<main.rpyeffect:103([then#252])>+0: {"op": "Load". "out": 0. "type": "num". "ref": 3}')
+568: i39 = getfield_gc_i(p34, descr=<FieldS rpyeffect.region.NumRef.inst_value 8>)
debug_merge_point(0, 0, '103<main.rpyeffect:103([then#252])>+1: {"op": "Const". "type": "num". "out": 1. "value": 0}')
debug_merge_point(0, 0, '103<main.rpyeffect:103([then#252])>+2: {"op": "Push". "target": 102. "args": {"num": []. "ptr": [2. 3. 1]}}')
debug_merge_point(0, 0, '103<main.rpyeffect:103([then#252])>+3: {"op": "Jump". "target": 4}')
debug_merge_point(0, 0, '4<main.rpyeffect:4(Name(infixEq71))>+0: {"op": "PrimOp". "name": "infixEq(Int. Int): Boolean". "out": {"num": [0]. "ptr": []}. "in": {"num": [0. 1]. "ptr": []}}')
+572: i41 = int_eq(i39, 0)
guard_true(i41, descr=<Guard0x1102de3e0>) [p2, i7, i9, i11, i13, p16, p18, p20, p22, p24, p26, p28, p0, p1, p3, p4]
debug_merge_point(0, 0, '4<main.rpyeffect:4(Name(infixEq71))>+1: {"op": "Return". "args": {"num": [0]. "ptr": []}}')
debug_merge_point(0, 0, '102<main.rpyeffect:102([k@[then#252]#257])>+0: {"op": "Swap". "type": "ptr". "a": 1. "b". 0}')
debug_merge_point(0, 0, '102<main.rpyeffect:102([k@[then#252]#257])>+1: {"op": "Swap". "type": "ptr". "a": 2. "b". 0}')
debug_merge_point(0, 0, '102<main.rpyeffect:102([k@[then#252]#257])>+2: {"op": "IfZero". "cond": 0. "then": {"tag": null. "target": 100. "args": {"num": []. "ptr": []}}}')
debug_merge_point(0, 0, '102<main.rpyeffect:102([k@[then#252]#257])>+3: {"op": "Load". "out": 0. "type": "num". "ref": 1}')
+580: i42 = getfield_gc_i(p33, descr=<FieldS rpyeffect.region.NumRef.inst_value 8>)
debug_merge_point(0, 0, '102<main.rpyeffect:102([k@[then#252]#257])>+4: {"op": "Const". "type": "num". "out": 1. "value": 1}')
debug_merge_point(0, 0, '102<main.rpyeffect:102([k@[then#252]#257])>+5: {"op": "Push". "target": 101. "args": {"num": []. "ptr": [1. 2. 0]}}')
debug_merge_point(0, 0, '102<main.rpyeffect:102([k@[then#252]#257])>+6: {"op": "Jump". "target": 6}')
debug_merge_point(0, 0, '6<main.rpyeffect:6(Name(infixAdd95))>+0: {"op": "PrimOp". "name": "infixAdd(Int. Int): Int". "out": {"num": [0]. "ptr": []}. "in": {"num": [0. 1]. "ptr": []}}')
+584: i44 = int_add(i42, 1)
debug_merge_point(0, 0, '6<main.rpyeffect:6(Name(infixAdd95))>+1: {"op": "Return". "args": {"num": [0]. "ptr": []}}')
debug_merge_point(0, 0, '101<main.rpyeffect:101([k@[k@[then#252]#257]#272])>+0: {"op": "Store". "ref": 0. "type": "num". "value": 0}')
debug_merge_point(0, 0, '101<main.rpyeffect:101([k@[k@[then#252]#257]#272])>+1: {"op": "Construct". "out": 3. "type": Interned(Unit). "tag": Interned(unit). "args": {"num": []. "ptr": []}}')
debug_merge_point(0, 0, '101<main.rpyeffect:101([k@[k@[then#252]#257]#272])>+2: {"op": "Load". "out": 0. "type": "num". "ref": 0}')
debug_merge_point(0, 0, '101<main.rpyeffect:101([k@[k@[then#252]#257]#272])>+3: {"op": "Store". "ref": 1. "type": "num". "value": 0}')
+588: setfield_gc(p33, i44, descr=<FieldS rpyeffect.region.NumRef.inst_value 8>)
debug_merge_point(0, 0, '101<main.rpyeffect:101([k@[k@[then#252]#257]#272])>+4: {"op": "Construct". "out": 0. "type": Interned(Unit). "tag": Interned(unit). "args": {"num": []. "ptr": []}}')
debug_merge_point(0, 0, '101<main.rpyeffect:101([k@[k@[then#252]#257]#272])>+5: {"op": "Const". "type": "num". "out": 0. "value": 10}')
debug_merge_point(0, 0, '101<main.rpyeffect:101([k@[k@[then#252]#257]#272])>+6: {"op": "Copy". "type": "ptr". "from": 2. "to". 0}')
debug_merge_point(0, 0, '101<main.rpyeffect:101([k@[k@[then#252]#257]#272])>+7: {"op": "Jump". "target": 78}')
debug_merge_point(0, 0, '78<main.rpyeffect:78(Name(resume1215124407))>+0: {"op": "PushStack". "arg": 0}')
+592: setfield_gc(p34, i44, descr=<FieldS rpyeffect.region.NumRef.inst_value 8>)
+596: guard_isnull(p4, descr=<Guard0x1102b2a18>) [p2, i11, i13, p35, p34, p24, p26, p28, p0, p36, p3, p4]
+608: guard_nonnull_class(p35, 4299206376, descr=<Guard0x1102b2a70>) [p2, i11, i13, p35, p34, p24, p26, p28, p0, p36, p3, p4]
+632: p46 = getfield_gc_r(p35, descr=<FieldP rpyeffect.stack.MetaStack.inst_region 24 pure>)
+636: guard_isnull(p46, descr=<Guard0x1102de420>) [p2, i11, i13, p35, p34, p24, p26, p28, p0, p36, p3, p4]
+644: p47 = getfield_gc_r(p35, descr=<FieldP rpyeffect.stack.MetaStackLike.inst_stack 8 pure>)
+648: p48 = getfield_gc_r(p35, descr=<FieldP rpyeffect.stack.MetaStack.inst_tail 32 pure>)
+652: guard_isnull(p48, descr=<Guard0x1102de460>) [p2, i11, i13, p35, p34, p24, p26, p28, p0, p36, p3, p4]
+660: p49 = getfield_gc_r(p35, descr=<FieldP rpyeffect.stack.MetaStack.inst_label 16 pure>)
+664: guard_nonnull(p47, descr=<Guard0x1102de4a0>) [p2, i11, i13, p35, p34, p24, p26, p28, p0, p36, p3, p4]
+672: i50 = getfield_gc_i(p47, descr=<FieldS rpyeffect.stored_environment.Stack__arb_arb.inst_target 16 pure>)
+676: guard_value(i50, 39, descr=<Guard0x1102de4e0>) [p2, i11, i13, p35, p34, p24, p26, p28, p0, p36, p3, p4]
debug_merge_point(0, 0, '78<main.rpyeffect:78(Name(resume1215124407))>+1: {"op": "Return". "args": {"num": [0]. "ptr": []}}')
+688: i52 = getfield_gc_i(p47, descr=<FieldS rpyeffect.stored_environment.Stack__1_3.inst_values_num_0 40 pure>)
+692: p53 = getfield_gc_r(p47, descr=<FieldP rpyeffect.stored_environment.Stack__1_3.inst_values_ptr_0 48 pure>)
+696: p54 = getfield_gc_r(p47, descr=<FieldP rpyeffect.stored_environment.Stack__1_3.inst_values_ptr_1 56 pure>)
+700: p55 = getfield_gc_r(p47, descr=<FieldP rpyeffect.stored_environment.Stack__1_3.inst_values_ptr_2 64 pure>)
+704: p56 = getfield_gc_r(p47, descr=<FieldP rpyeffect.stored_environment.Stack__arb_arb.inst_tail 8 pure>)
+708: guard_nonnull(p56, descr=<Guard0x1102de520>) [p2, i11, i13, p35, p34, p24, p26, p28, p0, p36, p3, p4]
+716: i57 = getfield_gc_i(p56, descr=<FieldS rpyeffect.stored_environment.Stack__arb_arb.inst_target 16 pure>)
+720: guard_value(i57, 97, descr=<Guard0x1102de560>) [p2, i11, i13, p35, p34, p24, p26, p28, p0, p36, p3, p4]
debug_merge_point(0, 0, '39<main.rpyeffect:39([k@Name(parse2642)#44])>+0: {"op": "Const". "type": "num". "out": 2. "value": 36}')
debug_merge_point(0, 0, '39<main.rpyeffect:39([k@Name(parse2642)#44])>+1: {"op": "Push". "target": 38. "args": {"num": [1. 0]. "ptr": [0. 1. 2]}}')
debug_merge_point(0, 0, '39<main.rpyeffect:39([k@Name(parse2642)#44])>+2: {"op": "Copy". "type": "num". "from": 2. "to". 1}')
debug_merge_point(0, 0, '39<main.rpyeffect:39([k@Name(parse2642)#44])>+3: {"op": "Jump". "target": 4}')
debug_merge_point(0, 0, '4<main.rpyeffect:4(Name(infixEq71))>+0: {"op": "PrimOp". "name": "infixEq(Int. Int): Boolean". "out": {"num": [0]. "ptr": []}. "in": {"num": [0. 1]. "ptr": []}}')
debug_merge_point(0, 0, '4<main.rpyeffect:4(Name(infixEq71))>+1: {"op": "Return". "args": {"num": [0]. "ptr": []}}')
debug_merge_point(0, 0, '38<main.rpyeffect:38([k@[k@Name(parse2642)#44]#48])>+0: {"op": "Swap". "type": "num". "a": 0. "b". 1}')
debug_merge_point(0, 0, '38<main.rpyeffect:38([k@[k@Name(parse2642)#44]#48])>+1: {"op": "Swap". "type": "num". "a": 2. "b". 1}')
debug_merge_point(0, 0, '38<main.rpyeffect:38([k@[k@Name(parse2642)#44]#48])>+2: {"op": "Swap". "type": "ptr". "a": 2. "b". 0}')
debug_merge_point(0, 0, '38<main.rpyeffect:38([k@[k@Name(parse2642)#44]#48])>+3: {"op": "IfZero". "cond": 2. "then": {"tag": null. "target": 36. "args": {"num": []. "ptr": []}}}')
debug_merge_point(0, 0, '36<main.rpyeffect:36([then#49])>+0: {"op": "Const". "type": "num". "out": 2. "value": 10}')
debug_merge_point(0, 0, '36<main.rpyeffect:36([then#49])>+1: {"op": "Push". "target": 35. "args": {"num": [0]. "ptr": [2. 1. 0]}}')
debug_merge_point(0, 0, '36<main.rpyeffect:36([then#49])>+2: {"op": "Copy". "type": "num". "from": 1. "to". 0}')
debug_merge_point(0, 0, '36<main.rpyeffect:36([then#49])>+3: {"op": "Copy". "type": "num". "from": 2. "to". 1}')
debug_merge_point(0, 0, '36<main.rpyeffect:36([then#49])>+4: {"op": "Jump". "target": 4}')
debug_merge_point(0, 0, '4<main.rpyeffect:4(Name(infixEq71))>+0: {"op": "PrimOp". "name": "infixEq(Int. Int): Boolean". "out": {"num": [0]. "ptr": []}. "in": {"num": [0. 1]. "ptr": []}}')
debug_merge_point(0, 0, '4<main.rpyeffect:4(Name(infixEq71))>+1: {"op": "Return". "args": {"num": [0]. "ptr": []}}')
debug_merge_point(0, 0, '35<main.rpyeffect:35([k@[then#49]#53])>+0: {"op": "Swap". "type": "num". "a": 0. "b". 1}')
debug_merge_point(0, 0, '35<main.rpyeffect:35([k@[then#49]#53])>+1: {"op": "Swap". "type": "ptr". "a": 1. "b". 0}')
debug_merge_point(0, 0, '35<main.rpyeffect:35([k@[then#49]#53])>+2: {"op": "Swap". "type": "ptr". "a": 2. "b". 0}')
debug_merge_point(0, 0, '35<main.rpyeffect:35([k@[then#49]#53])>+3: {"op": "IfZero". "cond": 1. "then": {"tag": null. "target": 33. "args": {"num": []. "ptr": []}}}')
debug_merge_point(0, 0, '35<main.rpyeffect:35([k@[then#49]#53])>+4: {"op": "Push". "target": 34. "args": {"num": []. "ptr": [1. 2. 0]}}')
debug_merge_point(0, 0, '35<main.rpyeffect:35([k@[then#49]#53])>+5: {"op": "Copy". "type": "ptr". "from": 1. "to". 0}')
debug_merge_point(0, 0, '35<main.rpyeffect:35([k@[then#49]#53])>+6: {"op": "Jump". "target": 32}')
debug_merge_point(0, 0, '32<main.rpyeffect:32([mcore:[#27]#42])>+0: {"op": "Invoke". "receiver": 0. "tag": Interned(%Emit2655(n):p). "args" : {"num": [0]. "ptr": []}}')
+732: p59 = getfield_gc_r(p53, descr=<FieldP rpyeffect.stored_environment.CoData__arb_arb.inst_vtable 24 pure>)
+740: guard_value(p59, ConstPtr(ptr60), descr=<Guard0x1102de5a0>) [p2, i11, i13, p35, p34, p24, p26, p28, p0, p36, p3, p4]
+748: p61 = getfield_gc_r(p53, descr=<FieldP rpyeffect.stored_environment.CoData__0_2.inst_values_ptr_0 32 pure>)
+752: p62 = getfield_gc_r(p53, descr=<FieldP rpyeffect.stored_environment.CoData__0_2.inst_values_ptr_1 40 pure>)
debug_merge_point(0, 0, '88<main.rpyeffect:88([#191])>+0: {"op": "Const". "type": "num". "out": 1. "value": 0}')
debug_merge_point(0, 0, '88<main.rpyeffect:88([#191])>+1: {"op": "ShiftDyn". "out": 1. "n": 1. "label": 1}')
+756: i63 = getfield_gc_i(p49, descr=<FieldS rpyeffect.stack.Label.inst_origin 8 pure>)
+760: guard_value(i63, 120855, descr=<Guard0x1102de5e0>) [p2, i11, i13, p35, p34, p24, p26, p28, p0, p36, p3, p4]
+780: i65 = getfield_gc_i(p62, descr=<FieldS rpyeffect.stack.Label.inst_origin 8 pure>)
+784: guard_value(i65, 120836, descr=<Guard0x1102de620>) [p2, i11, i13, p35, p34, p24, p26, p28, p0, p36, p3, p4]
+800: i67 = getfield_gc_i(p0, descr=<FieldS rpyeffect.stack.Label.inst_origin 8 pure>)
+808: guard_value(i67, 120851, descr=<Guard0x1102de660>) [p2, i11, i13, p35, p34, p24, p26, p28, p0, p36, p3, p4]
+828: p69 = getfield_gc_r(p3, descr=<FieldP rpyeffect.stack.MetaStack.inst_region 24 pure>)
+836: guard_isnull(p69, descr=<Guard0x1102de6a0>) [p2, i11, i13, p35, p34, p24, p26, p28, p0, p36, p3, p4]
+844: p70 = getfield_gc_r(p3, descr=<FieldP rpyeffect.stack.MetaStack.inst_label 16 pure>)
+848: i71 = getfield_gc_i(p70, descr=<FieldS rpyeffect.stack.Label.inst_origin 8 pure>)
+856: guard_value(i71, 120846, descr=<Guard0x1102de6e0>) [p2, i11, i13, p35, p34, p24, p26, p28, p0, p36, p3, p4]
+876: p73 = getfield_gc_r(p3, descr=<FieldP rpyeffect.stack.MetaStack.inst_tail 32 pure>)
+880: p74 = getfield_gc_r(p73, descr=<FieldP rpyeffect.stack.MetaStack.inst_region 24 pure>)
+884: guard_isnull(p74, descr=<Guard0x1102de720>) [p2, i11, i13, p35, p34, p24, p26, p28, p0, p36, p3, p4]
+892: p75 = getfield_gc_r(p73, descr=<FieldP rpyeffect.stack.MetaStack.inst_label 16 pure>)
+896: i76 = getfield_gc_i(p75, descr=<FieldS rpyeffect.stack.Label.inst_origin 8 pure>)
+904: guard_value(i76, 120841, descr=<Guard0x1102de760>) [p2, i11, i13, p35, p34, p24, p26, p28, p0, p36, p3, p4]
+924: p78 = getfield_gc_r(p73, descr=<FieldP rpyeffect.stack.MetaStack.inst_tail 32 pure>)
+928: p79 = getfield_gc_r(p78, descr=<FieldP rpyeffect.stack.MetaStack.inst_region 24 pure>)
+932: guard_isnull(p79, descr=<Guard0x1102de7a0>) [p2, i11, i13, p35, p34, p24, p26, p28, p0, p36, p3, p4]
+940: p80 = getfield_gc_r(p78, descr=<FieldP rpyeffect.stack.MetaStack.inst_label 16 pure>)
+944: i81 = getfield_gc_i(p80, descr=<FieldS rpyeffect.stack.Label.inst_origin 8 pure>)
+952: guard_value(i81, 120836, descr=<Guard0x1102de7e0>) [p2, i11, i13, p35, p34, p24, p26, p28, p0, p36, p3, p4]
+972: i83 = instance_ptr_eq(p80, p62)
guard_true(i83, descr=<Guard0x1102de820>) [p2, i11, i13, p35, p34, p24, p26, p28, p0, p36, p3, p4]
+980: p84 = getfield_gc_r(p78, descr=<FieldP rpyeffect.stack.MetaStackLike.inst_stack 8 pure>)
+984: guard_class(p78, 4299206376, descr=<Guard0x1102de860>) [p2, i11, i13, p35, p34, p24, p26, p28, p0, p36, p3, p4]
+1000: p86 = getfield_gc_r(p78, descr=<FieldP rpyeffect.stack.MetaStack.inst_tail 32 pure>)
+1004: p87 = getfield_gc_r(p73, descr=<FieldP rpyeffect.stack.MetaStackLike.inst_stack 8 pure>)
+1008: guard_class(p73, 4299206376, descr=<Guard0x1102de8a0>) [p2, i11, i13, p35, p34, p24, p26, p28, p0, p36, p3, p4]
+1024: p89 = getfield_gc_r(p3, descr=<FieldP rpyeffect.stack.MetaStackLike.inst_stack 8 pure>)
+1028: guard_class(p3, 4299206376, descr=<Guard0x1102de8e0>) [p2, i11, i13, p35, p34, p24, p26, p28, p0, p36, p3, p4]
+1044: guard_nonnull_class(p86, 4299206376, descr=<Guard0x1102b2ac8>) [p2, i11, i13, p35, p34, p24, p26, p28, p0, p36, p3, p4]
+1068: p92 = getfield_gc_r(p86, descr=<FieldP rpyeffect.stack.MetaStackLike.inst_stack 8 pure>)
+1072: p93 = getfield_gc_r(p86, descr=<FieldP rpyeffect.stack.MetaStack.inst_label 16 pure>)
+1076: p94 = getfield_gc_r(p86, descr=<FieldP rpyeffect.stack.MetaStack.inst_tail 32 pure>)
+1080: guard_nonnull(p92, descr=<Guard0x1102de920>) [p2, i11, i13, p35, p34, p24, p26, p28, p0, p36, p3, p4]
+1088: i95 = getfield_gc_i(p92, descr=<FieldS rpyeffect.stored_environment.Stack__arb_arb.inst_target 16 pure>)
+1096: guard_value(i95, 84, descr=<Guard0x1102de960>) [p2, i11, i13, p35, p34, p24, p26, p28, p0, p36, p3, p4]
debug_merge_point(0, 0, '88<main.rpyeffect:88([#191])>+2: {"op": "Load". "out": 1. "type": "num". "ref": 0}')
+1108: i97 = getfield_gc_i(p61, descr=<FieldS rpyeffect.region.NumRef.inst_value 8>)
debug_merge_point(0, 0, '88<main.rpyeffect:88([#191])>+3: {"op": "Push". "target": 87. "args": {"num": []. "ptr": [0. 1]}}')
debug_merge_point(0, 0, '88<main.rpyeffect:88([#191])>+4: {"op": "Swap". "type": "num". "a": 0. "b". 1}')
debug_merge_point(0, 0, '88<main.rpyeffect:88([#191])>+5: {"op": "Jump". "target": 6}')
debug_merge_point(0, 0, '6<main.rpyeffect:6(Name(infixAdd95))>+0: {"op": "PrimOp". "name": "infixAdd(Int. Int): Int". "out": {"num": [0]. "ptr": []}. "in": {"num": [0. 1]. "ptr": []}}')
+1112: i98 = int_add(i97, i52)
debug_merge_point(0, 0, '6<main.rpyeffect:6(Name(infixAdd95))>+1: {"op": "Return". "args": {"num": [0]. "ptr": []}}')
debug_merge_point(0, 0, '87<main.rpyeffect:87([k@[#191]#199])>+0: {"op": "Store". "ref": 0. "type": "num". "value": 0}')
debug_merge_point(0, 0, '87<main.rpyeffect:87([k@[#191]#199])>+1: {"op": "Construct". "out": 0. "type": Interned(Unit). "tag": Interned(unit). "args": {"num": []. "ptr": []}}')
debug_merge_point(0, 0, '87<main.rpyeffect:87([k@[#191]#199])>+2: {"op": "Construct". "out": 0. "type": Interned(Unit). "tag": Interned(unit). "args": {"num": []. "ptr": []}}')
debug_merge_point(0, 0, '87<main.rpyeffect:87([k@[#191]#199])>+3: {"op": "Jump". "target": 76}')
debug_merge_point(0, 0, '76<main.rpyeffect:76(Name(resume84196))>+0: {"op": "PushStack". "arg": 1}')
debug_merge_point(0, 0, '76<main.rpyeffect:76(Name(resume84196))>+1: {"op": "Return". "args": {"num": []. "ptr": [0]}}')
debug_merge_point(0, 0, '34<main.rpyeffect:34([k@[k@[then#49]#53]#56])>+0: {"op": "Const". "type": "num". "out": 0. "value": 0}')
debug_merge_point(0, 0, '34<main.rpyeffect:34([k@[k@[then#49]#53]#56])>+1: {"op": "Copy". "type": "ptr". "from": 2. "to". 0}')
debug_merge_point(0, 0, '34<main.rpyeffect:34([k@[k@[then#49]#53]#56])>+2: {"op": "Copy". "type": "ptr". "from": 3. "to". 2}')
debug_merge_point(0, 0, '34<main.rpyeffect:34([k@[k@[then#49]#53]#56])>+3: {"op": "Jump". "target": 40}')
debug_merge_point(0, 0, '40<main.rpyeffect:40(Name(parse2642))>+0: {"op": "Push". "target": 39. "args": {"num": [0]. "ptr": [1. 0. 2]}}')
debug_merge_point(0, 0, '40<main.rpyeffect:40(Name(parse2642))>+1: {"op": "Jump". "target": 30}')
+1116: setfield_gc(p61, i98, descr=<FieldS rpyeffect.region.NumRef.inst_value 8>)
+1120: p99 = new_with_vtable(descr=<SizeDescr 72>)
+1228: p100 = new_with_vtable(descr=<SizeDescr 40>)
+1240: p101 = new_with_vtable(descr=<SizeDescr 40>)
+1252: setfield_gc(p101, p89, descr=<FieldP rpyeffect.stack.MetaStackLike.inst_stack 8 pure>)
+1256: setfield_gc(p101, p70, descr=<FieldP rpyeffect.stack.MetaStack.inst_label 16 pure>)
+1260: setfield_gc(p101, ConstPtr(null), descr=<FieldP rpyeffect.stack.MetaStack.inst_region 24 pure>)
+1268: p103 = new_with_vtable(descr=<SizeDescr 40>)
+1280: setfield_gc(p103, p87, descr=<FieldP rpyeffect.stack.MetaStackLike.inst_stack 8 pure>)
+1284: setfield_gc(p103, p75, descr=<FieldP rpyeffect.stack.MetaStack.inst_label 16 pure>)
+1288: setfield_gc(p103, ConstPtr(null), descr=<FieldP rpyeffect.stack.MetaStack.inst_region 24 pure>)
+1296: p105 = new_with_vtable(descr=<SizeDescr 40>)
+1308: setfield_gc(p105, p84, descr=<FieldP rpyeffect.stack.MetaStackLike.inst_stack 8 pure>)
+1312: setfield_gc(p105, p80, descr=<FieldP rpyeffect.stack.MetaStack.inst_label 16 pure>)
+1316: setfield_gc(p105, ConstPtr(null), descr=<FieldP rpyeffect.stack.MetaStack.inst_region 24 pure>)
+1324: p107 = new_with_vtable(descr=<SizeDescr 40>)
+1336: setfield_gc(p107, p92, descr=<FieldP rpyeffect.stack.MetaStackLike.inst_stack 8 pure>)
+1340: setfield_gc(p107, p93, descr=<FieldP rpyeffect.stack.MetaStack.inst_label 16 pure>)
+1344: setfield_gc(p107, ConstPtr(null), descr=<FieldP rpyeffect.stack.MetaStack.inst_region 24 pure>)
+1352: setfield_gc(p107, p94, descr=<FieldP rpyeffect.stack.MetaStack.inst_tail 32 pure>)
+1356: setfield_gc(p105, p107, descr=<FieldP rpyeffect.stack.MetaStack.inst_tail 32 pure>)
+1360: setfield_gc(p103, p105, descr=<FieldP rpyeffect.stack.MetaStack.inst_tail 32 pure>)
+1364: setfield_gc(p101, p103, descr=<FieldP rpyeffect.stack.MetaStack.inst_tail 32 pure>)
+1368: setfield_gc(p99, 39, descr=<FieldS rpyeffect.stored_environment.Stack__arb_arb.inst_target 16 pure>)
+1376: setfield_gc(p99, p56, descr=<FieldP rpyeffect.stored_environment.Stack__arb_arb.inst_tail 8 pure>)
+1380: setfield_gc(p100, ConstPtr(null), descr=<FieldP rpyeffect.stack.MetaStack.inst_region 24 pure>)
+1388: setfield_gc(p100, p36, descr=<FieldP rpyeffect.stack.MetaStackLike.inst_stack 8 pure>)
+1396: setfield_gc(p100, p101, descr=<FieldP rpyeffect.stack.MetaStack.inst_tail 32 pure>)
+1400: setfield_gc(p100, p0, descr=<FieldP rpyeffect.stack.MetaStack.inst_label 16 pure>)
+1408: setfield_gc(p99, 0, descr=<FieldS rpyeffect.stored_environment.Stack__1_3.inst_values_num_0 40 pure>)
+1416: setfield_gc(p99, p53, descr=<FieldP rpyeffect.stored_environment.Stack__1_3.inst_values_ptr_0 48 pure>)
+1420: setfield_gc(p99, p54, descr=<FieldP rpyeffect.stored_environment.Stack__1_3.inst_values_ptr_1 56 pure>)
+1428: setfield_gc(p99, p55, descr=<FieldP rpyeffect.stored_environment.Stack__1_3.inst_values_ptr_2 64 pure>)
+1452: jump(p49, p99, p2, p100, ConstPtr(null), 0, i52, 10, i13, p54, p53, p55, p55, p24, p26, p28, descr=TargetToken(4566222432))
+1624: --end of the loop--
[65bde6] jit-log-opt-loop}
[731807] {jit-log-opt-bridge
# bridge out of Guard 0x1102de160 with 188 ops
[p0, i1, i2, p3, p4, p5, p6, p7, p8, p9, p10, p11, p12, p13, p14]
+312: guard_not_invalidated(descr=<Guard0x1102b2b20>) [p0, i1, i2, p3, p4, p5, p6, p7, p8, p9, p10, p11, p12, p13, p14]
debug_merge_point(0, 0, '30<main.rpyeffect:30([mcore:[#23]#40])>+0: {"op": "Invoke". "receiver": 0. "tag": Interned(%Read2653():n). "args" : {"num": []. "ptr": []}}')
+316: p15 = getfield_gc_r(p3, descr=<FieldP rpyeffect.stored_environment.CoData__arb_arb.inst_vtable 24 pure>)
+324: guard_value(p15, ConstPtr(ptr16), descr=<Guard0x1102de9e0>) [p0, i1, i2, p3, p4, p5, p6, p7, p8, p9, p10, p11, p12, p13, p14]
+332: i17 = getfield_gc_i(p3, descr=<FieldS rpyeffect.stored_environment.CoData__1_4.inst_values_num_0 32 pure>)
+336: p18 = getfield_gc_r(p3, descr=<FieldP rpyeffect.stored_environment.CoData__1_4.inst_values_ptr_0 40 pure>)
+336: p19 = getfield_gc_r(p3, descr=<FieldP rpyeffect.stored_environment.CoData__1_4.inst_values_ptr_1 48 pure>)
+340: p20 = getfield_gc_r(p3, descr=<FieldP rpyeffect.stored_environment.CoData__1_4.inst_values_ptr_2 56 pure>)
+344: p21 = getfield_gc_r(p3, descr=<FieldP rpyeffect.stored_environment.CoData__1_4.inst_values_ptr_3 64 pure>)
debug_merge_point(0, 0, '107<main.rpyeffect:107([#242])>+0: {"op": "Const". "type": "num". "out": 1. "value": 0}')
debug_merge_point(0, 0, '107<main.rpyeffect:107([#242])>+1: {"op": "ShiftDyn". "out": 3. "n": 1. "label": 3}')
+348: i22 = getfield_gc_i(p10, descr=<FieldS rpyeffect.stack.Label.inst_origin 8 pure>)
+352: guard_value(i22, 120855, descr=<Guard0x1102dea20>) [p0, i1, i2, p3, p4, p5, p6, p7, p8, p9, p10, p11, p12, p13, p14]
+368: i24 = getfield_gc_i(p21, descr=<FieldS rpyeffect.stack.Label.inst_origin 8 pure>)
+372: guard_value(i24, 120855, descr=<Guard0x1102dea60>) [p0, i1, i2, p3, p4, p5, p6, p7, p8, p9, p10, p11, p12, p13, p14]
+388: i26 = instance_ptr_eq(p10, p21)
guard_true(i26, descr=<Guard0x1102deaa0>) [p0, i1, i2, p3, p4, p5, p6, p7, p8, p9, p10, p11, p12, p13, p14]
+396: guard_nonnull(p13, descr=<Guard0x1102deae0>) [p0, i1, i2, p3, p4, p5, p6, p7, p8, p9, p10, p11, p12, p13, p14]
+408: i27 = getfield_gc_i(p13, descr=<FieldS rpyeffect.stored_environment.Stack__arb_arb.inst_target 16 pure>)
+416: guard_value(i27, 96, descr=<Guard0x1102deb20>) [p0, i1, i2, p3, p4, p5, p6, p7, p8, p9, p10, p11, p12, p13, p14]
debug_merge_point(0, 0, '107<main.rpyeffect:107([#242])>+2: {"op": "Load". "out": 1. "type": "num". "ref": 1}')
+428: i29 = getfield_gc_i(p19, descr=<FieldS rpyeffect.region.NumRef.inst_value 8>)
debug_merge_point(0, 0, '107<main.rpyeffect:107([#242])>+3: {"op": "Push". "target": 106. "args": {"num": []. "ptr": [0. 1. 2. 3]}}')
debug_merge_point(0, 0, '107<main.rpyeffect:107([#242])>+4: {"op": "Swap". "type": "num". "a": 0. "b". 1}')
debug_merge_point(0, 0, '107<main.rpyeffect:107([#242])>+5: {"op": "Jump". "target": 10}')
debug_merge_point(0, 0, '10<main.rpyeffect:10(Name(infixGt174))>+0: {"op": "PrimOp". "name": "infixGt(Int. Int): Boolean". "out": {"num": [0]. "ptr": []}. "in": {"num": [0. 1]. "ptr": []}}')
+432: i30 = int_gt(i29, i17)
guard_false(i30, descr=<Guard0x1102deb60>) [p0, i1, i2, p3, p4, p5, p6, p7, p8, p9, p10, p11, p12, p13, p14]
debug_merge_point(0, 0, '10<main.rpyeffect:10(Name(infixGt174))>+1: {"op": "Return". "args": {"num": [0]. "ptr": []}}')
debug_merge_point(0, 0, '106<main.rpyeffect:106([k@[#242]#250])>+0: {"op": "Swap". "type": "ptr". "a": 2. "b". 1}')
debug_merge_point(0, 0, '106<main.rpyeffect:106([k@[#242]#250])>+1: {"op": "Swap". "type": "ptr". "a": 3. "b". 1}')
debug_merge_point(0, 0, '106<main.rpyeffect:106([k@[#242]#250])>+2: {"op": "IfZero". "cond": 0. "then": {"tag": null. "target": 103. "args": {"num": []. "ptr": []}}}')
debug_merge_point(0, 0, '103<main.rpyeffect:103([then#252])>+0: {"op": "Load". "out": 0. "type": "num". "ref": 3}')
+440: i31 = getfield_gc_i(p20, descr=<FieldS rpyeffect.region.NumRef.inst_value 8>)
debug_merge_point(0, 0, '103<main.rpyeffect:103([then#252])>+1: {"op": "Const". "type": "num". "out": 1. "value": 0}')
debug_merge_point(0, 0, '103<main.rpyeffect:103([then#252])>+2: {"op": "Push". "target": 102. "args": {"num": []. "ptr": [2. 3. 1]}}')
debug_merge_point(0, 0, '103<main.rpyeffect:103([then#252])>+3: {"op": "Jump". "target": 4}')
debug_merge_point(0, 0, '4<main.rpyeffect:4(Name(infixEq71))>+0: {"op": "PrimOp". "name": "infixEq(Int. Int): Boolean". "out": {"num": [0]. "ptr": []}. "in": {"num": [0. 1]. "ptr": []}}')
+444: i33 = int_eq(i31, 0)
guard_true(i33, descr=<Guard0x1102deba0>) [p0, i1, i2, p3, p4, p5, p6, p7, p8, p9, p10, p11, p12, p13, p14]
debug_merge_point(0, 0, '4<main.rpyeffect:4(Name(infixEq71))>+1: {"op": "Return". "args": {"num": [0]. "ptr": []}}')
debug_merge_point(0, 0, '102<main.rpyeffect:102([k@[then#252]#257])>+0: {"op": "Swap". "type": "ptr". "a": 1. "b". 0}')
debug_merge_point(0, 0, '102<main.rpyeffect:102([k@[then#252]#257])>+1: {"op": "Swap". "type": "ptr". "a": 2. "b". 0}')
debug_merge_point(0, 0, '102<main.rpyeffect:102([k@[then#252]#257])>+2: {"op": "IfZero". "cond": 0. "then": {"tag": null. "target": 100. "args": {"num": []. "ptr": []}}}')
debug_merge_point(0, 0, '102<main.rpyeffect:102([k@[then#252]#257])>+3: {"op": "Load". "out": 0. "type": "num". "ref": 1}')
debug_merge_point(0, 0, '102<main.rpyeffect:102([k@[then#252]#257])>+4: {"op": "Const". "type": "num". "out": 1. "value": 1}')
debug_merge_point(0, 0, '102<main.rpyeffect:102([k@[then#252]#257])>+5: {"op": "Push". "target": 101. "args": {"num": []. "ptr": [1. 2. 0]}}')
debug_merge_point(0, 0, '102<main.rpyeffect:102([k@[then#252]#257])>+6: {"op": "Jump". "target": 6}')
debug_merge_point(0, 0, '6<main.rpyeffect:6(Name(infixAdd95))>+0: {"op": "PrimOp". "name": "infixAdd(Int. Int): Int". "out": {"num": [0]. "ptr": []}. "in": {"num": [0. 1]. "ptr": []}}')
+452: i35 = int_add(i29, 1)
debug_merge_point(0, 0, '6<main.rpyeffect:6(Name(infixAdd95))>+1: {"op": "Return". "args": {"num": [0]. "ptr": []}}')
debug_merge_point(0, 0, '101<main.rpyeffect:101([k@[k@[then#252]#257]#272])>+0: {"op": "Store". "ref": 0. "type": "num". "value": 0}')
debug_merge_point(0, 0, '101<main.rpyeffect:101([k@[k@[then#252]#257]#272])>+1: {"op": "Construct". "out": 3. "type": Interned(Unit). "tag": Interned(unit). "args": {"num": []. "ptr": []}}')
debug_merge_point(0, 0, '101<main.rpyeffect:101([k@[k@[then#252]#257]#272])>+2: {"op": "Load". "out": 0. "type": "num". "ref": 0}')
debug_merge_point(0, 0, '101<main.rpyeffect:101([k@[k@[then#252]#257]#272])>+3: {"op": "Store". "ref": 1. "type": "num". "value": 0}')
+456: setfield_gc(p19, i35, descr=<FieldS rpyeffect.region.NumRef.inst_value 8>)
debug_merge_point(0, 0, '101<main.rpyeffect:101([k@[k@[then#252]#257]#272])>+4: {"op": "Construct". "out": 0. "type": Interned(Unit). "tag": Interned(unit). "args": {"num": []. "ptr": []}}')
debug_merge_point(0, 0, '101<main.rpyeffect:101([k@[k@[then#252]#257]#272])>+5: {"op": "Const". "type": "num". "out": 0. "value": 10}')
debug_merge_point(0, 0, '101<main.rpyeffect:101([k@[k@[then#252]#257]#272])>+6: {"op": "Copy". "type": "ptr". "from": 2. "to". 0}')
debug_merge_point(0, 0, '101<main.rpyeffect:101([k@[k@[then#252]#257]#272])>+7: {"op": "Jump". "target": 78}')
debug_merge_point(0, 0, '78<main.rpyeffect:78(Name(resume1215124407))>+0: {"op": "PushStack". "arg": 0}')
debug_merge_point(0, 0, '78<main.rpyeffect:78(Name(resume1215124407))>+1: {"op": "Return". "args": {"num": [0]. "ptr": []}}')
+460: setfield_gc(p20, i35, descr=<FieldS rpyeffect.region.NumRef.inst_value 8>)
+464: guard_nonnull(p14, descr=<Guard0x1102b2b78>) [p0, i1, i2, p4, p3, p5, p7, p8, p9, p10, p14, p11, p12, p13, None]
+476: i37 = getfield_gc_i(p14, descr=<FieldS rpyeffect.stored_environment.Stack__arb_arb.inst_target 16 pure>)
+484: guard_value(i37, 97, descr=<Guard0x1102debe0>) [p0, i1, i2, p4, p3, p5, p7, p8, p9, p10, p14, p11, p12, p13, None]
debug_merge_point(0, 0, '39<main.rpyeffect:39([k@Name(parse2642)#44])>+0: {"op": "Const". "type": "num". "out": 2. "value": 36}')
debug_merge_point(0, 0, '39<main.rpyeffect:39([k@Name(parse2642)#44])>+1: {"op": "Push". "target": 38. "args": {"num": [1. 0]. "ptr": [0. 1. 2]}}')
debug_merge_point(0, 0, '39<main.rpyeffect:39([k@Name(parse2642)#44])>+2: {"op": "Copy". "type": "num". "from": 2. "to". 1}')
debug_merge_point(0, 0, '39<main.rpyeffect:39([k@Name(parse2642)#44])>+3: {"op": "Jump". "target": 4}')
debug_merge_point(0, 0, '4<main.rpyeffect:4(Name(infixEq71))>+0: {"op": "PrimOp". "name": "infixEq(Int. Int): Boolean". "out": {"num": [0]. "ptr": []}. "in": {"num": [0. 1]. "ptr": []}}')
debug_merge_point(0, 0, '4<main.rpyeffect:4(Name(infixEq71))>+1: {"op": "Return". "args": {"num": [0]. "ptr": []}}')
debug_merge_point(0, 0, '38<main.rpyeffect:38([k@[k@Name(parse2642)#44]#48])>+0: {"op": "Swap". "type": "num". "a": 0. "b". 1}')
debug_merge_point(0, 0, '38<main.rpyeffect:38([k@[k@Name(parse2642)#44]#48])>+1: {"op": "Swap". "type": "num". "a": 2. "b". 1}')
debug_merge_point(0, 0, '38<main.rpyeffect:38([k@[k@Name(parse2642)#44]#48])>+2: {"op": "Swap". "type": "ptr". "a": 2. "b". 0}')
debug_merge_point(0, 0, '38<main.rpyeffect:38([k@[k@Name(parse2642)#44]#48])>+3: {"op": "IfZero". "cond": 2. "then": {"tag": null. "target": 36. "args": {"num": []. "ptr": []}}}')
debug_merge_point(0, 0, '36<main.rpyeffect:36([then#49])>+0: {"op": "Const". "type": "num". "out": 2. "value": 10}')
debug_merge_point(0, 0, '36<main.rpyeffect:36([then#49])>+1: {"op": "Push". "target": 35. "args": {"num": [0]. "ptr": [2. 1. 0]}}')
debug_merge_point(0, 0, '36<main.rpyeffect:36([then#49])>+2: {"op": "Copy". "type": "num". "from": 1. "to". 0}')
debug_merge_point(0, 0, '36<main.rpyeffect:36([then#49])>+3: {"op": "Copy". "type": "num". "from": 2. "to". 1}')
debug_merge_point(0, 0, '36<main.rpyeffect:36([then#49])>+4: {"op": "Jump". "target": 4}')
debug_merge_point(0, 0, '4<main.rpyeffect:4(Name(infixEq71))>+0: {"op": "PrimOp". "name": "infixEq(Int. Int): Boolean". "out": {"num": [0]. "ptr": []}. "in": {"num": [0. 1]. "ptr": []}}')
debug_merge_point(0, 0, '4<main.rpyeffect:4(Name(infixEq71))>+1: {"op": "Return". "args": {"num": [0]. "ptr": []}}')
debug_merge_point(0, 0, '35<main.rpyeffect:35([k@[then#49]#53])>+0: {"op": "Swap". "type": "num". "a": 0. "b". 1}')
debug_merge_point(0, 0, '35<main.rpyeffect:35([k@[then#49]#53])>+1: {"op": "Swap". "type": "ptr". "a": 1. "b". 0}')
debug_merge_point(0, 0, '35<main.rpyeffect:35([k@[then#49]#53])>+2: {"op": "Swap". "type": "ptr". "a": 2. "b". 0}')
debug_merge_point(0, 0, '35<main.rpyeffect:35([k@[then#49]#53])>+3: {"op": "IfZero". "cond": 1. "then": {"tag": null. "target": 33. "args": {"num": []. "ptr": []}}}')
debug_merge_point(0, 0, '35<main.rpyeffect:35([k@[then#49]#53])>+4: {"op": "Push". "target": 34. "args": {"num": []. "ptr": [1. 2. 0]}}')
debug_merge_point(0, 0, '35<main.rpyeffect:35([k@[then#49]#53])>+5: {"op": "Copy". "type": "ptr". "from": 1. "to". 0}')
debug_merge_point(0, 0, '35<main.rpyeffect:35([k@[then#49]#53])>+6: {"op": "Jump". "target": 32}')
debug_merge_point(0, 0, '32<main.rpyeffect:32([mcore:[#27]#42])>+0: {"op": "Invoke". "receiver": 0. "tag": Interned(%Emit2655(n):p). "args" : {"num": [0]. "ptr": []}}')
+496: p39 = getfield_gc_r(p4, descr=<FieldP rpyeffect.stored_environment.CoData__arb_arb.inst_vtable 24 pure>)
+508: guard_value(p39, ConstPtr(ptr40), descr=<Guard0x1102dec20>) [p0, i1, i2, p4, p3, p5, p7, p8, p9, p10, p14, p11, p12, p13, None]
+516: p41 = getfield_gc_r(p4, descr=<FieldP rpyeffect.stored_environment.CoData__0_2.inst_values_ptr_0 32 pure>)
+520: p42 = getfield_gc_r(p4, descr=<FieldP rpyeffect.stored_environment.CoData__0_2.inst_values_ptr_1 40 pure>)
debug_merge_point(0, 0, '88<main.rpyeffect:88([#191])>+0: {"op": "Const". "type": "num". "out": 1. "value": 0}')
debug_merge_point(0, 0, '88<main.rpyeffect:88([#191])>+1: {"op": "ShiftDyn". "out": 1. "n": 1. "label": 1}')
+524: i43 = getfield_gc_i(p42, descr=<FieldS rpyeffect.stack.Label.inst_origin 8 pure>)
+528: guard_value(i43, 120836, descr=<Guard0x1102dec60>) [p0, i1, i2, p4, p3, p5, p7, p8, p9, p10, p14, p11, p12, p13, None]
+544: i45 = getfield_gc_i(p12, descr=<FieldS rpyeffect.stack.Label.inst_origin 8 pure>)
+552: guard_value(i45, 120851, descr=<Guard0x1102deca0>) [p0, i1, i2, p4, p3, p5, p7, p8, p9, p10, p14, p11, p12, p13, None]
+568: p47 = getfield_gc_r(p11, descr=<FieldP rpyeffect.stack.MetaStack.inst_region 24 pure>)
+576: guard_isnull(p47, descr=<Guard0x1102dece0>) [p0, i1, i2, p4, p3, p5, p7, p8, p9, p10, p14, p11, p12, p13, None]
+584: p48 = getfield_gc_r(p11, descr=<FieldP rpyeffect.stack.MetaStack.inst_label 16 pure>)
+588: i49 = getfield_gc_i(p48, descr=<FieldS rpyeffect.stack.Label.inst_origin 8 pure>)
+592: guard_value(i49, 120846, descr=<Guard0x1102ded20>) [p0, i1, i2, p4, p3, p5, p7, p8, p9, p10, p14, p11, p12, p13, None]
+608: p51 = getfield_gc_r(p11, descr=<FieldP rpyeffect.stack.MetaStack.inst_tail 32 pure>)
+612: p52 = getfield_gc_r(p51, descr=<FieldP rpyeffect.stack.MetaStack.inst_region 24 pure>)
+616: guard_isnull(p52, descr=<Guard0x1102ded60>) [p0, i1, i2, p4, p3, p5, p7, p8, p9, p10, p14, p11, p12, p13, None]
+624: p53 = getfield_gc_r(p51, descr=<FieldP rpyeffect.stack.MetaStack.inst_label 16 pure>)
+628: i54 = getfield_gc_i(p53, descr=<FieldS rpyeffect.stack.Label.inst_origin 8 pure>)
+632: guard_value(i54, 120841, descr=<Guard0x1102deda0>) [p0, i1, i2, p4, p3, p5, p7, p8, p9, p10, p14, p11, p12, p13, None]
+648: p56 = getfield_gc_r(p51, descr=<FieldP rpyeffect.stack.MetaStack.inst_tail 32 pure>)
+652: p57 = getfield_gc_r(p56, descr=<FieldP rpyeffect.stack.MetaStack.inst_region 24 pure>)
+656: guard_isnull(p57, descr=<Guard0x1102dede0>) [p0, i1, i2, p4, p3, p5, p7, p8, p9, p10, p14, p11, p12, p13, None]
+664: p58 = getfield_gc_r(p56, descr=<FieldP rpyeffect.stack.MetaStack.inst_label 16 pure>)
+668: i59 = getfield_gc_i(p58, descr=<FieldS rpyeffect.stack.Label.inst_origin 8 pure>)
+672: guard_value(i59, 120836, descr=<Guard0x1102dee20>) [p0, i1, i2, p4, p3, p5, p7, p8, p9, p10, p14, p11, p12, p13, None]
+692: i61 = instance_ptr_eq(p58, p42)
guard_true(i61, descr=<Guard0x1102dee60>) [p0, i1, i2, p4, p3, p5, p7, p8, p9, p10, p14, p11, p12, p13, None]
+700: p62 = getfield_gc_r(p56, descr=<FieldP rpyeffect.stack.MetaStackLike.inst_stack 8 pure>)
+704: guard_class(p56, 4299206376, descr=<Guard0x1102deea0>) [p0, i1, i2, p4, p3, p5, p7, p8, p9, p10, p14, p11, p12, p13, None]
+720: p64 = getfield_gc_r(p56, descr=<FieldP rpyeffect.stack.MetaStack.inst_tail 32 pure>)
+724: p65 = getfield_gc_r(p51, descr=<FieldP rpyeffect.stack.MetaStackLike.inst_stack 8 pure>)
+728: guard_class(p51, 4299206376, descr=<Guard0x1102deee0>) [p0, i1, i2, p4, p3, p5, p7, p8, p9, p10, p14, p11, p12, p13, None]
+744: p67 = getfield_gc_r(p11, descr=<FieldP rpyeffect.stack.MetaStackLike.inst_stack 8 pure>)
+748: guard_class(p11, 4299206376, descr=<Guard0x1102def20>) [p0, i1, i2, p4, p3, p5, p7, p8, p9, p10, p14, p11, p12, p13, None]
+764: guard_nonnull_class(p64, 4299206376, descr=<Guard0x1102b2bd0>) [p0, i1, i2, p4, p3, p5, p7, p8, p9, p10, p14, p11, p12, p13, None]
+788: p70 = getfield_gc_r(p64, descr=<FieldP rpyeffect.stack.MetaStackLike.inst_stack 8 pure>)
+792: p71 = getfield_gc_r(p64, descr=<FieldP rpyeffect.stack.MetaStack.inst_label 16 pure>)
+796: p72 = getfield_gc_r(p64, descr=<FieldP rpyeffect.stack.MetaStack.inst_tail 32 pure>)
+800: guard_nonnull(p70, descr=<Guard0x1102def60>) [p0, i1, i2, p4, p3, p5, p7, p8, p9, p10, p14, p11, p12, p13, None]
+808: i73 = getfield_gc_i(p70, descr=<FieldS rpyeffect.stored_environment.Stack__arb_arb.inst_target 16 pure>)
+816: guard_value(i73, 84, descr=<Guard0x1102defa0>) [p0, i1, i2, p4, p3, p5, p7, p8, p9, p10, p14, p11, p12, p13, None]
debug_merge_point(0, 0, '88<main.rpyeffect:88([#191])>+2: {"op": "Load". "out": 1. "type": "num". "ref": 0}')
+828: i75 = getfield_gc_i(p41, descr=<FieldS rpyeffect.region.NumRef.inst_value 8>)
debug_merge_point(0, 0, '88<main.rpyeffect:88([#191])>+3: {"op": "Push". "target": 87. "args": {"num": []. "ptr": [0. 1]}}')
debug_merge_point(0, 0, '88<main.rpyeffect:88([#191])>+4: {"op": "Swap". "type": "num". "a": 0. "b". 1}')
debug_merge_point(0, 0, '88<main.rpyeffect:88([#191])>+5: {"op": "Jump". "target": 6}')
debug_merge_point(0, 0, '6<main.rpyeffect:6(Name(infixAdd95))>+0: {"op": "PrimOp". "name": "infixAdd(Int. Int): Int". "out": {"num": [0]. "ptr": []}. "in": {"num": [0. 1]. "ptr": []}}')
+832: i76 = int_add(i75, i1)
debug_merge_point(0, 0, '6<main.rpyeffect:6(Name(infixAdd95))>+1: {"op": "Return". "args": {"num": [0]. "ptr": []}}')
debug_merge_point(0, 0, '87<main.rpyeffect:87([k@[#191]#199])>+0: {"op": "Store". "ref": 0. "type": "num". "value": 0}')
debug_merge_point(0, 0, '87<main.rpyeffect:87([k@[#191]#199])>+1: {"op": "Construct". "out": 0. "type": Interned(Unit). "tag": Interned(unit). "args": {"num": []. "ptr": []}}')
debug_merge_point(0, 0, '87<main.rpyeffect:87([k@[#191]#199])>+2: {"op": "Construct". "out": 0. "type": Interned(Unit). "tag": Interned(unit). "args": {"num": []. "ptr": []}}')
debug_merge_point(0, 0, '87<main.rpyeffect:87([k@[#191]#199])>+3: {"op": "Jump". "target": 76}')
debug_merge_point(0, 0, '76<main.rpyeffect:76(Name(resume84196))>+0: {"op": "PushStack". "arg": 1}')
debug_merge_point(0, 0, '76<main.rpyeffect:76(Name(resume84196))>+1: {"op": "Return". "args": {"num": []. "ptr": [0]}}')
debug_merge_point(0, 0, '34<main.rpyeffect:34([k@[k@[then#49]#53]#56])>+0: {"op": "Const". "type": "num". "out": 0. "value": 0}')
debug_merge_point(0, 0, '34<main.rpyeffect:34([k@[k@[then#49]#53]#56])>+1: {"op": "Copy". "type": "ptr". "from": 2. "to". 0}')
debug_merge_point(0, 0, '34<main.rpyeffect:34([k@[k@[then#49]#53]#56])>+2: {"op": "Copy". "type": "ptr". "from": 3. "to". 2}')
debug_merge_point(0, 0, '34<main.rpyeffect:34([k@[k@[then#49]#53]#56])>+3: {"op": "Jump". "target": 40}')
debug_merge_point(0, 0, '40<main.rpyeffect:40(Name(parse2642))>+0: {"op": "Push". "target": 39. "args": {"num": [0]. "ptr": [1. 0. 2]}}')
debug_merge_point(0, 0, '40<main.rpyeffect:40(Name(parse2642))>+1: {"op": "Jump". "target": 30}')
+836: setfield_gc(p41, i76, descr=<FieldS rpyeffect.region.NumRef.inst_value 8>)
+840: p77 = new_with_vtable(descr=<SizeDescr 72>)
+952: p78 = new_with_vtable(descr=<SizeDescr 40>)
+964: p79 = new_with_vtable(descr=<SizeDescr 40>)
+980: setfield_gc(p79, p67, descr=<FieldP rpyeffect.stack.MetaStackLike.inst_stack 8 pure>)
+984: setfield_gc(p79, p48, descr=<FieldP rpyeffect.stack.MetaStack.inst_label 16 pure>)
+988: setfield_gc(p79, ConstPtr(null), descr=<FieldP rpyeffect.stack.MetaStack.inst_region 24 pure>)
+996: p81 = new_with_vtable(descr=<SizeDescr 40>)
+1008: setfield_gc(p81, p65, descr=<FieldP rpyeffect.stack.MetaStackLike.inst_stack 8 pure>)
+1012: setfield_gc(p81, p53, descr=<FieldP rpyeffect.stack.MetaStack.inst_label 16 pure>)
+1016: setfield_gc(p81, ConstPtr(null), descr=<FieldP rpyeffect.stack.MetaStack.inst_region 24 pure>)
+1024: p83 = new_with_vtable(descr=<SizeDescr 40>)
+1036: setfield_gc(p83, p62, descr=<FieldP rpyeffect.stack.MetaStackLike.inst_stack 8 pure>)
+1040: setfield_gc(p83, p58, descr=<FieldP rpyeffect.stack.MetaStack.inst_label 16 pure>)
+1044: setfield_gc(p83, ConstPtr(null), descr=<FieldP rpyeffect.stack.MetaStack.inst_region 24 pure>)
+1052: p85 = new_with_vtable(descr=<SizeDescr 40>)
+1064: setfield_gc(p85, p70, descr=<FieldP rpyeffect.stack.MetaStackLike.inst_stack 8 pure>)
+1068: setfield_gc(p85, p71, descr=<FieldP rpyeffect.stack.MetaStack.inst_label 16 pure>)
+1072: setfield_gc(p85, ConstPtr(null), descr=<FieldP rpyeffect.stack.MetaStack.inst_region 24 pure>)
+1080: setfield_gc(p85, p72, descr=<FieldP rpyeffect.stack.MetaStack.inst_tail 32 pure>)
+1088: setfield_gc(p83, p85, descr=<FieldP rpyeffect.stack.MetaStack.inst_tail 32 pure>)
+1092: setfield_gc(p81, p83, descr=<FieldP rpyeffect.stack.MetaStack.inst_tail 32 pure>)
+1096: setfield_gc(p79, p81, descr=<FieldP rpyeffect.stack.MetaStack.inst_tail 32 pure>)
+1100: setfield_gc(p77, 39, descr=<FieldS rpyeffect.stored_environment.Stack__arb_arb.inst_target 16 pure>)
+1108: setfield_gc(p78, ConstPtr(null), descr=<FieldP rpyeffect.stack.MetaStack.inst_region 24 pure>)
+1116: setfield_gc(p78, p12, descr=<FieldP rpyeffect.stack.MetaStack.inst_label 16 pure>)
+1120: setfield_gc(p78, p79, descr=<FieldP rpyeffect.stack.MetaStack.inst_tail 32 pure>)
+1124: setfield_gc(p78, p13, descr=<FieldP rpyeffect.stack.MetaStackLike.inst_stack 8 pure>)
+1128: setfield_gc(p77, p14, descr=<FieldP rpyeffect.stored_environment.Stack__arb_arb.inst_tail 8 pure>)
+1132: setfield_gc(p77, 0, descr=<FieldS rpyeffect.stored_environment.Stack__1_3.inst_values_num_0 40 pure>)
+1140: setfield_gc(p77, p4, descr=<FieldP rpyeffect.stored_environment.Stack__1_3.inst_values_ptr_0 48 pure>)
+1144: setfield_gc(p77, p3, descr=<FieldP rpyeffect.stored_environment.Stack__1_3.inst_values_ptr_1 56 pure>)
+1152: setfield_gc(p77, p5, descr=<FieldP rpyeffect.stored_environment.Stack__1_3.inst_values_ptr_2 64 pure>)
+1176: jump(p10, p77, p0, p78, ConstPtr(null), 0, i1, 10, i2, p3, p4, p5, p5, p7, p8, p9, descr=TargetToken(4566222432))
+1252: --end of the loop--
[74f87f] jit-log-opt-bridge}
[194f8f6a] {jit-summary
Tracing:      	3	0.002167
Backend:      	3	0.000583
TOTAL:      		0.420962
ops:             	9657
heapcached ops:  	1457
recorded ops:    	1786
  calls:         	268
guards:          	389
opt ops:         	560
opt guards:      	84
opt guards shared:	73
forcings:        	0
abort: trace too long:	0
abort: compiling:	0
abort: vable escape:	0
abort: bad loop: 	0
abort: force quasi-immut:	0
abort: segmenting trace:	0
virtualizables forced:	0
nvirtuals:       	8
nvholes:         	0
nvreused:        	0
vecopt tried:    	0
vecopt success:  	0
Total # of loops:	2
Total # of bridges:	1
Freed # of loops:	0
Freed # of bridges:	0
[194fbcfd] jit-summary}
