[4c5ef1] {jit-log-opt-loop
# Loop 1 (74<main.rpyeffect:74([match_Node2647@Name(iterate54066)#165])>+1: {"op": "Swap", "type": "ptr", "a": 1, "b", 0}) : loop with 48 ops
[p0, p1, p2, p3, p4]
+216: p5 = getfield_gc_r(p2, descr=<FieldP rpyeffect.environment.Environment.inst_values_num 16>)
+224: i7 = getarrayitem_gc_i(p5, 0, descr=<ArrayS 8>)
+228: i9 = getarrayitem_gc_i(p5, 1, descr=<ArrayS 8>)
+232: i11 = getarrayitem_gc_i(p5, 2, descr=<ArrayS 8>)
+236: i13 = getarrayitem_gc_i(p5, 3, descr=<ArrayS 8>)
+240: p14 = getfield_gc_r(p2, descr=<FieldP rpyeffect.environment.Environment.inst_values_ptr 24>)
+244: p16 = getarrayitem_gc_r(p14, 0, descr=<ArrayP 8>)
+248: p18 = getarrayitem_gc_r(p14, 1, descr=<ArrayP 8>)
+252: p20 = getarrayitem_gc_r(p14, 2, descr=<ArrayP 8>)
+256: p22 = getarrayitem_gc_r(p14, 3, descr=<ArrayP 8>)
+260: p24 = getarrayitem_gc_r(p14, 4, descr=<ArrayP 8>)
+264: p26 = getarrayitem_gc_r(p14, 5, descr=<ArrayP 8>)
+268: label(p0, p1, p2, p3, p4, i7, i9, i11, i13, p16, p18, p20, p22, p24, p26, descr=TargetToken(5372839680))
debug_merge_point(0, 0, '74<main.rpyeffect:74([match_Node2647@Name(iterate54066)#165])>+1: {"op": "Swap". "type": "ptr". "a": 1. "b". 0}')
+300: guard_not_invalidated(descr=<Guard0x1403f2700>) [p2, i7, i9, i11, i13, p16, p18, p20, p22, p24, p26, p0, p1, p3, p4]
debug_merge_point(0, 0, '74<main.rpyeffect:74([match_Node2647@Name(iterate54066)#165])>+2: {"op": "Jump". "target": 75}')
debug_merge_point(0, 0, '75<main.rpyeffect:75(Name(iterate54066))>+0: {"op": "Swap". "type": "ptr". "a": 1. "b". 0}')
debug_merge_point(0, 0, '75<main.rpyeffect:75(Name(iterate54066))>+1: {"op": "Match". "type": Interned(Tree2631). "scrutinee": 1. "clauses": [{"tag": Interned(Leaf2646). "target": 71. "args": {"num": []. "ptr": []}}. {"tag": Interned(Node2647). "target": 74. "args": {"num": [0]. "ptr": [1. 2]}}]. "default": {"tag": Interned(40c674ed-af7f-4423-9f8e-7c526dca557d#[Missing Tag#368]). "target": 70. "args": {"num": []. "ptr": []}}}')
+304: p27 = getfield_gc_r(p18, descr=<FieldP rpyeffect.stored_environment.Data__arb_arb.inst_tag 8>)
+312: guard_value(p27, ConstPtr(ptr28), descr=<Guard0x1403ed720>) [p2, i7, i9, i11, i13, p16, p18, p20, p22, p24, p26, p0, p1, p3, p4]
+320: i29 = getfield_gc_i(p18, descr=<FieldS rpyeffect.stored_environment.Data__1_2.inst_values_num_0 32 pure>)
+324: p30 = getfield_gc_r(p18, descr=<FieldP rpyeffect.stored_environment.Data__1_2.inst_values_ptr_0 40 pure>)
+328: p31 = getfield_gc_r(p18, descr=<FieldP rpyeffect.stored_environment.Data__1_2.inst_values_ptr_1 48 pure>)
+332: guard_nonnull(p1, descr=<Guard0x1403ed760>) [p2, i7, i9, i11, i13, p16, p18, p20, p22, p24, p26, p0, p1, p3, p4]
+344: i32 = getfield_gc_i(p1, descr=<FieldS rpyeffect.stored_environment.Stack__arb_arb.inst_target 16 pure>)
+352: guard_value(i32, 73, descr=<Guard0x1403ed7a0>) [p2, i7, i9, i11, i13, p16, p18, p20, p22, p24, p26, p0, p1, p3, p4]
debug_merge_point(0, 0, '74<main.rpyeffect:74([match_Node2647@Name(iterate54066)#165])>+0: {"op": "Push". "target": 73. "args": {"num": [0]. "ptr": [0. 2]}}')
debug_merge_point(0, 0, '74<main.rpyeffect:74([match_Node2647@Name(iterate54066)#165])>+1: {"op": "Swap". "type": "ptr". "a": 1. "b". 0}')
+364: label(p0, p1, i29, p16, p31, p2, p3, p4, i9, i11, i13, p30, p22, p24, p26, descr=TargetToken(5372839760))
debug_merge_point(0, 0, '74<main.rpyeffect:74([match_Node2647@Name(iterate54066)#165])>+1: {"op": "Swap". "type": "ptr". "a": 1. "b". 0}')
+364: guard_not_invalidated(descr=<Guard0x1403f2758>) [p2, i29, i9, i11, i13, p16, p30, p31, p22, p24, p26, p0, p3, p4, p1]
debug_merge_point(0, 0, '74<main.rpyeffect:74([match_Node2647@Name(iterate54066)#165])>+2: {"op": "Jump". "target": 75}')
debug_merge_point(0, 0, '75<main.rpyeffect:75(Name(iterate54066))>+0: {"op": "Swap". "type": "ptr". "a": 1. "b". 0}')
debug_merge_point(0, 0, '75<main.rpyeffect:75(Name(iterate54066))>+1: {"op": "Match". "type": Interned(Tree2631). "scrutinee": 1. "clauses": [{"tag": Interned(Leaf2646). "target": 71. "args": {"num": []. "ptr": []}}. {"tag": Interned(Node2647). "target": 74. "args": {"num": [0]. "ptr": [1. 2]}}]. "default": {"tag": Interned(40c674ed-af7f-4423-9f8e-7c526dca557d#[Missing Tag#368]). "target": 70. "args": {"num": []. "ptr": []}}}')
+368: p34 = getfield_gc_r(p30, descr=<FieldP rpyeffect.stored_environment.Data__arb_arb.inst_tag 8>)
+376: guard_value(p34, ConstPtr(ptr35), descr=<Guard0x1403ed7e0>) [p2, i29, i9, i11, i13, p16, p30, p31, p22, p24, p26, p0, p3, p4, p1]
+384: i36 = getfield_gc_i(p30, descr=<FieldS rpyeffect.stored_environment.Data__1_2.inst_values_num_0 32 pure>)
+388: p37 = getfield_gc_r(p30, descr=<FieldP rpyeffect.stored_environment.Data__1_2.inst_values_ptr_0 40 pure>)
+392: p38 = getfield_gc_r(p30, descr=<FieldP rpyeffect.stored_environment.Data__1_2.inst_values_ptr_1 48 pure>)
debug_merge_point(0, 0, '74<main.rpyeffect:74([match_Node2647@Name(iterate54066)#165])>+0: {"op": "Push". "target": 73. "args": {"num": [0]. "ptr": [0. 2]}}')
debug_merge_point(0, 0, '74<main.rpyeffect:74([match_Node2647@Name(iterate54066)#165])>+1: {"op": "Swap". "type": "ptr". "a": 1. "b". 0}')
+396: p39 = new_with_vtable(descr=<SizeDescr 64>)
+504: setfield_gc(p39, 73, descr=<FieldS rpyeffect.stored_environment.Stack__arb_arb.inst_target 16 pure>)
+512: setfield_gc(p39, p1, descr=<FieldP rpyeffect.stored_environment.Stack__arb_arb.inst_tail 8 pure>)
+516: setfield_gc(p39, i29, descr=<FieldS rpyeffect.stored_environment.Stack__1_2.inst_values_num_0 40 pure>)
+520: setfield_gc(p39, p16, descr=<FieldP rpyeffect.stored_environment.Stack__1_2.inst_values_ptr_0 48 pure>)
+524: setfield_gc(p39, p31, descr=<FieldP rpyeffect.stored_environment.Stack__1_2.inst_values_ptr_1 56 pure>)
+544: jump(p0, p39, i36, p16, p38, p2, p3, p4, i9, i11, i13, p37, p22, p24, p26, descr=TargetToken(5372839760))
+564: --end of the loop--
[4d89c5] jit-log-opt-loop}
[5adb1d] {jit-log-opt-loop
# Loop 2 (71<main.rpyeffect:71([match_Leaf2646@Name(iterate54066)#163])>+0: {"op": "Construct", "out": 0, "type": Interned(Unit), "tag": Interned(unit), "args": {"num": [], "ptr": []}}) : entry bridge with 170 ops
[p0, p1, p2, p3, p4]
+392: p5 = getfield_gc_r(p2, descr=<FieldP rpyeffect.environment.Environment.inst_values_num 16>)
+400: i7 = getarrayitem_gc_i(p5, 0, descr=<ArrayS 8>)
+404: i9 = getarrayitem_gc_i(p5, 1, descr=<ArrayS 8>)
+408: i11 = getarrayitem_gc_i(p5, 2, descr=<ArrayS 8>)
+412: i13 = getarrayitem_gc_i(p5, 3, descr=<ArrayS 8>)
+416: p14 = getfield_gc_r(p2, descr=<FieldP rpyeffect.environment.Environment.inst_values_ptr 24>)
+420: p16 = getarrayitem_gc_r(p14, 0, descr=<ArrayP 8>)
+424: p18 = getarrayitem_gc_r(p14, 1, descr=<ArrayP 8>)
+428: p20 = getarrayitem_gc_r(p14, 2, descr=<ArrayP 8>)
+432: p22 = getarrayitem_gc_r(p14, 3, descr=<ArrayP 8>)
+436: p24 = getarrayitem_gc_r(p14, 4, descr=<ArrayP 8>)
+440: p26 = getarrayitem_gc_r(p14, 5, descr=<ArrayP 8>)
debug_merge_point(0, 0, '71<main.rpyeffect:71([match_Leaf2646@Name(iterate54066)#163])>+0: {"op": "Construct". "out": 0. "type": Interned(Unit). "tag": Interned(unit). "args": {"num": []. "ptr": []}}')
+444: guard_not_invalidated(descr=<Guard0x1403f2910>) [p2, i7, i9, i11, i13, p16, p18, p20, p22, p24, p26, p0, p1, p3, p4]
debug_merge_point(0, 0, '71<main.rpyeffect:71([match_Leaf2646@Name(iterate54066)#163])>+1: {"op": "Return". "args": {"num": []. "ptr": [0]}}')
+448: guard_nonnull(p1, descr=<Guard0x140414b60>) [p2, i7, i9, i11, i13, p16, p18, p20, p22, p24, p26, p0, p1, p3, p4]
+460: i27 = getfield_gc_i(p1, descr=<FieldS rpyeffect.stored_environment.Stack__arb_arb.inst_target 16 pure>)
+468: guard_value(i27, 73, descr=<Guard0x140414b20>) [p2, i7, i9, i11, i13, p16, p18, p20, p22, p24, p26, p0, p1, p3, p4]
+480: i29 = getfield_gc_i(p1, descr=<FieldS rpyeffect.stored_environment.Stack__1_2.inst_values_num_0 40 pure>)
+484: p30 = getfield_gc_r(p1, descr=<FieldP rpyeffect.stored_environment.Stack__1_2.inst_values_ptr_0 48 pure>)
+488: p31 = getfield_gc_r(p1, descr=<FieldP rpyeffect.stored_environment.Stack__1_2.inst_values_ptr_1 56 pure>)
+492: p32 = getfield_gc_r(p1, descr=<FieldP rpyeffect.stored_environment.Stack__arb_arb.inst_tail 8 pure>)
debug_merge_point(0, 0, '73<main.rpyeffect:73([#167])>+0: {"op": "Push". "target": 72. "args": {"num": []. "ptr": [1. 2]}}')
debug_merge_point(0, 0, '73<main.rpyeffect:73([#167])>+1: {"op": "Copy". "type": "ptr". "from": 1. "to". 0}')
debug_merge_point(0, 0, '73<main.rpyeffect:73([#167])>+2: {"op": "Jump". "target": 69}')
debug_merge_point(0, 0, '69<main.rpyeffect:69([mcore:[#74]#161])>+0: {"op": "Invoke". "receiver": 0. "tag": Interned(%yield2645(n):p). "args" : {"num": [0]. "ptr": []}}')
+496: p33 = getfield_gc_r(p30, descr=<FieldP rpyeffect.stored_environment.CoData__arb_arb.inst_vtable 24 pure>)
+508: guard_value(p33, ConstPtr(ptr34), descr=<Guard0x140414ae0>) [p2, i7, i9, i11, i13, p16, p18, p20, p22, p24, p26, p0, p1, p3, p4]
+516: p35 = getfield_gc_r(p30, descr=<FieldP rpyeffect.stored_environment.CoData__0_3.inst_values_ptr_0 32 pure>)
+520: p36 = getfield_gc_r(p30, descr=<FieldP rpyeffect.stored_environment.CoData__0_3.inst_values_ptr_1 40 pure>)
+524: p37 = getfield_gc_r(p30, descr=<FieldP rpyeffect.stored_environment.CoData__0_3.inst_values_ptr_2 48 pure>)
debug_merge_point(0, 0, '110<main.rpyeffect:110([#245])>+0: {"op": "Const". "type": "num". "out": 1. "value": 0}')
debug_merge_point(0, 0, '110<main.rpyeffect:110([#245])>+1: {"op": "ShiftDyn". "out": 1. "n": 1. "label": 1}')
+532: guard_isnull(p4, descr=<Guard0x140414aa0>) [p2, i7, i9, i11, i13, p16, p18, p20, p22, p24, p26, p0, p1, p3, p4]
+544: i38 = getfield_gc_i(p0, descr=<FieldS rpyeffect.stack.Label.inst_origin 8 pure>)
+560: guard_value(i38, 119811, descr=<Guard0x140414a60>) [p2, i7, i9, i11, i13, p16, p18, p20, p22, p24, p26, p0, p1, p3, p4]
+580: i40 = getfield_gc_i(p36, descr=<FieldS rpyeffect.stack.Label.inst_origin 8 pure>)
+584: guard_value(i40, 119811, descr=<Guard0x140414a20>) [p2, i7, i9, i11, i13, p16, p18, p20, p22, p24, p26, p0, p1, p3, p4]
+600: i42 = instance_ptr_eq(p0, p36)
guard_true(i42, descr=<Guard0x1404149e0>) [p2, i7, i9, i11, i13, p16, p18, p20, p22, p24, p26, p0, p1, p3, p4]
+608: guard_nonnull_class(p3, 4340002536, descr=<Guard0x1403f2968>) [p2, i7, i9, i11, i13, p16, p18, p20, p22, p24, p26, p0, p1, p3, p4]
+636: p44 = getfield_gc_r(p3, descr=<FieldP rpyeffect.stack.MetaStackLike.inst_stack 8 pure>)
+640: p45 = getfield_gc_r(p3, descr=<FieldP rpyeffect.stack.MetaStack.inst_label 16 pure>)
+644: p46 = getfield_gc_r(p3, descr=<FieldP rpyeffect.stack.MetaStack.inst_tail 32 pure>)
+652: guard_nonnull(p44, descr=<Guard0x1404149a0>) [p2, i7, i9, i11, i13, p16, p18, p20, p22, p24, p26, p0, p1, p3, p4]
+660: i47 = getfield_gc_i(p44, descr=<FieldS rpyeffect.stored_environment.Stack__arb_arb.inst_target 16 pure>)
+668: guard_value(i47, 89, descr=<Guard0x140414960>) [p2, i7, i9, i11, i13, p16, p18, p20, p22, p24, p26, p0, p1, p3, p4]
debug_merge_point(0, 0, '110<main.rpyeffect:110([#245])>+2: {"op": "PrimOp". "name": "box(Num): Ptr". "out": {"num": []. "ptr": [3]}. "in": {"num": [0]. "ptr": []}}')
debug_merge_point(0, 0, '110<main.rpyeffect:110([#245])>+3: {"op": "Construct". "out": 3. "type": Interned(Option687). "tag": Interned(Some743). "args": {"num": []. "ptr": [3]}}')
debug_merge_point(0, 0, '110<main.rpyeffect:110([#245])>+4: {"op": "Push". "target": 109. "args": {"num": []. "ptr": [0. 1]}}')
debug_merge_point(0, 0, '110<main.rpyeffect:110([#245])>+5: {"op": "Copy". "type": "ptr". "from": 3. "to". 0}')
debug_merge_point(0, 0, '110<main.rpyeffect:110([#245])>+6: {"op": "Copy". "type": "ptr". "from": 2. "to". 1}')
debug_merge_point(0, 0, '110<main.rpyeffect:110([#245])>+7: {"op": "Jump". "target": 78}')
debug_merge_point(0, 0, '78<main.rpyeffect:78([mcore:[#76]#171])>+0: {"op": "Store". "ref": 1. "type": "ptr". "value": 0}')
debug_merge_point(0, 0, '78<main.rpyeffect:78([mcore:[#76]#171])>+1: {"op": "Construct". "out": 0. "type": Interned(Unit). "tag": Interned(unit). "args": {"num": []. "ptr": []}}')
debug_merge_point(0, 0, '78<main.rpyeffect:78([mcore:[#76]#171])>+2: {"op": "Return". "args": {"num": []. "ptr": [0]}}')
debug_merge_point(0, 0, '109<main.rpyeffect:109([k@[#245]#257])>+0: {"op": "New". "out": 0. "targets": [108]. "args": {"num": []. "ptr": [2]}}')
debug_merge_point(0, 0, '109<main.rpyeffect:109([k@[#245]#257])>+1: {"op": "Jump". "target": 79}')
debug_merge_point(0, 0, '79<main.rpyeffect:79([mcore:[#77]#173])>+0: {"op": "Store". "ref": 1. "type": "ptr". "value": 0}')
+680: p49 = new_with_vtable(descr=<SizeDescr 40>)
+792: setfield_gc(p49, ConstPtr(ptr50), descr=<FieldP rpyeffect.stored_environment.Data__arb_arb.inst_tag 8>)
+796: p51 = new_with_vtable(descr=<SizeDescr 16>)
+808: setfield_gc(p51, i29, descr=<FieldS rpyeffect.region.NumBox.inst_value 8 pure>)
+812: setfield_gc(p49, p51, descr=<FieldP rpyeffect.stored_environment.Data__0_1.inst_values_ptr_0 32 pure>)
+884: setfield_gc(p37, p49, descr=<FieldP rpyeffect.region.PtrRef.inst_value 8>)
debug_merge_point(0, 0, '79<main.rpyeffect:79([mcore:[#77]#173])>+1: {"op": "Construct". "out": 0. "type": Interned(Unit). "tag": Interned(unit). "args": {"num": []. "ptr": []}}')
debug_merge_point(0, 0, '79<main.rpyeffect:79([mcore:[#77]#173])>+2: {"op": "Return". "args": {"num": []. "ptr": [0]}}')
+904: i52 = getfield_gc_i(p44, descr=<FieldS rpyeffect.stored_environment.Stack__2_1.inst_values_num_0 40 pure>)
+908: i53 = getfield_gc_i(p44, descr=<FieldS rpyeffect.stored_environment.Stack__2_1.inst_values_num_1 48 pure>)
+912: p54 = getfield_gc_r(p44, descr=<FieldP rpyeffect.stored_environment.Stack__2_1.inst_values_ptr_0 56 pure>)
+916: p55 = getfield_gc_r(p44, descr=<FieldP rpyeffect.stored_environment.Stack__arb_arb.inst_tail 8 pure>)
debug_merge_point(0, 0, '89<main.rpyeffect:89([k@[#193]#197])>+0: {"op": "Push". "target": 88. "args": {"num": []. "ptr": [1]}}')
debug_merge_point(0, 0, '89<main.rpyeffect:89([k@[#193]#197])>+1: {"op": "Jump". "target": 6}')
debug_merge_point(0, 0, '6<main.rpyeffect:6(Name(infixAdd95))>+0: {"op": "PrimOp". "name": "infixAdd(Int. Int): Int". "out": {"num": [0]. "ptr": []}. "in": {"num": [0. 1]. "ptr": []}}')
+920: i56 = int_add(i52, i53)
debug_merge_point(0, 0, '6<main.rpyeffect:6(Name(infixAdd95))>+1: {"op": "Return". "args": {"num": [0]. "ptr": []}}')
debug_merge_point(0, 0, '88<main.rpyeffect:88([k@[k@[#193]#197]#199])>+0: {"op": "Jump". "target": 92}')
debug_merge_point(0, 0, '92<main.rpyeffect:92(Name(consumer234073))>+0: {"op": "Push". "target": 91. "args": {"num": [0]. "ptr": [0]}}')
debug_merge_point(0, 0, '92<main.rpyeffect:92(Name(consumer234073))>+1: {"op": "Jump". "target": 84}')
debug_merge_point(0, 0, '84<main.rpyeffect:84([mcore:[#83]#184])>+0: {"op": "Invoke". "receiver": 0. "tag": Interned(%value2654():p). "args" : {"num": []. "ptr": []}}')
+924: p57 = getfield_gc_r(p54, descr=<FieldP rpyeffect.stored_environment.CoData__arb_arb.inst_vtable 24 pure>)
+932: guard_value(p57, ConstPtr(ptr58), descr=<Guard0x1403f28b8>) [p2, i56, i53, i11, i13, p54, p49, p24, p26, p45, p46, p57, p35, p55, p31, p30, p32, p0]
+940: p59 = getfield_gc_r(p54, descr=<FieldP rpyeffect.stored_environment.CoData__0_2.inst_values_ptr_0 32 pure>)
+944: p60 = getfield_gc_r(p54, descr=<FieldP rpyeffect.stored_environment.CoData__0_2.inst_values_ptr_1 40 pure>)
debug_merge_point(0, 0, '100<main.rpyeffect:100([#230])>+0: {"op": "Copy". "type": "ptr". "from": 1. "to". 0}')
debug_merge_point(0, 0, '100<main.rpyeffect:100([#230])>+1: {"op": "Jump". "target": 82}')
debug_merge_point(0, 0, '82<main.rpyeffect:82([mcore:[#81]#180])>+0: {"op": "Load". "out": 0. "type": "ptr". "ref": 0}')
+948: p61 = new_with_vtable(descr=<SizeDescr 40>)
+968: setfield_gc(p61, ConstPtr(ptr62), descr=<FieldP rpyeffect.stored_environment.CoData__arb_arb.inst_vtable 24 pure>)
+972: p63 = new_with_vtable(descr=<SizeDescr 40>)
+992: p64 = new_with_vtable(descr=<SizeDescr 56>)
+1008: setfield_gc(p64, p32, descr=<FieldP rpyeffect.stored_environment.Stack__arb_arb.inst_tail 8 pure>)
+1012: setfield_gc(p64, 72, descr=<FieldS rpyeffect.stored_environment.Stack__arb_arb.inst_target 16 pure>)
+1020: setfield_gc(p64, p30, descr=<FieldP rpyeffect.stored_environment.Stack__0_2.inst_values_ptr_0 40 pure>)
+1024: setfield_gc(p64, p31, descr=<FieldP rpyeffect.stored_environment.Stack__0_2.inst_values_ptr_1 48 pure>)
+1028: setfield_gc(p63, p64, descr=<FieldP rpyeffect.stack.MetaStackLike.inst_stack 8 pure>)
+1032: setfield_gc(p63, p0, descr=<FieldP rpyeffect.stack.MetaStack.inst_label 16 pure>)
+1036: setfield_gc(p63, ConstPtr(null), descr=<FieldP rpyeffect.stack.MetaStack.inst_region 24 pure>)
+1044: setfield_gc(p63, ConstPtr(null), descr=<FieldP rpyeffect.stack.MetaStack.inst_tail 32 pure>)
+1052: setfield_gc(p61, p63, descr=<FieldP rpyeffect.stored_environment.CoData__0_1.inst_values_ptr_0 32 pure>)
+1120: setfield_gc(p35, p61, descr=<FieldP rpyeffect.region.PtrRef.inst_value 8>)
+1156: p68 = getfield_gc_r(p60, descr=<FieldP rpyeffect.region.PtrRef.inst_value 8>)
debug_merge_point(0, 0, '82<main.rpyeffect:82([mcore:[#81]#180])>+1: {"op": "Return". "args": {"num": []. "ptr": [0]}}')
debug_merge_point(0, 0, '91<main.rpyeffect:91([k@Name(consumer234073)#187])>+0: {"op": "Swap". "type": "ptr". "a": 1. "b". 0}')
debug_merge_point(0, 0, '91<main.rpyeffect:91([k@Name(consumer234073)#187])>+1: {"op": "Match". "type": Interned(Option687). "scrutinee": 1. "clauses": [{"tag": Interned(None742). "target": 87. "args": {"num": []. "ptr": []}}. {"tag": Interned(Some743). "target": 90. "args": {"num": []. "ptr": [1]}}]. "default": {"tag": Interned(40c674ed-af7f-4423-9f8e-7c526dca557d#[Missing Tag#369]). "target": 86. "args": {"num": []. "ptr": []}}}')
+1160: p69 = getfield_gc_r(p68, descr=<FieldP rpyeffect.stored_environment.Data__arb_arb.inst_tag 8>)
+1164: guard_value(p69, ConstPtr(ptr70), descr=<Guard0x1403f2808>) [p2, i56, i53, i11, i13, p54, p68, p63, p49, p24, p26, p45, p55, p46, p69, None, None, None, None, None, None]
+1172: p72 = getfield_gc_r(p68, descr=<FieldP rpyeffect.stored_environment.Data__0_1.inst_values_ptr_0 32 pure>)
+1176: guard_nonnull(p55, descr=<Guard0x1404148e0>) [p2, i56, i53, i11, i13, p54, p68, p63, p49, p24, p26, p45, p55, p46, p69, None, None, None, None, None, None]
+1184: i73 = getfield_gc_i(p55, descr=<FieldS rpyeffect.stored_environment.Stack__arb_arb.inst_target 16 pure>)
+1188: guard_value(i73, 96, descr=<Guard0x1404148a0>) [p2, i56, i53, i11, i13, p54, p68, p63, p49, p24, p26, p45, p55, p46, p69, None, None, None, None, None, None]
debug_merge_point(0, 0, '90<main.rpyeffect:90([#193])>+0: {"op": "PrimOp". "name": "unbox(Ptr): Num". "out": {"num": [1]. "ptr": []}. "in": {"num": []. "ptr": [1]}}')
+1200: i75 = getfield_gc_i(p72, descr=<FieldS rpyeffect.region.NumBox.inst_value 8 pure>)
debug_merge_point(0, 0, '90<main.rpyeffect:90([#193])>+1: {"op": "Push". "target": 89. "args": {"num": [0. 1]. "ptr": [0]}}')
debug_merge_point(0, 0, '90<main.rpyeffect:90([#193])>+2: {"op": "Jump". "target": 85}')
debug_merge_point(0, 0, '85<main.rpyeffect:85([mcore:[#84]#185])>+0: {"op": "Invoke". "receiver": 0. "tag": Interned(%next2655():p). "args" : {"num": []. "ptr": []}}')
debug_merge_point(0, 0, '103<main.rpyeffect:103([#234])>+0: {"op": "Push". "target": 102. "args": {"num": []. "ptr": []}}')
debug_merge_point(0, 0, '103<main.rpyeffect:103([#234])>+1: {"op": "Jump". "target": 83}')
debug_merge_point(0, 0, '83<main.rpyeffect:83([mcore:[#82]#182])>+0: {"op": "Load". "out": 0. "type": "ptr". "ref": 0}')
+1204: p76 = getfield_gc_r(p59, descr=<FieldP rpyeffect.region.PtrRef.inst_value 8>)
debug_merge_point(0, 0, '83<main.rpyeffect:83([mcore:[#82]#182])>+1: {"op": "Return". "args": {"num": []. "ptr": [0]}}')
debug_merge_point(0, 0, '102<main.rpyeffect:102([k@[#234]#236])>+0: {"op": "Invoke". "receiver": 0. "tag": Interned(%apply():p). "args" : {"num": []. "ptr": []}}')
+1208: p77 = getfield_gc_r(p76, descr=<FieldP rpyeffect.stored_environment.CoData__arb_arb.inst_vtable 24 pure>)
+1212: guard_value(p77, ConstPtr(ptr78), descr=<Guard0x140414860>) [p2, i56, i53, i11, i13, p54, p68, p63, p49, p24, p26, p45, p55, p46, p69, None, None, None, None, None, None]
+1220: p79 = getfield_gc_r(p76, descr=<FieldP rpyeffect.stored_environment.CoData__0_1.inst_values_ptr_0 32 pure>)
debug_merge_point(0, 0, '108<main.rpyeffect:108([method_%apply():p@[k@[#245]#257]#260])>+0: {"op": "Jump". "target": 80}')
debug_merge_point(0, 0, '80<main.rpyeffect:80([mcore:[#79]#175])>+0: {"op": "Construct". "out": 1. "type": Interned(Unit). "tag": Interned(unit). "args": {"num": []. "ptr": []}}')
debug_merge_point(0, 0, '80<main.rpyeffect:80([mcore:[#79]#175])>+1: {"op": "Swap". "type": "ptr". "a": 1. "b". 0}')
debug_merge_point(0, 0, '80<main.rpyeffect:80([mcore:[#79]#175])>+2: {"op": "Jump". "target": 77}')
debug_merge_point(0, 0, '77<main.rpyeffect:77(Name(resume134133))>+0: {"op": "PushStack". "arg": 1}')
+1224: guard_nonnull_class(p79, 4340002536, descr=<Guard0x1403f2860>) [p2, i56, i53, i11, i13, p54, p68, p63, p49, p24, p26, p45, p55, p46, p69, None, None, None, None, None, None]
+1248: p81 = getfield_gc_r(p79, descr=<FieldP rpyeffect.stack.MetaStack.inst_region 24 pure>)
+1252: guard_isnull(p81, descr=<Guard0x140414820>) [p2, i56, i53, i11, i13, p54, p68, p63, p49, p24, p26, p45, p55, p46, p69, None, None, None, None, None, None]
+1260: p82 = getfield_gc_r(p79, descr=<FieldP rpyeffect.stack.MetaStackLike.inst_stack 8 pure>)
+1264: p83 = getfield_gc_r(p79, descr=<FieldP rpyeffect.stack.MetaStack.inst_tail 32 pure>)
+1268: guard_isnull(p83, descr=<Guard0x1404147e0>) [p2, i56, i53, i11, i13, p54, p68, p63, p49, p24, p26, p45, p55, p46, p69, None, None, None, None, None, None]
+1276: p84 = getfield_gc_r(p79, descr=<FieldP rpyeffect.stack.MetaStack.inst_label 16 pure>)
+1280: guard_nonnull(p82, descr=<Guard0x1404147a0>) [p2, i56, i53, i11, i13, p54, p68, p63, p49, p24, p26, p45, p55, p46, p69, None, None, None, None, None, None]
+1288: i85 = getfield_gc_i(p82, descr=<FieldS rpyeffect.stored_environment.Stack__arb_arb.inst_target 16 pure>)
+1292: guard_value(i85, 72, descr=<Guard0x140414760>) [p2, i56, i53, i11, i13, p54, p68, p63, p49, p24, p26, p45, p55, p46, p69, None, None, None, None, None, None]
debug_merge_point(0, 0, '77<main.rpyeffect:77(Name(resume134133))>+1: {"op": "Return". "args": {"num": []. "ptr": [0]}}')
+1304: p87 = getfield_gc_r(p82, descr=<FieldP rpyeffect.stored_environment.Stack__0_2.inst_values_ptr_0 40 pure>)
+1308: p88 = getfield_gc_r(p82, descr=<FieldP rpyeffect.stored_environment.Stack__0_2.inst_values_ptr_1 48 pure>)
+1312: p89 = getfield_gc_r(p82, descr=<FieldP rpyeffect.stored_environment.Stack__arb_arb.inst_tail 8 pure>)
+1316: guard_nonnull(p89, descr=<Guard0x140414720>) [p2, i56, i53, i11, i13, p54, p68, p63, p49, p24, p26, p45, p55, p46, p69, None, None, None, None, None, None]
+1324: i90 = getfield_gc_i(p89, descr=<FieldS rpyeffect.stored_environment.Stack__arb_arb.inst_target 16 pure>)
+1328: guard_value(i90, 73, descr=<Guard0x1404146e0>) [p2, i56, i53, i11, i13, p54, p68, p63, p49, p24, p26, p45, p55, p46, p69, None, None, None, None, None, None]
debug_merge_point(0, 0, '72<main.rpyeffect:72([k@[#167]#169])>+0: {"op": "Copy". "type": "ptr". "from": 2. "to". 0}')
debug_merge_point(0, 0, '72<main.rpyeffect:72([k@[#167]#169])>+1: {"op": "Jump". "target": 75}')
debug_merge_point(0, 0, '75<main.rpyeffect:75(Name(iterate54066))>+0: {"op": "Swap". "type": "ptr". "a": 1. "b". 0}')
debug_merge_point(0, 0, '75<main.rpyeffect:75(Name(iterate54066))>+1: {"op": "Match". "type": Interned(Tree2631). "scrutinee": 1. "clauses": [{"tag": Interned(Leaf2646). "target": 71. "args": {"num": []. "ptr": []}}. {"tag": Interned(Node2647). "target": 74. "args": {"num": [0]. "ptr": [1. 2]}}]. "default": {"tag": Interned(40c674ed-af7f-4423-9f8e-7c526dca557d#[Missing Tag#368]). "target": 70. "args": {"num": []. "ptr": []}}}')
+1340: p92 = getfield_gc_r(p88, descr=<FieldP rpyeffect.stored_environment.Data__arb_arb.inst_tag 8>)
+1348: guard_value(p92, ConstPtr(ptr93), descr=<Guard0x140414660>) [p2, i56, i53, i11, i13, p54, p68, p63, p49, p24, p26, p45, p55, p46, p69, None, None, None, None, None, None]
+1356: i94 = getfield_gc_i(p88, descr=<FieldS rpyeffect.stored_environment.Data__1_2.inst_values_num_0 32 pure>)
+1360: p95 = getfield_gc_r(p88, descr=<FieldP rpyeffect.stored_environment.Data__1_2.inst_values_ptr_0 40 pure>)
+1364: p96 = getfield_gc_r(p88, descr=<FieldP rpyeffect.stored_environment.Data__1_2.inst_values_ptr_1 48 pure>)
debug_merge_point(0, 0, '74<main.rpyeffect:74([match_Node2647@Name(iterate54066)#165])>+0: {"op": "Push". "target": 73. "args": {"num": [0]. "ptr": [0. 2]}}')
debug_merge_point(0, 0, '74<main.rpyeffect:74([match_Node2647@Name(iterate54066)#165])>+1: {"op": "Swap". "type": "ptr". "a": 1. "b". 0}')
+1368: p97 = new_with_vtable(descr=<SizeDescr 40>)
+1380: p98 = new_with_vtable(descr=<SizeDescr 64>)
+1392: setfield_gc(p98, p55, descr=<FieldP rpyeffect.stored_environment.Stack__arb_arb.inst_tail 8 pure>)
+1396: setfield_gc(p98, 89, descr=<FieldS rpyeffect.stored_environment.Stack__arb_arb.inst_target 16 pure>)
+1404: setfield_gc(p98, i56, descr=<FieldS rpyeffect.stored_environment.Stack__2_1.inst_values_num_0 40 pure>)
+1408: setfield_gc(p98, i75, descr=<FieldS rpyeffect.stored_environment.Stack__2_1.inst_values_num_1 48 pure>)
+1412: setfield_gc(p98, p54, descr=<FieldP rpyeffect.stored_environment.Stack__2_1.inst_values_ptr_0 56 pure>)
+1416: setfield_gc(p97, p98, descr=<FieldP rpyeffect.stack.MetaStackLike.inst_stack 8 pure>)
+1420: setfield_gc(p97, p45, descr=<FieldP rpyeffect.stack.MetaStack.inst_label 16 pure>)
+1428: setfield_gc(p97, p46, descr=<FieldP rpyeffect.stack.MetaStack.inst_tail 32 pure>)
+1436: setfield_gc(p97, ConstPtr(null), descr=<FieldP rpyeffect.stack.MetaStack.inst_region 24 pure>)
+1460: jump(p84, p89, i94, p87, p96, p2, p97, ConstPtr(null), i75, i11, i13, p95, p49, p24, p26, descr=TargetToken(5372839760))
+1608: --end of the loop--
[5d0fe4] jit-log-opt-loop}
[6b0c75] {jit-log-opt-loop
# Loop 3 (90<main.rpyeffect:90([#193])>+2: {"op": "Jump", "target": 85}) : loop with 274 ops
[p0, p1, p2, p3, p4]
+488: p5 = getfield_gc_r(p2, descr=<FieldP rpyeffect.environment.Environment.inst_values_num 16>)
+496: i7 = getarrayitem_gc_i(p5, 0, descr=<ArrayS 8>)
+500: i9 = getarrayitem_gc_i(p5, 1, descr=<ArrayS 8>)
+504: i11 = getarrayitem_gc_i(p5, 2, descr=<ArrayS 8>)
+508: i13 = getarrayitem_gc_i(p5, 3, descr=<ArrayS 8>)
+512: p14 = getfield_gc_r(p2, descr=<FieldP rpyeffect.environment.Environment.inst_values_ptr 24>)
+516: p16 = getarrayitem_gc_r(p14, 0, descr=<ArrayP 8>)
+520: p18 = getarrayitem_gc_r(p14, 1, descr=<ArrayP 8>)
+524: p20 = getarrayitem_gc_r(p14, 2, descr=<ArrayP 8>)
+528: p22 = getarrayitem_gc_r(p14, 3, descr=<ArrayP 8>)
+532: p24 = getarrayitem_gc_r(p14, 4, descr=<ArrayP 8>)
+536: p26 = getarrayitem_gc_r(p14, 5, descr=<ArrayP 8>)
+540: label(p0, p1, p2, p3, p4, i7, i9, i11, i13, p16, p18, p20, p22, p24, p26, descr=TargetToken(5372845840))
debug_merge_point(0, 0, '90<main.rpyeffect:90([#193])>+2: {"op": "Jump". "target": 85}')
+576: guard_not_invalidated(descr=<Guard0x1403f2a18>) [p2, i7, i9, i11, i13, p16, p18, p20, p22, p24, p26, p0, p1, p3, p4]
+580: guard_nonnull(p1, descr=<Guard0x140414ba0>) [p2, i7, i9, i11, i13, p16, p18, p20, p22, p24, p26, p0, p1, p3, p4]
+592: i27 = getfield_gc_i(p1, descr=<FieldS rpyeffect.stored_environment.Stack__arb_arb.inst_target 16 pure>)
+600: guard_value(i27, 89, descr=<Guard0x140414be0>) [p2, i7, i9, i11, i13, p16, p18, p20, p22, p24, p26, p0, p1, p3, p4]
debug_merge_point(0, 0, '85<main.rpyeffect:85([mcore:[#84]#185])>+0: {"op": "Invoke". "receiver": 0. "tag": Interned(%next2655():p). "args" : {"num": []. "ptr": []}}')
+612: p29 = getfield_gc_r(p16, descr=<FieldP rpyeffect.stored_environment.CoData__arb_arb.inst_vtable 24 pure>)
+620: guard_value(p29, ConstPtr(ptr30), descr=<Guard0x140414c20>) [p2, i7, i9, i11, i13, p16, p18, p20, p22, p24, p26, p0, p1, p3, p4]
+628: p31 = getfield_gc_r(p16, descr=<FieldP rpyeffect.stored_environment.CoData__0_2.inst_values_ptr_0 32 pure>)
+632: p32 = getfield_gc_r(p16, descr=<FieldP rpyeffect.stored_environment.CoData__0_2.inst_values_ptr_1 40 pure>)
debug_merge_point(0, 0, '103<main.rpyeffect:103([#234])>+0: {"op": "Push". "target": 102. "args": {"num": []. "ptr": []}}')
debug_merge_point(0, 0, '103<main.rpyeffect:103([#234])>+1: {"op": "Jump". "target": 83}')
debug_merge_point(0, 0, '83<main.rpyeffect:83([mcore:[#82]#182])>+0: {"op": "Load". "out": 0. "type": "ptr". "ref": 0}')
+632: p33 = getfield_gc_r(p31, descr=<FieldP rpyeffect.region.PtrRef.inst_value 8>)
debug_merge_point(0, 0, '83<main.rpyeffect:83([mcore:[#82]#182])>+1: {"op": "Return". "args": {"num": []. "ptr": [0]}}')
debug_merge_point(0, 0, '102<main.rpyeffect:102([k@[#234]#236])>+0: {"op": "Invoke". "receiver": 0. "tag": Interned(%apply():p). "args" : {"num": []. "ptr": []}}')
+636: p34 = getfield_gc_r(p33, descr=<FieldP rpyeffect.stored_environment.CoData__arb_arb.inst_vtable 24 pure>)
+644: guard_value(p34, ConstPtr(ptr35), descr=<Guard0x140414c60>) [p2, i7, i9, i11, i13, p16, p18, p20, p22, p24, p26, p0, p1, p3, p4]
+652: p36 = getfield_gc_r(p33, descr=<FieldP rpyeffect.stored_environment.CoData__0_1.inst_values_ptr_0 32 pure>)
debug_merge_point(0, 0, '108<main.rpyeffect:108([method_%apply():p@[k@[#245]#257]#260])>+0: {"op": "Jump". "target": 80}')
debug_merge_point(0, 0, '80<main.rpyeffect:80([mcore:[#79]#175])>+0: {"op": "Construct". "out": 1. "type": Interned(Unit). "tag": Interned(unit). "args": {"num": []. "ptr": []}}')
debug_merge_point(0, 0, '80<main.rpyeffect:80([mcore:[#79]#175])>+1: {"op": "Swap". "type": "ptr". "a": 1. "b". 0}')
debug_merge_point(0, 0, '80<main.rpyeffect:80([mcore:[#79]#175])>+2: {"op": "Jump". "target": 77}')
debug_merge_point(0, 0, '77<main.rpyeffect:77(Name(resume134133))>+0: {"op": "PushStack". "arg": 1}')
+656: guard_isnull(p4, descr=<Guard0x140414ca0>) [p2, i7, i9, i11, i13, p16, p18, p20, p22, p24, p26, p0, p1, p3, p4]
+668: guard_nonnull_class(p36, 4340002536, descr=<Guard0x1403f2a70>) [p2, i7, i9, i11, i13, p16, p18, p20, p22, p24, p26, p0, p1, p3, p4]
+692: p38 = getfield_gc_r(p36, descr=<FieldP rpyeffect.stack.MetaStack.inst_region 24 pure>)
+696: guard_isnull(p38, descr=<Guard0x140414ce0>) [p2, i7, i9, i11, i13, p16, p18, p20, p22, p24, p26, p0, p1, p3, p4]
+704: p39 = getfield_gc_r(p36, descr=<FieldP rpyeffect.stack.MetaStackLike.inst_stack 8 pure>)
+708: p40 = getfield_gc_r(p36, descr=<FieldP rpyeffect.stack.MetaStack.inst_tail 32 pure>)
+712: guard_isnull(p40, descr=<Guard0x140414d20>) [p2, i7, i9, i11, i13, p16, p18, p20, p22, p24, p26, p0, p1, p3, p4]
+720: p41 = getfield_gc_r(p36, descr=<FieldP rpyeffect.stack.MetaStack.inst_label 16 pure>)
+724: guard_nonnull(p39, descr=<Guard0x140414d60>) [p2, i7, i9, i11, i13, p16, p18, p20, p22, p24, p26, p0, p1, p3, p4]
+732: i42 = getfield_gc_i(p39, descr=<FieldS rpyeffect.stored_environment.Stack__arb_arb.inst_target 16 pure>)
+736: guard_value(i42, 72, descr=<Guard0x140414da0>) [p2, i7, i9, i11, i13, p16, p18, p20, p22, p24, p26, p0, p1, p3, p4]
debug_merge_point(0, 0, '77<main.rpyeffect:77(Name(resume134133))>+1: {"op": "Return". "args": {"num": []. "ptr": [0]}}')
+748: p44 = getfield_gc_r(p39, descr=<FieldP rpyeffect.stored_environment.Stack__0_2.inst_values_ptr_0 40 pure>)
+748: p45 = getfield_gc_r(p39, descr=<FieldP rpyeffect.stored_environment.Stack__0_2.inst_values_ptr_1 48 pure>)
+752: p46 = getfield_gc_r(p39, descr=<FieldP rpyeffect.stored_environment.Stack__arb_arb.inst_tail 8 pure>)
+756: guard_nonnull(p46, descr=<Guard0x140414de0>) [p2, i7, i9, i11, i13, p16, p18, p20, p22, p24, p26, p0, p1, p3, p4]
+764: i47 = getfield_gc_i(p46, descr=<FieldS rpyeffect.stored_environment.Stack__arb_arb.inst_target 16 pure>)
+768: guard_value(i47, 73, descr=<Guard0x140414e20>) [p2, i7, i9, i11, i13, p16, p18, p20, p22, p24, p26, p0, p1, p3, p4]
debug_merge_point(0, 0, '72<main.rpyeffect:72([k@[#167]#169])>+0: {"op": "Copy". "type": "ptr". "from": 2. "to". 0}')
debug_merge_point(0, 0, '72<main.rpyeffect:72([k@[#167]#169])>+1: {"op": "Jump". "target": 75}')
debug_merge_point(0, 0, '75<main.rpyeffect:75(Name(iterate54066))>+0: {"op": "Swap". "type": "ptr". "a": 1. "b". 0}')
debug_merge_point(0, 0, '75<main.rpyeffect:75(Name(iterate54066))>+1: {"op": "Match". "type": Interned(Tree2631). "scrutinee": 1. "clauses": [{"tag": Interned(Leaf2646). "target": 71. "args": {"num": []. "ptr": []}}. {"tag": Interned(Node2647). "target": 74. "args": {"num": [0]. "ptr": [1. 2]}}]. "default": {"tag": Interned(40c674ed-af7f-4423-9f8e-7c526dca557d#[Missing Tag#368]). "target": 70. "args": {"num": []. "ptr": []}}}')
+780: p49 = getfield_gc_r(p45, descr=<FieldP rpyeffect.stored_environment.Data__arb_arb.inst_tag 8>)
+788: guard_value(p49, ConstPtr(ptr50), descr=<Guard0x140414e60>) [p2, i7, i9, i11, i13, p16, p18, p20, p22, p24, p26, p0, p1, p3, p4]
debug_merge_point(0, 0, '71<main.rpyeffect:71([match_Leaf2646@Name(iterate54066)#163])>+0: {"op": "Construct". "out": 0. "type": Interned(Unit). "tag": Interned(unit). "args": {"num": []. "ptr": []}}')
debug_merge_point(0, 0, '71<main.rpyeffect:71([match_Leaf2646@Name(iterate54066)#163])>+1: {"op": "Return". "args": {"num": []. "ptr": [0]}}')
+796: i51 = getfield_gc_i(p46, descr=<FieldS rpyeffect.stored_environment.Stack__1_2.inst_values_num_0 40 pure>)
+800: p52 = getfield_gc_r(p46, descr=<FieldP rpyeffect.stored_environment.Stack__1_2.inst_values_ptr_0 48 pure>)
+804: p53 = getfield_gc_r(p46, descr=<FieldP rpyeffect.stored_environment.Stack__1_2.inst_values_ptr_1 56 pure>)
+808: p54 = getfield_gc_r(p46, descr=<FieldP rpyeffect.stored_environment.Stack__arb_arb.inst_tail 8 pure>)
debug_merge_point(0, 0, '73<main.rpyeffect:73([#167])>+0: {"op": "Push". "target": 72. "args": {"num": []. "ptr": [1. 2]}}')
debug_merge_point(0, 0, '73<main.rpyeffect:73([#167])>+1: {"op": "Copy". "type": "ptr". "from": 1. "to". 0}')
debug_merge_point(0, 0, '73<main.rpyeffect:73([#167])>+2: {"op": "Jump". "target": 69}')
debug_merge_point(0, 0, '69<main.rpyeffect:69([mcore:[#74]#161])>+0: {"op": "Invoke". "receiver": 0. "tag": Interned(%yield2645(n):p). "args" : {"num": [0]. "ptr": []}}')
+812: p55 = getfield_gc_r(p52, descr=<FieldP rpyeffect.stored_environment.CoData__arb_arb.inst_vtable 24 pure>)
+820: guard_value(p55, ConstPtr(ptr56), descr=<Guard0x140414ea0>) [p2, i7, i9, i11, i13, p16, p18, p20, p22, p24, p26, p0, p1, p3, p4]
+828: p57 = getfield_gc_r(p52, descr=<FieldP rpyeffect.stored_environment.CoData__0_3.inst_values_ptr_0 32 pure>)
+832: p58 = getfield_gc_r(p52, descr=<FieldP rpyeffect.stored_environment.CoData__0_3.inst_values_ptr_1 40 pure>)
+836: p59 = getfield_gc_r(p52, descr=<FieldP rpyeffect.stored_environment.CoData__0_3.inst_values_ptr_2 48 pure>)
debug_merge_point(0, 0, '110<main.rpyeffect:110([#245])>+0: {"op": "Const". "type": "num". "out": 1. "value": 0}')
debug_merge_point(0, 0, '110<main.rpyeffect:110([#245])>+1: {"op": "ShiftDyn". "out": 1. "n": 1. "label": 1}')
+840: i60 = getfield_gc_i(p41, descr=<FieldS rpyeffect.stack.Label.inst_origin 8 pure>)
+844: guard_value(i60, 119811, descr=<Guard0x140414ee0>) [p2, i7, i9, i11, i13, p16, p18, p20, p22, p24, p26, p0, p1, p3, p4]
+860: i62 = getfield_gc_i(p58, descr=<FieldS rpyeffect.stack.Label.inst_origin 8 pure>)
+864: guard_value(i62, 119811, descr=<Guard0x140414f20>) [p2, i7, i9, i11, i13, p16, p18, p20, p22, p24, p26, p0, p1, p3, p4]
+880: i64 = instance_ptr_eq(p41, p58)
guard_true(i64, descr=<Guard0x140414f60>) [p2, i7, i9, i11, i13, p16, p18, p20, p22, p24, p26, p0, p1, p3, p4]
debug_merge_point(0, 0, '110<main.rpyeffect:110([#245])>+2: {"op": "PrimOp". "name": "box(Num): Ptr". "out": {"num": []. "ptr": [3]}. "in": {"num": [0]. "ptr": []}}')
debug_merge_point(0, 0, '110<main.rpyeffect:110([#245])>+3: {"op": "Construct". "out": 3. "type": Interned(Option687). "tag": Interned(Some743). "args": {"num": []. "ptr": [3]}}')
debug_merge_point(0, 0, '110<main.rpyeffect:110([#245])>+4: {"op": "Push". "target": 109. "args": {"num": []. "ptr": [0. 1]}}')
debug_merge_point(0, 0, '110<main.rpyeffect:110([#245])>+5: {"op": "Copy". "type": "ptr". "from": 3. "to". 0}')
debug_merge_point(0, 0, '110<main.rpyeffect:110([#245])>+6: {"op": "Copy". "type": "ptr". "from": 2. "to". 1}')
debug_merge_point(0, 0, '110<main.rpyeffect:110([#245])>+7: {"op": "Jump". "target": 78}')
debug_merge_point(0, 0, '78<main.rpyeffect:78([mcore:[#76]#171])>+0: {"op": "Store". "ref": 1. "type": "ptr". "value": 0}')
debug_merge_point(0, 0, '78<main.rpyeffect:78([mcore:[#76]#171])>+1: {"op": "Construct". "out": 0. "type": Interned(Unit). "tag": Interned(unit). "args": {"num": []. "ptr": []}}')
debug_merge_point(0, 0, '78<main.rpyeffect:78([mcore:[#76]#171])>+2: {"op": "Return". "args": {"num": []. "ptr": [0]}}')
debug_merge_point(0, 0, '109<main.rpyeffect:109([k@[#245]#257])>+0: {"op": "New". "out": 0. "targets": [108]. "args": {"num": []. "ptr": [2]}}')
debug_merge_point(0, 0, '109<main.rpyeffect:109([k@[#245]#257])>+1: {"op": "Jump". "target": 79}')
debug_merge_point(0, 0, '79<main.rpyeffect:79([mcore:[#77]#173])>+0: {"op": "Store". "ref": 1. "type": "ptr". "value": 0}')
+888: p65 = new_with_vtable(descr=<SizeDescr 40>)
+1004: setfield_gc(p65, ConstPtr(ptr66), descr=<FieldP rpyeffect.stored_environment.Data__arb_arb.inst_tag 8>)
+1008: p67 = new_with_vtable(descr=<SizeDescr 16>)
+1020: setfield_gc(p67, i51, descr=<FieldS rpyeffect.region.NumBox.inst_value 8 pure>)
+1024: setfield_gc(p65, p67, descr=<FieldP rpyeffect.stored_environment.Data__0_1.inst_values_ptr_0 32 pure>)
+1092: setfield_gc(p59, p65, descr=<FieldP rpyeffect.region.PtrRef.inst_value 8>)
debug_merge_point(0, 0, '79<main.rpyeffect:79([mcore:[#77]#173])>+1: {"op": "Construct". "out": 0. "type": Interned(Unit). "tag": Interned(unit). "args": {"num": []. "ptr": []}}')
debug_merge_point(0, 0, '79<main.rpyeffect:79([mcore:[#77]#173])>+2: {"op": "Return". "args": {"num": []. "ptr": [0]}}')
+1112: i68 = getfield_gc_i(p1, descr=<FieldS rpyeffect.stored_environment.Stack__2_1.inst_values_num_0 40 pure>)
+1116: i69 = getfield_gc_i(p1, descr=<FieldS rpyeffect.stored_environment.Stack__2_1.inst_values_num_1 48 pure>)
+1120: p70 = getfield_gc_r(p1, descr=<FieldP rpyeffect.stored_environment.Stack__2_1.inst_values_ptr_0 56 pure>)
+1124: p71 = getfield_gc_r(p1, descr=<FieldP rpyeffect.stored_environment.Stack__arb_arb.inst_tail 8 pure>)
debug_merge_point(0, 0, '89<main.rpyeffect:89([k@[#193]#197])>+0: {"op": "Push". "target": 88. "args": {"num": []. "ptr": [1]}}')
debug_merge_point(0, 0, '89<main.rpyeffect:89([k@[#193]#197])>+1: {"op": "Jump". "target": 6}')
debug_merge_point(0, 0, '6<main.rpyeffect:6(Name(infixAdd95))>+0: {"op": "PrimOp". "name": "infixAdd(Int. Int): Int". "out": {"num": [0]. "ptr": []}. "in": {"num": [0. 1]. "ptr": []}}')
+1128: i72 = int_add(i68, i69)
debug_merge_point(0, 0, '6<main.rpyeffect:6(Name(infixAdd95))>+1: {"op": "Return". "args": {"num": [0]. "ptr": []}}')
debug_merge_point(0, 0, '88<main.rpyeffect:88([k@[k@[#193]#197]#199])>+0: {"op": "Jump". "target": 92}')
debug_merge_point(0, 0, '92<main.rpyeffect:92(Name(consumer234073))>+0: {"op": "Push". "target": 91. "args": {"num": [0]. "ptr": [0]}}')
debug_merge_point(0, 0, '92<main.rpyeffect:92(Name(consumer234073))>+1: {"op": "Jump". "target": 84}')
debug_merge_point(0, 0, '84<main.rpyeffect:84([mcore:[#83]#184])>+0: {"op": "Invoke". "receiver": 0. "tag": Interned(%value2654():p). "args" : {"num": []. "ptr": []}}')
+1132: p73 = getfield_gc_r(p70, descr=<FieldP rpyeffect.stored_environment.CoData__arb_arb.inst_vtable 24 pure>)
+1136: guard_value(p73, ConstPtr(ptr74), descr=<Guard0x1403f2ac8>) [p2, i72, i69, i11, i13, p70, p65, p24, p26, p0, p3, p73, p57, p71, p53, p52, p54, p41]
+1144: p75 = getfield_gc_r(p70, descr=<FieldP rpyeffect.stored_environment.CoData__0_2.inst_values_ptr_0 32 pure>)
+1148: p76 = getfield_gc_r(p70, descr=<FieldP rpyeffect.stored_environment.CoData__0_2.inst_values_ptr_1 40 pure>)
debug_merge_point(0, 0, '100<main.rpyeffect:100([#230])>+0: {"op": "Copy". "type": "ptr". "from": 1. "to". 0}')
debug_merge_point(0, 0, '100<main.rpyeffect:100([#230])>+1: {"op": "Jump". "target": 82}')
debug_merge_point(0, 0, '82<main.rpyeffect:82([mcore:[#81]#180])>+0: {"op": "Load". "out": 0. "type": "ptr". "ref": 0}')
+1152: p77 = new_with_vtable(descr=<SizeDescr 40>)
+1164: setfield_gc(p77, ConstPtr(ptr78), descr=<FieldP rpyeffect.stored_environment.CoData__arb_arb.inst_vtable 24 pure>)
+1168: p79 = new_with_vtable(descr=<SizeDescr 40>)
+1180: p80 = new_with_vtable(descr=<SizeDescr 56>)
+1196: setfield_gc(p80, p54, descr=<FieldP rpyeffect.stored_environment.Stack__arb_arb.inst_tail 8 pure>)
+1200: setfield_gc(p80, 72, descr=<FieldS rpyeffect.stored_environment.Stack__arb_arb.inst_target 16 pure>)
+1208: setfield_gc(p80, p52, descr=<FieldP rpyeffect.stored_environment.Stack__0_2.inst_values_ptr_0 40 pure>)
+1212: setfield_gc(p80, p53, descr=<FieldP rpyeffect.stored_environment.Stack__0_2.inst_values_ptr_1 48 pure>)
+1216: setfield_gc(p79, p80, descr=<FieldP rpyeffect.stack.MetaStackLike.inst_stack 8 pure>)
+1220: setfield_gc(p79, p41, descr=<FieldP rpyeffect.stack.MetaStack.inst_label 16 pure>)
+1224: setfield_gc(p79, ConstPtr(null), descr=<FieldP rpyeffect.stack.MetaStack.inst_region 24 pure>)
+1232: setfield_gc(p79, ConstPtr(null), descr=<FieldP rpyeffect.stack.MetaStack.inst_tail 32 pure>)
+1240: setfield_gc(p77, p79, descr=<FieldP rpyeffect.stored_environment.CoData__0_1.inst_values_ptr_0 32 pure>)
+1308: setfield_gc(p57, p77, descr=<FieldP rpyeffect.region.PtrRef.inst_value 8>)
+1344: p84 = getfield_gc_r(p76, descr=<FieldP rpyeffect.region.PtrRef.inst_value 8>)
debug_merge_point(0, 0, '82<main.rpyeffect:82([mcore:[#81]#180])>+1: {"op": "Return". "args": {"num": []. "ptr": [0]}}')
debug_merge_point(0, 0, '91<main.rpyeffect:91([k@Name(consumer234073)#187])>+0: {"op": "Swap". "type": "ptr". "a": 1. "b". 0}')
debug_merge_point(0, 0, '91<main.rpyeffect:91([k@Name(consumer234073)#187])>+1: {"op": "Match". "type": Interned(Option687). "scrutinee": 1. "clauses": [{"tag": Interned(None742). "target": 87. "args": {"num": []. "ptr": []}}. {"tag": Interned(Some743). "target": 90. "args": {"num": []. "ptr": [1]}}]. "default": {"tag": Interned(40c674ed-af7f-4423-9f8e-7c526dca557d#[Missing Tag#369]). "target": 86. "args": {"num": []. "ptr": []}}}')
+1348: p85 = getfield_gc_r(p84, descr=<FieldP rpyeffect.stored_environment.Data__arb_arb.inst_tag 8>)
+1352: guard_value(p85, ConstPtr(ptr86), descr=<Guard0x1403f2b20>) [p2, i72, i69, i11, i13, p70, p84, p79, p65, p24, p26, p0, p71, p3, p85, None, None, None, None, None, None]
+1360: p88 = getfield_gc_r(p84, descr=<FieldP rpyeffect.stored_environment.Data__0_1.inst_values_ptr_0 32 pure>)
+1364: guard_nonnull(p71, descr=<Guard0x140414fa0>) [p2, i72, i69, i11, i13, p70, p84, p79, p65, p24, p26, p0, p71, p3, p85, None, None, None, None, None, None]
+1372: i89 = getfield_gc_i(p71, descr=<FieldS rpyeffect.stored_environment.Stack__arb_arb.inst_target 16 pure>)
+1376: guard_value(i89, 96, descr=<Guard0x140414fe0>) [p2, i72, i69, i11, i13, p70, p84, p79, p65, p24, p26, p0, p71, p3, p85, None, None, None, None, None, None]
debug_merge_point(0, 0, '90<main.rpyeffect:90([#193])>+0: {"op": "PrimOp". "name": "unbox(Ptr): Num". "out": {"num": [1]. "ptr": []}. "in": {"num": []. "ptr": [1]}}')
+1388: i91 = getfield_gc_i(p88, descr=<FieldS rpyeffect.region.NumBox.inst_value 8 pure>)
debug_merge_point(0, 0, '90<main.rpyeffect:90([#193])>+1: {"op": "Push". "target": 89. "args": {"num": [0. 1]. "ptr": [0]}}')
debug_merge_point(0, 0, '90<main.rpyeffect:90([#193])>+2: {"op": "Jump". "target": 85}')
+1392: label(p0, p71, i72, i91, p70, p2, p3, i11, i13, p88, p79, p65, p24, p26, p75, p76, descr=TargetToken(5372845920))
debug_merge_point(0, 0, '90<main.rpyeffect:90([#193])>+2: {"op": "Jump". "target": 85}')
+1408: guard_not_invalidated(descr=<Guard0x1403f2b78>) [p2, i72, i91, i11, i13, p70, p88, p79, p65, p24, p26, p0, p3, p71]
debug_merge_point(0, 0, '85<main.rpyeffect:85([mcore:[#84]#185])>+0: {"op": "Invoke". "receiver": 0. "tag": Interned(%next2655():p). "args" : {"num": []. "ptr": []}}')
debug_merge_point(0, 0, '103<main.rpyeffect:103([#234])>+0: {"op": "Push". "target": 102. "args": {"num": []. "ptr": []}}')
debug_merge_point(0, 0, '103<main.rpyeffect:103([#234])>+1: {"op": "Jump". "target": 83}')
debug_merge_point(0, 0, '83<main.rpyeffect:83([mcore:[#82]#182])>+0: {"op": "Load". "out": 0. "type": "ptr". "ref": 0}')
+1412: p92 = getfield_gc_r(p75, descr=<FieldP rpyeffect.region.PtrRef.inst_value 8>)
debug_merge_point(0, 0, '83<main.rpyeffect:83([mcore:[#82]#182])>+1: {"op": "Return". "args": {"num": []. "ptr": [0]}}')
debug_merge_point(0, 0, '102<main.rpyeffect:102([k@[#234]#236])>+0: {"op": "Invoke". "receiver": 0. "tag": Interned(%apply():p). "args" : {"num": []. "ptr": []}}')
+1416: p93 = getfield_gc_r(p92, descr=<FieldP rpyeffect.stored_environment.CoData__arb_arb.inst_vtable 24 pure>)
+1424: guard_value(p93, ConstPtr(ptr94), descr=<Guard0x140415020>) [p2, i72, i91, i11, i13, p70, p88, p79, p65, p24, p26, p0, p3, p71]
+1432: p95 = getfield_gc_r(p92, descr=<FieldP rpyeffect.stored_environment.CoData__0_1.inst_values_ptr_0 32 pure>)
debug_merge_point(0, 0, '108<main.rpyeffect:108([method_%apply():p@[k@[#245]#257]#260])>+0: {"op": "Jump". "target": 80}')
debug_merge_point(0, 0, '80<main.rpyeffect:80([mcore:[#79]#175])>+0: {"op": "Construct". "out": 1. "type": Interned(Unit). "tag": Interned(unit). "args": {"num": []. "ptr": []}}')
debug_merge_point(0, 0, '80<main.rpyeffect:80([mcore:[#79]#175])>+1: {"op": "Swap". "type": "ptr". "a": 1. "b". 0}')
debug_merge_point(0, 0, '80<main.rpyeffect:80([mcore:[#79]#175])>+2: {"op": "Jump". "target": 77}')
debug_merge_point(0, 0, '77<main.rpyeffect:77(Name(resume134133))>+0: {"op": "PushStack". "arg": 1}')
+1436: guard_nonnull_class(p95, 4340002536, descr=<Guard0x1403f2bd0>) [p2, i72, i91, i11, i13, p70, p88, p79, p65, p24, p26, p0, p3, p71]
+1460: p97 = getfield_gc_r(p95, descr=<FieldP rpyeffect.stack.MetaStack.inst_region 24 pure>)
+1464: guard_isnull(p97, descr=<Guard0x140415060>) [p2, i72, i91, i11, i13, p70, p88, p79, p65, p24, p26, p0, p3, p71]
+1472: p98 = getfield_gc_r(p95, descr=<FieldP rpyeffect.stack.MetaStackLike.inst_stack 8 pure>)
+1476: p99 = getfield_gc_r(p95, descr=<FieldP rpyeffect.stack.MetaStack.inst_tail 32 pure>)
+1480: guard_isnull(p99, descr=<Guard0x1404150a0>) [p2, i72, i91, i11, i13, p70, p88, p79, p65, p24, p26, p0, p3, p71]
+1488: p100 = getfield_gc_r(p95, descr=<FieldP rpyeffect.stack.MetaStack.inst_label 16 pure>)
+1492: guard_nonnull(p98, descr=<Guard0x1404150e0>) [p2, i72, i91, i11, i13, p70, p88, p79, p65, p24, p26, p0, p3, p71]
+1500: i101 = getfield_gc_i(p98, descr=<FieldS rpyeffect.stored_environment.Stack__arb_arb.inst_target 16 pure>)
+1504: guard_value(i101, 72, descr=<Guard0x140415120>) [p2, i72, i91, i11, i13, p70, p88, p79, p65, p24, p26, p0, p3, p71]
debug_merge_point(0, 0, '77<main.rpyeffect:77(Name(resume134133))>+1: {"op": "Return". "args": {"num": []. "ptr": [0]}}')
+1516: p103 = getfield_gc_r(p98, descr=<FieldP rpyeffect.stored_environment.Stack__0_2.inst_values_ptr_0 40 pure>)
+1516: p104 = getfield_gc_r(p98, descr=<FieldP rpyeffect.stored_environment.Stack__0_2.inst_values_ptr_1 48 pure>)
+1520: p105 = getfield_gc_r(p98, descr=<FieldP rpyeffect.stored_environment.Stack__arb_arb.inst_tail 8 pure>)
+1524: guard_nonnull(p105, descr=<Guard0x140415160>) [p2, i72, i91, i11, i13, p70, p88, p79, p65, p24, p26, p0, p3, p71]
+1532: i106 = getfield_gc_i(p105, descr=<FieldS rpyeffect.stored_environment.Stack__arb_arb.inst_target 16 pure>)
+1536: guard_value(i106, 73, descr=<Guard0x1404151a0>) [p2, i72, i91, i11, i13, p70, p88, p79, p65, p24, p26, p0, p3, p71]
debug_merge_point(0, 0, '72<main.rpyeffect:72([k@[#167]#169])>+0: {"op": "Copy". "type": "ptr". "from": 2. "to". 0}')
debug_merge_point(0, 0, '72<main.rpyeffect:72([k@[#167]#169])>+1: {"op": "Jump". "target": 75}')
debug_merge_point(0, 0, '75<main.rpyeffect:75(Name(iterate54066))>+0: {"op": "Swap". "type": "ptr". "a": 1. "b". 0}')
debug_merge_point(0, 0, '75<main.rpyeffect:75(Name(iterate54066))>+1: {"op": "Match". "type": Interned(Tree2631). "scrutinee": 1. "clauses": [{"tag": Interned(Leaf2646). "target": 71. "args": {"num": []. "ptr": []}}. {"tag": Interned(Node2647). "target": 74. "args": {"num": [0]. "ptr": [1. 2]}}]. "default": {"tag": Interned(40c674ed-af7f-4423-9f8e-7c526dca557d#[Missing Tag#368]). "target": 70. "args": {"num": []. "ptr": []}}}')
+1548: p108 = getfield_gc_r(p104, descr=<FieldP rpyeffect.stored_environment.Data__arb_arb.inst_tag 8>)
+1556: guard_value(p108, ConstPtr(ptr109), descr=<Guard0x1404151e0>) [p2, i72, i91, i11, i13, p70, p88, p79, p65, p24, p26, p0, p3, p71]
debug_merge_point(0, 0, '71<main.rpyeffect:71([match_Leaf2646@Name(iterate54066)#163])>+0: {"op": "Construct". "out": 0. "type": Interned(Unit). "tag": Interned(unit). "args": {"num": []. "ptr": []}}')
debug_merge_point(0, 0, '71<main.rpyeffect:71([match_Leaf2646@Name(iterate54066)#163])>+1: {"op": "Return". "args": {"num": []. "ptr": [0]}}')
+1564: i110 = getfield_gc_i(p105, descr=<FieldS rpyeffect.stored_environment.Stack__1_2.inst_values_num_0 40 pure>)
+1568: p111 = getfield_gc_r(p105, descr=<FieldP rpyeffect.stored_environment.Stack__1_2.inst_values_ptr_0 48 pure>)
+1572: p112 = getfield_gc_r(p105, descr=<FieldP rpyeffect.stored_environment.Stack__1_2.inst_values_ptr_1 56 pure>)
+1576: p113 = getfield_gc_r(p105, descr=<FieldP rpyeffect.stored_environment.Stack__arb_arb.inst_tail 8 pure>)
debug_merge_point(0, 0, '73<main.rpyeffect:73([#167])>+0: {"op": "Push". "target": 72. "args": {"num": []. "ptr": [1. 2]}}')
debug_merge_point(0, 0, '73<main.rpyeffect:73([#167])>+1: {"op": "Copy". "type": "ptr". "from": 1. "to". 0}')
debug_merge_point(0, 0, '73<main.rpyeffect:73([#167])>+2: {"op": "Jump". "target": 69}')
debug_merge_point(0, 0, '69<main.rpyeffect:69([mcore:[#74]#161])>+0: {"op": "Invoke". "receiver": 0. "tag": Interned(%yield2645(n):p). "args" : {"num": [0]. "ptr": []}}')
+1580: p114 = getfield_gc_r(p111, descr=<FieldP rpyeffect.stored_environment.CoData__arb_arb.inst_vtable 24 pure>)
+1588: guard_value(p114, ConstPtr(ptr115), descr=<Guard0x140415220>) [p2, i72, i91, i11, i13, p70, p88, p79, p65, p24, p26, p0, p3, p71]
+1596: p116 = getfield_gc_r(p111, descr=<FieldP rpyeffect.stored_environment.CoData__0_3.inst_values_ptr_0 32 pure>)
+1600: p117 = getfield_gc_r(p111, descr=<FieldP rpyeffect.stored_environment.CoData__0_3.inst_values_ptr_1 40 pure>)
+1604: p118 = getfield_gc_r(p111, descr=<FieldP rpyeffect.stored_environment.CoData__0_3.inst_values_ptr_2 48 pure>)
debug_merge_point(0, 0, '110<main.rpyeffect:110([#245])>+0: {"op": "Const". "type": "num". "out": 1. "value": 0}')
debug_merge_point(0, 0, '110<main.rpyeffect:110([#245])>+1: {"op": "ShiftDyn". "out": 1. "n": 1. "label": 1}')
+1608: i119 = getfield_gc_i(p100, descr=<FieldS rpyeffect.stack.Label.inst_origin 8 pure>)
+1612: guard_value(i119, 119811, descr=<Guard0x140415260>) [p2, i72, i91, i11, i13, p70, p88, p79, p65, p24, p26, p0, p3, p71]
+1628: i121 = getfield_gc_i(p117, descr=<FieldS rpyeffect.stack.Label.inst_origin 8 pure>)
+1632: guard_value(i121, 119811, descr=<Guard0x1404152a0>) [p2, i72, i91, i11, i13, p70, p88, p79, p65, p24, p26, p0, p3, p71]
+1648: i123 = instance_ptr_eq(p100, p117)
guard_true(i123, descr=<Guard0x1404152e0>) [p2, i72, i91, i11, i13, p70, p88, p79, p65, p24, p26, p0, p3, p71]
debug_merge_point(0, 0, '110<main.rpyeffect:110([#245])>+2: {"op": "PrimOp". "name": "box(Num): Ptr". "out": {"num": []. "ptr": [3]}. "in": {"num": [0]. "ptr": []}}')
debug_merge_point(0, 0, '110<main.rpyeffect:110([#245])>+3: {"op": "Construct". "out": 3. "type": Interned(Option687). "tag": Interned(Some743). "args": {"num": []. "ptr": [3]}}')
debug_merge_point(0, 0, '110<main.rpyeffect:110([#245])>+4: {"op": "Push". "target": 109. "args": {"num": []. "ptr": [0. 1]}}')
debug_merge_point(0, 0, '110<main.rpyeffect:110([#245])>+5: {"op": "Copy". "type": "ptr". "from": 3. "to". 0}')
debug_merge_point(0, 0, '110<main.rpyeffect:110([#245])>+6: {"op": "Copy". "type": "ptr". "from": 2. "to". 1}')
debug_merge_point(0, 0, '110<main.rpyeffect:110([#245])>+7: {"op": "Jump". "target": 78}')
debug_merge_point(0, 0, '78<main.rpyeffect:78([mcore:[#76]#171])>+0: {"op": "Store". "ref": 1. "type": "ptr". "value": 0}')
debug_merge_point(0, 0, '78<main.rpyeffect:78([mcore:[#76]#171])>+1: {"op": "Construct". "out": 0. "type": Interned(Unit). "tag": Interned(unit). "args": {"num": []. "ptr": []}}')
debug_merge_point(0, 0, '78<main.rpyeffect:78([mcore:[#76]#171])>+2: {"op": "Return". "args": {"num": []. "ptr": [0]}}')
debug_merge_point(0, 0, '109<main.rpyeffect:109([k@[#245]#257])>+0: {"op": "New". "out": 0. "targets": [108]. "args": {"num": []. "ptr": [2]}}')
debug_merge_point(0, 0, '109<main.rpyeffect:109([k@[#245]#257])>+1: {"op": "Jump". "target": 79}')
debug_merge_point(0, 0, '79<main.rpyeffect:79([mcore:[#77]#173])>+0: {"op": "Store". "ref": 1. "type": "ptr". "value": 0}')
+1656: p124 = new_with_vtable(descr=<SizeDescr 40>)
+1772: setfield_gc(p124, ConstPtr(ptr125), descr=<FieldP rpyeffect.stored_environment.Data__arb_arb.inst_tag 8>)
+1776: p126 = new_with_vtable(descr=<SizeDescr 16>)
+1788: setfield_gc(p126, i110, descr=<FieldS rpyeffect.region.NumBox.inst_value 8 pure>)
+1792: setfield_gc(p124, p126, descr=<FieldP rpyeffect.stored_environment.Data__0_1.inst_values_ptr_0 32 pure>)
+1860: setfield_gc(p118, p124, descr=<FieldP rpyeffect.region.PtrRef.inst_value 8>)
debug_merge_point(0, 0, '79<main.rpyeffect:79([mcore:[#77]#173])>+1: {"op": "Construct". "out": 0. "type": Interned(Unit). "tag": Interned(unit). "args": {"num": []. "ptr": []}}')
debug_merge_point(0, 0, '79<main.rpyeffect:79([mcore:[#77]#173])>+2: {"op": "Return". "args": {"num": []. "ptr": [0]}}')
debug_merge_point(0, 0, '89<main.rpyeffect:89([k@[#193]#197])>+0: {"op": "Push". "target": 88. "args": {"num": []. "ptr": [1]}}')
debug_merge_point(0, 0, '89<main.rpyeffect:89([k@[#193]#197])>+1: {"op": "Jump". "target": 6}')
debug_merge_point(0, 0, '6<main.rpyeffect:6(Name(infixAdd95))>+0: {"op": "PrimOp". "name": "infixAdd(Int. Int): Int". "out": {"num": [0]. "ptr": []}. "in": {"num": [0. 1]. "ptr": []}}')
+1864: i127 = int_add(i72, i91)
debug_merge_point(0, 0, '6<main.rpyeffect:6(Name(infixAdd95))>+1: {"op": "Return". "args": {"num": [0]. "ptr": []}}')
debug_merge_point(0, 0, '88<main.rpyeffect:88([k@[k@[#193]#197]#199])>+0: {"op": "Jump". "target": 92}')
debug_merge_point(0, 0, '92<main.rpyeffect:92(Name(consumer234073))>+0: {"op": "Push". "target": 91. "args": {"num": [0]. "ptr": [0]}}')
debug_merge_point(0, 0, '92<main.rpyeffect:92(Name(consumer234073))>+1: {"op": "Jump". "target": 84}')
debug_merge_point(0, 0, '84<main.rpyeffect:84([mcore:[#83]#184])>+0: {"op": "Invoke". "receiver": 0. "tag": Interned(%value2654():p). "args" : {"num": []. "ptr": []}}')
debug_merge_point(0, 0, '100<main.rpyeffect:100([#230])>+0: {"op": "Copy". "type": "ptr". "from": 1. "to". 0}')
debug_merge_point(0, 0, '100<main.rpyeffect:100([#230])>+1: {"op": "Jump". "target": 82}')
debug_merge_point(0, 0, '82<main.rpyeffect:82([mcore:[#81]#180])>+0: {"op": "Load". "out": 0. "type": "ptr". "ref": 0}')
+1868: p128 = new_with_vtable(descr=<SizeDescr 40>)
+1880: setfield_gc(p128, ConstPtr(ptr129), descr=<FieldP rpyeffect.stored_environment.CoData__arb_arb.inst_vtable 24 pure>)
+1884: p130 = new_with_vtable(descr=<SizeDescr 40>)
+1896: p131 = new_with_vtable(descr=<SizeDescr 56>)
+1908: setfield_gc(p131, p113, descr=<FieldP rpyeffect.stored_environment.Stack__arb_arb.inst_tail 8 pure>)
+1912: setfield_gc(p131, 72, descr=<FieldS rpyeffect.stored_environment.Stack__arb_arb.inst_target 16 pure>)
+1920: setfield_gc(p131, p111, descr=<FieldP rpyeffect.stored_environment.Stack__0_2.inst_values_ptr_0 40 pure>)
+1924: setfield_gc(p131, p112, descr=<FieldP rpyeffect.stored_environment.Stack__0_2.inst_values_ptr_1 48 pure>)
+1928: setfield_gc(p130, p131, descr=<FieldP rpyeffect.stack.MetaStackLike.inst_stack 8 pure>)
+1932: setfield_gc(p130, p100, descr=<FieldP rpyeffect.stack.MetaStack.inst_label 16 pure>)
+1940: setfield_gc(p130, ConstPtr(null), descr=<FieldP rpyeffect.stack.MetaStack.inst_region 24 pure>)
+1948: setfield_gc(p130, ConstPtr(null), descr=<FieldP rpyeffect.stack.MetaStack.inst_tail 32 pure>)
+1956: setfield_gc(p128, p130, descr=<FieldP rpyeffect.stored_environment.CoData__0_1.inst_values_ptr_0 32 pure>)
+2024: setfield_gc(p116, p128, descr=<FieldP rpyeffect.region.PtrRef.inst_value 8>)
+2076: p135 = getfield_gc_r(p76, descr=<FieldP rpyeffect.region.PtrRef.inst_value 8>)
debug_merge_point(0, 0, '82<main.rpyeffect:82([mcore:[#81]#180])>+1: {"op": "Return". "args": {"num": []. "ptr": [0]}}')
debug_merge_point(0, 0, '91<main.rpyeffect:91([k@Name(consumer234073)#187])>+0: {"op": "Swap". "type": "ptr". "a": 1. "b". 0}')
debug_merge_point(0, 0, '91<main.rpyeffect:91([k@Name(consumer234073)#187])>+1: {"op": "Match". "type": Interned(Option687). "scrutinee": 1. "clauses": [{"tag": Interned(None742). "target": 87. "args": {"num": []. "ptr": []}}. {"tag": Interned(Some743). "target": 90. "args": {"num": []. "ptr": [1]}}]. "default": {"tag": Interned(40c674ed-af7f-4423-9f8e-7c526dca557d#[Missing Tag#369]). "target": 86. "args": {"num": []. "ptr": []}}}')
+2080: p136 = getfield_gc_r(p135, descr=<FieldP rpyeffect.stored_environment.Data__arb_arb.inst_tag 8>)
+2084: guard_value(p136, ConstPtr(ptr137), descr=<Guard0x1403f2c28>) [p2, i127, i91, i11, i13, p70, p135, p130, p124, p24, p26, p0, p71, p3, p136, None]
+2092: p138 = getfield_gc_r(p135, descr=<FieldP rpyeffect.stored_environment.Data__0_1.inst_values_ptr_0 32 pure>)
debug_merge_point(0, 0, '90<main.rpyeffect:90([#193])>+0: {"op": "PrimOp". "name": "unbox(Ptr): Num". "out": {"num": [1]. "ptr": []}. "in": {"num": []. "ptr": [1]}}')
+2096: i139 = getfield_gc_i(p138, descr=<FieldS rpyeffect.region.NumBox.inst_value 8 pure>)
debug_merge_point(0, 0, '90<main.rpyeffect:90([#193])>+1: {"op": "Push". "target": 89. "args": {"num": [0. 1]. "ptr": [0]}}')
debug_merge_point(0, 0, '90<main.rpyeffect:90([#193])>+2: {"op": "Jump". "target": 85}')
+2100: jump(p0, p71, i127, i139, p70, p2, p3, i11, i13, p138, p130, p124, p24, p26, p75, p76, descr=TargetToken(5372845920))
+2120: --end of the loop--
[6e048d] jit-log-opt-loop}
[731b72] {jit-log-opt-loop
# Loop 4 (103<main.rpyeffect:103([#234])>+1: {"op": "Jump", "target": 83}) : entry bridge with 68 ops
[p0, p1, p2, p3, p4]
+296: p5 = getfield_gc_r(p2, descr=<FieldP rpyeffect.environment.Environment.inst_values_num 16>)
+304: i7 = getarrayitem_gc_i(p5, 0, descr=<ArrayS 8>)
+308: i9 = getarrayitem_gc_i(p5, 1, descr=<ArrayS 8>)
+312: i11 = getarrayitem_gc_i(p5, 2, descr=<ArrayS 8>)
+316: i13 = getarrayitem_gc_i(p5, 3, descr=<ArrayS 8>)
+320: p14 = getfield_gc_r(p2, descr=<FieldP rpyeffect.environment.Environment.inst_values_ptr 24>)
+324: p16 = getarrayitem_gc_r(p14, 0, descr=<ArrayP 8>)
+328: p18 = getarrayitem_gc_r(p14, 1, descr=<ArrayP 8>)
+332: p20 = getarrayitem_gc_r(p14, 2, descr=<ArrayP 8>)
+336: p22 = getarrayitem_gc_r(p14, 3, descr=<ArrayP 8>)
+340: p24 = getarrayitem_gc_r(p14, 4, descr=<ArrayP 8>)
+344: p26 = getarrayitem_gc_r(p14, 5, descr=<ArrayP 8>)
debug_merge_point(0, 0, '103<main.rpyeffect:103([#234])>+1: {"op": "Jump". "target": 83}')
+348: guard_not_invalidated(descr=<Guard0x1403f2cd8>) [p2, i7, i9, i11, i13, p16, p18, p20, p22, p24, p26, p0, p1, p3, p4]
+352: guard_nonnull(p1, descr=<Guard0x1404157e0>) [p2, i7, i9, i11, i13, p16, p18, p20, p22, p24, p26, p0, p1, p3, p4]
+364: i27 = getfield_gc_i(p1, descr=<FieldS rpyeffect.stored_environment.Stack__arb_arb.inst_target 16 pure>)
+372: guard_value(i27, 102, descr=<Guard0x140415820>) [p2, i7, i9, i11, i13, p16, p18, p20, p22, p24, p26, p0, p1, p3, p4]
debug_merge_point(0, 0, '83<main.rpyeffect:83([mcore:[#82]#182])>+0: {"op": "Load". "out": 0. "type": "ptr". "ref": 0}')
+384: p29 = getfield_gc_r(p16, descr=<FieldP rpyeffect.region.PtrRef.inst_value 8>)
debug_merge_point(0, 0, '83<main.rpyeffect:83([mcore:[#82]#182])>+1: {"op": "Return". "args": {"num": []. "ptr": [0]}}')
+388: p30 = getfield_gc_r(p1, descr=<FieldP rpyeffect.stored_environment.Stack__arb_arb.inst_tail 8 pure>)
debug_merge_point(0, 0, '102<main.rpyeffect:102([k@[#234]#236])>+0: {"op": "Invoke". "receiver": 0. "tag": Interned(%apply():p). "args" : {"num": []. "ptr": []}}')
+392: p31 = getfield_gc_r(p29, descr=<FieldP rpyeffect.stored_environment.CoData__arb_arb.inst_vtable 24 pure>)
+400: guard_value(p31, ConstPtr(ptr32), descr=<Guard0x140415860>) [p2, i7, i9, i11, i13, p16, p18, p20, p22, p24, p26, p0, p1, p3, p4]
+408: p33 = getfield_gc_r(p29, descr=<FieldP rpyeffect.stored_environment.CoData__0_1.inst_values_ptr_0 32 pure>)
debug_merge_point(0, 0, '108<main.rpyeffect:108([method_%apply():p@[k@[#245]#257]#260])>+0: {"op": "Jump". "target": 80}')
+412: guard_nonnull(p30, descr=<Guard0x1404158a0>) [p2, i7, i9, i11, i13, p16, p18, p20, p22, p24, p26, p0, p1, p3, p4]
+420: i34 = getfield_gc_i(p30, descr=<FieldS rpyeffect.stored_environment.Stack__arb_arb.inst_target 16 pure>)
+424: guard_value(i34, 89, descr=<Guard0x1404158e0>) [p2, i7, i9, i11, i13, p16, p18, p20, p22, p24, p26, p0, p1, p3, p4]
debug_merge_point(0, 0, '80<main.rpyeffect:80([mcore:[#79]#175])>+0: {"op": "Construct". "out": 1. "type": Interned(Unit). "tag": Interned(unit). "args": {"num": []. "ptr": []}}')
debug_merge_point(0, 0, '80<main.rpyeffect:80([mcore:[#79]#175])>+1: {"op": "Swap". "type": "ptr". "a": 1. "b". 0}')
debug_merge_point(0, 0, '80<main.rpyeffect:80([mcore:[#79]#175])>+2: {"op": "Jump". "target": 77}')
debug_merge_point(0, 0, '77<main.rpyeffect:77(Name(resume134133))>+0: {"op": "PushStack". "arg": 1}')
+436: guard_isnull(p4, descr=<Guard0x140415920>) [p2, i7, i9, i11, i13, p16, p18, p20, p22, p24, p26, p0, p1, p3, p4]
+448: guard_nonnull_class(p33, 4340002536, descr=<Guard0x1403f2d30>) [p2, i7, i9, i11, i13, p16, p18, p20, p22, p24, p26, p0, p1, p3, p4]
+472: p37 = getfield_gc_r(p33, descr=<FieldP rpyeffect.stack.MetaStack.inst_region 24 pure>)
+476: guard_isnull(p37, descr=<Guard0x140415960>) [p2, i7, i9, i11, i13, p16, p18, p20, p22, p24, p26, p0, p1, p3, p4]
+484: p38 = getfield_gc_r(p33, descr=<FieldP rpyeffect.stack.MetaStackLike.inst_stack 8 pure>)
+488: p39 = getfield_gc_r(p33, descr=<FieldP rpyeffect.stack.MetaStack.inst_tail 32 pure>)
+492: guard_isnull(p39, descr=<Guard0x1404159a0>) [p2, i7, i9, i11, i13, p16, p18, p20, p22, p24, p26, p0, p1, p3, p4]
+500: p40 = getfield_gc_r(p33, descr=<FieldP rpyeffect.stack.MetaStack.inst_label 16 pure>)
+504: guard_nonnull(p38, descr=<Guard0x1404159e0>) [p2, i7, i9, i11, i13, p16, p18, p20, p22, p24, p26, p0, p1, p3, p4]
+512: i41 = getfield_gc_i(p38, descr=<FieldS rpyeffect.stored_environment.Stack__arb_arb.inst_target 16 pure>)
+516: guard_value(i41, 72, descr=<Guard0x140415a20>) [p2, i7, i9, i11, i13, p16, p18, p20, p22, p24, p26, p0, p1, p3, p4]
debug_merge_point(0, 0, '77<main.rpyeffect:77(Name(resume134133))>+1: {"op": "Return". "args": {"num": []. "ptr": [0]}}')
+528: p43 = getfield_gc_r(p38, descr=<FieldP rpyeffect.stored_environment.Stack__0_2.inst_values_ptr_0 40 pure>)
+532: p44 = getfield_gc_r(p38, descr=<FieldP rpyeffect.stored_environment.Stack__0_2.inst_values_ptr_1 48 pure>)
+536: p45 = getfield_gc_r(p38, descr=<FieldP rpyeffect.stored_environment.Stack__arb_arb.inst_tail 8 pure>)
+540: guard_nonnull(p45, descr=<Guard0x140415a60>) [p2, i7, i9, i11, i13, p16, p18, p20, p22, p24, p26, p0, p1, p3, p4]
+548: i46 = getfield_gc_i(p45, descr=<FieldS rpyeffect.stored_environment.Stack__arb_arb.inst_target 16 pure>)
+556: guard_value(i46, 73, descr=<Guard0x140415aa0>) [p2, i7, i9, i11, i13, p16, p18, p20, p22, p24, p26, p0, p1, p3, p4]
debug_merge_point(0, 0, '72<main.rpyeffect:72([k@[#167]#169])>+0: {"op": "Copy". "type": "ptr". "from": 2. "to". 0}')
debug_merge_point(0, 0, '72<main.rpyeffect:72([k@[#167]#169])>+1: {"op": "Jump". "target": 75}')
debug_merge_point(0, 0, '75<main.rpyeffect:75(Name(iterate54066))>+0: {"op": "Swap". "type": "ptr". "a": 1. "b". 0}')
debug_merge_point(0, 0, '75<main.rpyeffect:75(Name(iterate54066))>+1: {"op": "Match". "type": Interned(Tree2631). "scrutinee": 1. "clauses": [{"tag": Interned(Leaf2646). "target": 71. "args": {"num": []. "ptr": []}}. {"tag": Interned(Node2647). "target": 74. "args": {"num": [0]. "ptr": [1. 2]}}]. "default": {"tag": Interned(40c674ed-af7f-4423-9f8e-7c526dca557d#[Missing Tag#368]). "target": 70. "args": {"num": []. "ptr": []}}}')
+568: p48 = getfield_gc_r(p44, descr=<FieldP rpyeffect.stored_environment.Data__arb_arb.inst_tag 8>)
+580: guard_value(p48, ConstPtr(ptr49), descr=<Guard0x140415ae0>) [p2, i7, i9, i11, i13, p16, p18, p20, p22, p24, p26, p0, p1, p3, p4]
+588: i50 = getfield_gc_i(p44, descr=<FieldS rpyeffect.stored_environment.Data__1_2.inst_values_num_0 32 pure>)
+592: p51 = getfield_gc_r(p44, descr=<FieldP rpyeffect.stored_environment.Data__1_2.inst_values_ptr_0 40 pure>)
+596: p52 = getfield_gc_r(p44, descr=<FieldP rpyeffect.stored_environment.Data__1_2.inst_values_ptr_1 48 pure>)
debug_merge_point(0, 0, '74<main.rpyeffect:74([match_Node2647@Name(iterate54066)#165])>+0: {"op": "Push". "target": 73. "args": {"num": [0]. "ptr": [0. 2]}}')
debug_merge_point(0, 0, '74<main.rpyeffect:74([match_Node2647@Name(iterate54066)#165])>+1: {"op": "Swap". "type": "ptr". "a": 1. "b". 0}')
+600: p53 = new_with_vtable(descr=<SizeDescr 40>)
+712: setfield_gc(p53, ConstPtr(null), descr=<FieldP rpyeffect.stack.MetaStack.inst_region 24 pure>)
+720: setfield_gc(p53, p30, descr=<FieldP rpyeffect.stack.MetaStackLike.inst_stack 8 pure>)
+724: setfield_gc(p53, p3, descr=<FieldP rpyeffect.stack.MetaStack.inst_tail 32 pure>)
+732: setfield_gc(p53, p0, descr=<FieldP rpyeffect.stack.MetaStack.inst_label 16 pure>)
+740: jump(p40, p45, i50, p43, p52, p2, p53, ConstPtr(null), i9, i11, i13, p51, p22, p24, p26, descr=TargetToken(5372839760))
+892: --end of the loop--
[73dc28] jit-log-opt-loop}
[799459] {jit-log-opt-bridge
# bridge out of Guard 0x140414660 with 15 ops
[p0, i1, i2, i3, i4, p5, p6, p7, p8, p9, p10, p11, p12, p13, p14]
+140: guard_value(p14, ConstPtr(ptr15), descr=<Guard0x1403f2d88>) [p0, i1, i2, i3, i4, p5, p6, p7, p8, p9, p10, p11, p12, p13, p14]
+148: p16 = getfield_gc_r(p6, descr=<FieldP rpyeffect.stored_environment.Data__0_1.inst_values_ptr_0 32 pure>)
+152: guard_nonnull(p12, descr=<Guard0x140415b20>) [p0, i1, i2, i3, i4, p5, p6, p7, p8, p9, p10, p11, p12, p13, p14]
+160: i17 = getfield_gc_i(p12, descr=<FieldS rpyeffect.stored_environment.Stack__arb_arb.inst_target 16 pure>)
+164: guard_not_invalidated(descr=<Guard0x140415b60>) [p0, i1, i2, i3, i4, p5, p6, p7, p8, p9, p10, p11, p12, p13, p14]
+168: guard_value(i17, 96, descr=<Guard0x140415ba0>) [p0, i1, i2, i3, i4, p5, p6, p7, p8, p9, p10, p11, p12, p13, p14]
debug_merge_point(0, 0, '90<main.rpyeffect:90([#193])>+0: {"op": "PrimOp". "name": "unbox(Ptr): Num". "out": {"num": [1]. "ptr": []}. "in": {"num": []. "ptr": [1]}}')
+180: i19 = getfield_gc_i(p16, descr=<FieldS rpyeffect.region.NumBox.inst_value 8 pure>)
debug_merge_point(0, 0, '90<main.rpyeffect:90([#193])>+1: {"op": "Push". "target": 89. "args": {"num": [0. 1]. "ptr": [0]}}')
debug_merge_point(0, 0, '90<main.rpyeffect:90([#193])>+2: {"op": "Jump". "target": 85}')
+184: p20 = getfield_gc_r(p5, descr=<FieldP rpyeffect.stored_environment.CoData__0_2.inst_values_ptr_0 32 pure>)
+188: p21 = getfield_gc_r(p5, descr=<FieldP rpyeffect.stored_environment.CoData__0_2.inst_values_ptr_1 40 pure>)
+192: guard_nonnull(p21, descr=<Guard0x1403f2de0>) [p0, i1, i19, i3, i4, p5, p16, p7, p8, p9, p10, p11, p13, p12]
+200: guard_subclass(p21, 4340002856, descr=<Guard0x1403f2e38>) [p0, i1, i19, i3, i4, p5, p16, p7, p8, p9, p10, p11, p13, p12]
+236: jump(p11, p12, i1, i19, p5, p0, p13, i3, i4, p16, p7, p8, p9, p10, p20, p21, descr=TargetToken(5372845920))
+396: --end of the loop--
[79d18c] jit-log-opt-bridge}
[826917] {jit-log-opt-bridge
# bridge out of Guard 0x1403ed7e0 with 102 ops
[p0, i1, i2, i3, i4, p5, p6, p7, p8, p9, p10, p11, p12, p13, p14]
+232: guard_not_invalidated(descr=<Guard0x1403f2e90>) [p0, i1, i2, i3, i4, p5, p6, p7, p8, p9, p10, p11, p12, p13, p14]
debug_merge_point(0, 0, '74<main.rpyeffect:74([match_Node2647@Name(iterate54066)#165])>+2: {"op": "Jump". "target": 75}')
debug_merge_point(0, 0, '75<main.rpyeffect:75(Name(iterate54066))>+0: {"op": "Swap". "type": "ptr". "a": 1. "b". 0}')
debug_merge_point(0, 0, '75<main.rpyeffect:75(Name(iterate54066))>+1: {"op": "Match". "type": Interned(Tree2631). "scrutinee": 1. "clauses": [{"tag": Interned(Leaf2646). "target": 71. "args": {"num": []. "ptr": []}}. {"tag": Interned(Node2647). "target": 74. "args": {"num": [0]. "ptr": [1. 2]}}]. "default": {"tag": Interned(40c674ed-af7f-4423-9f8e-7c526dca557d#[Missing Tag#368]). "target": 70. "args": {"num": []. "ptr": []}}}')
+236: p15 = getfield_gc_r(p6, descr=<FieldP rpyeffect.stored_environment.Data__arb_arb.inst_tag 8>)
+244: guard_value(p15, ConstPtr(ptr16), descr=<Guard0x140415be0>) [p0, i1, i2, i3, i4, p5, p6, p7, p8, p9, p10, p11, p12, p13, p14]
debug_merge_point(0, 0, '71<main.rpyeffect:71([match_Leaf2646@Name(iterate54066)#163])>+0: {"op": "Construct". "out": 0. "type": Interned(Unit). "tag": Interned(unit). "args": {"num": []. "ptr": []}}')
debug_merge_point(0, 0, '71<main.rpyeffect:71([match_Leaf2646@Name(iterate54066)#163])>+1: {"op": "Return". "args": {"num": []. "ptr": [0]}}')
debug_merge_point(0, 0, '73<main.rpyeffect:73([#167])>+0: {"op": "Push". "target": 72. "args": {"num": []. "ptr": [1. 2]}}')
debug_merge_point(0, 0, '73<main.rpyeffect:73([#167])>+1: {"op": "Copy". "type": "ptr". "from": 1. "to". 0}')
debug_merge_point(0, 0, '73<main.rpyeffect:73([#167])>+2: {"op": "Jump". "target": 69}')
debug_merge_point(0, 0, '69<main.rpyeffect:69([mcore:[#74]#161])>+0: {"op": "Invoke". "receiver": 0. "tag": Interned(%yield2645(n):p). "args" : {"num": [0]. "ptr": []}}')
+252: p17 = getfield_gc_r(p5, descr=<FieldP rpyeffect.stored_environment.CoData__arb_arb.inst_vtable 24 pure>)
+260: guard_value(p17, ConstPtr(ptr18), descr=<Guard0x140415c20>) [p0, i1, i2, i3, i4, p5, p6, p7, p8, p9, p10, p11, p12, p13, p14]
+268: p19 = getfield_gc_r(p5, descr=<FieldP rpyeffect.stored_environment.CoData__0_3.inst_values_ptr_0 32 pure>)
+272: p20 = getfield_gc_r(p5, descr=<FieldP rpyeffect.stored_environment.CoData__0_3.inst_values_ptr_1 40 pure>)
+276: p21 = getfield_gc_r(p5, descr=<FieldP rpyeffect.stored_environment.CoData__0_3.inst_values_ptr_2 48 pure>)
debug_merge_point(0, 0, '110<main.rpyeffect:110([#245])>+0: {"op": "Const". "type": "num". "out": 1. "value": 0}')
debug_merge_point(0, 0, '110<main.rpyeffect:110([#245])>+1: {"op": "ShiftDyn". "out": 1. "n": 1. "label": 1}')
+280: guard_isnull(p13, descr=<Guard0x140415c60>) [p0, i1, i2, i3, i4, p5, p6, p7, p8, p9, p10, p11, p12, p13, p14]
+292: i22 = getfield_gc_i(p11, descr=<FieldS rpyeffect.stack.Label.inst_origin 8 pure>)
+300: guard_value(i22, 119811, descr=<Guard0x140415ca0>) [p0, i1, i2, i3, i4, p5, p6, p7, p8, p9, p10, p11, p12, p13, p14]
+316: i24 = getfield_gc_i(p20, descr=<FieldS rpyeffect.stack.Label.inst_origin 8 pure>)
+320: guard_value(i24, 119811, descr=<Guard0x140415ce0>) [p0, i1, i2, i3, i4, p5, p6, p7, p8, p9, p10, p11, p12, p13, p14]
+336: i26 = instance_ptr_eq(p11, p20)
guard_true(i26, descr=<Guard0x140415d20>) [p0, i1, i2, i3, i4, p5, p6, p7, p8, p9, p10, p11, p12, p13, p14]
+344: guard_nonnull_class(p12, 4340002536, descr=<Guard0x1403f2ee8>) [p0, i1, i2, i3, i4, p5, p6, p7, p8, p9, p10, p11, p12, p13, p14]
+372: p28 = getfield_gc_r(p12, descr=<FieldP rpyeffect.stack.MetaStackLike.inst_stack 8 pure>)
+376: p29 = getfield_gc_r(p12, descr=<FieldP rpyeffect.stack.MetaStack.inst_label 16 pure>)
+380: p30 = getfield_gc_r(p12, descr=<FieldP rpyeffect.stack.MetaStack.inst_tail 32 pure>)
+384: guard_nonnull(p28, descr=<Guard0x140415d60>) [p0, i1, i2, i3, i4, p5, p6, p7, p8, p9, p10, p11, p12, p13, p14]
+392: i31 = getfield_gc_i(p28, descr=<FieldS rpyeffect.stored_environment.Stack__arb_arb.inst_target 16 pure>)
+396: guard_value(i31, 89, descr=<Guard0x140415da0>) [p0, i1, i2, i3, i4, p5, p6, p7, p8, p9, p10, p11, p12, p13, p14]
debug_merge_point(0, 0, '110<main.rpyeffect:110([#245])>+2: {"op": "PrimOp". "name": "box(Num): Ptr". "out": {"num": []. "ptr": [3]}. "in": {"num": [0]. "ptr": []}}')
debug_merge_point(0, 0, '110<main.rpyeffect:110([#245])>+3: {"op": "Construct". "out": 3. "type": Interned(Option687). "tag": Interned(Some743). "args": {"num": []. "ptr": [3]}}')
debug_merge_point(0, 0, '110<main.rpyeffect:110([#245])>+4: {"op": "Push". "target": 109. "args": {"num": []. "ptr": [0. 1]}}')
debug_merge_point(0, 0, '110<main.rpyeffect:110([#245])>+5: {"op": "Copy". "type": "ptr". "from": 3. "to". 0}')
debug_merge_point(0, 0, '110<main.rpyeffect:110([#245])>+6: {"op": "Copy". "type": "ptr". "from": 2. "to". 1}')
debug_merge_point(0, 0, '110<main.rpyeffect:110([#245])>+7: {"op": "Jump". "target": 78}')
debug_merge_point(0, 0, '78<main.rpyeffect:78([mcore:[#76]#171])>+0: {"op": "Store". "ref": 1. "type": "ptr". "value": 0}')
debug_merge_point(0, 0, '78<main.rpyeffect:78([mcore:[#76]#171])>+1: {"op": "Construct". "out": 0. "type": Interned(Unit). "tag": Interned(unit). "args": {"num": []. "ptr": []}}')
debug_merge_point(0, 0, '78<main.rpyeffect:78([mcore:[#76]#171])>+2: {"op": "Return". "args": {"num": []. "ptr": [0]}}')
debug_merge_point(0, 0, '109<main.rpyeffect:109([k@[#245]#257])>+0: {"op": "New". "out": 0. "targets": [108]. "args": {"num": []. "ptr": [2]}}')
debug_merge_point(0, 0, '109<main.rpyeffect:109([k@[#245]#257])>+1: {"op": "Jump". "target": 79}')
debug_merge_point(0, 0, '79<main.rpyeffect:79([mcore:[#77]#173])>+0: {"op": "Store". "ref": 1. "type": "ptr". "value": 0}')
+408: p33 = new_with_vtable(descr=<SizeDescr 40>)
+516: setfield_gc(p33, ConstPtr(ptr34), descr=<FieldP rpyeffect.stored_environment.Data__arb_arb.inst_tag 8>)
+520: p35 = new_with_vtable(descr=<SizeDescr 16>)
+532: setfield_gc(p35, i1, descr=<FieldS rpyeffect.region.NumBox.inst_value 8 pure>)
+536: setfield_gc(p33, p35, descr=<FieldP rpyeffect.stored_environment.Data__0_1.inst_values_ptr_0 32 pure>)
+604: setfield_gc(p21, p33, descr=<FieldP rpyeffect.region.PtrRef.inst_value 8>)
debug_merge_point(0, 0, '79<main.rpyeffect:79([mcore:[#77]#173])>+1: {"op": "Construct". "out": 0. "type": Interned(Unit). "tag": Interned(unit). "args": {"num": []. "ptr": []}}')
debug_merge_point(0, 0, '79<main.rpyeffect:79([mcore:[#77]#173])>+2: {"op": "Return". "args": {"num": []. "ptr": [0]}}')
+624: i36 = getfield_gc_i(p28, descr=<FieldS rpyeffect.stored_environment.Stack__2_1.inst_values_num_0 40 pure>)
+628: i37 = getfield_gc_i(p28, descr=<FieldS rpyeffect.stored_environment.Stack__2_1.inst_values_num_1 48 pure>)
+632: p38 = getfield_gc_r(p28, descr=<FieldP rpyeffect.stored_environment.Stack__2_1.inst_values_ptr_0 56 pure>)
+636: p39 = getfield_gc_r(p28, descr=<FieldP rpyeffect.stored_environment.Stack__arb_arb.inst_tail 8 pure>)
debug_merge_point(0, 0, '89<main.rpyeffect:89([k@[#193]#197])>+0: {"op": "Push". "target": 88. "args": {"num": []. "ptr": [1]}}')
debug_merge_point(0, 0, '89<main.rpyeffect:89([k@[#193]#197])>+1: {"op": "Jump". "target": 6}')
debug_merge_point(0, 0, '6<main.rpyeffect:6(Name(infixAdd95))>+0: {"op": "PrimOp". "name": "infixAdd(Int. Int): Int". "out": {"num": [0]. "ptr": []}. "in": {"num": [0. 1]. "ptr": []}}')
+640: i40 = int_add(i36, i37)
debug_merge_point(0, 0, '6<main.rpyeffect:6(Name(infixAdd95))>+1: {"op": "Return". "args": {"num": [0]. "ptr": []}}')
debug_merge_point(0, 0, '88<main.rpyeffect:88([k@[k@[#193]#197]#199])>+0: {"op": "Jump". "target": 92}')
debug_merge_point(0, 0, '92<main.rpyeffect:92(Name(consumer234073))>+0: {"op": "Push". "target": 91. "args": {"num": [0]. "ptr": [0]}}')
debug_merge_point(0, 0, '92<main.rpyeffect:92(Name(consumer234073))>+1: {"op": "Jump". "target": 84}')
debug_merge_point(0, 0, '84<main.rpyeffect:84([mcore:[#83]#184])>+0: {"op": "Invoke". "receiver": 0. "tag": Interned(%value2654():p). "args" : {"num": []. "ptr": []}}')
+644: p41 = getfield_gc_r(p38, descr=<FieldP rpyeffect.stored_environment.CoData__arb_arb.inst_vtable 24 pure>)
+652: guard_value(p41, ConstPtr(ptr42), descr=<Guard0x1403f2f40>) [p0, i40, i37, i3, i4, p38, p33, p9, p10, p29, p30, p41, p19, p39, p7, p5, p11, p14]
+660: p43 = getfield_gc_r(p38, descr=<FieldP rpyeffect.stored_environment.CoData__0_2.inst_values_ptr_0 32 pure>)
+664: p44 = getfield_gc_r(p38, descr=<FieldP rpyeffect.stored_environment.CoData__0_2.inst_values_ptr_1 40 pure>)
debug_merge_point(0, 0, '100<main.rpyeffect:100([#230])>+0: {"op": "Copy". "type": "ptr". "from": 1. "to". 0}')
debug_merge_point(0, 0, '100<main.rpyeffect:100([#230])>+1: {"op": "Jump". "target": 82}')
debug_merge_point(0, 0, '82<main.rpyeffect:82([mcore:[#81]#180])>+0: {"op": "Load". "out": 0. "type": "ptr". "ref": 0}')
+668: p45 = new_with_vtable(descr=<SizeDescr 40>)
+688: setfield_gc(p45, ConstPtr(ptr46), descr=<FieldP rpyeffect.stored_environment.CoData__arb_arb.inst_vtable 24 pure>)
+692: p47 = new_with_vtable(descr=<SizeDescr 40>)
+708: p48 = new_with_vtable(descr=<SizeDescr 56>)
+724: setfield_gc(p48, p14, descr=<FieldP rpyeffect.stored_environment.Stack__arb_arb.inst_tail 8 pure>)
+728: setfield_gc(p48, 72, descr=<FieldS rpyeffect.stored_environment.Stack__arb_arb.inst_target 16 pure>)
+736: setfield_gc(p48, p5, descr=<FieldP rpyeffect.stored_environment.Stack__0_2.inst_values_ptr_0 40 pure>)
+740: setfield_gc(p48, p7, descr=<FieldP rpyeffect.stored_environment.Stack__0_2.inst_values_ptr_1 48 pure>)
+744: setfield_gc(p47, p48, descr=<FieldP rpyeffect.stack.MetaStackLike.inst_stack 8 pure>)
+748: setfield_gc(p47, p11, descr=<FieldP rpyeffect.stack.MetaStack.inst_label 16 pure>)
+752: setfield_gc(p47, ConstPtr(null), descr=<FieldP rpyeffect.stack.MetaStack.inst_region 24 pure>)
+760: setfield_gc(p47, ConstPtr(null), descr=<FieldP rpyeffect.stack.MetaStack.inst_tail 32 pure>)
+768: setfield_gc(p45, p47, descr=<FieldP rpyeffect.stored_environment.CoData__0_1.inst_values_ptr_0 32 pure>)
+836: setfield_gc(p19, p45, descr=<FieldP rpyeffect.region.PtrRef.inst_value 8>)
+872: p52 = getfield_gc_r(p44, descr=<FieldP rpyeffect.region.PtrRef.inst_value 8>)
debug_merge_point(0, 0, '82<main.rpyeffect:82([mcore:[#81]#180])>+1: {"op": "Return". "args": {"num": []. "ptr": [0]}}')
debug_merge_point(0, 0, '91<main.rpyeffect:91([k@Name(consumer234073)#187])>+0: {"op": "Swap". "type": "ptr". "a": 1. "b". 0}')
debug_merge_point(0, 0, '91<main.rpyeffect:91([k@Name(consumer234073)#187])>+1: {"op": "Match". "type": Interned(Option687). "scrutinee": 1. "clauses": [{"tag": Interned(None742). "target": 87. "args": {"num": []. "ptr": []}}. {"tag": Interned(Some743). "target": 90. "args": {"num": []. "ptr": [1]}}]. "default": {"tag": Interned(40c674ed-af7f-4423-9f8e-7c526dca557d#[Missing Tag#369]). "target": 86. "args": {"num": []. "ptr": []}}}')
+876: p53 = getfield_gc_r(p52, descr=<FieldP rpyeffect.stored_environment.Data__arb_arb.inst_tag 8>)
+880: guard_value(p53, ConstPtr(ptr54), descr=<Guard0x1403f2f98>) [p0, i40, i37, i3, i4, p38, p52, p47, p33, p9, p10, p29, p39, p30, p53, None, None, None, None, None, None]
+888: p56 = getfield_gc_r(p52, descr=<FieldP rpyeffect.stored_environment.Data__0_1.inst_values_ptr_0 32 pure>)
+892: guard_nonnull(p39, descr=<Guard0x140415de0>) [p0, i40, i37, i3, i4, p38, p52, p47, p33, p9, p10, p29, p39, p30, p53, None, None, None, None, None, None]
+900: i57 = getfield_gc_i(p39, descr=<FieldS rpyeffect.stored_environment.Stack__arb_arb.inst_target 16 pure>)
+904: guard_value(i57, 96, descr=<Guard0x140415e20>) [p0, i40, i37, i3, i4, p38, p52, p47, p33, p9, p10, p29, p39, p30, p53, None, None, None, None, None, None]
debug_merge_point(0, 0, '90<main.rpyeffect:90([#193])>+0: {"op": "PrimOp". "name": "unbox(Ptr): Num". "out": {"num": [1]. "ptr": []}. "in": {"num": []. "ptr": [1]}}')
+916: i59 = getfield_gc_i(p56, descr=<FieldS rpyeffect.region.NumBox.inst_value 8 pure>)
debug_merge_point(0, 0, '90<main.rpyeffect:90([#193])>+1: {"op": "Push". "target": 89. "args": {"num": [0. 1]. "ptr": [0]}}')
debug_merge_point(0, 0, '90<main.rpyeffect:90([#193])>+2: {"op": "Jump". "target": 85}')
+920: jump(p29, p39, i40, i59, p38, p0, p30, i3, i4, p56, p47, p33, p9, p10, p43, p44, descr=TargetToken(5372845920))
+1056: --end of the loop--
[845d94] jit-log-opt-bridge}
[89357d] {jit-log-opt-bridge
# bridge out of Guard 0x1404151e0 with 60 ops
[p0, i1, i2, i3, i4, p5, p6, p7, p8, p9, p10, p11, p12, p13]
+184: guard_not_invalidated(descr=<Guard0x1403f2ff0>) [p0, i1, i2, i3, i4, p5, p6, p7, p8, p9, p10, p11, p12, p13]
debug_merge_point(0, 0, '85<main.rpyeffect:85([mcore:[#84]#185])>+0: {"op": "Invoke". "receiver": 0. "tag": Interned(%next2655():p). "args" : {"num": []. "ptr": []}}')
+188: p14 = getfield_gc_r(p5, descr=<FieldP rpyeffect.stored_environment.CoData__arb_arb.inst_vtable 24 pure>)
+200: guard_value(p14, ConstPtr(ptr15), descr=<Guard0x1404421a0>) [p0, i1, i2, i3, i4, p5, p6, p7, p8, p9, p10, p11, p12, p13]
+208: p16 = getfield_gc_r(p5, descr=<FieldP rpyeffect.stored_environment.CoData__0_2.inst_values_ptr_0 32 pure>)
+212: p17 = getfield_gc_r(p5, descr=<FieldP rpyeffect.stored_environment.CoData__0_2.inst_values_ptr_1 40 pure>)
debug_merge_point(0, 0, '103<main.rpyeffect:103([#234])>+0: {"op": "Push". "target": 102. "args": {"num": []. "ptr": []}}')
debug_merge_point(0, 0, '103<main.rpyeffect:103([#234])>+1: {"op": "Jump". "target": 83}')
debug_merge_point(0, 0, '83<main.rpyeffect:83([mcore:[#82]#182])>+0: {"op": "Load". "out": 0. "type": "ptr". "ref": 0}')
+212: p18 = getfield_gc_r(p16, descr=<FieldP rpyeffect.region.PtrRef.inst_value 8>)
debug_merge_point(0, 0, '83<main.rpyeffect:83([mcore:[#82]#182])>+1: {"op": "Return". "args": {"num": []. "ptr": [0]}}')
debug_merge_point(0, 0, '102<main.rpyeffect:102([k@[#234]#236])>+0: {"op": "Invoke". "receiver": 0. "tag": Interned(%apply():p). "args" : {"num": []. "ptr": []}}')
+216: p19 = getfield_gc_r(p18, descr=<FieldP rpyeffect.stored_environment.CoData__arb_arb.inst_vtable 24 pure>)
+224: guard_value(p19, ConstPtr(ptr20), descr=<Guard0x1404421e0>) [p0, i1, i2, i3, i4, p5, p6, p7, p8, p9, p10, p11, p12, p13]
+232: p21 = getfield_gc_r(p18, descr=<FieldP rpyeffect.stored_environment.CoData__0_1.inst_values_ptr_0 32 pure>)
debug_merge_point(0, 0, '108<main.rpyeffect:108([method_%apply():p@[k@[#245]#257]#260])>+0: {"op": "Jump". "target": 80}')
debug_merge_point(0, 0, '80<main.rpyeffect:80([mcore:[#79]#175])>+0: {"op": "Construct". "out": 1. "type": Interned(Unit). "tag": Interned(unit). "args": {"num": []. "ptr": []}}')
debug_merge_point(0, 0, '80<main.rpyeffect:80([mcore:[#79]#175])>+1: {"op": "Swap". "type": "ptr". "a": 1. "b". 0}')
debug_merge_point(0, 0, '80<main.rpyeffect:80([mcore:[#79]#175])>+2: {"op": "Jump". "target": 77}')
debug_merge_point(0, 0, '77<main.rpyeffect:77(Name(resume134133))>+0: {"op": "PushStack". "arg": 1}')
+236: guard_nonnull_class(p21, 4340002536, descr=<Guard0x1403f3048>) [p0, i1, i2, i3, i4, p5, p6, p7, p8, p9, p10, p11, p12, p13]
+260: p23 = getfield_gc_r(p21, descr=<FieldP rpyeffect.stack.MetaStack.inst_region 24 pure>)
+264: guard_isnull(p23, descr=<Guard0x140442220>) [p0, i1, i2, i3, i4, p5, p6, p7, p8, p9, p10, p11, p12, p13]
+272: p24 = getfield_gc_r(p21, descr=<FieldP rpyeffect.stack.MetaStackLike.inst_stack 8 pure>)
+276: p25 = getfield_gc_r(p21, descr=<FieldP rpyeffect.stack.MetaStack.inst_tail 32 pure>)
+280: guard_isnull(p25, descr=<Guard0x140442260>) [p0, i1, i2, i3, i4, p5, p6, p7, p8, p9, p10, p11, p12, p13]
+288: p26 = getfield_gc_r(p21, descr=<FieldP rpyeffect.stack.MetaStack.inst_label 16 pure>)
+292: guard_nonnull(p24, descr=<Guard0x1404422a0>) [p0, i1, i2, i3, i4, p5, p6, p7, p8, p9, p10, p11, p12, p13]
+300: i27 = getfield_gc_i(p24, descr=<FieldS rpyeffect.stored_environment.Stack__arb_arb.inst_target 16 pure>)
+304: guard_value(i27, 72, descr=<Guard0x1404422e0>) [p0, i1, i2, i3, i4, p5, p6, p7, p8, p9, p10, p11, p12, p13]
debug_merge_point(0, 0, '77<main.rpyeffect:77(Name(resume134133))>+1: {"op": "Return". "args": {"num": []. "ptr": [0]}}')
+316: p29 = getfield_gc_r(p24, descr=<FieldP rpyeffect.stored_environment.Stack__0_2.inst_values_ptr_0 40 pure>)
+320: p30 = getfield_gc_r(p24, descr=<FieldP rpyeffect.stored_environment.Stack__0_2.inst_values_ptr_1 48 pure>)
+324: p31 = getfield_gc_r(p24, descr=<FieldP rpyeffect.stored_environment.Stack__arb_arb.inst_tail 8 pure>)
+328: guard_nonnull(p31, descr=<Guard0x140442320>) [p0, i1, i2, i3, i4, p5, p6, p7, p8, p9, p10, p11, p12, p13]
+336: i32 = getfield_gc_i(p31, descr=<FieldS rpyeffect.stored_environment.Stack__arb_arb.inst_target 16 pure>)
+340: guard_value(i32, 73, descr=<Guard0x140442360>) [p0, i1, i2, i3, i4, p5, p6, p7, p8, p9, p10, p11, p12, p13]
debug_merge_point(0, 0, '72<main.rpyeffect:72([k@[#167]#169])>+0: {"op": "Copy". "type": "ptr". "from": 2. "to". 0}')
debug_merge_point(0, 0, '72<main.rpyeffect:72([k@[#167]#169])>+1: {"op": "Jump". "target": 75}')
debug_merge_point(0, 0, '75<main.rpyeffect:75(Name(iterate54066))>+0: {"op": "Swap". "type": "ptr". "a": 1. "b". 0}')
debug_merge_point(0, 0, '75<main.rpyeffect:75(Name(iterate54066))>+1: {"op": "Match". "type": Interned(Tree2631). "scrutinee": 1. "clauses": [{"tag": Interned(Leaf2646). "target": 71. "args": {"num": []. "ptr": []}}. {"tag": Interned(Node2647). "target": 74. "args": {"num": [0]. "ptr": [1. 2]}}]. "default": {"tag": Interned(40c674ed-af7f-4423-9f8e-7c526dca557d#[Missing Tag#368]). "target": 70. "args": {"num": []. "ptr": []}}}')
+352: p34 = getfield_gc_r(p30, descr=<FieldP rpyeffect.stored_environment.Data__arb_arb.inst_tag 8>)
+360: guard_value(p34, ConstPtr(ptr35), descr=<Guard0x1404423a0>) [p0, i1, i2, i3, i4, p5, p6, p7, p8, p9, p10, p11, p12, p13]
+368: i36 = getfield_gc_i(p30, descr=<FieldS rpyeffect.stored_environment.Data__1_2.inst_values_num_0 32 pure>)
+372: p37 = getfield_gc_r(p30, descr=<FieldP rpyeffect.stored_environment.Data__1_2.inst_values_ptr_0 40 pure>)
+376: p38 = getfield_gc_r(p30, descr=<FieldP rpyeffect.stored_environment.Data__1_2.inst_values_ptr_1 48 pure>)
debug_merge_point(0, 0, '74<main.rpyeffect:74([match_Node2647@Name(iterate54066)#165])>+0: {"op": "Push". "target": 73. "args": {"num": [0]. "ptr": [0. 2]}}')
debug_merge_point(0, 0, '74<main.rpyeffect:74([match_Node2647@Name(iterate54066)#165])>+1: {"op": "Swap". "type": "ptr". "a": 1. "b". 0}')
+380: p39 = new_with_vtable(descr=<SizeDescr 40>)
+484: p40 = new_with_vtable(descr=<SizeDescr 64>)
+496: setfield_gc(p40, p13, descr=<FieldP rpyeffect.stored_environment.Stack__arb_arb.inst_tail 8 pure>)
+504: setfield_gc(p40, 89, descr=<FieldS rpyeffect.stored_environment.Stack__arb_arb.inst_target 16 pure>)
+512: setfield_gc(p40, i1, descr=<FieldS rpyeffect.stored_environment.Stack__2_1.inst_values_num_0 40 pure>)
+516: setfield_gc(p40, i2, descr=<FieldS rpyeffect.stored_environment.Stack__2_1.inst_values_num_1 48 pure>)
+520: setfield_gc(p40, p5, descr=<FieldP rpyeffect.stored_environment.Stack__2_1.inst_values_ptr_0 56 pure>)
+524: setfield_gc(p39, ConstPtr(null), descr=<FieldP rpyeffect.stack.MetaStack.inst_region 24 pure>)
+532: setfield_gc(p39, p40, descr=<FieldP rpyeffect.stack.MetaStackLike.inst_stack 8 pure>)
+536: setfield_gc(p39, p12, descr=<FieldP rpyeffect.stack.MetaStack.inst_tail 32 pure>)
+544: setfield_gc(p39, p11, descr=<FieldP rpyeffect.stack.MetaStack.inst_label 16 pure>)
+568: jump(p26, p31, i36, p29, p38, p0, p39, ConstPtr(null), i2, i3, i4, p37, p8, p9, p10, descr=TargetToken(5372839760))
+712: --end of the loop--
[89df92] jit-log-opt-bridge}
[20133967] {jit-summary
Tracing:      	7	0.002724
Backend:      	7	0.001053
TOTAL:      		0.534422
ops:             	10632
heapcached ops:  	1294
recorded ops:    	2244
  calls:         	975
guards:          	362
opt ops:         	692
opt guards:      	120
opt guards shared:	95
forcings:        	0
abort: trace too long:	0
abort: compiling:	0
abort: vable escape:	0
abort: bad loop: 	0
abort: force quasi-immut:	0
abort: segmenting trace:	0
virtualizables forced:	0
nvirtuals:       	16
nvholes:         	0
nvreused:        	0
vecopt tried:    	0
vecopt success:  	0
Total # of loops:	4
Total # of bridges:	3
Freed # of loops:	0
Freed # of bridges:	0
[20136724] jit-summary}
