[4478f8] {jit-log-opt-loop
# Loop 1 (36<main.rpyeffect:36(Name(countdown2633))>+1: {"op": "Copy", "type": "ptr", "from": 1, "to", 0}) : loop with 147 ops
[p0, p1, p2, p3, p4]
+344: p5 = getfield_gc_r(p2, descr=<FieldP rpyeffect.environment.Environment.inst_values_num 16>)
+352: i7 = getarrayitem_gc_i(p5, 0, descr=<ArrayS 8>)
+356: i9 = getarrayitem_gc_i(p5, 1, descr=<ArrayS 8>)
+360: i11 = getarrayitem_gc_i(p5, 2, descr=<ArrayS 8>)
+364: i13 = getarrayitem_gc_i(p5, 3, descr=<ArrayS 8>)
+368: p14 = getfield_gc_r(p2, descr=<FieldP rpyeffect.environment.Environment.inst_values_ptr 24>)
+372: p16 = getarrayitem_gc_r(p14, 0, descr=<ArrayP 8>)
+376: p18 = getarrayitem_gc_r(p14, 1, descr=<ArrayP 8>)
+380: p20 = getarrayitem_gc_r(p14, 2, descr=<ArrayP 8>)
+384: p22 = getarrayitem_gc_r(p14, 3, descr=<ArrayP 8>)
+388: p24 = getarrayitem_gc_r(p14, 4, descr=<ArrayP 8>)
+392: label(p0, p1, p2, p3, p4, i7, i9, i11, i13, p16, p18, p20, p22, p24, descr=TargetToken(4970186256))
debug_merge_point(0, 0, '36<main.rpyeffect:36(Name(countdown2633))>+1: {"op": "Copy". "type": "ptr". "from": 1. "to". 0}')
+424: guard_not_invalidated(descr=<Guard0x1283f2498>) [p2, i7, i9, i11, i13, p16, p18, p20, p22, p24, p0, p1, p3, p4]
debug_merge_point(0, 0, '36<main.rpyeffect:36(Name(countdown2633))>+2: {"op": "Jump". "target": 29}')
+428: guard_nonnull(p1, descr=<Guard0x1283e0f20>) [p2, i7, i9, i11, i13, p16, p18, p20, p22, p24, p0, p1, p3, p4]
+440: i25 = getfield_gc_i(p1, descr=<FieldS rpyeffect.stored_environment.Stack__arb_arb.inst_target 16 pure>)
+448: guard_value(i25, 35, descr=<Guard0x1283e0f60>) [p2, i7, i9, i11, i13, p16, p18, p20, p22, p24, p0, p1, p3, p4]
debug_merge_point(0, 0, '29<main.rpyeffect:29([mcore:[#23]#40])>+0: {"op": "Invoke". "receiver": 0. "tag": Interned(%Get2637():n). "args" : {"num": []. "ptr": []}}')
+460: p27 = getfield_gc_r(p18, descr=<FieldP rpyeffect.stored_environment.CoData__arb_arb.inst_vtable 24 pure>)
+468: guard_value(p27, ConstPtr(ptr28), descr=<Guard0x1283e0fa0>) [p2, i7, i9, i11, i13, p16, p18, p20, p22, p24, p0, p1, p3, p4]
+476: p29 = getfield_gc_r(p18, descr=<FieldP rpyeffect.stored_environment.CoData__0_2.inst_values_ptr_0 32 pure>)
+480: p30 = getfield_gc_r(p18, descr=<FieldP rpyeffect.stored_environment.CoData__0_2.inst_values_ptr_1 40 pure>)
debug_merge_point(0, 0, '80<main.rpyeffect:80([#179])>+0: {"op": "Const". "type": "num". "out": 0. "value": 0}')
debug_merge_point(0, 0, '80<main.rpyeffect:80([#179])>+1: {"op": "ShiftDyn". "out": 1. "n": 0. "label": 1}')
+484: guard_isnull(p4, descr=<Guard0x1283e0fe0>) [p2, i7, i9, i11, i13, p16, p18, p20, p22, p24, p0, p1, p3, p4]
+496: i31 = getfield_gc_i(p0, descr=<FieldS rpyeffect.stack.Label.inst_origin 8 pure>)
+504: guard_value(i31, 89092, descr=<Guard0x1283e1020>) [p2, i7, i9, i11, i13, p16, p18, p20, p22, p24, p0, p1, p3, p4]
+520: i33 = getfield_gc_i(p30, descr=<FieldS rpyeffect.stack.Label.inst_origin 8 pure>)
+524: guard_value(i33, 89092, descr=<Guard0x1283e1060>) [p2, i7, i9, i11, i13, p16, p18, p20, p22, p24, p0, p1, p3, p4]
+540: i35 = instance_ptr_eq(p0, p30)
guard_true(i35, descr=<Guard0x1283e10a0>) [p2, i7, i9, i11, i13, p16, p18, p20, p22, p24, p0, p1, p3, p4]
+548: guard_nonnull_class(p3, 4345999080, descr=<Guard0x1283f24f0>) [p2, i7, i9, i11, i13, p16, p18, p20, p22, p24, p0, p1, p3, p4]
+576: p37 = getfield_gc_r(p3, descr=<FieldP rpyeffect.stack.MetaStackLike.inst_stack 8 pure>)
+580: p38 = getfield_gc_r(p3, descr=<FieldP rpyeffect.stack.MetaStack.inst_label 16 pure>)
+584: p39 = getfield_gc_r(p3, descr=<FieldP rpyeffect.stack.MetaStack.inst_tail 32 pure>)
+588: guard_nonnull(p37, descr=<Guard0x1283e10e0>) [p2, i7, i9, i11, i13, p16, p18, p20, p22, p24, p0, p1, p3, p4]
+596: i40 = getfield_gc_i(p37, descr=<FieldS rpyeffect.stored_environment.Stack__arb_arb.inst_target 16 pure>)
+600: guard_value(i40, 77, descr=<Guard0x1283e1120>) [p2, i7, i9, i11, i13, p16, p18, p20, p22, p24, p0, p1, p3, p4]
debug_merge_point(0, 0, '80<main.rpyeffect:80([#179])>+2: {"op": "Load". "out": 0. "type": "num". "ref": 0}')
+612: i42 = getfield_gc_i(p29, descr=<FieldS rpyeffect.region.NumRef.inst_value 8>)
debug_merge_point(0, 0, '80<main.rpyeffect:80([#179])>+3: {"op": "Copy". "type": "ptr". "from": 1. "to". 0}')
debug_merge_point(0, 0, '80<main.rpyeffect:80([#179])>+4: {"op": "Jump". "target": 72}')
debug_merge_point(0, 0, '72<main.rpyeffect:72(Name(resume83941))>+0: {"op": "PushStack". "arg": 0}')
debug_merge_point(0, 0, '72<main.rpyeffect:72(Name(resume83941))>+1: {"op": "Return". "args": {"num": [0]. "ptr": []}}')
+616: p43 = getfield_gc_r(p1, descr=<FieldP rpyeffect.stored_environment.Stack__0_2.inst_values_ptr_0 40 pure>)
+620: p44 = getfield_gc_r(p1, descr=<FieldP rpyeffect.stored_environment.Stack__0_2.inst_values_ptr_1 48 pure>)
+624: p45 = getfield_gc_r(p1, descr=<FieldP rpyeffect.stored_environment.Stack__arb_arb.inst_tail 8 pure>)
+628: guard_nonnull(p45, descr=<Guard0x1283e1160>) [p2, i7, i9, i11, i13, p16, p18, p20, p22, p24, p0, p1, p3, p4]
+636: i46 = getfield_gc_i(p45, descr=<FieldS rpyeffect.stored_environment.Stack__arb_arb.inst_target 16 pure>)
+640: guard_value(i46, 78, descr=<Guard0x1283e11a0>) [p2, i7, i9, i11, i13, p16, p18, p20, p22, p24, p0, p1, p3, p4]
debug_merge_point(0, 0, '35<main.rpyeffect:35([k@Name(countdown2633)#43])>+0: {"op": "Const". "type": "num". "out": 1. "value": 0}')
debug_merge_point(0, 0, '35<main.rpyeffect:35([k@Name(countdown2633)#43])>+1: {"op": "Push". "target": 34. "args": {"num": [0]. "ptr": [0. 1]}}')
debug_merge_point(0, 0, '35<main.rpyeffect:35([k@Name(countdown2633)#43])>+2: {"op": "Jump". "target": 4}')
debug_merge_point(0, 0, '4<main.rpyeffect:4(Name(infixEq71))>+0: {"op": "PrimOp". "name": "infixEq(Int. Int): Boolean". "out": {"num": [0]. "ptr": []}. "in": {"num": [0. 1]. "ptr": []}}')
+652: i49 = int_eq(i42, 0)
guard_false(i49, descr=<Guard0x1283e11e0>) [p2, i7, i9, i11, i13, p16, p18, p20, p22, p24, p0, p1, p3, p4]
debug_merge_point(0, 0, '4<main.rpyeffect:4(Name(infixEq71))>+1: {"op": "Return". "args": {"num": [0]. "ptr": []}}')
debug_merge_point(0, 0, '34<main.rpyeffect:34([k@[k@Name(countdown2633)#43]#47])>+0: {"op": "Swap". "type": "ptr". "a": 1. "b". 0}')
debug_merge_point(0, 0, '34<main.rpyeffect:34([k@[k@Name(countdown2633)#43]#47])>+1: {"op": "IfZero". "cond": 0. "then": {"tag": null. "target": 33. "args": {"num": []. "ptr": []}}}')
debug_merge_point(0, 0, '33<main.rpyeffect:33([then#49])>+0: {"op": "Const". "type": "num". "out": 0. "value": 1}')
debug_merge_point(0, 0, '33<main.rpyeffect:33([then#49])>+1: {"op": "Push". "target": 32. "args": {"num": []. "ptr": [1. 0]}}')
debug_merge_point(0, 0, '33<main.rpyeffect:33([then#49])>+2: {"op": "Swap". "type": "num". "a": 0. "b". 1}')
debug_merge_point(0, 0, '33<main.rpyeffect:33([then#49])>+3: {"op": "Jump". "target": 8}')
debug_merge_point(0, 0, '8<main.rpyeffect:8(Name(infixSub104))>+0: {"op": "PrimOp". "name": "infixSub(Int. Int): Int". "out": {"num": [0]. "ptr": []}. "in": {"num": [0. 1]. "ptr": []}}')
+660: i51 = int_sub(i42, 1)
debug_merge_point(0, 0, '8<main.rpyeffect:8(Name(infixSub104))>+1: {"op": "Return". "args": {"num": [0]. "ptr": []}}')
debug_merge_point(0, 0, '32<main.rpyeffect:32([k@[then#49]#53])>+0: {"op": "Push". "target": 31. "args": {"num": []. "ptr": [0. 1]}}')
debug_merge_point(0, 0, '32<main.rpyeffect:32([k@[then#49]#53])>+1: {"op": "Copy". "type": "ptr". "from": 1. "to". 0}')
debug_merge_point(0, 0, '32<main.rpyeffect:32([k@[then#49]#53])>+2: {"op": "Jump". "target": 30}')
debug_merge_point(0, 0, '30<main.rpyeffect:30([mcore:[#26]#41])>+0: {"op": "Invoke". "receiver": 0. "tag": Interned(%Set2639(n):p). "args" : {"num": [0]. "ptr": []}}')
+664: p52 = getfield_gc_r(p44, descr=<FieldP rpyeffect.stored_environment.CoData__arb_arb.inst_vtable 24 pure>)
+672: guard_value(p52, ConstPtr(ptr53), descr=<Guard0x1283e1220>) [p2, i7, i9, i11, i13, p16, p18, p20, p22, p24, p0, p1, p3, p4]
+680: p54 = getfield_gc_r(p44, descr=<FieldP rpyeffect.stored_environment.CoData__0_2.inst_values_ptr_0 32 pure>)
+684: p55 = getfield_gc_r(p44, descr=<FieldP rpyeffect.stored_environment.CoData__0_2.inst_values_ptr_1 40 pure>)
debug_merge_point(0, 0, '84<main.rpyeffect:84([#195])>+0: {"op": "Const". "type": "num". "out": 1. "value": 0}')
debug_merge_point(0, 0, '84<main.rpyeffect:84([#195])>+1: {"op": "ShiftDyn". "out": 1. "n": 1. "label": 1}')
+688: i56 = getfield_gc_i(p55, descr=<FieldS rpyeffect.stack.Label.inst_origin 8 pure>)
+692: guard_value(i56, 89092, descr=<Guard0x1283e1260>) [p2, i7, i9, i11, i13, p16, p18, p20, p22, p24, p0, p1, p3, p4]
+708: i58 = instance_ptr_eq(p0, p55)
guard_true(i58, descr=<Guard0x1283e12a0>) [p2, i7, i9, i11, i13, p16, p18, p20, p22, p24, p0, p1, p3, p4]
debug_merge_point(0, 0, '84<main.rpyeffect:84([#195])>+2: {"op": "Store". "ref": 0. "type": "num". "value": 0}')
debug_merge_point(0, 0, '84<main.rpyeffect:84([#195])>+3: {"op": "Construct". "out": 0. "type": Interned(Unit). "tag": Interned(unit). "args": {"num": []. "ptr": []}}')
debug_merge_point(0, 0, '84<main.rpyeffect:84([#195])>+4: {"op": "Construct". "out": 0. "type": Interned(Unit). "tag": Interned(unit). "args": {"num": []. "ptr": []}}')
debug_merge_point(0, 0, '84<main.rpyeffect:84([#195])>+5: {"op": "Jump". "target": 73}')
debug_merge_point(0, 0, '73<main.rpyeffect:73(Name(resume113942))>+0: {"op": "PushStack". "arg": 1}')
debug_merge_point(0, 0, '73<main.rpyeffect:73(Name(resume113942))>+1: {"op": "Return". "args": {"num": []. "ptr": [0]}}')
debug_merge_point(0, 0, '31<main.rpyeffect:31([k@[k@[then#49]#53]#56])>+0: {"op": "Copy". "type": "ptr". "from": 2. "to". 0}')
debug_merge_point(0, 0, '31<main.rpyeffect:31([k@[k@[then#49]#53]#56])>+1: {"op": "Jump". "target": 36}')
debug_merge_point(0, 0, '36<main.rpyeffect:36(Name(countdown2633))>+0: {"op": "Push". "target": 35. "args": {"num": []. "ptr": [1. 0]}}')
debug_merge_point(0, 0, '36<main.rpyeffect:36(Name(countdown2633))>+1: {"op": "Copy". "type": "ptr". "from": 1. "to". 0}')
+716: setfield_gc(p54, i51, descr=<FieldS rpyeffect.region.NumRef.inst_value 8>)
+720: label(p0, p45, p43, p44, p2, p37, p38, p39, i51, i11, i13, p22, p24, p55, p54, descr=TargetToken(4970186336))
debug_merge_point(0, 0, '36<main.rpyeffect:36(Name(countdown2633))>+1: {"op": "Copy". "type": "ptr". "from": 1. "to". 0}')
+748: guard_not_invalidated(descr=<Guard0x1283f2548>) [p2, i51, i11, i13, p44, p43, p22, p24, p0, p39, p38, p37, p45]
debug_merge_point(0, 0, '36<main.rpyeffect:36(Name(countdown2633))>+2: {"op": "Jump". "target": 29}')
debug_merge_point(0, 0, '29<main.rpyeffect:29([mcore:[#23]#40])>+0: {"op": "Invoke". "receiver": 0. "tag": Interned(%Get2637():n). "args" : {"num": []. "ptr": []}}')
+752: p59 = getfield_gc_r(p43, descr=<FieldP rpyeffect.stored_environment.CoData__arb_arb.inst_vtable 24 pure>)
+760: guard_value(p59, ConstPtr(ptr60), descr=<Guard0x1283e12e0>) [p2, i51, i11, i13, p44, p43, p22, p24, p0, p39, p38, p37, p45]
+768: p61 = getfield_gc_r(p43, descr=<FieldP rpyeffect.stored_environment.CoData__0_2.inst_values_ptr_0 32 pure>)
+772: p62 = getfield_gc_r(p43, descr=<FieldP rpyeffect.stored_environment.CoData__0_2.inst_values_ptr_1 40 pure>)
debug_merge_point(0, 0, '80<main.rpyeffect:80([#179])>+0: {"op": "Const". "type": "num". "out": 0. "value": 0}')
debug_merge_point(0, 0, '80<main.rpyeffect:80([#179])>+1: {"op": "ShiftDyn". "out": 1. "n": 0. "label": 1}')
+776: i63 = getfield_gc_i(p62, descr=<FieldS rpyeffect.stack.Label.inst_origin 8 pure>)
+780: guard_value(i63, 89092, descr=<Guard0x1283e1320>) [p2, i51, i11, i13, p44, p43, p22, p24, p0, p39, p38, p37, p45]
+796: i65 = instance_ptr_eq(p0, p62)
guard_true(i65, descr=<Guard0x1283e1360>) [p2, i51, i11, i13, p44, p43, p22, p24, p0, p39, p38, p37, p45]
debug_merge_point(0, 0, '80<main.rpyeffect:80([#179])>+2: {"op": "Load". "out": 0. "type": "num". "ref": 0}')
+804: i66 = getfield_gc_i(p61, descr=<FieldS rpyeffect.region.NumRef.inst_value 8>)
debug_merge_point(0, 0, '80<main.rpyeffect:80([#179])>+3: {"op": "Copy". "type": "ptr". "from": 1. "to". 0}')
debug_merge_point(0, 0, '80<main.rpyeffect:80([#179])>+4: {"op": "Jump". "target": 72}')
debug_merge_point(0, 0, '72<main.rpyeffect:72(Name(resume83941))>+0: {"op": "PushStack". "arg": 0}')
debug_merge_point(0, 0, '72<main.rpyeffect:72(Name(resume83941))>+1: {"op": "Return". "args": {"num": [0]. "ptr": []}}')
debug_merge_point(0, 0, '35<main.rpyeffect:35([k@Name(countdown2633)#43])>+0: {"op": "Const". "type": "num". "out": 1. "value": 0}')
debug_merge_point(0, 0, '35<main.rpyeffect:35([k@Name(countdown2633)#43])>+1: {"op": "Push". "target": 34. "args": {"num": [0]. "ptr": [0. 1]}}')
debug_merge_point(0, 0, '35<main.rpyeffect:35([k@Name(countdown2633)#43])>+2: {"op": "Jump". "target": 4}')
debug_merge_point(0, 0, '4<main.rpyeffect:4(Name(infixEq71))>+0: {"op": "PrimOp". "name": "infixEq(Int. Int): Boolean". "out": {"num": [0]. "ptr": []}. "in": {"num": [0. 1]. "ptr": []}}')
+808: i68 = int_eq(i66, 0)
guard_false(i68, descr=<Guard0x1283e13a0>) [p2, i51, i11, i13, p44, p43, p22, p24, p0, p39, p38, p37, p45]
debug_merge_point(0, 0, '4<main.rpyeffect:4(Name(infixEq71))>+1: {"op": "Return". "args": {"num": [0]. "ptr": []}}')
debug_merge_point(0, 0, '34<main.rpyeffect:34([k@[k@Name(countdown2633)#43]#47])>+0: {"op": "Swap". "type": "ptr". "a": 1. "b". 0}')
debug_merge_point(0, 0, '34<main.rpyeffect:34([k@[k@Name(countdown2633)#43]#47])>+1: {"op": "IfZero". "cond": 0. "then": {"tag": null. "target": 33. "args": {"num": []. "ptr": []}}}')
debug_merge_point(0, 0, '33<main.rpyeffect:33([then#49])>+0: {"op": "Const". "type": "num". "out": 0. "value": 1}')
debug_merge_point(0, 0, '33<main.rpyeffect:33([then#49])>+1: {"op": "Push". "target": 32. "args": {"num": []. "ptr": [1. 0]}}')
debug_merge_point(0, 0, '33<main.rpyeffect:33([then#49])>+2: {"op": "Swap". "type": "num". "a": 0. "b". 1}')
debug_merge_point(0, 0, '33<main.rpyeffect:33([then#49])>+3: {"op": "Jump". "target": 8}')
debug_merge_point(0, 0, '8<main.rpyeffect:8(Name(infixSub104))>+0: {"op": "PrimOp". "name": "infixSub(Int. Int): Int". "out": {"num": [0]. "ptr": []}. "in": {"num": [0. 1]. "ptr": []}}')
+816: i70 = int_sub(i66, 1)
debug_merge_point(0, 0, '8<main.rpyeffect:8(Name(infixSub104))>+1: {"op": "Return". "args": {"num": [0]. "ptr": []}}')
debug_merge_point(0, 0, '32<main.rpyeffect:32([k@[then#49]#53])>+0: {"op": "Push". "target": 31. "args": {"num": []. "ptr": [0. 1]}}')
debug_merge_point(0, 0, '32<main.rpyeffect:32([k@[then#49]#53])>+1: {"op": "Copy". "type": "ptr". "from": 1. "to". 0}')
debug_merge_point(0, 0, '32<main.rpyeffect:32([k@[then#49]#53])>+2: {"op": "Jump". "target": 30}')
debug_merge_point(0, 0, '30<main.rpyeffect:30([mcore:[#26]#41])>+0: {"op": "Invoke". "receiver": 0. "tag": Interned(%Set2639(n):p). "args" : {"num": [0]. "ptr": []}}')
debug_merge_point(0, 0, '84<main.rpyeffect:84([#195])>+0: {"op": "Const". "type": "num". "out": 1. "value": 0}')
debug_merge_point(0, 0, '84<main.rpyeffect:84([#195])>+1: {"op": "ShiftDyn". "out": 1. "n": 1. "label": 1}')
debug_merge_point(0, 0, '84<main.rpyeffect:84([#195])>+2: {"op": "Store". "ref": 0. "type": "num". "value": 0}')
debug_merge_point(0, 0, '84<main.rpyeffect:84([#195])>+3: {"op": "Construct". "out": 0. "type": Interned(Unit). "tag": Interned(unit). "args": {"num": []. "ptr": []}}')
debug_merge_point(0, 0, '84<main.rpyeffect:84([#195])>+4: {"op": "Construct". "out": 0. "type": Interned(Unit). "tag": Interned(unit). "args": {"num": []. "ptr": []}}')
debug_merge_point(0, 0, '84<main.rpyeffect:84([#195])>+5: {"op": "Jump". "target": 73}')
debug_merge_point(0, 0, '73<main.rpyeffect:73(Name(resume113942))>+0: {"op": "PushStack". "arg": 1}')
debug_merge_point(0, 0, '73<main.rpyeffect:73(Name(resume113942))>+1: {"op": "Return". "args": {"num": []. "ptr": [0]}}')
debug_merge_point(0, 0, '31<main.rpyeffect:31([k@[k@[then#49]#53]#56])>+0: {"op": "Copy". "type": "ptr". "from": 2. "to". 0}')
debug_merge_point(0, 0, '31<main.rpyeffect:31([k@[k@[then#49]#53]#56])>+1: {"op": "Jump". "target": 36}')
debug_merge_point(0, 0, '36<main.rpyeffect:36(Name(countdown2633))>+0: {"op": "Push". "target": 35. "args": {"num": []. "ptr": [1. 0]}}')
debug_merge_point(0, 0, '36<main.rpyeffect:36(Name(countdown2633))>+1: {"op": "Copy". "type": "ptr". "from": 1. "to". 0}')
+820: setfield_gc(p54, i70, descr=<FieldS rpyeffect.region.NumRef.inst_value 8>)
+824: jump(p0, p45, p43, p44, p2, p37, p38, p39, i70, i11, i13, p22, p24, p55, p54, descr=TargetToken(4970186336))
+832: --end of the loop--
[46dd9a] jit-log-opt-loop}
[192f21fb] {jit-summary
Tracing:      	1	0.000727
Backend:      	1	0.000157
TOTAL:      		0.419631
ops:             	1764
heapcached ops:  	275
recorded ops:    	318
  calls:         	31
guards:          	85
opt ops:         	135
opt guards:      	23
opt guards shared:	20
forcings:        	0
abort: trace too long:	0
abort: compiling:	0
abort: vable escape:	0
abort: bad loop: 	0
abort: force quasi-immut:	0
abort: segmenting trace:	0
virtualizables forced:	0
nvirtuals:       	2
nvholes:         	0
nvreused:        	0
vecopt tried:    	0
vecopt success:  	0
Total # of loops:	1
Total # of bridges:	0
Freed # of loops:	0
Freed # of bridges:	0
[192f57b1] jit-summary}
