[660941] {jit-log-opt-loop
# Loop 1 (85<main.rpyeffect:85(Name(countdown2631))>+1: {"op": "Jump", "target": 78}) : loop with 292 ops
[p0, p1, p2, p3, p4]
+792: p5 = getfield_gc_r(p2, descr=<FieldP rpyeffect.environment.Environment.inst_values_num 16>)
+800: i7 = getarrayitem_gc_i(p5, 0, descr=<ArrayS 8>)
+804: i9 = getarrayitem_gc_i(p5, 1, descr=<ArrayS 8>)
+808: i11 = getarrayitem_gc_i(p5, 2, descr=<ArrayS 8>)
+812: i13 = getarrayitem_gc_i(p5, 3, descr=<ArrayS 8>)
+816: p14 = getfield_gc_r(p2, descr=<FieldP rpyeffect.environment.Environment.inst_values_ptr 24>)
+820: p16 = getarrayitem_gc_r(p14, 0, descr=<ArrayP 8>)
+824: p18 = getarrayitem_gc_r(p14, 1, descr=<ArrayP 8>)
+828: p20 = getarrayitem_gc_r(p14, 2, descr=<ArrayP 8>)
+832: p22 = getarrayitem_gc_r(p14, 3, descr=<ArrayP 8>)
+836: p24 = getarrayitem_gc_r(p14, 4, descr=<ArrayP 8>)
+840: label(p0, p1, p2, p3, p4, i7, i9, i11, i13, p16, p18, p20, p22, p24, descr=TargetToken(4970186976))
debug_merge_point(0, 0, '85<main.rpyeffect:85(Name(countdown2631))>+1: {"op": "Jump". "target": 78}')
+872: guard_not_invalidated(descr=<Guard0x1283f68b8>) [p2, i7, i9, i11, i13, p16, p18, p20, p22, p24, p0, p1, p3, p4]
+876: guard_nonnull(p1, descr=<Guard0x1283ed9e0>) [p2, i7, i9, i11, i13, p16, p18, p20, p22, p24, p0, p1, p3, p4]
+888: i25 = getfield_gc_i(p1, descr=<FieldS rpyeffect.stored_environment.Stack__arb_arb.inst_target 16 pure>)
+896: guard_value(i25, 84, descr=<Guard0x1283eda20>) [p2, i7, i9, i11, i13, p16, p18, p20, p22, p24, p0, p1, p3, p4]
debug_merge_point(0, 0, '78<main.rpyeffect:78([mcore:[#75]#215])>+0: {"op": "Invoke". "receiver": 0. "tag": Interned(%getS2645():n). "args" : {"num": []. "ptr": []}}')
+908: p27 = getfield_gc_r(p16, descr=<FieldP rpyeffect.stored_environment.CoData__arb_arb.inst_vtable 24 pure>)
+916: guard_value(p27, ConstPtr(ptr28), descr=<Guard0x1283eda60>) [p2, i7, i9, i11, i13, p16, p18, p20, p22, p24, p0, p1, p3, p4]
+924: p29 = getfield_gc_r(p16, descr=<FieldP rpyeffect.stored_environment.CoData__0_2.inst_values_ptr_0 32 pure>)
+928: p30 = getfield_gc_r(p16, descr=<FieldP rpyeffect.stored_environment.CoData__0_2.inst_values_ptr_1 40 pure>)
debug_merge_point(0, 0, '132<main.rpyeffect:132([#357])>+0: {"op": "Const". "type": "num". "out": 0. "value": 0}')
debug_merge_point(0, 0, '132<main.rpyeffect:132([#357])>+1: {"op": "ShiftDyn". "out": 0. "n": 0. "label": 0}')
+932: guard_isnull(p4, descr=<Guard0x1283edaa0>) [p2, i7, i9, i11, i13, p16, p18, p20, p22, p24, p0, p1, p3, p4]
+944: i31 = getfield_gc_i(p0, descr=<FieldS rpyeffect.stack.Label.inst_origin 8 pure>)
+952: guard_value(i31, 101381, descr=<Guard0x1283edae0>) [p2, i7, i9, i11, i13, p16, p18, p20, p22, p24, p0, p1, p3, p4]
+968: i33 = getfield_gc_i(p29, descr=<FieldS rpyeffect.stack.Label.inst_origin 8 pure>)
+972: guard_value(i33, 147460, descr=<Guard0x1283edb20>) [p2, i7, i9, i11, i13, p16, p18, p20, p22, p24, p0, p1, p3, p4]
+988: p35 = getfield_gc_r(p3, descr=<FieldP rpyeffect.stack.MetaStack.inst_region 24 pure>)
+996: guard_isnull(p35, descr=<Guard0x1283edb60>) [p2, i7, i9, i11, i13, p16, p18, p20, p22, p24, p0, p1, p3, p4]
+1004: p36 = getfield_gc_r(p3, descr=<FieldP rpyeffect.stack.MetaStack.inst_label 16 pure>)
+1008: i37 = getfield_gc_i(p36, descr=<FieldS rpyeffect.stack.Label.inst_origin 8 pure>)
+1012: guard_value(i37, 101377, descr=<Guard0x1283edba0>) [p2, i7, i9, i11, i13, p16, p18, p20, p22, p24, p0, p1, p3, p4]
+1028: p39 = getfield_gc_r(p3, descr=<FieldP rpyeffect.stack.MetaStack.inst_tail 32 pure>)
+1032: p40 = getfield_gc_r(p39, descr=<FieldP rpyeffect.stack.MetaStack.inst_region 24 pure>)
+1036: guard_isnull(p40, descr=<Guard0x1283edbe0>) [p2, i7, i9, i11, i13, p16, p18, p20, p22, p24, p0, p1, p3, p4]
+1044: p41 = getfield_gc_r(p39, descr=<FieldP rpyeffect.stack.MetaStack.inst_label 16 pure>)
+1048: i42 = getfield_gc_i(p41, descr=<FieldS rpyeffect.stack.Label.inst_origin 8 pure>)
+1052: guard_value(i42, 101381, descr=<Guard0x1283edc20>) [p2, i7, i9, i11, i13, p16, p18, p20, p22, p24, p0, p1, p3, p4]
+1068: p44 = getfield_gc_r(p39, descr=<FieldP rpyeffect.stack.MetaStack.inst_tail 32 pure>)
+1072: p45 = getfield_gc_r(p44, descr=<FieldP rpyeffect.stack.MetaStack.inst_region 24 pure>)
+1076: guard_isnull(p45, descr=<Guard0x1283edc60>) [p2, i7, i9, i11, i13, p16, p18, p20, p22, p24, p0, p1, p3, p4]
+1084: p46 = getfield_gc_r(p44, descr=<FieldP rpyeffect.stack.MetaStack.inst_label 16 pure>)
+1088: i47 = getfield_gc_i(p46, descr=<FieldS rpyeffect.stack.Label.inst_origin 8 pure>)
+1092: guard_value(i47, 101377, descr=<Guard0x1283edca0>) [p2, i7, i9, i11, i13, p16, p18, p20, p22, p24, p0, p1, p3, p4]
+1108: p49 = getfield_gc_r(p44, descr=<FieldP rpyeffect.stack.MetaStack.inst_tail 32 pure>)
+1112: p50 = getfield_gc_r(p49, descr=<FieldP rpyeffect.stack.MetaStack.inst_region 24 pure>)
+1116: guard_isnull(p50, descr=<Guard0x1283edce0>) [p2, i7, i9, i11, i13, p16, p18, p20, p22, p24, p0, p1, p3, p4]
+1124: p51 = getfield_gc_r(p49, descr=<FieldP rpyeffect.stack.MetaStack.inst_label 16 pure>)
+1128: i52 = getfield_gc_i(p51, descr=<FieldS rpyeffect.stack.Label.inst_origin 8 pure>)
+1132: guard_value(i52, 101381, descr=<Guard0x1283edd20>) [p2, i7, i9, i11, i13, p16, p18, p20, p22, p24, p0, p1, p3, p4]
+1148: p54 = getfield_gc_r(p49, descr=<FieldP rpyeffect.stack.MetaStack.inst_tail 32 pure>)
+1152: p55 = getfield_gc_r(p54, descr=<FieldP rpyeffect.stack.MetaStack.inst_region 24 pure>)
+1156: guard_isnull(p55, descr=<Guard0x1283edd60>) [p2, i7, i9, i11, i13, p16, p18, p20, p22, p24, p0, p1, p3, p4]
+1164: p56 = getfield_gc_r(p54, descr=<FieldP rpyeffect.stack.MetaStack.inst_label 16 pure>)
+1168: i57 = getfield_gc_i(p56, descr=<FieldS rpyeffect.stack.Label.inst_origin 8 pure>)
+1172: guard_value(i57, 101377, descr=<Guard0x1283edda0>) [p2, i7, i9, i11, i13, p16, p18, p20, p22, p24, p0, p1, p3, p4]
+1192: p59 = getfield_gc_r(p54, descr=<FieldP rpyeffect.stack.MetaStack.inst_tail 32 pure>)
+1196: p60 = getfield_gc_r(p59, descr=<FieldP rpyeffect.stack.MetaStack.inst_region 24 pure>)
+1200: guard_isnull(p60, descr=<Guard0x1283edde0>) [p2, i7, i9, i11, i13, p16, p18, p20, p22, p24, p0, p1, p3, p4]
+1208: p61 = getfield_gc_r(p59, descr=<FieldP rpyeffect.stack.MetaStack.inst_label 16 pure>)
+1212: i62 = getfield_gc_i(p61, descr=<FieldS rpyeffect.stack.Label.inst_origin 8 pure>)
+1220: guard_value(i62, 101381, descr=<Guard0x1283ede20>) [p2, i7, i9, i11, i13, p16, p18, p20, p22, p24, p0, p1, p3, p4]
+1240: p64 = getfield_gc_r(p59, descr=<FieldP rpyeffect.stack.MetaStack.inst_tail 32 pure>)
+1244: p65 = getfield_gc_r(p64, descr=<FieldP rpyeffect.stack.MetaStack.inst_region 24 pure>)
+1248: guard_isnull(p65, descr=<Guard0x1283ede60>) [p2, i7, i9, i11, i13, p16, p18, p20, p22, p24, p0, p1, p3, p4]
+1256: p66 = getfield_gc_r(p64, descr=<FieldP rpyeffect.stack.MetaStack.inst_label 16 pure>)
+1260: i67 = getfield_gc_i(p66, descr=<FieldS rpyeffect.stack.Label.inst_origin 8 pure>)
+1268: guard_value(i67, 101377, descr=<Guard0x1283edea0>) [p2, i7, i9, i11, i13, p16, p18, p20, p22, p24, p0, p1, p3, p4]
+1288: p69 = getfield_gc_r(p64, descr=<FieldP rpyeffect.stack.MetaStack.inst_tail 32 pure>)
+1292: p70 = getfield_gc_r(p69, descr=<FieldP rpyeffect.stack.MetaStack.inst_region 24 pure>)
+1296: guard_isnull(p70, descr=<Guard0x1283edee0>) [p2, i7, i9, i11, i13, p16, p18, p20, p22, p24, p0, p1, p3, p4]
+1304: p71 = getfield_gc_r(p69, descr=<FieldP rpyeffect.stack.MetaStack.inst_label 16 pure>)
+1308: i72 = getfield_gc_i(p71, descr=<FieldS rpyeffect.stack.Label.inst_origin 8 pure>)
+1316: guard_value(i72, 101381, descr=<Guard0x1283edf20>) [p2, i7, i9, i11, i13, p16, p18, p20, p22, p24, p0, p1, p3, p4]
+1336: p74 = getfield_gc_r(p69, descr=<FieldP rpyeffect.stack.MetaStack.inst_tail 32 pure>)
+1340: p75 = getfield_gc_r(p74, descr=<FieldP rpyeffect.stack.MetaStack.inst_region 24 pure>)
+1344: guard_isnull(p75, descr=<Guard0x1283edf60>) [p2, i7, i9, i11, i13, p16, p18, p20, p22, p24, p0, p1, p3, p4]
+1352: p76 = getfield_gc_r(p74, descr=<FieldP rpyeffect.stack.MetaStack.inst_label 16 pure>)
+1356: i77 = getfield_gc_i(p76, descr=<FieldS rpyeffect.stack.Label.inst_origin 8 pure>)
+1364: guard_value(i77, 101377, descr=<Guard0x1283edfa0>) [p2, i7, i9, i11, i13, p16, p18, p20, p22, p24, p0, p1, p3, p4]
+1384: p79 = getfield_gc_r(p74, descr=<FieldP rpyeffect.stack.MetaStack.inst_tail 32 pure>)
+1388: p80 = getfield_gc_r(p79, descr=<FieldP rpyeffect.stack.MetaStack.inst_region 24 pure>)
+1392: guard_isnull(p80, descr=<Guard0x128432020>) [p2, i7, i9, i11, i13, p16, p18, p20, p22, p24, p0, p1, p3, p4]
+1400: p81 = getfield_gc_r(p79, descr=<FieldP rpyeffect.stack.MetaStack.inst_label 16 pure>)
+1404: i82 = getfield_gc_i(p81, descr=<FieldS rpyeffect.stack.Label.inst_origin 8 pure>)
+1412: guard_value(i82, 101381, descr=<Guard0x128432060>) [p2, i7, i9, i11, i13, p16, p18, p20, p22, p24, p0, p1, p3, p4]
+1432: p84 = getfield_gc_r(p79, descr=<FieldP rpyeffect.stack.MetaStack.inst_tail 32 pure>)
+1436: p85 = getfield_gc_r(p84, descr=<FieldP rpyeffect.stack.MetaStack.inst_region 24 pure>)
+1440: guard_isnull(p85, descr=<Guard0x1284320a0>) [p2, i7, i9, i11, i13, p16, p18, p20, p22, p24, p0, p1, p3, p4]
+1448: p86 = getfield_gc_r(p84, descr=<FieldP rpyeffect.stack.MetaStack.inst_label 16 pure>)
+1452: i87 = getfield_gc_i(p86, descr=<FieldS rpyeffect.stack.Label.inst_origin 8 pure>)
+1460: guard_value(i87, 101377, descr=<Guard0x1284320e0>) [p2, i7, i9, i11, i13, p16, p18, p20, p22, p24, p0, p1, p3, p4]
+1480: p89 = getfield_gc_r(p84, descr=<FieldP rpyeffect.stack.MetaStack.inst_tail 32 pure>)
+1484: p90 = getfield_gc_r(p89, descr=<FieldP rpyeffect.stack.MetaStack.inst_region 24 pure>)
+1488: guard_isnull(p90, descr=<Guard0x128432120>) [p2, i7, i9, i11, i13, p16, p18, p20, p22, p24, p0, p1, p3, p4]
+1496: p91 = getfield_gc_r(p89, descr=<FieldP rpyeffect.stack.MetaStack.inst_label 16 pure>)
+1500: i92 = getfield_gc_i(p91, descr=<FieldS rpyeffect.stack.Label.inst_origin 8 pure>)
+1508: guard_value(i92, 101381, descr=<Guard0x128432160>) [p2, i7, i9, i11, i13, p16, p18, p20, p22, p24, p0, p1, p3, p4]
+1524: p94 = getfield_gc_r(p89, descr=<FieldP rpyeffect.stack.MetaStack.inst_tail 32 pure>)
+1528: p95 = getfield_gc_r(p94, descr=<FieldP rpyeffect.stack.MetaStack.inst_region 24 pure>)
+1532: guard_isnull(p95, descr=<Guard0x1284321a0>) [p2, i7, i9, i11, i13, p16, p18, p20, p22, p24, p0, p1, p3, p4]
+1540: p96 = getfield_gc_r(p94, descr=<FieldP rpyeffect.stack.MetaStack.inst_label 16 pure>)
+1544: i97 = getfield_gc_i(p96, descr=<FieldS rpyeffect.stack.Label.inst_origin 8 pure>)
+1552: guard_value(i97, 101377, descr=<Guard0x1284321e0>) [p2, i7, i9, i11, i13, p16, p18, p20, p22, p24, p0, p1, p3, p4]
+1572: p99 = getfield_gc_r(p94, descr=<FieldP rpyeffect.stack.MetaStack.inst_tail 32 pure>)
+1576: p100 = getfield_gc_r(p99, descr=<FieldP rpyeffect.stack.MetaStack.inst_region 24 pure>)
+1580: guard_isnull(p100, descr=<Guard0x128432220>) [p2, i7, i9, i11, i13, p16, p18, p20, p22, p24, p0, p1, p3, p4]
+1588: p101 = getfield_gc_r(p99, descr=<FieldP rpyeffect.stack.MetaStack.inst_label 16 pure>)
+1592: i102 = getfield_gc_i(p101, descr=<FieldS rpyeffect.stack.Label.inst_origin 8 pure>)
+1600: guard_value(i102, 101381, descr=<Guard0x128432260>) [p2, i7, i9, i11, i13, p16, p18, p20, p22, p24, p0, p1, p3, p4]
+1616: p104 = getfield_gc_r(p99, descr=<FieldP rpyeffect.stack.MetaStack.inst_tail 32 pure>)
+1620: p105 = getfield_gc_r(p104, descr=<FieldP rpyeffect.stack.MetaStack.inst_region 24 pure>)
+1624: guard_isnull(p105, descr=<Guard0x1284322a0>) [p2, i7, i9, i11, i13, p16, p18, p20, p22, p24, p0, p1, p3, p4]
+1632: p106 = getfield_gc_r(p104, descr=<FieldP rpyeffect.stack.MetaStack.inst_label 16 pure>)
+1636: i107 = getfield_gc_i(p106, descr=<FieldS rpyeffect.stack.Label.inst_origin 8 pure>)
+1644: guard_value(i107, 101377, descr=<Guard0x1284322e0>) [p2, i7, i9, i11, i13, p16, p18, p20, p22, p24, p0, p1, p3, p4]
+1664: p109 = getfield_gc_r(p104, descr=<FieldP rpyeffect.stack.MetaStack.inst_tail 32 pure>)
+1668: p110 = getfield_gc_r(p109, descr=<FieldP rpyeffect.stack.MetaStack.inst_region 24 pure>)
+1672: guard_isnull(p110, descr=<Guard0x128432320>) [p2, i7, i9, i11, i13, p16, p18, p20, p22, p24, p0, p1, p3, p4]
+1680: p111 = getfield_gc_r(p109, descr=<FieldP rpyeffect.stack.MetaStack.inst_label 16 pure>)
+1684: i112 = getfield_gc_i(p111, descr=<FieldS rpyeffect.stack.Label.inst_origin 8 pure>)
+1692: guard_value(i112, 101381, descr=<Guard0x128432360>) [p2, i7, i9, i11, i13, p16, p18, p20, p22, p24, p0, p1, p3, p4]
+1712: p114 = getfield_gc_r(p109, descr=<FieldP rpyeffect.stack.MetaStack.inst_tail 32 pure>)
+1716: p115 = getfield_gc_r(p114, descr=<FieldP rpyeffect.stack.MetaStack.inst_region 24 pure>)
+1720: guard_isnull(p115, descr=<Guard0x1284323a0>) [p2, i7, i9, i11, i13, p16, p18, p20, p22, p24, p0, p1, p3, p4]
+1728: p116 = getfield_gc_r(p114, descr=<FieldP rpyeffect.stack.MetaStack.inst_label 16 pure>)
+1732: i117 = getfield_gc_i(p116, descr=<FieldS rpyeffect.stack.Label.inst_origin 8 pure>)
+1740: guard_value(i117, 101377, descr=<Guard0x1284323e0>) [p2, i7, i9, i11, i13, p16, p18, p20, p22, p24, p0, p1, p3, p4]
+1760: p119 = getfield_gc_r(p114, descr=<FieldP rpyeffect.stack.MetaStack.inst_tail 32 pure>)
+1764: p120 = getfield_gc_r(p119, descr=<FieldP rpyeffect.stack.MetaStack.inst_region 24 pure>)
+1768: guard_isnull(p120, descr=<Guard0x128432420>) [p2, i7, i9, i11, i13, p16, p18, p20, p22, p24, p0, p1, p3, p4]
+1776: p121 = getfield_gc_r(p119, descr=<FieldP rpyeffect.stack.MetaStack.inst_label 16 pure>)
+1780: i122 = getfield_gc_i(p121, descr=<FieldS rpyeffect.stack.Label.inst_origin 8 pure>)
+1788: guard_value(i122, 101381, descr=<Guard0x128432460>) [p2, i7, i9, i11, i13, p16, p18, p20, p22, p24, p0, p1, p3, p4]
+1808: p124 = getfield_gc_r(p119, descr=<FieldP rpyeffect.stack.MetaStack.inst_tail 32 pure>)
+1812: p125 = getfield_gc_r(p124, descr=<FieldP rpyeffect.stack.MetaStack.inst_region 24 pure>)
+1816: guard_isnull(p125, descr=<Guard0x1284324a0>) [p2, i7, i9, i11, i13, p16, p18, p20, p22, p24, p0, p1, p3, p4]
+1824: p126 = getfield_gc_r(p124, descr=<FieldP rpyeffect.stack.MetaStack.inst_label 16 pure>)
+1828: i127 = getfield_gc_i(p126, descr=<FieldS rpyeffect.stack.Label.inst_origin 8 pure>)
+1836: guard_value(i127, 101377, descr=<Guard0x1284324e0>) [p2, i7, i9, i11, i13, p16, p18, p20, p22, p24, p0, p1, p3, p4]
+1856: p129 = getfield_gc_r(p124, descr=<FieldP rpyeffect.stack.MetaStack.inst_tail 32 pure>)
+1860: p130 = getfield_gc_r(p129, descr=<FieldP rpyeffect.stack.MetaStack.inst_region 24 pure>)
+1864: guard_isnull(p130, descr=<Guard0x128432520>) [p2, i7, i9, i11, i13, p16, p18, p20, p22, p24, p0, p1, p3, p4]
+1872: p131 = getfield_gc_r(p129, descr=<FieldP rpyeffect.stack.MetaStack.inst_label 16 pure>)
+1876: i132 = getfield_gc_i(p131, descr=<FieldS rpyeffect.stack.Label.inst_origin 8 pure>)
+1884: guard_value(i132, 147460, descr=<Guard0x128432560>) [p2, i7, i9, i11, i13, p16, p18, p20, p22, p24, p0, p1, p3, p4]
+1904: i134 = instance_ptr_eq(p131, p29)
guard_true(i134, descr=<Guard0x1284325a0>) [p2, i7, i9, i11, i13, p16, p18, p20, p22, p24, p0, p1, p3, p4]
+1912: p135 = getfield_gc_r(p129, descr=<FieldP rpyeffect.stack.MetaStackLike.inst_stack 8 pure>)
+1916: guard_class(p129, 4348112616, descr=<Guard0x1284325e0>) [p2, i7, i9, i11, i13, p16, p18, p20, p22, p24, p0, p1, p3, p4]
+1932: p137 = getfield_gc_r(p129, descr=<FieldP rpyeffect.stack.MetaStack.inst_tail 32 pure>)
+1936: p138 = getfield_gc_r(p124, descr=<FieldP rpyeffect.stack.MetaStackLike.inst_stack 8 pure>)
+1940: guard_class(p124, 4348112616, descr=<Guard0x128432620>) [p2, i7, i9, i11, i13, p16, p18, p20, p22, p24, p0, p1, p3, p4]
+1956: p140 = getfield_gc_r(p119, descr=<FieldP rpyeffect.stack.MetaStackLike.inst_stack 8 pure>)
+1960: guard_class(p119, 4348112616, descr=<Guard0x128432660>) [p2, i7, i9, i11, i13, p16, p18, p20, p22, p24, p0, p1, p3, p4]
+1976: p142 = getfield_gc_r(p114, descr=<FieldP rpyeffect.stack.MetaStackLike.inst_stack 8 pure>)
+1980: guard_class(p114, 4348112616, descr=<Guard0x1284326a0>) [p2, i7, i9, i11, i13, p16, p18, p20, p22, p24, p0, p1, p3, p4]
+1996: p144 = getfield_gc_r(p109, descr=<FieldP rpyeffect.stack.MetaStackLike.inst_stack 8 pure>)
+2000: guard_class(p109, 4348112616, descr=<Guard0x1284326e0>) [p2, i7, i9, i11, i13, p16, p18, p20, p22, p24, p0, p1, p3, p4]
+2016: p146 = getfield_gc_r(p104, descr=<FieldP rpyeffect.stack.MetaStackLike.inst_stack 8 pure>)
+2020: guard_class(p104, 4348112616, descr=<Guard0x128432720>) [p2, i7, i9, i11, i13, p16, p18, p20, p22, p24, p0, p1, p3, p4]
+2036: p148 = getfield_gc_r(p99, descr=<FieldP rpyeffect.stack.MetaStackLike.inst_stack 8 pure>)
+2040: guard_class(p99, 4348112616, descr=<Guard0x128432760>) [p2, i7, i9, i11, i13, p16, p18, p20, p22, p24, p0, p1, p3, p4]
+2056: p150 = getfield_gc_r(p94, descr=<FieldP rpyeffect.stack.MetaStackLike.inst_stack 8 pure>)
+2060: guard_class(p94, 4348112616, descr=<Guard0x1284327a0>) [p2, i7, i9, i11, i13, p16, p18, p20, p22, p24, p0, p1, p3, p4]
+2076: p152 = getfield_gc_r(p89, descr=<FieldP rpyeffect.stack.MetaStackLike.inst_stack 8 pure>)
+2080: guard_class(p89, 4348112616, descr=<Guard0x1284327e0>) [p2, i7, i9, i11, i13, p16, p18, p20, p22, p24, p0, p1, p3, p4]
+2096: p154 = getfield_gc_r(p84, descr=<FieldP rpyeffect.stack.MetaStackLike.inst_stack 8 pure>)
+2100: guard_class(p84, 4348112616, descr=<Guard0x128432820>) [p2, i7, i9, i11, i13, p16, p18, p20, p22, p24, p0, p1, p3, p4]
+2116: p156 = getfield_gc_r(p79, descr=<FieldP rpyeffect.stack.MetaStackLike.inst_stack 8 pure>)
+2120: guard_class(p79, 4348112616, descr=<Guard0x128432860>) [p2, i7, i9, i11, i13, p16, p18, p20, p22, p24, p0, p1, p3, p4]
+2136: p158 = getfield_gc_r(p74, descr=<FieldP rpyeffect.stack.MetaStackLike.inst_stack 8 pure>)
+2140: guard_class(p74, 4348112616, descr=<Guard0x1284328a0>) [p2, i7, i9, i11, i13, p16, p18, p20, p22, p24, p0, p1, p3, p4]
+2156: p160 = getfield_gc_r(p69, descr=<FieldP rpyeffect.stack.MetaStackLike.inst_stack 8 pure>)
+2164: guard_class(p69, 4348112616, descr=<Guard0x1284328e0>) [p2, i7, i9, i11, i13, p16, p18, p20, p22, p24, p0, p1, p3, p4]
+2180: p162 = getfield_gc_r(p64, descr=<FieldP rpyeffect.stack.MetaStackLike.inst_stack 8 pure>)
+2192: guard_class(p64, 4348112616, descr=<Guard0x128432920>) [p2, i7, i9, i11, i13, p16, p18, p20, p22, p24, p0, p1, p3, p4]
+2208: p164 = getfield_gc_r(p59, descr=<FieldP rpyeffect.stack.MetaStackLike.inst_stack 8 pure>)
+2220: guard_class(p59, 4348112616, descr=<Guard0x128432960>) [p2, i7, i9, i11, i13, p16, p18, p20, p22, p24, p0, p1, p3, p4]
+2236: p166 = getfield_gc_r(p54, descr=<FieldP rpyeffect.stack.MetaStackLike.inst_stack 8 pure>)
+2248: guard_class(p54, 4348112616, descr=<Guard0x1284329a0>) [p2, i7, i9, i11, i13, p16, p18, p20, p22, p24, p0, p1, p3, p4]
+2264: p168 = getfield_gc_r(p49, descr=<FieldP rpyeffect.stack.MetaStackLike.inst_stack 8 pure>)
+2276: guard_class(p49, 4348112616, descr=<Guard0x1284329e0>) [p2, i7, i9, i11, i13, p16, p18, p20, p22, p24, p0, p1, p3, p4]
+2292: p170 = getfield_gc_r(p44, descr=<FieldP rpyeffect.stack.MetaStackLike.inst_stack 8 pure>)
+2304: guard_class(p44, 4348112616, descr=<Guard0x128432a20>) [p2, i7, i9, i11, i13, p16, p18, p20, p22, p24, p0, p1, p3, p4]
+2320: p172 = getfield_gc_r(p39, descr=<FieldP rpyeffect.stack.MetaStackLike.inst_stack 8 pure>)
+2332: guard_class(p39, 4348112616, descr=<Guard0x128432a60>) [p2, i7, i9, i11, i13, p16, p18, p20, p22, p24, p0, p1, p3, p4]
+2348: p174 = getfield_gc_r(p3, descr=<FieldP rpyeffect.stack.MetaStackLike.inst_stack 8 pure>)
+2360: guard_class(p3, 4348112616, descr=<Guard0x128432aa0>) [p2, i7, i9, i11, i13, p16, p18, p20, p22, p24, p0, p1, p3, p4]
+2376: guard_nonnull_class(p137, 4348112616, descr=<Guard0x1283f6910>) [p2, i7, i9, i11, i13, p16, p18, p20, p22, p24, p0, p1, p3, p4]
+2400: p177 = getfield_gc_r(p137, descr=<FieldP rpyeffect.stack.MetaStackLike.inst_stack 8 pure>)
+2408: p178 = getfield_gc_r(p137, descr=<FieldP rpyeffect.stack.MetaStack.inst_label 16 pure>)
+2416: p179 = getfield_gc_r(p137, descr=<FieldP rpyeffect.stack.MetaStack.inst_tail 32 pure>)
+2420: guard_nonnull(p177, descr=<Guard0x128432ae0>) [p2, i7, i9, i11, i13, p16, p18, p20, p22, p24, p0, p1, p3, p4]
+2428: i180 = getfield_gc_i(p177, descr=<FieldS rpyeffect.stored_environment.Stack__arb_arb.inst_target 16 pure>)
+2436: guard_value(i180, 129, descr=<Guard0x128432b20>) [p2, i7, i9, i11, i13, p16, p18, p20, p22, p24, p0, p1, p3, p4]
debug_merge_point(0, 0, '132<main.rpyeffect:132([#357])>+2: {"op": "Load". "out": 0. "type": "num". "ref": 1}')
+2448: i182 = getfield_gc_i(p30, descr=<FieldS rpyeffect.region.NumRef.inst_value 8>)
debug_merge_point(0, 0, '132<main.rpyeffect:132([#357])>+3: {"op": "Jump". "target": 123}')
debug_merge_point(0, 0, '123<main.rpyeffect:123(Name(resume94150))>+0: {"op": "PushStack". "arg": 0}')
debug_merge_point(0, 0, '123<main.rpyeffect:123(Name(resume94150))>+1: {"op": "Return". "args": {"num": [0]. "ptr": []}}')
+2456: p183 = getfield_gc_r(p1, descr=<FieldP rpyeffect.stored_environment.Stack__0_1.inst_values_ptr_0 40 pure>)
+2472: p184 = getfield_gc_r(p1, descr=<FieldP rpyeffect.stored_environment.Stack__arb_arb.inst_tail 8 pure>)
+2480: guard_nonnull(p184, descr=<Guard0x128432b60>) [p2, i7, i9, i11, i13, p16, p18, p20, p22, p24, p0, p1, p3, p4]
+2488: i185 = getfield_gc_i(p184, descr=<FieldS rpyeffect.stored_environment.Stack__arb_arb.inst_target 16 pure>)
+2496: guard_value(i185, 141, descr=<Guard0x128432ba0>) [p2, i7, i9, i11, i13, p16, p18, p20, p22, p24, p0, p1, p3, p4]
debug_merge_point(0, 0, '84<main.rpyeffect:84([k@Name(countdown2631)#218])>+0: {"op": "Const". "type": "num". "out": 1. "value": 0}')
debug_merge_point(0, 0, '84<main.rpyeffect:84([k@Name(countdown2631)#218])>+1: {"op": "Push". "target": 83. "args": {"num": [0]. "ptr": [0]}}')
debug_merge_point(0, 0, '84<main.rpyeffect:84([k@Name(countdown2631)#218])>+2: {"op": "Jump". "target": 4}')
debug_merge_point(0, 0, '4<main.rpyeffect:4(Name(infixEq71))>+0: {"op": "PrimOp". "name": "infixEq(Int. Int): Boolean". "out": {"num": [0]. "ptr": []}. "in": {"num": [0. 1]. "ptr": []}}')
+2508: i188 = int_eq(i182, 0)
guard_false(i188, descr=<Guard0x128433ee0>) [p2, i7, i9, i11, i13, p16, p18, p20, p22, p24, p0, p1, p3, p4]
debug_merge_point(0, 0, '4<main.rpyeffect:4(Name(infixEq71))>+1: {"op": "Return". "args": {"num": [0]. "ptr": []}}')
debug_merge_point(0, 0, '83<main.rpyeffect:83([k@[k@Name(countdown2631)#218]#222])>+0: {"op": "Swap". "type": "num". "a": 1. "b". 0}')
debug_merge_point(0, 0, '83<main.rpyeffect:83([k@[k@Name(countdown2631)#218]#222])>+1: {"op": "IfZero". "cond": 1. "then": {"tag": null. "target": 82. "args": {"num": []. "ptr": []}}}')
debug_merge_point(0, 0, '82<main.rpyeffect:82([then#224])>+0: {"op": "Const". "type": "num". "out": 1. "value": 1}')
debug_merge_point(0, 0, '82<main.rpyeffect:82([then#224])>+1: {"op": "Push". "target": 81. "args": {"num": []. "ptr": [0]}}')
debug_merge_point(0, 0, '82<main.rpyeffect:82([then#224])>+2: {"op": "Jump". "target": 8}')
debug_merge_point(0, 0, '8<main.rpyeffect:8(Name(infixSub104))>+0: {"op": "PrimOp". "name": "infixSub(Int. Int): Int". "out": {"num": [0]. "ptr": []}. "in": {"num": [0. 1]. "ptr": []}}')
+2516: i190 = int_sub(i182, 1)
debug_merge_point(0, 0, '8<main.rpyeffect:8(Name(infixSub104))>+1: {"op": "Return". "args": {"num": [0]. "ptr": []}}')
debug_merge_point(0, 0, '81<main.rpyeffect:81([k@[then#224]#228])>+0: {"op": "Push". "target": 80. "args": {"num": []. "ptr": [0]}}')
debug_merge_point(0, 0, '81<main.rpyeffect:81([k@[then#224]#228])>+1: {"op": "Jump". "target": 79}')
debug_merge_point(0, 0, '79<main.rpyeffect:79([mcore:[#78]#216])>+0: {"op": "Invoke". "receiver": 0. "tag": Interned(%putS2647(n):p). "args" : {"num": [0]. "ptr": []}}')
+2520: p191 = getfield_gc_r(p183, descr=<FieldP rpyeffect.stored_environment.CoData__arb_arb.inst_vtable 24 pure>)
+2524: guard_value(p191, ConstPtr(ptr192), descr=<Guard0x128433ea0>) [p2, i7, i9, i11, i13, p16, p18, p20, p22, p24, p0, p1, p3, p4]
+2540: p193 = getfield_gc_r(p183, descr=<FieldP rpyeffect.stored_environment.CoData__0_2.inst_values_ptr_0 32 pure>)
+2544: p194 = getfield_gc_r(p183, descr=<FieldP rpyeffect.stored_environment.CoData__0_2.inst_values_ptr_1 40 pure>)
debug_merge_point(0, 0, '136<main.rpyeffect:136([#372])>+0: {"op": "Const". "type": "num". "out": 1. "value": 0}')
debug_merge_point(0, 0, '136<main.rpyeffect:136([#372])>+1: {"op": "ShiftDyn". "out": 0. "n": 1. "label": 0}')
+2548: i195 = getfield_gc_i(p193, descr=<FieldS rpyeffect.stack.Label.inst_origin 8 pure>)
+2556: guard_value(i195, 147460, descr=<Guard0x128433e60>) [p2, i7, i9, i11, i13, p16, p18, p20, p22, p24, p0, p1, p3, p4]
+2576: i197 = instance_ptr_eq(p131, p193)
guard_true(i197, descr=<Guard0x128433e20>) [p2, i7, i9, i11, i13, p16, p18, p20, p22, p24, p0, p1, p3, p4]
debug_merge_point(0, 0, '136<main.rpyeffect:136([#372])>+2: {"op": "Store". "ref": 1. "type": "num". "value": 0}')
debug_merge_point(0, 0, '136<main.rpyeffect:136([#372])>+3: {"op": "Construct". "out": 1. "type": Interned(Unit). "tag": Interned(unit). "args": {"num": []. "ptr": []}}')
debug_merge_point(0, 0, '136<main.rpyeffect:136([#372])>+4: {"op": "Construct". "out": 1. "type": Interned(Unit). "tag": Interned(unit). "args": {"num": []. "ptr": []}}')
debug_merge_point(0, 0, '136<main.rpyeffect:136([#372])>+5: {"op": "Swap". "type": "ptr". "a": 1. "b". 0}')
debug_merge_point(0, 0, '136<main.rpyeffect:136([#372])>+6: {"op": "Jump". "target": 124}')
debug_merge_point(0, 0, '124<main.rpyeffect:124(Name(resume124152))>+0: {"op": "PushStack". "arg": 1}')
debug_merge_point(0, 0, '124<main.rpyeffect:124(Name(resume124152))>+1: {"op": "Return". "args": {"num": []. "ptr": [0]}}')
debug_merge_point(0, 0, '80<main.rpyeffect:80([k@[k@[then#224]#228]#231])>+0: {"op": "Copy". "type": "ptr". "from": 1. "to". 0}')
debug_merge_point(0, 0, '80<main.rpyeffect:80([k@[k@[then#224]#228]#231])>+1: {"op": "Jump". "target": 85}')
debug_merge_point(0, 0, '85<main.rpyeffect:85(Name(countdown2631))>+0: {"op": "Push". "target": 84. "args": {"num": []. "ptr": [0]}}')
debug_merge_point(0, 0, '85<main.rpyeffect:85(Name(countdown2631))>+1: {"op": "Jump". "target": 78}')
+2584: setfield_gc(p194, i190, descr=<FieldS rpyeffect.region.NumRef.inst_value 8>)
+2588: i198 = same_as_i(i190)
+2592: label(p0, p184, p183, p2, p174, p36, p172, p41, p170, p46, p168, p51, p166, p56, p164, p61, p162, p66, p160, p71, p158, p76, p156, p81, p154, p86, p152, p91, p150, p96, p148, p101, p146, p106, p144, p111, p142, p116, p140, p121, p138, p126, p135, p131, p177, p178, p179, i190, i11, i13, p20, p22, p24, p193, p194, i198, descr=TargetToken(4970187216))
debug_merge_point(0, 0, '85<main.rpyeffect:85(Name(countdown2631))>+1: {"op": "Jump". "target": 78}')
+2636: guard_not_invalidated(descr=<Guard0x1283f6968>) [p2, i190, i11, i13, p183, p20, p22, p24, p0, p179, p178, p177, p131, p135, p126, p138, p121, p140, p116, p142, p111, p144, p106, p146, p101, p148, p96, p150, p91, p152, p86, p154, p81, p156, p76, p158, p71, p160, p66, p162, p61, p164, p56, p166, p51, p168, p46, p170, p41, p172, p36, p174, p184]
debug_merge_point(0, 0, '78<main.rpyeffect:78([mcore:[#75]#215])>+0: {"op": "Invoke". "receiver": 0. "tag": Interned(%getS2645():n). "args" : {"num": []. "ptr": []}}')
debug_merge_point(0, 0, '132<main.rpyeffect:132([#357])>+0: {"op": "Const". "type": "num". "out": 0. "value": 0}')
debug_merge_point(0, 0, '132<main.rpyeffect:132([#357])>+1: {"op": "ShiftDyn". "out": 0. "n": 0. "label": 0}')
debug_merge_point(0, 0, '132<main.rpyeffect:132([#357])>+2: {"op": "Load". "out": 0. "type": "num". "ref": 1}')
debug_merge_point(0, 0, '132<main.rpyeffect:132([#357])>+3: {"op": "Jump". "target": 123}')
debug_merge_point(0, 0, '123<main.rpyeffect:123(Name(resume94150))>+0: {"op": "PushStack". "arg": 0}')
debug_merge_point(0, 0, '123<main.rpyeffect:123(Name(resume94150))>+1: {"op": "Return". "args": {"num": [0]. "ptr": []}}')
debug_merge_point(0, 0, '84<main.rpyeffect:84([k@Name(countdown2631)#218])>+0: {"op": "Const". "type": "num". "out": 1. "value": 0}')
debug_merge_point(0, 0, '84<main.rpyeffect:84([k@Name(countdown2631)#218])>+1: {"op": "Push". "target": 83. "args": {"num": [0]. "ptr": [0]}}')
debug_merge_point(0, 0, '84<main.rpyeffect:84([k@Name(countdown2631)#218])>+2: {"op": "Jump". "target": 4}')
debug_merge_point(0, 0, '4<main.rpyeffect:4(Name(infixEq71))>+0: {"op": "PrimOp". "name": "infixEq(Int. Int): Boolean". "out": {"num": [0]. "ptr": []}. "in": {"num": [0. 1]. "ptr": []}}')
+2640: i200 = int_eq(i198, 0)
guard_false(i200, descr=<Guard0x128433de0>) [p2, i190, i11, i13, p183, p20, p22, p24, p0, p179, p178, p177, p131, p135, p126, p138, p121, p140, p116, p142, p111, p144, p106, p146, p101, p148, p96, p150, p91, p152, p86, p154, p81, p156, p76, p158, p71, p160, p66, p162, p61, p164, p56, p166, p51, p168, p46, p170, p41, p172, p36, p174, p184]
debug_merge_point(0, 0, '4<main.rpyeffect:4(Name(infixEq71))>+1: {"op": "Return". "args": {"num": [0]. "ptr": []}}')
debug_merge_point(0, 0, '83<main.rpyeffect:83([k@[k@Name(countdown2631)#218]#222])>+0: {"op": "Swap". "type": "num". "a": 1. "b". 0}')
debug_merge_point(0, 0, '83<main.rpyeffect:83([k@[k@Name(countdown2631)#218]#222])>+1: {"op": "IfZero". "cond": 1. "then": {"tag": null. "target": 82. "args": {"num": []. "ptr": []}}}')
debug_merge_point(0, 0, '82<main.rpyeffect:82([then#224])>+0: {"op": "Const". "type": "num". "out": 1. "value": 1}')
debug_merge_point(0, 0, '82<main.rpyeffect:82([then#224])>+1: {"op": "Push". "target": 81. "args": {"num": []. "ptr": [0]}}')
debug_merge_point(0, 0, '82<main.rpyeffect:82([then#224])>+2: {"op": "Jump". "target": 8}')
debug_merge_point(0, 0, '8<main.rpyeffect:8(Name(infixSub104))>+0: {"op": "PrimOp". "name": "infixSub(Int. Int): Int". "out": {"num": [0]. "ptr": []}. "in": {"num": [0. 1]. "ptr": []}}')
+2648: i202 = int_sub(i198, 1)
debug_merge_point(0, 0, '8<main.rpyeffect:8(Name(infixSub104))>+1: {"op": "Return". "args": {"num": [0]. "ptr": []}}')
debug_merge_point(0, 0, '81<main.rpyeffect:81([k@[then#224]#228])>+0: {"op": "Push". "target": 80. "args": {"num": []. "ptr": [0]}}')
debug_merge_point(0, 0, '81<main.rpyeffect:81([k@[then#224]#228])>+1: {"op": "Jump". "target": 79}')
debug_merge_point(0, 0, '79<main.rpyeffect:79([mcore:[#78]#216])>+0: {"op": "Invoke". "receiver": 0. "tag": Interned(%putS2647(n):p). "args" : {"num": [0]. "ptr": []}}')
debug_merge_point(0, 0, '136<main.rpyeffect:136([#372])>+0: {"op": "Const". "type": "num". "out": 1. "value": 0}')
debug_merge_point(0, 0, '136<main.rpyeffect:136([#372])>+1: {"op": "ShiftDyn". "out": 0. "n": 1. "label": 0}')
debug_merge_point(0, 0, '136<main.rpyeffect:136([#372])>+2: {"op": "Store". "ref": 1. "type": "num". "value": 0}')
debug_merge_point(0, 0, '136<main.rpyeffect:136([#372])>+3: {"op": "Construct". "out": 1. "type": Interned(Unit). "tag": Interned(unit). "args": {"num": []. "ptr": []}}')
debug_merge_point(0, 0, '136<main.rpyeffect:136([#372])>+4: {"op": "Construct". "out": 1. "type": Interned(Unit). "tag": Interned(unit). "args": {"num": []. "ptr": []}}')
debug_merge_point(0, 0, '136<main.rpyeffect:136([#372])>+5: {"op": "Swap". "type": "ptr". "a": 1. "b". 0}')
debug_merge_point(0, 0, '136<main.rpyeffect:136([#372])>+6: {"op": "Jump". "target": 124}')
debug_merge_point(0, 0, '124<main.rpyeffect:124(Name(resume124152))>+0: {"op": "PushStack". "arg": 1}')
debug_merge_point(0, 0, '124<main.rpyeffect:124(Name(resume124152))>+1: {"op": "Return". "args": {"num": []. "ptr": [0]}}')
debug_merge_point(0, 0, '80<main.rpyeffect:80([k@[k@[then#224]#228]#231])>+0: {"op": "Copy". "type": "ptr". "from": 1. "to". 0}')
debug_merge_point(0, 0, '80<main.rpyeffect:80([k@[k@[then#224]#228]#231])>+1: {"op": "Jump". "target": 85}')
debug_merge_point(0, 0, '85<main.rpyeffect:85(Name(countdown2631))>+0: {"op": "Push". "target": 84. "args": {"num": []. "ptr": [0]}}')
debug_merge_point(0, 0, '85<main.rpyeffect:85(Name(countdown2631))>+1: {"op": "Jump". "target": 78}')
+2652: setfield_gc(p194, i202, descr=<FieldS rpyeffect.region.NumRef.inst_value 8>)
+2656: jump(p0, p184, p183, p2, p174, p36, p172, p41, p170, p46, p168, p51, p166, p56, p164, p61, p162, p66, p160, p71, p158, p76, p156, p81, p154, p86, p152, p91, p150, p96, p148, p101, p146, p106, p144, p111, p142, p116, p140, p121, p138, p126, p135, p131, p177, p178, p179, i202, i11, i13, p20, p22, p24, p193, p194, i202, descr=TargetToken(4970187216))
+2664: --end of the loop--
[6a12c9] jit-log-opt-loop}
[42db65a] {jit-summary
Tracing:      	1	0.001496
Backend:      	1	0.000529
TOTAL:      		0.065583
ops:             	2979
heapcached ops:  	457
recorded ops:    	1341
  calls:         	31
guards:          	365
opt ops:         	279
opt guards:      	80
opt guards shared:	77
forcings:        	0
abort: trace too long:	0
abort: compiling:	0
abort: vable escape:	0
abort: bad loop: 	0
abort: force quasi-immut:	0
abort: segmenting trace:	0
virtualizables forced:	0
nvirtuals:       	22
nvholes:         	0
nvreused:        	0
vecopt tried:    	0
vecopt success:  	0
Total # of loops:	1
Total # of bridges:	0
Freed # of loops:	0
Freed # of bridges:	0
[42df9bc] jit-summary}
