[b1fd97] {jit-log-opt-loop
# Loop 1 (85<main.rpyeffect:85(Name(countdown2631))>+1: {"op": "Jump", "target": 78}) : loop with 693 ops
[p0, p1, p2, p3, p4]
+2328: p5 = getfield_gc_r(p2, descr=<FieldP rpyeffect.environment.Environment.inst_values_num 16>)
+2336: i7 = getarrayitem_gc_i(p5, 0, descr=<ArrayS 8>)
+2340: i9 = getarrayitem_gc_i(p5, 1, descr=<ArrayS 8>)
+2344: i11 = getarrayitem_gc_i(p5, 2, descr=<ArrayS 8>)
+2348: i13 = getarrayitem_gc_i(p5, 3, descr=<ArrayS 8>)
+2352: p14 = getfield_gc_r(p2, descr=<FieldP rpyeffect.environment.Environment.inst_values_ptr 24>)
+2356: p16 = getarrayitem_gc_r(p14, 0, descr=<ArrayP 8>)
+2360: p18 = getarrayitem_gc_r(p14, 1, descr=<ArrayP 8>)
+2364: p20 = getarrayitem_gc_r(p14, 2, descr=<ArrayP 8>)
+2368: p22 = getarrayitem_gc_r(p14, 3, descr=<ArrayP 8>)
+2372: p24 = getarrayitem_gc_r(p14, 4, descr=<ArrayP 8>)
+2376: label(p0, p1, p2, p3, p4, i7, i9, i11, i13, p16, p18, p20, p22, p24, descr=TargetToken(5372843440))
debug_merge_point(0, 0, '85<main.rpyeffect:85(Name(countdown2631))>+1: {"op": "Jump". "target": 78}')
+2408: guard_not_invalidated(descr=<Guard0x1403f69c0>) [p2, i7, i9, i11, i13, p16, p18, p20, p22, p24, p0, p1, p3, p4]
+2412: guard_nonnull(p1, descr=<Guard0x1404517a0>) [p2, i7, i9, i11, i13, p16, p18, p20, p22, p24, p0, p1, p3, p4]
+2424: i25 = getfield_gc_i(p1, descr=<FieldS rpyeffect.stored_environment.Stack__arb_arb.inst_target 16 pure>)
+2432: guard_value(i25, 84, descr=<Guard0x140451760>) [p2, i7, i9, i11, i13, p16, p18, p20, p22, p24, p0, p1, p3, p4]
debug_merge_point(0, 0, '78<main.rpyeffect:78([mcore:[#75]#215])>+0: {"op": "Invoke". "receiver": 0. "tag": Interned(%getS2645():n). "args" : {"num": []. "ptr": []}}')
+2444: p27 = getfield_gc_r(p16, descr=<FieldP rpyeffect.stored_environment.CoData__arb_arb.inst_vtable 24 pure>)
+2452: guard_value(p27, ConstPtr(ptr28), descr=<Guard0x140451720>) [p2, i7, i9, i11, i13, p16, p18, p20, p22, p24, p0, p1, p3, p4]
+2460: p29 = getfield_gc_r(p16, descr=<FieldP rpyeffect.stored_environment.CoData__0_2.inst_values_ptr_0 32 pure>)
+2464: p30 = getfield_gc_r(p16, descr=<FieldP rpyeffect.stored_environment.CoData__0_2.inst_values_ptr_1 40 pure>)
debug_merge_point(0, 0, '132<main.rpyeffect:132([#357])>+0: {"op": "Const". "type": "num". "out": 0. "value": 0}')
debug_merge_point(0, 0, '132<main.rpyeffect:132([#357])>+1: {"op": "ShiftDyn". "out": 0. "n": 0. "label": 0}')
+2468: guard_isnull(p4, descr=<Guard0x1404516e0>) [p2, i7, i9, i11, i13, p16, p18, p20, p22, p24, p0, p1, p3, p4]
+2480: guard_nonnull(p0, descr=<Guard0x1404516a0>) [p2, i7, i9, i11, i13, p16, p18, p20, p22, p24, p0, p1, p3, p4]
+2492: guard_nonnull(p29, descr=<Guard0x140451660>) [p2, i7, i9, i11, i13, p16, p18, p20, p22, p24, p0, p1, p3, p4]
+2500: i31 = getfield_gc_i(p0, descr=<FieldS rpyeffect.stack.Label.inst_origin 8 pure>)
+2508: guard_value(i31, 101381, descr=<Guard0x140451620>) [p2, i7, i9, i11, i13, p16, p18, p20, p22, p24, p0, p1, p3, p4]
+2524: i33 = getfield_gc_i(p29, descr=<FieldS rpyeffect.stack.Label.inst_origin 8 pure>)
+2528: guard_value(i33, 147460, descr=<Guard0x1404515e0>) [p2, i7, i9, i11, i13, p16, p18, p20, p22, p24, p0, p1, p3, p4]
+2544: p35 = getfield_gc_r(p3, descr=<FieldP rpyeffect.stack.MetaStack.inst_region 24 pure>)
+2552: guard_isnull(p35, descr=<Guard0x1404515a0>) [p2, i7, i9, i11, i13, p16, p18, p20, p22, p24, p0, p1, p3, p4]
+2560: p36 = getfield_gc_r(p3, descr=<FieldP rpyeffect.stack.MetaStack.inst_label 16 pure>)
+2564: guard_nonnull(p36, descr=<Guard0x140451560>) [p2, i7, i9, i11, i13, p16, p18, p20, p22, p24, p0, p1, p3, p4]
+2572: i37 = getfield_gc_i(p36, descr=<FieldS rpyeffect.stack.Label.inst_origin 8 pure>)
+2576: guard_value(i37, 101377, descr=<Guard0x140451520>) [p2, i7, i9, i11, i13, p16, p18, p20, p22, p24, p0, p1, p3, p4]
+2592: p39 = getfield_gc_r(p3, descr=<FieldP rpyeffect.stack.MetaStack.inst_tail 32 pure>)
+2596: p40 = getfield_gc_r(p39, descr=<FieldP rpyeffect.stack.MetaStack.inst_region 24 pure>)
+2600: guard_isnull(p40, descr=<Guard0x1404514e0>) [p2, i7, i9, i11, i13, p16, p18, p20, p22, p24, p0, p1, p3, p4]
+2608: p41 = getfield_gc_r(p39, descr=<FieldP rpyeffect.stack.MetaStack.inst_label 16 pure>)
+2612: guard_nonnull(p41, descr=<Guard0x1404514a0>) [p2, i7, i9, i11, i13, p16, p18, p20, p22, p24, p0, p1, p3, p4]
+2620: i42 = getfield_gc_i(p41, descr=<FieldS rpyeffect.stack.Label.inst_origin 8 pure>)
+2624: guard_value(i42, 101381, descr=<Guard0x140451460>) [p2, i7, i9, i11, i13, p16, p18, p20, p22, p24, p0, p1, p3, p4]
+2640: p44 = getfield_gc_r(p39, descr=<FieldP rpyeffect.stack.MetaStack.inst_tail 32 pure>)
+2644: p45 = getfield_gc_r(p44, descr=<FieldP rpyeffect.stack.MetaStack.inst_region 24 pure>)
+2648: guard_isnull(p45, descr=<Guard0x140451420>) [p2, i7, i9, i11, i13, p16, p18, p20, p22, p24, p0, p1, p3, p4]
+2656: p46 = getfield_gc_r(p44, descr=<FieldP rpyeffect.stack.MetaStack.inst_label 16 pure>)
+2660: guard_nonnull(p46, descr=<Guard0x1404513e0>) [p2, i7, i9, i11, i13, p16, p18, p20, p22, p24, p0, p1, p3, p4]
+2668: i47 = getfield_gc_i(p46, descr=<FieldS rpyeffect.stack.Label.inst_origin 8 pure>)
+2672: guard_value(i47, 101377, descr=<Guard0x1404513a0>) [p2, i7, i9, i11, i13, p16, p18, p20, p22, p24, p0, p1, p3, p4]
+2688: p49 = getfield_gc_r(p44, descr=<FieldP rpyeffect.stack.MetaStack.inst_tail 32 pure>)
+2692: p50 = getfield_gc_r(p49, descr=<FieldP rpyeffect.stack.MetaStack.inst_region 24 pure>)
+2696: guard_isnull(p50, descr=<Guard0x140451360>) [p2, i7, i9, i11, i13, p16, p18, p20, p22, p24, p0, p1, p3, p4]
+2704: p51 = getfield_gc_r(p49, descr=<FieldP rpyeffect.stack.MetaStack.inst_label 16 pure>)
+2708: guard_nonnull(p51, descr=<Guard0x140451320>) [p2, i7, i9, i11, i13, p16, p18, p20, p22, p24, p0, p1, p3, p4]
+2716: i52 = getfield_gc_i(p51, descr=<FieldS rpyeffect.stack.Label.inst_origin 8 pure>)
+2720: guard_value(i52, 101381, descr=<Guard0x1404512e0>) [p2, i7, i9, i11, i13, p16, p18, p20, p22, p24, p0, p1, p3, p4]
+2736: p54 = getfield_gc_r(p49, descr=<FieldP rpyeffect.stack.MetaStack.inst_tail 32 pure>)
+2740: p55 = getfield_gc_r(p54, descr=<FieldP rpyeffect.stack.MetaStack.inst_region 24 pure>)
+2744: guard_isnull(p55, descr=<Guard0x1404512a0>) [p2, i7, i9, i11, i13, p16, p18, p20, p22, p24, p0, p1, p3, p4]
+2752: p56 = getfield_gc_r(p54, descr=<FieldP rpyeffect.stack.MetaStack.inst_label 16 pure>)
+2756: guard_nonnull(p56, descr=<Guard0x140451260>) [p2, i7, i9, i11, i13, p16, p18, p20, p22, p24, p0, p1, p3, p4]
+2764: i57 = getfield_gc_i(p56, descr=<FieldS rpyeffect.stack.Label.inst_origin 8 pure>)
+2768: guard_value(i57, 101377, descr=<Guard0x140451220>) [p2, i7, i9, i11, i13, p16, p18, p20, p22, p24, p0, p1, p3, p4]
+2788: p59 = getfield_gc_r(p54, descr=<FieldP rpyeffect.stack.MetaStack.inst_tail 32 pure>)
+2792: p60 = getfield_gc_r(p59, descr=<FieldP rpyeffect.stack.MetaStack.inst_region 24 pure>)
+2796: guard_isnull(p60, descr=<Guard0x1404511e0>) [p2, i7, i9, i11, i13, p16, p18, p20, p22, p24, p0, p1, p3, p4]
+2804: p61 = getfield_gc_r(p59, descr=<FieldP rpyeffect.stack.MetaStack.inst_label 16 pure>)
+2808: guard_nonnull(p61, descr=<Guard0x1404511a0>) [p2, i7, i9, i11, i13, p16, p18, p20, p22, p24, p0, p1, p3, p4]
+2816: i62 = getfield_gc_i(p61, descr=<FieldS rpyeffect.stack.Label.inst_origin 8 pure>)
+2824: guard_value(i62, 101381, descr=<Guard0x140451160>) [p2, i7, i9, i11, i13, p16, p18, p20, p22, p24, p0, p1, p3, p4]
+2844: p64 = getfield_gc_r(p59, descr=<FieldP rpyeffect.stack.MetaStack.inst_tail 32 pure>)
+2848: p65 = getfield_gc_r(p64, descr=<FieldP rpyeffect.stack.MetaStack.inst_region 24 pure>)
+2852: guard_isnull(p65, descr=<Guard0x140451120>) [p2, i7, i9, i11, i13, p16, p18, p20, p22, p24, p0, p1, p3, p4]
+2860: p66 = getfield_gc_r(p64, descr=<FieldP rpyeffect.stack.MetaStack.inst_label 16 pure>)
+2864: guard_nonnull(p66, descr=<Guard0x1404510e0>) [p2, i7, i9, i11, i13, p16, p18, p20, p22, p24, p0, p1, p3, p4]
+2872: i67 = getfield_gc_i(p66, descr=<FieldS rpyeffect.stack.Label.inst_origin 8 pure>)
+2880: guard_value(i67, 101377, descr=<Guard0x1404510a0>) [p2, i7, i9, i11, i13, p16, p18, p20, p22, p24, p0, p1, p3, p4]
+2900: p69 = getfield_gc_r(p64, descr=<FieldP rpyeffect.stack.MetaStack.inst_tail 32 pure>)
+2904: p70 = getfield_gc_r(p69, descr=<FieldP rpyeffect.stack.MetaStack.inst_region 24 pure>)
+2908: guard_isnull(p70, descr=<Guard0x140451060>) [p2, i7, i9, i11, i13, p16, p18, p20, p22, p24, p0, p1, p3, p4]
+2916: p71 = getfield_gc_r(p69, descr=<FieldP rpyeffect.stack.MetaStack.inst_label 16 pure>)
+2920: guard_nonnull(p71, descr=<Guard0x140451020>) [p2, i7, i9, i11, i13, p16, p18, p20, p22, p24, p0, p1, p3, p4]
+2928: i72 = getfield_gc_i(p71, descr=<FieldS rpyeffect.stack.Label.inst_origin 8 pure>)
+2936: guard_value(i72, 101381, descr=<Guard0x140450fe0>) [p2, i7, i9, i11, i13, p16, p18, p20, p22, p24, p0, p1, p3, p4]
+2956: p74 = getfield_gc_r(p69, descr=<FieldP rpyeffect.stack.MetaStack.inst_tail 32 pure>)
+2960: p75 = getfield_gc_r(p74, descr=<FieldP rpyeffect.stack.MetaStack.inst_region 24 pure>)
+2964: guard_isnull(p75, descr=<Guard0x140450fa0>) [p2, i7, i9, i11, i13, p16, p18, p20, p22, p24, p0, p1, p3, p4]
+2972: p76 = getfield_gc_r(p74, descr=<FieldP rpyeffect.stack.MetaStack.inst_label 16 pure>)
+2976: guard_nonnull(p76, descr=<Guard0x140450f60>) [p2, i7, i9, i11, i13, p16, p18, p20, p22, p24, p0, p1, p3, p4]
+2984: i77 = getfield_gc_i(p76, descr=<FieldS rpyeffect.stack.Label.inst_origin 8 pure>)
+2992: guard_value(i77, 101377, descr=<Guard0x140450f20>) [p2, i7, i9, i11, i13, p16, p18, p20, p22, p24, p0, p1, p3, p4]
+3012: p79 = getfield_gc_r(p74, descr=<FieldP rpyeffect.stack.MetaStack.inst_tail 32 pure>)
+3016: p80 = getfield_gc_r(p79, descr=<FieldP rpyeffect.stack.MetaStack.inst_region 24 pure>)
+3020: guard_isnull(p80, descr=<Guard0x140450ee0>) [p2, i7, i9, i11, i13, p16, p18, p20, p22, p24, p0, p1, p3, p4]
+3028: p81 = getfield_gc_r(p79, descr=<FieldP rpyeffect.stack.MetaStack.inst_label 16 pure>)
+3032: guard_nonnull(p81, descr=<Guard0x140450ea0>) [p2, i7, i9, i11, i13, p16, p18, p20, p22, p24, p0, p1, p3, p4]
+3040: i82 = getfield_gc_i(p81, descr=<FieldS rpyeffect.stack.Label.inst_origin 8 pure>)
+3048: guard_value(i82, 101381, descr=<Guard0x140450e60>) [p2, i7, i9, i11, i13, p16, p18, p20, p22, p24, p0, p1, p3, p4]
+3068: p84 = getfield_gc_r(p79, descr=<FieldP rpyeffect.stack.MetaStack.inst_tail 32 pure>)
+3072: p85 = getfield_gc_r(p84, descr=<FieldP rpyeffect.stack.MetaStack.inst_region 24 pure>)
+3076: guard_isnull(p85, descr=<Guard0x140450e20>) [p2, i7, i9, i11, i13, p16, p18, p20, p22, p24, p0, p1, p3, p4]
+3084: p86 = getfield_gc_r(p84, descr=<FieldP rpyeffect.stack.MetaStack.inst_label 16 pure>)
+3088: guard_nonnull(p86, descr=<Guard0x140450de0>) [p2, i7, i9, i11, i13, p16, p18, p20, p22, p24, p0, p1, p3, p4]
+3096: i87 = getfield_gc_i(p86, descr=<FieldS rpyeffect.stack.Label.inst_origin 8 pure>)
+3104: guard_value(i87, 101377, descr=<Guard0x140450da0>) [p2, i7, i9, i11, i13, p16, p18, p20, p22, p24, p0, p1, p3, p4]
+3124: p89 = getfield_gc_r(p84, descr=<FieldP rpyeffect.stack.MetaStack.inst_tail 32 pure>)
+3128: p90 = getfield_gc_r(p89, descr=<FieldP rpyeffect.stack.MetaStack.inst_region 24 pure>)
+3132: guard_isnull(p90, descr=<Guard0x140450d60>) [p2, i7, i9, i11, i13, p16, p18, p20, p22, p24, p0, p1, p3, p4]
+3140: p91 = getfield_gc_r(p89, descr=<FieldP rpyeffect.stack.MetaStack.inst_label 16 pure>)
+3144: guard_nonnull(p91, descr=<Guard0x140450d20>) [p2, i7, i9, i11, i13, p16, p18, p20, p22, p24, p0, p1, p3, p4]
+3152: i92 = getfield_gc_i(p91, descr=<FieldS rpyeffect.stack.Label.inst_origin 8 pure>)
+3160: guard_value(i92, 101381, descr=<Guard0x140450ce0>) [p2, i7, i9, i11, i13, p16, p18, p20, p22, p24, p0, p1, p3, p4]
+3176: p94 = getfield_gc_r(p89, descr=<FieldP rpyeffect.stack.MetaStack.inst_tail 32 pure>)
+3180: p95 = getfield_gc_r(p94, descr=<FieldP rpyeffect.stack.MetaStack.inst_region 24 pure>)
+3184: guard_isnull(p95, descr=<Guard0x140450ca0>) [p2, i7, i9, i11, i13, p16, p18, p20, p22, p24, p0, p1, p3, p4]
+3192: p96 = getfield_gc_r(p94, descr=<FieldP rpyeffect.stack.MetaStack.inst_label 16 pure>)
+3196: guard_nonnull(p96, descr=<Guard0x140450c60>) [p2, i7, i9, i11, i13, p16, p18, p20, p22, p24, p0, p1, p3, p4]
+3204: i97 = getfield_gc_i(p96, descr=<FieldS rpyeffect.stack.Label.inst_origin 8 pure>)
+3212: guard_value(i97, 101377, descr=<Guard0x140450c20>) [p2, i7, i9, i11, i13, p16, p18, p20, p22, p24, p0, p1, p3, p4]
+3232: p99 = getfield_gc_r(p94, descr=<FieldP rpyeffect.stack.MetaStack.inst_tail 32 pure>)
+3236: p100 = getfield_gc_r(p99, descr=<FieldP rpyeffect.stack.MetaStack.inst_region 24 pure>)
+3240: guard_isnull(p100, descr=<Guard0x140450be0>) [p2, i7, i9, i11, i13, p16, p18, p20, p22, p24, p0, p1, p3, p4]
+3248: p101 = getfield_gc_r(p99, descr=<FieldP rpyeffect.stack.MetaStack.inst_label 16 pure>)
+3252: guard_nonnull(p101, descr=<Guard0x140450ba0>) [p2, i7, i9, i11, i13, p16, p18, p20, p22, p24, p0, p1, p3, p4]
+3260: i102 = getfield_gc_i(p101, descr=<FieldS rpyeffect.stack.Label.inst_origin 8 pure>)
+3268: guard_value(i102, 101381, descr=<Guard0x140450b60>) [p2, i7, i9, i11, i13, p16, p18, p20, p22, p24, p0, p1, p3, p4]
+3284: p104 = getfield_gc_r(p99, descr=<FieldP rpyeffect.stack.MetaStack.inst_tail 32 pure>)
+3288: p105 = getfield_gc_r(p104, descr=<FieldP rpyeffect.stack.MetaStack.inst_region 24 pure>)
+3292: guard_isnull(p105, descr=<Guard0x140450b20>) [p2, i7, i9, i11, i13, p16, p18, p20, p22, p24, p0, p1, p3, p4]
+3300: p106 = getfield_gc_r(p104, descr=<FieldP rpyeffect.stack.MetaStack.inst_label 16 pure>)
+3304: guard_nonnull(p106, descr=<Guard0x140450ae0>) [p2, i7, i9, i11, i13, p16, p18, p20, p22, p24, p0, p1, p3, p4]
+3312: i107 = getfield_gc_i(p106, descr=<FieldS rpyeffect.stack.Label.inst_origin 8 pure>)
+3320: guard_value(i107, 101377, descr=<Guard0x140450aa0>) [p2, i7, i9, i11, i13, p16, p18, p20, p22, p24, p0, p1, p3, p4]
+3340: p109 = getfield_gc_r(p104, descr=<FieldP rpyeffect.stack.MetaStack.inst_tail 32 pure>)
+3344: p110 = getfield_gc_r(p109, descr=<FieldP rpyeffect.stack.MetaStack.inst_region 24 pure>)
+3348: guard_isnull(p110, descr=<Guard0x140450a60>) [p2, i7, i9, i11, i13, p16, p18, p20, p22, p24, p0, p1, p3, p4]
+3356: p111 = getfield_gc_r(p109, descr=<FieldP rpyeffect.stack.MetaStack.inst_label 16 pure>)
+3360: guard_nonnull(p111, descr=<Guard0x140450a20>) [p2, i7, i9, i11, i13, p16, p18, p20, p22, p24, p0, p1, p3, p4]
+3368: i112 = getfield_gc_i(p111, descr=<FieldS rpyeffect.stack.Label.inst_origin 8 pure>)
+3376: guard_value(i112, 101381, descr=<Guard0x1404509e0>) [p2, i7, i9, i11, i13, p16, p18, p20, p22, p24, p0, p1, p3, p4]
+3396: p114 = getfield_gc_r(p109, descr=<FieldP rpyeffect.stack.MetaStack.inst_tail 32 pure>)
+3400: p115 = getfield_gc_r(p114, descr=<FieldP rpyeffect.stack.MetaStack.inst_region 24 pure>)
+3404: guard_isnull(p115, descr=<Guard0x1404509a0>) [p2, i7, i9, i11, i13, p16, p18, p20, p22, p24, p0, p1, p3, p4]
+3412: p116 = getfield_gc_r(p114, descr=<FieldP rpyeffect.stack.MetaStack.inst_label 16 pure>)
+3416: guard_nonnull(p116, descr=<Guard0x140450960>) [p2, i7, i9, i11, i13, p16, p18, p20, p22, p24, p0, p1, p3, p4]
+3424: i117 = getfield_gc_i(p116, descr=<FieldS rpyeffect.stack.Label.inst_origin 8 pure>)
+3432: guard_value(i117, 101377, descr=<Guard0x140450920>) [p2, i7, i9, i11, i13, p16, p18, p20, p22, p24, p0, p1, p3, p4]
+3452: p119 = getfield_gc_r(p114, descr=<FieldP rpyeffect.stack.MetaStack.inst_tail 32 pure>)
+3456: p120 = getfield_gc_r(p119, descr=<FieldP rpyeffect.stack.MetaStack.inst_region 24 pure>)
+3460: guard_isnull(p120, descr=<Guard0x1404508e0>) [p2, i7, i9, i11, i13, p16, p18, p20, p22, p24, p0, p1, p3, p4]
+3468: p121 = getfield_gc_r(p119, descr=<FieldP rpyeffect.stack.MetaStack.inst_label 16 pure>)
+3472: guard_nonnull(p121, descr=<Guard0x1404508a0>) [p2, i7, i9, i11, i13, p16, p18, p20, p22, p24, p0, p1, p3, p4]
+3480: i122 = getfield_gc_i(p121, descr=<FieldS rpyeffect.stack.Label.inst_origin 8 pure>)
+3488: guard_value(i122, 101381, descr=<Guard0x140450860>) [p2, i7, i9, i11, i13, p16, p18, p20, p22, p24, p0, p1, p3, p4]
+3508: p124 = getfield_gc_r(p119, descr=<FieldP rpyeffect.stack.MetaStack.inst_tail 32 pure>)
+3512: p125 = getfield_gc_r(p124, descr=<FieldP rpyeffect.stack.MetaStack.inst_region 24 pure>)
+3516: guard_isnull(p125, descr=<Guard0x140450820>) [p2, i7, i9, i11, i13, p16, p18, p20, p22, p24, p0, p1, p3, p4]
+3524: p126 = getfield_gc_r(p124, descr=<FieldP rpyeffect.stack.MetaStack.inst_label 16 pure>)
+3528: guard_nonnull(p126, descr=<Guard0x1404507e0>) [p2, i7, i9, i11, i13, p16, p18, p20, p22, p24, p0, p1, p3, p4]
+3536: i127 = getfield_gc_i(p126, descr=<FieldS rpyeffect.stack.Label.inst_origin 8 pure>)
+3544: guard_value(i127, 101377, descr=<Guard0x1404507a0>) [p2, i7, i9, i11, i13, p16, p18, p20, p22, p24, p0, p1, p3, p4]
+3564: p129 = getfield_gc_r(p124, descr=<FieldP rpyeffect.stack.MetaStack.inst_tail 32 pure>)
+3568: p130 = getfield_gc_r(p129, descr=<FieldP rpyeffect.stack.MetaStack.inst_region 24 pure>)
+3572: guard_isnull(p130, descr=<Guard0x140450760>) [p2, i7, i9, i11, i13, p16, p18, p20, p22, p24, p0, p1, p3, p4]
+3580: p131 = getfield_gc_r(p129, descr=<FieldP rpyeffect.stack.MetaStack.inst_label 16 pure>)
+3584: guard_nonnull(p131, descr=<Guard0x140450720>) [p2, i7, i9, i11, i13, p16, p18, p20, p22, p24, p0, p1, p3, p4]
+3592: i132 = getfield_gc_i(p131, descr=<FieldS rpyeffect.stack.Label.inst_origin 8 pure>)
+3600: guard_value(i132, 101381, descr=<Guard0x1404506e0>) [p2, i7, i9, i11, i13, p16, p18, p20, p22, p24, p0, p1, p3, p4]
+3620: p134 = getfield_gc_r(p129, descr=<FieldP rpyeffect.stack.MetaStack.inst_tail 32 pure>)
+3624: p135 = getfield_gc_r(p134, descr=<FieldP rpyeffect.stack.MetaStack.inst_region 24 pure>)
+3628: guard_isnull(p135, descr=<Guard0x1404506a0>) [p2, i7, i9, i11, i13, p16, p18, p20, p22, p24, p0, p1, p3, p4]
+3636: p136 = getfield_gc_r(p134, descr=<FieldP rpyeffect.stack.MetaStack.inst_label 16 pure>)
+3640: guard_nonnull(p136, descr=<Guard0x140450660>) [p2, i7, i9, i11, i13, p16, p18, p20, p22, p24, p0, p1, p3, p4]
+3648: i137 = getfield_gc_i(p136, descr=<FieldS rpyeffect.stack.Label.inst_origin 8 pure>)
+3656: guard_value(i137, 101377, descr=<Guard0x140450620>) [p2, i7, i9, i11, i13, p16, p18, p20, p22, p24, p0, p1, p3, p4]
+3676: p139 = getfield_gc_r(p134, descr=<FieldP rpyeffect.stack.MetaStack.inst_tail 32 pure>)
+3680: p140 = getfield_gc_r(p139, descr=<FieldP rpyeffect.stack.MetaStack.inst_region 24 pure>)
+3684: guard_isnull(p140, descr=<Guard0x1404505e0>) [p2, i7, i9, i11, i13, p16, p18, p20, p22, p24, p0, p1, p3, p4]
+3692: p141 = getfield_gc_r(p139, descr=<FieldP rpyeffect.stack.MetaStack.inst_label 16 pure>)
+3696: guard_nonnull(p141, descr=<Guard0x1404505a0>) [p2, i7, i9, i11, i13, p16, p18, p20, p22, p24, p0, p1, p3, p4]
+3704: i142 = getfield_gc_i(p141, descr=<FieldS rpyeffect.stack.Label.inst_origin 8 pure>)
+3712: guard_value(i142, 101381, descr=<Guard0x140450560>) [p2, i7, i9, i11, i13, p16, p18, p20, p22, p24, p0, p1, p3, p4]
+3732: p144 = getfield_gc_r(p139, descr=<FieldP rpyeffect.stack.MetaStack.inst_tail 32 pure>)
+3736: p145 = getfield_gc_r(p144, descr=<FieldP rpyeffect.stack.MetaStack.inst_region 24 pure>)
+3740: guard_isnull(p145, descr=<Guard0x140450520>) [p2, i7, i9, i11, i13, p16, p18, p20, p22, p24, p0, p1, p3, p4]
+3748: p146 = getfield_gc_r(p144, descr=<FieldP rpyeffect.stack.MetaStack.inst_label 16 pure>)
+3752: guard_nonnull(p146, descr=<Guard0x1404504e0>) [p2, i7, i9, i11, i13, p16, p18, p20, p22, p24, p0, p1, p3, p4]
+3760: i147 = getfield_gc_i(p146, descr=<FieldS rpyeffect.stack.Label.inst_origin 8 pure>)
+3768: guard_value(i147, 101377, descr=<Guard0x1404504a0>) [p2, i7, i9, i11, i13, p16, p18, p20, p22, p24, p0, p1, p3, p4]
+3788: p149 = getfield_gc_r(p144, descr=<FieldP rpyeffect.stack.MetaStack.inst_tail 32 pure>)
+3792: p150 = getfield_gc_r(p149, descr=<FieldP rpyeffect.stack.MetaStack.inst_region 24 pure>)
+3796: guard_isnull(p150, descr=<Guard0x140450460>) [p2, i7, i9, i11, i13, p16, p18, p20, p22, p24, p0, p1, p3, p4]
+3804: p151 = getfield_gc_r(p149, descr=<FieldP rpyeffect.stack.MetaStack.inst_label 16 pure>)
+3808: guard_nonnull(p151, descr=<Guard0x140450420>) [p2, i7, i9, i11, i13, p16, p18, p20, p22, p24, p0, p1, p3, p4]
+3816: i152 = getfield_gc_i(p151, descr=<FieldS rpyeffect.stack.Label.inst_origin 8 pure>)
+3824: guard_value(i152, 101381, descr=<Guard0x1404503e0>) [p2, i7, i9, i11, i13, p16, p18, p20, p22, p24, p0, p1, p3, p4]
+3844: p154 = getfield_gc_r(p149, descr=<FieldP rpyeffect.stack.MetaStack.inst_tail 32 pure>)
+3848: p155 = getfield_gc_r(p154, descr=<FieldP rpyeffect.stack.MetaStack.inst_region 24 pure>)
+3852: guard_isnull(p155, descr=<Guard0x1404503a0>) [p2, i7, i9, i11, i13, p16, p18, p20, p22, p24, p0, p1, p3, p4]
+3860: p156 = getfield_gc_r(p154, descr=<FieldP rpyeffect.stack.MetaStack.inst_label 16 pure>)
+3864: guard_nonnull(p156, descr=<Guard0x140450360>) [p2, i7, i9, i11, i13, p16, p18, p20, p22, p24, p0, p1, p3, p4]
+3872: i157 = getfield_gc_i(p156, descr=<FieldS rpyeffect.stack.Label.inst_origin 8 pure>)
+3880: guard_value(i157, 101377, descr=<Guard0x140450320>) [p2, i7, i9, i11, i13, p16, p18, p20, p22, p24, p0, p1, p3, p4]
+3900: p159 = getfield_gc_r(p154, descr=<FieldP rpyeffect.stack.MetaStack.inst_tail 32 pure>)
+3904: p160 = getfield_gc_r(p159, descr=<FieldP rpyeffect.stack.MetaStack.inst_region 24 pure>)
+3908: guard_isnull(p160, descr=<Guard0x1404502e0>) [p2, i7, i9, i11, i13, p16, p18, p20, p22, p24, p0, p1, p3, p4]
+3916: p161 = getfield_gc_r(p159, descr=<FieldP rpyeffect.stack.MetaStack.inst_label 16 pure>)
+3920: guard_nonnull(p161, descr=<Guard0x1404502a0>) [p2, i7, i9, i11, i13, p16, p18, p20, p22, p24, p0, p1, p3, p4]
+3928: i162 = getfield_gc_i(p161, descr=<FieldS rpyeffect.stack.Label.inst_origin 8 pure>)
+3936: guard_value(i162, 101381, descr=<Guard0x140450260>) [p2, i7, i9, i11, i13, p16, p18, p20, p22, p24, p0, p1, p3, p4]
+3956: p164 = getfield_gc_r(p159, descr=<FieldP rpyeffect.stack.MetaStack.inst_tail 32 pure>)
+3960: p165 = getfield_gc_r(p164, descr=<FieldP rpyeffect.stack.MetaStack.inst_region 24 pure>)
+3964: guard_isnull(p165, descr=<Guard0x140450220>) [p2, i7, i9, i11, i13, p16, p18, p20, p22, p24, p0, p1, p3, p4]
+3972: p166 = getfield_gc_r(p164, descr=<FieldP rpyeffect.stack.MetaStack.inst_label 16 pure>)
+3976: guard_nonnull(p166, descr=<Guard0x1404501e0>) [p2, i7, i9, i11, i13, p16, p18, p20, p22, p24, p0, p1, p3, p4]
+3984: i167 = getfield_gc_i(p166, descr=<FieldS rpyeffect.stack.Label.inst_origin 8 pure>)
+3992: guard_value(i167, 101377, descr=<Guard0x1404501a0>) [p2, i7, i9, i11, i13, p16, p18, p20, p22, p24, p0, p1, p3, p4]
+4012: p169 = getfield_gc_r(p164, descr=<FieldP rpyeffect.stack.MetaStack.inst_tail 32 pure>)
+4016: p170 = getfield_gc_r(p169, descr=<FieldP rpyeffect.stack.MetaStack.inst_region 24 pure>)
+4020: guard_isnull(p170, descr=<Guard0x140450160>) [p2, i7, i9, i11, i13, p16, p18, p20, p22, p24, p0, p1, p3, p4]
+4028: p171 = getfield_gc_r(p169, descr=<FieldP rpyeffect.stack.MetaStack.inst_label 16 pure>)
+4032: guard_nonnull(p171, descr=<Guard0x140450120>) [p2, i7, i9, i11, i13, p16, p18, p20, p22, p24, p0, p1, p3, p4]
+4040: i172 = getfield_gc_i(p171, descr=<FieldS rpyeffect.stack.Label.inst_origin 8 pure>)
+4048: guard_value(i172, 101381, descr=<Guard0x1404500e0>) [p2, i7, i9, i11, i13, p16, p18, p20, p22, p24, p0, p1, p3, p4]
+4068: p174 = getfield_gc_r(p169, descr=<FieldP rpyeffect.stack.MetaStack.inst_tail 32 pure>)
+4072: p175 = getfield_gc_r(p174, descr=<FieldP rpyeffect.stack.MetaStack.inst_region 24 pure>)
+4076: guard_isnull(p175, descr=<Guard0x1404500a0>) [p2, i7, i9, i11, i13, p16, p18, p20, p22, p24, p0, p1, p3, p4]
+4084: p176 = getfield_gc_r(p174, descr=<FieldP rpyeffect.stack.MetaStack.inst_label 16 pure>)
+4088: guard_nonnull(p176, descr=<Guard0x140450060>) [p2, i7, i9, i11, i13, p16, p18, p20, p22, p24, p0, p1, p3, p4]
+4096: i177 = getfield_gc_i(p176, descr=<FieldS rpyeffect.stack.Label.inst_origin 8 pure>)
+4104: guard_value(i177, 101377, descr=<Guard0x140450020>) [p2, i7, i9, i11, i13, p16, p18, p20, p22, p24, p0, p1, p3, p4]
+4124: p179 = getfield_gc_r(p174, descr=<FieldP rpyeffect.stack.MetaStack.inst_tail 32 pure>)
+4128: p180 = getfield_gc_r(p179, descr=<FieldP rpyeffect.stack.MetaStack.inst_region 24 pure>)
+4132: guard_isnull(p180, descr=<Guard0x14044ffa0>) [p2, i7, i9, i11, i13, p16, p18, p20, p22, p24, p0, p1, p3, p4]
+4140: p181 = getfield_gc_r(p179, descr=<FieldP rpyeffect.stack.MetaStack.inst_label 16 pure>)
+4144: guard_nonnull(p181, descr=<Guard0x14044ff60>) [p2, i7, i9, i11, i13, p16, p18, p20, p22, p24, p0, p1, p3, p4]
+4152: i182 = getfield_gc_i(p181, descr=<FieldS rpyeffect.stack.Label.inst_origin 8 pure>)
+4160: guard_value(i182, 101381, descr=<Guard0x14044ff20>) [p2, i7, i9, i11, i13, p16, p18, p20, p22, p24, p0, p1, p3, p4]
+4180: p184 = getfield_gc_r(p179, descr=<FieldP rpyeffect.stack.MetaStack.inst_tail 32 pure>)
+4184: p185 = getfield_gc_r(p184, descr=<FieldP rpyeffect.stack.MetaStack.inst_region 24 pure>)
+4188: guard_isnull(p185, descr=<Guard0x14044fee0>) [p2, i7, i9, i11, i13, p16, p18, p20, p22, p24, p0, p1, p3, p4]
+4196: p186 = getfield_gc_r(p184, descr=<FieldP rpyeffect.stack.MetaStack.inst_label 16 pure>)
+4200: guard_nonnull(p186, descr=<Guard0x14044fea0>) [p2, i7, i9, i11, i13, p16, p18, p20, p22, p24, p0, p1, p3, p4]
+4208: i187 = getfield_gc_i(p186, descr=<FieldS rpyeffect.stack.Label.inst_origin 8 pure>)
+4216: guard_value(i187, 101377, descr=<Guard0x14044fe60>) [p2, i7, i9, i11, i13, p16, p18, p20, p22, p24, p0, p1, p3, p4]
+4236: p189 = getfield_gc_r(p184, descr=<FieldP rpyeffect.stack.MetaStack.inst_tail 32 pure>)
+4240: p190 = getfield_gc_r(p189, descr=<FieldP rpyeffect.stack.MetaStack.inst_region 24 pure>)
+4244: guard_isnull(p190, descr=<Guard0x14044fe20>) [p2, i7, i9, i11, i13, p16, p18, p20, p22, p24, p0, p1, p3, p4]
+4252: p191 = getfield_gc_r(p189, descr=<FieldP rpyeffect.stack.MetaStack.inst_label 16 pure>)
+4256: guard_nonnull(p191, descr=<Guard0x14044fde0>) [p2, i7, i9, i11, i13, p16, p18, p20, p22, p24, p0, p1, p3, p4]
+4264: i192 = getfield_gc_i(p191, descr=<FieldS rpyeffect.stack.Label.inst_origin 8 pure>)
+4272: guard_value(i192, 101381, descr=<Guard0x14044fda0>) [p2, i7, i9, i11, i13, p16, p18, p20, p22, p24, p0, p1, p3, p4]
+4292: p194 = getfield_gc_r(p189, descr=<FieldP rpyeffect.stack.MetaStack.inst_tail 32 pure>)
+4296: p195 = getfield_gc_r(p194, descr=<FieldP rpyeffect.stack.MetaStack.inst_region 24 pure>)
+4300: guard_isnull(p195, descr=<Guard0x14044fd60>) [p2, i7, i9, i11, i13, p16, p18, p20, p22, p24, p0, p1, p3, p4]
+4308: p196 = getfield_gc_r(p194, descr=<FieldP rpyeffect.stack.MetaStack.inst_label 16 pure>)
+4312: guard_nonnull(p196, descr=<Guard0x14044fd20>) [p2, i7, i9, i11, i13, p16, p18, p20, p22, p24, p0, p1, p3, p4]
+4320: i197 = getfield_gc_i(p196, descr=<FieldS rpyeffect.stack.Label.inst_origin 8 pure>)
+4328: guard_value(i197, 101377, descr=<Guard0x14044fce0>) [p2, i7, i9, i11, i13, p16, p18, p20, p22, p24, p0, p1, p3, p4]
+4348: p199 = getfield_gc_r(p194, descr=<FieldP rpyeffect.stack.MetaStack.inst_tail 32 pure>)
+4352: p200 = getfield_gc_r(p199, descr=<FieldP rpyeffect.stack.MetaStack.inst_region 24 pure>)
+4356: guard_isnull(p200, descr=<Guard0x14044fca0>) [p2, i7, i9, i11, i13, p16, p18, p20, p22, p24, p0, p1, p3, p4]
+4364: p201 = getfield_gc_r(p199, descr=<FieldP rpyeffect.stack.MetaStack.inst_label 16 pure>)
+4368: guard_nonnull(p201, descr=<Guard0x14044fc60>) [p2, i7, i9, i11, i13, p16, p18, p20, p22, p24, p0, p1, p3, p4]
+4376: i202 = getfield_gc_i(p201, descr=<FieldS rpyeffect.stack.Label.inst_origin 8 pure>)
+4384: guard_value(i202, 101381, descr=<Guard0x14044fc20>) [p2, i7, i9, i11, i13, p16, p18, p20, p22, p24, p0, p1, p3, p4]
+4404: p204 = getfield_gc_r(p199, descr=<FieldP rpyeffect.stack.MetaStack.inst_tail 32 pure>)
+4408: p205 = getfield_gc_r(p204, descr=<FieldP rpyeffect.stack.MetaStack.inst_region 24 pure>)
+4412: guard_isnull(p205, descr=<Guard0x14044fbe0>) [p2, i7, i9, i11, i13, p16, p18, p20, p22, p24, p0, p1, p3, p4]
+4420: p206 = getfield_gc_r(p204, descr=<FieldP rpyeffect.stack.MetaStack.inst_label 16 pure>)
+4424: guard_nonnull(p206, descr=<Guard0x14044fba0>) [p2, i7, i9, i11, i13, p16, p18, p20, p22, p24, p0, p1, p3, p4]
+4432: i207 = getfield_gc_i(p206, descr=<FieldS rpyeffect.stack.Label.inst_origin 8 pure>)
+4440: guard_value(i207, 101377, descr=<Guard0x14044fb60>) [p2, i7, i9, i11, i13, p16, p18, p20, p22, p24, p0, p1, p3, p4]
+4460: p209 = getfield_gc_r(p204, descr=<FieldP rpyeffect.stack.MetaStack.inst_tail 32 pure>)
+4464: p210 = getfield_gc_r(p209, descr=<FieldP rpyeffect.stack.MetaStack.inst_region 24 pure>)
+4468: guard_isnull(p210, descr=<Guard0x14044fb20>) [p2, i7, i9, i11, i13, p16, p18, p20, p22, p24, p0, p1, p3, p4]
+4476: p211 = getfield_gc_r(p209, descr=<FieldP rpyeffect.stack.MetaStack.inst_label 16 pure>)
+4480: guard_nonnull(p211, descr=<Guard0x14044fae0>) [p2, i7, i9, i11, i13, p16, p18, p20, p22, p24, p0, p1, p3, p4]
+4488: i212 = getfield_gc_i(p211, descr=<FieldS rpyeffect.stack.Label.inst_origin 8 pure>)
+4496: guard_value(i212, 101381, descr=<Guard0x14044faa0>) [p2, i7, i9, i11, i13, p16, p18, p20, p22, p24, p0, p1, p3, p4]
+4516: p214 = getfield_gc_r(p209, descr=<FieldP rpyeffect.stack.MetaStack.inst_tail 32 pure>)
+4520: p215 = getfield_gc_r(p214, descr=<FieldP rpyeffect.stack.MetaStack.inst_region 24 pure>)
+4524: guard_isnull(p215, descr=<Guard0x14044fa60>) [p2, i7, i9, i11, i13, p16, p18, p20, p22, p24, p0, p1, p3, p4]
+4532: p216 = getfield_gc_r(p214, descr=<FieldP rpyeffect.stack.MetaStack.inst_label 16 pure>)
+4536: guard_nonnull(p216, descr=<Guard0x14044fa20>) [p2, i7, i9, i11, i13, p16, p18, p20, p22, p24, p0, p1, p3, p4]
+4544: i217 = getfield_gc_i(p216, descr=<FieldS rpyeffect.stack.Label.inst_origin 8 pure>)
+4552: guard_value(i217, 101377, descr=<Guard0x14044f9e0>) [p2, i7, i9, i11, i13, p16, p18, p20, p22, p24, p0, p1, p3, p4]
+4572: p219 = getfield_gc_r(p214, descr=<FieldP rpyeffect.stack.MetaStack.inst_tail 32 pure>)
+4576: p220 = getfield_gc_r(p219, descr=<FieldP rpyeffect.stack.MetaStack.inst_region 24 pure>)
+4580: guard_isnull(p220, descr=<Guard0x14044f9a0>) [p2, i7, i9, i11, i13, p16, p18, p20, p22, p24, p0, p1, p3, p4]
+4588: p221 = getfield_gc_r(p219, descr=<FieldP rpyeffect.stack.MetaStack.inst_label 16 pure>)
+4592: guard_nonnull(p221, descr=<Guard0x14044f960>) [p2, i7, i9, i11, i13, p16, p18, p20, p22, p24, p0, p1, p3, p4]
+4600: i222 = getfield_gc_i(p221, descr=<FieldS rpyeffect.stack.Label.inst_origin 8 pure>)
+4608: guard_value(i222, 101381, descr=<Guard0x14044f920>) [p2, i7, i9, i11, i13, p16, p18, p20, p22, p24, p0, p1, p3, p4]
+4628: p224 = getfield_gc_r(p219, descr=<FieldP rpyeffect.stack.MetaStack.inst_tail 32 pure>)
+4632: p225 = getfield_gc_r(p224, descr=<FieldP rpyeffect.stack.MetaStack.inst_region 24 pure>)
+4636: guard_isnull(p225, descr=<Guard0x14044f8e0>) [p2, i7, i9, i11, i13, p16, p18, p20, p22, p24, p0, p1, p3, p4]
+4644: p226 = getfield_gc_r(p224, descr=<FieldP rpyeffect.stack.MetaStack.inst_label 16 pure>)
+4648: guard_nonnull(p226, descr=<Guard0x14044f8a0>) [p2, i7, i9, i11, i13, p16, p18, p20, p22, p24, p0, p1, p3, p4]
+4656: i227 = getfield_gc_i(p226, descr=<FieldS rpyeffect.stack.Label.inst_origin 8 pure>)
+4664: guard_value(i227, 101377, descr=<Guard0x14044f860>) [p2, i7, i9, i11, i13, p16, p18, p20, p22, p24, p0, p1, p3, p4]
+4684: p229 = getfield_gc_r(p224, descr=<FieldP rpyeffect.stack.MetaStack.inst_tail 32 pure>)
+4688: p230 = getfield_gc_r(p229, descr=<FieldP rpyeffect.stack.MetaStack.inst_region 24 pure>)
+4692: guard_isnull(p230, descr=<Guard0x14044f820>) [p2, i7, i9, i11, i13, p16, p18, p20, p22, p24, p0, p1, p3, p4]
+4700: p231 = getfield_gc_r(p229, descr=<FieldP rpyeffect.stack.MetaStack.inst_label 16 pure>)
+4704: guard_nonnull(p231, descr=<Guard0x14044f7e0>) [p2, i7, i9, i11, i13, p16, p18, p20, p22, p24, p0, p1, p3, p4]
+4712: i232 = getfield_gc_i(p231, descr=<FieldS rpyeffect.stack.Label.inst_origin 8 pure>)
+4720: guard_value(i232, 101381, descr=<Guard0x14044f7a0>) [p2, i7, i9, i11, i13, p16, p18, p20, p22, p24, p0, p1, p3, p4]
+4740: p234 = getfield_gc_r(p229, descr=<FieldP rpyeffect.stack.MetaStack.inst_tail 32 pure>)
+4744: p235 = getfield_gc_r(p234, descr=<FieldP rpyeffect.stack.MetaStack.inst_region 24 pure>)
+4748: guard_isnull(p235, descr=<Guard0x14044f760>) [p2, i7, i9, i11, i13, p16, p18, p20, p22, p24, p0, p1, p3, p4]
+4756: p236 = getfield_gc_r(p234, descr=<FieldP rpyeffect.stack.MetaStack.inst_label 16 pure>)
+4760: guard_nonnull(p236, descr=<Guard0x14044f720>) [p2, i7, i9, i11, i13, p16, p18, p20, p22, p24, p0, p1, p3, p4]
+4768: i237 = getfield_gc_i(p236, descr=<FieldS rpyeffect.stack.Label.inst_origin 8 pure>)
+4776: guard_value(i237, 101377, descr=<Guard0x14044f6e0>) [p2, i7, i9, i11, i13, p16, p18, p20, p22, p24, p0, p1, p3, p4]
+4796: p239 = getfield_gc_r(p234, descr=<FieldP rpyeffect.stack.MetaStack.inst_tail 32 pure>)
+4800: p240 = getfield_gc_r(p239, descr=<FieldP rpyeffect.stack.MetaStack.inst_region 24 pure>)
+4804: guard_isnull(p240, descr=<Guard0x14044f6a0>) [p2, i7, i9, i11, i13, p16, p18, p20, p22, p24, p0, p1, p3, p4]
+4812: p241 = getfield_gc_r(p239, descr=<FieldP rpyeffect.stack.MetaStack.inst_label 16 pure>)
+4816: guard_nonnull(p241, descr=<Guard0x14044f660>) [p2, i7, i9, i11, i13, p16, p18, p20, p22, p24, p0, p1, p3, p4]
+4824: i242 = getfield_gc_i(p241, descr=<FieldS rpyeffect.stack.Label.inst_origin 8 pure>)
+4832: guard_value(i242, 101381, descr=<Guard0x14044f620>) [p2, i7, i9, i11, i13, p16, p18, p20, p22, p24, p0, p1, p3, p4]
+4852: p244 = getfield_gc_r(p239, descr=<FieldP rpyeffect.stack.MetaStack.inst_tail 32 pure>)
+4856: p245 = getfield_gc_r(p244, descr=<FieldP rpyeffect.stack.MetaStack.inst_region 24 pure>)
+4860: guard_isnull(p245, descr=<Guard0x14044f5e0>) [p2, i7, i9, i11, i13, p16, p18, p20, p22, p24, p0, p1, p3, p4]
+4868: p246 = getfield_gc_r(p244, descr=<FieldP rpyeffect.stack.MetaStack.inst_label 16 pure>)
+4872: guard_nonnull(p246, descr=<Guard0x14044f5a0>) [p2, i7, i9, i11, i13, p16, p18, p20, p22, p24, p0, p1, p3, p4]
+4880: i247 = getfield_gc_i(p246, descr=<FieldS rpyeffect.stack.Label.inst_origin 8 pure>)
+4888: guard_value(i247, 101377, descr=<Guard0x14044f560>) [p2, i7, i9, i11, i13, p16, p18, p20, p22, p24, p0, p1, p3, p4]
+4908: p249 = getfield_gc_r(p244, descr=<FieldP rpyeffect.stack.MetaStack.inst_tail 32 pure>)
+4912: p250 = getfield_gc_r(p249, descr=<FieldP rpyeffect.stack.MetaStack.inst_region 24 pure>)
+4916: guard_isnull(p250, descr=<Guard0x14044f520>) [p2, i7, i9, i11, i13, p16, p18, p20, p22, p24, p0, p1, p3, p4]
+4924: p251 = getfield_gc_r(p249, descr=<FieldP rpyeffect.stack.MetaStack.inst_label 16 pure>)
+4928: guard_nonnull(p251, descr=<Guard0x14044f4e0>) [p2, i7, i9, i11, i13, p16, p18, p20, p22, p24, p0, p1, p3, p4]
+4936: i252 = getfield_gc_i(p251, descr=<FieldS rpyeffect.stack.Label.inst_origin 8 pure>)
+4944: guard_value(i252, 101381, descr=<Guard0x14044f4a0>) [p2, i7, i9, i11, i13, p16, p18, p20, p22, p24, p0, p1, p3, p4]
+4964: p254 = getfield_gc_r(p249, descr=<FieldP rpyeffect.stack.MetaStack.inst_tail 32 pure>)
+4968: p255 = getfield_gc_r(p254, descr=<FieldP rpyeffect.stack.MetaStack.inst_region 24 pure>)
+4972: guard_isnull(p255, descr=<Guard0x14044f460>) [p2, i7, i9, i11, i13, p16, p18, p20, p22, p24, p0, p1, p3, p4]
+4980: p256 = getfield_gc_r(p254, descr=<FieldP rpyeffect.stack.MetaStack.inst_label 16 pure>)
+4984: guard_nonnull(p256, descr=<Guard0x14044f420>) [p2, i7, i9, i11, i13, p16, p18, p20, p22, p24, p0, p1, p3, p4]
+4992: i257 = getfield_gc_i(p256, descr=<FieldS rpyeffect.stack.Label.inst_origin 8 pure>)
+5000: guard_value(i257, 101377, descr=<Guard0x14044f3e0>) [p2, i7, i9, i11, i13, p16, p18, p20, p22, p24, p0, p1, p3, p4]
+5020: p259 = getfield_gc_r(p254, descr=<FieldP rpyeffect.stack.MetaStack.inst_tail 32 pure>)
+5024: p260 = getfield_gc_r(p259, descr=<FieldP rpyeffect.stack.MetaStack.inst_region 24 pure>)
+5028: guard_isnull(p260, descr=<Guard0x14044f3a0>) [p2, i7, i9, i11, i13, p16, p18, p20, p22, p24, p0, p1, p3, p4]
+5036: p261 = getfield_gc_r(p259, descr=<FieldP rpyeffect.stack.MetaStack.inst_label 16 pure>)
+5040: guard_nonnull(p261, descr=<Guard0x14044f360>) [p2, i7, i9, i11, i13, p16, p18, p20, p22, p24, p0, p1, p3, p4]
+5048: i262 = getfield_gc_i(p261, descr=<FieldS rpyeffect.stack.Label.inst_origin 8 pure>)
+5056: guard_value(i262, 101381, descr=<Guard0x14044f320>) [p2, i7, i9, i11, i13, p16, p18, p20, p22, p24, p0, p1, p3, p4]
+5076: p264 = getfield_gc_r(p259, descr=<FieldP rpyeffect.stack.MetaStack.inst_tail 32 pure>)
+5080: p265 = getfield_gc_r(p264, descr=<FieldP rpyeffect.stack.MetaStack.inst_region 24 pure>)
+5084: guard_isnull(p265, descr=<Guard0x14044f2e0>) [p2, i7, i9, i11, i13, p16, p18, p20, p22, p24, p0, p1, p3, p4]
+5092: p266 = getfield_gc_r(p264, descr=<FieldP rpyeffect.stack.MetaStack.inst_label 16 pure>)
+5096: guard_nonnull(p266, descr=<Guard0x14044f2a0>) [p2, i7, i9, i11, i13, p16, p18, p20, p22, p24, p0, p1, p3, p4]
+5104: i267 = getfield_gc_i(p266, descr=<FieldS rpyeffect.stack.Label.inst_origin 8 pure>)
+5112: guard_value(i267, 101377, descr=<Guard0x14044f260>) [p2, i7, i9, i11, i13, p16, p18, p20, p22, p24, p0, p1, p3, p4]
+5132: p269 = getfield_gc_r(p264, descr=<FieldP rpyeffect.stack.MetaStack.inst_tail 32 pure>)
+5136: p270 = getfield_gc_r(p269, descr=<FieldP rpyeffect.stack.MetaStack.inst_region 24 pure>)
+5140: guard_isnull(p270, descr=<Guard0x14044f220>) [p2, i7, i9, i11, i13, p16, p18, p20, p22, p24, p0, p1, p3, p4]
+5148: p271 = getfield_gc_r(p269, descr=<FieldP rpyeffect.stack.MetaStack.inst_label 16 pure>)
+5152: guard_nonnull(p271, descr=<Guard0x14044f1e0>) [p2, i7, i9, i11, i13, p16, p18, p20, p22, p24, p0, p1, p3, p4]
+5160: i272 = getfield_gc_i(p271, descr=<FieldS rpyeffect.stack.Label.inst_origin 8 pure>)
+5168: guard_value(i272, 101381, descr=<Guard0x14044f1a0>) [p2, i7, i9, i11, i13, p16, p18, p20, p22, p24, p0, p1, p3, p4]
+5188: p274 = getfield_gc_r(p269, descr=<FieldP rpyeffect.stack.MetaStack.inst_tail 32 pure>)
+5192: p275 = getfield_gc_r(p274, descr=<FieldP rpyeffect.stack.MetaStack.inst_region 24 pure>)
+5196: guard_isnull(p275, descr=<Guard0x14044f160>) [p2, i7, i9, i11, i13, p16, p18, p20, p22, p24, p0, p1, p3, p4]
+5204: p276 = getfield_gc_r(p274, descr=<FieldP rpyeffect.stack.MetaStack.inst_label 16 pure>)
+5208: guard_nonnull(p276, descr=<Guard0x14044f120>) [p2, i7, i9, i11, i13, p16, p18, p20, p22, p24, p0, p1, p3, p4]
+5216: i277 = getfield_gc_i(p276, descr=<FieldS rpyeffect.stack.Label.inst_origin 8 pure>)
+5224: guard_value(i277, 101377, descr=<Guard0x14044f0e0>) [p2, i7, i9, i11, i13, p16, p18, p20, p22, p24, p0, p1, p3, p4]
+5244: p279 = getfield_gc_r(p274, descr=<FieldP rpyeffect.stack.MetaStack.inst_tail 32 pure>)
+5248: p280 = getfield_gc_r(p279, descr=<FieldP rpyeffect.stack.MetaStack.inst_region 24 pure>)
+5252: guard_isnull(p280, descr=<Guard0x14044f0a0>) [p2, i7, i9, i11, i13, p16, p18, p20, p22, p24, p0, p1, p3, p4]
+5260: p281 = getfield_gc_r(p279, descr=<FieldP rpyeffect.stack.MetaStack.inst_label 16 pure>)
+5264: guard_nonnull(p281, descr=<Guard0x14044f060>) [p2, i7, i9, i11, i13, p16, p18, p20, p22, p24, p0, p1, p3, p4]
+5272: i282 = getfield_gc_i(p281, descr=<FieldS rpyeffect.stack.Label.inst_origin 8 pure>)
+5280: guard_value(i282, 101381, descr=<Guard0x14044f020>) [p2, i7, i9, i11, i13, p16, p18, p20, p22, p24, p0, p1, p3, p4]
+5300: p284 = getfield_gc_r(p279, descr=<FieldP rpyeffect.stack.MetaStack.inst_tail 32 pure>)
+5304: p285 = getfield_gc_r(p284, descr=<FieldP rpyeffect.stack.MetaStack.inst_region 24 pure>)
+5308: guard_isnull(p285, descr=<Guard0x14044efe0>) [p2, i7, i9, i11, i13, p16, p18, p20, p22, p24, p0, p1, p3, p4]
+5316: p286 = getfield_gc_r(p284, descr=<FieldP rpyeffect.stack.MetaStack.inst_label 16 pure>)
+5320: guard_nonnull(p286, descr=<Guard0x14044efa0>) [p2, i7, i9, i11, i13, p16, p18, p20, p22, p24, p0, p1, p3, p4]
+5328: i287 = getfield_gc_i(p286, descr=<FieldS rpyeffect.stack.Label.inst_origin 8 pure>)
+5336: guard_value(i287, 101377, descr=<Guard0x14044ef60>) [p2, i7, i9, i11, i13, p16, p18, p20, p22, p24, p0, p1, p3, p4]
+5356: p289 = getfield_gc_r(p284, descr=<FieldP rpyeffect.stack.MetaStack.inst_tail 32 pure>)
+5360: p290 = getfield_gc_r(p289, descr=<FieldP rpyeffect.stack.MetaStack.inst_region 24 pure>)
+5364: guard_isnull(p290, descr=<Guard0x14044ef20>) [p2, i7, i9, i11, i13, p16, p18, p20, p22, p24, p0, p1, p3, p4]
+5372: p291 = getfield_gc_r(p289, descr=<FieldP rpyeffect.stack.MetaStack.inst_label 16 pure>)
+5376: guard_nonnull(p291, descr=<Guard0x14044eee0>) [p2, i7, i9, i11, i13, p16, p18, p20, p22, p24, p0, p1, p3, p4]
+5384: i292 = getfield_gc_i(p291, descr=<FieldS rpyeffect.stack.Label.inst_origin 8 pure>)
+5392: guard_value(i292, 101381, descr=<Guard0x14044eea0>) [p2, i7, i9, i11, i13, p16, p18, p20, p22, p24, p0, p1, p3, p4]
+5412: p294 = getfield_gc_r(p289, descr=<FieldP rpyeffect.stack.MetaStack.inst_tail 32 pure>)
+5416: p295 = getfield_gc_r(p294, descr=<FieldP rpyeffect.stack.MetaStack.inst_region 24 pure>)
+5420: guard_isnull(p295, descr=<Guard0x14044ee60>) [p2, i7, i9, i11, i13, p16, p18, p20, p22, p24, p0, p1, p3, p4]
+5428: p296 = getfield_gc_r(p294, descr=<FieldP rpyeffect.stack.MetaStack.inst_label 16 pure>)
+5432: guard_nonnull(p296, descr=<Guard0x14044ee20>) [p2, i7, i9, i11, i13, p16, p18, p20, p22, p24, p0, p1, p3, p4]
+5440: i297 = getfield_gc_i(p296, descr=<FieldS rpyeffect.stack.Label.inst_origin 8 pure>)
+5448: guard_value(i297, 101377, descr=<Guard0x14044ede0>) [p2, i7, i9, i11, i13, p16, p18, p20, p22, p24, p0, p1, p3, p4]
+5468: p299 = getfield_gc_r(p294, descr=<FieldP rpyeffect.stack.MetaStack.inst_tail 32 pure>)
+5472: p300 = getfield_gc_r(p299, descr=<FieldP rpyeffect.stack.MetaStack.inst_region 24 pure>)
+5476: guard_isnull(p300, descr=<Guard0x14044eda0>) [p2, i7, i9, i11, i13, p16, p18, p20, p22, p24, p0, p1, p3, p4]
+5484: p301 = getfield_gc_r(p299, descr=<FieldP rpyeffect.stack.MetaStack.inst_label 16 pure>)
+5488: guard_nonnull(p301, descr=<Guard0x14044ed60>) [p2, i7, i9, i11, i13, p16, p18, p20, p22, p24, p0, p1, p3, p4]
+5496: i302 = getfield_gc_i(p301, descr=<FieldS rpyeffect.stack.Label.inst_origin 8 pure>)
+5504: guard_value(i302, 101381, descr=<Guard0x14044ed20>) [p2, i7, i9, i11, i13, p16, p18, p20, p22, p24, p0, p1, p3, p4]
+5524: p304 = getfield_gc_r(p299, descr=<FieldP rpyeffect.stack.MetaStack.inst_tail 32 pure>)
+5528: p305 = getfield_gc_r(p304, descr=<FieldP rpyeffect.stack.MetaStack.inst_region 24 pure>)
+5532: guard_isnull(p305, descr=<Guard0x14044ece0>) [p2, i7, i9, i11, i13, p16, p18, p20, p22, p24, p0, p1, p3, p4]
+5540: p306 = getfield_gc_r(p304, descr=<FieldP rpyeffect.stack.MetaStack.inst_label 16 pure>)
+5544: guard_nonnull(p306, descr=<Guard0x14044eca0>) [p2, i7, i9, i11, i13, p16, p18, p20, p22, p24, p0, p1, p3, p4]
+5552: i307 = getfield_gc_i(p306, descr=<FieldS rpyeffect.stack.Label.inst_origin 8 pure>)
+5560: guard_value(i307, 101377, descr=<Guard0x14044ec60>) [p2, i7, i9, i11, i13, p16, p18, p20, p22, p24, p0, p1, p3, p4]
+5580: p309 = getfield_gc_r(p304, descr=<FieldP rpyeffect.stack.MetaStack.inst_tail 32 pure>)
+5584: p310 = getfield_gc_r(p309, descr=<FieldP rpyeffect.stack.MetaStack.inst_region 24 pure>)
+5588: guard_isnull(p310, descr=<Guard0x14044ec20>) [p2, i7, i9, i11, i13, p16, p18, p20, p22, p24, p0, p1, p3, p4]
+5596: p311 = getfield_gc_r(p309, descr=<FieldP rpyeffect.stack.MetaStack.inst_label 16 pure>)
+5600: guard_nonnull(p311, descr=<Guard0x14044ebe0>) [p2, i7, i9, i11, i13, p16, p18, p20, p22, p24, p0, p1, p3, p4]
+5608: i312 = getfield_gc_i(p311, descr=<FieldS rpyeffect.stack.Label.inst_origin 8 pure>)
+5616: guard_value(i312, 101381, descr=<Guard0x14044eba0>) [p2, i7, i9, i11, i13, p16, p18, p20, p22, p24, p0, p1, p3, p4]
+5636: p314 = getfield_gc_r(p309, descr=<FieldP rpyeffect.stack.MetaStack.inst_tail 32 pure>)
+5640: p315 = getfield_gc_r(p314, descr=<FieldP rpyeffect.stack.MetaStack.inst_region 24 pure>)
+5644: guard_isnull(p315, descr=<Guard0x14044eb60>) [p2, i7, i9, i11, i13, p16, p18, p20, p22, p24, p0, p1, p3, p4]
+5652: p316 = getfield_gc_r(p314, descr=<FieldP rpyeffect.stack.MetaStack.inst_label 16 pure>)
+5656: guard_nonnull(p316, descr=<Guard0x14044eb20>) [p2, i7, i9, i11, i13, p16, p18, p20, p22, p24, p0, p1, p3, p4]
+5664: i317 = getfield_gc_i(p316, descr=<FieldS rpyeffect.stack.Label.inst_origin 8 pure>)
+5672: guard_value(i317, 101377, descr=<Guard0x14044eae0>) [p2, i7, i9, i11, i13, p16, p18, p20, p22, p24, p0, p1, p3, p4]
+5692: p319 = getfield_gc_r(p314, descr=<FieldP rpyeffect.stack.MetaStack.inst_tail 32 pure>)
+5696: p320 = getfield_gc_r(p319, descr=<FieldP rpyeffect.stack.MetaStack.inst_region 24 pure>)
+5700: guard_isnull(p320, descr=<Guard0x14044eaa0>) [p2, i7, i9, i11, i13, p16, p18, p20, p22, p24, p0, p1, p3, p4]
+5708: p321 = getfield_gc_r(p319, descr=<FieldP rpyeffect.stack.MetaStack.inst_label 16 pure>)
+5712: guard_nonnull(p321, descr=<Guard0x14044ea60>) [p2, i7, i9, i11, i13, p16, p18, p20, p22, p24, p0, p1, p3, p4]
+5720: i322 = getfield_gc_i(p321, descr=<FieldS rpyeffect.stack.Label.inst_origin 8 pure>)
+5728: guard_value(i322, 101381, descr=<Guard0x14044ea20>) [p2, i7, i9, i11, i13, p16, p18, p20, p22, p24, p0, p1, p3, p4]
+5748: p324 = getfield_gc_r(p319, descr=<FieldP rpyeffect.stack.MetaStack.inst_tail 32 pure>)
+5752: p325 = getfield_gc_r(p324, descr=<FieldP rpyeffect.stack.MetaStack.inst_region 24 pure>)
+5756: guard_isnull(p325, descr=<Guard0x14044e9e0>) [p2, i7, i9, i11, i13, p16, p18, p20, p22, p24, p0, p1, p3, p4]
+5764: p326 = getfield_gc_r(p324, descr=<FieldP rpyeffect.stack.MetaStack.inst_label 16 pure>)
+5768: guard_nonnull(p326, descr=<Guard0x14044e9a0>) [p2, i7, i9, i11, i13, p16, p18, p20, p22, p24, p0, p1, p3, p4]
+5776: i327 = getfield_gc_i(p326, descr=<FieldS rpyeffect.stack.Label.inst_origin 8 pure>)
+5784: guard_value(i327, 101377, descr=<Guard0x14044e960>) [p2, i7, i9, i11, i13, p16, p18, p20, p22, p24, p0, p1, p3, p4]
+5804: p329 = getfield_gc_r(p324, descr=<FieldP rpyeffect.stack.MetaStack.inst_tail 32 pure>)
+5808: p330 = getfield_gc_r(p329, descr=<FieldP rpyeffect.stack.MetaStack.inst_region 24 pure>)
+5812: guard_isnull(p330, descr=<Guard0x14044e920>) [p2, i7, i9, i11, i13, p16, p18, p20, p22, p24, p0, p1, p3, p4]
+5820: p331 = getfield_gc_r(p329, descr=<FieldP rpyeffect.stack.MetaStack.inst_label 16 pure>)
+5824: guard_nonnull(p331, descr=<Guard0x14044e8e0>) [p2, i7, i9, i11, i13, p16, p18, p20, p22, p24, p0, p1, p3, p4]
+5832: i332 = getfield_gc_i(p331, descr=<FieldS rpyeffect.stack.Label.inst_origin 8 pure>)
+5840: guard_value(i332, 101381, descr=<Guard0x14044e8a0>) [p2, i7, i9, i11, i13, p16, p18, p20, p22, p24, p0, p1, p3, p4]
+5860: p334 = getfield_gc_r(p329, descr=<FieldP rpyeffect.stack.MetaStack.inst_tail 32 pure>)
+5864: p335 = getfield_gc_r(p334, descr=<FieldP rpyeffect.stack.MetaStack.inst_region 24 pure>)
+5868: guard_isnull(p335, descr=<Guard0x14044e860>) [p2, i7, i9, i11, i13, p16, p18, p20, p22, p24, p0, p1, p3, p4]
+5876: p336 = getfield_gc_r(p334, descr=<FieldP rpyeffect.stack.MetaStack.inst_label 16 pure>)
+5880: guard_nonnull(p336, descr=<Guard0x14044e820>) [p2, i7, i9, i11, i13, p16, p18, p20, p22, p24, p0, p1, p3, p4]
+5888: i337 = getfield_gc_i(p336, descr=<FieldS rpyeffect.stack.Label.inst_origin 8 pure>)
+5896: guard_value(i337, 101377, descr=<Guard0x14044e7e0>) [p2, i7, i9, i11, i13, p16, p18, p20, p22, p24, p0, p1, p3, p4]
+5916: p339 = getfield_gc_r(p334, descr=<FieldP rpyeffect.stack.MetaStack.inst_tail 32 pure>)
+5920: p340 = getfield_gc_r(p339, descr=<FieldP rpyeffect.stack.MetaStack.inst_region 24 pure>)
+5924: guard_isnull(p340, descr=<Guard0x14044e7a0>) [p2, i7, i9, i11, i13, p16, p18, p20, p22, p24, p0, p1, p3, p4]
+5932: p341 = getfield_gc_r(p339, descr=<FieldP rpyeffect.stack.MetaStack.inst_label 16 pure>)
+5936: guard_nonnull(p341, descr=<Guard0x14044e760>) [p2, i7, i9, i11, i13, p16, p18, p20, p22, p24, p0, p1, p3, p4]
+5944: i342 = getfield_gc_i(p341, descr=<FieldS rpyeffect.stack.Label.inst_origin 8 pure>)
+5952: guard_value(i342, 147460, descr=<Guard0x14044e720>) [p2, i7, i9, i11, i13, p16, p18, p20, p22, p24, p0, p1, p3, p4]
+5972: i344 = instance_ptr_eq(p341, p29)
guard_true(i344, descr=<Guard0x14044e6e0>) [p2, i7, i9, i11, i13, p16, p18, p20, p22, p24, p0, p1, p3, p4]
+5980: p345 = getfield_gc_r(p339, descr=<FieldP rpyeffect.stack.MetaStackLike.inst_stack 8 pure>)
+5984: guard_class(p339, 4379750176, descr=<Guard0x14044e6a0>) [p2, i7, i9, i11, i13, p16, p18, p20, p22, p24, p0, p1, p3, p4]
+6000: p347 = getfield_gc_r(p339, descr=<FieldP rpyeffect.stack.MetaStack.inst_tail 32 pure>)
+6004: p348 = getfield_gc_r(p334, descr=<FieldP rpyeffect.stack.MetaStackLike.inst_stack 8 pure>)
+6008: guard_class(p334, 4379750176, descr=<Guard0x14044e660>) [p2, i7, i9, i11, i13, p16, p18, p20, p22, p24, p0, p1, p3, p4]
+6024: p350 = getfield_gc_r(p329, descr=<FieldP rpyeffect.stack.MetaStackLike.inst_stack 8 pure>)
+6028: guard_class(p329, 4379750176, descr=<Guard0x14044e620>) [p2, i7, i9, i11, i13, p16, p18, p20, p22, p24, p0, p1, p3, p4]
+6044: p352 = getfield_gc_r(p324, descr=<FieldP rpyeffect.stack.MetaStackLike.inst_stack 8 pure>)
+6048: guard_class(p324, 4379750176, descr=<Guard0x14044e5e0>) [p2, i7, i9, i11, i13, p16, p18, p20, p22, p24, p0, p1, p3, p4]
+6064: p354 = getfield_gc_r(p319, descr=<FieldP rpyeffect.stack.MetaStackLike.inst_stack 8 pure>)
+6068: guard_class(p319, 4379750176, descr=<Guard0x14044e5a0>) [p2, i7, i9, i11, i13, p16, p18, p20, p22, p24, p0, p1, p3, p4]
+6084: p356 = getfield_gc_r(p314, descr=<FieldP rpyeffect.stack.MetaStackLike.inst_stack 8 pure>)
+6088: guard_class(p314, 4379750176, descr=<Guard0x14044e560>) [p2, i7, i9, i11, i13, p16, p18, p20, p22, p24, p0, p1, p3, p4]
+6104: p358 = getfield_gc_r(p309, descr=<FieldP rpyeffect.stack.MetaStackLike.inst_stack 8 pure>)
+6108: guard_class(p309, 4379750176, descr=<Guard0x14044e520>) [p2, i7, i9, i11, i13, p16, p18, p20, p22, p24, p0, p1, p3, p4]
+6124: p360 = getfield_gc_r(p304, descr=<FieldP rpyeffect.stack.MetaStackLike.inst_stack 8 pure>)
+6128: guard_class(p304, 4379750176, descr=<Guard0x14044e4e0>) [p2, i7, i9, i11, i13, p16, p18, p20, p22, p24, p0, p1, p3, p4]
+6144: p362 = getfield_gc_r(p299, descr=<FieldP rpyeffect.stack.MetaStackLike.inst_stack 8 pure>)
+6148: guard_class(p299, 4379750176, descr=<Guard0x14044e4a0>) [p2, i7, i9, i11, i13, p16, p18, p20, p22, p24, p0, p1, p3, p4]
+6164: p364 = getfield_gc_r(p294, descr=<FieldP rpyeffect.stack.MetaStackLike.inst_stack 8 pure>)
+6168: guard_class(p294, 4379750176, descr=<Guard0x14044e460>) [p2, i7, i9, i11, i13, p16, p18, p20, p22, p24, p0, p1, p3, p4]
+6184: p366 = getfield_gc_r(p289, descr=<FieldP rpyeffect.stack.MetaStackLike.inst_stack 8 pure>)
+6188: guard_class(p289, 4379750176, descr=<Guard0x14044e420>) [p2, i7, i9, i11, i13, p16, p18, p20, p22, p24, p0, p1, p3, p4]
+6204: p368 = getfield_gc_r(p284, descr=<FieldP rpyeffect.stack.MetaStackLike.inst_stack 8 pure>)
+6208: guard_class(p284, 4379750176, descr=<Guard0x14044e3e0>) [p2, i7, i9, i11, i13, p16, p18, p20, p22, p24, p0, p1, p3, p4]
+6224: p370 = getfield_gc_r(p279, descr=<FieldP rpyeffect.stack.MetaStackLike.inst_stack 8 pure>)
+6232: guard_class(p279, 4379750176, descr=<Guard0x14044e3a0>) [p2, i7, i9, i11, i13, p16, p18, p20, p22, p24, p0, p1, p3, p4]
+6248: p372 = getfield_gc_r(p274, descr=<FieldP rpyeffect.stack.MetaStackLike.inst_stack 8 pure>)
+6260: guard_class(p274, 4379750176, descr=<Guard0x14044e360>) [p2, i7, i9, i11, i13, p16, p18, p20, p22, p24, p0, p1, p3, p4]
+6276: p374 = getfield_gc_r(p269, descr=<FieldP rpyeffect.stack.MetaStackLike.inst_stack 8 pure>)
+6288: guard_class(p269, 4379750176, descr=<Guard0x14044e320>) [p2, i7, i9, i11, i13, p16, p18, p20, p22, p24, p0, p1, p3, p4]
+6304: p376 = getfield_gc_r(p264, descr=<FieldP rpyeffect.stack.MetaStackLike.inst_stack 8 pure>)
+6316: guard_class(p264, 4379750176, descr=<Guard0x14044e2e0>) [p2, i7, i9, i11, i13, p16, p18, p20, p22, p24, p0, p1, p3, p4]
+6332: p378 = getfield_gc_r(p259, descr=<FieldP rpyeffect.stack.MetaStackLike.inst_stack 8 pure>)
+6344: guard_class(p259, 4379750176, descr=<Guard0x14044e2a0>) [p2, i7, i9, i11, i13, p16, p18, p20, p22, p24, p0, p1, p3, p4]
+6360: p380 = getfield_gc_r(p254, descr=<FieldP rpyeffect.stack.MetaStackLike.inst_stack 8 pure>)
+6372: guard_class(p254, 4379750176, descr=<Guard0x14044e260>) [p2, i7, i9, i11, i13, p16, p18, p20, p22, p24, p0, p1, p3, p4]
+6388: p382 = getfield_gc_r(p249, descr=<FieldP rpyeffect.stack.MetaStackLike.inst_stack 8 pure>)
+6400: guard_class(p249, 4379750176, descr=<Guard0x14044e220>) [p2, i7, i9, i11, i13, p16, p18, p20, p22, p24, p0, p1, p3, p4]
+6416: p384 = getfield_gc_r(p244, descr=<FieldP rpyeffect.stack.MetaStackLike.inst_stack 8 pure>)
+6428: guard_class(p244, 4379750176, descr=<Guard0x14044e1e0>) [p2, i7, i9, i11, i13, p16, p18, p20, p22, p24, p0, p1, p3, p4]
+6444: p386 = getfield_gc_r(p239, descr=<FieldP rpyeffect.stack.MetaStackLike.inst_stack 8 pure>)
+6456: guard_class(p239, 4379750176, descr=<Guard0x14044e1a0>) [p2, i7, i9, i11, i13, p16, p18, p20, p22, p24, p0, p1, p3, p4]
+6472: p388 = getfield_gc_r(p234, descr=<FieldP rpyeffect.stack.MetaStackLike.inst_stack 8 pure>)
+6484: guard_class(p234, 4379750176, descr=<Guard0x14044e160>) [p2, i7, i9, i11, i13, p16, p18, p20, p22, p24, p0, p1, p3, p4]
+6500: p390 = getfield_gc_r(p229, descr=<FieldP rpyeffect.stack.MetaStackLike.inst_stack 8 pure>)
+6512: guard_class(p229, 4379750176, descr=<Guard0x14044e120>) [p2, i7, i9, i11, i13, p16, p18, p20, p22, p24, p0, p1, p3, p4]
+6528: p392 = getfield_gc_r(p224, descr=<FieldP rpyeffect.stack.MetaStackLike.inst_stack 8 pure>)
+6540: guard_class(p224, 4379750176, descr=<Guard0x14044e0e0>) [p2, i7, i9, i11, i13, p16, p18, p20, p22, p24, p0, p1, p3, p4]
+6556: p394 = getfield_gc_r(p219, descr=<FieldP rpyeffect.stack.MetaStackLike.inst_stack 8 pure>)
+6568: guard_class(p219, 4379750176, descr=<Guard0x14044e0a0>) [p2, i7, i9, i11, i13, p16, p18, p20, p22, p24, p0, p1, p3, p4]
+6584: p396 = getfield_gc_r(p214, descr=<FieldP rpyeffect.stack.MetaStackLike.inst_stack 8 pure>)
+6596: guard_class(p214, 4379750176, descr=<Guard0x14044e060>) [p2, i7, i9, i11, i13, p16, p18, p20, p22, p24, p0, p1, p3, p4]
+6612: p398 = getfield_gc_r(p209, descr=<FieldP rpyeffect.stack.MetaStackLike.inst_stack 8 pure>)
+6624: guard_class(p209, 4379750176, descr=<Guard0x14044e020>) [p2, i7, i9, i11, i13, p16, p18, p20, p22, p24, p0, p1, p3, p4]
+6640: p400 = getfield_gc_r(p204, descr=<FieldP rpyeffect.stack.MetaStackLike.inst_stack 8 pure>)
+6652: guard_class(p204, 4379750176, descr=<Guard0x1403edfa0>) [p2, i7, i9, i11, i13, p16, p18, p20, p22, p24, p0, p1, p3, p4]
+6668: p402 = getfield_gc_r(p199, descr=<FieldP rpyeffect.stack.MetaStackLike.inst_stack 8 pure>)
+6680: guard_class(p199, 4379750176, descr=<Guard0x1403edf60>) [p2, i7, i9, i11, i13, p16, p18, p20, p22, p24, p0, p1, p3, p4]
+6696: p404 = getfield_gc_r(p194, descr=<FieldP rpyeffect.stack.MetaStackLike.inst_stack 8 pure>)
+6708: guard_class(p194, 4379750176, descr=<Guard0x1403edf20>) [p2, i7, i9, i11, i13, p16, p18, p20, p22, p24, p0, p1, p3, p4]
+6724: p406 = getfield_gc_r(p189, descr=<FieldP rpyeffect.stack.MetaStackLike.inst_stack 8 pure>)
+6736: guard_class(p189, 4379750176, descr=<Guard0x1403edee0>) [p2, i7, i9, i11, i13, p16, p18, p20, p22, p24, p0, p1, p3, p4]
+6752: p408 = getfield_gc_r(p184, descr=<FieldP rpyeffect.stack.MetaStackLike.inst_stack 8 pure>)
+6764: guard_class(p184, 4379750176, descr=<Guard0x1403edea0>) [p2, i7, i9, i11, i13, p16, p18, p20, p22, p24, p0, p1, p3, p4]
+6780: p410 = getfield_gc_r(p179, descr=<FieldP rpyeffect.stack.MetaStackLike.inst_stack 8 pure>)
+6792: guard_class(p179, 4379750176, descr=<Guard0x1403ede60>) [p2, i7, i9, i11, i13, p16, p18, p20, p22, p24, p0, p1, p3, p4]
+6808: p412 = getfield_gc_r(p174, descr=<FieldP rpyeffect.stack.MetaStackLike.inst_stack 8 pure>)
+6820: guard_class(p174, 4379750176, descr=<Guard0x1403ede20>) [p2, i7, i9, i11, i13, p16, p18, p20, p22, p24, p0, p1, p3, p4]
+6836: p414 = getfield_gc_r(p169, descr=<FieldP rpyeffect.stack.MetaStackLike.inst_stack 8 pure>)
+6848: guard_class(p169, 4379750176, descr=<Guard0x1403edde0>) [p2, i7, i9, i11, i13, p16, p18, p20, p22, p24, p0, p1, p3, p4]
+6864: p416 = getfield_gc_r(p164, descr=<FieldP rpyeffect.stack.MetaStackLike.inst_stack 8 pure>)
+6876: guard_class(p164, 4379750176, descr=<Guard0x1403edda0>) [p2, i7, i9, i11, i13, p16, p18, p20, p22, p24, p0, p1, p3, p4]
+6892: p418 = getfield_gc_r(p159, descr=<FieldP rpyeffect.stack.MetaStackLike.inst_stack 8 pure>)
+6904: guard_class(p159, 4379750176, descr=<Guard0x1403edd60>) [p2, i7, i9, i11, i13, p16, p18, p20, p22, p24, p0, p1, p3, p4]
+6920: p420 = getfield_gc_r(p154, descr=<FieldP rpyeffect.stack.MetaStackLike.inst_stack 8 pure>)
+6932: guard_class(p154, 4379750176, descr=<Guard0x1403edd20>) [p2, i7, i9, i11, i13, p16, p18, p20, p22, p24, p0, p1, p3, p4]
+6948: p422 = getfield_gc_r(p149, descr=<FieldP rpyeffect.stack.MetaStackLike.inst_stack 8 pure>)
+6960: guard_class(p149, 4379750176, descr=<Guard0x1403edce0>) [p2, i7, i9, i11, i13, p16, p18, p20, p22, p24, p0, p1, p3, p4]
+6976: p424 = getfield_gc_r(p144, descr=<FieldP rpyeffect.stack.MetaStackLike.inst_stack 8 pure>)
+6988: guard_class(p144, 4379750176, descr=<Guard0x1403edca0>) [p2, i7, i9, i11, i13, p16, p18, p20, p22, p24, p0, p1, p3, p4]
+7004: p426 = getfield_gc_r(p139, descr=<FieldP rpyeffect.stack.MetaStackLike.inst_stack 8 pure>)
+7016: guard_class(p139, 4379750176, descr=<Guard0x1403edc60>) [p2, i7, i9, i11, i13, p16, p18, p20, p22, p24, p0, p1, p3, p4]
+7032: p428 = getfield_gc_r(p134, descr=<FieldP rpyeffect.stack.MetaStackLike.inst_stack 8 pure>)
+7044: guard_class(p134, 4379750176, descr=<Guard0x1403edc20>) [p2, i7, i9, i11, i13, p16, p18, p20, p22, p24, p0, p1, p3, p4]
+7060: p430 = getfield_gc_r(p129, descr=<FieldP rpyeffect.stack.MetaStackLike.inst_stack 8 pure>)
+7072: guard_class(p129, 4379750176, descr=<Guard0x1403edbe0>) [p2, i7, i9, i11, i13, p16, p18, p20, p22, p24, p0, p1, p3, p4]
+7088: p432 = getfield_gc_r(p124, descr=<FieldP rpyeffect.stack.MetaStackLike.inst_stack 8 pure>)
+7100: guard_class(p124, 4379750176, descr=<Guard0x1403edba0>) [p2, i7, i9, i11, i13, p16, p18, p20, p22, p24, p0, p1, p3, p4]
+7116: p434 = getfield_gc_r(p119, descr=<FieldP rpyeffect.stack.MetaStackLike.inst_stack 8 pure>)
+7128: guard_class(p119, 4379750176, descr=<Guard0x1403edb60>) [p2, i7, i9, i11, i13, p16, p18, p20, p22, p24, p0, p1, p3, p4]
+7144: p436 = getfield_gc_r(p114, descr=<FieldP rpyeffect.stack.MetaStackLike.inst_stack 8 pure>)
+7156: guard_class(p114, 4379750176, descr=<Guard0x1403edb20>) [p2, i7, i9, i11, i13, p16, p18, p20, p22, p24, p0, p1, p3, p4]
+7172: p438 = getfield_gc_r(p109, descr=<FieldP rpyeffect.stack.MetaStackLike.inst_stack 8 pure>)
+7184: guard_class(p109, 4379750176, descr=<Guard0x1403edae0>) [p2, i7, i9, i11, i13, p16, p18, p20, p22, p24, p0, p1, p3, p4]
+7200: p440 = getfield_gc_r(p104, descr=<FieldP rpyeffect.stack.MetaStackLike.inst_stack 8 pure>)
+7212: guard_class(p104, 4379750176, descr=<Guard0x1403edaa0>) [p2, i7, i9, i11, i13, p16, p18, p20, p22, p24, p0, p1, p3, p4]
+7228: p442 = getfield_gc_r(p99, descr=<FieldP rpyeffect.stack.MetaStackLike.inst_stack 8 pure>)
+7240: guard_class(p99, 4379750176, descr=<Guard0x1403eda60>) [p2, i7, i9, i11, i13, p16, p18, p20, p22, p24, p0, p1, p3, p4]
+7256: p444 = getfield_gc_r(p94, descr=<FieldP rpyeffect.stack.MetaStackLike.inst_stack 8 pure>)
+7268: guard_class(p94, 4379750176, descr=<Guard0x1403eda20>) [p2, i7, i9, i11, i13, p16, p18, p20, p22, p24, p0, p1, p3, p4]
+7284: p446 = getfield_gc_r(p89, descr=<FieldP rpyeffect.stack.MetaStackLike.inst_stack 8 pure>)
+7296: guard_class(p89, 4379750176, descr=<Guard0x1403ed9e0>) [p2, i7, i9, i11, i13, p16, p18, p20, p22, p24, p0, p1, p3, p4]
+7312: p448 = getfield_gc_r(p84, descr=<FieldP rpyeffect.stack.MetaStackLike.inst_stack 8 pure>)
+7324: guard_class(p84, 4379750176, descr=<Guard0x1403ed9a0>) [p2, i7, i9, i11, i13, p16, p18, p20, p22, p24, p0, p1, p3, p4]
+7340: p450 = getfield_gc_r(p79, descr=<FieldP rpyeffect.stack.MetaStackLike.inst_stack 8 pure>)
+7352: guard_class(p79, 4379750176, descr=<Guard0x1403ed960>) [p2, i7, i9, i11, i13, p16, p18, p20, p22, p24, p0, p1, p3, p4]
+7368: p452 = getfield_gc_r(p74, descr=<FieldP rpyeffect.stack.MetaStackLike.inst_stack 8 pure>)
+7380: guard_class(p74, 4379750176, descr=<Guard0x1403ed920>) [p2, i7, i9, i11, i13, p16, p18, p20, p22, p24, p0, p1, p3, p4]
+7396: p454 = getfield_gc_r(p69, descr=<FieldP rpyeffect.stack.MetaStackLike.inst_stack 8 pure>)
+7408: guard_class(p69, 4379750176, descr=<Guard0x1403ed8e0>) [p2, i7, i9, i11, i13, p16, p18, p20, p22, p24, p0, p1, p3, p4]
+7424: p456 = getfield_gc_r(p64, descr=<FieldP rpyeffect.stack.MetaStackLike.inst_stack 8 pure>)
+7436: guard_class(p64, 4379750176, descr=<Guard0x1403ed8a0>) [p2, i7, i9, i11, i13, p16, p18, p20, p22, p24, p0, p1, p3, p4]
+7452: p458 = getfield_gc_r(p59, descr=<FieldP rpyeffect.stack.MetaStackLike.inst_stack 8 pure>)
+7464: guard_class(p59, 4379750176, descr=<Guard0x1403ed860>) [p2, i7, i9, i11, i13, p16, p18, p20, p22, p24, p0, p1, p3, p4]
+7480: p460 = getfield_gc_r(p54, descr=<FieldP rpyeffect.stack.MetaStackLike.inst_stack 8 pure>)
+7492: guard_class(p54, 4379750176, descr=<Guard0x1403ed820>) [p2, i7, i9, i11, i13, p16, p18, p20, p22, p24, p0, p1, p3, p4]
+7508: p462 = getfield_gc_r(p49, descr=<FieldP rpyeffect.stack.MetaStackLike.inst_stack 8 pure>)
+7520: guard_class(p49, 4379750176, descr=<Guard0x1403ed7e0>) [p2, i7, i9, i11, i13, p16, p18, p20, p22, p24, p0, p1, p3, p4]
+7536: p464 = getfield_gc_r(p44, descr=<FieldP rpyeffect.stack.MetaStackLike.inst_stack 8 pure>)
+7548: guard_class(p44, 4379750176, descr=<Guard0x1403ed7a0>) [p2, i7, i9, i11, i13, p16, p18, p20, p22, p24, p0, p1, p3, p4]
+7564: p466 = getfield_gc_r(p39, descr=<FieldP rpyeffect.stack.MetaStackLike.inst_stack 8 pure>)
+7576: guard_class(p39, 4379750176, descr=<Guard0x1403ed760>) [p2, i7, i9, i11, i13, p16, p18, p20, p22, p24, p0, p1, p3, p4]
+7592: p468 = getfield_gc_r(p3, descr=<FieldP rpyeffect.stack.MetaStackLike.inst_stack 8 pure>)
+7604: guard_class(p3, 4379750176, descr=<Guard0x1403ed720>) [p2, i7, i9, i11, i13, p16, p18, p20, p22, p24, p0, p1, p3, p4]
+7620: guard_nonnull_class(p347, 4379750176, descr=<Guard0x1403f6a18>) [p2, i7, i9, i11, i13, p16, p18, p20, p22, p24, p0, p1, p3, p4]
+7644: p471 = getfield_gc_r(p347, descr=<FieldP rpyeffect.stack.MetaStackLike.inst_stack 8 pure>)
+7652: p472 = getfield_gc_r(p347, descr=<FieldP rpyeffect.stack.MetaStack.inst_label 16 pure>)
+7660: p473 = getfield_gc_r(p347, descr=<FieldP rpyeffect.stack.MetaStack.inst_tail 32 pure>)
+7664: guard_nonnull(p471, descr=<Guard0x1403ed6e0>) [p2, i7, i9, i11, i13, p16, p18, p20, p22, p24, p0, p1, p3, p4]
+7672: i474 = getfield_gc_i(p471, descr=<FieldS rpyeffect.stored_environment.Stack__arb_arb.inst_target 16 pure>)
+7680: guard_value(i474, 129, descr=<Guard0x1403ed6a0>) [p2, i7, i9, i11, i13, p16, p18, p20, p22, p24, p0, p1, p3, p4]
debug_merge_point(0, 0, '132<main.rpyeffect:132([#357])>+2: {"op": "Load". "out": 0. "type": "num". "ref": 1}')
+7692: i476 = getfield_gc_i(p30, descr=<FieldS rpyeffect.region.NumRef.inst_value 8>)
debug_merge_point(0, 0, '132<main.rpyeffect:132([#357])>+3: {"op": "Jump". "target": 123}')
debug_merge_point(0, 0, '123<main.rpyeffect:123(Name(resume94150))>+0: {"op": "PushStack". "arg": 0}')
debug_merge_point(0, 0, '123<main.rpyeffect:123(Name(resume94150))>+1: {"op": "Return". "args": {"num": [0]. "ptr": []}}')
+7700: p477 = getfield_gc_r(p1, descr=<FieldP rpyeffect.stored_environment.Stack__0_1.inst_values_ptr_0 40 pure>)
+7716: p478 = getfield_gc_r(p1, descr=<FieldP rpyeffect.stored_environment.Stack__arb_arb.inst_tail 8 pure>)
+7724: guard_nonnull(p478, descr=<Guard0x1403ed660>) [p2, i7, i9, i11, i13, p16, p18, p20, p22, p24, p0, p1, p3, p4]
+7732: i479 = getfield_gc_i(p478, descr=<FieldS rpyeffect.stored_environment.Stack__arb_arb.inst_target 16 pure>)
+7740: guard_value(i479, 141, descr=<Guard0x1403ed620>) [p2, i7, i9, i11, i13, p16, p18, p20, p22, p24, p0, p1, p3, p4]
debug_merge_point(0, 0, '84<main.rpyeffect:84([k@Name(countdown2631)#218])>+0: {"op": "Const". "type": "num". "out": 1. "value": 0}')
debug_merge_point(0, 0, '84<main.rpyeffect:84([k@Name(countdown2631)#218])>+1: {"op": "Push". "target": 83. "args": {"num": [0]. "ptr": [0]}}')
debug_merge_point(0, 0, '84<main.rpyeffect:84([k@Name(countdown2631)#218])>+2: {"op": "Jump". "target": 4}')
debug_merge_point(0, 0, '4<main.rpyeffect:4(Name(infixEq71))>+0: {"op": "PrimOp". "name": "infixEq(Int. Int): Boolean". "out": {"num": [0]. "ptr": []}. "in": {"num": [0. 1]. "ptr": []}}')
+7752: i482 = int_eq(i476, 0)
guard_false(i482, descr=<Guard0x1403ed5e0>) [p2, i7, i9, i11, i13, p16, p18, p20, p22, p24, p0, p1, p3, p4]
debug_merge_point(0, 0, '4<main.rpyeffect:4(Name(infixEq71))>+1: {"op": "Return". "args": {"num": [0]. "ptr": []}}')
debug_merge_point(0, 0, '83<main.rpyeffect:83([k@[k@Name(countdown2631)#218]#222])>+0: {"op": "Swap". "type": "num". "a": 1. "b". 0}')
debug_merge_point(0, 0, '83<main.rpyeffect:83([k@[k@Name(countdown2631)#218]#222])>+1: {"op": "IfZero". "cond": 1. "then": {"tag": null. "target": 82. "args": {"num": []. "ptr": []}}}')
debug_merge_point(0, 0, '82<main.rpyeffect:82([then#224])>+0: {"op": "Const". "type": "num". "out": 1. "value": 1}')
debug_merge_point(0, 0, '82<main.rpyeffect:82([then#224])>+1: {"op": "Push". "target": 81. "args": {"num": []. "ptr": [0]}}')
debug_merge_point(0, 0, '82<main.rpyeffect:82([then#224])>+2: {"op": "Jump". "target": 8}')
debug_merge_point(0, 0, '8<main.rpyeffect:8(Name(infixSub104))>+0: {"op": "PrimOp". "name": "infixSub(Int. Int): Int". "out": {"num": [0]. "ptr": []}. "in": {"num": [0. 1]. "ptr": []}}')
+7760: i484 = int_sub(i476, 1)
debug_merge_point(0, 0, '8<main.rpyeffect:8(Name(infixSub104))>+1: {"op": "Return". "args": {"num": [0]. "ptr": []}}')
debug_merge_point(0, 0, '81<main.rpyeffect:81([k@[then#224]#228])>+0: {"op": "Push". "target": 80. "args": {"num": []. "ptr": [0]}}')
debug_merge_point(0, 0, '81<main.rpyeffect:81([k@[then#224]#228])>+1: {"op": "Jump". "target": 79}')
debug_merge_point(0, 0, '79<main.rpyeffect:79([mcore:[#78]#216])>+0: {"op": "Invoke". "receiver": 0. "tag": Interned(%putS2647(n):p). "args" : {"num": [0]. "ptr": []}}')
+7764: p485 = getfield_gc_r(p477, descr=<FieldP rpyeffect.stored_environment.CoData__arb_arb.inst_vtable 24 pure>)
+7768: guard_value(p485, ConstPtr(ptr486), descr=<Guard0x1403ed5a0>) [p2, i7, i9, i11, i13, p16, p18, p20, p22, p24, p0, p1, p3, p4]
+7784: p487 = getfield_gc_r(p477, descr=<FieldP rpyeffect.stored_environment.CoData__0_2.inst_values_ptr_0 32 pure>)
+7788: p488 = getfield_gc_r(p477, descr=<FieldP rpyeffect.stored_environment.CoData__0_2.inst_values_ptr_1 40 pure>)
debug_merge_point(0, 0, '136<main.rpyeffect:136([#372])>+0: {"op": "Const". "type": "num". "out": 1. "value": 0}')
debug_merge_point(0, 0, '136<main.rpyeffect:136([#372])>+1: {"op": "ShiftDyn". "out": 0. "n": 1. "label": 0}')
+7792: guard_nonnull(p487, descr=<Guard0x1403ed560>) [p2, i7, i9, i11, i13, p16, p18, p20, p22, p24, p0, p1, p3, p4]
+7800: i489 = getfield_gc_i(p487, descr=<FieldS rpyeffect.stack.Label.inst_origin 8 pure>)
+7808: guard_value(i489, 147460, descr=<Guard0x1403ed520>) [p2, i7, i9, i11, i13, p16, p18, p20, p22, p24, p0, p1, p3, p4]
+7828: i491 = instance_ptr_eq(p341, p487)
guard_true(i491, descr=<Guard0x1403ed4e0>) [p2, i7, i9, i11, i13, p16, p18, p20, p22, p24, p0, p1, p3, p4]
debug_merge_point(0, 0, '136<main.rpyeffect:136([#372])>+2: {"op": "Store". "ref": 1. "type": "num". "value": 0}')
debug_merge_point(0, 0, '136<main.rpyeffect:136([#372])>+3: {"op": "Construct". "out": 1. "type": Interned(Unit). "tag": Interned(unit). "args": {"num": []. "ptr": []}}')
debug_merge_point(0, 0, '136<main.rpyeffect:136([#372])>+4: {"op": "Construct". "out": 1. "type": Interned(Unit). "tag": Interned(unit). "args": {"num": []. "ptr": []}}')
debug_merge_point(0, 0, '136<main.rpyeffect:136([#372])>+5: {"op": "Swap". "type": "ptr". "a": 1. "b". 0}')
debug_merge_point(0, 0, '136<main.rpyeffect:136([#372])>+6: {"op": "Jump". "target": 124}')
debug_merge_point(0, 0, '124<main.rpyeffect:124(Name(resume124152))>+0: {"op": "PushStack". "arg": 1}')
debug_merge_point(0, 0, '124<main.rpyeffect:124(Name(resume124152))>+1: {"op": "Return". "args": {"num": []. "ptr": [0]}}')
debug_merge_point(0, 0, '80<main.rpyeffect:80([k@[k@[then#224]#228]#231])>+0: {"op": "Copy". "type": "ptr". "from": 1. "to". 0}')
debug_merge_point(0, 0, '80<main.rpyeffect:80([k@[k@[then#224]#228]#231])>+1: {"op": "Jump". "target": 85}')
debug_merge_point(0, 0, '85<main.rpyeffect:85(Name(countdown2631))>+0: {"op": "Push". "target": 84. "args": {"num": []. "ptr": [0]}}')
debug_merge_point(0, 0, '85<main.rpyeffect:85(Name(countdown2631))>+1: {"op": "Jump". "target": 78}')
+7836: setfield_gc(p488, i484, descr=<FieldS rpyeffect.region.NumRef.inst_value 8>)
+7840: i492 = same_as_i(i484)
+7844: label(p0, p478, p477, p2, p468, p36, p466, p41, p464, p46, p462, p51, p460, p56, p458, p61, p456, p66, p454, p71, p452, p76, p450, p81, p448, p86, p446, p91, p444, p96, p442, p101, p440, p106, p438, p111, p436, p116, p434, p121, p432, p126, p430, p131, p428, p136, p426, p141, p424, p146, p422, p151, p420, p156, p418, p161, p416, p166, p414, p171, p412, p176, p410, p181, p408, p186, p406, p191, p404, p196, p402, p201, p400, p206, p398, p211, p396, p216, p394, p221, p392, p226, p390, p231, p388, p236, p386, p241, p384, p246, p382, p251, p380, p256, p378, p261, p376, p266, p374, p271, p372, p276, p370, p281, p368, p286, p366, p291, p364, p296, p362, p301, p360, p306, p358, p311, p356, p316, p354, p321, p352, p326, p350, p331, p348, p336, p345, p341, p471, p472, p473, i484, i11, i13, p20, p22, p24, p487, p488, i492, descr=TargetToken(5372843520))
debug_merge_point(0, 0, '85<main.rpyeffect:85(Name(countdown2631))>+1: {"op": "Jump". "target": 78}')
+7888: guard_not_invalidated(descr=<Guard0x1403f6b20>) [p2, i484, i11, i13, p477, p20, p22, p24, p0, p473, p472, p471, p341, p345, p336, p348, p331, p350, p326, p352, p321, p354, p316, p356, p311, p358, p306, p360, p301, p362, p296, p364, p291, p366, p286, p368, p281, p370, p276, p372, p271, p374, p266, p376, p261, p378, p256, p380, p251, p382, p246, p384, p241, p386, p236, p388, p231, p390, p226, p392, p221, p394, p216, p396, p211, p398, p206, p400, p201, p402, p196, p404, p191, p406, p186, p408, p181, p410, p176, p412, p171, p414, p166, p416, p161, p418, p156, p420, p151, p422, p146, p424, p141, p426, p136, p428, p131, p430, p126, p432, p121, p434, p116, p436, p111, p438, p106, p440, p101, p442, p96, p444, p91, p446, p86, p448, p81, p450, p76, p452, p71, p454, p66, p456, p61, p458, p56, p460, p51, p462, p46, p464, p41, p466, p36, p468, p478]
debug_merge_point(0, 0, '78<main.rpyeffect:78([mcore:[#75]#215])>+0: {"op": "Invoke". "receiver": 0. "tag": Interned(%getS2645():n). "args" : {"num": []. "ptr": []}}')
debug_merge_point(0, 0, '132<main.rpyeffect:132([#357])>+0: {"op": "Const". "type": "num". "out": 0. "value": 0}')
debug_merge_point(0, 0, '132<main.rpyeffect:132([#357])>+1: {"op": "ShiftDyn". "out": 0. "n": 0. "label": 0}')
debug_merge_point(0, 0, '132<main.rpyeffect:132([#357])>+2: {"op": "Load". "out": 0. "type": "num". "ref": 1}')
debug_merge_point(0, 0, '132<main.rpyeffect:132([#357])>+3: {"op": "Jump". "target": 123}')
debug_merge_point(0, 0, '123<main.rpyeffect:123(Name(resume94150))>+0: {"op": "PushStack". "arg": 0}')
debug_merge_point(0, 0, '123<main.rpyeffect:123(Name(resume94150))>+1: {"op": "Return". "args": {"num": [0]. "ptr": []}}')
debug_merge_point(0, 0, '84<main.rpyeffect:84([k@Name(countdown2631)#218])>+0: {"op": "Const". "type": "num". "out": 1. "value": 0}')
debug_merge_point(0, 0, '84<main.rpyeffect:84([k@Name(countdown2631)#218])>+1: {"op": "Push". "target": 83. "args": {"num": [0]. "ptr": [0]}}')
debug_merge_point(0, 0, '84<main.rpyeffect:84([k@Name(countdown2631)#218])>+2: {"op": "Jump". "target": 4}')
debug_merge_point(0, 0, '4<main.rpyeffect:4(Name(infixEq71))>+0: {"op": "PrimOp". "name": "infixEq(Int. Int): Boolean". "out": {"num": [0]. "ptr": []}. "in": {"num": [0. 1]. "ptr": []}}')
+7892: i494 = int_eq(i492, 0)
guard_false(i494, descr=<Guard0x1404b2ee0>) [p2, i484, i11, i13, p477, p20, p22, p24, p0, p473, p472, p471, p341, p345, p336, p348, p331, p350, p326, p352, p321, p354, p316, p356, p311, p358, p306, p360, p301, p362, p296, p364, p291, p366, p286, p368, p281, p370, p276, p372, p271, p374, p266, p376, p261, p378, p256, p380, p251, p382, p246, p384, p241, p386, p236, p388, p231, p390, p226, p392, p221, p394, p216, p396, p211, p398, p206, p400, p201, p402, p196, p404, p191, p406, p186, p408, p181, p410, p176, p412, p171, p414, p166, p416, p161, p418, p156, p420, p151, p422, p146, p424, p141, p426, p136, p428, p131, p430, p126, p432, p121, p434, p116, p436, p111, p438, p106, p440, p101, p442, p96, p444, p91, p446, p86, p448, p81, p450, p76, p452, p71, p454, p66, p456, p61, p458, p56, p460, p51, p462, p46, p464, p41, p466, p36, p468, p478]
debug_merge_point(0, 0, '4<main.rpyeffect:4(Name(infixEq71))>+1: {"op": "Return". "args": {"num": [0]. "ptr": []}}')
debug_merge_point(0, 0, '83<main.rpyeffect:83([k@[k@Name(countdown2631)#218]#222])>+0: {"op": "Swap". "type": "num". "a": 1. "b". 0}')
debug_merge_point(0, 0, '83<main.rpyeffect:83([k@[k@Name(countdown2631)#218]#222])>+1: {"op": "IfZero". "cond": 1. "then": {"tag": null. "target": 82. "args": {"num": []. "ptr": []}}}')
debug_merge_point(0, 0, '82<main.rpyeffect:82([then#224])>+0: {"op": "Const". "type": "num". "out": 1. "value": 1}')
debug_merge_point(0, 0, '82<main.rpyeffect:82([then#224])>+1: {"op": "Push". "target": 81. "args": {"num": []. "ptr": [0]}}')
debug_merge_point(0, 0, '82<main.rpyeffect:82([then#224])>+2: {"op": "Jump". "target": 8}')
debug_merge_point(0, 0, '8<main.rpyeffect:8(Name(infixSub104))>+0: {"op": "PrimOp". "name": "infixSub(Int. Int): Int". "out": {"num": [0]. "ptr": []}. "in": {"num": [0. 1]. "ptr": []}}')
+7900: i496 = int_sub(i492, 1)
debug_merge_point(0, 0, '8<main.rpyeffect:8(Name(infixSub104))>+1: {"op": "Return". "args": {"num": [0]. "ptr": []}}')
debug_merge_point(0, 0, '81<main.rpyeffect:81([k@[then#224]#228])>+0: {"op": "Push". "target": 80. "args": {"num": []. "ptr": [0]}}')
debug_merge_point(0, 0, '81<main.rpyeffect:81([k@[then#224]#228])>+1: {"op": "Jump". "target": 79}')
debug_merge_point(0, 0, '79<main.rpyeffect:79([mcore:[#78]#216])>+0: {"op": "Invoke". "receiver": 0. "tag": Interned(%putS2647(n):p). "args" : {"num": [0]. "ptr": []}}')
debug_merge_point(0, 0, '136<main.rpyeffect:136([#372])>+0: {"op": "Const". "type": "num". "out": 1. "value": 0}')
debug_merge_point(0, 0, '136<main.rpyeffect:136([#372])>+1: {"op": "ShiftDyn". "out": 0. "n": 1. "label": 0}')
debug_merge_point(0, 0, '136<main.rpyeffect:136([#372])>+2: {"op": "Store". "ref": 1. "type": "num". "value": 0}')
debug_merge_point(0, 0, '136<main.rpyeffect:136([#372])>+3: {"op": "Construct". "out": 1. "type": Interned(Unit). "tag": Interned(unit). "args": {"num": []. "ptr": []}}')
debug_merge_point(0, 0, '136<main.rpyeffect:136([#372])>+4: {"op": "Construct". "out": 1. "type": Interned(Unit). "tag": Interned(unit). "args": {"num": []. "ptr": []}}')
debug_merge_point(0, 0, '136<main.rpyeffect:136([#372])>+5: {"op": "Swap". "type": "ptr". "a": 1. "b". 0}')
debug_merge_point(0, 0, '136<main.rpyeffect:136([#372])>+6: {"op": "Jump". "target": 124}')
debug_merge_point(0, 0, '124<main.rpyeffect:124(Name(resume124152))>+0: {"op": "PushStack". "arg": 1}')
debug_merge_point(0, 0, '124<main.rpyeffect:124(Name(resume124152))>+1: {"op": "Return". "args": {"num": []. "ptr": [0]}}')
debug_merge_point(0, 0, '80<main.rpyeffect:80([k@[k@[then#224]#228]#231])>+0: {"op": "Copy". "type": "ptr". "from": 1. "to". 0}')
debug_merge_point(0, 0, '80<main.rpyeffect:80([k@[k@[then#224]#228]#231])>+1: {"op": "Jump". "target": 85}')
debug_merge_point(0, 0, '85<main.rpyeffect:85(Name(countdown2631))>+0: {"op": "Push". "target": 84. "args": {"num": []. "ptr": [0]}}')
debug_merge_point(0, 0, '85<main.rpyeffect:85(Name(countdown2631))>+1: {"op": "Jump". "target": 78}')
+7904: setfield_gc(p488, i496, descr=<FieldS rpyeffect.region.NumRef.inst_value 8>)
+7908: jump(p0, p478, p477, p2, p468, p36, p466, p41, p464, p46, p462, p51, p460, p56, p458, p61, p456, p66, p454, p71, p452, p76, p450, p81, p448, p86, p446, p91, p444, p96, p442, p101, p440, p106, p438, p111, p436, p116, p434, p121, p432, p126, p430, p131, p428, p136, p426, p141, p424, p146, p422, p151, p420, p156, p418, p161, p416, p166, p414, p171, p412, p176, p410, p181, p408, p186, p406, p191, p404, p196, p402, p201, p400, p206, p398, p211, p396, p216, p394, p221, p392, p226, p390, p231, p388, p236, p386, p241, p384, p246, p382, p251, p380, p256, p378, p261, p376, p266, p374, p271, p372, p276, p370, p281, p368, p286, p366, p291, p364, p296, p362, p301, p360, p306, p358, p311, p356, p316, p354, p321, p352, p326, p350, p331, p348, p336, p345, p341, p471, p472, p473, i496, i11, i13, p20, p22, p24, p487, p488, i496, descr=TargetToken(5372843520))
+7916: --end of the loop--
[ba84dc] jit-log-opt-loop}
[48a0560] {jit-summary
Tracing:      	1	0.004023
Backend:      	1	0.001288
TOTAL:      		0.069427
ops:             	5751
heapcached ops:  	1375
recorded ops:    	3525
  calls:         	31
guards:          	1205
opt ops:         	680
opt guards:      	271
opt guards shared:	268
forcings:        	0
abort: trace too long:	0
abort: compiling:	0
abort: vable escape:	0
abort: bad loop: 	0
abort: force quasi-immut:	0
abort: segmenting trace:	0
virtualizables forced:	0
nvirtuals:       	64
nvholes:         	0
nvreused:        	0
vecopt tried:    	0
vecopt success:  	0
Total # of loops:	1
Total # of bridges:	0
Freed # of loops:	0
Freed # of bridges:	0
[48a5698] jit-summary}
