[454442] {jit-log-opt-loop
# Loop 1 (41<main.rpyeffect:41([method_%Prime2640(n):n@[k@[then#45]#47]#58])>+3: {"op": "Jump", "target": 9}) : loop with 118 ops
[p0, p1, p2, p3, p4]
+360: p5 = getfield_gc_r(p2, descr=<FieldP rpyeffect.environment.Environment.inst_values_num 16>)
+368: i7 = getarrayitem_gc_i(p5, 0, descr=<ArrayS 8>)
+372: i9 = getarrayitem_gc_i(p5, 1, descr=<ArrayS 8>)
+376: i11 = getarrayitem_gc_i(p5, 2, descr=<ArrayS 8>)
+380: i13 = getarrayitem_gc_i(p5, 3, descr=<ArrayS 8>)
+384: p14 = getfield_gc_r(p2, descr=<FieldP rpyeffect.environment.Environment.inst_values_ptr 24>)
+388: p16 = getarrayitem_gc_r(p14, 0, descr=<ArrayP 8>)
+392: p18 = getarrayitem_gc_r(p14, 1, descr=<ArrayP 8>)
+396: p20 = getarrayitem_gc_r(p14, 2, descr=<ArrayP 8>)
+400: p22 = getarrayitem_gc_r(p14, 3, descr=<ArrayP 8>)
+404: p24 = getarrayitem_gc_r(p14, 4, descr=<ArrayP 8>)
+408: label(p0, p1, p2, p3, p4, i7, i9, i11, i13, p16, p18, p20, p22, p24, descr=TargetToken(4970187296))
debug_merge_point(0, 0, '41<main.rpyeffect:41([method_%Prime2640(n):n@[k@[then#45]#47]#58])>+3: {"op": "Jump". "target": 9}')
+436: guard_not_invalidated(descr=<Guard0x1283f2650>) [p2, i7, i9, i11, i13, p16, p18, p20, p22, p24, p0, p1, p3, p4]
+440: guard_nonnull(p1, descr=<Guard0x1283e14a0>) [p2, i7, i9, i11, i13, p16, p18, p20, p22, p24, p0, p1, p3, p4]
+452: i25 = getfield_gc_i(p1, descr=<FieldS rpyeffect.stored_environment.Stack__arb_arb.inst_target 16 pure>)
+460: guard_value(i25, 40, descr=<Guard0x1283e1460>) [p2, i7, i9, i11, i13, p16, p18, p20, p22, p24, p0, p1, p3, p4]
debug_merge_point(0, 0, '9<main.rpyeffect:9(Name(mod107))>+0: {"op": "PrimOp". "name": "mod(Int. Int): Int". "out": {"num": [0]. "ptr": []}. "in": {"num": [0. 1]. "ptr": []}}')
+472: i27 = int_is_zero(i9)
guard_false(i27, descr=<Guard0x1283e1420>) [p2, i7, i9, i11, i13, p16, p18, p20, p22, p24, p0, p1, p3, p4]
+480: i29 = call_i(ConstClass(ll_int_py_mod__Signed_Signed), i7, i9, descr=<Calli 8 ii EF=0 OS=14>)
debug_merge_point(0, 0, '9<main.rpyeffect:9(Name(mod107))>+1: {"op": "Return". "args": {"num": [0]. "ptr": []}}')
+512: i30 = getfield_gc_i(p1, descr=<FieldS rpyeffect.stored_environment.Stack__1_2.inst_values_num_0 40 pure>)
+516: p31 = getfield_gc_r(p1, descr=<FieldP rpyeffect.stored_environment.Stack__1_2.inst_values_ptr_0 48 pure>)
+520: p32 = getfield_gc_r(p1, descr=<FieldP rpyeffect.stored_environment.Stack__1_2.inst_values_ptr_1 56 pure>)
+524: p33 = getfield_gc_r(p1, descr=<FieldP rpyeffect.stored_environment.Stack__arb_arb.inst_tail 8 pure>)
debug_merge_point(0, 0, '40<main.rpyeffect:40([#65])>+0: {"op": "Const". "type": "num". "out": 2. "value": 0}')
debug_merge_point(0, 0, '40<main.rpyeffect:40([#65])>+1: {"op": "Push". "target": 39. "args": {"num": [1]. "ptr": [0. 1]}}')
debug_merge_point(0, 0, '40<main.rpyeffect:40([#65])>+2: {"op": "Copy". "type": "num". "from": 2. "to". 1}')
debug_merge_point(0, 0, '40<main.rpyeffect:40([#65])>+3: {"op": "Jump". "target": 4}')
debug_merge_point(0, 0, '4<main.rpyeffect:4(Name(infixEq71))>+0: {"op": "PrimOp". "name": "infixEq(Int. Int): Boolean". "out": {"num": [0]. "ptr": []}. "in": {"num": [0. 1]. "ptr": []}}')
+528: i35 = int_eq(i29, 0)
guard_false(i35, descr=<Guard0x1283f2700>) [p2, i29, i13, p31, p32, p20, p22, p24, p0, p3, p4, i30, p33]
debug_merge_point(0, 0, '4<main.rpyeffect:4(Name(infixEq71))>+1: {"op": "Return". "args": {"num": [0]. "ptr": []}}')
debug_merge_point(0, 0, '39<main.rpyeffect:39([k@[#65]#70])>+0: {"op": "IfZero". "cond": 0. "then": {"tag": null. "target": 38. "args": {"num": []. "ptr": []}}}')
+536: guard_nonnull(p33, descr=<Guard0x1283e14e0>) [p2, i29, i13, p31, p32, p20, p22, p24, p0, p3, p4, i30, p33]
+544: i36 = getfield_gc_i(p33, descr=<FieldS rpyeffect.stored_environment.Stack__arb_arb.inst_target 16 pure>)
+548: guard_value(i36, 35, descr=<Guard0x1283e1520>) [p2, i29, i13, p31, p32, p20, p22, p24, p0, p3, p4, i30, p33]
debug_merge_point(0, 0, '38<main.rpyeffect:38([then#72])>+0: {"op": "Push". "target": 37. "args": {"num": []. "ptr": [1]}}')
debug_merge_point(0, 0, '38<main.rpyeffect:38([then#72])>+1: {"op": "Copy". "type": "num". "from": 1. "to". 0}')
debug_merge_point(0, 0, '38<main.rpyeffect:38([then#72])>+2: {"op": "Jump". "target": 32}')
debug_merge_point(0, 0, '32<main.rpyeffect:32([mcore:[#31]#41])>+0: {"op": "Invoke". "receiver": 0. "tag": Interned(%Prime2640(n):n). "args" : {"num": [0]. "ptr": []}}')
+560: p38 = getfield_gc_r(p31, descr=<FieldP rpyeffect.stored_environment.CoData__arb_arb.inst_vtable 24 pure>)
+568: guard_value(p38, ConstPtr(ptr39), descr=<Guard0x1283e1560>) [p2, i29, i13, p31, p32, p20, p22, p24, p0, p3, p4, i30, p33]
+576: i40 = getfield_gc_i(p31, descr=<FieldS rpyeffect.stored_environment.CoData__1_2.inst_values_num_0 32 pure>)
+580: p41 = getfield_gc_r(p31, descr=<FieldP rpyeffect.stored_environment.CoData__1_2.inst_values_ptr_0 40 pure>)
+584: p42 = getfield_gc_r(p31, descr=<FieldP rpyeffect.stored_environment.CoData__1_2.inst_values_ptr_1 48 pure>)
debug_merge_point(0, 0, '41<main.rpyeffect:41([method_%Prime2640(n):n@[k@[then#45]#47]#58])>+0: {"op": "Const". "type": "num". "out": 2. "value": 0}')
debug_merge_point(0, 0, '41<main.rpyeffect:41([method_%Prime2640(n):n@[k@[then#45]#47]#58])>+1: {"op": "ShiftDyn". "out": 1. "n": 2. "label": 1}')
+588: guard_isnull(p4, descr=<Guard0x1283e15a0>) [p2, i29, i13, p31, p32, p20, p22, p24, p0, p3, p4, i30, p33]
+600: i43 = getfield_gc_i(p0, descr=<FieldS rpyeffect.stack.Label.inst_origin 8 pure>)
+608: guard_value(i43, 63491, descr=<Guard0x1283e15e0>) [p2, i29, i13, p31, p32, p20, p22, p24, p0, p3, p4, i30, p33]
+620: i45 = getfield_gc_i(p42, descr=<FieldS rpyeffect.stack.Label.inst_origin 8 pure>)
+624: guard_value(i45, 63491, descr=<Guard0x1283e1620>) [p2, i29, i13, p31, p32, p20, p22, p24, p0, p3, p4, i30, p33]
+636: i47 = instance_ptr_eq(p0, p42)
guard_true(i47, descr=<Guard0x1283e1660>) [p2, i29, i13, p31, p32, p20, p22, p24, p0, p3, p4, i30, p33]
+644: guard_nonnull_class(p3, 4344278760, descr=<Guard0x1283f2758>) [p2, i29, i13, p31, p32, p20, p22, p24, p0, p3, p4, i30, p33]
+672: p49 = getfield_gc_r(p3, descr=<FieldP rpyeffect.stack.MetaStackLike.inst_stack 8 pure>)
+676: p50 = getfield_gc_r(p3, descr=<FieldP rpyeffect.stack.MetaStack.inst_label 16 pure>)
+680: p51 = getfield_gc_r(p3, descr=<FieldP rpyeffect.stack.MetaStack.inst_tail 32 pure>)
+684: guard_nonnull(p49, descr=<Guard0x1283e16a0>) [p2, i29, i13, p31, p32, p20, p22, p24, p0, p3, p4, i30, p33]
+692: i52 = getfield_gc_i(p49, descr=<FieldS rpyeffect.stored_environment.Stack__arb_arb.inst_target 16 pure>)
+696: guard_value(i52, 35, descr=<Guard0x1283e16e0>) [p2, i29, i13, p31, p32, p20, p22, p24, p0, p3, p4, i30, p33]
debug_merge_point(0, 0, '41<main.rpyeffect:41([method_%Prime2640(n):n@[k@[then#45]#47]#58])>+2: {"op": "Push". "target": 40. "args": {"num": [0]. "ptr": [0. 1]}}')
debug_merge_point(0, 0, '41<main.rpyeffect:41([method_%Prime2640(n):n@[k@[then#45]#47]#58])>+3: {"op": "Jump". "target": 9}')
+708: label(p50, p49, i30, p41, p33, p32, p0, p2, p51, i40, i13, p20, p22, p24, descr=TargetToken(4970187376))
debug_merge_point(0, 0, '41<main.rpyeffect:41([method_%Prime2640(n):n@[k@[then#45]#47]#58])>+3: {"op": "Jump". "target": 9}')
+712: guard_not_invalidated(descr=<Guard0x1283f27b0>) [p2, i30, i40, i13, p41, p20, p22, p24, p50, p51, p49, p32, p33, p0]
debug_merge_point(0, 0, '9<main.rpyeffect:9(Name(mod107))>+0: {"op": "PrimOp". "name": "mod(Int. Int): Int". "out": {"num": [0]. "ptr": []}. "in": {"num": [0. 1]. "ptr": []}}')
+716: i54 = int_is_zero(i40)
guard_false(i54, descr=<Guard0x1283e1720>) [p2, i30, i40, i13, p41, p20, p22, p24, p50, p51, p49, p32, p33, p0]
+724: i56 = call_i(ConstClass(ll_int_py_mod__Signed_Signed), i30, i40, descr=<Calli 8 ii EF=0 OS=14>)
debug_merge_point(0, 0, '9<main.rpyeffect:9(Name(mod107))>+1: {"op": "Return". "args": {"num": [0]. "ptr": []}}')
debug_merge_point(0, 0, '40<main.rpyeffect:40([#65])>+0: {"op": "Const". "type": "num". "out": 2. "value": 0}')
debug_merge_point(0, 0, '40<main.rpyeffect:40([#65])>+1: {"op": "Push". "target": 39. "args": {"num": [1]. "ptr": [0. 1]}}')
debug_merge_point(0, 0, '40<main.rpyeffect:40([#65])>+2: {"op": "Copy". "type": "num". "from": 2. "to". 1}')
debug_merge_point(0, 0, '40<main.rpyeffect:40([#65])>+3: {"op": "Jump". "target": 4}')
debug_merge_point(0, 0, '4<main.rpyeffect:4(Name(infixEq71))>+0: {"op": "PrimOp". "name": "infixEq(Int. Int): Boolean". "out": {"num": [0]. "ptr": []}. "in": {"num": [0. 1]. "ptr": []}}')
+776: i58 = int_eq(i56, 0)
guard_false(i58, descr=<Guard0x1283f2808>) [p2, i56, i13, p41, p20, p22, p24, p50, p51, i30, p49, p32, p33, p0]
debug_merge_point(0, 0, '4<main.rpyeffect:4(Name(infixEq71))>+1: {"op": "Return". "args": {"num": [0]. "ptr": []}}')
debug_merge_point(0, 0, '39<main.rpyeffect:39([k@[#65]#70])>+0: {"op": "IfZero". "cond": 0. "then": {"tag": null. "target": 38. "args": {"num": []. "ptr": []}}}')
debug_merge_point(0, 0, '38<main.rpyeffect:38([then#72])>+0: {"op": "Push". "target": 37. "args": {"num": []. "ptr": [1]}}')
debug_merge_point(0, 0, '38<main.rpyeffect:38([then#72])>+1: {"op": "Copy". "type": "num". "from": 1. "to". 0}')
debug_merge_point(0, 0, '38<main.rpyeffect:38([then#72])>+2: {"op": "Jump". "target": 32}')
debug_merge_point(0, 0, '32<main.rpyeffect:32([mcore:[#31]#41])>+0: {"op": "Invoke". "receiver": 0. "tag": Interned(%Prime2640(n):n). "args" : {"num": [0]. "ptr": []}}')
+784: p59 = getfield_gc_r(p41, descr=<FieldP rpyeffect.stored_environment.CoData__arb_arb.inst_vtable 24 pure>)
+792: guard_value(p59, ConstPtr(ptr60), descr=<Guard0x1283e1760>) [p2, i56, i13, p41, p20, p22, p24, p50, p51, i30, p49, p32, p33, p0]
+800: i61 = getfield_gc_i(p41, descr=<FieldS rpyeffect.stored_environment.CoData__1_2.inst_values_num_0 32 pure>)
+804: p62 = getfield_gc_r(p41, descr=<FieldP rpyeffect.stored_environment.CoData__1_2.inst_values_ptr_0 40 pure>)
+808: p63 = getfield_gc_r(p41, descr=<FieldP rpyeffect.stored_environment.CoData__1_2.inst_values_ptr_1 48 pure>)
debug_merge_point(0, 0, '41<main.rpyeffect:41([method_%Prime2640(n):n@[k@[then#45]#47]#58])>+0: {"op": "Const". "type": "num". "out": 2. "value": 0}')
debug_merge_point(0, 0, '41<main.rpyeffect:41([method_%Prime2640(n):n@[k@[then#45]#47]#58])>+1: {"op": "ShiftDyn". "out": 1. "n": 2. "label": 1}')
+812: i64 = getfield_gc_i(p50, descr=<FieldS rpyeffect.stack.Label.inst_origin 8 pure>)
+820: guard_value(i64, 63491, descr=<Guard0x1283e17a0>) [p2, i56, i13, p41, p20, p22, p24, p50, p51, i30, p49, p32, p33, p0]
+832: i66 = getfield_gc_i(p63, descr=<FieldS rpyeffect.stack.Label.inst_origin 8 pure>)
+836: guard_value(i66, 63491, descr=<Guard0x1283e17e0>) [p2, i56, i13, p41, p20, p22, p24, p50, p51, i30, p49, p32, p33, p0]
+848: i68 = instance_ptr_eq(p50, p63)
guard_true(i68, descr=<Guard0x1283e1820>) [p2, i56, i13, p41, p20, p22, p24, p50, p51, i30, p49, p32, p33, p0]
+856: guard_nonnull_class(p51, 4344278760, descr=<Guard0x1283f2860>) [p2, i56, i13, p41, p20, p22, p24, p50, p51, i30, p49, p32, p33, p0]
+884: p70 = getfield_gc_r(p51, descr=<FieldP rpyeffect.stack.MetaStackLike.inst_stack 8 pure>)
+888: p71 = getfield_gc_r(p51, descr=<FieldP rpyeffect.stack.MetaStack.inst_label 16 pure>)
+892: p72 = getfield_gc_r(p51, descr=<FieldP rpyeffect.stack.MetaStack.inst_tail 32 pure>)
+896: guard_nonnull(p70, descr=<Guard0x1283e1860>) [p2, i56, i13, p41, p20, p22, p24, p50, p51, i30, p49, p32, p33, p0]
+904: i73 = getfield_gc_i(p70, descr=<FieldS rpyeffect.stored_environment.Stack__arb_arb.inst_target 16 pure>)
+908: guard_value(i73, 35, descr=<Guard0x1283e18a0>) [p2, i56, i13, p41, p20, p22, p24, p50, p51, i30, p49, p32, p33, p0]
debug_merge_point(0, 0, '41<main.rpyeffect:41([method_%Prime2640(n):n@[k@[then#45]#47]#58])>+2: {"op": "Push". "target": 40. "args": {"num": [0]. "ptr": [0. 1]}}')
debug_merge_point(0, 0, '41<main.rpyeffect:41([method_%Prime2640(n):n@[k@[then#45]#47]#58])>+3: {"op": "Jump". "target": 9}')
+920: p75 = new_with_vtable(descr=<SizeDescr 40>)
+1024: p76 = new_with_vtable(descr=<SizeDescr 48>)
+1036: setfield_gc(p76, p33, descr=<FieldP rpyeffect.stored_environment.Stack__arb_arb.inst_tail 8 pure>)
+1040: setfield_gc(p76, 37, descr=<FieldS rpyeffect.stored_environment.Stack__arb_arb.inst_target 16 pure>)
+1048: setfield_gc(p76, p32, descr=<FieldP rpyeffect.stored_environment.Stack__0_1.inst_values_ptr_0 40 pure>)
+1056: setfield_gc(p75, p76, descr=<FieldP rpyeffect.stack.MetaStackLike.inst_stack 8 pure>)
+1060: setfield_gc(p75, p0, descr=<FieldP rpyeffect.stack.MetaStack.inst_label 16 pure>)
+1068: setfield_gc(p75, ConstPtr(null), descr=<FieldP rpyeffect.stack.MetaStack.inst_tail 32 pure>)
+1076: setfield_gc(p75, ConstPtr(null), descr=<FieldP rpyeffect.stack.MetaStack.inst_region 24 pure>)
+1100: jump(p71, p70, i30, p62, p49, p75, p50, p2, p72, i61, i13, p20, p22, p24, descr=TargetToken(4970187376))
+1136: --end of the loop--
[477304] jit-log-opt-loop}
[4ac85e] {jit-log-opt-loop
# Loop 2 (31<main.rpyeffect:31(Name(resume2642))>+0: {"op": "PushStack", "arg": 0}) : loop with 60 ops
[p0, p1, p2, p3, p4]
+296: p5 = getfield_gc_r(p2, descr=<FieldP rpyeffect.environment.Environment.inst_values_num 16>)
+304: i7 = getarrayitem_gc_i(p5, 0, descr=<ArrayS 8>)
+308: i9 = getarrayitem_gc_i(p5, 1, descr=<ArrayS 8>)
+312: i11 = getarrayitem_gc_i(p5, 2, descr=<ArrayS 8>)
+316: i13 = getarrayitem_gc_i(p5, 3, descr=<ArrayS 8>)
+320: p14 = getfield_gc_r(p2, descr=<FieldP rpyeffect.environment.Environment.inst_values_ptr 24>)
+324: p16 = getarrayitem_gc_r(p14, 0, descr=<ArrayP 8>)
+328: p18 = getarrayitem_gc_r(p14, 1, descr=<ArrayP 8>)
+332: p20 = getarrayitem_gc_r(p14, 2, descr=<ArrayP 8>)
+336: p22 = getarrayitem_gc_r(p14, 3, descr=<ArrayP 8>)
+340: p24 = getarrayitem_gc_r(p14, 4, descr=<ArrayP 8>)
+344: label(p0, p1, p2, p3, p4, i7, i9, i11, i13, p16, p18, p20, p22, p24, descr=TargetToken(4970187456))
debug_merge_point(0, 0, '31<main.rpyeffect:31(Name(resume2642))>+0: {"op": "PushStack". "arg": 0}')
+376: guard_not_invalidated(descr=<Guard0x1283f2910>) [p2, i7, i9, i11, i13, p16, p18, p20, p22, p24, p0, p1, p3, p4]
+380: guard_isnull(p4, descr=<Guard0x1283e18e0>) [p2, i7, i9, i11, i13, p16, p18, p20, p22, p24, p0, p1, p3, p4]
+392: guard_nonnull_class(p16, 4344278760, descr=<Guard0x1283f2968>) [p2, i7, i9, i11, i13, p16, p18, p20, p22, p24, p0, p1, p3, p4]
+416: p26 = getfield_gc_r(p16, descr=<FieldP rpyeffect.stack.MetaStack.inst_region 24 pure>)
+420: guard_isnull(p26, descr=<Guard0x1283e1920>) [p2, i7, i9, i11, i13, p16, p18, p20, p22, p24, p0, p1, p3, p4]
+428: p27 = getfield_gc_r(p16, descr=<FieldP rpyeffect.stack.MetaStackLike.inst_stack 8 pure>)
+432: p28 = getfield_gc_r(p16, descr=<FieldP rpyeffect.stack.MetaStack.inst_tail 32 pure>)
+436: guard_isnull(p28, descr=<Guard0x1283e1960>) [p2, i7, i9, i11, i13, p16, p18, p20, p22, p24, p0, p1, p3, p4]
+444: p29 = getfield_gc_r(p16, descr=<FieldP rpyeffect.stack.MetaStack.inst_label 16 pure>)
+448: guard_nonnull(p27, descr=<Guard0x1283e19a0>) [p2, i7, i9, i11, i13, p16, p18, p20, p22, p24, p0, p1, p3, p4]
+456: i30 = getfield_gc_i(p27, descr=<FieldS rpyeffect.stored_environment.Stack__arb_arb.inst_target 16 pure>)
+460: guard_value(i30, 37, descr=<Guard0x1283e19e0>) [p2, i7, i9, i11, i13, p16, p18, p20, p22, p24, p0, p1, p3, p4]
debug_merge_point(0, 0, '31<main.rpyeffect:31(Name(resume2642))>+1: {"op": "Return". "args": {"num": [0]. "ptr": []}}')
+472: p32 = getfield_gc_r(p27, descr=<FieldP rpyeffect.stored_environment.Stack__0_1.inst_values_ptr_0 40 pure>)
+476: p33 = getfield_gc_r(p27, descr=<FieldP rpyeffect.stored_environment.Stack__arb_arb.inst_tail 8 pure>)
debug_merge_point(0, 0, '37<main.rpyeffect:37([k@[then#72]#74])>+0: {"op": "Jump". "target": 31}')
+480: guard_nonnull(p33, descr=<Guard0x1283e1a20>) [p2, i7, i9, i11, i13, p16, p18, p20, p22, p24, p0, p1, p3, p4]
+488: i34 = getfield_gc_i(p33, descr=<FieldS rpyeffect.stored_environment.Stack__arb_arb.inst_target 16 pure>)
+492: guard_value(i34, 35, descr=<Guard0x1283e1a60>) [p2, i7, i9, i11, i13, p16, p18, p20, p22, p24, p0, p1, p3, p4]
debug_merge_point(0, 0, '31<main.rpyeffect:31(Name(resume2642))>+0: {"op": "PushStack". "arg": 0}')
+504: label(p29, p33, p2, p1, p0, p3, i7, i9, i11, i13, p32, p18, p20, p22, p24, descr=TargetToken(4970187536))
debug_merge_point(0, 0, '31<main.rpyeffect:31(Name(resume2642))>+0: {"op": "PushStack". "arg": 0}')
+512: guard_not_invalidated(descr=<Guard0x1283f29c0>) [p2, i7, i9, i11, i13, p32, p18, p20, p22, p24, p29, p33, p3, p0, p1]
+516: guard_nonnull_class(p32, 4344278760, descr=<Guard0x1283f2a18>) [p2, i7, i9, i11, i13, p32, p18, p20, p22, p24, p29, p33, p3, p0, p1]
+540: p37 = getfield_gc_r(p32, descr=<FieldP rpyeffect.stack.MetaStack.inst_region 24 pure>)
+544: guard_isnull(p37, descr=<Guard0x1283e1aa0>) [p2, i7, i9, i11, i13, p32, p18, p20, p22, p24, p29, p33, p3, p0, p1]
+552: p38 = getfield_gc_r(p32, descr=<FieldP rpyeffect.stack.MetaStackLike.inst_stack 8 pure>)
+556: p39 = getfield_gc_r(p32, descr=<FieldP rpyeffect.stack.MetaStack.inst_tail 32 pure>)
+560: guard_isnull(p39, descr=<Guard0x1283e1ae0>) [p2, i7, i9, i11, i13, p32, p18, p20, p22, p24, p29, p33, p3, p0, p1]
+568: p40 = getfield_gc_r(p32, descr=<FieldP rpyeffect.stack.MetaStack.inst_label 16 pure>)
+572: guard_nonnull(p38, descr=<Guard0x1283e1b20>) [p2, i7, i9, i11, i13, p32, p18, p20, p22, p24, p29, p33, p3, p0, p1]
+580: i41 = getfield_gc_i(p38, descr=<FieldS rpyeffect.stored_environment.Stack__arb_arb.inst_target 16 pure>)
+584: guard_value(i41, 37, descr=<Guard0x1283e1b60>) [p2, i7, i9, i11, i13, p32, p18, p20, p22, p24, p29, p33, p3, p0, p1]
debug_merge_point(0, 0, '31<main.rpyeffect:31(Name(resume2642))>+1: {"op": "Return". "args": {"num": [0]. "ptr": []}}')
+596: p43 = getfield_gc_r(p38, descr=<FieldP rpyeffect.stored_environment.Stack__0_1.inst_values_ptr_0 40 pure>)
+600: p44 = getfield_gc_r(p38, descr=<FieldP rpyeffect.stored_environment.Stack__arb_arb.inst_tail 8 pure>)
debug_merge_point(0, 0, '37<main.rpyeffect:37([k@[then#72]#74])>+0: {"op": "Jump". "target": 31}')
+604: guard_nonnull(p44, descr=<Guard0x1283e1ba0>) [p2, i7, i9, i11, i13, p32, p18, p20, p22, p24, p29, p33, p3, p0, p1]
+612: i45 = getfield_gc_i(p44, descr=<FieldS rpyeffect.stored_environment.Stack__arb_arb.inst_target 16 pure>)
+616: guard_value(i45, 35, descr=<Guard0x1283e1be0>) [p2, i7, i9, i11, i13, p32, p18, p20, p22, p24, p29, p33, p3, p0, p1]
debug_merge_point(0, 0, '31<main.rpyeffect:31(Name(resume2642))>+0: {"op": "PushStack". "arg": 0}')
+628: p47 = new_with_vtable(descr=<SizeDescr 40>)
+732: setfield_gc(p47, ConstPtr(null), descr=<FieldP rpyeffect.stack.MetaStack.inst_region 24 pure>)
+740: setfield_gc(p47, p1, descr=<FieldP rpyeffect.stack.MetaStackLike.inst_stack 8 pure>)
+748: setfield_gc(p47, p3, descr=<FieldP rpyeffect.stack.MetaStack.inst_tail 32 pure>)
+756: setfield_gc(p47, p0, descr=<FieldP rpyeffect.stack.MetaStack.inst_label 16 pure>)
+764: jump(p40, p44, p2, p33, p29, p47, i7, i9, i11, i13, p43, p18, p20, p22, p24, descr=TargetToken(4970187536))
+800: --end of the loop--
[4b83b4] jit-log-opt-loop}
[563650] {jit-log-opt-bridge
# bridge out of Guard 0x1283f2808 with 22 ops
[p0, i1, i2, p3, p4, p5, p6, p7, p8, i9, p10, p11, p12, p13]
+104: i15 = int_eq(i1, 0)
guard_true(i15, descr=<Guard0x1283f2a70>) [p0, i1, i2, p3, p4, p5, p6, p7, p8, i9, p10, p11, p12, p13]
+112: guard_not_invalidated(descr=<Guard0x1284264a0>) [p0, i1, i2, p3, p4, p5, p6, p7, p8, i9, p10, p11, p12, p13]
debug_merge_point(0, 0, '4<main.rpyeffect:4(Name(infixEq71))>+1: {"op": "Return". "args": {"num": [0]. "ptr": []}}')
debug_merge_point(0, 0, '39<main.rpyeffect:39([k@[#65]#70])>+0: {"op": "IfZero". "cond": 0. "then": {"tag": null. "target": 38. "args": {"num": []. "ptr": []}}}')
debug_merge_point(0, 0, '39<main.rpyeffect:39([k@[#65]#70])>+1: {"op": "Const". "type": "num". "out": 0. "value": 0}')
debug_merge_point(0, 0, '39<main.rpyeffect:39([k@[#65]#70])>+2: {"op": "Copy". "type": "ptr". "from": 1. "to". 0}')
debug_merge_point(0, 0, '39<main.rpyeffect:39([k@[#65]#70])>+3: {"op": "Jump". "target": 31}')
+116: guard_nonnull(p10, descr=<Guard0x1284264e0>) [p0, i1, i2, p3, p4, p5, p6, p7, p8, i9, p10, p11, p12, p13]
+128: i16 = getfield_gc_i(p10, descr=<FieldS rpyeffect.stored_environment.Stack__arb_arb.inst_target 16 pure>)
+136: guard_value(i16, 35, descr=<Guard0x128426520>) [p0, i1, i2, p3, p4, p5, p6, p7, p8, i9, p10, p11, p12, p13]
debug_merge_point(0, 0, '31<main.rpyeffect:31(Name(resume2642))>+0: {"op": "PushStack". "arg": 0}')
+148: p18 = new_with_vtable(descr=<SizeDescr 40>)
+252: p19 = new_with_vtable(descr=<SizeDescr 48>)
+264: setfield_gc(p19, p12, descr=<FieldP rpyeffect.stored_environment.Stack__arb_arb.inst_tail 8 pure>)
+268: setfield_gc(p19, 37, descr=<FieldS rpyeffect.stored_environment.Stack__arb_arb.inst_target 16 pure>)
+276: setfield_gc(p19, p11, descr=<FieldP rpyeffect.stored_environment.Stack__0_1.inst_values_ptr_0 40 pure>)
+284: setfield_gc(p18, p19, descr=<FieldP rpyeffect.stack.MetaStackLike.inst_stack 8 pure>)
+288: setfield_gc(p18, p13, descr=<FieldP rpyeffect.stack.MetaStack.inst_label 16 pure>)
+296: setfield_gc(p18, ConstPtr(null), descr=<FieldP rpyeffect.stack.MetaStack.inst_region 24 pure>)
+304: setfield_gc(p18, ConstPtr(null), descr=<FieldP rpyeffect.stack.MetaStack.inst_tail 32 pure>)
+328: jump(p7, p10, p0, p8, ConstPtr(null), 0, i9, 0, i2, p18, p18, p4, p5, p6, descr=TargetToken(4970187456))
+500: --end of the loop--
[5673d6] jit-log-opt-bridge}
[5ec94c] {jit-log-opt-bridge
# bridge out of Guard 0x1283e1b60 with 87 ops
[p0, i1, i2, i3, i4, p5, p6, p7, p8, p9, p10, p11, p12, p13, p14]
+216: guard_not_invalidated(descr=<Guard0x1283f2ac8>) [p0, i1, i2, i3, i4, p5, p6, p7, p8, p9, p10, p11, p12, p13, p14]
+220: guard_nonnull_class(p5, 4344278760, descr=<Guard0x1283f2b20>) [p0, i1, i2, i3, i4, p5, p6, p7, p8, p9, p10, p11, p12, p13, p14]
+244: p16 = getfield_gc_r(p5, descr=<FieldP rpyeffect.stack.MetaStack.inst_region 24 pure>)
+248: guard_isnull(p16, descr=<Guard0x1284265a0>) [p0, i1, i2, i3, i4, p5, p6, p7, p8, p9, p10, p11, p12, p13, p14]
+256: p17 = getfield_gc_r(p5, descr=<FieldP rpyeffect.stack.MetaStackLike.inst_stack 8 pure>)
+260: p18 = getfield_gc_r(p5, descr=<FieldP rpyeffect.stack.MetaStack.inst_tail 32 pure>)
+264: guard_isnull(p18, descr=<Guard0x1284265e0>) [p0, i1, i2, i3, i4, p5, p6, p7, p8, p9, p10, p11, p12, p13, p14]
+272: p19 = getfield_gc_r(p5, descr=<FieldP rpyeffect.stack.MetaStack.inst_label 16 pure>)
+276: guard_nonnull(p17, descr=<Guard0x128426620>) [p0, i1, i2, i3, i4, p5, p6, p7, p8, p9, p10, p11, p12, p13, p14]
+284: i20 = getfield_gc_i(p17, descr=<FieldS rpyeffect.stored_environment.Stack__arb_arb.inst_target 16 pure>)
+288: guard_value(i20, 62, descr=<Guard0x128426660>) [p0, i1, i2, i3, i4, p5, p6, p7, p8, p9, p10, p11, p12, p13, p14]
debug_merge_point(0, 0, '31<main.rpyeffect:31(Name(resume2642))>+1: {"op": "Return". "args": {"num": [0]. "ptr": []}}')
+300: i22 = getfield_gc_i(p17, descr=<FieldS rpyeffect.stored_environment.Stack__3_1.inst_values_num_0 40 pure>)
+304: i23 = getfield_gc_i(p17, descr=<FieldS rpyeffect.stored_environment.Stack__3_1.inst_values_num_1 48 pure>)
+308: i24 = getfield_gc_i(p17, descr=<FieldS rpyeffect.stored_environment.Stack__3_1.inst_values_num_2 56 pure>)
+312: p25 = getfield_gc_r(p17, descr=<FieldP rpyeffect.stored_environment.Stack__3_1.inst_values_ptr_0 64 pure>)
+316: p26 = getfield_gc_r(p17, descr=<FieldP rpyeffect.stored_environment.Stack__arb_arb.inst_tail 8 pure>)
debug_merge_point(0, 0, '62<main.rpyeffect:62([k@[then#45]#47])>+0: {"op": "Swap". "type": "num". "a": 3. "b". 0}')
debug_merge_point(0, 0, '62<main.rpyeffect:62([k@[then#45]#47])>+1: {"op": "Swap". "type": "num". "a": 2. "b". 0}')
debug_merge_point(0, 0, '62<main.rpyeffect:62([k@[then#45]#47])>+2: {"op": "IfZero". "cond": 3. "then": {"tag": null. "target": 34. "args": {"num": []. "ptr": []}}}')
+320: i27 = int_is_zero(i1)
guard_true(i27, descr=<Guard0x1284266a0>) [p0, i1, i2, i3, i4, p5, p6, p7, p8, p9, p10, p11, p12, p13, p14]
+332: guard_nonnull(p26, descr=<Guard0x1284266e0>) [p0, i1, i2, i3, i4, p5, p6, p7, p8, p9, p10, p11, p12, p13, p14]
+340: i28 = getfield_gc_i(p26, descr=<FieldS rpyeffect.stored_environment.Stack__arb_arb.inst_target 16 pure>)
+344: guard_value(i28, 35, descr=<Guard0x128426720>) [p0, i1, i2, i3, i4, p5, p6, p7, p8, p9, p10, p11, p12, p13, p14]
debug_merge_point(0, 0, '34<main.rpyeffect:34([then#48])>+0: {"op": "Const". "type": "num". "out": 3. "value": 1}')
debug_merge_point(0, 0, '34<main.rpyeffect:34([then#48])>+1: {"op": "Push". "target": 33. "args": {"num": [1. 2]. "ptr": [0]}}')
debug_merge_point(0, 0, '34<main.rpyeffect:34([then#48])>+2: {"op": "Copy". "type": "num". "from": 3. "to". 1}')
debug_merge_point(0, 0, '34<main.rpyeffect:34([then#48])>+3: {"op": "Jump". "target": 6}')
debug_merge_point(0, 0, '6<main.rpyeffect:6(Name(infixAdd95))>+0: {"op": "PrimOp". "name": "infixAdd(Int. Int): Int". "out": {"num": [0]. "ptr": []}. "in": {"num": [0. 1]. "ptr": []}}')
+356: i31 = int_add(i23, 1)
debug_merge_point(0, 0, '6<main.rpyeffect:6(Name(infixAdd95))>+1: {"op": "Return". "args": {"num": [0]. "ptr": []}}')
debug_merge_point(0, 0, '33<main.rpyeffect:33([k@[then#48]#52])>+0: {"op": "Swap". "type": "num". "a": 2. "b". 1}')
debug_merge_point(0, 0, '33<main.rpyeffect:33([k@[then#48]#52])>+1: {"op": "Jump". "target": 65}')
debug_merge_point(0, 0, '65<main.rpyeffect:65(Name(primes2635))>+0: {"op": "Push". "target": 64. "args": {"num": [2. 0. 1]. "ptr": [0]}}')
debug_merge_point(0, 0, '65<main.rpyeffect:65(Name(primes2635))>+1: {"op": "Jump". "target": 11}')
debug_merge_point(0, 0, '11<main.rpyeffect:11(Name(infixGte177))>+0: {"op": "PrimOp". "name": "infixGte(Int. Int): Boolean". "out": {"num": [0]. "ptr": []}. "in": {"num": [0. 1]. "ptr": []}}')
+360: i32 = int_ge(i31, i24)
guard_false(i32, descr=<Guard0x128426760>) [p0, i1, i2, i3, i4, p5, p6, p7, p8, p9, p10, p11, p12, p13, p14]
debug_merge_point(0, 0, '11<main.rpyeffect:11(Name(infixGte177))>+1: {"op": "Return". "args": {"num": [0]. "ptr": []}}')
debug_merge_point(0, 0, '64<main.rpyeffect:64([k@Name(primes2635)#43])>+0: {"op": "Swap". "type": "num". "a": 2. "b". 0}')
debug_merge_point(0, 0, '64<main.rpyeffect:64([k@Name(primes2635)#43])>+1: {"op": "IfZero". "cond": 2. "then": {"tag": null. "target": 63. "args": {"num": []. "ptr": []}}}')
debug_merge_point(0, 0, '63<main.rpyeffect:63([then#45])>+0: {"op": "Push". "target": 62. "args": {"num": [1. 0. 3]. "ptr": [0]}}')
debug_merge_point(0, 0, '63<main.rpyeffect:63([then#45])>+1: {"op": "Jump". "target": 30}')
debug_merge_point(0, 0, '30<main.rpyeffect:30([mcore:[#24]#40])>+0: {"op": "Invoke". "receiver": 0. "tag": Interned(%Prime2640(n):n). "args" : {"num": [0]. "ptr": []}}')
+368: p33 = getfield_gc_r(p25, descr=<FieldP rpyeffect.stored_environment.CoData__arb_arb.inst_vtable 24 pure>)
+376: guard_value(p33, ConstPtr(ptr34), descr=<Guard0x1284267a0>) [p0, i1, i2, i3, i4, p5, p6, p7, p8, p9, p10, p11, p12, p13, p14]
+384: i35 = getfield_gc_i(p25, descr=<FieldS rpyeffect.stored_environment.CoData__1_2.inst_values_num_0 32 pure>)
+388: p36 = getfield_gc_r(p25, descr=<FieldP rpyeffect.stored_environment.CoData__1_2.inst_values_ptr_0 40 pure>)
+392: p37 = getfield_gc_r(p25, descr=<FieldP rpyeffect.stored_environment.CoData__1_2.inst_values_ptr_1 48 pure>)
debug_merge_point(0, 0, '41<main.rpyeffect:41([method_%Prime2640(n):n@[k@[then#45]#47]#58])>+0: {"op": "Const". "type": "num". "out": 2. "value": 0}')
debug_merge_point(0, 0, '41<main.rpyeffect:41([method_%Prime2640(n):n@[k@[then#45]#47]#58])>+1: {"op": "ShiftDyn". "out": 1. "n": 2. "label": 1}')
+396: i38 = getfield_gc_i(p19, descr=<FieldS rpyeffect.stack.Label.inst_origin 8 pure>)
+400: guard_value(i38, 63491, descr=<Guard0x1284267e0>) [p0, i1, i2, i3, i4, p5, p6, p7, p8, p9, p10, p11, p12, p13, p14]
+412: i40 = getfield_gc_i(p37, descr=<FieldS rpyeffect.stack.Label.inst_origin 8 pure>)
+416: guard_value(i40, 63491, descr=<Guard0x128426820>) [p0, i1, i2, i3, i4, p5, p6, p7, p8, p9, p10, p11, p12, p13, p14]
+428: i42 = instance_ptr_eq(p19, p37)
guard_true(i42, descr=<Guard0x128426860>) [p0, i1, i2, i3, i4, p5, p6, p7, p8, p9, p10, p11, p12, p13, p14]
+436: guard_nonnull(p11, descr=<Guard0x1284268a0>) [p0, i1, i2, i3, i4, p5, p6, p7, p8, p9, p10, p11, p12, p13, p14]
+448: i43 = getfield_gc_i(p11, descr=<FieldS rpyeffect.stored_environment.Stack__arb_arb.inst_target 16 pure>)
+456: guard_value(i43, 35, descr=<Guard0x1284268e0>) [p0, i1, i2, i3, i4, p5, p6, p7, p8, p9, p10, p11, p12, p13, p14]
debug_merge_point(0, 0, '41<main.rpyeffect:41([method_%Prime2640(n):n@[k@[then#45]#47]#58])>+2: {"op": "Push". "target": 40. "args": {"num": [0]. "ptr": [0. 1]}}')
debug_merge_point(0, 0, '41<main.rpyeffect:41([method_%Prime2640(n):n@[k@[then#45]#47]#58])>+3: {"op": "Jump". "target": 9}')
+468: p45 = new_with_vtable(descr=<SizeDescr 64>)
+572: p46 = new_with_vtable(descr=<SizeDescr 40>)
+584: p47 = new_with_vtable(descr=<SizeDescr 72>)
+596: setfield_gc(p47, p26, descr=<FieldP rpyeffect.stored_environment.Stack__arb_arb.inst_tail 8 pure>)
+600: setfield_gc(p47, 62, descr=<FieldS rpyeffect.stored_environment.Stack__arb_arb.inst_target 16 pure>)
+608: setfield_gc(p47, i22, descr=<FieldS rpyeffect.stored_environment.Stack__3_1.inst_values_num_0 40 pure>)
+612: setfield_gc(p47, i31, descr=<FieldS rpyeffect.stored_environment.Stack__3_1.inst_values_num_1 48 pure>)
+616: setfield_gc(p47, i24, descr=<FieldS rpyeffect.stored_environment.Stack__3_1.inst_values_num_2 56 pure>)
+620: setfield_gc(p47, p25, descr=<FieldP rpyeffect.stored_environment.Stack__3_1.inst_values_ptr_0 64 pure>)
+624: setfield_gc(p46, p47, descr=<FieldP rpyeffect.stack.MetaStackLike.inst_stack 8 pure>)
+628: setfield_gc(p46, p19, descr=<FieldP rpyeffect.stack.MetaStack.inst_label 16 pure>)
+632: setfield_gc(p46, ConstPtr(null), descr=<FieldP rpyeffect.stack.MetaStack.inst_region 24 pure>)
+640: setfield_gc(p46, ConstPtr(null), descr=<FieldP rpyeffect.stack.MetaStack.inst_tail 32 pure>)
+648: p51 = new_with_vtable(descr=<SizeDescr 40>)
+660: setfield_gc(p51, ConstPtr(null), descr=<FieldP rpyeffect.stack.MetaStack.inst_region 24 pure>)
+668: setfield_gc(p51, p14, descr=<FieldP rpyeffect.stack.MetaStackLike.inst_stack 8 pure>)
+676: setfield_gc(p51, p12, descr=<FieldP rpyeffect.stack.MetaStack.inst_tail 32 pure>)
+684: setfield_gc(p51, p13, descr=<FieldP rpyeffect.stack.MetaStack.inst_label 16 pure>)
+692: setfield_gc(p45, 40, descr=<FieldS rpyeffect.stored_environment.Stack__arb_arb.inst_target 16 pure>)
+700: setfield_gc(p45, p11, descr=<FieldP rpyeffect.stored_environment.Stack__arb_arb.inst_tail 8 pure>)
+704: setfield_gc(p45, i31, descr=<FieldS rpyeffect.stored_environment.Stack__1_2.inst_values_num_0 40 pure>)
+708: setfield_gc(p45, p36, descr=<FieldP rpyeffect.stored_environment.Stack__1_2.inst_values_ptr_0 48 pure>)
+712: setfield_gc(p45, p46, descr=<FieldP rpyeffect.stored_environment.Stack__1_2.inst_values_ptr_1 56 pure>)
+748: jump(p10, p45, p0, p51, ConstPtr(null), i31, i35, 0, i24, p36, p46, p7, p8, p9, descr=TargetToken(4970187296))
+904: --end of the loop--
[5fc088] jit-log-opt-bridge}
[62f896] {jit-log-opt-loop
# Loop 5 (38<main.rpyeffect:38([then#72])>+1: {"op": "Copy", "type": "num", "from": 1, "to", 0}) : entry bridge with 53 ops
[p0, p1, p2, p3, p4]
+248: p5 = getfield_gc_r(p2, descr=<FieldP rpyeffect.environment.Environment.inst_values_num 16>)
+256: i7 = getarrayitem_gc_i(p5, 0, descr=<ArrayS 8>)
+260: i9 = getarrayitem_gc_i(p5, 1, descr=<ArrayS 8>)
+264: i11 = getarrayitem_gc_i(p5, 2, descr=<ArrayS 8>)
+268: i13 = getarrayitem_gc_i(p5, 3, descr=<ArrayS 8>)
+272: p14 = getfield_gc_r(p2, descr=<FieldP rpyeffect.environment.Environment.inst_values_ptr 24>)
+276: p16 = getarrayitem_gc_r(p14, 0, descr=<ArrayP 8>)
+280: p18 = getarrayitem_gc_r(p14, 1, descr=<ArrayP 8>)
+284: p20 = getarrayitem_gc_r(p14, 2, descr=<ArrayP 8>)
+288: p22 = getarrayitem_gc_r(p14, 3, descr=<ArrayP 8>)
+292: p24 = getarrayitem_gc_r(p14, 4, descr=<ArrayP 8>)
debug_merge_point(0, 0, '38<main.rpyeffect:38([then#72])>+1: {"op": "Copy". "type": "num". "from": 1. "to". 0}')
+296: guard_not_invalidated(descr=<Guard0x1283f2bd0>) [p2, i7, i9, i11, i13, p16, p18, p20, p22, p24, p0, p1, p3, p4]
debug_merge_point(0, 0, '38<main.rpyeffect:38([then#72])>+2: {"op": "Jump". "target": 32}')
+300: guard_nonnull(p1, descr=<Guard0x1284269a0>) [p2, i7, i9, i11, i13, p16, p18, p20, p22, p24, p0, p1, p3, p4]
+312: i25 = getfield_gc_i(p1, descr=<FieldS rpyeffect.stored_environment.Stack__arb_arb.inst_target 16 pure>)
+320: guard_value(i25, 37, descr=<Guard0x1284269e0>) [p2, i7, i9, i11, i13, p16, p18, p20, p22, p24, p0, p1, p3, p4]
debug_merge_point(0, 0, '32<main.rpyeffect:32([mcore:[#31]#41])>+0: {"op": "Invoke". "receiver": 0. "tag": Interned(%Prime2640(n):n). "args" : {"num": [0]. "ptr": []}}')
+332: p27 = getfield_gc_r(p16, descr=<FieldP rpyeffect.stored_environment.CoData__arb_arb.inst_vtable 24 pure>)
+340: guard_value(p27, ConstPtr(ptr28), descr=<Guard0x128426a20>) [p2, i7, i9, i11, i13, p16, p18, p20, p22, p24, p0, p1, p3, p4]
+348: i29 = getfield_gc_i(p16, descr=<FieldS rpyeffect.stored_environment.CoData__1_2.inst_values_num_0 32 pure>)
+352: p30 = getfield_gc_r(p16, descr=<FieldP rpyeffect.stored_environment.CoData__1_2.inst_values_ptr_0 40 pure>)
+356: p31 = getfield_gc_r(p16, descr=<FieldP rpyeffect.stored_environment.CoData__1_2.inst_values_ptr_1 48 pure>)
debug_merge_point(0, 0, '41<main.rpyeffect:41([method_%Prime2640(n):n@[k@[then#45]#47]#58])>+0: {"op": "Const". "type": "num". "out": 2. "value": 0}')
debug_merge_point(0, 0, '41<main.rpyeffect:41([method_%Prime2640(n):n@[k@[then#45]#47]#58])>+1: {"op": "ShiftDyn". "out": 1. "n": 2. "label": 1}')
+360: guard_isnull(p4, descr=<Guard0x128426a60>) [p2, i7, i9, i11, i13, p16, p18, p20, p22, p24, p0, p1, p3, p4]
+372: i32 = getfield_gc_i(p0, descr=<FieldS rpyeffect.stack.Label.inst_origin 8 pure>)
+380: guard_value(i32, 63491, descr=<Guard0x128426aa0>) [p2, i7, i9, i11, i13, p16, p18, p20, p22, p24, p0, p1, p3, p4]
+392: i34 = getfield_gc_i(p31, descr=<FieldS rpyeffect.stack.Label.inst_origin 8 pure>)
+396: guard_value(i34, 63491, descr=<Guard0x128426ae0>) [p2, i7, i9, i11, i13, p16, p18, p20, p22, p24, p0, p1, p3, p4]
+408: i36 = instance_ptr_eq(p0, p31)
guard_true(i36, descr=<Guard0x128426b20>) [p2, i7, i9, i11, i13, p16, p18, p20, p22, p24, p0, p1, p3, p4]
+416: guard_nonnull_class(p3, 4344278760, descr=<Guard0x1283f2c28>) [p2, i7, i9, i11, i13, p16, p18, p20, p22, p24, p0, p1, p3, p4]
+444: p38 = getfield_gc_r(p3, descr=<FieldP rpyeffect.stack.MetaStackLike.inst_stack 8 pure>)
+448: p39 = getfield_gc_r(p3, descr=<FieldP rpyeffect.stack.MetaStack.inst_label 16 pure>)
+452: p40 = getfield_gc_r(p3, descr=<FieldP rpyeffect.stack.MetaStack.inst_tail 32 pure>)
+460: guard_nonnull(p38, descr=<Guard0x128426b60>) [p2, i7, i9, i11, i13, p16, p18, p20, p22, p24, p0, p1, p3, p4]
+468: i41 = getfield_gc_i(p38, descr=<FieldS rpyeffect.stored_environment.Stack__arb_arb.inst_target 16 pure>)
+476: guard_value(i41, 105, descr=<Guard0x128426ba0>) [p2, i7, i9, i11, i13, p16, p18, p20, p22, p24, p0, p1, p3, p4]
debug_merge_point(0, 0, '41<main.rpyeffect:41([method_%Prime2640(n):n@[k@[then#45]#47]#58])>+2: {"op": "Push". "target": 40. "args": {"num": [0]. "ptr": [0. 1]}}')
debug_merge_point(0, 0, '41<main.rpyeffect:41([method_%Prime2640(n):n@[k@[then#45]#47]#58])>+3: {"op": "Jump". "target": 9}')
+488: p43 = new_with_vtable(descr=<SizeDescr 64>)
+600: p44 = new_with_vtable(descr=<SizeDescr 40>)
+612: setfield_gc(p44, p1, descr=<FieldP rpyeffect.stack.MetaStackLike.inst_stack 8 pure>)
+616: setfield_gc(p44, p0, descr=<FieldP rpyeffect.stack.MetaStack.inst_label 16 pure>)
+620: setfield_gc(p44, ConstPtr(null), descr=<FieldP rpyeffect.stack.MetaStack.inst_region 24 pure>)
+628: setfield_gc(p44, ConstPtr(null), descr=<FieldP rpyeffect.stack.MetaStack.inst_tail 32 pure>)
+636: setfield_gc(p43, 40, descr=<FieldS rpyeffect.stored_environment.Stack__arb_arb.inst_target 16 pure>)
+644: setfield_gc(p43, p38, descr=<FieldP rpyeffect.stored_environment.Stack__arb_arb.inst_tail 8 pure>)
+648: setfield_gc(p43, i9, descr=<FieldS rpyeffect.stored_environment.Stack__1_2.inst_values_num_0 40 pure>)
+652: setfield_gc(p43, p30, descr=<FieldP rpyeffect.stored_environment.Stack__1_2.inst_values_ptr_0 48 pure>)
+656: setfield_gc(p43, p44, descr=<FieldP rpyeffect.stored_environment.Stack__1_2.inst_values_ptr_1 56 pure>)
+676: jump(p39, p43, p2, p40, ConstPtr(null), i9, i29, 0, i13, p30, p44, p20, p22, p24, descr=TargetToken(4970187296))
+832: --end of the loop--
[639df4] jit-log-opt-loop}
[6cb3a3] {jit-log-opt-loop
# Loop 6 (32<main.rpyeffect:32([mcore:[#31]#41])>+0: {"op": "Invoke", "receiver": 0, "tag": Interned(%Prime2640(n):n), "args" : {"num": [0], "ptr": []}}) : entry bridge with 70 ops
[p0, p1, p2, p3, p4]
+328: p5 = getfield_gc_r(p2, descr=<FieldP rpyeffect.environment.Environment.inst_values_num 16>)
+336: i7 = getarrayitem_gc_i(p5, 0, descr=<ArrayS 8>)
+340: i9 = getarrayitem_gc_i(p5, 1, descr=<ArrayS 8>)
+344: i11 = getarrayitem_gc_i(p5, 2, descr=<ArrayS 8>)
+348: i13 = getarrayitem_gc_i(p5, 3, descr=<ArrayS 8>)
+352: p14 = getfield_gc_r(p2, descr=<FieldP rpyeffect.environment.Environment.inst_values_ptr 24>)
+356: p16 = getarrayitem_gc_r(p14, 0, descr=<ArrayP 8>)
+360: p18 = getarrayitem_gc_r(p14, 1, descr=<ArrayP 8>)
+364: p20 = getarrayitem_gc_r(p14, 2, descr=<ArrayP 8>)
+368: p22 = getarrayitem_gc_r(p14, 3, descr=<ArrayP 8>)
+372: p24 = getarrayitem_gc_r(p14, 4, descr=<ArrayP 8>)
debug_merge_point(0, 0, '32<main.rpyeffect:32([mcore:[#31]#41])>+0: {"op": "Invoke". "receiver": 0. "tag": Interned(%Prime2640(n):n). "args" : {"num": [0]. "ptr": []}}')
+376: guard_not_invalidated(descr=<Guard0x1283f2cd8>) [p2, i7, i9, i11, i13, p16, p18, p20, p22, p24, p0, p1, p3, p4]
+380: p25 = getfield_gc_r(p16, descr=<FieldP rpyeffect.stored_environment.CoData__arb_arb.inst_vtable 24 pure>)
+388: guard_value(p25, ConstPtr(ptr26), descr=<Guard0x128426c60>) [p2, i7, i9, i11, i13, p16, p18, p20, p22, p24, p0, p1, p3, p4]
+396: p27 = getfield_gc_r(p16, descr=<FieldP rpyeffect.stored_environment.CoData__0_1.inst_values_ptr_0 32 pure>)
debug_merge_point(0, 0, '107<main.rpyeffect:107([#261])>+0: {"op": "Const". "type": "num". "out": 0. "value": 0}')
debug_merge_point(0, 0, '107<main.rpyeffect:107([#261])>+1: {"op": "ShiftDyn". "out": 0. "n": 0. "label": 0}')
+400: guard_isnull(p4, descr=<Guard0x128426ca0>) [p2, i7, i9, i11, i13, p16, p18, p20, p22, p24, p0, p1, p3, p4]
+412: i28 = getfield_gc_i(p0, descr=<FieldS rpyeffect.stack.Label.inst_origin 8 pure>)
+420: guard_value(i28, 141313, descr=<Guard0x128426ce0>) [p2, i7, i9, i11, i13, p16, p18, p20, p22, p24, p0, p1, p3, p4]
+436: i30 = getfield_gc_i(p27, descr=<FieldS rpyeffect.stack.Label.inst_origin 8 pure>)
+440: guard_value(i30, 141313, descr=<Guard0x128426d20>) [p2, i7, i9, i11, i13, p16, p18, p20, p22, p24, p0, p1, p3, p4]
+456: i32 = instance_ptr_eq(p0, p27)
guard_true(i32, descr=<Guard0x128426d60>) [p2, i7, i9, i11, i13, p16, p18, p20, p22, p24, p0, p1, p3, p4]
+464: guard_nonnull_class(p3, 4344278760, descr=<Guard0x1283f2d30>) [p2, i7, i9, i11, i13, p16, p18, p20, p22, p24, p0, p1, p3, p4]
+492: p34 = getfield_gc_r(p3, descr=<FieldP rpyeffect.stack.MetaStackLike.inst_stack 8 pure>)
+496: p35 = getfield_gc_r(p3, descr=<FieldP rpyeffect.stack.MetaStack.inst_label 16 pure>)
+500: p36 = getfield_gc_r(p3, descr=<FieldP rpyeffect.stack.MetaStack.inst_tail 32 pure>)
+504: guard_nonnull(p34, descr=<Guard0x128426da0>) [p2, i7, i9, i11, i13, p16, p18, p20, p22, p24, p0, p1, p3, p4]
+512: i37 = getfield_gc_i(p34, descr=<FieldS rpyeffect.stored_environment.Stack__arb_arb.inst_target 16 pure>)
+516: guard_value(i37, 104, descr=<Guard0x128426de0>) [p2, i7, i9, i11, i13, p16, p18, p20, p22, p24, p0, p1, p3, p4]
debug_merge_point(0, 0, '107<main.rpyeffect:107([#261])>+2: {"op": "Const". "type": "num". "out": 0. "value": 1}')
debug_merge_point(0, 0, '107<main.rpyeffect:107([#261])>+3: {"op": "Jump". "target": 101}')
debug_merge_point(0, 0, '101<main.rpyeffect:101(Name(resume53930))>+0: {"op": "PushStack". "arg": 0}')
+528: guard_nonnull(p1, descr=<Guard0x128426e20>) [p2, i7, i9, i11, i13, p16, p18, p20, p22, p24, p0, p1, p3, p4]
+540: i39 = getfield_gc_i(p1, descr=<FieldS rpyeffect.stored_environment.Stack__arb_arb.inst_target 16 pure>)
+548: guard_value(i39, 37, descr=<Guard0x128426e60>) [p2, i7, i9, i11, i13, p16, p18, p20, p22, p24, p0, p1, p3, p4]
debug_merge_point(0, 0, '101<main.rpyeffect:101(Name(resume53930))>+1: {"op": "Return". "args": {"num": [0]. "ptr": []}}')
+560: p41 = getfield_gc_r(p1, descr=<FieldP rpyeffect.stored_environment.Stack__0_1.inst_values_ptr_0 40 pure>)
+564: p42 = getfield_gc_r(p1, descr=<FieldP rpyeffect.stored_environment.Stack__arb_arb.inst_tail 8 pure>)
+572: guard_nonnull(p42, descr=<Guard0x128426ea0>) [p2, i7, i9, i11, i13, p16, p18, p20, p22, p24, p0, p1, p3, p4]
+580: i43 = getfield_gc_i(p42, descr=<FieldS rpyeffect.stored_environment.Stack__arb_arb.inst_target 16 pure>)
+588: guard_value(i43, 105, descr=<Guard0x128426ee0>) [p2, i7, i9, i11, i13, p16, p18, p20, p22, p24, p0, p1, p3, p4]
debug_merge_point(0, 0, '37<main.rpyeffect:37([k@[then#72]#74])>+0: {"op": "Jump". "target": 31}')
debug_merge_point(0, 0, '31<main.rpyeffect:31(Name(resume2642))>+0: {"op": "PushStack". "arg": 0}')
+600: guard_nonnull_class(p41, 4344278760, descr=<Guard0x1283f2d88>) [p2, i7, i9, i11, i13, p16, p18, p20, p22, p24, p0, p1, p3, p4]
+624: p46 = getfield_gc_r(p41, descr=<FieldP rpyeffect.stack.MetaStack.inst_region 24 pure>)
+628: guard_isnull(p46, descr=<Guard0x128426f20>) [p2, i7, i9, i11, i13, p16, p18, p20, p22, p24, p0, p1, p3, p4]
+636: p47 = getfield_gc_r(p41, descr=<FieldP rpyeffect.stack.MetaStackLike.inst_stack 8 pure>)
+640: p48 = getfield_gc_r(p41, descr=<FieldP rpyeffect.stack.MetaStack.inst_tail 32 pure>)
+648: guard_isnull(p48, descr=<Guard0x128426f60>) [p2, i7, i9, i11, i13, p16, p18, p20, p22, p24, p0, p1, p3, p4]
+656: p49 = getfield_gc_r(p41, descr=<FieldP rpyeffect.stack.MetaStack.inst_label 16 pure>)
+660: guard_nonnull(p47, descr=<Guard0x128426fa0>) [p2, i7, i9, i11, i13, p16, p18, p20, p22, p24, p0, p1, p3, p4]
+668: i50 = getfield_gc_i(p47, descr=<FieldS rpyeffect.stored_environment.Stack__arb_arb.inst_target 16 pure>)
+672: guard_value(i50, 37, descr=<Guard0x128426fe0>) [p2, i7, i9, i11, i13, p16, p18, p20, p22, p24, p0, p1, p3, p4]
debug_merge_point(0, 0, '31<main.rpyeffect:31(Name(resume2642))>+1: {"op": "Return". "args": {"num": [0]. "ptr": []}}')
+684: p52 = getfield_gc_r(p47, descr=<FieldP rpyeffect.stored_environment.Stack__0_1.inst_values_ptr_0 40 pure>)
+688: p53 = getfield_gc_r(p47, descr=<FieldP rpyeffect.stored_environment.Stack__arb_arb.inst_tail 8 pure>)
debug_merge_point(0, 0, '37<main.rpyeffect:37([k@[then#72]#74])>+0: {"op": "Jump". "target": 31}')
+692: guard_nonnull(p53, descr=<Guard0x128427020>) [p2, i7, i9, i11, i13, p16, p18, p20, p22, p24, p0, p1, p3, p4]
+700: i54 = getfield_gc_i(p53, descr=<FieldS rpyeffect.stored_environment.Stack__arb_arb.inst_target 16 pure>)
+708: guard_value(i54, 35, descr=<Guard0x128427060>) [p2, i7, i9, i11, i13, p16, p18, p20, p22, p24, p0, p1, p3, p4]
debug_merge_point(0, 0, '31<main.rpyeffect:31(Name(resume2642))>+0: {"op": "PushStack". "arg": 0}')
+720: p56 = new_with_vtable(descr=<SizeDescr 40>)
+832: setfield_gc(p56, p34, descr=<FieldP rpyeffect.stack.MetaStackLike.inst_stack 8 pure>)
+836: setfield_gc(p56, p35, descr=<FieldP rpyeffect.stack.MetaStack.inst_label 16 pure>)
+840: setfield_gc(p56, p36, descr=<FieldP rpyeffect.stack.MetaStack.inst_tail 32 pure>)
+844: setfield_gc(p56, ConstPtr(null), descr=<FieldP rpyeffect.stack.MetaStack.inst_region 24 pure>)
+852: jump(p49, p53, p2, p42, p0, p56, 1, i9, i11, i13, p52, p18, p20, p22, p24, descr=TargetToken(4970187536))
+1004: --end of the loop--
[6d7dc9] jit-log-opt-loop}
[89dfe6] {jit-log-opt-bridge
# bridge out of Guard 0x1283e18a0 with 59 ops
[p0, i1, i2, p3, p4, p5, p6, p7, p8, i9, p10, p11, p12, p13]
+168: i15 = int_eq(i1, 0)
guard_false(i15, descr=<Guard0x1283f2e38>) [p0, i1, i2, p3, p4, p5, p6, p7, p8, i9, p10, p11, p12, p13]
+176: guard_not_invalidated(descr=<Guard0x1284272a0>) [p0, i1, i2, p3, p4, p5, p6, p7, p8, i9, p10, p11, p12, p13]
debug_merge_point(0, 0, '4<main.rpyeffect:4(Name(infixEq71))>+1: {"op": "Return". "args": {"num": [0]. "ptr": []}}')
debug_merge_point(0, 0, '39<main.rpyeffect:39([k@[#65]#70])>+0: {"op": "IfZero". "cond": 0. "then": {"tag": null. "target": 38. "args": {"num": []. "ptr": []}}}')
+180: guard_nonnull(p10, descr=<Guard0x1284272e0>) [p0, i1, i2, p3, p4, p5, p6, p7, p8, i9, p10, p11, p12, p13]
+192: i16 = getfield_gc_i(p10, descr=<FieldS rpyeffect.stored_environment.Stack__arb_arb.inst_target 16 pure>)
+200: guard_value(i16, 35, descr=<Guard0x128427320>) [p0, i1, i2, p3, p4, p5, p6, p7, p8, i9, p10, p11, p12, p13]
debug_merge_point(0, 0, '38<main.rpyeffect:38([then#72])>+0: {"op": "Push". "target": 37. "args": {"num": []. "ptr": [1]}}')
debug_merge_point(0, 0, '38<main.rpyeffect:38([then#72])>+1: {"op": "Copy". "type": "num". "from": 1. "to". 0}')
debug_merge_point(0, 0, '38<main.rpyeffect:38([then#72])>+2: {"op": "Jump". "target": 32}')
debug_merge_point(0, 0, '32<main.rpyeffect:32([mcore:[#31]#41])>+0: {"op": "Invoke". "receiver": 0. "tag": Interned(%Prime2640(n):n). "args" : {"num": [0]. "ptr": []}}')
+212: p18 = getfield_gc_r(p3, descr=<FieldP rpyeffect.stored_environment.CoData__arb_arb.inst_vtable 24 pure>)
+220: guard_value(p18, ConstPtr(ptr19), descr=<Guard0x128427360>) [p0, i1, i2, p3, p4, p5, p6, p7, p8, i9, p10, p11, p12, p13]
+228: i20 = getfield_gc_i(p3, descr=<FieldS rpyeffect.stored_environment.CoData__1_2.inst_values_num_0 32 pure>)
+232: p21 = getfield_gc_r(p3, descr=<FieldP rpyeffect.stored_environment.CoData__1_2.inst_values_ptr_0 40 pure>)
+236: p22 = getfield_gc_r(p3, descr=<FieldP rpyeffect.stored_environment.CoData__1_2.inst_values_ptr_1 48 pure>)
debug_merge_point(0, 0, '41<main.rpyeffect:41([method_%Prime2640(n):n@[k@[then#45]#47]#58])>+0: {"op": "Const". "type": "num". "out": 2. "value": 0}')
debug_merge_point(0, 0, '41<main.rpyeffect:41([method_%Prime2640(n):n@[k@[then#45]#47]#58])>+1: {"op": "ShiftDyn". "out": 1. "n": 2. "label": 1}')
+240: i23 = getfield_gc_i(p7, descr=<FieldS rpyeffect.stack.Label.inst_origin 8 pure>)
+244: guard_value(i23, 63491, descr=<Guard0x1284273a0>) [p0, i1, i2, p3, p4, p5, p6, p7, p8, i9, p10, p11, p12, p13]
+256: i25 = getfield_gc_i(p22, descr=<FieldS rpyeffect.stack.Label.inst_origin 8 pure>)
+260: guard_value(i25, 63491, descr=<Guard0x128427760>) [p0, i1, i2, p3, p4, p5, p6, p7, p8, i9, p10, p11, p12, p13]
+272: i27 = instance_ptr_eq(p7, p22)
guard_true(i27, descr=<Guard0x128427720>) [p0, i1, i2, p3, p4, p5, p6, p7, p8, i9, p10, p11, p12, p13]
+280: guard_nonnull_class(p8, 4344278760, descr=<Guard0x1283f2ee8>) [p0, i1, i2, p3, p4, p5, p6, p7, p8, i9, p10, p11, p12, p13]
+304: p29 = getfield_gc_r(p8, descr=<FieldP rpyeffect.stack.MetaStackLike.inst_stack 8 pure>)
+308: p30 = getfield_gc_r(p8, descr=<FieldP rpyeffect.stack.MetaStack.inst_label 16 pure>)
+312: p31 = getfield_gc_r(p8, descr=<FieldP rpyeffect.stack.MetaStack.inst_tail 32 pure>)
+316: guard_nonnull(p29, descr=<Guard0x1284276e0>) [p0, i1, i2, p3, p4, p5, p6, p7, p8, i9, p10, p11, p12, p13]
+324: i32 = getfield_gc_i(p29, descr=<FieldS rpyeffect.stored_environment.Stack__arb_arb.inst_target 16 pure>)
+328: guard_value(i32, 105, descr=<Guard0x1284276a0>) [p0, i1, i2, p3, p4, p5, p6, p7, p8, i9, p10, p11, p12, p13]
debug_merge_point(0, 0, '41<main.rpyeffect:41([method_%Prime2640(n):n@[k@[then#45]#47]#58])>+2: {"op": "Push". "target": 40. "args": {"num": [0]. "ptr": [0. 1]}}')
debug_merge_point(0, 0, '41<main.rpyeffect:41([method_%Prime2640(n):n@[k@[then#45]#47]#58])>+3: {"op": "Jump". "target": 9}')
+340: p34 = new_with_vtable(descr=<SizeDescr 40>)
+444: p35 = new_with_vtable(descr=<SizeDescr 48>)
+456: setfield_gc(p35, p12, descr=<FieldP rpyeffect.stored_environment.Stack__arb_arb.inst_tail 8 pure>)
+460: setfield_gc(p35, 37, descr=<FieldS rpyeffect.stored_environment.Stack__arb_arb.inst_target 16 pure>)
+468: setfield_gc(p35, p11, descr=<FieldP rpyeffect.stored_environment.Stack__0_1.inst_values_ptr_0 40 pure>)
+476: p37 = new_with_vtable(descr=<SizeDescr 64>)
+488: p38 = new_with_vtable(descr=<SizeDescr 40>)
+500: p39 = new_with_vtable(descr=<SizeDescr 48>)
+512: setfield_gc(p39, p10, descr=<FieldP rpyeffect.stored_environment.Stack__arb_arb.inst_tail 8 pure>)
+516: setfield_gc(p39, 37, descr=<FieldS rpyeffect.stored_environment.Stack__arb_arb.inst_target 16 pure>)
+524: setfield_gc(p39, p34, descr=<FieldP rpyeffect.stored_environment.Stack__0_1.inst_values_ptr_0 40 pure>)
+528: setfield_gc(p38, p39, descr=<FieldP rpyeffect.stack.MetaStackLike.inst_stack 8 pure>)
+532: setfield_gc(p38, p7, descr=<FieldP rpyeffect.stack.MetaStack.inst_label 16 pure>)
+536: setfield_gc(p38, ConstPtr(null), descr=<FieldP rpyeffect.stack.MetaStack.inst_region 24 pure>)
+544: setfield_gc(p38, ConstPtr(null), descr=<FieldP rpyeffect.stack.MetaStack.inst_tail 32 pure>)
+552: setfield_gc(p37, 40, descr=<FieldS rpyeffect.stored_environment.Stack__arb_arb.inst_target 16 pure>)
+560: setfield_gc(p34, p35, descr=<FieldP rpyeffect.stack.MetaStackLike.inst_stack 8 pure>)
+564: setfield_gc(p34, p13, descr=<FieldP rpyeffect.stack.MetaStack.inst_label 16 pure>)
+572: setfield_gc(p34, ConstPtr(null), descr=<FieldP rpyeffect.stack.MetaStack.inst_tail 32 pure>)
+580: setfield_gc(p34, ConstPtr(null), descr=<FieldP rpyeffect.stack.MetaStack.inst_region 24 pure>)
+588: setfield_gc(p37, p29, descr=<FieldP rpyeffect.stored_environment.Stack__arb_arb.inst_tail 8 pure>)
+592: setfield_gc(p37, i9, descr=<FieldS rpyeffect.stored_environment.Stack__1_2.inst_values_num_0 40 pure>)
+600: setfield_gc(p37, p21, descr=<FieldP rpyeffect.stored_environment.Stack__1_2.inst_values_ptr_0 48 pure>)
+604: setfield_gc(p37, p38, descr=<FieldP rpyeffect.stored_environment.Stack__1_2.inst_values_ptr_1 56 pure>)
+656: jump(p30, p37, p0, p31, ConstPtr(null), i9, i20, 0, i2, p21, p38, p4, p5, p6, descr=TargetToken(4970187296))
+720: --end of the loop--
[8b5bf1] jit-log-opt-bridge}
[8ff4b3] {jit-log-opt-bridge
# bridge out of Guard 0x1283e1520 with 61 ops
[p0, i1, i2, p3, p4, p5, p6, p7, p8, p9, p10, i11, p12]
+232: i14 = int_eq(i1, 0)
guard_false(i14, descr=<Guard0x1283f2f40>) [p0, i1, i2, p3, p4, p5, p6, p7, p8, p9, p10, i11, p12]
+240: guard_not_invalidated(descr=<Guard0x1284277a0>) [p0, i1, i2, p3, p4, p5, p6, p7, p8, p9, p10, i11, p12]
debug_merge_point(0, 0, '4<main.rpyeffect:4(Name(infixEq71))>+1: {"op": "Return". "args": {"num": [0]. "ptr": []}}')
debug_merge_point(0, 0, '39<main.rpyeffect:39([k@[#65]#70])>+0: {"op": "IfZero". "cond": 0. "then": {"tag": null. "target": 38. "args": {"num": []. "ptr": []}}}')
+244: guard_nonnull(p12, descr=<Guard0x1284277e0>) [p0, i1, i2, p3, p4, p5, p6, p7, p8, p9, p10, i11, p12]
+252: i15 = getfield_gc_i(p12, descr=<FieldS rpyeffect.stored_environment.Stack__arb_arb.inst_target 16 pure>)
+256: guard_value(i15, 105, descr=<Guard0x128427820>) [p0, i1, i2, p3, p4, p5, p6, p7, p8, p9, p10, i11, p12]
debug_merge_point(0, 0, '38<main.rpyeffect:38([then#72])>+0: {"op": "Push". "target": 37. "args": {"num": []. "ptr": [1]}}')
debug_merge_point(0, 0, '38<main.rpyeffect:38([then#72])>+1: {"op": "Copy". "type": "num". "from": 1. "to". 0}')
debug_merge_point(0, 0, '38<main.rpyeffect:38([then#72])>+2: {"op": "Jump". "target": 32}')
debug_merge_point(0, 0, '32<main.rpyeffect:32([mcore:[#31]#41])>+0: {"op": "Invoke". "receiver": 0. "tag": Interned(%Prime2640(n):n). "args" : {"num": [0]. "ptr": []}}')
+268: p17 = getfield_gc_r(p3, descr=<FieldP rpyeffect.stored_environment.CoData__arb_arb.inst_vtable 24 pure>)
+276: guard_value(p17, ConstPtr(ptr18), descr=<Guard0x128427860>) [p0, i1, i2, p3, p4, p5, p6, p7, p8, p9, p10, i11, p12]
+284: p19 = getfield_gc_r(p3, descr=<FieldP rpyeffect.stored_environment.CoData__0_1.inst_values_ptr_0 32 pure>)
debug_merge_point(0, 0, '107<main.rpyeffect:107([#261])>+0: {"op": "Const". "type": "num". "out": 0. "value": 0}')
debug_merge_point(0, 0, '107<main.rpyeffect:107([#261])>+1: {"op": "ShiftDyn". "out": 0. "n": 0. "label": 0}')
+288: guard_isnull(p10, descr=<Guard0x1284278a0>) [p0, i1, i2, p3, p4, p5, p6, p7, p8, p9, p10, i11, p12]
+300: i20 = getfield_gc_i(p8, descr=<FieldS rpyeffect.stack.Label.inst_origin 8 pure>)
+308: guard_value(i20, 141313, descr=<Guard0x1284278e0>) [p0, i1, i2, p3, p4, p5, p6, p7, p8, p9, p10, i11, p12]
+324: i22 = getfield_gc_i(p19, descr=<FieldS rpyeffect.stack.Label.inst_origin 8 pure>)
+328: guard_value(i22, 141313, descr=<Guard0x128427920>) [p0, i1, i2, p3, p4, p5, p6, p7, p8, p9, p10, i11, p12]
+344: i24 = instance_ptr_eq(p8, p19)
guard_true(i24, descr=<Guard0x128427960>) [p0, i1, i2, p3, p4, p5, p6, p7, p8, p9, p10, i11, p12]
+352: guard_nonnull_class(p9, 4344278760, descr=<Guard0x1283f2f98>) [p0, i1, i2, p3, p4, p5, p6, p7, p8, p9, p10, i11, p12]
+380: p26 = getfield_gc_r(p9, descr=<FieldP rpyeffect.stack.MetaStackLike.inst_stack 8 pure>)
+384: p27 = getfield_gc_r(p9, descr=<FieldP rpyeffect.stack.MetaStack.inst_label 16 pure>)
+388: p28 = getfield_gc_r(p9, descr=<FieldP rpyeffect.stack.MetaStack.inst_tail 32 pure>)
+392: guard_nonnull(p26, descr=<Guard0x1284279a0>) [p0, i1, i2, p3, p4, p5, p6, p7, p8, p9, p10, i11, p12]
+400: i29 = getfield_gc_i(p26, descr=<FieldS rpyeffect.stored_environment.Stack__arb_arb.inst_target 16 pure>)
+404: guard_value(i29, 104, descr=<Guard0x1284279e0>) [p0, i1, i2, p3, p4, p5, p6, p7, p8, p9, p10, i11, p12]
debug_merge_point(0, 0, '107<main.rpyeffect:107([#261])>+2: {"op": "Const". "type": "num". "out": 0. "value": 1}')
debug_merge_point(0, 0, '107<main.rpyeffect:107([#261])>+3: {"op": "Jump". "target": 101}')
debug_merge_point(0, 0, '101<main.rpyeffect:101(Name(resume53930))>+0: {"op": "PushStack". "arg": 0}')
debug_merge_point(0, 0, '101<main.rpyeffect:101(Name(resume53930))>+1: {"op": "Return". "args": {"num": [0]. "ptr": []}}')
debug_merge_point(0, 0, '37<main.rpyeffect:37([k@[then#72]#74])>+0: {"op": "Jump". "target": 31}')
debug_merge_point(0, 0, '31<main.rpyeffect:31(Name(resume2642))>+0: {"op": "PushStack". "arg": 0}')
+416: guard_nonnull_class(p4, 4344278760, descr=<Guard0x1283f2ff0>) [p0, i1, i2, p3, p4, p5, p6, p7, p8, p9, p10, i11, p12]
+440: p32 = getfield_gc_r(p4, descr=<FieldP rpyeffect.stack.MetaStack.inst_region 24 pure>)
+444: guard_isnull(p32, descr=<Guard0x128427a20>) [p0, i1, i2, p3, p4, p5, p6, p7, p8, p9, p10, i11, p12]
+452: p33 = getfield_gc_r(p4, descr=<FieldP rpyeffect.stack.MetaStackLike.inst_stack 8 pure>)
+456: p34 = getfield_gc_r(p4, descr=<FieldP rpyeffect.stack.MetaStack.inst_tail 32 pure>)
+460: guard_isnull(p34, descr=<Guard0x128427a60>) [p0, i1, i2, p3, p4, p5, p6, p7, p8, p9, p10, i11, p12]
+468: p35 = getfield_gc_r(p4, descr=<FieldP rpyeffect.stack.MetaStack.inst_label 16 pure>)
+472: guard_nonnull(p33, descr=<Guard0x128427aa0>) [p0, i1, i2, p3, p4, p5, p6, p7, p8, p9, p10, i11, p12]
+480: i36 = getfield_gc_i(p33, descr=<FieldS rpyeffect.stored_environment.Stack__arb_arb.inst_target 16 pure>)
+484: guard_value(i36, 37, descr=<Guard0x128427ae0>) [p0, i1, i2, p3, p4, p5, p6, p7, p8, p9, p10, i11, p12]
debug_merge_point(0, 0, '31<main.rpyeffect:31(Name(resume2642))>+1: {"op": "Return". "args": {"num": [0]. "ptr": []}}')
+496: p38 = getfield_gc_r(p33, descr=<FieldP rpyeffect.stored_environment.Stack__0_1.inst_values_ptr_0 40 pure>)
+500: p39 = getfield_gc_r(p33, descr=<FieldP rpyeffect.stored_environment.Stack__arb_arb.inst_tail 8 pure>)
debug_merge_point(0, 0, '37<main.rpyeffect:37([k@[then#72]#74])>+0: {"op": "Jump". "target": 31}')
+504: guard_nonnull(p39, descr=<Guard0x128427b20>) [p0, i1, i2, p3, p4, p5, p6, p7, p8, p9, p10, i11, p12]
+512: i40 = getfield_gc_i(p39, descr=<FieldS rpyeffect.stored_environment.Stack__arb_arb.inst_target 16 pure>)
+516: guard_value(i40, 35, descr=<Guard0x128427b60>) [p0, i1, i2, p3, p4, p5, p6, p7, p8, p9, p10, i11, p12]
debug_merge_point(0, 0, '31<main.rpyeffect:31(Name(resume2642))>+0: {"op": "PushStack". "arg": 0}')
+528: p42 = new_with_vtable(descr=<SizeDescr 40>)
+632: setfield_gc(p42, p26, descr=<FieldP rpyeffect.stack.MetaStackLike.inst_stack 8 pure>)
+636: setfield_gc(p42, p27, descr=<FieldP rpyeffect.stack.MetaStack.inst_label 16 pure>)
+640: setfield_gc(p42, p28, descr=<FieldP rpyeffect.stack.MetaStack.inst_tail 32 pure>)
+644: setfield_gc(p42, ConstPtr(null), descr=<FieldP rpyeffect.stack.MetaStack.inst_region 24 pure>)
+652: jump(p35, p39, p0, p12, p8, p42, 1, i11, 0, i2, p38, p4, p5, p6, p7, descr=TargetToken(4970187536))
+812: --end of the loop--
[909b88] jit-log-opt-bridge}
[9f71df] {jit-log-opt-bridge
# bridge out of Guard 0x1284266a0 with 107 ops
[p0, i1, i2, i3, i4, p5, p6, p7, p8, p9, p10, p11, p12, p13, p14]
+184: guard_not_invalidated(descr=<Guard0x1283f3048>) [p0, i1, i2, i3, i4, p5, p6, p7, p8, p9, p10, p11, p12, p13, p14]
+188: guard_nonnull_class(p5, 4344278760, descr=<Guard0x1283f30a0>) [p0, i1, i2, i3, i4, p5, p6, p7, p8, p9, p10, p11, p12, p13, p14]
+212: p16 = getfield_gc_r(p5, descr=<FieldP rpyeffect.stack.MetaStack.inst_region 24 pure>)
+216: guard_isnull(p16, descr=<Guard0x128427ca0>) [p0, i1, i2, i3, i4, p5, p6, p7, p8, p9, p10, p11, p12, p13, p14]
+224: p17 = getfield_gc_r(p5, descr=<FieldP rpyeffect.stack.MetaStackLike.inst_stack 8 pure>)
+228: p18 = getfield_gc_r(p5, descr=<FieldP rpyeffect.stack.MetaStack.inst_tail 32 pure>)
+232: guard_isnull(p18, descr=<Guard0x128427ce0>) [p0, i1, i2, i3, i4, p5, p6, p7, p8, p9, p10, p11, p12, p13, p14]
+240: p19 = getfield_gc_r(p5, descr=<FieldP rpyeffect.stack.MetaStack.inst_label 16 pure>)
+244: guard_nonnull(p17, descr=<Guard0x128427d20>) [p0, i1, i2, i3, i4, p5, p6, p7, p8, p9, p10, p11, p12, p13, p14]
+252: i20 = getfield_gc_i(p17, descr=<FieldS rpyeffect.stored_environment.Stack__arb_arb.inst_target 16 pure>)
+256: guard_value(i20, 62, descr=<Guard0x128427d60>) [p0, i1, i2, i3, i4, p5, p6, p7, p8, p9, p10, p11, p12, p13, p14]
debug_merge_point(0, 0, '31<main.rpyeffect:31(Name(resume2642))>+1: {"op": "Return". "args": {"num": [0]. "ptr": []}}')
+268: i22 = getfield_gc_i(p17, descr=<FieldS rpyeffect.stored_environment.Stack__3_1.inst_values_num_0 40 pure>)
+272: i23 = getfield_gc_i(p17, descr=<FieldS rpyeffect.stored_environment.Stack__3_1.inst_values_num_1 48 pure>)
+276: i24 = getfield_gc_i(p17, descr=<FieldS rpyeffect.stored_environment.Stack__3_1.inst_values_num_2 56 pure>)
+280: p25 = getfield_gc_r(p17, descr=<FieldP rpyeffect.stored_environment.Stack__3_1.inst_values_ptr_0 64 pure>)
+284: p26 = getfield_gc_r(p17, descr=<FieldP rpyeffect.stored_environment.Stack__arb_arb.inst_tail 8 pure>)
debug_merge_point(0, 0, '62<main.rpyeffect:62([k@[then#45]#47])>+0: {"op": "Swap". "type": "num". "a": 3. "b". 0}')
debug_merge_point(0, 0, '62<main.rpyeffect:62([k@[then#45]#47])>+1: {"op": "Swap". "type": "num". "a": 2. "b". 0}')
debug_merge_point(0, 0, '62<main.rpyeffect:62([k@[then#45]#47])>+2: {"op": "IfZero". "cond": 3. "then": {"tag": null. "target": 34. "args": {"num": []. "ptr": []}}}')
+288: i27 = int_is_zero(i1)
guard_false(i27, descr=<Guard0x128427da0>) [p0, i1, i2, i3, i4, p5, p6, p7, p8, p9, p10, p11, p12, p13, p14]
debug_merge_point(0, 0, '62<main.rpyeffect:62([k@[then#45]#47])>+3: {"op": "PrimOp". "name": "freshlabel". "out": {"num": []. "ptr": [1]}. "in": {"num": []. "ptr": []}}')
debug_merge_point(0, 0, '62<main.rpyeffect:62([k@[then#45]#47])>+4: {"op": "NewStack". "out": 2. "target": 35. "region": 3. "args": {"num": []. "ptr": []}. "label": 1}')
debug_merge_point(0, 0, '62<main.rpyeffect:62([k@[then#45]#47])>+5: {"op": "PushStack". "arg": 2}')
debug_merge_point(0, 0, '62<main.rpyeffect:62([k@[then#45]#47])>+6: {"op": "New". "out": 0. "targets": [41. 47. 53. 59]. "args": {"num": [0]. "ptr": [0. 1]}}')
debug_merge_point(0, 0, '62<main.rpyeffect:62([k@[then#45]#47])>+7: {"op": "Const". "type": "num". "out": 3. "value": 1}')
debug_merge_point(0, 0, '62<main.rpyeffect:62([k@[then#45]#47])>+8: {"op": "Push". "target": 61. "args": {"num": [1. 0. 2]. "ptr": [0]}}')
debug_merge_point(0, 0, '62<main.rpyeffect:62([k@[then#45]#47])>+9: {"op": "Copy". "type": "num". "from": 3. "to". 1}')
debug_merge_point(0, 0, '62<main.rpyeffect:62([k@[then#45]#47])>+10: {"op": "Jump". "target": 6}')
debug_merge_point(0, 0, '6<main.rpyeffect:6(Name(infixAdd95))>+0: {"op": "PrimOp". "name": "infixAdd(Int. Int): Int". "out": {"num": [0]. "ptr": []}. "in": {"num": [0. 1]. "ptr": []}}')
+296: i29 = int_add(i23, 1)
debug_merge_point(0, 0, '6<main.rpyeffect:6(Name(infixAdd95))>+1: {"op": "Return". "args": {"num": [0]. "ptr": []}}')
debug_merge_point(0, 0, '61<main.rpyeffect:61([k@[k@[then#45]#47]#138])>+0: {"op": "Push". "target": 60. "args": {"num": [3. 0]. "ptr": [0]}}')
debug_merge_point(0, 0, '61<main.rpyeffect:61([k@[k@[then#45]#47]#138])>+1: {"op": "Copy". "type": "num". "from": 1. "to". 0}')
debug_merge_point(0, 0, '61<main.rpyeffect:61([k@[k@[then#45]#47]#138])>+2: {"op": "Copy". "type": "num". "from": 2. "to". 1}')
debug_merge_point(0, 0, '61<main.rpyeffect:61([k@[k@[then#45]#47]#138])>+3: {"op": "Jump". "target": 6}')
debug_merge_point(0, 0, '6<main.rpyeffect:6(Name(infixAdd95))>+0: {"op": "PrimOp". "name": "infixAdd(Int. Int): Int". "out": {"num": [0]. "ptr": []}. "in": {"num": [0. 1]. "ptr": []}}')
+300: i30 = int_add(i22, i23)
debug_merge_point(0, 0, '6<main.rpyeffect:6(Name(infixAdd95))>+1: {"op": "Return". "args": {"num": [0]. "ptr": []}}')
debug_merge_point(0, 0, '60<main.rpyeffect:60([k@[k@[k@[then#45]#47]#138]#141])>+0: {"op": "Swap". "type": "num". "a": 2. "b". 0}')
debug_merge_point(0, 0, '60<main.rpyeffect:60([k@[k@[k@[then#45]#47]#138]#141])>+1: {"op": "Jump". "target": 65}')
debug_merge_point(0, 0, '65<main.rpyeffect:65(Name(primes2635))>+0: {"op": "Push". "target": 64. "args": {"num": [2. 0. 1]. "ptr": [0]}}')
debug_merge_point(0, 0, '65<main.rpyeffect:65(Name(primes2635))>+1: {"op": "Jump". "target": 11}')
debug_merge_point(0, 0, '11<main.rpyeffect:11(Name(infixGte177))>+0: {"op": "PrimOp". "name": "infixGte(Int. Int): Boolean". "out": {"num": [0]. "ptr": []}. "in": {"num": [0. 1]. "ptr": []}}')
+304: i31 = int_ge(i29, i24)
guard_false(i31, descr=<Guard0x128427de0>) [p0, i1, i2, i3, i4, p5, p6, p7, p8, p9, p10, p11, p12, p13, p14]
debug_merge_point(0, 0, '11<main.rpyeffect:11(Name(infixGte177))>+1: {"op": "Return". "args": {"num": [0]. "ptr": []}}')
debug_merge_point(0, 0, '64<main.rpyeffect:64([k@Name(primes2635)#43])>+0: {"op": "Swap". "type": "num". "a": 2. "b". 0}')
debug_merge_point(0, 0, '64<main.rpyeffect:64([k@Name(primes2635)#43])>+1: {"op": "IfZero". "cond": 2. "then": {"tag": null. "target": 63. "args": {"num": []. "ptr": []}}}')
debug_merge_point(0, 0, '63<main.rpyeffect:63([then#45])>+0: {"op": "Push". "target": 62. "args": {"num": [1. 0. 3]. "ptr": [0]}}')
debug_merge_point(0, 0, '63<main.rpyeffect:63([then#45])>+1: {"op": "Jump". "target": 30}')
debug_merge_point(0, 0, '30<main.rpyeffect:30([mcore:[#24]#40])>+0: {"op": "Invoke". "receiver": 0. "tag": Interned(%Prime2640(n):n). "args" : {"num": [0]. "ptr": []}}')
debug_merge_point(0, 0, '41<main.rpyeffect:41([method_%Prime2640(n):n@[k@[then#45]#47]#58])>+0: {"op": "Const". "type": "num". "out": 2. "value": 0}')
debug_merge_point(0, 0, '41<main.rpyeffect:41([method_%Prime2640(n):n@[k@[then#45]#47]#58])>+1: {"op": "ShiftDyn". "out": 1. "n": 2. "label": 1}')
+312: guard_nonnull(p26, descr=<Guard0x128427e20>) [p0, i1, i2, i3, i4, p5, p6, p7, p8, p9, p10, p11, p12, p13, p14]
+320: i32 = getfield_gc_i(p26, descr=<FieldS rpyeffect.stored_environment.Stack__arb_arb.inst_target 16 pure>)
+324: guard_value(i32, 35, descr=<Guard0x128427e60>) [p0, i1, i2, i3, i4, p5, p6, p7, p8, p9, p10, p11, p12, p13, p14]
debug_merge_point(0, 0, '41<main.rpyeffect:41([method_%Prime2640(n):n@[k@[then#45]#47]#58])>+2: {"op": "Push". "target": 40. "args": {"num": [0]. "ptr": [0. 1]}}')
debug_merge_point(0, 0, '41<main.rpyeffect:41([method_%Prime2640(n):n@[k@[then#45]#47]#58])>+3: {"op": "Jump". "target": 9}')
+336: p34 = new_with_vtable(descr=<SizeDescr 64>)
+440: p35 = new_with_vtable(descr=<SizeDescr 40>)
+452: p36 = new_with_vtable(descr=<SizeDescr 72>)
+464: p37 = new_with_vtable(descr=<SizeDescr 40>)
+476: setfield_gc(p37, ConstPtr(null), descr=<FieldP rpyeffect.stored_environment.Stack__arb_arb.inst_tail 8 pure>)
+484: setfield_gc(p37, 35, descr=<FieldS rpyeffect.stored_environment.Stack__arb_arb.inst_target 16 pure>)
+492: setfield_gc(p36, p37, descr=<FieldP rpyeffect.stored_environment.Stack__arb_arb.inst_tail 8 pure>)
+496: setfield_gc(p36, 62, descr=<FieldS rpyeffect.stored_environment.Stack__arb_arb.inst_target 16 pure>)
+504: setfield_gc(p36, i30, descr=<FieldS rpyeffect.stored_environment.Stack__3_1.inst_values_num_0 40 pure>)
+508: setfield_gc(p36, i29, descr=<FieldS rpyeffect.stored_environment.Stack__3_1.inst_values_num_1 48 pure>)
+512: setfield_gc(p36, i24, descr=<FieldS rpyeffect.stored_environment.Stack__3_1.inst_values_num_2 56 pure>)
+516: p41 = new_with_vtable(descr=<SizeDescr 56>)
+532: setfield_gc(p41, ConstPtr(ptr42), descr=<FieldP rpyeffect.stored_environment.CoData__arb_arb.inst_vtable 24 pure>)
+536: setfield_gc(p41, i23, descr=<FieldS rpyeffect.stored_environment.CoData__1_2.inst_values_num_0 32 pure>)
+540: setfield_gc(p41, p25, descr=<FieldP rpyeffect.stored_environment.CoData__1_2.inst_values_ptr_0 40 pure>)
+544: p43 = new_with_vtable(descr=<SizeDescr 16>)
+556: setfield_gc(p43, 63491, descr=<FieldS rpyeffect.stack.Label.inst_origin 8 pure>)
+564: setfield_gc(p41, p43, descr=<FieldP rpyeffect.stored_environment.CoData__1_2.inst_values_ptr_1 48 pure>)
+568: setfield_gc(p36, p41, descr=<FieldP rpyeffect.stored_environment.Stack__3_1.inst_values_ptr_0 64 pure>)
+572: setfield_gc(p35, p36, descr=<FieldP rpyeffect.stack.MetaStackLike.inst_stack 8 pure>)
+576: setfield_gc(p35, p43, descr=<FieldP rpyeffect.stack.MetaStack.inst_label 16 pure>)
+580: setfield_gc(p35, ConstPtr(null), descr=<FieldP rpyeffect.stack.MetaStack.inst_region 24 pure>)
+588: setfield_gc(p35, ConstPtr(null), descr=<FieldP rpyeffect.stack.MetaStack.inst_tail 32 pure>)
+596: p47 = new_with_vtable(descr=<SizeDescr 40>)
+608: p48 = new_with_vtable(descr=<SizeDescr 40>)
+620: setfield_gc(p48, p14, descr=<FieldP rpyeffect.stack.MetaStackLike.inst_stack 8 pure>)
+628: setfield_gc(p48, p13, descr=<FieldP rpyeffect.stack.MetaStack.inst_label 16 pure>)
+636: setfield_gc(p48, ConstPtr(null), descr=<FieldP rpyeffect.stack.MetaStack.inst_region 24 pure>)
+644: setfield_gc(p48, p12, descr=<FieldP rpyeffect.stack.MetaStack.inst_tail 32 pure>)
+652: p50 = new_with_vtable(descr=<SizeDescr 40>)
+664: setfield_gc(p47, p11, descr=<FieldP rpyeffect.stack.MetaStackLike.inst_stack 8 pure>)
+672: setfield_gc(p47, p10, descr=<FieldP rpyeffect.stack.MetaStack.inst_label 16 pure>)
+680: p51 = new_with_vtable(descr=<SizeDescr 24>)
+700: setfield_gc(p51, ConstPtr(ptr52), descr=<FieldP rpyeffect.region.Region.inst_boxes 8 pure>)
+708: setfield_gc(p51, ConstPtr(ptr53), descr=<FieldP rpyeffect.region.Region.inst_refs 16>)
+712: setfield_gc(p47, ConstPtr(null), descr=<FieldP rpyeffect.stack.MetaStack.inst_region 24 pure>)
+720: setfield_gc(p47, p48, descr=<FieldP rpyeffect.stack.MetaStack.inst_tail 32 pure>)
+724: setfield_gc(p50, p51, descr=<FieldP rpyeffect.stack.MetaStack.inst_region 24 pure>)
+728: setfield_gc(p50, p37, descr=<FieldP rpyeffect.stack.MetaStackLike.inst_stack 8 pure>)
+732: setfield_gc(p50, ConstPtr(null), descr=<FieldP rpyeffect.stack.MetaStack.inst_tail 32 pure>)
+740: setfield_gc(p50, p43, descr=<FieldP rpyeffect.stack.MetaStack.inst_label 16 pure>)
+744: setfield_gc(p34, 40, descr=<FieldS rpyeffect.stored_environment.Stack__arb_arb.inst_target 16 pure>)
+752: setfield_gc(p34, p26, descr=<FieldP rpyeffect.stored_environment.Stack__arb_arb.inst_tail 8 pure>)
+756: setfield_gc(p34, i29, descr=<FieldS rpyeffect.stored_environment.Stack__1_2.inst_values_num_0 40 pure>)
+760: setfield_gc(p34, p25, descr=<FieldP rpyeffect.stored_environment.Stack__1_2.inst_values_ptr_0 48 pure>)
+764: setfield_gc(p34, p35, descr=<FieldP rpyeffect.stored_environment.Stack__1_2.inst_values_ptr_1 56 pure>)
+832: jump(p19, p34, p0, p47, ConstPtr(null), i29, i23, 0, i24, p25, p35, p50, p51, p9, descr=TargetToken(4970187296))
+972: --end of the loop--
[a068f1] jit-log-opt-bridge}
[b81b07c8] {jit-log-opt-loop
# Loop 10 (35<main.rpyeffect:35([return_clause@[k@[then#45]#47]#56])>+0: {"op": "Return", "args": {"num": [0], "ptr": []}}) : loop with 39 ops
[p0, p1, p2, p3, p4]
+248: p5 = getfield_gc_r(p2, descr=<FieldP rpyeffect.environment.Environment.inst_values_num 16>)
+256: i7 = getarrayitem_gc_i(p5, 0, descr=<ArrayS 8>)
+260: i9 = getarrayitem_gc_i(p5, 1, descr=<ArrayS 8>)
+264: i11 = getarrayitem_gc_i(p5, 2, descr=<ArrayS 8>)
+268: i13 = getarrayitem_gc_i(p5, 3, descr=<ArrayS 8>)
+272: p14 = getfield_gc_r(p2, descr=<FieldP rpyeffect.environment.Environment.inst_values_ptr 24>)
+276: p16 = getarrayitem_gc_r(p14, 0, descr=<ArrayP 8>)
+280: p18 = getarrayitem_gc_r(p14, 1, descr=<ArrayP 8>)
+284: p20 = getarrayitem_gc_r(p14, 2, descr=<ArrayP 8>)
+288: p22 = getarrayitem_gc_r(p14, 3, descr=<ArrayP 8>)
+292: p24 = getarrayitem_gc_r(p14, 4, descr=<ArrayP 8>)
+296: label(p0, p1, p2, p3, p4, i7, i9, i11, i13, p16, p18, p20, p22, p24, descr=TargetToken(4970186336))
debug_merge_point(0, 0, '35<main.rpyeffect:35([return_clause@[k@[then#45]#47]#56])>+0: {"op": "Return". "args": {"num": [0]. "ptr": []}}')
+332: guard_not_invalidated(descr=<Guard0x1283f25a0>) [p2, i7, i9, i11, i13, p16, p18, p20, p22, p24, p0, p1, p3, p4]
+336: guard_isnull(p1, descr=<Guard0x1284263a0>) [p2, i7, i9, i11, i13, p16, p18, p20, p22, p24, p0, p1, p3, p4]
+348: guard_nonnull_class(p3, 4344278760, descr=<Guard0x1283f25f8>) [p2, i7, i9, i11, i13, p16, p18, p20, p22, p24, p0, p1, p3, p4]
+376: p26 = getfield_gc_r(p3, descr=<FieldP rpyeffect.stack.MetaStackLike.inst_stack 8 pure>)
+380: p27 = getfield_gc_r(p3, descr=<FieldP rpyeffect.stack.MetaStack.inst_label 16 pure>)
+384: p28 = getfield_gc_r(p3, descr=<FieldP rpyeffect.stack.MetaStack.inst_tail 32 pure>)
+388: guard_nonnull_class(p26, ConstClass(Stack__0_0), descr=<Guard0x1283f2de0>) [p2, i7, i9, i11, i13, p16, p18, p20, p22, p24, p0, p1, p3, p4]
+412: i30 = getfield_gc_i(p26, descr=<FieldS rpyeffect.stored_environment.Stack__arb_arb.inst_target 16 pure>)
+416: guard_value(i30, 35, descr=<Guard0x1284263e0>) [p2, i7, i9, i11, i13, p16, p18, p20, p22, p24, p0, p1, p3, p4]
+428: p32 = getfield_gc_r(p26, descr=<FieldP rpyeffect.stored_environment.Stack__arb_arb.inst_tail 8 pure>)
+432: guard_isnull(p32, descr=<Guard0x128426420>) [p2, i7, i9, i11, i13, p16, p18, p20, p22, p24, p0, p1, p3, p4]
debug_merge_point(0, 0, '35<main.rpyeffect:35([return_clause@[k@[then#45]#47]#56])>+0: {"op": "Return". "args": {"num": [0]. "ptr": []}}')
+440: label(p27, p2, p28, i7, i9, i11, i13, p16, p18, p20, p22, p24, descr=TargetToken(4970186416))
debug_merge_point(0, 0, '35<main.rpyeffect:35([return_clause@[k@[then#45]#47]#56])>+0: {"op": "Return". "args": {"num": [0]. "ptr": []}}')
+444: guard_not_invalidated(descr=<Guard0x1283f2e90>) [p2, i7, i9, i11, i13, p16, p18, p20, p22, p24, p27, p28]
+448: guard_nonnull_class(p28, 4344278760, descr=<Guard0x1283f30f8>) [p2, i7, i9, i11, i13, p16, p18, p20, p22, p24, p27, p28]
+472: p34 = getfield_gc_r(p28, descr=<FieldP rpyeffect.stack.MetaStackLike.inst_stack 8 pure>)
+476: p35 = getfield_gc_r(p28, descr=<FieldP rpyeffect.stack.MetaStack.inst_label 16 pure>)
+480: p36 = getfield_gc_r(p28, descr=<FieldP rpyeffect.stack.MetaStack.inst_tail 32 pure>)
+484: guard_nonnull_class(p34, ConstClass(Stack__0_0), descr=<Guard0x1283f3150>) [p2, i7, i9, i11, i13, p16, p18, p20, p22, p24, p27, p28]
+508: i38 = getfield_gc_i(p34, descr=<FieldS rpyeffect.stored_environment.Stack__arb_arb.inst_target 16 pure>)
+512: guard_value(i38, 35, descr=<Guard0x128426460>) [p2, i7, i9, i11, i13, p16, p18, p20, p22, p24, p27, p28]
+524: p40 = getfield_gc_r(p34, descr=<FieldP rpyeffect.stored_environment.Stack__arb_arb.inst_tail 8 pure>)
+528: guard_isnull(p40, descr=<Guard0x128426560>) [p2, i7, i9, i11, i13, p16, p18, p20, p22, p24, p27, p28]
debug_merge_point(0, 0, '35<main.rpyeffect:35([return_clause@[k@[then#45]#47]#56])>+0: {"op": "Return". "args": {"num": [0]. "ptr": []}}')
+536: jump(p35, p2, p36, i7, i9, i11, i13, p16, p18, p20, p22, p24, descr=TargetToken(4970186416))
+548: --end of the loop--
[b81c861b] jit-log-opt-loop}
[b81d0a98] {jit-summary
Tracing:      	10	0.002456
Backend:      	10	0.000998
TOTAL:      		3.098658
ops:             	6498
heapcached ops:  	1007
recorded ops:    	1330
  calls:         	206
guards:          	315
opt ops:         	631
opt guards:      	160
opt guards shared:	129
forcings:        	0
abort: trace too long:	0
abort: compiling:	0
abort: vable escape:	0
abort: bad loop: 	0
abort: force quasi-immut:	0
abort: segmenting trace:	0
virtualizables forced:	0
nvirtuals:       	17
nvholes:         	0
nvreused:        	2
vecopt tried:    	0
vecopt success:  	0
Total # of loops:	5
Total # of bridges:	5
Freed # of loops:	0
Freed # of bridges:	0
[b81d312b] jit-summary}
