[7bb9bc9] {jit-log-opt-loop
# Loop 1 (5098<main.rpyeffect:91([mcore:[#200]#182])>+4: {"op": "Jump", "target": 5066}) : loop with 439 ops
[p0, p1, p2, p3, p4]
+392: p5 = getfield_gc_r(p2, descr=<FieldP rpyeffect.environment.Environment.inst_values_num 16>)
+400: i7 = getarrayitem_gc_i(p5, 0, descr=<ArrayS 8>)
+404: i9 = getarrayitem_gc_i(p5, 1, descr=<ArrayS 8>)
+408: i11 = getarrayitem_gc_i(p5, 2, descr=<ArrayS 8>)
+412: i13 = getarrayitem_gc_i(p5, 3, descr=<ArrayS 8>)
+416: i15 = getarrayitem_gc_i(p5, 4, descr=<ArrayS 8>)
+420: i17 = getarrayitem_gc_i(p5, 5, descr=<ArrayS 8>)
+424: i19 = getarrayitem_gc_i(p5, 6, descr=<ArrayS 8>)
+428: i21 = getarrayitem_gc_i(p5, 7, descr=<ArrayS 8>)
+432: i23 = getarrayitem_gc_i(p5, 8, descr=<ArrayS 8>)
+436: i25 = getarrayitem_gc_i(p5, 9, descr=<ArrayS 8>)
+440: i27 = getarrayitem_gc_i(p5, 10, descr=<ArrayS 8>)
+444: i29 = getarrayitem_gc_i(p5, 11, descr=<ArrayS 8>)
+448: i31 = getarrayitem_gc_i(p5, 12, descr=<ArrayS 8>)
+452: i33 = getarrayitem_gc_i(p5, 13, descr=<ArrayS 8>)
+456: i35 = getarrayitem_gc_i(p5, 14, descr=<ArrayS 8>)
+464: i37 = getarrayitem_gc_i(p5, 15, descr=<ArrayS 8>)
+468: p38 = getfield_gc_r(p2, descr=<FieldP rpyeffect.environment.Environment.inst_values_ptr 24>)
+472: p40 = getarrayitem_gc_r(p38, 0, descr=<ArrayP 8>)
+480: p42 = getarrayitem_gc_r(p38, 1, descr=<ArrayP 8>)
+488: p44 = getarrayitem_gc_r(p38, 2, descr=<ArrayP 8>)
+496: p46 = getarrayitem_gc_r(p38, 3, descr=<ArrayP 8>)
+504: p48 = getarrayitem_gc_r(p38, 4, descr=<ArrayP 8>)
+512: p50 = getarrayitem_gc_r(p38, 5, descr=<ArrayP 8>)
+520: p52 = getarrayitem_gc_r(p38, 6, descr=<ArrayP 8>)
+528: p54 = getarrayitem_gc_r(p38, 7, descr=<ArrayP 8>)
+536: p56 = getarrayitem_gc_r(p38, 8, descr=<ArrayP 8>)
+544: p58 = getarrayitem_gc_r(p38, 9, descr=<ArrayP 8>)
+552: p60 = getarrayitem_gc_r(p38, 10, descr=<ArrayP 8>)
+560: p62 = getarrayitem_gc_r(p38, 11, descr=<ArrayP 8>)
+568: p64 = getarrayitem_gc_r(p38, 12, descr=<ArrayP 8>)
+576: p66 = getarrayitem_gc_r(p38, 13, descr=<ArrayP 8>)
+584: p68 = getarrayitem_gc_r(p38, 14, descr=<ArrayP 8>)
+592: p70 = getarrayitem_gc_r(p38, 15, descr=<ArrayP 8>)
+596: label(p0, p1, p2, p3, p4, i7, i9, i11, i13, i15, i17, i19, i21, i23, i25, i27, i29, i31, i33, i35, i37, p40, p42, p44, p46, p48, p50, p52, p54, p56, p58, p60, p62, p64, p66, p68, p70, descr=TargetToken(4433661568))
debug_merge_point(0, 0, '5098<main.rpyeffect:91([mcore:[#200]#182])>+4: {"op": "Jump". "target": 5066}')
+660: guard_not_invalidated(descr=<Guard0x108471620>) [p2, i7, i9, i11, i13, i15, i17, i19, i21, i23, i25, i27, i29, i31, i33, i35, i37, p40, p42, p44, p46, p48, p50, p52, p54, p56, p58, p60, p62, p64, p66, p68, p70, p0, p1, p3, p4]
+664: guard_nonnull(p1, descr=<Guard0x1084746a0>) [p2, i7, i9, i11, i13, i15, i17, i19, i21, i23, i25, i27, i29, i31, i33, i35, i37, p40, p42, p44, p46, p48, p50, p52, p54, p56, p58, p60, p62, p64, p66, p68, p70, p0, p1, p3, p4]
+676: i71 = getfield_gc_i(p1, descr=<FieldS rpyeffect.stored_environment.Stack__arb_arb.inst_target 16 pure>)
+684: guard_value(i71, 5097, descr=<Guard0x1084746e0>) [p2, i7, i9, i11, i13, i15, i17, i19, i21, i23, i25, i27, i29, i31, i33, i35, i37, p40, p42, p44, p46, p48, p50, p52, p54, p56, p58, p60, p62, p64, p66, p68, p70, p0, p1, p3, p4]
debug_merge_point(0, 0, '5066<main.rpyeffect:59([mcore:[#176]#168])>+0: {"op": "Const". "type": "ptr". "out": 0. "format": "string". "value": "Name(import$std/core/hnd)"}')
debug_merge_point(0, 0, '5066<main.rpyeffect:59([mcore:[#176]#168])>+1: {"op": "PrimOp". "name": "getGlobal(String): Ptr". "out": {"num": []. "ptr": [0]}. "in": {"num": []. "ptr": [0]}}')
debug_merge_point(0, 0, '5066<main.rpyeffect:59([mcore:[#176]#168])>+2: {"op": "CallLib". "lib": "0". "symbol": "getCurrentEvv"}')
debug_merge_point(0, 0, '301<std_core_hnd.rpyeffect:0(Name(getCurrentEvv))>+0: {"op": "Const". "type": "ptr". "out": 0. "format": "string". "value": "current-evv"}')
debug_merge_point(0, 0, '301<std_core_hnd.rpyeffect:0(Name(getCurrentEvv))>+1: {"op": "PrimOp". "name": "getGlobal(String): Ptr". "out": {"num": []. "ptr": [0]}. "in": {"num": []. "ptr": [0]}}')
debug_merge_point(0, 0, '301<std_core_hnd.rpyeffect:0(Name(getCurrentEvv))>+2: {"op": "PrimOp". "name": "getRef(Ref[Ptr]): Ptr". "out": {"num": []. "ptr": [0]}. "in": {"num": []. "ptr": [0]}}')
+700: p74 = getfield_gc_r(ConstPtr(ptr73), descr=<FieldP rpyeffect.region.PtrRef.inst_value 8>)
debug_merge_point(0, 0, '301<std_core_hnd.rpyeffect:0(Name(getCurrentEvv))>+3: {"op": "Return". "args": {"num": []. "ptr": [0]}}')
+704: i75 = getfield_gc_i(p1, descr=<FieldS rpyeffect.stored_environment.Stack__1_0.inst_values_num_0 40 pure>)
+708: p76 = getfield_gc_r(p1, descr=<FieldP rpyeffect.stored_environment.Stack__arb_arb.inst_tail 8 pure>)
debug_merge_point(0, 0, '5097<main.rpyeffect:90([k@[mcore:[#200]#182]#188])>+0: {"op": "PrimOp". "name": "promote_ptr". "out": {"num": []. "ptr": [0]}. "in": {"num": []. "ptr": [0]}}')
+716: i78 = ptr_eq(ConstPtr(ptr77), p74)
guard_true(i78, descr=<Guard0x108474e60>) [p2, i7, i9, i11, i13, i15, i17, i19, i21, i23, i25, i27, i29, i31, i33, i35, i37, p40, p42, p44, p46, p48, p50, p52, p54, p56, p58, p60, p62, p64, p66, p68, p70, p0, p1, p3, p4]
+724: guard_value(p74, ConstPtr(ptr79), descr=<Guard0x108474e20>) [p2, i7, i9, i11, i13, i15, i17, i19, i21, i23, i25, i27, i29, i31, i33, i35, i37, p40, p42, p44, p46, p48, p50, p52, p54, p56, p58, p60, p62, p64, p66, p68, p70, p0, p1, p3, p4]
debug_merge_point(0, 0, '5097<main.rpyeffect:90([k@[mcore:[#200]#182]#188])>+1: {"op": "Const". "type": "ptr". "out": 1. "format": "string". "value": "Name(import$std/core/hnd)"}')
debug_merge_point(0, 0, '5097<main.rpyeffect:90([k@[mcore:[#200]#182]#188])>+2: {"op": "PrimOp". "name": "getGlobal(String): Ptr". "out": {"num": []. "ptr": [1]}. "in": {"num": []. "ptr": [1]}}')
debug_merge_point(0, 0, '5097<main.rpyeffect:90([k@[mcore:[#200]#182]#188])>+3: {"op": "Push". "target": 5096. "args": {"num": []. "ptr": []}}')
debug_merge_point(0, 0, '5097<main.rpyeffect:90([k@[mcore:[#200]#182]#188])>+4: {"op": "Jump". "target": 5065}')
debug_merge_point(0, 0, '5065<main.rpyeffect:58([mcore:[#175]#162])>+0: {"op": "Const". "type": "ptr". "out": 1. "format": "string". "value": "Name(import$std/core/hnd)"}')
debug_merge_point(0, 0, '5065<main.rpyeffect:58([mcore:[#175]#162])>+1: {"op": "PrimOp". "name": "getGlobal(String): Ptr". "out": {"num": []. "ptr": [1]}. "in": {"num": []. "ptr": [1]}}')
debug_merge_point(0, 0, '5065<main.rpyeffect:58([mcore:[#175]#162])>+2: {"op": "CallLib". "lib": "1". "symbol": "elt"}')
debug_merge_point(0, 0, '341<std_core_hnd.rpyeffect:40(Name(elt))>+0: {"op": "Switch". "scrutinee": 0. "values": [0]. "targets": [339]. "default": 340}')
+732: i81 = int_eq(i75, 0)
guard_true(i81, descr=<Guard0x108474de0>) [p2, i7, i9, i11, i13, i15, i17, i19, i21, i23, i25, i27, i29, i31, i33, i35, i37, p40, p42, p44, p46, p48, p50, p52, p54, p56, p58, p60, p62, p64, p66, p68, p70, p0, p1, p3, p4]
debug_merge_point(0, 0, '339<std_core_hnd.rpyeffect:38([switch case for 0#109])>+0: {"op": "Proj". "out": 0. "type": Interned(evv). "scrutinee": 0. "tag": Interned(cons). "field": 0. "field_type": "ptr"}')
+740: p83 = getfield_gc_r(ConstPtr(ptr82), descr=<FieldP rpyeffect.stored_environment.Data__arb_arb.inst_tag 8>)
+748: guard_value(p83, ConstPtr(ptr84), descr=<Guard0x108474da0>) [p2, i7, i9, i11, i13, i15, i17, i19, i21, i23, i25, i27, i29, i31, i33, i35, i37, p40, p42, p44, p46, p48, p50, p52, p54, p56, p58, p60, p62, p64, p66, p68, p70, p0, p1, p3, p4]
debug_merge_point(0, 0, '339<std_core_hnd.rpyeffect:38([switch case for 0#109])>+1: {"op": "Return". "args": {"num": []. "ptr": [0]}}')
debug_merge_point(0, 0, '5096<main.rpyeffect:89([k@[k@[mcore:[#200]#182]#188]#196])>+0: {"op": "Push". "target": 5086. "args": {"num": []. "ptr": []}}')
debug_merge_point(0, 0, '5096<main.rpyeffect:89([k@[k@[mcore:[#200]#182]#188]#196])>+1: {"op": "Match". "type": Interned(std/core/hnd/ev). "scrutinee": 0. "clauses": [{"tag": Interned(std/core/hnd/Ev). "target": 5095. "args": {"num": []. "ptr": [1. 2. 3. 4]}}]. "default": {"tag": Interned(204ef948-70f4-4b5a-871e-a771cd57dae6#[Missing Tag#1044]). "target": 5087. "args": {"num": []. "ptr": []}}}')
+760: p86 = getfield_gc_r(ConstPtr(ptr85), descr=<FieldP rpyeffect.stored_environment.Data__arb_arb.inst_tag 8>)
+768: guard_value(p86, ConstPtr(ptr87), descr=<Guard0x108474d60>) [p2, i7, i9, i11, i13, i15, i17, i19, i21, i23, i25, i27, i29, i31, i33, i35, i37, p40, p42, p44, p46, p48, p50, p52, p54, p56, p58, p60, p62, p64, p66, p68, p70, p0, p1, p3, p4]
debug_merge_point(0, 0, '5095<main.rpyeffect:88([#256])>+0: {"op": "Copy". "type": "ptr". "from": 0. "to". 1}')
debug_merge_point(0, 0, '5095<main.rpyeffect:88([#256])>+1: {"op": "Copy". "type": "ptr". "from": 2. "to". 0}')
debug_merge_point(0, 0, '5095<main.rpyeffect:88([#256])>+2: {"op": "Match". "type": Interned(main/state). "scrutinee": 3. "clauses": [{"tag": Interned(main/@Hnd-state). "target": 5094. "args": {"num": [0]. "ptr": [2. 3]}}]. "default": {"tag": Interned(204ef948-70f4-4b5a-871e-a771cd57dae6#[Missing Tag#1043]). "target": 5089. "args": {"num": []. "ptr": []}}}')
+780: p89 = getfield_gc_r(ConstPtr(ptr88), descr=<FieldP rpyeffect.stored_environment.Data__arb_arb.inst_tag 8>)
+788: guard_value(p89, ConstPtr(ptr90), descr=<Guard0x108474d20>) [p2, i7, i9, i11, i13, i15, i17, i19, i21, i23, i25, i27, i29, i31, i33, i35, i37, p40, p42, p44, p46, p48, p50, p52, p54, p56, p58, p60, p62, p64, p66, p68, p70, p0, p1, p3, p4]
debug_merge_point(0, 0, '5094<main.rpyeffect:87([match_main/@Hnd-state@[#256]#263])>+0: {"op": "Match". "type": Interned(std/core/hnd/clause0). "scrutinee": 2. "clauses": [{"tag": Interned(std/core/hnd/Clause0). "target": 5093. "args": {"num": []. "ptr": [2]}}]. "default": {"tag": Interned(204ef948-70f4-4b5a-871e-a771cd57dae6#[Missing Tag#1042]). "target": 5091. "args": {"num": []. "ptr": []}}}')
+800: p92 = getfield_gc_r(ConstPtr(ptr91), descr=<FieldP rpyeffect.stored_environment.Data__arb_arb.inst_tag 8>)
+808: guard_value(p92, ConstPtr(ptr93), descr=<Guard0x108474ce0>) [p2, i7, i9, i11, i13, i15, i17, i19, i21, i23, i25, i27, i29, i31, i33, i35, i37, p40, p42, p44, p46, p48, p50, p52, p54, p56, p58, p60, p62, p64, p66, p68, p70, p0, p1, p3, p4]
debug_merge_point(0, 0, '5093<main.rpyeffect:86([#270])>+0: {"op": "Push". "target": 5092. "args": {"num": []. "ptr": []}}')
debug_merge_point(0, 0, '5093<main.rpyeffect:86([#270])>+1: {"op": "Invoke". "receiver": 2. "tag": Interned(%apply(pp):p). "args" : {"num": []. "ptr": [0. 1]}}')
debug_merge_point(0, 0, '1497<std_core_hnd.rpyeffect:1196([#3710])>+0: {"op": "Const". "type": "ptr". "out": 3. "format": "string". "value": "Name(import$std/core/hnd)"}')
debug_merge_point(0, 0, '1497<std_core_hnd.rpyeffect:1196([#3710])>+1: {"op": "PrimOp". "name": "getGlobal(String): Ptr". "out": {"num": []. "ptr": [3]}. "in": {"num": []. "ptr": [3]}}')
debug_merge_point(0, 0, '1497<std_core_hnd.rpyeffect:1196([#3710])>+2: {"op": "Swap". "type": "ptr". "a": 3. "b". 2}')
debug_merge_point(0, 0, '1497<std_core_hnd.rpyeffect:1196([#3710])>+3: {"op": "Jump". "target": 1495}')
debug_merge_point(0, 0, '1495<std_core_hnd.rpyeffect:1194([mcore:[#1229]#3641])>+0: {"op": "Push". "target": 1491. "args": {"num": []. "ptr": [1. 3]}}')
debug_merge_point(0, 0, '1495<std_core_hnd.rpyeffect:1194([mcore:[#1229]#3641])>+1: {"op": "Match". "type": Interned(std/core/hnd/ev). "scrutinee": 1. "clauses": [{"tag": Interned(std/core/hnd/Ev). "target": 1494. "args": {"num": []. "ptr": [0. 1. 2. 3]}}]. "default": {"tag": Interned(aa83e53e-94c9-465b-b7be-e7d5e8ae4953#[Missing Tag#4991]). "target": 1492. "args": {"num": []. "ptr": []}}}')
debug_merge_point(0, 0, '1494<std_core_hnd.rpyeffect:1193([#3698])>+0: {"op": "Const". "type": "ptr". "out": 0. "format": "string". "value": "Name(import$std/core/hnd)"}')
debug_merge_point(0, 0, '1494<std_core_hnd.rpyeffect:1193([#3698])>+1: {"op": "PrimOp". "name": "getGlobal(String): Ptr". "out": {"num": []. "ptr": [0]}. "in": {"num": []. "ptr": [0]}}')
debug_merge_point(0, 0, '1494<std_core_hnd.rpyeffect:1193([#3698])>+2: {"op": "Copy". "type": "ptr". "from": 0. "to". 1}')
debug_merge_point(0, 0, '1494<std_core_hnd.rpyeffect:1193([#3698])>+3: {"op": "Copy". "type": "ptr". "from": 3. "to". 0}')
debug_merge_point(0, 0, '1494<std_core_hnd.rpyeffect:1193([#3698])>+4: {"op": "Jump". "target": 1451}')
debug_merge_point(0, 0, '1451<std_core_hnd.rpyeffect:1150([mcore:[#1212]#3552])>+0: {"op": "Const". "type": "ptr". "out": 1. "format": "string". "value": "Name(import$std/core/hnd)"}')
debug_merge_point(0, 0, '1451<std_core_hnd.rpyeffect:1150([mcore:[#1212]#3552])>+1: {"op": "PrimOp". "name": "getGlobal(String): Ptr". "out": {"num": []. "ptr": [1]}. "in": {"num": []. "ptr": [1]}}')
debug_merge_point(0, 0, '1451<std_core_hnd.rpyeffect:1150([mcore:[#1212]#3552])>+2: {"op": "CallLib". "lib": "1". "symbol": "swapCurrentEvv"}')
debug_merge_point(0, 0, '303<std_core_hnd.rpyeffect:2(Name(swapCurrentEvv))>+0: {"op": "Const". "type": "ptr". "out": 1. "format": "string". "value": "current-evv"}')
debug_merge_point(0, 0, '303<std_core_hnd.rpyeffect:2(Name(swapCurrentEvv))>+1: {"op": "PrimOp". "name": "getGlobal(String): Ptr". "out": {"num": []. "ptr": [1]}. "in": {"num": []. "ptr": [1]}}')
debug_merge_point(0, 0, '303<std_core_hnd.rpyeffect:2(Name(swapCurrentEvv))>+2: {"op": "PrimOp". "name": "getRef(Ref[Ptr]): Ptr". "out": {"num": []. "ptr": [2]}. "in": {"num": []. "ptr": [1]}}')
debug_merge_point(0, 0, '303<std_core_hnd.rpyeffect:2(Name(swapCurrentEvv))>+3: {"op": "PrimOp". "name": "setRef(Ref[Ptr]. Ptr): Unit". "out": {"num": []. "ptr": [0]}. "in": {"num": []. "ptr": [1. 0]}}')
debug_merge_point(0, 0, '303<std_core_hnd.rpyeffect:2(Name(swapCurrentEvv))>+4: {"op": "Copy". "type": "ptr". "from": 2. "to". 0}')
debug_merge_point(0, 0, '303<std_core_hnd.rpyeffect:2(Name(swapCurrentEvv))>+5: {"op": "Return". "args": {"num": []. "ptr": [0]}}')
debug_merge_point(0, 0, '1491<std_core_hnd.rpyeffect:1190([k@[mcore:[#1229]#3641]#3643])>+0: {"op": "Push". "target": 1490. "args": {"num": []. "ptr": [1. 0]}}')
debug_merge_point(0, 0, '1491<std_core_hnd.rpyeffect:1190([k@[mcore:[#1229]#3641]#3643])>+1: {"op": "Invoke". "receiver": 2. "tag": Interned(%apply():p). "args" : {"num": []. "ptr": []}}')
debug_merge_point(0, 0, '5106<main.rpyeffect:99([method_%apply():p@[mcore:[#224]#298]#303])>+0: {"op": "Jump". "target": 5101}')
debug_merge_point(0, 0, '5101<main.rpyeffect:94([mcore:[#210]#287])>+0: {"op": "PrimOp". "name": "getRef(Ref[Ptr]): Ptr". "out": {"num": []. "ptr": [0]}. "in": {"num": []. "ptr": [0]}}')
+884: setfield_gc(ConstPtr(ptr94), ConstPtr(ptr95), descr=<FieldP rpyeffect.region.PtrRef.inst_value 8>)
+892: p97 = getfield_gc_r(ConstPtr(ptr96), descr=<FieldP rpyeffect.region.PtrRef.inst_value 8>)
debug_merge_point(0, 0, '5101<main.rpyeffect:94([mcore:[#210]#287])>+1: {"op": "Return". "args": {"num": []. "ptr": [0]}}')
debug_merge_point(0, 0, '1490<std_core_hnd.rpyeffect:1189([k@[k@[mcore:[#1229]#3641]#3643]#3645])>+0: {"op": "Const". "type": "ptr". "out": 3. "format": "string". "value": "Name(import$std/core/hnd)"}')
debug_merge_point(0, 0, '1490<std_core_hnd.rpyeffect:1189([k@[k@[mcore:[#1229]#3641]#3643]#3645])>+1: {"op": "PrimOp". "name": "getGlobal(String): Ptr". "out": {"num": []. "ptr": [3]}. "in": {"num": []. "ptr": [3]}}')
debug_merge_point(0, 0, '1490<std_core_hnd.rpyeffect:1189([k@[k@[mcore:[#1229]#3641]#3643]#3645])>+2: {"op": "Push". "target": 1489. "args": {"num": []. "ptr": [1. 0]}}')
debug_merge_point(0, 0, '1490<std_core_hnd.rpyeffect:1189([k@[k@[mcore:[#1229]#3641]#3643]#3645])>+3: {"op": "Copy". "type": "ptr". "from": 2. "to". 0}')
debug_merge_point(0, 0, '1490<std_core_hnd.rpyeffect:1189([k@[k@[mcore:[#1229]#3641]#3643]#3645])>+4: {"op": "Copy". "type": "ptr". "from": 3. "to". 1}')
debug_merge_point(0, 0, '1490<std_core_hnd.rpyeffect:1189([k@[k@[mcore:[#1229]#3641]#3643]#3645])>+5: {"op": "Jump". "target": 1452}')
debug_merge_point(0, 0, '1452<std_core_hnd.rpyeffect:1151([mcore:[#1214]#3557])>+0: {"op": "Const". "type": "ptr". "out": 1. "format": "string". "value": "Name(import$std/core/hnd)"}')
debug_merge_point(0, 0, '1452<std_core_hnd.rpyeffect:1151([mcore:[#1214]#3557])>+1: {"op": "PrimOp". "name": "getGlobal(String): Ptr". "out": {"num": []. "ptr": [1]}. "in": {"num": []. "ptr": [1]}}')
debug_merge_point(0, 0, '1452<std_core_hnd.rpyeffect:1151([mcore:[#1214]#3557])>+2: {"op": "CallLib". "lib": "1". "symbol": "setCurrentEvv"}')
debug_merge_point(0, 0, '302<std_core_hnd.rpyeffect:1(Name(setCurrentEvv))>+0: {"op": "Const". "type": "ptr". "out": 1. "format": "string". "value": "current-evv"}')
debug_merge_point(0, 0, '302<std_core_hnd.rpyeffect:1(Name(setCurrentEvv))>+1: {"op": "PrimOp". "name": "getGlobal(String): Ptr". "out": {"num": []. "ptr": [1]}. "in": {"num": []. "ptr": [1]}}')
debug_merge_point(0, 0, '302<std_core_hnd.rpyeffect:1(Name(setCurrentEvv))>+2: {"op": "PrimOp". "name": "setRef(Ref[Ptr]. Ptr): Unit". "out": {"num": []. "ptr": [0]}. "in": {"num": []. "ptr": [1. 0]}}')
debug_merge_point(0, 0, '302<std_core_hnd.rpyeffect:1(Name(setCurrentEvv))>+3: {"op": "Return". "args": {"num": []. "ptr": [0]}}')
debug_merge_point(0, 0, '1489<std_core_hnd.rpyeffect:1188([#3650])>+0: {"op": "Const". "type": "num". "out": 0. "value": 0}')
debug_merge_point(0, 0, '1489<std_core_hnd.rpyeffect:1188([#3650])>+1: {"op": "Copy". "type": "ptr". "from": 1. "to". 0}')
debug_merge_point(0, 0, '1489<std_core_hnd.rpyeffect:1188([#3650])>+2: {"op": "Copy". "type": "ptr". "from": 2. "to". 1}')
debug_merge_point(0, 0, '1489<std_core_hnd.rpyeffect:1188([#3650])>+3: {"op": "Switch". "scrutinee": 0. "values": [1]. "targets": [1485]. "default": 1488}')
debug_merge_point(0, 0, '1488<std_core_hnd.rpyeffect:1187([switch default case#3693])>+0: {"op": "Const". "type": "num". "out": 0. "value": 0}')
debug_merge_point(0, 0, '1488<std_core_hnd.rpyeffect:1187([switch default case#3693])>+1: {"op": "Copy". "type": "ptr". "from": 1. "to". 0}')
debug_merge_point(0, 0, '1488<std_core_hnd.rpyeffect:1187([switch default case#3693])>+2: {"op": "Switch". "scrutinee": 0. "values": [0]. "targets": [1486]. "default": 1487}')
debug_merge_point(0, 0, '1486<std_core_hnd.rpyeffect:1185([switch case for 0#3695])>+0: {"op": "Return". "args": {"num": []. "ptr": [0]}}')
debug_merge_point(0, 0, '5092<main.rpyeffect:85([k@[#270]#272])>+0: {"op": "PrimOp". "name": "unbox(Ptr): Num". "out": {"num": [0]. "ptr": []}. "in": {"num": []. "ptr": [0]}}')
+896: i98 = getfield_gc_i(p97, descr=<FieldS rpyeffect.region.NumBox.inst_value 8 pure>)
debug_merge_point(0, 0, '5092<main.rpyeffect:85([k@[#270]#272])>+1: {"op": "Return". "args": {"num": [0]. "ptr": []}}')
+964: setfield_gc(ConstPtr(ptr99), ConstPtr(ptr79), descr=<FieldP rpyeffect.region.PtrRef.inst_value 8>)
+968: guard_nonnull(p76, descr=<Guard0x108471830>) [p2, i98, i9, i11, i13, i15, i17, i19, i21, i23, i25, i27, i29, i31, i33, i35, i37, p97, p50, p52, p54, p56, p58, p60, p62, p64, p66, p68, p70, p0, p76, p3, p4]
+976: i100 = getfield_gc_i(p76, descr=<FieldS rpyeffect.stored_environment.Stack__arb_arb.inst_target 16 pure>)
+980: guard_value(i100, 5167, descr=<Guard0x108474ca0>) [p2, i98, i9, i11, i13, i15, i17, i19, i21, i23, i25, i27, i29, i31, i33, i35, i37, p97, p50, p52, p54, p56, p58, p60, p62, p64, p66, p68, p70, p0, p76, p3, p4]
debug_merge_point(0, 0, '5086<main.rpyeffect:79([k@[k@[k@[mcore:[#200]#182]#188]#196]#198])>+0: {"op": "Const". "type": "num". "out": 1. "value": 0}')
debug_merge_point(0, 0, '5086<main.rpyeffect:79([k@[k@[k@[mcore:[#200]#182]#188]#196]#198])>+1: {"op": "PrimOp". "name": "infixEq(Int. Int): Boolean". "out": {"num": [1]. "ptr": []}. "in": {"num": [0. 1]. "ptr": []}}')
+992: i103 = int_eq(i98, 0)
guard_false(i103, descr=<Guard0x108474c60>) [p2, i98, i9, i11, i13, i15, i17, i19, i21, i23, i25, i27, i29, i31, i33, i35, i37, p97, p50, p52, p54, p56, p58, p60, p62, p64, p66, p68, p70, p0, p76, p3, p4]
debug_merge_point(0, 0, '5086<main.rpyeffect:79([k@[k@[k@[mcore:[#200]#182]#188]#196]#198])>+2: {"op": "Switch". "scrutinee": 1. "values": [1]. "targets": [5069]. "default": 5085}')
debug_merge_point(0, 0, '5085<main.rpyeffect:78([switch default case#203])>+0: {"op": "Const". "type": "num". "out": 1. "value": 0}')
debug_merge_point(0, 0, '5085<main.rpyeffect:78([switch default case#203])>+1: {"op": "PrimOp". "name": "infixEq(Int. Int): Boolean". "out": {"num": [1]. "ptr": []}. "in": {"num": [0. 1]. "ptr": []}}')
debug_merge_point(0, 0, '5085<main.rpyeffect:78([switch default case#203])>+2: {"op": "Switch". "scrutinee": 1. "values": [0]. "targets": [5083]. "default": 5084}')
debug_merge_point(0, 0, '5083<main.rpyeffect:76([switch case for 0#207])>+0: {"op": "Const". "type": "num". "out": 1. "value": 1}')
debug_merge_point(0, 0, '5083<main.rpyeffect:76([switch case for 0#207])>+1: {"op": "PrimOp". "name": "infixSub(Int. Int): Int". "out": {"num": [0]. "ptr": []}. "in": {"num": [0. 1]. "ptr": []}}')
+1000: i105 = int_sub(i98, 1)
debug_merge_point(0, 0, '5083<main.rpyeffect:76([switch case for 0#207])>+2: {"op": "Const". "type": "num". "out": 1. "value": 0}')
debug_merge_point(0, 0, '5083<main.rpyeffect:76([switch case for 0#207])>+3: {"op": "Const". "type": "ptr". "out": 0. "format": "string". "value": "Name(import$std/core/hnd)"}')
debug_merge_point(0, 0, '5083<main.rpyeffect:76([switch case for 0#207])>+4: {"op": "PrimOp". "name": "getGlobal(String): Ptr". "out": {"num": []. "ptr": [0]}. "in": {"num": []. "ptr": [0]}}')
debug_merge_point(0, 0, '5083<main.rpyeffect:76([switch case for 0#207])>+5: {"op": "Push". "target": 5082. "args": {"num": [1. 0]. "ptr": []}}')
debug_merge_point(0, 0, '5083<main.rpyeffect:76([switch case for 0#207])>+6: {"op": "Jump". "target": 5068}')
debug_merge_point(0, 0, '5068<main.rpyeffect:61([mcore:[#190]#178])>+0: {"op": "Const". "type": "ptr". "out": 0. "format": "string". "value": "Name(import$std/core/hnd)"}')
debug_merge_point(0, 0, '5068<main.rpyeffect:61([mcore:[#190]#178])>+1: {"op": "PrimOp". "name": "getGlobal(String): Ptr". "out": {"num": []. "ptr": [0]}. "in": {"num": []. "ptr": [0]}}')
debug_merge_point(0, 0, '5068<main.rpyeffect:61([mcore:[#190]#178])>+2: {"op": "CallLib". "lib": "0". "symbol": "getCurrentEvv"}')
debug_merge_point(0, 0, '301<std_core_hnd.rpyeffect:0(Name(getCurrentEvv))>+0: {"op": "Const". "type": "ptr". "out": 0. "format": "string". "value": "current-evv"}')
debug_merge_point(0, 0, '301<std_core_hnd.rpyeffect:0(Name(getCurrentEvv))>+1: {"op": "PrimOp". "name": "getGlobal(String): Ptr". "out": {"num": []. "ptr": [0]}. "in": {"num": []. "ptr": [0]}}')
debug_merge_point(0, 0, '301<std_core_hnd.rpyeffect:0(Name(getCurrentEvv))>+2: {"op": "PrimOp". "name": "getRef(Ref[Ptr]): Ptr". "out": {"num": []. "ptr": [0]}. "in": {"num": []. "ptr": [0]}}')
debug_merge_point(0, 0, '301<std_core_hnd.rpyeffect:0(Name(getCurrentEvv))>+3: {"op": "Return". "args": {"num": []. "ptr": [0]}}')
debug_merge_point(0, 0, '5082<main.rpyeffect:75([k@[switch case for 0#207]#215])>+0: {"op": "PrimOp". "name": "promote_ptr". "out": {"num": []. "ptr": [0]}. "in": {"num": []. "ptr": [0]}}')
debug_merge_point(0, 0, '5082<main.rpyeffect:75([k@[switch case for 0#207]#215])>+1: {"op": "Const". "type": "ptr". "out": 1. "format": "string". "value": "Name(import$std/core/hnd)"}')
debug_merge_point(0, 0, '5082<main.rpyeffect:75([k@[switch case for 0#207]#215])>+2: {"op": "PrimOp". "name": "getGlobal(String): Ptr". "out": {"num": []. "ptr": [1]}. "in": {"num": []. "ptr": [1]}}')
debug_merge_point(0, 0, '5082<main.rpyeffect:75([k@[switch case for 0#207]#215])>+3: {"op": "Push". "target": 5081. "args": {"num": [1]. "ptr": []}}')
debug_merge_point(0, 0, '5082<main.rpyeffect:75([k@[switch case for 0#207]#215])>+4: {"op": "Jump". "target": 5067}')
debug_merge_point(0, 0, '5067<main.rpyeffect:60([mcore:[#189]#172])>+0: {"op": "Const". "type": "ptr". "out": 1. "format": "string". "value": "Name(import$std/core/hnd)"}')
debug_merge_point(0, 0, '5067<main.rpyeffect:60([mcore:[#189]#172])>+1: {"op": "PrimOp". "name": "getGlobal(String): Ptr". "out": {"num": []. "ptr": [1]}. "in": {"num": []. "ptr": [1]}}')
debug_merge_point(0, 0, '5067<main.rpyeffect:60([mcore:[#189]#172])>+2: {"op": "CallLib". "lib": "1". "symbol": "elt"}')
debug_merge_point(0, 0, '341<std_core_hnd.rpyeffect:40(Name(elt))>+0: {"op": "Switch". "scrutinee": 0. "values": [0]. "targets": [339]. "default": 340}')
debug_merge_point(0, 0, '339<std_core_hnd.rpyeffect:38([switch case for 0#109])>+0: {"op": "Proj". "out": 0. "type": Interned(evv). "scrutinee": 0. "tag": Interned(cons). "field": 0. "field_type": "ptr"}')
debug_merge_point(0, 0, '339<std_core_hnd.rpyeffect:38([switch case for 0#109])>+1: {"op": "Return". "args": {"num": []. "ptr": [0]}}')
debug_merge_point(0, 0, '5081<main.rpyeffect:74([k@[k@[switch case for 0#207]#215]#223])>+0: {"op": "Push". "target": 5071. "args": {"num": []. "ptr": []}}')
debug_merge_point(0, 0, '5081<main.rpyeffect:74([k@[k@[switch case for 0#207]#215]#223])>+1: {"op": "Match". "type": Interned(std/core/hnd/ev). "scrutinee": 0. "clauses": [{"tag": Interned(std/core/hnd/Ev). "target": 5080. "args": {"num": []. "ptr": [1. 2. 3. 4]}}]. "default": {"tag": Interned(204ef948-70f4-4b5a-871e-a771cd57dae6#[Missing Tag#1041]). "target": 5072. "args": {"num": []. "ptr": []}}}')
debug_merge_point(0, 0, '5080<main.rpyeffect:73([#233])>+0: {"op": "Copy". "type": "ptr". "from": 0. "to". 1}')
debug_merge_point(0, 0, '5080<main.rpyeffect:73([#233])>+1: {"op": "Copy". "type": "ptr". "from": 2. "to". 0}')
debug_merge_point(0, 0, '5080<main.rpyeffect:73([#233])>+2: {"op": "Match". "type": Interned(main/state). "scrutinee": 3. "clauses": [{"tag": Interned(main/@Hnd-state). "target": 5079. "args": {"num": [1]. "ptr": [2. 3]}}]. "default": {"tag": Interned(204ef948-70f4-4b5a-871e-a771cd57dae6#[Missing Tag#1040]). "target": 5074. "args": {"num": []. "ptr": []}}}')
debug_merge_point(0, 0, '5079<main.rpyeffect:72([match_main/@Hnd-state@[#233]#238])>+0: {"op": "Match". "type": Interned(std/core/hnd/clause1). "scrutinee": 3. "clauses": [{"tag": Interned(std/core/hnd/Clause1). "target": 5078. "args": {"num": []. "ptr": [2]}}]. "default": {"tag": Interned(204ef948-70f4-4b5a-871e-a771cd57dae6#[Missing Tag#1039]). "target": 5076. "args": {"num": []. "ptr": []}}}')
+1008: p107 = getfield_gc_r(ConstPtr(ptr106), descr=<FieldP rpyeffect.stored_environment.Data__arb_arb.inst_tag 8>)
+1016: guard_value(p107, ConstPtr(ptr108), descr=<Guard0x108474c20>) [p2, i98, i9, i11, i13, i15, i17, i19, i21, i23, i25, i27, i29, i31, i33, i35, i37, p97, p50, p52, p54, p56, p58, p60, p62, p64, p66, p68, p70, p0, p76, p3, p4]
debug_merge_point(0, 0, '5078<main.rpyeffect:71([#243])>+0: {"op": "PrimOp". "name": "box(Num): Ptr". "out": {"num": []. "ptr": [3]}. "in": {"num": [0]. "ptr": []}}')
debug_merge_point(0, 0, '5078<main.rpyeffect:71([#243])>+1: {"op": "Push". "target": 5077. "args": {"num": []. "ptr": []}}')
debug_merge_point(0, 0, '5078<main.rpyeffect:71([#243])>+2: {"op": "Swap". "type": "ptr". "a": 3. "b". 2}')
debug_merge_point(0, 0, '5078<main.rpyeffect:71([#243])>+3: {"op": "Invoke". "receiver": 3. "tag": Interned(%apply(ppp):p). "args" : {"num": []. "ptr": [0. 1. 2]}}')
debug_merge_point(0, 0, '1525<std_core_hnd.rpyeffect:1224([#3810])>+0: {"op": "Const". "type": "ptr". "out": 4. "format": "string". "value": "Name(import$std/core/hnd)"}')
debug_merge_point(0, 0, '1525<std_core_hnd.rpyeffect:1224([#3810])>+1: {"op": "PrimOp". "name": "getGlobal(String): Ptr". "out": {"num": []. "ptr": [4]}. "in": {"num": []. "ptr": [4]}}')
debug_merge_point(0, 0, '1525<std_core_hnd.rpyeffect:1224([#3810])>+2: {"op": "Swap". "type": "ptr". "a": 4. "b". 3}')
debug_merge_point(0, 0, '1525<std_core_hnd.rpyeffect:1224([#3810])>+3: {"op": "Jump". "target": 1523}')
debug_merge_point(0, 0, '1523<std_core_hnd.rpyeffect:1222([mcore:[#1244]#3739])>+0: {"op": "Push". "target": 1519. "args": {"num": []. "ptr": [1. 4. 2]}}')
debug_merge_point(0, 0, '1523<std_core_hnd.rpyeffect:1222([mcore:[#1244]#3739])>+1: {"op": "Match". "type": Interned(std/core/hnd/ev). "scrutinee": 1. "clauses": [{"tag": Interned(std/core/hnd/Ev). "target": 1522. "args": {"num": []. "ptr": [0. 1. 2. 3]}}]. "default": {"tag": Interned(aa83e53e-94c9-465b-b7be-e7d5e8ae4953#[Missing Tag#4992]). "target": 1520. "args": {"num": []. "ptr": []}}}')
debug_merge_point(0, 0, '1522<std_core_hnd.rpyeffect:1221([#3797])>+0: {"op": "Const". "type": "ptr". "out": 0. "format": "string". "value": "Name(import$std/core/hnd)"}')
debug_merge_point(0, 0, '1522<std_core_hnd.rpyeffect:1221([#3797])>+1: {"op": "PrimOp". "name": "getGlobal(String): Ptr". "out": {"num": []. "ptr": [0]}. "in": {"num": []. "ptr": [0]}}')
debug_merge_point(0, 0, '1522<std_core_hnd.rpyeffect:1221([#3797])>+2: {"op": "Copy". "type": "ptr". "from": 0. "to". 1}')
debug_merge_point(0, 0, '1522<std_core_hnd.rpyeffect:1221([#3797])>+3: {"op": "Copy". "type": "ptr". "from": 3. "to". 0}')
debug_merge_point(0, 0, '1522<std_core_hnd.rpyeffect:1221([#3797])>+4: {"op": "Jump". "target": 1501}')
debug_merge_point(0, 0, '1501<std_core_hnd.rpyeffect:1200([mcore:[#1233]#3725])>+0: {"op": "Const". "type": "ptr". "out": 1. "format": "string". "value": "Name(import$std/core/hnd)"}')
debug_merge_point(0, 0, '1501<std_core_hnd.rpyeffect:1200([mcore:[#1233]#3725])>+1: {"op": "PrimOp". "name": "getGlobal(String): Ptr". "out": {"num": []. "ptr": [1]}. "in": {"num": []. "ptr": [1]}}')
debug_merge_point(0, 0, '1501<std_core_hnd.rpyeffect:1200([mcore:[#1233]#3725])>+2: {"op": "CallLib". "lib": "1". "symbol": "swapCurrentEvv"}')
debug_merge_point(0, 0, '303<std_core_hnd.rpyeffect:2(Name(swapCurrentEvv))>+0: {"op": "Const". "type": "ptr". "out": 1. "format": "string". "value": "current-evv"}')
debug_merge_point(0, 0, '303<std_core_hnd.rpyeffect:2(Name(swapCurrentEvv))>+1: {"op": "PrimOp". "name": "getGlobal(String): Ptr". "out": {"num": []. "ptr": [1]}. "in": {"num": []. "ptr": [1]}}')
debug_merge_point(0, 0, '303<std_core_hnd.rpyeffect:2(Name(swapCurrentEvv))>+2: {"op": "PrimOp". "name": "getRef(Ref[Ptr]): Ptr". "out": {"num": []. "ptr": [2]}. "in": {"num": []. "ptr": [1]}}')
debug_merge_point(0, 0, '303<std_core_hnd.rpyeffect:2(Name(swapCurrentEvv))>+3: {"op": "PrimOp". "name": "setRef(Ref[Ptr]. Ptr): Unit". "out": {"num": []. "ptr": [0]}. "in": {"num": []. "ptr": [1. 0]}}')
debug_merge_point(0, 0, '303<std_core_hnd.rpyeffect:2(Name(swapCurrentEvv))>+4: {"op": "Copy". "type": "ptr". "from": 2. "to". 0}')
debug_merge_point(0, 0, '303<std_core_hnd.rpyeffect:2(Name(swapCurrentEvv))>+5: {"op": "Return". "args": {"num": []. "ptr": [0]}}')
debug_merge_point(0, 0, '1519<std_core_hnd.rpyeffect:1218([k@[mcore:[#1244]#3739]#3741])>+0: {"op": "Push". "target": 1518. "args": {"num": []. "ptr": [1. 0]}}')
debug_merge_point(0, 0, '1519<std_core_hnd.rpyeffect:1218([k@[mcore:[#1244]#3739]#3741])>+1: {"op": "Copy". "type": "ptr". "from": 3. "to". 0}')
debug_merge_point(0, 0, '1519<std_core_hnd.rpyeffect:1218([k@[mcore:[#1244]#3739]#3741])>+2: {"op": "Invoke". "receiver": 2. "tag": Interned(%apply(p):p). "args" : {"num": []. "ptr": [0]}}')
debug_merge_point(0, 0, '5112<main.rpyeffect:105([#327])>+0: {"op": "PrimOp". "name": "unbox(Ptr): Num". "out": {"num": [0]. "ptr": []}. "in": {"num": []. "ptr": [0]}}')
debug_merge_point(0, 0, '5112<main.rpyeffect:105([#327])>+1: {"op": "Copy". "type": "ptr". "from": 1. "to". 0}')
debug_merge_point(0, 0, '5112<main.rpyeffect:105([#327])>+2: {"op": "Jump". "target": 5103}')
debug_merge_point(0, 0, '5103<main.rpyeffect:96([mcore:[#217]#293])>+0: {"op": "PrimOp". "name": "box(Num): Ptr". "out": {"num": []. "ptr": [1]}. "in": {"num": [0]. "ptr": []}}')
debug_merge_point(0, 0, '5103<main.rpyeffect:96([mcore:[#217]#293])>+1: {"op": "PrimOp". "name": "setRef(Ref[Ptr]. Ptr): Unit". "out": {"num": []. "ptr": [0]}. "in": {"num": []. "ptr": [0. 1]}}')
+1088: setfield_gc(ConstPtr(ptr109), ConstPtr(ptr110), descr=<FieldP rpyeffect.region.PtrRef.inst_value 8>)
debug_merge_point(0, 0, '5103<main.rpyeffect:96([mcore:[#217]#293])>+2: {"op": "Return". "args": {"num": []. "ptr": [0]}}')
debug_merge_point(0, 0, '1518<std_core_hnd.rpyeffect:1217([k@[k@[mcore:[#1244]#3739]#3741]#3743])>+0: {"op": "Const". "type": "num". "out": 0. "value": 0}')
debug_merge_point(0, 0, '1518<std_core_hnd.rpyeffect:1217([k@[k@[mcore:[#1244]#3739]#3741]#3743])>+1: {"op": "Swap". "type": "ptr". "a": 0. "b". 1}')
debug_merge_point(0, 0, '1518<std_core_hnd.rpyeffect:1217([k@[k@[mcore:[#1244]#3739]#3741]#3743])>+2: {"op": "Swap". "type": "ptr". "a": 2. "b". 1}')
debug_merge_point(0, 0, '1518<std_core_hnd.rpyeffect:1217([k@[k@[mcore:[#1244]#3739]#3741]#3743])>+3: {"op": "Switch". "scrutinee": 0. "values": [1]. "targets": [1513]. "default": 1517}')
debug_merge_point(0, 0, '1517<std_core_hnd.rpyeffect:1216([switch default case#3786])>+0: {"op": "Const". "type": "num". "out": 0. "value": 0}')
debug_merge_point(0, 0, '1517<std_core_hnd.rpyeffect:1216([switch default case#3786])>+1: {"op": "Copy". "type": "ptr". "from": 1. "to". 0}')
debug_merge_point(0, 0, '1517<std_core_hnd.rpyeffect:1216([switch default case#3786])>+2: {"op": "Copy". "type": "ptr". "from": 2. "to". 1}')
debug_merge_point(0, 0, '1517<std_core_hnd.rpyeffect:1216([switch default case#3786])>+3: {"op": "Switch". "scrutinee": 0. "values": [0]. "targets": [1515]. "default": 1516}')
debug_merge_point(0, 0, '1515<std_core_hnd.rpyeffect:1214([switch case for 0#3788])>+0: {"op": "Const". "type": "ptr". "out": 2. "format": "string". "value": "Name(import$std/core/hnd)"}')
debug_merge_point(0, 0, '1515<std_core_hnd.rpyeffect:1214([switch case for 0#3788])>+1: {"op": "PrimOp". "name": "getGlobal(String): Ptr". "out": {"num": []. "ptr": [2]}. "in": {"num": []. "ptr": [2]}}')
debug_merge_point(0, 0, '1515<std_core_hnd.rpyeffect:1214([switch case for 0#3788])>+2: {"op": "Push". "target": 1514. "args": {"num": []. "ptr": [1]}}')
debug_merge_point(0, 0, '1515<std_core_hnd.rpyeffect:1214([switch case for 0#3788])>+3: {"op": "Copy". "type": "ptr". "from": 2. "to". 1}')
debug_merge_point(0, 0, '1515<std_core_hnd.rpyeffect:1214([switch case for 0#3788])>+4: {"op": "Jump". "target": 1503}')
debug_merge_point(0, 0, '1503<std_core_hnd.rpyeffect:1202([mcore:[#1243]#3734])>+0: {"op": "Const". "type": "ptr". "out": 1. "format": "string". "value": "Name(import$std/core/hnd)"}')
debug_merge_point(0, 0, '1503<std_core_hnd.rpyeffect:1202([mcore:[#1243]#3734])>+1: {"op": "PrimOp". "name": "getGlobal(String): Ptr". "out": {"num": []. "ptr": [1]}. "in": {"num": []. "ptr": [1]}}')
debug_merge_point(0, 0, '1503<std_core_hnd.rpyeffect:1202([mcore:[#1243]#3734])>+2: {"op": "CallLib". "lib": "1". "symbol": "setCurrentEvv"}')
debug_merge_point(0, 0, '302<std_core_hnd.rpyeffect:1(Name(setCurrentEvv))>+0: {"op": "Const". "type": "ptr". "out": 1. "format": "string". "value": "current-evv"}')
debug_merge_point(0, 0, '302<std_core_hnd.rpyeffect:1(Name(setCurrentEvv))>+1: {"op": "PrimOp". "name": "getGlobal(String): Ptr". "out": {"num": []. "ptr": [1]}. "in": {"num": []. "ptr": [1]}}')
debug_merge_point(0, 0, '302<std_core_hnd.rpyeffect:1(Name(setCurrentEvv))>+2: {"op": "PrimOp". "name": "setRef(Ref[Ptr]. Ptr): Unit". "out": {"num": []. "ptr": [0]}. "in": {"num": []. "ptr": [1. 0]}}')
+1092: p111 = new_with_vtable(descr=<SizeDescr 16>)
+1196: setfield_gc(p111, i105, descr=<FieldS rpyeffect.region.NumBox.inst_value 8 pure>)
+1264: setfield_gc(ConstPtr(ptr112), p111, descr=<FieldP rpyeffect.region.PtrRef.inst_value 8>)
debug_merge_point(0, 0, '302<std_core_hnd.rpyeffect:1(Name(setCurrentEvv))>+3: {"op": "Return". "args": {"num": []. "ptr": [0]}}')
debug_merge_point(0, 0, '1514<std_core_hnd.rpyeffect:1213([k@[switch case for 0#3788]#3793])>+0: {"op": "Copy". "type": "ptr". "from": 1. "to". 0}')
debug_merge_point(0, 0, '1514<std_core_hnd.rpyeffect:1213([k@[switch case for 0#3788]#3793])>+1: {"op": "Return". "args": {"num": []. "ptr": [0]}}')
debug_merge_point(0, 0, '5077<main.rpyeffect:70([k@[#243]#248])>+0: {"op": "Return". "args": {"num": []. "ptr": [0]}}')
debug_merge_point(0, 0, '5071<main.rpyeffect:64([#225])>+0: {"op": "Const". "type": "ptr". "out": 0. "format": "string". "value": "Name(import$std/core/hnd)"}')
debug_merge_point(0, 0, '5071<main.rpyeffect:64([#225])>+1: {"op": "PrimOp". "name": "getGlobal(String): Ptr". "out": {"num": []. "ptr": [0]}. "in": {"num": []. "ptr": [0]}}')
debug_merge_point(0, 0, '5071<main.rpyeffect:64([#225])>+2: {"op": "Jump". "target": 5098}')
debug_merge_point(0, 0, '5098<main.rpyeffect:91([mcore:[#200]#182])>+0: {"op": "Const". "type": "num". "out": 0. "value": 0}')
debug_merge_point(0, 0, '5098<main.rpyeffect:91([mcore:[#200]#182])>+1: {"op": "Const". "type": "ptr". "out": 0. "format": "string". "value": "Name(import$std/core/hnd)"}')
debug_merge_point(0, 0, '5098<main.rpyeffect:91([mcore:[#200]#182])>+2: {"op": "PrimOp". "name": "getGlobal(String): Ptr". "out": {"num": []. "ptr": [0]}. "in": {"num": []. "ptr": [0]}}')
debug_merge_point(0, 0, '5098<main.rpyeffect:91([mcore:[#200]#182])>+3: {"op": "Push". "target": 5097. "args": {"num": [0]. "ptr": []}}')
debug_merge_point(0, 0, '5098<main.rpyeffect:91([mcore:[#200]#182])>+4: {"op": "Jump". "target": 5066}')
+1332: setfield_gc(ConstPtr(ptr113), ConstPtr(ptr79), descr=<FieldP rpyeffect.region.PtrRef.inst_value 8>)
+1336: label(p0, p76, p2, p3, p4, i11, i13, i15, i17, i19, i21, i23, i25, i27, i29, i31, i33, i35, i37, i105, p50, p52, p54, p56, p58, p60, p62, p64, p66, p68, p70, descr=TargetToken(4433661648))
debug_merge_point(0, 0, '5098<main.rpyeffect:91([mcore:[#200]#182])>+4: {"op": "Jump". "target": 5066}')
+1344: guard_not_invalidated(descr=<Guard0x108471728>) [p2, i11, i13, i15, i17, i19, i21, i23, i25, i27, i29, i31, i33, i35, i37, p50, p52, p54, p56, p58, p60, p62, p64, p66, p68, p70, p0, p3, p4, p76, i105]
debug_merge_point(0, 0, '5066<main.rpyeffect:59([mcore:[#176]#168])>+0: {"op": "Const". "type": "ptr". "out": 0. "format": "string". "value": "Name(import$std/core/hnd)"}')
debug_merge_point(0, 0, '5066<main.rpyeffect:59([mcore:[#176]#168])>+1: {"op": "PrimOp". "name": "getGlobal(String): Ptr". "out": {"num": []. "ptr": [0]}. "in": {"num": []. "ptr": [0]}}')
debug_merge_point(0, 0, '5066<main.rpyeffect:59([mcore:[#176]#168])>+2: {"op": "CallLib". "lib": "0". "symbol": "getCurrentEvv"}')
debug_merge_point(0, 0, '301<std_core_hnd.rpyeffect:0(Name(getCurrentEvv))>+0: {"op": "Const". "type": "ptr". "out": 0. "format": "string". "value": "current-evv"}')
debug_merge_point(0, 0, '301<std_core_hnd.rpyeffect:0(Name(getCurrentEvv))>+1: {"op": "PrimOp". "name": "getGlobal(String): Ptr". "out": {"num": []. "ptr": [0]}. "in": {"num": []. "ptr": [0]}}')
debug_merge_point(0, 0, '301<std_core_hnd.rpyeffect:0(Name(getCurrentEvv))>+2: {"op": "PrimOp". "name": "getRef(Ref[Ptr]): Ptr". "out": {"num": []. "ptr": [0]}. "in": {"num": []. "ptr": [0]}}')
debug_merge_point(0, 0, '301<std_core_hnd.rpyeffect:0(Name(getCurrentEvv))>+3: {"op": "Return". "args": {"num": []. "ptr": [0]}}')
debug_merge_point(0, 0, '5097<main.rpyeffect:90([k@[mcore:[#200]#182]#188])>+0: {"op": "PrimOp". "name": "promote_ptr". "out": {"num": []. "ptr": [0]}. "in": {"num": []. "ptr": [0]}}')
debug_merge_point(0, 0, '5097<main.rpyeffect:90([k@[mcore:[#200]#182]#188])>+1: {"op": "Const". "type": "ptr". "out": 1. "format": "string". "value": "Name(import$std/core/hnd)"}')
debug_merge_point(0, 0, '5097<main.rpyeffect:90([k@[mcore:[#200]#182]#188])>+2: {"op": "PrimOp". "name": "getGlobal(String): Ptr". "out": {"num": []. "ptr": [1]}. "in": {"num": []. "ptr": [1]}}')
debug_merge_point(0, 0, '5097<main.rpyeffect:90([k@[mcore:[#200]#182]#188])>+3: {"op": "Push". "target": 5096. "args": {"num": []. "ptr": []}}')
debug_merge_point(0, 0, '5097<main.rpyeffect:90([k@[mcore:[#200]#182]#188])>+4: {"op": "Jump". "target": 5065}')
debug_merge_point(0, 0, '5065<main.rpyeffect:58([mcore:[#175]#162])>+0: {"op": "Const". "type": "ptr". "out": 1. "format": "string". "value": "Name(import$std/core/hnd)"}')
debug_merge_point(0, 0, '5065<main.rpyeffect:58([mcore:[#175]#162])>+1: {"op": "PrimOp". "name": "getGlobal(String): Ptr". "out": {"num": []. "ptr": [1]}. "in": {"num": []. "ptr": [1]}}')
debug_merge_point(0, 0, '5065<main.rpyeffect:58([mcore:[#175]#162])>+2: {"op": "CallLib". "lib": "1". "symbol": "elt"}')
debug_merge_point(0, 0, '341<std_core_hnd.rpyeffect:40(Name(elt))>+0: {"op": "Switch". "scrutinee": 0. "values": [0]. "targets": [339]. "default": 340}')
debug_merge_point(0, 0, '339<std_core_hnd.rpyeffect:38([switch case for 0#109])>+0: {"op": "Proj". "out": 0. "type": Interned(evv). "scrutinee": 0. "tag": Interned(cons). "field": 0. "field_type": "ptr"}')
debug_merge_point(0, 0, '339<std_core_hnd.rpyeffect:38([switch case for 0#109])>+1: {"op": "Return". "args": {"num": []. "ptr": [0]}}')
debug_merge_point(0, 0, '5096<main.rpyeffect:89([k@[k@[mcore:[#200]#182]#188]#196])>+0: {"op": "Push". "target": 5086. "args": {"num": []. "ptr": []}}')
debug_merge_point(0, 0, '5096<main.rpyeffect:89([k@[k@[mcore:[#200]#182]#188]#196])>+1: {"op": "Match". "type": Interned(std/core/hnd/ev). "scrutinee": 0. "clauses": [{"tag": Interned(std/core/hnd/Ev). "target": 5095. "args": {"num": []. "ptr": [1. 2. 3. 4]}}]. "default": {"tag": Interned(204ef948-70f4-4b5a-871e-a771cd57dae6#[Missing Tag#1044]). "target": 5087. "args": {"num": []. "ptr": []}}}')
debug_merge_point(0, 0, '5095<main.rpyeffect:88([#256])>+0: {"op": "Copy". "type": "ptr". "from": 0. "to". 1}')
debug_merge_point(0, 0, '5095<main.rpyeffect:88([#256])>+1: {"op": "Copy". "type": "ptr". "from": 2. "to". 0}')
debug_merge_point(0, 0, '5095<main.rpyeffect:88([#256])>+2: {"op": "Match". "type": Interned(main/state). "scrutinee": 3. "clauses": [{"tag": Interned(main/@Hnd-state). "target": 5094. "args": {"num": [0]. "ptr": [2. 3]}}]. "default": {"tag": Interned(204ef948-70f4-4b5a-871e-a771cd57dae6#[Missing Tag#1043]). "target": 5089. "args": {"num": []. "ptr": []}}}')
debug_merge_point(0, 0, '5094<main.rpyeffect:87([match_main/@Hnd-state@[#256]#263])>+0: {"op": "Match". "type": Interned(std/core/hnd/clause0). "scrutinee": 2. "clauses": [{"tag": Interned(std/core/hnd/Clause0). "target": 5093. "args": {"num": []. "ptr": [2]}}]. "default": {"tag": Interned(204ef948-70f4-4b5a-871e-a771cd57dae6#[Missing Tag#1042]). "target": 5091. "args": {"num": []. "ptr": []}}}')
debug_merge_point(0, 0, '5093<main.rpyeffect:86([#270])>+0: {"op": "Push". "target": 5092. "args": {"num": []. "ptr": []}}')
debug_merge_point(0, 0, '5093<main.rpyeffect:86([#270])>+1: {"op": "Invoke". "receiver": 2. "tag": Interned(%apply(pp):p). "args" : {"num": []. "ptr": [0. 1]}}')
debug_merge_point(0, 0, '1497<std_core_hnd.rpyeffect:1196([#3710])>+0: {"op": "Const". "type": "ptr". "out": 3. "format": "string". "value": "Name(import$std/core/hnd)"}')
debug_merge_point(0, 0, '1497<std_core_hnd.rpyeffect:1196([#3710])>+1: {"op": "PrimOp". "name": "getGlobal(String): Ptr". "out": {"num": []. "ptr": [3]}. "in": {"num": []. "ptr": [3]}}')
debug_merge_point(0, 0, '1497<std_core_hnd.rpyeffect:1196([#3710])>+2: {"op": "Swap". "type": "ptr". "a": 3. "b". 2}')
debug_merge_point(0, 0, '1497<std_core_hnd.rpyeffect:1196([#3710])>+3: {"op": "Jump". "target": 1495}')
debug_merge_point(0, 0, '1495<std_core_hnd.rpyeffect:1194([mcore:[#1229]#3641])>+0: {"op": "Push". "target": 1491. "args": {"num": []. "ptr": [1. 3]}}')
debug_merge_point(0, 0, '1495<std_core_hnd.rpyeffect:1194([mcore:[#1229]#3641])>+1: {"op": "Match". "type": Interned(std/core/hnd/ev). "scrutinee": 1. "clauses": [{"tag": Interned(std/core/hnd/Ev). "target": 1494. "args": {"num": []. "ptr": [0. 1. 2. 3]}}]. "default": {"tag": Interned(aa83e53e-94c9-465b-b7be-e7d5e8ae4953#[Missing Tag#4991]). "target": 1492. "args": {"num": []. "ptr": []}}}')
debug_merge_point(0, 0, '1494<std_core_hnd.rpyeffect:1193([#3698])>+0: {"op": "Const". "type": "ptr". "out": 0. "format": "string". "value": "Name(import$std/core/hnd)"}')
debug_merge_point(0, 0, '1494<std_core_hnd.rpyeffect:1193([#3698])>+1: {"op": "PrimOp". "name": "getGlobal(String): Ptr". "out": {"num": []. "ptr": [0]}. "in": {"num": []. "ptr": [0]}}')
debug_merge_point(0, 0, '1494<std_core_hnd.rpyeffect:1193([#3698])>+2: {"op": "Copy". "type": "ptr". "from": 0. "to". 1}')
debug_merge_point(0, 0, '1494<std_core_hnd.rpyeffect:1193([#3698])>+3: {"op": "Copy". "type": "ptr". "from": 3. "to". 0}')
debug_merge_point(0, 0, '1494<std_core_hnd.rpyeffect:1193([#3698])>+4: {"op": "Jump". "target": 1451}')
debug_merge_point(0, 0, '1451<std_core_hnd.rpyeffect:1150([mcore:[#1212]#3552])>+0: {"op": "Const". "type": "ptr". "out": 1. "format": "string". "value": "Name(import$std/core/hnd)"}')
debug_merge_point(0, 0, '1451<std_core_hnd.rpyeffect:1150([mcore:[#1212]#3552])>+1: {"op": "PrimOp". "name": "getGlobal(String): Ptr". "out": {"num": []. "ptr": [1]}. "in": {"num": []. "ptr": [1]}}')
debug_merge_point(0, 0, '1451<std_core_hnd.rpyeffect:1150([mcore:[#1212]#3552])>+2: {"op": "CallLib". "lib": "1". "symbol": "swapCurrentEvv"}')
debug_merge_point(0, 0, '303<std_core_hnd.rpyeffect:2(Name(swapCurrentEvv))>+0: {"op": "Const". "type": "ptr". "out": 1. "format": "string". "value": "current-evv"}')
debug_merge_point(0, 0, '303<std_core_hnd.rpyeffect:2(Name(swapCurrentEvv))>+1: {"op": "PrimOp". "name": "getGlobal(String): Ptr". "out": {"num": []. "ptr": [1]}. "in": {"num": []. "ptr": [1]}}')
debug_merge_point(0, 0, '303<std_core_hnd.rpyeffect:2(Name(swapCurrentEvv))>+2: {"op": "PrimOp". "name": "getRef(Ref[Ptr]): Ptr". "out": {"num": []. "ptr": [2]}. "in": {"num": []. "ptr": [1]}}')
debug_merge_point(0, 0, '303<std_core_hnd.rpyeffect:2(Name(swapCurrentEvv))>+3: {"op": "PrimOp". "name": "setRef(Ref[Ptr]. Ptr): Unit". "out": {"num": []. "ptr": [0]}. "in": {"num": []. "ptr": [1. 0]}}')
debug_merge_point(0, 0, '303<std_core_hnd.rpyeffect:2(Name(swapCurrentEvv))>+4: {"op": "Copy". "type": "ptr". "from": 2. "to". 0}')
debug_merge_point(0, 0, '303<std_core_hnd.rpyeffect:2(Name(swapCurrentEvv))>+5: {"op": "Return". "args": {"num": []. "ptr": [0]}}')
debug_merge_point(0, 0, '1491<std_core_hnd.rpyeffect:1190([k@[mcore:[#1229]#3641]#3643])>+0: {"op": "Push". "target": 1490. "args": {"num": []. "ptr": [1. 0]}}')
debug_merge_point(0, 0, '1491<std_core_hnd.rpyeffect:1190([k@[mcore:[#1229]#3641]#3643])>+1: {"op": "Invoke". "receiver": 2. "tag": Interned(%apply():p). "args" : {"num": []. "ptr": []}}')
debug_merge_point(0, 0, '5106<main.rpyeffect:99([method_%apply():p@[mcore:[#224]#298]#303])>+0: {"op": "Jump". "target": 5101}')
debug_merge_point(0, 0, '5101<main.rpyeffect:94([mcore:[#210]#287])>+0: {"op": "PrimOp". "name": "getRef(Ref[Ptr]): Ptr". "out": {"num": []. "ptr": [0]}. "in": {"num": []. "ptr": [0]}}')
+1420: setfield_gc(ConstPtr(ptr114), ConstPtr(ptr115), descr=<FieldP rpyeffect.region.PtrRef.inst_value 8>)
+1428: p117 = getfield_gc_r(ConstPtr(ptr116), descr=<FieldP rpyeffect.region.PtrRef.inst_value 8>)
debug_merge_point(0, 0, '5101<main.rpyeffect:94([mcore:[#210]#287])>+1: {"op": "Return". "args": {"num": []. "ptr": [0]}}')
debug_merge_point(0, 0, '1490<std_core_hnd.rpyeffect:1189([k@[k@[mcore:[#1229]#3641]#3643]#3645])>+0: {"op": "Const". "type": "ptr". "out": 3. "format": "string". "value": "Name(import$std/core/hnd)"}')
debug_merge_point(0, 0, '1490<std_core_hnd.rpyeffect:1189([k@[k@[mcore:[#1229]#3641]#3643]#3645])>+1: {"op": "PrimOp". "name": "getGlobal(String): Ptr". "out": {"num": []. "ptr": [3]}. "in": {"num": []. "ptr": [3]}}')
debug_merge_point(0, 0, '1490<std_core_hnd.rpyeffect:1189([k@[k@[mcore:[#1229]#3641]#3643]#3645])>+2: {"op": "Push". "target": 1489. "args": {"num": []. "ptr": [1. 0]}}')
debug_merge_point(0, 0, '1490<std_core_hnd.rpyeffect:1189([k@[k@[mcore:[#1229]#3641]#3643]#3645])>+3: {"op": "Copy". "type": "ptr". "from": 2. "to". 0}')
debug_merge_point(0, 0, '1490<std_core_hnd.rpyeffect:1189([k@[k@[mcore:[#1229]#3641]#3643]#3645])>+4: {"op": "Copy". "type": "ptr". "from": 3. "to". 1}')
debug_merge_point(0, 0, '1490<std_core_hnd.rpyeffect:1189([k@[k@[mcore:[#1229]#3641]#3643]#3645])>+5: {"op": "Jump". "target": 1452}')
debug_merge_point(0, 0, '1452<std_core_hnd.rpyeffect:1151([mcore:[#1214]#3557])>+0: {"op": "Const". "type": "ptr". "out": 1. "format": "string". "value": "Name(import$std/core/hnd)"}')
debug_merge_point(0, 0, '1452<std_core_hnd.rpyeffect:1151([mcore:[#1214]#3557])>+1: {"op": "PrimOp". "name": "getGlobal(String): Ptr". "out": {"num": []. "ptr": [1]}. "in": {"num": []. "ptr": [1]}}')
debug_merge_point(0, 0, '1452<std_core_hnd.rpyeffect:1151([mcore:[#1214]#3557])>+2: {"op": "CallLib". "lib": "1". "symbol": "setCurrentEvv"}')
debug_merge_point(0, 0, '302<std_core_hnd.rpyeffect:1(Name(setCurrentEvv))>+0: {"op": "Const". "type": "ptr". "out": 1. "format": "string". "value": "current-evv"}')
debug_merge_point(0, 0, '302<std_core_hnd.rpyeffect:1(Name(setCurrentEvv))>+1: {"op": "PrimOp". "name": "getGlobal(String): Ptr". "out": {"num": []. "ptr": [1]}. "in": {"num": []. "ptr": [1]}}')
debug_merge_point(0, 0, '302<std_core_hnd.rpyeffect:1(Name(setCurrentEvv))>+2: {"op": "PrimOp". "name": "setRef(Ref[Ptr]. Ptr): Unit". "out": {"num": []. "ptr": [0]}. "in": {"num": []. "ptr": [1. 0]}}')
debug_merge_point(0, 0, '302<std_core_hnd.rpyeffect:1(Name(setCurrentEvv))>+3: {"op": "Return". "args": {"num": []. "ptr": [0]}}')
debug_merge_point(0, 0, '1489<std_core_hnd.rpyeffect:1188([#3650])>+0: {"op": "Const". "type": "num". "out": 0. "value": 0}')
debug_merge_point(0, 0, '1489<std_core_hnd.rpyeffect:1188([#3650])>+1: {"op": "Copy". "type": "ptr". "from": 1. "to". 0}')
debug_merge_point(0, 0, '1489<std_core_hnd.rpyeffect:1188([#3650])>+2: {"op": "Copy". "type": "ptr". "from": 2. "to". 1}')
debug_merge_point(0, 0, '1489<std_core_hnd.rpyeffect:1188([#3650])>+3: {"op": "Switch". "scrutinee": 0. "values": [1]. "targets": [1485]. "default": 1488}')
debug_merge_point(0, 0, '1488<std_core_hnd.rpyeffect:1187([switch default case#3693])>+0: {"op": "Const". "type": "num". "out": 0. "value": 0}')
debug_merge_point(0, 0, '1488<std_core_hnd.rpyeffect:1187([switch default case#3693])>+1: {"op": "Copy". "type": "ptr". "from": 1. "to". 0}')
debug_merge_point(0, 0, '1488<std_core_hnd.rpyeffect:1187([switch default case#3693])>+2: {"op": "Switch". "scrutinee": 0. "values": [0]. "targets": [1486]. "default": 1487}')
debug_merge_point(0, 0, '1486<std_core_hnd.rpyeffect:1185([switch case for 0#3695])>+0: {"op": "Return". "args": {"num": []. "ptr": [0]}}')
debug_merge_point(0, 0, '5092<main.rpyeffect:85([k@[#270]#272])>+0: {"op": "PrimOp". "name": "unbox(Ptr): Num". "out": {"num": [0]. "ptr": []}. "in": {"num": []. "ptr": [0]}}')
+1432: i118 = getfield_gc_i(p117, descr=<FieldS rpyeffect.region.NumBox.inst_value 8 pure>)
debug_merge_point(0, 0, '5092<main.rpyeffect:85([k@[#270]#272])>+1: {"op": "Return". "args": {"num": [0]. "ptr": []}}')
debug_merge_point(0, 0, '5086<main.rpyeffect:79([k@[k@[k@[mcore:[#200]#182]#188]#196]#198])>+0: {"op": "Const". "type": "num". "out": 1. "value": 0}')
debug_merge_point(0, 0, '5086<main.rpyeffect:79([k@[k@[k@[mcore:[#200]#182]#188]#196]#198])>+1: {"op": "PrimOp". "name": "infixEq(Int. Int): Boolean". "out": {"num": [1]. "ptr": []}. "in": {"num": [0. 1]. "ptr": []}}')
+1504: setfield_gc(ConstPtr(ptr119), ConstPtr(ptr79), descr=<FieldP rpyeffect.region.PtrRef.inst_value 8>)
+1508: i121 = int_eq(i118, 0)
guard_false(i121, descr=<Guard0x108471678>) [p2, i118, i11, i13, i15, i17, i19, i21, i23, i25, i27, i29, i31, i33, i35, i37, p117, p50, p52, p54, p56, p58, p60, p62, p64, p66, p68, p70, p0, p76, p3, p4, None, None]
debug_merge_point(0, 0, '5086<main.rpyeffect:79([k@[k@[k@[mcore:[#200]#182]#188]#196]#198])>+2: {"op": "Switch". "scrutinee": 1. "values": [1]. "targets": [5069]. "default": 5085}')
debug_merge_point(0, 0, '5085<main.rpyeffect:78([switch default case#203])>+0: {"op": "Const". "type": "num". "out": 1. "value": 0}')
debug_merge_point(0, 0, '5085<main.rpyeffect:78([switch default case#203])>+1: {"op": "PrimOp". "name": "infixEq(Int. Int): Boolean". "out": {"num": [1]. "ptr": []}. "in": {"num": [0. 1]. "ptr": []}}')
debug_merge_point(0, 0, '5085<main.rpyeffect:78([switch default case#203])>+2: {"op": "Switch". "scrutinee": 1. "values": [0]. "targets": [5083]. "default": 5084}')
debug_merge_point(0, 0, '5083<main.rpyeffect:76([switch case for 0#207])>+0: {"op": "Const". "type": "num". "out": 1. "value": 1}')
debug_merge_point(0, 0, '5083<main.rpyeffect:76([switch case for 0#207])>+1: {"op": "PrimOp". "name": "infixSub(Int. Int): Int". "out": {"num": [0]. "ptr": []}. "in": {"num": [0. 1]. "ptr": []}}')
+1516: i124 = int_sub(i118, 1)
debug_merge_point(0, 0, '5083<main.rpyeffect:76([switch case for 0#207])>+2: {"op": "Const". "type": "num". "out": 1. "value": 0}')
debug_merge_point(0, 0, '5083<main.rpyeffect:76([switch case for 0#207])>+3: {"op": "Const". "type": "ptr". "out": 0. "format": "string". "value": "Name(import$std/core/hnd)"}')
debug_merge_point(0, 0, '5083<main.rpyeffect:76([switch case for 0#207])>+4: {"op": "PrimOp". "name": "getGlobal(String): Ptr". "out": {"num": []. "ptr": [0]}. "in": {"num": []. "ptr": [0]}}')
debug_merge_point(0, 0, '5083<main.rpyeffect:76([switch case for 0#207])>+5: {"op": "Push". "target": 5082. "args": {"num": [1. 0]. "ptr": []}}')
debug_merge_point(0, 0, '5083<main.rpyeffect:76([switch case for 0#207])>+6: {"op": "Jump". "target": 5068}')
debug_merge_point(0, 0, '5068<main.rpyeffect:61([mcore:[#190]#178])>+0: {"op": "Const". "type": "ptr". "out": 0. "format": "string". "value": "Name(import$std/core/hnd)"}')
debug_merge_point(0, 0, '5068<main.rpyeffect:61([mcore:[#190]#178])>+1: {"op": "PrimOp". "name": "getGlobal(String): Ptr". "out": {"num": []. "ptr": [0]}. "in": {"num": []. "ptr": [0]}}')
debug_merge_point(0, 0, '5068<main.rpyeffect:61([mcore:[#190]#178])>+2: {"op": "CallLib". "lib": "0". "symbol": "getCurrentEvv"}')
debug_merge_point(0, 0, '301<std_core_hnd.rpyeffect:0(Name(getCurrentEvv))>+0: {"op": "Const". "type": "ptr". "out": 0. "format": "string". "value": "current-evv"}')
debug_merge_point(0, 0, '301<std_core_hnd.rpyeffect:0(Name(getCurrentEvv))>+1: {"op": "PrimOp". "name": "getGlobal(String): Ptr". "out": {"num": []. "ptr": [0]}. "in": {"num": []. "ptr": [0]}}')
debug_merge_point(0, 0, '301<std_core_hnd.rpyeffect:0(Name(getCurrentEvv))>+2: {"op": "PrimOp". "name": "getRef(Ref[Ptr]): Ptr". "out": {"num": []. "ptr": [0]}. "in": {"num": []. "ptr": [0]}}')
debug_merge_point(0, 0, '301<std_core_hnd.rpyeffect:0(Name(getCurrentEvv))>+3: {"op": "Return". "args": {"num": []. "ptr": [0]}}')
debug_merge_point(0, 0, '5082<main.rpyeffect:75([k@[switch case for 0#207]#215])>+0: {"op": "PrimOp". "name": "promote_ptr". "out": {"num": []. "ptr": [0]}. "in": {"num": []. "ptr": [0]}}')
debug_merge_point(0, 0, '5082<main.rpyeffect:75([k@[switch case for 0#207]#215])>+1: {"op": "Const". "type": "ptr". "out": 1. "format": "string". "value": "Name(import$std/core/hnd)"}')
debug_merge_point(0, 0, '5082<main.rpyeffect:75([k@[switch case for 0#207]#215])>+2: {"op": "PrimOp". "name": "getGlobal(String): Ptr". "out": {"num": []. "ptr": [1]}. "in": {"num": []. "ptr": [1]}}')
debug_merge_point(0, 0, '5082<main.rpyeffect:75([k@[switch case for 0#207]#215])>+3: {"op": "Push". "target": 5081. "args": {"num": [1]. "ptr": []}}')
debug_merge_point(0, 0, '5082<main.rpyeffect:75([k@[switch case for 0#207]#215])>+4: {"op": "Jump". "target": 5067}')
debug_merge_point(0, 0, '5067<main.rpyeffect:60([mcore:[#189]#172])>+0: {"op": "Const". "type": "ptr". "out": 1. "format": "string". "value": "Name(import$std/core/hnd)"}')
debug_merge_point(0, 0, '5067<main.rpyeffect:60([mcore:[#189]#172])>+1: {"op": "PrimOp". "name": "getGlobal(String): Ptr". "out": {"num": []. "ptr": [1]}. "in": {"num": []. "ptr": [1]}}')
debug_merge_point(0, 0, '5067<main.rpyeffect:60([mcore:[#189]#172])>+2: {"op": "CallLib". "lib": "1". "symbol": "elt"}')
debug_merge_point(0, 0, '341<std_core_hnd.rpyeffect:40(Name(elt))>+0: {"op": "Switch". "scrutinee": 0. "values": [0]. "targets": [339]. "default": 340}')
debug_merge_point(0, 0, '339<std_core_hnd.rpyeffect:38([switch case for 0#109])>+0: {"op": "Proj". "out": 0. "type": Interned(evv). "scrutinee": 0. "tag": Interned(cons). "field": 0. "field_type": "ptr"}')
debug_merge_point(0, 0, '339<std_core_hnd.rpyeffect:38([switch case for 0#109])>+1: {"op": "Return". "args": {"num": []. "ptr": [0]}}')
debug_merge_point(0, 0, '5081<main.rpyeffect:74([k@[k@[switch case for 0#207]#215]#223])>+0: {"op": "Push". "target": 5071. "args": {"num": []. "ptr": []}}')
debug_merge_point(0, 0, '5081<main.rpyeffect:74([k@[k@[switch case for 0#207]#215]#223])>+1: {"op": "Match". "type": Interned(std/core/hnd/ev). "scrutinee": 0. "clauses": [{"tag": Interned(std/core/hnd/Ev). "target": 5080. "args": {"num": []. "ptr": [1. 2. 3. 4]}}]. "default": {"tag": Interned(204ef948-70f4-4b5a-871e-a771cd57dae6#[Missing Tag#1041]). "target": 5072. "args": {"num": []. "ptr": []}}}')
debug_merge_point(0, 0, '5080<main.rpyeffect:73([#233])>+0: {"op": "Copy". "type": "ptr". "from": 0. "to". 1}')
debug_merge_point(0, 0, '5080<main.rpyeffect:73([#233])>+1: {"op": "Copy". "type": "ptr". "from": 2. "to". 0}')
debug_merge_point(0, 0, '5080<main.rpyeffect:73([#233])>+2: {"op": "Match". "type": Interned(main/state). "scrutinee": 3. "clauses": [{"tag": Interned(main/@Hnd-state). "target": 5079. "args": {"num": [1]. "ptr": [2. 3]}}]. "default": {"tag": Interned(204ef948-70f4-4b5a-871e-a771cd57dae6#[Missing Tag#1040]). "target": 5074. "args": {"num": []. "ptr": []}}}')
debug_merge_point(0, 0, '5079<main.rpyeffect:72([match_main/@Hnd-state@[#233]#238])>+0: {"op": "Match". "type": Interned(std/core/hnd/clause1). "scrutinee": 3. "clauses": [{"tag": Interned(std/core/hnd/Clause1). "target": 5078. "args": {"num": []. "ptr": [2]}}]. "default": {"tag": Interned(204ef948-70f4-4b5a-871e-a771cd57dae6#[Missing Tag#1039]). "target": 5076. "args": {"num": []. "ptr": []}}}')
debug_merge_point(0, 0, '5078<main.rpyeffect:71([#243])>+0: {"op": "PrimOp". "name": "box(Num): Ptr". "out": {"num": []. "ptr": [3]}. "in": {"num": [0]. "ptr": []}}')
debug_merge_point(0, 0, '5078<main.rpyeffect:71([#243])>+1: {"op": "Push". "target": 5077. "args": {"num": []. "ptr": []}}')
debug_merge_point(0, 0, '5078<main.rpyeffect:71([#243])>+2: {"op": "Swap". "type": "ptr". "a": 3. "b". 2}')
debug_merge_point(0, 0, '5078<main.rpyeffect:71([#243])>+3: {"op": "Invoke". "receiver": 3. "tag": Interned(%apply(ppp):p). "args" : {"num": []. "ptr": [0. 1. 2]}}')
debug_merge_point(0, 0, '1525<std_core_hnd.rpyeffect:1224([#3810])>+0: {"op": "Const". "type": "ptr". "out": 4. "format": "string". "value": "Name(import$std/core/hnd)"}')
debug_merge_point(0, 0, '1525<std_core_hnd.rpyeffect:1224([#3810])>+1: {"op": "PrimOp". "name": "getGlobal(String): Ptr". "out": {"num": []. "ptr": [4]}. "in": {"num": []. "ptr": [4]}}')
debug_merge_point(0, 0, '1525<std_core_hnd.rpyeffect:1224([#3810])>+2: {"op": "Swap". "type": "ptr". "a": 4. "b". 3}')
debug_merge_point(0, 0, '1525<std_core_hnd.rpyeffect:1224([#3810])>+3: {"op": "Jump". "target": 1523}')
debug_merge_point(0, 0, '1523<std_core_hnd.rpyeffect:1222([mcore:[#1244]#3739])>+0: {"op": "Push". "target": 1519. "args": {"num": []. "ptr": [1. 4. 2]}}')
debug_merge_point(0, 0, '1523<std_core_hnd.rpyeffect:1222([mcore:[#1244]#3739])>+1: {"op": "Match". "type": Interned(std/core/hnd/ev). "scrutinee": 1. "clauses": [{"tag": Interned(std/core/hnd/Ev). "target": 1522. "args": {"num": []. "ptr": [0. 1. 2. 3]}}]. "default": {"tag": Interned(aa83e53e-94c9-465b-b7be-e7d5e8ae4953#[Missing Tag#4992]). "target": 1520. "args": {"num": []. "ptr": []}}}')
debug_merge_point(0, 0, '1522<std_core_hnd.rpyeffect:1221([#3797])>+0: {"op": "Const". "type": "ptr". "out": 0. "format": "string". "value": "Name(import$std/core/hnd)"}')
debug_merge_point(0, 0, '1522<std_core_hnd.rpyeffect:1221([#3797])>+1: {"op": "PrimOp". "name": "getGlobal(String): Ptr". "out": {"num": []. "ptr": [0]}. "in": {"num": []. "ptr": [0]}}')
debug_merge_point(0, 0, '1522<std_core_hnd.rpyeffect:1221([#3797])>+2: {"op": "Copy". "type": "ptr". "from": 0. "to". 1}')
debug_merge_point(0, 0, '1522<std_core_hnd.rpyeffect:1221([#3797])>+3: {"op": "Copy". "type": "ptr". "from": 3. "to". 0}')
debug_merge_point(0, 0, '1522<std_core_hnd.rpyeffect:1221([#3797])>+4: {"op": "Jump". "target": 1501}')
debug_merge_point(0, 0, '1501<std_core_hnd.rpyeffect:1200([mcore:[#1233]#3725])>+0: {"op": "Const". "type": "ptr". "out": 1. "format": "string". "value": "Name(import$std/core/hnd)"}')
debug_merge_point(0, 0, '1501<std_core_hnd.rpyeffect:1200([mcore:[#1233]#3725])>+1: {"op": "PrimOp". "name": "getGlobal(String): Ptr". "out": {"num": []. "ptr": [1]}. "in": {"num": []. "ptr": [1]}}')
debug_merge_point(0, 0, '1501<std_core_hnd.rpyeffect:1200([mcore:[#1233]#3725])>+2: {"op": "CallLib". "lib": "1". "symbol": "swapCurrentEvv"}')
debug_merge_point(0, 0, '303<std_core_hnd.rpyeffect:2(Name(swapCurrentEvv))>+0: {"op": "Const". "type": "ptr". "out": 1. "format": "string". "value": "current-evv"}')
debug_merge_point(0, 0, '303<std_core_hnd.rpyeffect:2(Name(swapCurrentEvv))>+1: {"op": "PrimOp". "name": "getGlobal(String): Ptr". "out": {"num": []. "ptr": [1]}. "in": {"num": []. "ptr": [1]}}')
debug_merge_point(0, 0, '303<std_core_hnd.rpyeffect:2(Name(swapCurrentEvv))>+2: {"op": "PrimOp". "name": "getRef(Ref[Ptr]): Ptr". "out": {"num": []. "ptr": [2]}. "in": {"num": []. "ptr": [1]}}')
debug_merge_point(0, 0, '303<std_core_hnd.rpyeffect:2(Name(swapCurrentEvv))>+3: {"op": "PrimOp". "name": "setRef(Ref[Ptr]. Ptr): Unit". "out": {"num": []. "ptr": [0]}. "in": {"num": []. "ptr": [1. 0]}}')
debug_merge_point(0, 0, '303<std_core_hnd.rpyeffect:2(Name(swapCurrentEvv))>+4: {"op": "Copy". "type": "ptr". "from": 2. "to". 0}')
debug_merge_point(0, 0, '303<std_core_hnd.rpyeffect:2(Name(swapCurrentEvv))>+5: {"op": "Return". "args": {"num": []. "ptr": [0]}}')
debug_merge_point(0, 0, '1519<std_core_hnd.rpyeffect:1218([k@[mcore:[#1244]#3739]#3741])>+0: {"op": "Push". "target": 1518. "args": {"num": []. "ptr": [1. 0]}}')
debug_merge_point(0, 0, '1519<std_core_hnd.rpyeffect:1218([k@[mcore:[#1244]#3739]#3741])>+1: {"op": "Copy". "type": "ptr". "from": 3. "to". 0}')
debug_merge_point(0, 0, '1519<std_core_hnd.rpyeffect:1218([k@[mcore:[#1244]#3739]#3741])>+2: {"op": "Invoke". "receiver": 2. "tag": Interned(%apply(p):p). "args" : {"num": []. "ptr": [0]}}')
debug_merge_point(0, 0, '5112<main.rpyeffect:105([#327])>+0: {"op": "PrimOp". "name": "unbox(Ptr): Num". "out": {"num": [0]. "ptr": []}. "in": {"num": []. "ptr": [0]}}')
debug_merge_point(0, 0, '5112<main.rpyeffect:105([#327])>+1: {"op": "Copy". "type": "ptr". "from": 1. "to". 0}')
debug_merge_point(0, 0, '5112<main.rpyeffect:105([#327])>+2: {"op": "Jump". "target": 5103}')
debug_merge_point(0, 0, '5103<main.rpyeffect:96([mcore:[#217]#293])>+0: {"op": "PrimOp". "name": "box(Num): Ptr". "out": {"num": []. "ptr": [1]}. "in": {"num": [0]. "ptr": []}}')
debug_merge_point(0, 0, '5103<main.rpyeffect:96([mcore:[#217]#293])>+1: {"op": "PrimOp". "name": "setRef(Ref[Ptr]. Ptr): Unit". "out": {"num": []. "ptr": [0]}. "in": {"num": []. "ptr": [0. 1]}}')
+1584: setfield_gc(ConstPtr(ptr125), ConstPtr(ptr126), descr=<FieldP rpyeffect.region.PtrRef.inst_value 8>)
debug_merge_point(0, 0, '5103<main.rpyeffect:96([mcore:[#217]#293])>+2: {"op": "Return". "args": {"num": []. "ptr": [0]}}')
debug_merge_point(0, 0, '1518<std_core_hnd.rpyeffect:1217([k@[k@[mcore:[#1244]#3739]#3741]#3743])>+0: {"op": "Const". "type": "num". "out": 0. "value": 0}')
debug_merge_point(0, 0, '1518<std_core_hnd.rpyeffect:1217([k@[k@[mcore:[#1244]#3739]#3741]#3743])>+1: {"op": "Swap". "type": "ptr". "a": 0. "b". 1}')
debug_merge_point(0, 0, '1518<std_core_hnd.rpyeffect:1217([k@[k@[mcore:[#1244]#3739]#3741]#3743])>+2: {"op": "Swap". "type": "ptr". "a": 2. "b". 1}')
debug_merge_point(0, 0, '1518<std_core_hnd.rpyeffect:1217([k@[k@[mcore:[#1244]#3739]#3741]#3743])>+3: {"op": "Switch". "scrutinee": 0. "values": [1]. "targets": [1513]. "default": 1517}')
debug_merge_point(0, 0, '1517<std_core_hnd.rpyeffect:1216([switch default case#3786])>+0: {"op": "Const". "type": "num". "out": 0. "value": 0}')
debug_merge_point(0, 0, '1517<std_core_hnd.rpyeffect:1216([switch default case#3786])>+1: {"op": "Copy". "type": "ptr". "from": 1. "to". 0}')
debug_merge_point(0, 0, '1517<std_core_hnd.rpyeffect:1216([switch default case#3786])>+2: {"op": "Copy". "type": "ptr". "from": 2. "to". 1}')
debug_merge_point(0, 0, '1517<std_core_hnd.rpyeffect:1216([switch default case#3786])>+3: {"op": "Switch". "scrutinee": 0. "values": [0]. "targets": [1515]. "default": 1516}')
debug_merge_point(0, 0, '1515<std_core_hnd.rpyeffect:1214([switch case for 0#3788])>+0: {"op": "Const". "type": "ptr". "out": 2. "format": "string". "value": "Name(import$std/core/hnd)"}')
debug_merge_point(0, 0, '1515<std_core_hnd.rpyeffect:1214([switch case for 0#3788])>+1: {"op": "PrimOp". "name": "getGlobal(String): Ptr". "out": {"num": []. "ptr": [2]}. "in": {"num": []. "ptr": [2]}}')
debug_merge_point(0, 0, '1515<std_core_hnd.rpyeffect:1214([switch case for 0#3788])>+2: {"op": "Push". "target": 1514. "args": {"num": []. "ptr": [1]}}')
debug_merge_point(0, 0, '1515<std_core_hnd.rpyeffect:1214([switch case for 0#3788])>+3: {"op": "Copy". "type": "ptr". "from": 2. "to". 1}')
debug_merge_point(0, 0, '1515<std_core_hnd.rpyeffect:1214([switch case for 0#3788])>+4: {"op": "Jump". "target": 1503}')
debug_merge_point(0, 0, '1503<std_core_hnd.rpyeffect:1202([mcore:[#1243]#3734])>+0: {"op": "Const". "type": "ptr". "out": 1. "format": "string". "value": "Name(import$std/core/hnd)"}')
debug_merge_point(0, 0, '1503<std_core_hnd.rpyeffect:1202([mcore:[#1243]#3734])>+1: {"op": "PrimOp". "name": "getGlobal(String): Ptr". "out": {"num": []. "ptr": [1]}. "in": {"num": []. "ptr": [1]}}')
debug_merge_point(0, 0, '1503<std_core_hnd.rpyeffect:1202([mcore:[#1243]#3734])>+2: {"op": "CallLib". "lib": "1". "symbol": "setCurrentEvv"}')
debug_merge_point(0, 0, '302<std_core_hnd.rpyeffect:1(Name(setCurrentEvv))>+0: {"op": "Const". "type": "ptr". "out": 1. "format": "string". "value": "current-evv"}')
debug_merge_point(0, 0, '302<std_core_hnd.rpyeffect:1(Name(setCurrentEvv))>+1: {"op": "PrimOp". "name": "getGlobal(String): Ptr". "out": {"num": []. "ptr": [1]}. "in": {"num": []. "ptr": [1]}}')
debug_merge_point(0, 0, '302<std_core_hnd.rpyeffect:1(Name(setCurrentEvv))>+2: {"op": "PrimOp". "name": "setRef(Ref[Ptr]. Ptr): Unit". "out": {"num": []. "ptr": [0]}. "in": {"num": []. "ptr": [1. 0]}}')
+1588: p127 = new_with_vtable(descr=<SizeDescr 16>)
+1696: setfield_gc(p127, i124, descr=<FieldS rpyeffect.region.NumBox.inst_value 8 pure>)
+1764: setfield_gc(ConstPtr(ptr128), p127, descr=<FieldP rpyeffect.region.PtrRef.inst_value 8>)
debug_merge_point(0, 0, '302<std_core_hnd.rpyeffect:1(Name(setCurrentEvv))>+3: {"op": "Return". "args": {"num": []. "ptr": [0]}}')
debug_merge_point(0, 0, '1514<std_core_hnd.rpyeffect:1213([k@[switch case for 0#3788]#3793])>+0: {"op": "Copy". "type": "ptr". "from": 1. "to". 0}')
debug_merge_point(0, 0, '1514<std_core_hnd.rpyeffect:1213([k@[switch case for 0#3788]#3793])>+1: {"op": "Return". "args": {"num": []. "ptr": [0]}}')
debug_merge_point(0, 0, '5077<main.rpyeffect:70([k@[#243]#248])>+0: {"op": "Return". "args": {"num": []. "ptr": [0]}}')
debug_merge_point(0, 0, '5071<main.rpyeffect:64([#225])>+0: {"op": "Const". "type": "ptr". "out": 0. "format": "string". "value": "Name(import$std/core/hnd)"}')
debug_merge_point(0, 0, '5071<main.rpyeffect:64([#225])>+1: {"op": "PrimOp". "name": "getGlobal(String): Ptr". "out": {"num": []. "ptr": [0]}. "in": {"num": []. "ptr": [0]}}')
debug_merge_point(0, 0, '5071<main.rpyeffect:64([#225])>+2: {"op": "Jump". "target": 5098}')
debug_merge_point(0, 0, '5098<main.rpyeffect:91([mcore:[#200]#182])>+0: {"op": "Const". "type": "num". "out": 0. "value": 0}')
debug_merge_point(0, 0, '5098<main.rpyeffect:91([mcore:[#200]#182])>+1: {"op": "Const". "type": "ptr". "out": 0. "format": "string". "value": "Name(import$std/core/hnd)"}')
debug_merge_point(0, 0, '5098<main.rpyeffect:91([mcore:[#200]#182])>+2: {"op": "PrimOp". "name": "getGlobal(String): Ptr". "out": {"num": []. "ptr": [0]}. "in": {"num": []. "ptr": [0]}}')
debug_merge_point(0, 0, '5098<main.rpyeffect:91([mcore:[#200]#182])>+3: {"op": "Push". "target": 5097. "args": {"num": [0]. "ptr": []}}')
debug_merge_point(0, 0, '5098<main.rpyeffect:91([mcore:[#200]#182])>+4: {"op": "Jump". "target": 5066}')
+1832: setfield_gc(ConstPtr(ptr129), ConstPtr(ptr79), descr=<FieldP rpyeffect.region.PtrRef.inst_value 8>)
+1836: jump(p0, p76, p2, p3, p4, i11, i13, i15, i17, i19, i21, i23, i25, i27, i29, i31, i33, i35, i37, i124, p50, p52, p54, p56, p58, p60, p62, p64, p66, p68, p70, descr=TargetToken(4433661648))
+1844: --end of the loop--
[7c34465] jit-log-opt-loop}
[22fd7f77] {jit-summary
Tracing:      	1	0.002675
Backend:      	1	0.000291
TOTAL:      		0.462638
ops:             	11473
heapcached ops:  	1097
recorded ops:    	6084
  calls:         	5303
guards:          	296
opt ops:         	403
opt guards:      	16
opt guards shared:	12
forcings:        	0
abort: trace too long:	0
abort: compiling:	0
abort: vable escape:	0
abort: bad loop: 	0
abort: force quasi-immut:	0
abort: segmenting trace:	0
virtualizables forced:	0
nvirtuals:       	2
nvholes:         	0
nvreused:        	0
vecopt tried:    	0
vecopt success:  	0
Total # of loops:	1
Total # of bridges:	0
Freed # of loops:	0
Freed # of bridges:	0
[22fdad5d] jit-summary}
