[18100df] {jit-summary
Tracing:      	1	0.000742
Backend:      	1	0.000183
TOTAL:      		0.019166
ops:             	1426
heapcached ops:  	206
recorded ops:    	251
  calls:         	40
guards:          	60
opt ops:         	100
opt guards:      	14
opt guards shared:	11
forcings:        	0
abort: trace too long:	0
abort: compiling:	0
abort: vable escape:	0
abort: bad loop: 	0
abort: force quasi-immut:	0
abort: segmenting trace:	0
virtualizables forced:	0
nvirtuals:       	2
nvholes:         	0
nvreused:        	0
vecopt tried:    	0
vecopt success:  	0
Total # of loops:	1
Total # of bridges:	0
Freed # of loops:	0
Freed # of bridges:	0
[18166ec] jit-summary}
