[98b00d] {jit-log-opt-loop
# Loop 1 (217<main.rpyeffect:209([mcore:[#30]#533])>+0: {"op": "Push", "target": 216, "args": {"num": [0, 1], "ptr": []}}) : loop with 315 ops
[p0, p1, p2, p3, p4]
+488: p5 = getfield_gc_r(p2, descr=<FieldP rpyeffect.environment.Environment.inst_values_num 16>)
+496: i7 = getarrayitem_gc_i(p5, 0, descr=<ArrayS 8>)
+500: i9 = getarrayitem_gc_i(p5, 1, descr=<ArrayS 8>)
+504: i11 = getarrayitem_gc_i(p5, 2, descr=<ArrayS 8>)
+508: i13 = getarrayitem_gc_i(p5, 3, descr=<ArrayS 8>)
+512: i15 = getarrayitem_gc_i(p5, 4, descr=<ArrayS 8>)
+516: i17 = getarrayitem_gc_i(p5, 5, descr=<ArrayS 8>)
+520: i19 = getarrayitem_gc_i(p5, 6, descr=<ArrayS 8>)
+524: i21 = getarrayitem_gc_i(p5, 7, descr=<ArrayS 8>)
+528: i23 = getarrayitem_gc_i(p5, 8, descr=<ArrayS 8>)
+532: i25 = getarrayitem_gc_i(p5, 9, descr=<ArrayS 8>)
+536: i27 = getarrayitem_gc_i(p5, 10, descr=<ArrayS 8>)
+540: i29 = getarrayitem_gc_i(p5, 11, descr=<ArrayS 8>)
+544: i31 = getarrayitem_gc_i(p5, 12, descr=<ArrayS 8>)
+548: i33 = getarrayitem_gc_i(p5, 13, descr=<ArrayS 8>)
+552: i35 = getarrayitem_gc_i(p5, 14, descr=<ArrayS 8>)
+560: i37 = getarrayitem_gc_i(p5, 15, descr=<ArrayS 8>)
+564: p38 = getfield_gc_r(p2, descr=<FieldP rpyeffect.environment.Environment.inst_values_ptr 24>)
+568: p40 = getarrayitem_gc_r(p38, 0, descr=<ArrayP 8>)
+576: p42 = getarrayitem_gc_r(p38, 1, descr=<ArrayP 8>)
+584: p44 = getarrayitem_gc_r(p38, 2, descr=<ArrayP 8>)
+592: p46 = getarrayitem_gc_r(p38, 3, descr=<ArrayP 8>)
+600: p48 = getarrayitem_gc_r(p38, 4, descr=<ArrayP 8>)
+608: p50 = getarrayitem_gc_r(p38, 5, descr=<ArrayP 8>)
+616: p52 = getarrayitem_gc_r(p38, 6, descr=<ArrayP 8>)
+624: p54 = getarrayitem_gc_r(p38, 7, descr=<ArrayP 8>)
+632: p56 = getarrayitem_gc_r(p38, 8, descr=<ArrayP 8>)
+640: p58 = getarrayitem_gc_r(p38, 9, descr=<ArrayP 8>)
+648: p60 = getarrayitem_gc_r(p38, 10, descr=<ArrayP 8>)
+656: p62 = getarrayitem_gc_r(p38, 11, descr=<ArrayP 8>)
+664: p64 = getarrayitem_gc_r(p38, 12, descr=<ArrayP 8>)
+672: p66 = getarrayitem_gc_r(p38, 13, descr=<ArrayP 8>)
+680: p68 = getarrayitem_gc_r(p38, 14, descr=<ArrayP 8>)
+688: p70 = getarrayitem_gc_r(p38, 15, descr=<ArrayP 8>)
+692: label(p0, p1, p2, p3, p4, i7, i9, i11, i13, i15, i17, i19, i21, i23, i25, i27, i29, i31, i33, i35, i37, p40, p42, p44, p46, p48, p50, p52, p54, p56, p58, p60, p62, p64, p66, p68, p70, descr=TargetToken(5505734784))
debug_merge_point(0, 0, '217<main.rpyeffect:209([mcore:[#30]#533])>+0: {"op": "Push". "target": 216. "args": {"num": [0. 1]. "ptr": []}}')
+748: guard_not_invalidated(descr=<Guard0x1482d6338>) [p2, i7, i9, i11, i13, i15, i17, i19, i21, i23, i25, i27, i29, i31, i33, i35, i37, p40, p42, p44, p46, p48, p50, p52, p54, p56, p58, p60, p62, p64, p66, p68, p70, p0, p1, p3, p4]
debug_merge_point(0, 0, '217<main.rpyeffect:209([mcore:[#30]#533])>+1: {"op": "Copy". "type": "num". "from": 1. "to". 0}')
debug_merge_point(0, 0, '217<main.rpyeffect:209([mcore:[#30]#533])>+2: {"op": "Jump". "target": 37}')
debug_merge_point(0, 0, '37<main.rpyeffect:29(Name(>_2))>+0: {"op": "New". "out": 0. "targets": [30. 32. 34. 36]. "args": {"num": [0]. "ptr": []}}')
debug_merge_point(0, 0, '37<main.rpyeffect:29(Name(>_2))>+1: {"op": "Return". "args": {"num": []. "ptr": [0]}}')
debug_merge_point(0, 0, '216<main.rpyeffect:208([k@[mcore:[#30]#533]#535])>+0: {"op": "Push". "target": 215. "args": {"num": [0. 1]. "ptr": []}}')
debug_merge_point(0, 0, '216<main.rpyeffect:208([k@[mcore:[#30]#533]#535])>+1: {"op": "Invoke". "receiver": 0. "tag": Interned(%apply(n):n). "args" : {"num": [0]. "ptr": []}}')
debug_merge_point(0, 0, '30<main.rpyeffect:22([method_%apply(n):n@Name(>_2)#67])>+0: {"op": "Jump". "target": 28}')
debug_merge_point(0, 0, '28<main.rpyeffect:20([mcore:[#11]#63])>+0: {"op": "PrimOp". "name": "infixGt(Int. Int): Boolean". "out": {"num": [0]. "ptr": []}. "in": {"num": [1. 0]. "ptr": []}}')
+752: i71 = int_gt(i9, i7)
guard_false(i71, descr=<Guard0x1482b5260>) [p2, i7, i9, i11, i13, i15, i17, i19, i21, i23, i25, i27, i29, i31, i33, i35, i37, p40, p42, p44, p46, p48, p50, p52, p54, p56, p58, p60, p62, p64, p66, p68, p70, p0, p1, p3, p4]
debug_merge_point(0, 0, '28<main.rpyeffect:20([mcore:[#11]#63])>+1: {"op": "Return". "args": {"num": [0]. "ptr": []}}')
debug_merge_point(0, 0, '215<main.rpyeffect:207([k@[k@[mcore:[#30]#533]#535]#537])>+0: {"op": "Switch". "scrutinee": 0. "values": [1]. "targets": [207]. "default": 214}')
+760: guard_nonnull(p1, descr=<Guard0x1482b52a0>) [p2, i7, i9, i11, i13, i15, i17, i19, i21, i23, i25, i27, i29, i31, i33, i35, i37, p40, p42, p44, p46, p48, p50, p52, p54, p56, p58, p60, p62, p64, p66, p68, p70, p0, p1, p3, p4]
+772: i72 = getfield_gc_i(p1, descr=<FieldS rpyeffect.stored_environment.Stack__arb_arb.inst_target 16 pure>)
+780: guard_value(i72, 306, descr=<Guard0x1482b52e0>) [p2, i7, i9, i11, i13, i15, i17, i19, i21, i23, i25, i27, i29, i31, i33, i35, i37, p40, p42, p44, p46, p48, p50, p52, p54, p56, p58, p60, p62, p64, p66, p68, p70, p0, p1, p3, p4]
debug_merge_point(0, 0, '214<main.rpyeffect:206([switch default case#540])>+0: {"op": "Swap". "type": "num". "a": 2. "b". 0}')
debug_merge_point(0, 0, '214<main.rpyeffect:206([switch default case#540])>+1: {"op": "Swap". "type": "num". "a": 1. "b". 0}')
debug_merge_point(0, 0, '214<main.rpyeffect:206([switch default case#540])>+2: {"op": "Switch". "scrutinee": 2. "values": [0]. "targets": [212]. "default": 213}')
debug_merge_point(0, 0, '212<main.rpyeffect:204([switch case for 0#541])>+0: {"op": "Const". "type": "num". "out": 2. "value": 0}')
debug_merge_point(0, 0, '212<main.rpyeffect:204([switch case for 0#541])>+1: {"op": "Const". "type": "ptr". "out": 0. "format": "string". "value": "Name(Emit_0)"}')
debug_merge_point(0, 0, '212<main.rpyeffect:204([switch case for 0#541])>+2: {"op": "PrimOp". "name": "getGlobal(String): Ptr". "out": {"num": []. "ptr": [0]}. "in": {"num": []. "ptr": [0]}}')
debug_merge_point(0, 0, '212<main.rpyeffect:204([switch case for 0#541])>+3: {"op": "GetDynamic". "out": 0. "n": 2. "label": 0}')
+792: guard_nonnull(p4, descr=<Guard0x1482b5320>) [p2, i7, i9, i11, i13, i15, i17, i19, i21, i23, i25, i27, i29, i31, i33, i35, i37, p40, p42, p44, p46, p48, p50, p52, p54, p56, p58, p60, p62, p64, p66, p68, p70, p0, p1, p3, p4]
+804: i74 = getfield_gc_i(p0, descr=<FieldS rpyeffect.stack.Label.inst_origin 8 pure>)
+812: guard_value(i74, 327711, descr=<Guard0x1482b5360>) [p2, i7, i9, i11, i13, i15, i17, i19, i21, i23, i25, i27, i29, i31, i33, i35, i37, p40, p42, p44, p46, p48, p50, p52, p54, p56, p58, p60, p62, p64, p66, p68, p70, p0, p1, p3, p4]
+832: i77 = instance_ptr_eq(p0, ConstPtr(ptr76))
guard_true(i77, descr=<Guard0x1482b53a0>) [p2, i7, i9, i11, i13, i15, i17, i19, i21, i23, i25, i27, i29, i31, i33, i35, i37, p40, p42, p44, p46, p48, p50, p52, p54, p56, p58, p60, p62, p64, p66, p68, p70, p0, p1, p3, p4]
debug_merge_point(0, 0, '212<main.rpyeffect:204([switch case for 0#541])>+4: {"op": "Push". "target": 211. "args": {"num": [0. 1]. "ptr": []}}')
debug_merge_point(0, 0, '212<main.rpyeffect:204([switch case for 0#541])>+5: {"op": "Copy". "type": "num". "from": 1. "to". 0}')
debug_merge_point(0, 0, '212<main.rpyeffect:204([switch case for 0#541])>+6: {"op": "Invoke". "receiver": 0. "tag": Interned(%Emit_0(n):p). "args" : {"num": [0]. "ptr": []}}')
+840: p78 = getfield_gc_r(p4, descr=<FieldP rpyeffect.stored_environment.CoData__arb_arb.inst_vtable 24 pure>)
+852: guard_value(p78, ConstPtr(ptr79), descr=<Guard0x1482b53e0>) [p2, i7, i9, i11, i13, i15, i17, i19, i21, i23, i25, i27, i29, i31, i33, i35, i37, p40, p42, p44, p46, p48, p50, p52, p54, p56, p58, p60, p62, p64, p66, p68, p70, p0, p1, p3, p4]
debug_merge_point(0, 0, '296<main.rpyeffect:288([method_%Emit_0(n):p@[mcore:[#46]#810]#812])>+0: {"op": "Const". "type": "num". "out": 1. "value": 0}')
debug_merge_point(0, 0, '296<main.rpyeffect:288([method_%Emit_0(n):p@[mcore:[#46]#810]#812])>+1: {"op": "Const". "type": "ptr". "out": 0. "format": "string". "value": "Name(Emit_0)"}')
debug_merge_point(0, 0, '296<main.rpyeffect:288([method_%Emit_0(n):p@[mcore:[#46]#810]#812])>+2: {"op": "PrimOp". "name": "getGlobal(String): Ptr". "out": {"num": []. "ptr": [0]}. "in": {"num": []. "ptr": [0]}}')
debug_merge_point(0, 0, '296<main.rpyeffect:288([method_%Emit_0(n):p@[mcore:[#46]#810]#812])>+3: {"op": "ShiftDyn". "out": 0. "n": 1. "label": 0}')
+860: guard_nonnull_class(p3, ConstClass(MetaStackWithBinding), descr=<Guard0x1482d6390>) [p2, i7, i9, i11, i13, i15, i17, i19, i21, i23, i25, i27, i29, i31, i33, i35, i37, p40, p42, p44, p46, p48, p50, p52, p54, p56, p58, p60, p62, p64, p66, p68, p70, p0, p1, p3, p4]
+888: p81 = getfield_gc_r(p3, descr=<FieldP rpyeffect.stack.MetaStackLike.inst_stack 8 pure>)
+892: p82 = getfield_gc_r(p3, descr=<FieldP rpyeffect.stack.MetaStack.inst_label 16 pure>)
+896: p83 = getfield_gc_r(p3, descr=<FieldP rpyeffect.stack.MetaStackWithBinding.inst_binding 40 pure>)
+900: p84 = getfield_gc_r(p3, descr=<FieldP rpyeffect.stack.MetaStack.inst_tail 32 pure>)
+904: guard_nonnull(p81, descr=<Guard0x1482b5420>) [p2, i7, i9, i11, i13, i15, i17, i19, i21, i23, i25, i27, i29, i31, i33, i35, i37, p40, p42, p44, p46, p48, p50, p52, p54, p56, p58, p60, p62, p64, p66, p68, p70, p0, p1, p3, p4]
+912: i85 = getfield_gc_i(p81, descr=<FieldS rpyeffect.stored_environment.Stack__arb_arb.inst_target 16 pure>)
+916: guard_value(i85, 288, descr=<Guard0x1482b5460>) [p2, i7, i9, i11, i13, i15, i17, i19, i21, i23, i25, i27, i29, i31, i33, i35, i37, p40, p42, p44, p46, p48, p50, p52, p54, p56, p58, p60, p62, p64, p66, p68, p70, p0, p1, p3, p4]
debug_merge_point(0, 0, '296<main.rpyeffect:288([method_%Emit_0(n):p@[mcore:[#46]#810]#812])>+4: {"op": "Const". "type": "num". "out": 1. "value": 0}')
debug_merge_point(0, 0, '296<main.rpyeffect:288([method_%Emit_0(n):p@[mcore:[#46]#810]#812])>+5: {"op": "Const". "type": "ptr". "out": 1. "format": "string". "value": "Name(Get_1)"}')
debug_merge_point(0, 0, '296<main.rpyeffect:288([method_%Emit_0(n):p@[mcore:[#46]#810]#812])>+6: {"op": "PrimOp". "name": "getGlobal(String): Ptr". "out": {"num": []. "ptr": [1]}. "in": {"num": []. "ptr": [1]}}')
debug_merge_point(0, 0, '296<main.rpyeffect:288([method_%Emit_0(n):p@[mcore:[#46]#810]#812])>+7: {"op": "GetDynamic". "out": 1. "n": 1. "label": 1}')
+928: guard_nonnull(p83, descr=<Guard0x1482b54a0>) [p2, i7, i9, i11, i13, i15, i17, i19, i21, i23, i25, i27, i29, i31, i33, i35, i37, p40, p42, p44, p46, p48, p50, p52, p54, p56, p58, p60, p62, p64, p66, p68, p70, p0, p1, p3, p4]
+936: i87 = getfield_gc_i(p82, descr=<FieldS rpyeffect.stack.Label.inst_origin 8 pure>)
+940: guard_value(i87, 327721, descr=<Guard0x148304320>) [p2, i7, i9, i11, i13, i15, i17, i19, i21, i23, i25, i27, i29, i31, i33, i35, i37, p40, p42, p44, p46, p48, p50, p52, p54, p56, p58, p60, p62, p64, p66, p68, p70, p0, p1, p3, p4]
+960: i90 = instance_ptr_eq(p82, ConstPtr(ptr89))
guard_false(i90, descr=<Guard0x1483042e0>) [p2, i7, i9, i11, i13, i15, i17, i19, i21, i23, i25, i27, i29, i31, i33, i35, i37, p40, p42, p44, p46, p48, p50, p52, p54, p56, p58, p60, p62, p64, p66, p68, p70, p0, p1, p3, p4]
+968: guard_nonnull_class(p84, ConstClass(MetaStackWithBinding), descr=<Guard0x1482d6498>) [p2, i7, i9, i11, i13, i15, i17, i19, i21, i23, i25, i27, i29, i31, i33, i35, i37, p40, p42, p44, p46, p48, p50, p52, p54, p56, p58, p60, p62, p64, p66, p68, p70, p0, p1, p3, p4]
+992: p92 = getfield_gc_r(p84, descr=<FieldP rpyeffect.stack.MetaStack.inst_label 16 pure>)
+996: i93 = getfield_gc_i(p92, descr=<FieldS rpyeffect.stack.Label.inst_origin 8 pure>)
+1000: guard_value(i93, 327716, descr=<Guard0x1483042a0>) [p2, i7, i9, i11, i13, i15, i17, i19, i21, i23, i25, i27, i29, i31, i33, i35, i37, p40, p42, p44, p46, p48, p50, p52, p54, p56, p58, p60, p62, p64, p66, p68, p70, p0, p1, p3, p4]
+1016: i96 = instance_ptr_eq(p92, ConstPtr(ptr95))
guard_true(i96, descr=<Guard0x148304260>) [p2, i7, i9, i11, i13, i15, i17, i19, i21, i23, i25, i27, i29, i31, i33, i35, i37, p40, p42, p44, p46, p48, p50, p52, p54, p56, p58, p60, p62, p64, p66, p68, p70, p0, p1, p3, p4]
+1024: p97 = getfield_gc_r(p84, descr=<FieldP rpyeffect.stack.MetaStackWithBinding.inst_binding 40 pure>)
debug_merge_point(0, 0, '296<main.rpyeffect:288([method_%Emit_0(n):p@[mcore:[#46]#810]#812])>+8: {"op": "Construct". "out": 2. "type": Interned({"op": "eff$Tuple". "elements": []}). "tag": Interned({"op": "eff$Tuple". "elements": []}). "args": {"num": []. "ptr": []}}')
debug_merge_point(0, 0, '296<main.rpyeffect:288([method_%Emit_0(n):p@[mcore:[#46]#810]#812])>+9: {"op": "Push". "target": 295. "args": {"num": [0]. "ptr": [0]}}')
debug_merge_point(0, 0, '296<main.rpyeffect:288([method_%Emit_0(n):p@[mcore:[#46]#810]#812])>+10: {"op": "Copy". "type": "ptr". "from": 2. "to". 0}')
debug_merge_point(0, 0, '296<main.rpyeffect:288([method_%Emit_0(n):p@[mcore:[#46]#810]#812])>+11: {"op": "Invoke". "receiver": 1. "tag": Interned(%Get_1(p):n). "args" : {"num": []. "ptr": [0]}}')
+1028: p98 = getfield_gc_r(p97, descr=<FieldP rpyeffect.stored_environment.CoData__arb_arb.inst_vtable 24 pure>)
+1036: guard_value(p98, ConstPtr(ptr99), descr=<Guard0x148304220>) [p2, i7, i9, i11, i13, i15, i17, i19, i21, i23, i25, i27, i29, i31, i33, i35, i37, p40, p42, p44, p46, p48, p50, p52, p54, p56, p58, p60, p62, p64, p66, p68, p70, p0, p1, p3, p4]
+1044: p100 = getfield_gc_r(p97, descr=<FieldP rpyeffect.stored_environment.CoData__0_1.inst_values_ptr_0 32 pure>)
debug_merge_point(0, 0, '254<main.rpyeffect:246([method_%Get_1(p):n@[mcore:[#39]#608]#642])>+0: {"op": "Const". "type": "num". "out": 0. "value": 0}')
debug_merge_point(0, 0, '254<main.rpyeffect:246([method_%Get_1(p):n@[mcore:[#39]#608]#642])>+1: {"op": "ShiftDyn". "out": 1. "n": 0. "label": 1}')
+1048: i101 = getfield_gc_i(p100, descr=<FieldS rpyeffect.stack.Label.inst_origin 8 pure>)
+1052: guard_value(i101, 295936, descr=<Guard0x1483041e0>) [p2, i7, i9, i11, i13, i15, i17, i19, i21, i23, i25, i27, i29, i31, i33, i35, i37, p40, p42, p44, p46, p48, p50, p52, p54, p56, p58, p60, p62, p64, p66, p68, p70, p0, p1, p3, p4]
+1068: p103 = getfield_gc_r(p84, descr=<FieldP rpyeffect.stack.MetaStack.inst_region 24 pure>)
+1072: guard_isnull(p103, descr=<Guard0x1483041a0>) [p2, i7, i9, i11, i13, i15, i17, i19, i21, i23, i25, i27, i29, i31, i33, i35, i37, p40, p42, p44, p46, p48, p50, p52, p54, p56, p58, p60, p62, p64, p66, p68, p70, p0, p1, p3, p4]
+1080: p104 = getfield_gc_r(p84, descr=<FieldP rpyeffect.stack.MetaStack.inst_tail 32 pure>)
+1084: p105 = getfield_gc_r(p104, descr=<FieldP rpyeffect.stack.MetaStack.inst_region 24 pure>)
+1088: guard_isnull(p105, descr=<Guard0x148304160>) [p2, i7, i9, i11, i13, i15, i17, i19, i21, i23, i25, i27, i29, i31, i33, i35, i37, p40, p42, p44, p46, p48, p50, p52, p54, p56, p58, p60, p62, p64, p66, p68, p70, p0, p1, p3, p4]
+1096: p106 = getfield_gc_r(p104, descr=<FieldP rpyeffect.stack.MetaStack.inst_label 16 pure>)
+1100: i107 = getfield_gc_i(p106, descr=<FieldS rpyeffect.stack.Label.inst_origin 8 pure>)
+1104: guard_value(i107, 295936, descr=<Guard0x148304120>) [p2, i7, i9, i11, i13, i15, i17, i19, i21, i23, i25, i27, i29, i31, i33, i35, i37, p40, p42, p44, p46, p48, p50, p52, p54, p56, p58, p60, p62, p64, p66, p68, p70, p0, p1, p3, p4]
+1120: i109 = instance_ptr_eq(p106, p100)
guard_true(i109, descr=<Guard0x1483040e0>) [p2, i7, i9, i11, i13, i15, i17, i19, i21, i23, i25, i27, i29, i31, i33, i35, i37, p40, p42, p44, p46, p48, p50, p52, p54, p56, p58, p60, p62, p64, p66, p68, p70, p0, p1, p3, p4]
+1128: p110 = getfield_gc_r(p104, descr=<FieldP rpyeffect.stack.MetaStackLike.inst_stack 8 pure>)
+1132: guard_class(p104, 4379569896, descr=<Guard0x1483040a0>) [p2, i7, i9, i11, i13, i15, i17, i19, i21, i23, i25, i27, i29, i31, i33, i35, i37, p40, p42, p44, p46, p48, p50, p52, p54, p56, p58, p60, p62, p64, p66, p68, p70, p0, p1, p3, p4]
+1148: p112 = getfield_gc_r(p104, descr=<FieldP rpyeffect.stack.MetaStack.inst_tail 32 pure>)
+1152: p113 = getfield_gc_r(p84, descr=<FieldP rpyeffect.stack.MetaStackLike.inst_stack 8 pure>)
+1156: guard_nonnull_class(p112, 4379569896, descr=<Guard0x1482d6440>) [p2, i7, i9, i11, i13, i15, i17, i19, i21, i23, i25, i27, i29, i31, i33, i35, i37, p40, p42, p44, p46, p48, p50, p52, p54, p56, p58, p60, p62, p64, p66, p68, p70, p0, p1, p3, p4]
+1180: p115 = getfield_gc_r(p112, descr=<FieldP rpyeffect.stack.MetaStackLike.inst_stack 8 pure>)
+1184: p116 = getfield_gc_r(p112, descr=<FieldP rpyeffect.stack.MetaStack.inst_label 16 pure>)
+1188: p117 = getfield_gc_r(p112, descr=<FieldP rpyeffect.stack.MetaStack.inst_tail 32 pure>)
+1192: guard_nonnull(p115, descr=<Guard0x148304060>) [p2, i7, i9, i11, i13, i15, i17, i19, i21, i23, i25, i27, i29, i31, i33, i35, i37, p40, p42, p44, p46, p48, p50, p52, p54, p56, p58, p60, p62, p64, p66, p68, p70, p0, p1, p3, p4]
+1200: i118 = getfield_gc_i(p115, descr=<FieldS rpyeffect.stored_environment.Stack__arb_arb.inst_target 16 pure>)
+1204: guard_value(i118, 231, descr=<Guard0x148304020>) [p2, i7, i9, i11, i13, i15, i17, i19, i21, i23, i25, i27, i29, i31, i33, i35, i37, p40, p42, p44, p46, p48, p50, p52, p54, p56, p58, p60, p62, p64, p66, p68, p70, p0, p1, p3, p4]
debug_merge_point(0, 0, '254<main.rpyeffect:246([method_%Get_1(p):n@[mcore:[#39]#608]#642])>+2: {"op": "Swap". "type": "ptr". "a": 0. "b". 1}')
debug_merge_point(0, 0, '254<main.rpyeffect:246([method_%Get_1(p):n@[mcore:[#39]#608]#642])>+3: {"op": "Match". "type": Interned({"op": "eff$Tuple". "elements": []}). "scrutinee": 1. "clauses": [{"tag": Interned({"op": "eff$Tuple". "elements": []}). "target": 253. "args": {"num": []. "ptr": []}}]. "default": {"tag": Interned(eed790d6-0e9d-44dd-a9ff-8836dfe1b6be#[Missing Tag#1088]). "target": 244. "args": {"num": []. "ptr": []}}}')
debug_merge_point(0, 0, '253<main.rpyeffect:245([#651])>+0: {"op": "New". "out": 0. "targets": [246. 248. 250. 252]. "args": {"num": []. "ptr": [0]}}')
debug_merge_point(0, 0, '253<main.rpyeffect:245([#651])>+1: {"op": "Return". "args": {"num": []. "ptr": [0]}}')
+1216: i120 = getfield_gc_i(p115, descr=<FieldS rpyeffect.stored_environment.Stack__1_0.inst_values_num_0 40 pure>)
+1220: p121 = getfield_gc_r(p115, descr=<FieldP rpyeffect.stored_environment.Stack__arb_arb.inst_tail 8 pure>)
+1224: guard_nonnull(p121, descr=<Guard0x1482b5fa0>) [p2, i7, i9, i11, i13, i15, i17, i19, i21, i23, i25, i27, i29, i31, i33, i35, i37, p40, p42, p44, p46, p48, p50, p52, p54, p56, p58, p60, p62, p64, p66, p68, p70, p0, p1, p3, p4]
+1232: i122 = getfield_gc_i(p121, descr=<FieldS rpyeffect.stored_environment.Stack__arb_arb.inst_target 16 pure>)
+1240: guard_value(i122, 1, descr=<Guard0x1482b5f60>) [p2, i7, i9, i11, i13, i15, i17, i19, i21, i23, i25, i27, i29, i31, i33, i35, i37, p40, p42, p44, p46, p48, p50, p52, p54, p56, p58, p60, p62, p64, p66, p68, p70, p0, p1, p3, p4]
debug_merge_point(0, 0, '231<main.rpyeffect:223([k@[mcore:[#36]#602]#606])>+0: {"op": "Invoke". "receiver": 0. "tag": Interned(%apply(n):n). "args" : {"num": [0]. "ptr": []}}')
debug_merge_point(0, 0, '246<main.rpyeffect:238([method_%apply(n):n@[#651]#655])>+0: {"op": "Jump". "target": 229}')
debug_merge_point(0, 0, '229<main.rpyeffect:221([mcore:[#32]#599])>+0: {"op": "Push". "target": 228. "args": {"num": [0]. "ptr": []}}')
debug_merge_point(0, 0, '229<main.rpyeffect:221([mcore:[#32]#599])>+1: {"op": "Jump". "target": 227}')
debug_merge_point(0, 0, '227<main.rpyeffect:219(Name(k_72))>+0: {"op": "PushStack". "arg": 0}')
debug_merge_point(0, 0, '227<main.rpyeffect:219(Name(k_72))>+1: {"op": "Return". "args": {"num": [0]. "ptr": []}}')
debug_merge_point(0, 0, '295<main.rpyeffect:287([#830])>+0: {"op": "Push". "target": 294. "args": {"num": [1]. "ptr": [0]}}')
debug_merge_point(0, 0, '295<main.rpyeffect:287([#830])>+1: {"op": "Jump". "target": 143}')
debug_merge_point(0, 0, '143<main.rpyeffect:135(Name(+_27))>+0: {"op": "New". "out": 0. "targets": [136. 138. 140. 142]. "args": {"num": [0]. "ptr": []}}')
debug_merge_point(0, 0, '143<main.rpyeffect:135(Name(+_27))>+1: {"op": "Return". "args": {"num": []. "ptr": [0]}}')
debug_merge_point(0, 0, '294<main.rpyeffect:286([k@[#830]#832])>+0: {"op": "Push". "target": 293. "args": {"num": []. "ptr": [1]}}')
debug_merge_point(0, 0, '294<main.rpyeffect:286([k@[#830]#832])>+1: {"op": "Invoke". "receiver": 0. "tag": Interned(%apply(n):n). "args" : {"num": [0]. "ptr": []}}')
debug_merge_point(0, 0, '136<main.rpyeffect:128([method_%apply(n):n@Name(+_27)#347])>+0: {"op": "Jump". "target": 134}')
debug_merge_point(0, 0, '134<main.rpyeffect:126([mcore:[#20]#343])>+0: {"op": "PrimOp". "name": "infixAdd(Int. Int): Int". "out": {"num": [0]. "ptr": []}. "in": {"num": [1. 0]. "ptr": []}}')
+1252: i124 = int_add(i120, i9)
debug_merge_point(0, 0, '134<main.rpyeffect:126([mcore:[#20]#343])>+1: {"op": "Return". "args": {"num": [0]. "ptr": []}}')
debug_merge_point(0, 0, '293<main.rpyeffect:285([k@[k@[#830]#832]#834])>+0: {"op": "Const". "type": "num". "out": 1. "value": 0}')
debug_merge_point(0, 0, '293<main.rpyeffect:285([k@[k@[#830]#832]#834])>+1: {"op": "Const". "type": "ptr". "out": 1. "format": "string". "value": "Name(Set_2)"}')
debug_merge_point(0, 0, '293<main.rpyeffect:285([k@[k@[#830]#832]#834])>+2: {"op": "PrimOp". "name": "getGlobal(String): Ptr". "out": {"num": []. "ptr": [1]}. "in": {"num": []. "ptr": [1]}}')
debug_merge_point(0, 0, '293<main.rpyeffect:285([k@[k@[#830]#832]#834])>+3: {"op": "GetDynamic". "out": 1. "n": 1. "label": 1}')
+1260: i126 = instance_ptr_eq(p82, ConstPtr(ptr125))
guard_true(i126, descr=<Guard0x1482b5f20>) [p2, i7, i9, i11, i13, i15, i17, i19, i21, i23, i25, i27, i29, i31, i33, i35, i37, p40, p42, p44, p46, p48, p50, p52, p54, p56, p58, p60, p62, p64, p66, p68, p70, p0, p1, p3, p4]
debug_merge_point(0, 0, '293<main.rpyeffect:285([k@[k@[#830]#832]#834])>+4: {"op": "Push". "target": 292. "args": {"num": []. "ptr": [0]}}')
debug_merge_point(0, 0, '293<main.rpyeffect:285([k@[k@[#830]#832]#834])>+5: {"op": "Invoke". "receiver": 1. "tag": Interned(%Set_2(n):p). "args" : {"num": [0]. "ptr": []}}')
+1268: p127 = getfield_gc_r(p83, descr=<FieldP rpyeffect.stored_environment.CoData__arb_arb.inst_vtable 24 pure>)
+1280: guard_value(p127, ConstPtr(ptr128), descr=<Guard0x1482b5ee0>) [p2, i7, i9, i11, i13, i15, i17, i19, i21, i23, i25, i27, i29, i31, i33, i35, i37, p40, p42, p44, p46, p48, p50, p52, p54, p56, p58, p60, p62, p64, p66, p68, p70, p0, p1, p3, p4]
+1288: p129 = getfield_gc_r(p83, descr=<FieldP rpyeffect.stored_environment.CoData__0_1.inst_values_ptr_0 32 pure>)
debug_merge_point(0, 0, '277<main.rpyeffect:269([method_%Set_2(n):p@[mcore:[#39]#608]#725])>+0: {"op": "Const". "type": "num". "out": 1. "value": 0}')
debug_merge_point(0, 0, '277<main.rpyeffect:269([method_%Set_2(n):p@[mcore:[#39]#608]#725])>+1: {"op": "ShiftDyn". "out": 0. "n": 1. "label": 0}')
+1292: i130 = getfield_gc_i(p129, descr=<FieldS rpyeffect.stack.Label.inst_origin 8 pure>)
+1296: guard_value(i130, 295936, descr=<Guard0x1482b5ea0>) [p2, i7, i9, i11, i13, i15, i17, i19, i21, i23, i25, i27, i29, i31, i33, i35, i37, p40, p42, p44, p46, p48, p50, p52, p54, p56, p58, p60, p62, p64, p66, p68, p70, p0, p1, p3, p4]
+1316: i132 = instance_ptr_eq(p106, p129)
guard_true(i132, descr=<Guard0x1482b5e60>) [p2, i7, i9, i11, i13, i15, i17, i19, i21, i23, i25, i27, i29, i31, i33, i35, i37, p40, p42, p44, p46, p48, p50, p52, p54, p56, p58, p60, p62, p64, p66, p68, p70, p0, p1, p3, p4]
debug_merge_point(0, 0, '277<main.rpyeffect:269([method_%Set_2(n):p@[mcore:[#39]#608]#725])>+2: {"op": "New". "out": 0. "targets": [270. 272. 274. 276]. "args": {"num": [0]. "ptr": [0]}}')
debug_merge_point(0, 0, '277<main.rpyeffect:269([method_%Set_2(n):p@[mcore:[#39]#608]#725])>+3: {"op": "Return". "args": {"num": []. "ptr": [0]}}')
debug_merge_point(0, 0, '228<main.rpyeffect:220([k@[mcore:[#32]#599]#601])>+0: {"op": "Invoke". "receiver": 0. "tag": Interned(%apply(n):n). "args" : {"num": [0]. "ptr": []}}')
debug_merge_point(0, 0, '270<main.rpyeffect:262([#734])>+0: {"op": "Jump". "target": 232}')
debug_merge_point(0, 0, '232<main.rpyeffect:224([mcore:[#36]#602])>+0: {"op": "Construct". "out": 1. "type": Interned({"op": "eff$Tuple". "elements": []}). "tag": Interned({"op": "eff$Tuple". "elements": []}). "args": {"num": []. "ptr": []}}')
debug_merge_point(0, 0, '232<main.rpyeffect:224([mcore:[#36]#602])>+1: {"op": "Push". "target": 231. "args": {"num": [1]. "ptr": []}}')
debug_merge_point(0, 0, '232<main.rpyeffect:224([mcore:[#36]#602])>+2: {"op": "Swap". "type": "ptr". "a": 0. "b". 1}')
debug_merge_point(0, 0, '232<main.rpyeffect:224([mcore:[#36]#602])>+3: {"op": "Jump". "target": 230}')
debug_merge_point(0, 0, '230<main.rpyeffect:222(Name(k_76))>+0: {"op": "PushStack". "arg": 1}')
debug_merge_point(0, 0, '230<main.rpyeffect:222(Name(k_76))>+1: {"op": "Return". "args": {"num": []. "ptr": [0]}}')
debug_merge_point(0, 0, '292<main.rpyeffect:284([k@[k@[k@[#830]#832]#834]#842])>+0: {"op": "Construct". "out": 0. "type": Interned({"op": "eff$Tuple". "elements": []}). "tag": Interned({"op": "eff$Tuple". "elements": []}). "args": {"num": []. "ptr": []}}')
debug_merge_point(0, 0, '292<main.rpyeffect:284([k@[k@[k@[#830]#832]#834]#842])>+1: {"op": "Jump". "target": 290}')
debug_merge_point(0, 0, '290<main.rpyeffect:282(Name(k_82))>+0: {"op": "PushStack". "arg": 1}')
debug_merge_point(0, 0, '290<main.rpyeffect:282(Name(k_82))>+1: {"op": "Return". "args": {"num": []. "ptr": [0]}}')
debug_merge_point(0, 0, '211<main.rpyeffect:203([k@[switch case for 0#541]#549])>+0: {"op": "Push". "target": 210. "args": {"num": [0]. "ptr": []}}')
debug_merge_point(0, 0, '211<main.rpyeffect:203([k@[switch case for 0#541]#549])>+1: {"op": "Copy". "type": "num". "from": 1. "to". 0}')
debug_merge_point(0, 0, '211<main.rpyeffect:203([k@[switch case for 0#541]#549])>+2: {"op": "Jump". "target": 143}')
debug_merge_point(0, 0, '143<main.rpyeffect:135(Name(+_27))>+0: {"op": "New". "out": 0. "targets": [136. 138. 140. 142]. "args": {"num": [0]. "ptr": []}}')
debug_merge_point(0, 0, '143<main.rpyeffect:135(Name(+_27))>+1: {"op": "Return". "args": {"num": []. "ptr": [0]}}')
debug_merge_point(0, 0, '210<main.rpyeffect:202([k@[k@[switch case for 0#541]#549]#551])>+0: {"op": "Const". "type": "num". "out": 1. "value": 1}')
debug_merge_point(0, 0, '210<main.rpyeffect:202([k@[k@[switch case for 0#541]#549]#551])>+1: {"op": "Push". "target": 209. "args": {"num": [0]. "ptr": []}}')
debug_merge_point(0, 0, '210<main.rpyeffect:202([k@[k@[switch case for 0#541]#549]#551])>+2: {"op": "Copy". "type": "num". "from": 1. "to". 0}')
debug_merge_point(0, 0, '210<main.rpyeffect:202([k@[k@[switch case for 0#541]#549]#551])>+3: {"op": "Invoke". "receiver": 0. "tag": Interned(%apply(n):n). "args" : {"num": [0]. "ptr": []}}')
debug_merge_point(0, 0, '136<main.rpyeffect:128([method_%apply(n):n@Name(+_27)#347])>+0: {"op": "Jump". "target": 134}')
debug_merge_point(0, 0, '134<main.rpyeffect:126([mcore:[#20]#343])>+0: {"op": "PrimOp". "name": "infixAdd(Int. Int): Int". "out": {"num": [0]. "ptr": []}. "in": {"num": [1. 0]. "ptr": []}}')
+1324: i134 = int_add(i9, 1)
debug_merge_point(0, 0, '134<main.rpyeffect:126([mcore:[#20]#343])>+1: {"op": "Return". "args": {"num": [0]. "ptr": []}}')
debug_merge_point(0, 0, '209<main.rpyeffect:201([#555])>+0: {"op": "Const". "type": "ptr". "out": 0. "format": "string". "value": "Name(Emit_0)"}')
debug_merge_point(0, 0, '209<main.rpyeffect:201([#555])>+1: {"op": "PrimOp". "name": "getGlobal(String): Ptr". "out": {"num": []. "ptr": [0]}. "in": {"num": []. "ptr": [0]}}')
debug_merge_point(0, 0, '209<main.rpyeffect:201([#555])>+2: {"op": "Push". "target": 208. "args": {"num": [1]. "ptr": []}}')
debug_merge_point(0, 0, '209<main.rpyeffect:201([#555])>+3: {"op": "Jump". "target": 226}')
debug_merge_point(0, 0, '226<main.rpyeffect:218(Name(range_48))>+0: {"op": "New". "out": 0. "targets": [219. 221. 223. 225]. "args": {"num": [0]. "ptr": []}}')
debug_merge_point(0, 0, '226<main.rpyeffect:218(Name(range_48))>+1: {"op": "Return". "args": {"num": []. "ptr": [0]}}')
debug_merge_point(0, 0, '208<main.rpyeffect:200([k@[#555]#560])>+0: {"op": "Invoke". "receiver": 0. "tag": Interned(%apply(n):p). "args" : {"num": [0]. "ptr": []}}')
debug_merge_point(0, 0, '219<main.rpyeffect:211([method_%apply(n):p@Name(range_48)#567])>+0: {"op": "Const". "type": "ptr". "out": 0. "format": "string". "value": "Name(Emit_0)"}')
debug_merge_point(0, 0, '219<main.rpyeffect:211([method_%apply(n):p@Name(range_48)#567])>+1: {"op": "PrimOp". "name": "getGlobal(String): Ptr". "out": {"num": []. "ptr": [0]}. "in": {"num": []. "ptr": [0]}}')
debug_merge_point(0, 0, '219<main.rpyeffect:211([method_%apply(n):p@Name(range_48)#567])>+2: {"op": "Jump". "target": 217}')
debug_merge_point(0, 0, '217<main.rpyeffect:209([mcore:[#30]#533])>+0: {"op": "Push". "target": 216. "args": {"num": [0. 1]. "ptr": []}}')
+1328: label(p0, p1, p2, p81, p82, p113, p92, p110, p106, p121, i124, p116, p117, p97, p83, p4, i7, i134, i13, i15, i17, i19, i21, i23, i25, i27, i29, i31, i33, i35, i37, i9, p46, p48, p50, p52, p54, p56, p58, p60, p62, p64, p66, p68, p70, p100, p129, descr=TargetToken(5505734864))
debug_merge_point(0, 0, '217<main.rpyeffect:209([mcore:[#30]#533])>+0: {"op": "Push". "target": 216. "args": {"num": [0. 1]. "ptr": []}}')
+1372: guard_not_invalidated(descr=<Guard0x1482d63e8>) [p2, i7, i134, i13, i15, i17, i19, i21, i23, i25, i27, i29, i31, i33, i35, i37, p46, p48, p50, p52, p54, p56, p58, p60, p62, p64, p66, p68, p70, p0, p1, p4, i124, p121, p117, p116, p106, p110, p97, p92, p113, p83, p82, p81, i9]
debug_merge_point(0, 0, '217<main.rpyeffect:209([mcore:[#30]#533])>+1: {"op": "Copy". "type": "num". "from": 1. "to". 0}')
debug_merge_point(0, 0, '217<main.rpyeffect:209([mcore:[#30]#533])>+2: {"op": "Jump". "target": 37}')
debug_merge_point(0, 0, '37<main.rpyeffect:29(Name(>_2))>+0: {"op": "New". "out": 0. "targets": [30. 32. 34. 36]. "args": {"num": [0]. "ptr": []}}')
debug_merge_point(0, 0, '37<main.rpyeffect:29(Name(>_2))>+1: {"op": "Return". "args": {"num": []. "ptr": [0]}}')
debug_merge_point(0, 0, '216<main.rpyeffect:208([k@[mcore:[#30]#533]#535])>+0: {"op": "Push". "target": 215. "args": {"num": [0. 1]. "ptr": []}}')
debug_merge_point(0, 0, '216<main.rpyeffect:208([k@[mcore:[#30]#533]#535])>+1: {"op": "Invoke". "receiver": 0. "tag": Interned(%apply(n):n). "args" : {"num": [0]. "ptr": []}}')
debug_merge_point(0, 0, '30<main.rpyeffect:22([method_%apply(n):n@Name(>_2)#67])>+0: {"op": "Jump". "target": 28}')
debug_merge_point(0, 0, '28<main.rpyeffect:20([mcore:[#11]#63])>+0: {"op": "PrimOp". "name": "infixGt(Int. Int): Boolean". "out": {"num": [0]. "ptr": []}. "in": {"num": [1. 0]. "ptr": []}}')
+1376: i135 = int_gt(i134, i7)
guard_false(i135, descr=<Guard0x1482b5e20>) [p2, i7, i134, i13, i15, i17, i19, i21, i23, i25, i27, i29, i31, i33, i35, i37, p46, p48, p50, p52, p54, p56, p58, p60, p62, p64, p66, p68, p70, p0, p1, p4, i124, p121, p117, p116, p106, p110, p97, p92, p113, p83, p82, p81, i9]
debug_merge_point(0, 0, '28<main.rpyeffect:20([mcore:[#11]#63])>+1: {"op": "Return". "args": {"num": [0]. "ptr": []}}')
debug_merge_point(0, 0, '215<main.rpyeffect:207([k@[k@[mcore:[#30]#533]#535]#537])>+0: {"op": "Switch". "scrutinee": 0. "values": [1]. "targets": [207]. "default": 214}')
debug_merge_point(0, 0, '214<main.rpyeffect:206([switch default case#540])>+0: {"op": "Swap". "type": "num". "a": 2. "b". 0}')
debug_merge_point(0, 0, '214<main.rpyeffect:206([switch default case#540])>+1: {"op": "Swap". "type": "num". "a": 1. "b". 0}')
debug_merge_point(0, 0, '214<main.rpyeffect:206([switch default case#540])>+2: {"op": "Switch". "scrutinee": 2. "values": [0]. "targets": [212]. "default": 213}')
debug_merge_point(0, 0, '212<main.rpyeffect:204([switch case for 0#541])>+0: {"op": "Const". "type": "num". "out": 2. "value": 0}')
debug_merge_point(0, 0, '212<main.rpyeffect:204([switch case for 0#541])>+1: {"op": "Const". "type": "ptr". "out": 0. "format": "string". "value": "Name(Emit_0)"}')
debug_merge_point(0, 0, '212<main.rpyeffect:204([switch case for 0#541])>+2: {"op": "PrimOp". "name": "getGlobal(String): Ptr". "out": {"num": []. "ptr": [0]}. "in": {"num": []. "ptr": [0]}}')
debug_merge_point(0, 0, '212<main.rpyeffect:204([switch case for 0#541])>+3: {"op": "GetDynamic". "out": 0. "n": 2. "label": 0}')
debug_merge_point(0, 0, '212<main.rpyeffect:204([switch case for 0#541])>+4: {"op": "Push". "target": 211. "args": {"num": [0. 1]. "ptr": []}}')
debug_merge_point(0, 0, '212<main.rpyeffect:204([switch case for 0#541])>+5: {"op": "Copy". "type": "num". "from": 1. "to". 0}')
debug_merge_point(0, 0, '212<main.rpyeffect:204([switch case for 0#541])>+6: {"op": "Invoke". "receiver": 0. "tag": Interned(%Emit_0(n):p). "args" : {"num": [0]. "ptr": []}}')
debug_merge_point(0, 0, '296<main.rpyeffect:288([method_%Emit_0(n):p@[mcore:[#46]#810]#812])>+0: {"op": "Const". "type": "num". "out": 1. "value": 0}')
debug_merge_point(0, 0, '296<main.rpyeffect:288([method_%Emit_0(n):p@[mcore:[#46]#810]#812])>+1: {"op": "Const". "type": "ptr". "out": 0. "format": "string". "value": "Name(Emit_0)"}')
debug_merge_point(0, 0, '296<main.rpyeffect:288([method_%Emit_0(n):p@[mcore:[#46]#810]#812])>+2: {"op": "PrimOp". "name": "getGlobal(String): Ptr". "out": {"num": []. "ptr": [0]}. "in": {"num": []. "ptr": [0]}}')
debug_merge_point(0, 0, '296<main.rpyeffect:288([method_%Emit_0(n):p@[mcore:[#46]#810]#812])>+3: {"op": "ShiftDyn". "out": 0. "n": 1. "label": 0}')
debug_merge_point(0, 0, '296<main.rpyeffect:288([method_%Emit_0(n):p@[mcore:[#46]#810]#812])>+4: {"op": "Const". "type": "num". "out": 1. "value": 0}')
debug_merge_point(0, 0, '296<main.rpyeffect:288([method_%Emit_0(n):p@[mcore:[#46]#810]#812])>+5: {"op": "Const". "type": "ptr". "out": 1. "format": "string". "value": "Name(Get_1)"}')
debug_merge_point(0, 0, '296<main.rpyeffect:288([method_%Emit_0(n):p@[mcore:[#46]#810]#812])>+6: {"op": "PrimOp". "name": "getGlobal(String): Ptr". "out": {"num": []. "ptr": [1]}. "in": {"num": []. "ptr": [1]}}')
debug_merge_point(0, 0, '296<main.rpyeffect:288([method_%Emit_0(n):p@[mcore:[#46]#810]#812])>+7: {"op": "GetDynamic". "out": 1. "n": 1. "label": 1}')
debug_merge_point(0, 0, '296<main.rpyeffect:288([method_%Emit_0(n):p@[mcore:[#46]#810]#812])>+8: {"op": "Construct". "out": 2. "type": Interned({"op": "eff$Tuple". "elements": []}). "tag": Interned({"op": "eff$Tuple". "elements": []}). "args": {"num": []. "ptr": []}}')
debug_merge_point(0, 0, '296<main.rpyeffect:288([method_%Emit_0(n):p@[mcore:[#46]#810]#812])>+9: {"op": "Push". "target": 295. "args": {"num": [0]. "ptr": [0]}}')
debug_merge_point(0, 0, '296<main.rpyeffect:288([method_%Emit_0(n):p@[mcore:[#46]#810]#812])>+10: {"op": "Copy". "type": "ptr". "from": 2. "to". 0}')
debug_merge_point(0, 0, '296<main.rpyeffect:288([method_%Emit_0(n):p@[mcore:[#46]#810]#812])>+11: {"op": "Invoke". "receiver": 1. "tag": Interned(%Get_1(p):n). "args" : {"num": []. "ptr": [0]}}')
debug_merge_point(0, 0, '254<main.rpyeffect:246([method_%Get_1(p):n@[mcore:[#39]#608]#642])>+0: {"op": "Const". "type": "num". "out": 0. "value": 0}')
debug_merge_point(0, 0, '254<main.rpyeffect:246([method_%Get_1(p):n@[mcore:[#39]#608]#642])>+1: {"op": "ShiftDyn". "out": 1. "n": 0. "label": 1}')
debug_merge_point(0, 0, '254<main.rpyeffect:246([method_%Get_1(p):n@[mcore:[#39]#608]#642])>+2: {"op": "Swap". "type": "ptr". "a": 0. "b". 1}')
debug_merge_point(0, 0, '254<main.rpyeffect:246([method_%Get_1(p):n@[mcore:[#39]#608]#642])>+3: {"op": "Match". "type": Interned({"op": "eff$Tuple". "elements": []}). "scrutinee": 1. "clauses": [{"tag": Interned({"op": "eff$Tuple". "elements": []}). "target": 253. "args": {"num": []. "ptr": []}}]. "default": {"tag": Interned(eed790d6-0e9d-44dd-a9ff-8836dfe1b6be#[Missing Tag#1088]). "target": 244. "args": {"num": []. "ptr": []}}}')
debug_merge_point(0, 0, '253<main.rpyeffect:245([#651])>+0: {"op": "New". "out": 0. "targets": [246. 248. 250. 252]. "args": {"num": []. "ptr": [0]}}')
debug_merge_point(0, 0, '253<main.rpyeffect:245([#651])>+1: {"op": "Return". "args": {"num": []. "ptr": [0]}}')
debug_merge_point(0, 0, '231<main.rpyeffect:223([k@[mcore:[#36]#602]#606])>+0: {"op": "Invoke". "receiver": 0. "tag": Interned(%apply(n):n). "args" : {"num": [0]. "ptr": []}}')
debug_merge_point(0, 0, '246<main.rpyeffect:238([method_%apply(n):n@[#651]#655])>+0: {"op": "Jump". "target": 229}')
debug_merge_point(0, 0, '229<main.rpyeffect:221([mcore:[#32]#599])>+0: {"op": "Push". "target": 228. "args": {"num": [0]. "ptr": []}}')
debug_merge_point(0, 0, '229<main.rpyeffect:221([mcore:[#32]#599])>+1: {"op": "Jump". "target": 227}')
debug_merge_point(0, 0, '227<main.rpyeffect:219(Name(k_72))>+0: {"op": "PushStack". "arg": 0}')
debug_merge_point(0, 0, '227<main.rpyeffect:219(Name(k_72))>+1: {"op": "Return". "args": {"num": [0]. "ptr": []}}')
debug_merge_point(0, 0, '295<main.rpyeffect:287([#830])>+0: {"op": "Push". "target": 294. "args": {"num": [1]. "ptr": [0]}}')
debug_merge_point(0, 0, '295<main.rpyeffect:287([#830])>+1: {"op": "Jump". "target": 143}')
debug_merge_point(0, 0, '143<main.rpyeffect:135(Name(+_27))>+0: {"op": "New". "out": 0. "targets": [136. 138. 140. 142]. "args": {"num": [0]. "ptr": []}}')
debug_merge_point(0, 0, '143<main.rpyeffect:135(Name(+_27))>+1: {"op": "Return". "args": {"num": []. "ptr": [0]}}')
debug_merge_point(0, 0, '294<main.rpyeffect:286([k@[#830]#832])>+0: {"op": "Push". "target": 293. "args": {"num": []. "ptr": [1]}}')
debug_merge_point(0, 0, '294<main.rpyeffect:286([k@[#830]#832])>+1: {"op": "Invoke". "receiver": 0. "tag": Interned(%apply(n):n). "args" : {"num": [0]. "ptr": []}}')
debug_merge_point(0, 0, '136<main.rpyeffect:128([method_%apply(n):n@Name(+_27)#347])>+0: {"op": "Jump". "target": 134}')
debug_merge_point(0, 0, '134<main.rpyeffect:126([mcore:[#20]#343])>+0: {"op": "PrimOp". "name": "infixAdd(Int. Int): Int". "out": {"num": [0]. "ptr": []}. "in": {"num": [1. 0]. "ptr": []}}')
+1384: i136 = int_add(i124, i134)
debug_merge_point(0, 0, '134<main.rpyeffect:126([mcore:[#20]#343])>+1: {"op": "Return". "args": {"num": [0]. "ptr": []}}')
debug_merge_point(0, 0, '293<main.rpyeffect:285([k@[k@[#830]#832]#834])>+0: {"op": "Const". "type": "num". "out": 1. "value": 0}')
debug_merge_point(0, 0, '293<main.rpyeffect:285([k@[k@[#830]#832]#834])>+1: {"op": "Const". "type": "ptr". "out": 1. "format": "string". "value": "Name(Set_2)"}')
debug_merge_point(0, 0, '293<main.rpyeffect:285([k@[k@[#830]#832]#834])>+2: {"op": "PrimOp". "name": "getGlobal(String): Ptr". "out": {"num": []. "ptr": [1]}. "in": {"num": []. "ptr": [1]}}')
debug_merge_point(0, 0, '293<main.rpyeffect:285([k@[k@[#830]#832]#834])>+3: {"op": "GetDynamic". "out": 1. "n": 1. "label": 1}')
debug_merge_point(0, 0, '293<main.rpyeffect:285([k@[k@[#830]#832]#834])>+4: {"op": "Push". "target": 292. "args": {"num": []. "ptr": [0]}}')
debug_merge_point(0, 0, '293<main.rpyeffect:285([k@[k@[#830]#832]#834])>+5: {"op": "Invoke". "receiver": 1. "tag": Interned(%Set_2(n):p). "args" : {"num": [0]. "ptr": []}}')
debug_merge_point(0, 0, '277<main.rpyeffect:269([method_%Set_2(n):p@[mcore:[#39]#608]#725])>+0: {"op": "Const". "type": "num". "out": 1. "value": 0}')
debug_merge_point(0, 0, '277<main.rpyeffect:269([method_%Set_2(n):p@[mcore:[#39]#608]#725])>+1: {"op": "ShiftDyn". "out": 0. "n": 1. "label": 0}')
debug_merge_point(0, 0, '277<main.rpyeffect:269([method_%Set_2(n):p@[mcore:[#39]#608]#725])>+2: {"op": "New". "out": 0. "targets": [270. 272. 274. 276]. "args": {"num": [0]. "ptr": [0]}}')
debug_merge_point(0, 0, '277<main.rpyeffect:269([method_%Set_2(n):p@[mcore:[#39]#608]#725])>+3: {"op": "Return". "args": {"num": []. "ptr": [0]}}')
debug_merge_point(0, 0, '228<main.rpyeffect:220([k@[mcore:[#32]#599]#601])>+0: {"op": "Invoke". "receiver": 0. "tag": Interned(%apply(n):n). "args" : {"num": [0]. "ptr": []}}')
debug_merge_point(0, 0, '270<main.rpyeffect:262([#734])>+0: {"op": "Jump". "target": 232}')
debug_merge_point(0, 0, '232<main.rpyeffect:224([mcore:[#36]#602])>+0: {"op": "Construct". "out": 1. "type": Interned({"op": "eff$Tuple". "elements": []}). "tag": Interned({"op": "eff$Tuple". "elements": []}). "args": {"num": []. "ptr": []}}')
debug_merge_point(0, 0, '232<main.rpyeffect:224([mcore:[#36]#602])>+1: {"op": "Push". "target": 231. "args": {"num": [1]. "ptr": []}}')
debug_merge_point(0, 0, '232<main.rpyeffect:224([mcore:[#36]#602])>+2: {"op": "Swap". "type": "ptr". "a": 0. "b". 1}')
debug_merge_point(0, 0, '232<main.rpyeffect:224([mcore:[#36]#602])>+3: {"op": "Jump". "target": 230}')
debug_merge_point(0, 0, '230<main.rpyeffect:222(Name(k_76))>+0: {"op": "PushStack". "arg": 1}')
debug_merge_point(0, 0, '230<main.rpyeffect:222(Name(k_76))>+1: {"op": "Return". "args": {"num": []. "ptr": [0]}}')
debug_merge_point(0, 0, '292<main.rpyeffect:284([k@[k@[k@[#830]#832]#834]#842])>+0: {"op": "Construct". "out": 0. "type": Interned({"op": "eff$Tuple". "elements": []}). "tag": Interned({"op": "eff$Tuple". "elements": []}). "args": {"num": []. "ptr": []}}')
debug_merge_point(0, 0, '292<main.rpyeffect:284([k@[k@[k@[#830]#832]#834]#842])>+1: {"op": "Jump". "target": 290}')
debug_merge_point(0, 0, '290<main.rpyeffect:282(Name(k_82))>+0: {"op": "PushStack". "arg": 1}')
debug_merge_point(0, 0, '290<main.rpyeffect:282(Name(k_82))>+1: {"op": "Return". "args": {"num": []. "ptr": [0]}}')
debug_merge_point(0, 0, '211<main.rpyeffect:203([k@[switch case for 0#541]#549])>+0: {"op": "Push". "target": 210. "args": {"num": [0]. "ptr": []}}')
debug_merge_point(0, 0, '211<main.rpyeffect:203([k@[switch case for 0#541]#549])>+1: {"op": "Copy". "type": "num". "from": 1. "to". 0}')
debug_merge_point(0, 0, '211<main.rpyeffect:203([k@[switch case for 0#541]#549])>+2: {"op": "Jump". "target": 143}')
debug_merge_point(0, 0, '143<main.rpyeffect:135(Name(+_27))>+0: {"op": "New". "out": 0. "targets": [136. 138. 140. 142]. "args": {"num": [0]. "ptr": []}}')
debug_merge_point(0, 0, '143<main.rpyeffect:135(Name(+_27))>+1: {"op": "Return". "args": {"num": []. "ptr": [0]}}')
debug_merge_point(0, 0, '210<main.rpyeffect:202([k@[k@[switch case for 0#541]#549]#551])>+0: {"op": "Const". "type": "num". "out": 1. "value": 1}')
debug_merge_point(0, 0, '210<main.rpyeffect:202([k@[k@[switch case for 0#541]#549]#551])>+1: {"op": "Push". "target": 209. "args": {"num": [0]. "ptr": []}}')
debug_merge_point(0, 0, '210<main.rpyeffect:202([k@[k@[switch case for 0#541]#549]#551])>+2: {"op": "Copy". "type": "num". "from": 1. "to". 0}')
debug_merge_point(0, 0, '210<main.rpyeffect:202([k@[k@[switch case for 0#541]#549]#551])>+3: {"op": "Invoke". "receiver": 0. "tag": Interned(%apply(n):n). "args" : {"num": [0]. "ptr": []}}')
debug_merge_point(0, 0, '136<main.rpyeffect:128([method_%apply(n):n@Name(+_27)#347])>+0: {"op": "Jump". "target": 134}')
debug_merge_point(0, 0, '134<main.rpyeffect:126([mcore:[#20]#343])>+0: {"op": "PrimOp". "name": "infixAdd(Int. Int): Int". "out": {"num": [0]. "ptr": []}. "in": {"num": [1. 0]. "ptr": []}}')
+1388: i138 = int_add(i134, 1)
debug_merge_point(0, 0, '134<main.rpyeffect:126([mcore:[#20]#343])>+1: {"op": "Return". "args": {"num": [0]. "ptr": []}}')
debug_merge_point(0, 0, '209<main.rpyeffect:201([#555])>+0: {"op": "Const". "type": "ptr". "out": 0. "format": "string". "value": "Name(Emit_0)"}')
debug_merge_point(0, 0, '209<main.rpyeffect:201([#555])>+1: {"op": "PrimOp". "name": "getGlobal(String): Ptr". "out": {"num": []. "ptr": [0]}. "in": {"num": []. "ptr": [0]}}')
debug_merge_point(0, 0, '209<main.rpyeffect:201([#555])>+2: {"op": "Push". "target": 208. "args": {"num": [1]. "ptr": []}}')
debug_merge_point(0, 0, '209<main.rpyeffect:201([#555])>+3: {"op": "Jump". "target": 226}')
debug_merge_point(0, 0, '226<main.rpyeffect:218(Name(range_48))>+0: {"op": "New". "out": 0. "targets": [219. 221. 223. 225]. "args": {"num": [0]. "ptr": []}}')
debug_merge_point(0, 0, '226<main.rpyeffect:218(Name(range_48))>+1: {"op": "Return". "args": {"num": []. "ptr": [0]}}')
debug_merge_point(0, 0, '208<main.rpyeffect:200([k@[#555]#560])>+0: {"op": "Invoke". "receiver": 0. "tag": Interned(%apply(n):p). "args" : {"num": [0]. "ptr": []}}')
debug_merge_point(0, 0, '219<main.rpyeffect:211([method_%apply(n):p@Name(range_48)#567])>+0: {"op": "Const". "type": "ptr". "out": 0. "format": "string". "value": "Name(Emit_0)"}')
debug_merge_point(0, 0, '219<main.rpyeffect:211([method_%apply(n):p@Name(range_48)#567])>+1: {"op": "PrimOp". "name": "getGlobal(String): Ptr". "out": {"num": []. "ptr": [0]}. "in": {"num": []. "ptr": [0]}}')
debug_merge_point(0, 0, '219<main.rpyeffect:211([method_%apply(n):p@Name(range_48)#567])>+2: {"op": "Jump". "target": 217}')
debug_merge_point(0, 0, '217<main.rpyeffect:209([mcore:[#30]#533])>+0: {"op": "Push". "target": 216. "args": {"num": [0. 1]. "ptr": []}}')
+1392: jump(p0, p1, p2, p81, p82, p113, p92, p110, p106, p121, i136, p116, p117, p97, p83, p4, i7, i138, i13, i15, i17, i19, i21, i23, i25, i27, i29, i31, i33, i35, i37, i134, p46, p48, p50, p52, p54, p56, p58, p60, p62, p64, p66, p68, p70, p100, p129, descr=TargetToken(5505734864))
+1404: --end of the loop--
[9f6198] jit-log-opt-loop}
[1632dc8] {jit-summary
Tracing:      	1	0.001815
Backend:      	1	0.000349
TOTAL:      		0.015002
ops:             	6039
heapcached ops:  	754
recorded ops:    	1664
  calls:         	793
guards:          	263
opt ops:         	282
opt guards:      	38
opt guards shared:	33
forcings:        	0
abort: trace too long:	0
abort: compiling:	0
abort: vable escape:	0
abort: bad loop: 	0
abort: force quasi-immut:	0
abort: segmenting trace:	0
virtualizables forced:	0
nvirtuals:       	8
nvholes:         	0
nvreused:        	0
vecopt tried:    	0
vecopt success:  	0
Total # of loops:	1
Total # of bridges:	0
Freed # of loops:	0
Freed # of bridges:	0
[1634d85] jit-summary}
