[558152] {jit-log-opt-loop
# Loop 1 (36<main.rpyeffect:36(Name(go434249))>+1: {"op": "Jump", "target": 10}) : loop with 169 ops
[p0, p1, p2, p3, p4]
+296: p5 = getfield_gc_r(p2, descr=<FieldP rpyeffect.environment.Environment.inst_values_num 16>)
+304: i7 = getarrayitem_gc_i(p5, 0, descr=<ArrayS 8>)
+308: i9 = getarrayitem_gc_i(p5, 1, descr=<ArrayS 8>)
+312: i11 = getarrayitem_gc_i(p5, 2, descr=<ArrayS 8>)
+316: i13 = getarrayitem_gc_i(p5, 3, descr=<ArrayS 8>)
+320: p14 = getfield_gc_r(p2, descr=<FieldP rpyeffect.environment.Environment.inst_values_ptr 24>)
+324: p16 = getarrayitem_gc_r(p14, 0, descr=<ArrayP 8>)
+328: p18 = getarrayitem_gc_r(p14, 1, descr=<ArrayP 8>)
+332: p20 = getarrayitem_gc_r(p14, 2, descr=<ArrayP 8>)
+336: p22 = getarrayitem_gc_r(p14, 3, descr=<ArrayP 8>)
+340: p24 = getarrayitem_gc_r(p14, 4, descr=<ArrayP 8>)
+344: label(p0, p1, p2, p3, p4, i7, i9, i11, i13, p16, p18, p20, p22, p24, descr=TargetToken(5371528880))
debug_merge_point(0, 0, '36<main.rpyeffect:36(Name(go434249))>+1: {"op": "Jump". "target": 10}')
+372: guard_not_invalidated(descr=<Guard0x1402b2650>) [p2, i7, i9, i11, i13, p16, p18, p20, p22, p24, p0, p1, p3, p4]
+376: guard_nonnull(p1, descr=<Guard0x1402a1560>) [p2, i7, i9, i11, i13, p16, p18, p20, p22, p24, p0, p1, p3, p4]
+388: i25 = getfield_gc_i(p1, descr=<FieldS rpyeffect.stored_environment.Stack__arb_arb.inst_target 16 pure>)
+396: guard_value(i25, 35, descr=<Guard0x1402a15a0>) [p2, i7, i9, i11, i13, p16, p18, p20, p22, p24, p0, p1, p3, p4]
debug_merge_point(0, 0, '10<main.rpyeffect:10(Name(infixGt174))>+0: {"op": "PrimOp". "name": "infixGt(Int. Int): Boolean". "out": {"num": [0]. "ptr": []}. "in": {"num": [0. 1]. "ptr": []}}')
+408: i27 = int_gt(i7, i9)
guard_false(i27, descr=<Guard0x1402a15e0>) [p2, i7, i9, i11, i13, p16, p18, p20, p22, p24, p0, p1, p3, p4]
debug_merge_point(0, 0, '10<main.rpyeffect:10(Name(infixGt174))>+1: {"op": "Return". "args": {"num": [0]. "ptr": []}}')
+416: i28 = getfield_gc_i(p1, descr=<FieldS rpyeffect.stored_environment.Stack__2_1.inst_values_num_0 40 pure>)
+420: i29 = getfield_gc_i(p1, descr=<FieldS rpyeffect.stored_environment.Stack__2_1.inst_values_num_1 48 pure>)
+424: p30 = getfield_gc_r(p1, descr=<FieldP rpyeffect.stored_environment.Stack__2_1.inst_values_ptr_0 56 pure>)
+428: p31 = getfield_gc_r(p1, descr=<FieldP rpyeffect.stored_environment.Stack__arb_arb.inst_tail 8 pure>)
debug_merge_point(0, 0, '35<main.rpyeffect:35([k@Name(go434249)#42])>+0: {"op": "Swap". "type": "num". "a": 1. "b". 0}')
debug_merge_point(0, 0, '35<main.rpyeffect:35([k@Name(go434249)#42])>+1: {"op": "Swap". "type": "num". "a": 2. "b". 0}')
debug_merge_point(0, 0, '35<main.rpyeffect:35([k@Name(go434249)#42])>+2: {"op": "IfZero". "cond": 1. "then": {"tag": null. "target": 34. "args": {"num": []. "ptr": []}}}')
+432: guard_nonnull(p31, descr=<Guard0x1402a1620>) [p2, i7, i9, i11, i13, p16, p18, p20, p22, p24, p0, p1, p3, p4]
+440: i32 = getfield_gc_i(p31, descr=<FieldS rpyeffect.stored_environment.Stack__arb_arb.inst_target 16 pure>)
+444: guard_value(i32, 119, descr=<Guard0x1402a1660>) [p2, i7, i9, i11, i13, p16, p18, p20, p22, p24, p0, p1, p3, p4]
debug_merge_point(0, 0, '34<main.rpyeffect:34([then#44])>+0: {"op": "Copy". "type": "num". "from": 2. "to". 1}')
debug_merge_point(0, 0, '34<main.rpyeffect:34([then#44])>+1: {"op": "PrimOp". "name": "box(Num): Ptr". "out": {"num": []. "ptr": [1]}. "in": {"num": [1]. "ptr": []}}')
debug_merge_point(0, 0, '34<main.rpyeffect:34([then#44])>+2: {"op": "Push". "target": 33. "args": {"num": [2. 0]. "ptr": [0]}}')
debug_merge_point(0, 0, '34<main.rpyeffect:34([then#44])>+3: {"op": "Swap". "type": "ptr". "a": 0. "b". 1}')
debug_merge_point(0, 0, '34<main.rpyeffect:34([then#44])>+4: {"op": "Jump". "target": 31}')
debug_merge_point(0, 0, '31<main.rpyeffect:31([mcore:[#72]#40])>+0: {"op": "Invoke". "receiver": 1. "tag": Interned(%emit2645(p):p). "args" : {"num": []. "ptr": [0]}}')
+456: p34 = getfield_gc_r(p30, descr=<FieldP rpyeffect.stored_environment.CoData__arb_arb.inst_vtable 24 pure>)
+464: guard_value(p34, ConstPtr(ptr35), descr=<Guard0x1402a16a0>) [p2, i7, i9, i11, i13, p16, p18, p20, p22, p24, p0, p1, p3, p4]
+472: p36 = getfield_gc_r(p30, descr=<FieldP rpyeffect.stored_environment.CoData__0_2.inst_values_ptr_0 32 pure>)
+476: p37 = getfield_gc_r(p30, descr=<FieldP rpyeffect.stored_environment.CoData__0_2.inst_values_ptr_1 40 pure>)
debug_merge_point(0, 0, '129<main.rpyeffect:129([#350])>+0: {"op": "Const". "type": "num". "out": 0. "value": 0}')
debug_merge_point(0, 0, '129<main.rpyeffect:129([#350])>+1: {"op": "ShiftDyn". "out": 2. "n": 0. "label": 2}')
+480: guard_isnull(p4, descr=<Guard0x1402a16e0>) [p2, i7, i9, i11, i13, p16, p18, p20, p22, p24, p0, p1, p3, p4]
+492: i38 = getfield_gc_i(p0, descr=<FieldS rpyeffect.stack.Label.inst_origin 8 pure>)
+500: guard_value(i38, 133124, descr=<Guard0x1402a1720>) [p2, i7, i9, i11, i13, p16, p18, p20, p22, p24, p0, p1, p3, p4]
+516: i40 = getfield_gc_i(p37, descr=<FieldS rpyeffect.stack.Label.inst_origin 8 pure>)
+520: guard_value(i40, 133124, descr=<Guard0x1402a1760>) [p2, i7, i9, i11, i13, p16, p18, p20, p22, p24, p0, p1, p3, p4]
+536: i42 = instance_ptr_eq(p0, p37)
guard_true(i42, descr=<Guard0x1402a17a0>) [p2, i7, i9, i11, i13, p16, p18, p20, p22, p24, p0, p1, p3, p4]
+544: guard_nonnull_class(p3, 4334890728, descr=<Guard0x1402b26a8>) [p2, i7, i9, i11, i13, p16, p18, p20, p22, p24, p0, p1, p3, p4]
+572: p44 = getfield_gc_r(p3, descr=<FieldP rpyeffect.stack.MetaStackLike.inst_stack 8 pure>)
+576: p45 = getfield_gc_r(p3, descr=<FieldP rpyeffect.stack.MetaStack.inst_label 16 pure>)
+580: p46 = getfield_gc_r(p3, descr=<FieldP rpyeffect.stack.MetaStack.inst_tail 32 pure>)
+584: guard_nonnull(p44, descr=<Guard0x1402a17e0>) [p2, i7, i9, i11, i13, p16, p18, p20, p22, p24, p0, p1, p3, p4]
+592: i47 = getfield_gc_i(p44, descr=<FieldS rpyeffect.stored_environment.Stack__arb_arb.inst_target 16 pure>)
+596: guard_value(i47, 118, descr=<Guard0x1402a1820>) [p2, i7, i9, i11, i13, p16, p18, p20, p22, p24, p0, p1, p3, p4]
debug_merge_point(0, 0, '129<main.rpyeffect:129([#350])>+2: {"op": "Load". "out": 0. "type": "num". "ref": 1}')
+608: i49 = getfield_gc_i(p36, descr=<FieldS rpyeffect.region.NumRef.inst_value 8>)
debug_merge_point(0, 0, '129<main.rpyeffect:129([#350])>+3: {"op": "Copy". "type": "ptr". "from": 0. "to". 3}')
debug_merge_point(0, 0, '129<main.rpyeffect:129([#350])>+4: {"op": "PrimOp". "name": "unbox(Ptr): Num". "out": {"num": [1]. "ptr": []}. "in": {"num": []. "ptr": [3]}}')
debug_merge_point(0, 0, '129<main.rpyeffect:129([#350])>+5: {"op": "PrimOp". "name": "unbox(Ptr): Num". "out": {"num": [2]. "ptr": []}. "in": {"num": []. "ptr": [0]}}')
debug_merge_point(0, 0, '129<main.rpyeffect:129([#350])>+6: {"op": "Push". "target": 128. "args": {"num": [0]. "ptr": [1. 2]}}')
debug_merge_point(0, 0, '129<main.rpyeffect:129([#350])>+7: {"op": "Copy". "type": "num". "from": 1. "to". 0}')
debug_merge_point(0, 0, '129<main.rpyeffect:129([#350])>+8: {"op": "Copy". "type": "num". "from": 2. "to". 1}')
debug_merge_point(0, 0, '129<main.rpyeffect:129([#350])>+9: {"op": "Jump". "target": 6}')
debug_merge_point(0, 0, '6<main.rpyeffect:6(Name(infixMul98))>+0: {"op": "PrimOp". "name": "infixMul(Int. Int): Int". "out": {"num": [0]. "ptr": []}. "in": {"num": [0. 1]. "ptr": []}}')
+612: i50 = int_mul(i28, i28)
debug_merge_point(0, 0, '6<main.rpyeffect:6(Name(infixMul98))>+1: {"op": "Return". "args": {"num": [0]. "ptr": []}}')
debug_merge_point(0, 0, '128<main.rpyeffect:128([k@[#350]#363])>+0: {"op": "Push". "target": 127. "args": {"num": []. "ptr": [0. 1]}}')
debug_merge_point(0, 0, '128<main.rpyeffect:128([k@[#350]#363])>+1: {"op": "Swap". "type": "num". "a": 1. "b". 0}')
debug_merge_point(0, 0, '128<main.rpyeffect:128([k@[#350]#363])>+2: {"op": "Jump". "target": 5}')
debug_merge_point(0, 0, '5<main.rpyeffect:5(Name(infixAdd95))>+0: {"op": "PrimOp". "name": "infixAdd(Int. Int): Int". "out": {"num": [0]. "ptr": []}. "in": {"num": [0. 1]. "ptr": []}}')
+616: i51 = int_add(i49, i50)
debug_merge_point(0, 0, '5<main.rpyeffect:5(Name(infixAdd95))>+1: {"op": "Return". "args": {"num": [0]. "ptr": []}}')
debug_merge_point(0, 0, '127<main.rpyeffect:127([k@[k@[#350]#363]#365])>+0: {"op": "Const". "type": "num". "out": 1. "value": 1009}')
debug_merge_point(0, 0, '127<main.rpyeffect:127([k@[k@[#350]#363]#365])>+1: {"op": "Push". "target": 126. "args": {"num": []. "ptr": [0. 1]}}')
debug_merge_point(0, 0, '127<main.rpyeffect:127([k@[k@[#350]#363]#365])>+2: {"op": "Jump". "target": 8}')
debug_merge_point(0, 0, '8<main.rpyeffect:8(Name(mod107))>+0: {"op": "PrimOp". "name": "mod(Int. Int): Int". "out": {"num": [0]. "ptr": []}. "in": {"num": [0. 1]. "ptr": []}}')
+620: i53 = int_rshift(i51, 63)
+628: i54 = int_xor(i51, i53)
+632: i56 = uint_mul_high(i54, -9086255505087856445)
+652: i58 = uint_rshift(i56, 9)
+660: i59 = int_xor(i58, i53)
+664: i61 = int_mul(i59, 1009)
+672: i62 = int_sub(i51, i61)
debug_merge_point(0, 0, '8<main.rpyeffect:8(Name(mod107))>+1: {"op": "Return". "args": {"num": [0]. "ptr": []}}')
debug_merge_point(0, 0, '126<main.rpyeffect:126([k@[k@[k@[#350]#363]#365]#368])>+0: {"op": "Store". "ref": 0. "type": "num". "value": 0}')
debug_merge_point(0, 0, '126<main.rpyeffect:126([k@[k@[k@[#350]#363]#365]#368])>+1: {"op": "Construct". "out": 0. "type": Interned(Unit). "tag": Interned(unit). "args": {"num": []. "ptr": []}}')
debug_merge_point(0, 0, '126<main.rpyeffect:126([k@[k@[k@[#350]#363]#365]#368])>+2: {"op": "Construct". "out": 0. "type": Interned(Unit). "tag": Interned(unit). "args": {"num": []. "ptr": []}}')
debug_merge_point(0, 0, '126<main.rpyeffect:126([k@[k@[k@[#350]#363]#365]#368])>+3: {"op": "Jump". "target": 30}')
debug_merge_point(0, 0, '30<main.rpyeffect:30(Name(resume84123))>+0: {"op": "PushStack". "arg": 1}')
debug_merge_point(0, 0, '30<main.rpyeffect:30(Name(resume84123))>+1: {"op": "Return". "args": {"num": []. "ptr": [0]}}')
debug_merge_point(0, 0, '33<main.rpyeffect:33([k@[then#44]#49])>+0: {"op": "Const". "type": "num". "out": 2. "value": 1}')
debug_merge_point(0, 0, '33<main.rpyeffect:33([k@[then#44]#49])>+1: {"op": "Push". "target": 32. "args": {"num": [1]. "ptr": [1]}}')
debug_merge_point(0, 0, '33<main.rpyeffect:33([k@[then#44]#49])>+2: {"op": "Copy". "type": "num". "from": 2. "to". 1}')
debug_merge_point(0, 0, '33<main.rpyeffect:33([k@[then#44]#49])>+3: {"op": "Jump". "target": 5}')
debug_merge_point(0, 0, '5<main.rpyeffect:5(Name(infixAdd95))>+0: {"op": "PrimOp". "name": "infixAdd(Int. Int): Int". "out": {"num": [0]. "ptr": []}. "in": {"num": [0. 1]. "ptr": []}}')
+676: i64 = int_add(i28, 1)
debug_merge_point(0, 0, '5<main.rpyeffect:5(Name(infixAdd95))>+1: {"op": "Return". "args": {"num": [0]. "ptr": []}}')
debug_merge_point(0, 0, '32<main.rpyeffect:32([k@[k@[then#44]#49]#53])>+0: {"op": "Jump". "target": 36}')
debug_merge_point(0, 0, '36<main.rpyeffect:36(Name(go434249))>+0: {"op": "Push". "target": 35. "args": {"num": [0. 1]. "ptr": [0]}}')
debug_merge_point(0, 0, '36<main.rpyeffect:36(Name(go434249))>+1: {"op": "Jump". "target": 10}')
+680: setfield_gc(p36, i62, descr=<FieldS rpyeffect.region.NumRef.inst_value 8>)
+684: label(p0, p31, i64, i29, p30, p2, p44, p45, p46, i13, i28, p24, p37, p36, i62, descr=TargetToken(5371528960))
debug_merge_point(0, 0, '36<main.rpyeffect:36(Name(go434249))>+1: {"op": "Jump". "target": 10}')
+712: guard_not_invalidated(descr=<Guard0x1402b2700>) [p2, i64, i29, i13, p30, p24, p0, p46, p45, p44, i28, p31]
debug_merge_point(0, 0, '10<main.rpyeffect:10(Name(infixGt174))>+0: {"op": "PrimOp". "name": "infixGt(Int. Int): Boolean". "out": {"num": [0]. "ptr": []}. "in": {"num": [0. 1]. "ptr": []}}')
+716: i65 = int_gt(i64, i29)
guard_false(i65, descr=<Guard0x1402a1860>) [p2, i64, i29, i13, p30, p24, p0, p46, p45, p44, i28, p31]
debug_merge_point(0, 0, '10<main.rpyeffect:10(Name(infixGt174))>+1: {"op": "Return". "args": {"num": [0]. "ptr": []}}')
debug_merge_point(0, 0, '35<main.rpyeffect:35([k@Name(go434249)#42])>+0: {"op": "Swap". "type": "num". "a": 1. "b". 0}')
debug_merge_point(0, 0, '35<main.rpyeffect:35([k@Name(go434249)#42])>+1: {"op": "Swap". "type": "num". "a": 2. "b". 0}')
debug_merge_point(0, 0, '35<main.rpyeffect:35([k@Name(go434249)#42])>+2: {"op": "IfZero". "cond": 1. "then": {"tag": null. "target": 34. "args": {"num": []. "ptr": []}}}')
debug_merge_point(0, 0, '34<main.rpyeffect:34([then#44])>+0: {"op": "Copy". "type": "num". "from": 2. "to". 1}')
debug_merge_point(0, 0, '34<main.rpyeffect:34([then#44])>+1: {"op": "PrimOp". "name": "box(Num): Ptr". "out": {"num": []. "ptr": [1]}. "in": {"num": [1]. "ptr": []}}')
debug_merge_point(0, 0, '34<main.rpyeffect:34([then#44])>+2: {"op": "Push". "target": 33. "args": {"num": [2. 0]. "ptr": [0]}}')
debug_merge_point(0, 0, '34<main.rpyeffect:34([then#44])>+3: {"op": "Swap". "type": "ptr". "a": 0. "b". 1}')
debug_merge_point(0, 0, '34<main.rpyeffect:34([then#44])>+4: {"op": "Jump". "target": 31}')
debug_merge_point(0, 0, '31<main.rpyeffect:31([mcore:[#72]#40])>+0: {"op": "Invoke". "receiver": 1. "tag": Interned(%emit2645(p):p). "args" : {"num": []. "ptr": [0]}}')
debug_merge_point(0, 0, '129<main.rpyeffect:129([#350])>+0: {"op": "Const". "type": "num". "out": 0. "value": 0}')
debug_merge_point(0, 0, '129<main.rpyeffect:129([#350])>+1: {"op": "ShiftDyn". "out": 2. "n": 0. "label": 2}')
debug_merge_point(0, 0, '129<main.rpyeffect:129([#350])>+2: {"op": "Load". "out": 0. "type": "num". "ref": 1}')
debug_merge_point(0, 0, '129<main.rpyeffect:129([#350])>+3: {"op": "Copy". "type": "ptr". "from": 0. "to". 3}')
debug_merge_point(0, 0, '129<main.rpyeffect:129([#350])>+4: {"op": "PrimOp". "name": "unbox(Ptr): Num". "out": {"num": [1]. "ptr": []}. "in": {"num": []. "ptr": [3]}}')
debug_merge_point(0, 0, '129<main.rpyeffect:129([#350])>+5: {"op": "PrimOp". "name": "unbox(Ptr): Num". "out": {"num": [2]. "ptr": []}. "in": {"num": []. "ptr": [0]}}')
debug_merge_point(0, 0, '129<main.rpyeffect:129([#350])>+6: {"op": "Push". "target": 128. "args": {"num": [0]. "ptr": [1. 2]}}')
debug_merge_point(0, 0, '129<main.rpyeffect:129([#350])>+7: {"op": "Copy". "type": "num". "from": 1. "to". 0}')
debug_merge_point(0, 0, '129<main.rpyeffect:129([#350])>+8: {"op": "Copy". "type": "num". "from": 2. "to". 1}')
debug_merge_point(0, 0, '129<main.rpyeffect:129([#350])>+9: {"op": "Jump". "target": 6}')
debug_merge_point(0, 0, '6<main.rpyeffect:6(Name(infixMul98))>+0: {"op": "PrimOp". "name": "infixMul(Int. Int): Int". "out": {"num": [0]. "ptr": []}. "in": {"num": [0. 1]. "ptr": []}}')
+724: i66 = int_mul(i64, i64)
debug_merge_point(0, 0, '6<main.rpyeffect:6(Name(infixMul98))>+1: {"op": "Return". "args": {"num": [0]. "ptr": []}}')
debug_merge_point(0, 0, '128<main.rpyeffect:128([k@[#350]#363])>+0: {"op": "Push". "target": 127. "args": {"num": []. "ptr": [0. 1]}}')
debug_merge_point(0, 0, '128<main.rpyeffect:128([k@[#350]#363])>+1: {"op": "Swap". "type": "num". "a": 1. "b". 0}')
debug_merge_point(0, 0, '128<main.rpyeffect:128([k@[#350]#363])>+2: {"op": "Jump". "target": 5}')
debug_merge_point(0, 0, '5<main.rpyeffect:5(Name(infixAdd95))>+0: {"op": "PrimOp". "name": "infixAdd(Int. Int): Int". "out": {"num": [0]. "ptr": []}. "in": {"num": [0. 1]. "ptr": []}}')
+728: i67 = int_add(i62, i66)
debug_merge_point(0, 0, '5<main.rpyeffect:5(Name(infixAdd95))>+1: {"op": "Return". "args": {"num": [0]. "ptr": []}}')
debug_merge_point(0, 0, '127<main.rpyeffect:127([k@[k@[#350]#363]#365])>+0: {"op": "Const". "type": "num". "out": 1. "value": 1009}')
debug_merge_point(0, 0, '127<main.rpyeffect:127([k@[k@[#350]#363]#365])>+1: {"op": "Push". "target": 126. "args": {"num": []. "ptr": [0. 1]}}')
debug_merge_point(0, 0, '127<main.rpyeffect:127([k@[k@[#350]#363]#365])>+2: {"op": "Jump". "target": 8}')
debug_merge_point(0, 0, '8<main.rpyeffect:8(Name(mod107))>+0: {"op": "PrimOp". "name": "mod(Int. Int): Int". "out": {"num": [0]. "ptr": []}. "in": {"num": [0. 1]. "ptr": []}}')
+732: i69 = int_rshift(i67, 63)
+740: i70 = int_xor(i67, i69)
+744: i72 = uint_mul_high(i70, -9086255505087856445)
+764: i74 = uint_rshift(i72, 9)
+772: i75 = int_xor(i74, i69)
+776: i77 = int_mul(i75, 1009)
+784: i78 = int_sub(i67, i77)
debug_merge_point(0, 0, '8<main.rpyeffect:8(Name(mod107))>+1: {"op": "Return". "args": {"num": [0]. "ptr": []}}')
debug_merge_point(0, 0, '126<main.rpyeffect:126([k@[k@[k@[#350]#363]#365]#368])>+0: {"op": "Store". "ref": 0. "type": "num". "value": 0}')
debug_merge_point(0, 0, '126<main.rpyeffect:126([k@[k@[k@[#350]#363]#365]#368])>+1: {"op": "Construct". "out": 0. "type": Interned(Unit). "tag": Interned(unit). "args": {"num": []. "ptr": []}}')
debug_merge_point(0, 0, '126<main.rpyeffect:126([k@[k@[k@[#350]#363]#365]#368])>+2: {"op": "Construct". "out": 0. "type": Interned(Unit). "tag": Interned(unit). "args": {"num": []. "ptr": []}}')
debug_merge_point(0, 0, '126<main.rpyeffect:126([k@[k@[k@[#350]#363]#365]#368])>+3: {"op": "Jump". "target": 30}')
debug_merge_point(0, 0, '30<main.rpyeffect:30(Name(resume84123))>+0: {"op": "PushStack". "arg": 1}')
debug_merge_point(0, 0, '30<main.rpyeffect:30(Name(resume84123))>+1: {"op": "Return". "args": {"num": []. "ptr": [0]}}')
debug_merge_point(0, 0, '33<main.rpyeffect:33([k@[then#44]#49])>+0: {"op": "Const". "type": "num". "out": 2. "value": 1}')
debug_merge_point(0, 0, '33<main.rpyeffect:33([k@[then#44]#49])>+1: {"op": "Push". "target": 32. "args": {"num": [1]. "ptr": [1]}}')
debug_merge_point(0, 0, '33<main.rpyeffect:33([k@[then#44]#49])>+2: {"op": "Copy". "type": "num". "from": 2. "to". 1}')
debug_merge_point(0, 0, '33<main.rpyeffect:33([k@[then#44]#49])>+3: {"op": "Jump". "target": 5}')
debug_merge_point(0, 0, '5<main.rpyeffect:5(Name(infixAdd95))>+0: {"op": "PrimOp". "name": "infixAdd(Int. Int): Int". "out": {"num": [0]. "ptr": []}. "in": {"num": [0. 1]. "ptr": []}}')
+788: i80 = int_add(i64, 1)
debug_merge_point(0, 0, '5<main.rpyeffect:5(Name(infixAdd95))>+1: {"op": "Return". "args": {"num": [0]. "ptr": []}}')
debug_merge_point(0, 0, '32<main.rpyeffect:32([k@[k@[then#44]#49]#53])>+0: {"op": "Jump". "target": 36}')
debug_merge_point(0, 0, '36<main.rpyeffect:36(Name(go434249))>+0: {"op": "Push". "target": 35. "args": {"num": [0. 1]. "ptr": [0]}}')
debug_merge_point(0, 0, '36<main.rpyeffect:36(Name(go434249))>+1: {"op": "Jump". "target": 10}')
+792: setfield_gc(p36, i78, descr=<FieldS rpyeffect.region.NumRef.inst_value 8>)
+796: jump(p0, p31, i80, i29, p30, p2, p44, p45, p46, i13, i64, p24, p37, p36, i78, descr=TargetToken(5371528960))
+812: --end of the loop--
[583fcc] jit-log-opt-loop}
[be67f52] {jit-log-opt-loop
# Loop 2 (43<main.rpyeffect:43(Name(go434252))>+1: {"op": "Jump", "target": 10}) : loop with 147 ops
[p0, p1, p2, p3, p4]
+296: p5 = getfield_gc_r(p2, descr=<FieldP rpyeffect.environment.Environment.inst_values_num 16>)
+304: i7 = getarrayitem_gc_i(p5, 0, descr=<ArrayS 8>)
+308: i9 = getarrayitem_gc_i(p5, 1, descr=<ArrayS 8>)
+312: i11 = getarrayitem_gc_i(p5, 2, descr=<ArrayS 8>)
+316: i13 = getarrayitem_gc_i(p5, 3, descr=<ArrayS 8>)
+320: p14 = getfield_gc_r(p2, descr=<FieldP rpyeffect.environment.Environment.inst_values_ptr 24>)
+324: p16 = getarrayitem_gc_r(p14, 0, descr=<ArrayP 8>)
+328: p18 = getarrayitem_gc_r(p14, 1, descr=<ArrayP 8>)
+332: p20 = getarrayitem_gc_r(p14, 2, descr=<ArrayP 8>)
+336: p22 = getarrayitem_gc_r(p14, 3, descr=<ArrayP 8>)
+340: p24 = getarrayitem_gc_r(p14, 4, descr=<ArrayP 8>)
+344: label(p0, p1, p2, p3, p4, i7, i9, i11, i13, p16, p18, p20, p22, p24, descr=TargetToken(5371529120))
debug_merge_point(0, 0, '43<main.rpyeffect:43(Name(go434252))>+1: {"op": "Jump". "target": 10}')
+372: guard_not_invalidated(descr=<Guard0x1402b27b0>) [p2, i7, i9, i11, i13, p16, p18, p20, p22, p24, p0, p1, p3, p4]
+376: guard_nonnull(p1, descr=<Guard0x1402e2220>) [p2, i7, i9, i11, i13, p16, p18, p20, p22, p24, p0, p1, p3, p4]
+388: i25 = getfield_gc_i(p1, descr=<FieldS rpyeffect.stored_environment.Stack__arb_arb.inst_target 16 pure>)
+396: guard_value(i25, 42, descr=<Guard0x1402e2260>) [p2, i7, i9, i11, i13, p16, p18, p20, p22, p24, p0, p1, p3, p4]
debug_merge_point(0, 0, '10<main.rpyeffect:10(Name(infixGt174))>+0: {"op": "PrimOp". "name": "infixGt(Int. Int): Boolean". "out": {"num": [0]. "ptr": []}. "in": {"num": [0. 1]. "ptr": []}}')
+408: i27 = int_gt(i7, i9)
guard_false(i27, descr=<Guard0x1402e22a0>) [p2, i7, i9, i11, i13, p16, p18, p20, p22, p24, p0, p1, p3, p4]
debug_merge_point(0, 0, '10<main.rpyeffect:10(Name(infixGt174))>+1: {"op": "Return". "args": {"num": [0]. "ptr": []}}')
+416: i28 = getfield_gc_i(p1, descr=<FieldS rpyeffect.stored_environment.Stack__2_1.inst_values_num_0 40 pure>)
+420: i29 = getfield_gc_i(p1, descr=<FieldS rpyeffect.stored_environment.Stack__2_1.inst_values_num_1 48 pure>)
+424: p30 = getfield_gc_r(p1, descr=<FieldP rpyeffect.stored_environment.Stack__2_1.inst_values_ptr_0 56 pure>)
+428: p31 = getfield_gc_r(p1, descr=<FieldP rpyeffect.stored_environment.Stack__arb_arb.inst_tail 8 pure>)
debug_merge_point(0, 0, '42<main.rpyeffect:42([k@Name(go434252)#58])>+0: {"op": "Swap". "type": "num". "a": 2. "b". 1}')
debug_merge_point(0, 0, '42<main.rpyeffect:42([k@Name(go434252)#58])>+1: {"op": "IfZero". "cond": 0. "then": {"tag": null. "target": 41. "args": {"num": []. "ptr": []}}}')
+432: guard_nonnull(p31, descr=<Guard0x1402e22e0>) [p2, i7, i9, i11, i13, p16, p18, p20, p22, p24, p0, p1, p3, p4]
+440: i32 = getfield_gc_i(p31, descr=<FieldS rpyeffect.stored_environment.Stack__arb_arb.inst_target 16 pure>)
+444: guard_value(i32, 107, descr=<Guard0x1402e2320>) [p2, i7, i9, i11, i13, p16, p18, p20, p22, p24, p0, p1, p3, p4]
debug_merge_point(0, 0, '41<main.rpyeffect:41([then#60])>+0: {"op": "Copy". "type": "num". "from": 2. "to". 0}')
debug_merge_point(0, 0, '41<main.rpyeffect:41([then#60])>+1: {"op": "PrimOp". "name": "box(Num): Ptr". "out": {"num": []. "ptr": [1]}. "in": {"num": [0]. "ptr": []}}')
debug_merge_point(0, 0, '41<main.rpyeffect:41([then#60])>+2: {"op": "Push". "target": 40. "args": {"num": [2. 1]. "ptr": [0]}}')
debug_merge_point(0, 0, '41<main.rpyeffect:41([then#60])>+3: {"op": "Swap". "type": "ptr". "a": 0. "b". 1}')
debug_merge_point(0, 0, '41<main.rpyeffect:41([then#60])>+4: {"op": "Jump". "target": 38}')
debug_merge_point(0, 0, '38<main.rpyeffect:38([mcore:[#83]#56])>+0: {"op": "Invoke". "receiver": 1. "tag": Interned(%emit2645(p):p). "args" : {"num": []. "ptr": [0]}}')
+456: p34 = getfield_gc_r(p30, descr=<FieldP rpyeffect.stored_environment.CoData__arb_arb.inst_vtable 24 pure>)
+464: guard_value(p34, ConstPtr(ptr35), descr=<Guard0x1402e2360>) [p2, i7, i9, i11, i13, p16, p18, p20, p22, p24, p0, p1, p3, p4]
+472: p36 = getfield_gc_r(p30, descr=<FieldP rpyeffect.stored_environment.CoData__0_2.inst_values_ptr_0 32 pure>)
+476: p37 = getfield_gc_r(p30, descr=<FieldP rpyeffect.stored_environment.CoData__0_2.inst_values_ptr_1 40 pure>)
debug_merge_point(0, 0, '115<main.rpyeffect:115([#302])>+0: {"op": "Const". "type": "num". "out": 0. "value": 0}')
debug_merge_point(0, 0, '115<main.rpyeffect:115([#302])>+1: {"op": "ShiftDyn". "out": 2. "n": 0. "label": 2}')
+480: guard_isnull(p4, descr=<Guard0x1402e23a0>) [p2, i7, i9, i11, i13, p16, p18, p20, p22, p24, p0, p1, p3, p4]
+492: i38 = getfield_gc_i(p0, descr=<FieldS rpyeffect.stack.Label.inst_origin 8 pure>)
+500: guard_value(i38, 118788, descr=<Guard0x1402e23e0>) [p2, i7, i9, i11, i13, p16, p18, p20, p22, p24, p0, p1, p3, p4]
+516: i40 = getfield_gc_i(p37, descr=<FieldS rpyeffect.stack.Label.inst_origin 8 pure>)
+520: guard_value(i40, 118788, descr=<Guard0x1402e2420>) [p2, i7, i9, i11, i13, p16, p18, p20, p22, p24, p0, p1, p3, p4]
+536: i42 = instance_ptr_eq(p0, p37)
guard_true(i42, descr=<Guard0x1402e2460>) [p2, i7, i9, i11, i13, p16, p18, p20, p22, p24, p0, p1, p3, p4]
+544: guard_nonnull_class(p3, 4334890728, descr=<Guard0x1402b2808>) [p2, i7, i9, i11, i13, p16, p18, p20, p22, p24, p0, p1, p3, p4]
+572: p44 = getfield_gc_r(p3, descr=<FieldP rpyeffect.stack.MetaStackLike.inst_stack 8 pure>)
+576: p45 = getfield_gc_r(p3, descr=<FieldP rpyeffect.stack.MetaStack.inst_label 16 pure>)
+580: p46 = getfield_gc_r(p3, descr=<FieldP rpyeffect.stack.MetaStack.inst_tail 32 pure>)
+584: guard_nonnull(p44, descr=<Guard0x1402e24a0>) [p2, i7, i9, i11, i13, p16, p18, p20, p22, p24, p0, p1, p3, p4]
+592: i47 = getfield_gc_i(p44, descr=<FieldS rpyeffect.stored_environment.Stack__arb_arb.inst_target 16 pure>)
+596: guard_value(i47, 106, descr=<Guard0x1402e24e0>) [p2, i7, i9, i11, i13, p16, p18, p20, p22, p24, p0, p1, p3, p4]
debug_merge_point(0, 0, '115<main.rpyeffect:115([#302])>+2: {"op": "Load". "out": 0. "type": "num". "ref": 1}')
+608: i49 = getfield_gc_i(p36, descr=<FieldS rpyeffect.region.NumRef.inst_value 8>)
debug_merge_point(0, 0, '115<main.rpyeffect:115([#302])>+3: {"op": "PrimOp". "name": "unbox(Ptr): Num". "out": {"num": [1]. "ptr": []}. "in": {"num": []. "ptr": [0]}}')
debug_merge_point(0, 0, '115<main.rpyeffect:115([#302])>+4: {"op": "Push". "target": 114. "args": {"num": []. "ptr": [1. 2]}}')
debug_merge_point(0, 0, '115<main.rpyeffect:115([#302])>+5: {"op": "Jump". "target": 5}')
debug_merge_point(0, 0, '5<main.rpyeffect:5(Name(infixAdd95))>+0: {"op": "PrimOp". "name": "infixAdd(Int. Int): Int". "out": {"num": [0]. "ptr": []}. "in": {"num": [0. 1]. "ptr": []}}')
+612: i50 = int_add(i49, i28)
debug_merge_point(0, 0, '5<main.rpyeffect:5(Name(infixAdd95))>+1: {"op": "Return". "args": {"num": [0]. "ptr": []}}')
debug_merge_point(0, 0, '114<main.rpyeffect:114([k@[#302]#312])>+0: {"op": "Const". "type": "num". "out": 1. "value": 1009}')
debug_merge_point(0, 0, '114<main.rpyeffect:114([k@[#302]#312])>+1: {"op": "Push". "target": 113. "args": {"num": []. "ptr": [0. 1]}}')
debug_merge_point(0, 0, '114<main.rpyeffect:114([k@[#302]#312])>+2: {"op": "Jump". "target": 8}')
debug_merge_point(0, 0, '8<main.rpyeffect:8(Name(mod107))>+0: {"op": "PrimOp". "name": "mod(Int. Int): Int". "out": {"num": [0]. "ptr": []}. "in": {"num": [0. 1]. "ptr": []}}')
+616: i52 = int_rshift(i50, 63)
+624: i53 = int_xor(i50, i52)
+628: i55 = uint_mul_high(i53, -9086255505087856445)
+648: i57 = uint_rshift(i55, 9)
+656: i58 = int_xor(i57, i52)
+660: i60 = int_mul(i58, 1009)
+668: i61 = int_sub(i50, i60)
debug_merge_point(0, 0, '8<main.rpyeffect:8(Name(mod107))>+1: {"op": "Return". "args": {"num": [0]. "ptr": []}}')
debug_merge_point(0, 0, '113<main.rpyeffect:113([k@[k@[#302]#312]#315])>+0: {"op": "Store". "ref": 0. "type": "num". "value": 0}')
debug_merge_point(0, 0, '113<main.rpyeffect:113([k@[k@[#302]#312]#315])>+1: {"op": "Construct". "out": 0. "type": Interned(Unit). "tag": Interned(unit). "args": {"num": []. "ptr": []}}')
debug_merge_point(0, 0, '113<main.rpyeffect:113([k@[k@[#302]#312]#315])>+2: {"op": "Construct". "out": 0. "type": Interned(Unit). "tag": Interned(unit). "args": {"num": []. "ptr": []}}')
debug_merge_point(0, 0, '113<main.rpyeffect:113([k@[k@[#302]#312]#315])>+3: {"op": "Jump". "target": 37}')
debug_merge_point(0, 0, '37<main.rpyeffect:37(Name(resume84135))>+0: {"op": "PushStack". "arg": 1}')
debug_merge_point(0, 0, '37<main.rpyeffect:37(Name(resume84135))>+1: {"op": "Return". "args": {"num": []. "ptr": [0]}}')
debug_merge_point(0, 0, '40<main.rpyeffect:40([k@[then#60]#65])>+0: {"op": "Const". "type": "num". "out": 2. "value": 1}')
debug_merge_point(0, 0, '40<main.rpyeffect:40([k@[then#60]#65])>+1: {"op": "Push". "target": 39. "args": {"num": [1]. "ptr": [1]}}')
debug_merge_point(0, 0, '40<main.rpyeffect:40([k@[then#60]#65])>+2: {"op": "Copy". "type": "num". "from": 2. "to". 1}')
debug_merge_point(0, 0, '40<main.rpyeffect:40([k@[then#60]#65])>+3: {"op": "Jump". "target": 5}')
debug_merge_point(0, 0, '5<main.rpyeffect:5(Name(infixAdd95))>+0: {"op": "PrimOp". "name": "infixAdd(Int. Int): Int". "out": {"num": [0]. "ptr": []}. "in": {"num": [0. 1]. "ptr": []}}')
+672: i63 = int_add(i28, 1)
debug_merge_point(0, 0, '5<main.rpyeffect:5(Name(infixAdd95))>+1: {"op": "Return". "args": {"num": [0]. "ptr": []}}')
debug_merge_point(0, 0, '39<main.rpyeffect:39([k@[k@[then#60]#65]#69])>+0: {"op": "Jump". "target": 43}')
debug_merge_point(0, 0, '43<main.rpyeffect:43(Name(go434252))>+0: {"op": "Push". "target": 42. "args": {"num": [0. 1]. "ptr": [0]}}')
debug_merge_point(0, 0, '43<main.rpyeffect:43(Name(go434252))>+1: {"op": "Jump". "target": 10}')
+676: setfield_gc(p36, i61, descr=<FieldS rpyeffect.region.NumRef.inst_value 8>)
+680: label(p0, p31, i63, i29, p30, p2, p44, p45, p46, i13, i28, p22, p24, p37, p36, i61, descr=TargetToken(5371529200))
debug_merge_point(0, 0, '43<main.rpyeffect:43(Name(go434252))>+1: {"op": "Jump". "target": 10}')
+708: guard_not_invalidated(descr=<Guard0x1402b2860>) [p2, i63, i29, i13, p30, p22, p24, p0, p46, p45, p44, i28, p31]
debug_merge_point(0, 0, '10<main.rpyeffect:10(Name(infixGt174))>+0: {"op": "PrimOp". "name": "infixGt(Int. Int): Boolean". "out": {"num": [0]. "ptr": []}. "in": {"num": [0. 1]. "ptr": []}}')
+712: i64 = int_gt(i63, i29)
guard_false(i64, descr=<Guard0x1402e2520>) [p2, i63, i29, i13, p30, p22, p24, p0, p46, p45, p44, i28, p31]
debug_merge_point(0, 0, '10<main.rpyeffect:10(Name(infixGt174))>+1: {"op": "Return". "args": {"num": [0]. "ptr": []}}')
debug_merge_point(0, 0, '42<main.rpyeffect:42([k@Name(go434252)#58])>+0: {"op": "Swap". "type": "num". "a": 2. "b". 1}')
debug_merge_point(0, 0, '42<main.rpyeffect:42([k@Name(go434252)#58])>+1: {"op": "IfZero". "cond": 0. "then": {"tag": null. "target": 41. "args": {"num": []. "ptr": []}}}')
debug_merge_point(0, 0, '41<main.rpyeffect:41([then#60])>+0: {"op": "Copy". "type": "num". "from": 2. "to". 0}')
debug_merge_point(0, 0, '41<main.rpyeffect:41([then#60])>+1: {"op": "PrimOp". "name": "box(Num): Ptr". "out": {"num": []. "ptr": [1]}. "in": {"num": [0]. "ptr": []}}')
debug_merge_point(0, 0, '41<main.rpyeffect:41([then#60])>+2: {"op": "Push". "target": 40. "args": {"num": [2. 1]. "ptr": [0]}}')
debug_merge_point(0, 0, '41<main.rpyeffect:41([then#60])>+3: {"op": "Swap". "type": "ptr". "a": 0. "b". 1}')
debug_merge_point(0, 0, '41<main.rpyeffect:41([then#60])>+4: {"op": "Jump". "target": 38}')
debug_merge_point(0, 0, '38<main.rpyeffect:38([mcore:[#83]#56])>+0: {"op": "Invoke". "receiver": 1. "tag": Interned(%emit2645(p):p). "args" : {"num": []. "ptr": [0]}}')
debug_merge_point(0, 0, '115<main.rpyeffect:115([#302])>+0: {"op": "Const". "type": "num". "out": 0. "value": 0}')
debug_merge_point(0, 0, '115<main.rpyeffect:115([#302])>+1: {"op": "ShiftDyn". "out": 2. "n": 0. "label": 2}')
debug_merge_point(0, 0, '115<main.rpyeffect:115([#302])>+2: {"op": "Load". "out": 0. "type": "num". "ref": 1}')
debug_merge_point(0, 0, '115<main.rpyeffect:115([#302])>+3: {"op": "PrimOp". "name": "unbox(Ptr): Num". "out": {"num": [1]. "ptr": []}. "in": {"num": []. "ptr": [0]}}')
debug_merge_point(0, 0, '115<main.rpyeffect:115([#302])>+4: {"op": "Push". "target": 114. "args": {"num": []. "ptr": [1. 2]}}')
debug_merge_point(0, 0, '115<main.rpyeffect:115([#302])>+5: {"op": "Jump". "target": 5}')
debug_merge_point(0, 0, '5<main.rpyeffect:5(Name(infixAdd95))>+0: {"op": "PrimOp". "name": "infixAdd(Int. Int): Int". "out": {"num": [0]. "ptr": []}. "in": {"num": [0. 1]. "ptr": []}}')
+720: i65 = int_add(i61, i63)
debug_merge_point(0, 0, '5<main.rpyeffect:5(Name(infixAdd95))>+1: {"op": "Return". "args": {"num": [0]. "ptr": []}}')
debug_merge_point(0, 0, '114<main.rpyeffect:114([k@[#302]#312])>+0: {"op": "Const". "type": "num". "out": 1. "value": 1009}')
debug_merge_point(0, 0, '114<main.rpyeffect:114([k@[#302]#312])>+1: {"op": "Push". "target": 113. "args": {"num": []. "ptr": [0. 1]}}')
debug_merge_point(0, 0, '114<main.rpyeffect:114([k@[#302]#312])>+2: {"op": "Jump". "target": 8}')
debug_merge_point(0, 0, '8<main.rpyeffect:8(Name(mod107))>+0: {"op": "PrimOp". "name": "mod(Int. Int): Int". "out": {"num": [0]. "ptr": []}. "in": {"num": [0. 1]. "ptr": []}}')
+724: i67 = int_rshift(i65, 63)
+732: i68 = int_xor(i65, i67)
+736: i70 = uint_mul_high(i68, -9086255505087856445)
+756: i72 = uint_rshift(i70, 9)
+764: i73 = int_xor(i72, i67)
+768: i75 = int_mul(i73, 1009)
+776: i76 = int_sub(i65, i75)
debug_merge_point(0, 0, '8<main.rpyeffect:8(Name(mod107))>+1: {"op": "Return". "args": {"num": [0]. "ptr": []}}')
debug_merge_point(0, 0, '113<main.rpyeffect:113([k@[k@[#302]#312]#315])>+0: {"op": "Store". "ref": 0. "type": "num". "value": 0}')
debug_merge_point(0, 0, '113<main.rpyeffect:113([k@[k@[#302]#312]#315])>+1: {"op": "Construct". "out": 0. "type": Interned(Unit). "tag": Interned(unit). "args": {"num": []. "ptr": []}}')
debug_merge_point(0, 0, '113<main.rpyeffect:113([k@[k@[#302]#312]#315])>+2: {"op": "Construct". "out": 0. "type": Interned(Unit). "tag": Interned(unit). "args": {"num": []. "ptr": []}}')
debug_merge_point(0, 0, '113<main.rpyeffect:113([k@[k@[#302]#312]#315])>+3: {"op": "Jump". "target": 37}')
debug_merge_point(0, 0, '37<main.rpyeffect:37(Name(resume84135))>+0: {"op": "PushStack". "arg": 1}')
debug_merge_point(0, 0, '37<main.rpyeffect:37(Name(resume84135))>+1: {"op": "Return". "args": {"num": []. "ptr": [0]}}')
debug_merge_point(0, 0, '40<main.rpyeffect:40([k@[then#60]#65])>+0: {"op": "Const". "type": "num". "out": 2. "value": 1}')
debug_merge_point(0, 0, '40<main.rpyeffect:40([k@[then#60]#65])>+1: {"op": "Push". "target": 39. "args": {"num": [1]. "ptr": [1]}}')
debug_merge_point(0, 0, '40<main.rpyeffect:40([k@[then#60]#65])>+2: {"op": "Copy". "type": "num". "from": 2. "to". 1}')
debug_merge_point(0, 0, '40<main.rpyeffect:40([k@[then#60]#65])>+3: {"op": "Jump". "target": 5}')
debug_merge_point(0, 0, '5<main.rpyeffect:5(Name(infixAdd95))>+0: {"op": "PrimOp". "name": "infixAdd(Int. Int): Int". "out": {"num": [0]. "ptr": []}. "in": {"num": [0. 1]. "ptr": []}}')
+780: i78 = int_add(i63, 1)
debug_merge_point(0, 0, '5<main.rpyeffect:5(Name(infixAdd95))>+1: {"op": "Return". "args": {"num": [0]. "ptr": []}}')
debug_merge_point(0, 0, '39<main.rpyeffect:39([k@[k@[then#60]#65]#69])>+0: {"op": "Jump". "target": 43}')
debug_merge_point(0, 0, '43<main.rpyeffect:43(Name(go434252))>+0: {"op": "Push". "target": 42. "args": {"num": [0. 1]. "ptr": [0]}}')
debug_merge_point(0, 0, '43<main.rpyeffect:43(Name(go434252))>+1: {"op": "Jump". "target": 10}')
+784: setfield_gc(p36, i76, descr=<FieldS rpyeffect.region.NumRef.inst_value 8>)
+788: jump(p0, p31, i78, i29, p30, p2, p44, p45, p46, i13, i63, p22, p24, p37, p36, i76, descr=TargetToken(5371529200))
+804: --end of the loop--
[be8d165] jit-log-opt-loop}
[175c1999] {jit-log-opt-loop
# Loop 3 (50<main.rpyeffect:50(Name(go434255))>+1: {"op": "Jump", "target": 10}) : loop with 149 ops
[p0, p1, p2, p3, p4]
+312: p5 = getfield_gc_r(p2, descr=<FieldP rpyeffect.environment.Environment.inst_values_num 16>)
+320: i7 = getarrayitem_gc_i(p5, 0, descr=<ArrayS 8>)
+324: i9 = getarrayitem_gc_i(p5, 1, descr=<ArrayS 8>)
+328: i11 = getarrayitem_gc_i(p5, 2, descr=<ArrayS 8>)
+332: i13 = getarrayitem_gc_i(p5, 3, descr=<ArrayS 8>)
+336: p14 = getfield_gc_r(p2, descr=<FieldP rpyeffect.environment.Environment.inst_values_ptr 24>)
+340: p16 = getarrayitem_gc_r(p14, 0, descr=<ArrayP 8>)
+344: p18 = getarrayitem_gc_r(p14, 1, descr=<ArrayP 8>)
+348: p20 = getarrayitem_gc_r(p14, 2, descr=<ArrayP 8>)
+352: p22 = getarrayitem_gc_r(p14, 3, descr=<ArrayP 8>)
+356: p24 = getarrayitem_gc_r(p14, 4, descr=<ArrayP 8>)
+360: label(p0, p1, p2, p3, p4, i7, i9, i11, i13, p16, p18, p20, p22, p24, descr=TargetToken(5371529280))
debug_merge_point(0, 0, '50<main.rpyeffect:50(Name(go434255))>+1: {"op": "Jump". "target": 10}')
+388: guard_not_invalidated(descr=<Guard0x1402b2910>) [p2, i7, i9, i11, i13, p16, p18, p20, p22, p24, p0, p1, p3, p4]
+392: guard_nonnull(p1, descr=<Guard0x1402e2920>) [p2, i7, i9, i11, i13, p16, p18, p20, p22, p24, p0, p1, p3, p4]
+404: i25 = getfield_gc_i(p1, descr=<FieldS rpyeffect.stored_environment.Stack__arb_arb.inst_target 16 pure>)
+412: guard_value(i25, 49, descr=<Guard0x1402e2960>) [p2, i7, i9, i11, i13, p16, p18, p20, p22, p24, p0, p1, p3, p4]
debug_merge_point(0, 0, '10<main.rpyeffect:10(Name(infixGt174))>+0: {"op": "PrimOp". "name": "infixGt(Int. Int): Boolean". "out": {"num": [0]. "ptr": []}. "in": {"num": [0. 1]. "ptr": []}}')
+424: i27 = int_gt(i7, i9)
guard_false(i27, descr=<Guard0x1402e29a0>) [p2, i7, i9, i11, i13, p16, p18, p20, p22, p24, p0, p1, p3, p4]
debug_merge_point(0, 0, '10<main.rpyeffect:10(Name(infixGt174))>+1: {"op": "Return". "args": {"num": [0]. "ptr": []}}')
+432: i28 = getfield_gc_i(p1, descr=<FieldS rpyeffect.stored_environment.Stack__2_1.inst_values_num_0 40 pure>)
+436: i29 = getfield_gc_i(p1, descr=<FieldS rpyeffect.stored_environment.Stack__2_1.inst_values_num_1 48 pure>)
+440: p30 = getfield_gc_r(p1, descr=<FieldP rpyeffect.stored_environment.Stack__2_1.inst_values_ptr_0 56 pure>)
+444: p31 = getfield_gc_r(p1, descr=<FieldP rpyeffect.stored_environment.Stack__arb_arb.inst_tail 8 pure>)
debug_merge_point(0, 0, '49<main.rpyeffect:49([k@Name(go434255)#74])>+0: {"op": "Swap". "type": "num". "a": 2. "b". 0}')
debug_merge_point(0, 0, '49<main.rpyeffect:49([k@Name(go434255)#74])>+1: {"op": "IfZero". "cond": 2. "then": {"tag": null. "target": 48. "args": {"num": []. "ptr": []}}}')
+448: guard_nonnull(p31, descr=<Guard0x1402e29e0>) [p2, i7, i9, i11, i13, p16, p18, p20, p22, p24, p0, p1, p3, p4]
+456: i32 = getfield_gc_i(p31, descr=<FieldS rpyeffect.stored_environment.Stack__arb_arb.inst_target 16 pure>)
+460: guard_value(i32, 95, descr=<Guard0x1402e2a20>) [p2, i7, i9, i11, i13, p16, p18, p20, p22, p24, p0, p1, p3, p4]
debug_merge_point(0, 0, '48<main.rpyeffect:48([then#76])>+0: {"op": "Copy". "type": "num". "from": 1. "to". 2}')
debug_merge_point(0, 0, '48<main.rpyeffect:48([then#76])>+1: {"op": "PrimOp". "name": "box(Num): Ptr". "out": {"num": []. "ptr": [1]}. "in": {"num": [2]. "ptr": []}}')
debug_merge_point(0, 0, '48<main.rpyeffect:48([then#76])>+2: {"op": "Push". "target": 47. "args": {"num": [1. 0]. "ptr": [0]}}')
debug_merge_point(0, 0, '48<main.rpyeffect:48([then#76])>+3: {"op": "Swap". "type": "ptr". "a": 0. "b". 1}')
debug_merge_point(0, 0, '48<main.rpyeffect:48([then#76])>+4: {"op": "Jump". "target": 45}')
debug_merge_point(0, 0, '45<main.rpyeffect:45([mcore:[#95]#72])>+0: {"op": "Invoke". "receiver": 1. "tag": Interned(%emit2645(p):p). "args" : {"num": []. "ptr": [0]}}')
+472: p34 = getfield_gc_r(p30, descr=<FieldP rpyeffect.stored_environment.CoData__arb_arb.inst_vtable 24 pure>)
+480: guard_value(p34, ConstPtr(ptr35), descr=<Guard0x1402e2a60>) [p2, i7, i9, i11, i13, p16, p18, p20, p22, p24, p0, p1, p3, p4]
+488: p36 = getfield_gc_r(p30, descr=<FieldP rpyeffect.stored_environment.CoData__0_2.inst_values_ptr_0 32 pure>)
+492: p37 = getfield_gc_r(p30, descr=<FieldP rpyeffect.stored_environment.CoData__0_2.inst_values_ptr_1 40 pure>)
debug_merge_point(0, 0, '103<main.rpyeffect:103([#259])>+0: {"op": "Const". "type": "num". "out": 0. "value": 0}')
debug_merge_point(0, 0, '103<main.rpyeffect:103([#259])>+1: {"op": "ShiftDyn". "out": 0. "n": 0. "label": 2}')
+496: guard_isnull(p4, descr=<Guard0x1402e2aa0>) [p2, i7, i9, i11, i13, p16, p18, p20, p22, p24, p0, p1, p3, p4]
+508: i38 = getfield_gc_i(p0, descr=<FieldS rpyeffect.stack.Label.inst_origin 8 pure>)
+516: guard_value(i38, 106500, descr=<Guard0x1402e2ae0>) [p2, i7, i9, i11, i13, p16, p18, p20, p22, p24, p0, p1, p3, p4]
+532: i40 = getfield_gc_i(p37, descr=<FieldS rpyeffect.stack.Label.inst_origin 8 pure>)
+536: guard_value(i40, 106500, descr=<Guard0x1402e2b20>) [p2, i7, i9, i11, i13, p16, p18, p20, p22, p24, p0, p1, p3, p4]
+552: i42 = instance_ptr_eq(p0, p37)
guard_true(i42, descr=<Guard0x1402e2b60>) [p2, i7, i9, i11, i13, p16, p18, p20, p22, p24, p0, p1, p3, p4]
+560: guard_nonnull_class(p3, 4334890728, descr=<Guard0x1402b2968>) [p2, i7, i9, i11, i13, p16, p18, p20, p22, p24, p0, p1, p3, p4]
+588: p44 = getfield_gc_r(p3, descr=<FieldP rpyeffect.stack.MetaStackLike.inst_stack 8 pure>)
+592: p45 = getfield_gc_r(p3, descr=<FieldP rpyeffect.stack.MetaStack.inst_label 16 pure>)
+596: p46 = getfield_gc_r(p3, descr=<FieldP rpyeffect.stack.MetaStack.inst_tail 32 pure>)
+600: guard_nonnull(p44, descr=<Guard0x1402e2ba0>) [p2, i7, i9, i11, i13, p16, p18, p20, p22, p24, p0, p1, p3, p4]
+608: i47 = getfield_gc_i(p44, descr=<FieldS rpyeffect.stored_environment.Stack__arb_arb.inst_target 16 pure>)
+612: guard_value(i47, 94, descr=<Guard0x1402e2be0>) [p2, i7, i9, i11, i13, p16, p18, p20, p22, p24, p0, p1, p3, p4]
debug_merge_point(0, 0, '103<main.rpyeffect:103([#259])>+2: {"op": "Load". "out": 0. "type": "num". "ref": 1}')
+624: i49 = getfield_gc_i(p36, descr=<FieldS rpyeffect.region.NumRef.inst_value 8>)
debug_merge_point(0, 0, '103<main.rpyeffect:103([#259])>+3: {"op": "Const". "type": "num". "out": 1. "value": 1}')
debug_merge_point(0, 0, '103<main.rpyeffect:103([#259])>+4: {"op": "Push". "target": 102. "args": {"num": []. "ptr": [1. 0]}}')
debug_merge_point(0, 0, '103<main.rpyeffect:103([#259])>+5: {"op": "Jump". "target": 5}')
debug_merge_point(0, 0, '5<main.rpyeffect:5(Name(infixAdd95))>+0: {"op": "PrimOp". "name": "infixAdd(Int. Int): Int". "out": {"num": [0]. "ptr": []}. "in": {"num": [0. 1]. "ptr": []}}')
+628: i51 = int_add(i49, 1)
debug_merge_point(0, 0, '5<main.rpyeffect:5(Name(infixAdd95))>+1: {"op": "Return". "args": {"num": [0]. "ptr": []}}')
debug_merge_point(0, 0, '102<main.rpyeffect:102([k@[#259]#267])>+0: {"op": "Const". "type": "num". "out": 1. "value": 1009}')
debug_merge_point(0, 0, '102<main.rpyeffect:102([k@[#259]#267])>+1: {"op": "Push". "target": 101. "args": {"num": []. "ptr": [0. 1]}}')
debug_merge_point(0, 0, '102<main.rpyeffect:102([k@[#259]#267])>+2: {"op": "Jump". "target": 8}')
debug_merge_point(0, 0, '8<main.rpyeffect:8(Name(mod107))>+0: {"op": "PrimOp". "name": "mod(Int. Int): Int". "out": {"num": [0]. "ptr": []}. "in": {"num": [0. 1]. "ptr": []}}')
+632: i53 = int_rshift(i51, 63)
+640: i54 = int_xor(i51, i53)
+644: i56 = uint_mul_high(i54, -9086255505087856445)
+664: i58 = uint_rshift(i56, 9)
+672: i59 = int_xor(i58, i53)
+676: i61 = int_mul(i59, 1009)
+684: i62 = int_sub(i51, i61)
debug_merge_point(0, 0, '8<main.rpyeffect:8(Name(mod107))>+1: {"op": "Return". "args": {"num": [0]. "ptr": []}}')
debug_merge_point(0, 0, '101<main.rpyeffect:101([k@[k@[#259]#267]#270])>+0: {"op": "Store". "ref": 0. "type": "num". "value": 0}')
debug_merge_point(0, 0, '101<main.rpyeffect:101([k@[k@[#259]#267]#270])>+1: {"op": "Construct". "out": 0. "type": Interned(Unit). "tag": Interned(unit). "args": {"num": []. "ptr": []}}')
debug_merge_point(0, 0, '101<main.rpyeffect:101([k@[k@[#259]#267]#270])>+2: {"op": "Construct". "out": 0. "type": Interned(Unit). "tag": Interned(unit). "args": {"num": []. "ptr": []}}')
debug_merge_point(0, 0, '101<main.rpyeffect:101([k@[k@[#259]#267]#270])>+3: {"op": "Jump". "target": 44}')
debug_merge_point(0, 0, '44<main.rpyeffect:44(Name(resume84147))>+0: {"op": "PushStack". "arg": 1}')
debug_merge_point(0, 0, '44<main.rpyeffect:44(Name(resume84147))>+1: {"op": "Return". "args": {"num": []. "ptr": [0]}}')
debug_merge_point(0, 0, '47<main.rpyeffect:47([k@[then#76]#81])>+0: {"op": "Const". "type": "num". "out": 2. "value": 1}')
debug_merge_point(0, 0, '47<main.rpyeffect:47([k@[then#76]#81])>+1: {"op": "Push". "target": 46. "args": {"num": [1]. "ptr": [1]}}')
debug_merge_point(0, 0, '47<main.rpyeffect:47([k@[then#76]#81])>+2: {"op": "Copy". "type": "num". "from": 2. "to". 1}')
debug_merge_point(0, 0, '47<main.rpyeffect:47([k@[then#76]#81])>+3: {"op": "Jump". "target": 5}')
debug_merge_point(0, 0, '5<main.rpyeffect:5(Name(infixAdd95))>+0: {"op": "PrimOp". "name": "infixAdd(Int. Int): Int". "out": {"num": [0]. "ptr": []}. "in": {"num": [0. 1]. "ptr": []}}')
+688: i64 = int_add(i28, 1)
debug_merge_point(0, 0, '5<main.rpyeffect:5(Name(infixAdd95))>+1: {"op": "Return". "args": {"num": [0]. "ptr": []}}')
debug_merge_point(0, 0, '46<main.rpyeffect:46([k@[k@[then#76]#81]#85])>+0: {"op": "Jump". "target": 50}')
debug_merge_point(0, 0, '50<main.rpyeffect:50(Name(go434255))>+0: {"op": "Push". "target": 49. "args": {"num": [0. 1]. "ptr": [0]}}')
debug_merge_point(0, 0, '50<main.rpyeffect:50(Name(go434255))>+1: {"op": "Jump". "target": 10}')
+692: setfield_gc(p36, i62, descr=<FieldS rpyeffect.region.NumRef.inst_value 8>)
+696: p65 = same_as_r(p37)
+700: label(p0, p31, i64, i29, p30, p2, p44, p45, p46, i13, p37, p22, p24, p65, p36, i62, descr=TargetToken(5371529360))
debug_merge_point(0, 0, '50<main.rpyeffect:50(Name(go434255))>+1: {"op": "Jump". "target": 10}')
+724: guard_not_invalidated(descr=<Guard0x1402b29c0>) [p2, i64, i29, i13, p30, p37, p22, p24, p0, p46, p45, p44, p31]
debug_merge_point(0, 0, '10<main.rpyeffect:10(Name(infixGt174))>+0: {"op": "PrimOp". "name": "infixGt(Int. Int): Boolean". "out": {"num": [0]. "ptr": []}. "in": {"num": [0. 1]. "ptr": []}}')
+728: i66 = int_gt(i64, i29)
guard_false(i66, descr=<Guard0x1402e2c20>) [p2, i64, i29, i13, p30, p37, p22, p24, p0, p46, p45, p44, p31]
debug_merge_point(0, 0, '10<main.rpyeffect:10(Name(infixGt174))>+1: {"op": "Return". "args": {"num": [0]. "ptr": []}}')
debug_merge_point(0, 0, '49<main.rpyeffect:49([k@Name(go434255)#74])>+0: {"op": "Swap". "type": "num". "a": 2. "b". 0}')
debug_merge_point(0, 0, '49<main.rpyeffect:49([k@Name(go434255)#74])>+1: {"op": "IfZero". "cond": 2. "then": {"tag": null. "target": 48. "args": {"num": []. "ptr": []}}}')
debug_merge_point(0, 0, '48<main.rpyeffect:48([then#76])>+0: {"op": "Copy". "type": "num". "from": 1. "to". 2}')
debug_merge_point(0, 0, '48<main.rpyeffect:48([then#76])>+1: {"op": "PrimOp". "name": "box(Num): Ptr". "out": {"num": []. "ptr": [1]}. "in": {"num": [2]. "ptr": []}}')
debug_merge_point(0, 0, '48<main.rpyeffect:48([then#76])>+2: {"op": "Push". "target": 47. "args": {"num": [1. 0]. "ptr": [0]}}')
debug_merge_point(0, 0, '48<main.rpyeffect:48([then#76])>+3: {"op": "Swap". "type": "ptr". "a": 0. "b". 1}')
debug_merge_point(0, 0, '48<main.rpyeffect:48([then#76])>+4: {"op": "Jump". "target": 45}')
debug_merge_point(0, 0, '45<main.rpyeffect:45([mcore:[#95]#72])>+0: {"op": "Invoke". "receiver": 1. "tag": Interned(%emit2645(p):p). "args" : {"num": []. "ptr": [0]}}')
debug_merge_point(0, 0, '103<main.rpyeffect:103([#259])>+0: {"op": "Const". "type": "num". "out": 0. "value": 0}')
debug_merge_point(0, 0, '103<main.rpyeffect:103([#259])>+1: {"op": "ShiftDyn". "out": 0. "n": 0. "label": 2}')
+736: i67 = getfield_gc_i(p65, descr=<FieldS rpyeffect.stack.Label.inst_origin 8 pure>)
+740: guard_value(i67, 106500, descr=<Guard0x1402e2c60>) [p2, i64, i29, i13, p30, p37, p22, p24, p0, p46, p45, p44, p31]
+756: i69 = instance_ptr_eq(p0, p65)
guard_true(i69, descr=<Guard0x1402e2ca0>) [p2, i64, i29, i13, p30, p37, p22, p24, p0, p46, p45, p44, p31]
debug_merge_point(0, 0, '103<main.rpyeffect:103([#259])>+2: {"op": "Load". "out": 0. "type": "num". "ref": 1}')
debug_merge_point(0, 0, '103<main.rpyeffect:103([#259])>+3: {"op": "Const". "type": "num". "out": 1. "value": 1}')
debug_merge_point(0, 0, '103<main.rpyeffect:103([#259])>+4: {"op": "Push". "target": 102. "args": {"num": []. "ptr": [1. 0]}}')
debug_merge_point(0, 0, '103<main.rpyeffect:103([#259])>+5: {"op": "Jump". "target": 5}')
debug_merge_point(0, 0, '5<main.rpyeffect:5(Name(infixAdd95))>+0: {"op": "PrimOp". "name": "infixAdd(Int. Int): Int". "out": {"num": [0]. "ptr": []}. "in": {"num": [0. 1]. "ptr": []}}')
+764: i71 = int_add(i62, 1)
debug_merge_point(0, 0, '5<main.rpyeffect:5(Name(infixAdd95))>+1: {"op": "Return". "args": {"num": [0]. "ptr": []}}')
debug_merge_point(0, 0, '102<main.rpyeffect:102([k@[#259]#267])>+0: {"op": "Const". "type": "num". "out": 1. "value": 1009}')
debug_merge_point(0, 0, '102<main.rpyeffect:102([k@[#259]#267])>+1: {"op": "Push". "target": 101. "args": {"num": []. "ptr": [0. 1]}}')
debug_merge_point(0, 0, '102<main.rpyeffect:102([k@[#259]#267])>+2: {"op": "Jump". "target": 8}')
debug_merge_point(0, 0, '8<main.rpyeffect:8(Name(mod107))>+0: {"op": "PrimOp". "name": "mod(Int. Int): Int". "out": {"num": [0]. "ptr": []}. "in": {"num": [0. 1]. "ptr": []}}')
+768: i73 = uint_mul_high(i71, -9086255505087856445)
+788: i75 = uint_rshift(i73, 9)
+796: i77 = int_mul(i75, 1009)
+804: i78 = int_sub(i71, i77)
debug_merge_point(0, 0, '8<main.rpyeffect:8(Name(mod107))>+1: {"op": "Return". "args": {"num": [0]. "ptr": []}}')
debug_merge_point(0, 0, '101<main.rpyeffect:101([k@[k@[#259]#267]#270])>+0: {"op": "Store". "ref": 0. "type": "num". "value": 0}')
debug_merge_point(0, 0, '101<main.rpyeffect:101([k@[k@[#259]#267]#270])>+1: {"op": "Construct". "out": 0. "type": Interned(Unit). "tag": Interned(unit). "args": {"num": []. "ptr": []}}')
debug_merge_point(0, 0, '101<main.rpyeffect:101([k@[k@[#259]#267]#270])>+2: {"op": "Construct". "out": 0. "type": Interned(Unit). "tag": Interned(unit). "args": {"num": []. "ptr": []}}')
debug_merge_point(0, 0, '101<main.rpyeffect:101([k@[k@[#259]#267]#270])>+3: {"op": "Jump". "target": 44}')
debug_merge_point(0, 0, '44<main.rpyeffect:44(Name(resume84147))>+0: {"op": "PushStack". "arg": 1}')
debug_merge_point(0, 0, '44<main.rpyeffect:44(Name(resume84147))>+1: {"op": "Return". "args": {"num": []. "ptr": [0]}}')
debug_merge_point(0, 0, '47<main.rpyeffect:47([k@[then#76]#81])>+0: {"op": "Const". "type": "num". "out": 2. "value": 1}')
debug_merge_point(0, 0, '47<main.rpyeffect:47([k@[then#76]#81])>+1: {"op": "Push". "target": 46. "args": {"num": [1]. "ptr": [1]}}')
debug_merge_point(0, 0, '47<main.rpyeffect:47([k@[then#76]#81])>+2: {"op": "Copy". "type": "num". "from": 2. "to". 1}')
debug_merge_point(0, 0, '47<main.rpyeffect:47([k@[then#76]#81])>+3: {"op": "Jump". "target": 5}')
debug_merge_point(0, 0, '5<main.rpyeffect:5(Name(infixAdd95))>+0: {"op": "PrimOp". "name": "infixAdd(Int. Int): Int". "out": {"num": [0]. "ptr": []}. "in": {"num": [0. 1]. "ptr": []}}')
+808: i80 = int_add(i64, 1)
debug_merge_point(0, 0, '5<main.rpyeffect:5(Name(infixAdd95))>+1: {"op": "Return". "args": {"num": [0]. "ptr": []}}')
debug_merge_point(0, 0, '46<main.rpyeffect:46([k@[k@[then#76]#81]#85])>+0: {"op": "Jump". "target": 50}')
debug_merge_point(0, 0, '50<main.rpyeffect:50(Name(go434255))>+0: {"op": "Push". "target": 49. "args": {"num": [0. 1]. "ptr": [0]}}')
debug_merge_point(0, 0, '50<main.rpyeffect:50(Name(go434255))>+1: {"op": "Jump". "target": 10}')
+812: setfield_gc(p36, i78, descr=<FieldS rpyeffect.region.NumRef.inst_value 8>)
+816: jump(p0, p31, i80, i29, p30, p2, p44, p45, p46, i13, p65, p22, p24, p65, p36, i78, descr=TargetToken(5371529360))
+828: --end of the loop--
[175e565a] jit-log-opt-loop}
[1ff48e2b] {jit-summary
Tracing:      	3	0.002304
Backend:      	3	0.000458
TOTAL:      		0.533222
ops:             	6534
heapcached ops:  	852
recorded ops:    	1808
  calls:         	996
guards:          	227
opt ops:         	428
opt guards:      	53
opt guards shared:	44
forcings:        	0
abort: trace too long:	0
abort: compiling:	0
abort: vable escape:	0
abort: bad loop: 	0
abort: force quasi-immut:	0
abort: segmenting trace:	0
virtualizables forced:	0
nvirtuals:       	11
nvholes:         	0
nvreused:        	0
vecopt tried:    	0
vecopt success:  	0
Total # of loops:	3
Total # of bridges:	0
Freed # of loops:	0
Freed # of bridges:	0
[1ff4bcb7] jit-summary}
