[662c69] {jit-log-opt-loop
# Loop 1 (34<main.rpyeffect:34(Name(range2634))>+1: {"op": "Jump", "target": 9}) : loop with 117 ops
[p0, p1, p2, p3, p4]
+296: p5 = getfield_gc_r(p2, descr=<FieldP rpyeffect.environment.Environment.inst_values_num 16>)
+304: i7 = getarrayitem_gc_i(p5, 0, descr=<ArrayS 8>)
+308: i9 = getarrayitem_gc_i(p5, 1, descr=<ArrayS 8>)
+312: i11 = getarrayitem_gc_i(p5, 2, descr=<ArrayS 8>)
+316: i13 = getarrayitem_gc_i(p5, 3, descr=<ArrayS 8>)
+320: p14 = getfield_gc_r(p2, descr=<FieldP rpyeffect.environment.Environment.inst_values_ptr 24>)
+324: p16 = getarrayitem_gc_r(p14, 0, descr=<ArrayP 8>)
+328: p18 = getarrayitem_gc_r(p14, 1, descr=<ArrayP 8>)
+332: p20 = getarrayitem_gc_r(p14, 2, descr=<ArrayP 8>)
+336: p22 = getarrayitem_gc_r(p14, 3, descr=<ArrayP 8>)
+340: p24 = getarrayitem_gc_r(p14, 4, descr=<ArrayP 8>)
+344: label(p0, p1, p2, p3, p4, i7, i9, i11, i13, p16, p18, p20, p22, p24, descr=TargetToken(5237310832))
debug_merge_point(0, 0, '34<main.rpyeffect:34(Name(range2634))>+1: {"op": "Jump". "target": 9}')
+372: guard_not_invalidated(descr=<Guard0x1382b25a0>) [p2, i7, i9, i11, i13, p16, p18, p20, p22, p24, p0, p1, p3, p4]
+376: guard_nonnull(p1, descr=<Guard0x1382a4ee0>) [p2, i7, i9, i11, i13, p16, p18, p20, p22, p24, p0, p1, p3, p4]
+388: i25 = getfield_gc_i(p1, descr=<FieldS rpyeffect.stored_environment.Stack__arb_arb.inst_target 16 pure>)
+396: guard_value(i25, 33, descr=<Guard0x1382a4f20>) [p2, i7, i9, i11, i13, p16, p18, p20, p22, p24, p0, p1, p3, p4]
debug_merge_point(0, 0, '9<main.rpyeffect:9(Name(infixGt174))>+0: {"op": "PrimOp". "name": "infixGt(Int. Int): Boolean". "out": {"num": [0]. "ptr": []}. "in": {"num": [0. 1]. "ptr": []}}')
+408: i27 = int_gt(i7, i9)
guard_false(i27, descr=<Guard0x1382a4f60>) [p2, i7, i9, i11, i13, p16, p18, p20, p22, p24, p0, p1, p3, p4]
debug_merge_point(0, 0, '9<main.rpyeffect:9(Name(infixGt174))>+1: {"op": "Return". "args": {"num": [0]. "ptr": []}}')
+416: i28 = getfield_gc_i(p1, descr=<FieldS rpyeffect.stored_environment.Stack__2_1.inst_values_num_0 40 pure>)
+420: i29 = getfield_gc_i(p1, descr=<FieldS rpyeffect.stored_environment.Stack__2_1.inst_values_num_1 48 pure>)
+424: p30 = getfield_gc_r(p1, descr=<FieldP rpyeffect.stored_environment.Stack__2_1.inst_values_ptr_0 56 pure>)
+428: p31 = getfield_gc_r(p1, descr=<FieldP rpyeffect.stored_environment.Stack__arb_arb.inst_tail 8 pure>)
debug_merge_point(0, 0, '33<main.rpyeffect:33([k@Name(range2634)#42])>+0: {"op": "IfZero". "cond": 0. "then": {"tag": null. "target": 32. "args": {"num": []. "ptr": []}}}')
+432: guard_nonnull(p31, descr=<Guard0x1382a4fa0>) [p2, i7, i9, i11, i13, p16, p18, p20, p22, p24, p0, p1, p3, p4]
+440: i32 = getfield_gc_i(p31, descr=<FieldS rpyeffect.stored_environment.Stack__arb_arb.inst_target 16 pure>)
+444: guard_value(i32, 82, descr=<Guard0x1382a4fe0>) [p2, i7, i9, i11, i13, p16, p18, p20, p22, p24, p0, p1, p3, p4]
debug_merge_point(0, 0, '32<main.rpyeffect:32([then#44])>+0: {"op": "Push". "target": 31. "args": {"num": [1. 2]. "ptr": [0]}}')
debug_merge_point(0, 0, '32<main.rpyeffect:32([then#44])>+1: {"op": "Copy". "type": "num". "from": 1. "to". 0}')
debug_merge_point(0, 0, '32<main.rpyeffect:32([then#44])>+2: {"op": "Jump". "target": 29}')
debug_merge_point(0, 0, '29<main.rpyeffect:29([mcore:[#24]#40])>+0: {"op": "Invoke". "receiver": 0. "tag": Interned(%Emit2639(n):p). "args" : {"num": [0]. "ptr": []}}')
+456: p34 = getfield_gc_r(p30, descr=<FieldP rpyeffect.stored_environment.CoData__arb_arb.inst_vtable 24 pure>)
+464: guard_value(p34, ConstPtr(ptr35), descr=<Guard0x1382a5020>) [p2, i7, i9, i11, i13, p16, p18, p20, p22, p24, p0, p1, p3, p4]
+472: p36 = getfield_gc_r(p30, descr=<FieldP rpyeffect.stored_environment.CoData__0_2.inst_values_ptr_0 32 pure>)
+476: p37 = getfield_gc_r(p30, descr=<FieldP rpyeffect.stored_environment.CoData__0_2.inst_values_ptr_1 40 pure>)
debug_merge_point(0, 0, '78<main.rpyeffect:78([#176])>+0: {"op": "Const". "type": "num". "out": 1. "value": 0}')
debug_merge_point(0, 0, '78<main.rpyeffect:78([#176])>+1: {"op": "ShiftDyn". "out": 1. "n": 1. "label": 1}')
+480: guard_isnull(p4, descr=<Guard0x1382a5060>) [p2, i7, i9, i11, i13, p16, p18, p20, p22, p24, p0, p1, p3, p4]
+492: i38 = getfield_gc_i(p0, descr=<FieldS rpyeffect.stack.Label.inst_origin 8 pure>)
+500: guard_value(i38, 84996, descr=<Guard0x1382a50a0>) [p2, i7, i9, i11, i13, p16, p18, p20, p22, p24, p0, p1, p3, p4]
+516: i40 = getfield_gc_i(p37, descr=<FieldS rpyeffect.stack.Label.inst_origin 8 pure>)
+520: guard_value(i40, 84996, descr=<Guard0x1382a50e0>) [p2, i7, i9, i11, i13, p16, p18, p20, p22, p24, p0, p1, p3, p4]
+536: i42 = instance_ptr_eq(p0, p37)
guard_true(i42, descr=<Guard0x1382a5120>) [p2, i7, i9, i11, i13, p16, p18, p20, p22, p24, p0, p1, p3, p4]
+544: guard_nonnull_class(p3, 4309135080, descr=<Guard0x1382b25f8>) [p2, i7, i9, i11, i13, p16, p18, p20, p22, p24, p0, p1, p3, p4]
+572: p44 = getfield_gc_r(p3, descr=<FieldP rpyeffect.stack.MetaStackLike.inst_stack 8 pure>)
+576: p45 = getfield_gc_r(p3, descr=<FieldP rpyeffect.stack.MetaStack.inst_label 16 pure>)
+580: p46 = getfield_gc_r(p3, descr=<FieldP rpyeffect.stack.MetaStack.inst_tail 32 pure>)
+584: guard_nonnull(p44, descr=<Guard0x1382a5160>) [p2, i7, i9, i11, i13, p16, p18, p20, p22, p24, p0, p1, p3, p4]
+592: i47 = getfield_gc_i(p44, descr=<FieldS rpyeffect.stored_environment.Stack__arb_arb.inst_target 16 pure>)
+596: guard_value(i47, 74, descr=<Guard0x1382a51a0>) [p2, i7, i9, i11, i13, p16, p18, p20, p22, p24, p0, p1, p3, p4]
debug_merge_point(0, 0, '78<main.rpyeffect:78([#176])>+2: {"op": "Load". "out": 1. "type": "num". "ref": 0}')
+608: i49 = getfield_gc_i(p36, descr=<FieldS rpyeffect.region.NumRef.inst_value 8>)
debug_merge_point(0, 0, '78<main.rpyeffect:78([#176])>+3: {"op": "Push". "target": 77. "args": {"num": []. "ptr": [0. 1]}}')
debug_merge_point(0, 0, '78<main.rpyeffect:78([#176])>+4: {"op": "Swap". "type": "num". "a": 1. "b". 0}')
debug_merge_point(0, 0, '78<main.rpyeffect:78([#176])>+5: {"op": "Jump". "target": 5}')
debug_merge_point(0, 0, '5<main.rpyeffect:5(Name(infixAdd95))>+0: {"op": "PrimOp". "name": "infixAdd(Int. Int): Int". "out": {"num": [0]. "ptr": []}. "in": {"num": [0. 1]. "ptr": []}}')
+612: i50 = int_add(i49, i28)
debug_merge_point(0, 0, '5<main.rpyeffect:5(Name(infixAdd95))>+1: {"op": "Return". "args": {"num": [0]. "ptr": []}}')
debug_merge_point(0, 0, '77<main.rpyeffect:77([k@[#176]#184])>+0: {"op": "Store". "ref": 0. "type": "num". "value": 0}')
debug_merge_point(0, 0, '77<main.rpyeffect:77([k@[#176]#184])>+1: {"op": "Construct". "out": 0. "type": Interned(Unit). "tag": Interned(unit). "args": {"num": []. "ptr": []}}')
debug_merge_point(0, 0, '77<main.rpyeffect:77([k@[#176]#184])>+2: {"op": "Construct". "out": 0. "type": Interned(Unit). "tag": Interned(unit). "args": {"num": []. "ptr": []}}')
debug_merge_point(0, 0, '77<main.rpyeffect:77([k@[#176]#184])>+3: {"op": "Jump". "target": 70}')
debug_merge_point(0, 0, '70<main.rpyeffect:70(Name(resume83928))>+0: {"op": "PushStack". "arg": 1}')
debug_merge_point(0, 0, '70<main.rpyeffect:70(Name(resume83928))>+1: {"op": "Return". "args": {"num": []. "ptr": [0]}}')
debug_merge_point(0, 0, '31<main.rpyeffect:31([k@[then#44]#46])>+0: {"op": "Const". "type": "num". "out": 2. "value": 1}')
debug_merge_point(0, 0, '31<main.rpyeffect:31([k@[then#44]#46])>+1: {"op": "Push". "target": 30. "args": {"num": [1]. "ptr": [1]}}')
debug_merge_point(0, 0, '31<main.rpyeffect:31([k@[then#44]#46])>+2: {"op": "Copy". "type": "num". "from": 2. "to". 1}')
debug_merge_point(0, 0, '31<main.rpyeffect:31([k@[then#44]#46])>+3: {"op": "Jump". "target": 5}')
debug_merge_point(0, 0, '5<main.rpyeffect:5(Name(infixAdd95))>+0: {"op": "PrimOp". "name": "infixAdd(Int. Int): Int". "out": {"num": [0]. "ptr": []}. "in": {"num": [0. 1]. "ptr": []}}')
+616: i52 = int_add(i28, 1)
debug_merge_point(0, 0, '5<main.rpyeffect:5(Name(infixAdd95))>+1: {"op": "Return". "args": {"num": [0]. "ptr": []}}')
debug_merge_point(0, 0, '30<main.rpyeffect:30([k@[k@[then#44]#46]#50])>+0: {"op": "Jump". "target": 34}')
debug_merge_point(0, 0, '34<main.rpyeffect:34(Name(range2634))>+0: {"op": "Push". "target": 33. "args": {"num": [0. 1]. "ptr": [0]}}')
debug_merge_point(0, 0, '34<main.rpyeffect:34(Name(range2634))>+1: {"op": "Jump". "target": 9}')
+620: setfield_gc(p36, i50, descr=<FieldS rpyeffect.region.NumRef.inst_value 8>)
+624: label(p0, p31, i52, i29, p30, p2, p44, p45, p46, i13, p20, p22, p24, p37, p36, i50, descr=TargetToken(5237310912))
debug_merge_point(0, 0, '34<main.rpyeffect:34(Name(range2634))>+1: {"op": "Jump". "target": 9}')
+648: guard_not_invalidated(descr=<Guard0x1382b2650>) [p2, i52, i29, i13, p30, p20, p22, p24, p0, p46, p45, p44, p31]
debug_merge_point(0, 0, '9<main.rpyeffect:9(Name(infixGt174))>+0: {"op": "PrimOp". "name": "infixGt(Int. Int): Boolean". "out": {"num": [0]. "ptr": []}. "in": {"num": [0. 1]. "ptr": []}}')
+652: i53 = int_gt(i52, i29)
guard_false(i53, descr=<Guard0x1382a51e0>) [p2, i52, i29, i13, p30, p20, p22, p24, p0, p46, p45, p44, p31]
debug_merge_point(0, 0, '9<main.rpyeffect:9(Name(infixGt174))>+1: {"op": "Return". "args": {"num": [0]. "ptr": []}}')
debug_merge_point(0, 0, '33<main.rpyeffect:33([k@Name(range2634)#42])>+0: {"op": "IfZero". "cond": 0. "then": {"tag": null. "target": 32. "args": {"num": []. "ptr": []}}}')
debug_merge_point(0, 0, '32<main.rpyeffect:32([then#44])>+0: {"op": "Push". "target": 31. "args": {"num": [1. 2]. "ptr": [0]}}')
debug_merge_point(0, 0, '32<main.rpyeffect:32([then#44])>+1: {"op": "Copy". "type": "num". "from": 1. "to". 0}')
debug_merge_point(0, 0, '32<main.rpyeffect:32([then#44])>+2: {"op": "Jump". "target": 29}')
debug_merge_point(0, 0, '29<main.rpyeffect:29([mcore:[#24]#40])>+0: {"op": "Invoke". "receiver": 0. "tag": Interned(%Emit2639(n):p). "args" : {"num": [0]. "ptr": []}}')
debug_merge_point(0, 0, '78<main.rpyeffect:78([#176])>+0: {"op": "Const". "type": "num". "out": 1. "value": 0}')
debug_merge_point(0, 0, '78<main.rpyeffect:78([#176])>+1: {"op": "ShiftDyn". "out": 1. "n": 1. "label": 1}')
debug_merge_point(0, 0, '78<main.rpyeffect:78([#176])>+2: {"op": "Load". "out": 1. "type": "num". "ref": 0}')
debug_merge_point(0, 0, '78<main.rpyeffect:78([#176])>+3: {"op": "Push". "target": 77. "args": {"num": []. "ptr": [0. 1]}}')
debug_merge_point(0, 0, '78<main.rpyeffect:78([#176])>+4: {"op": "Swap". "type": "num". "a": 1. "b". 0}')
debug_merge_point(0, 0, '78<main.rpyeffect:78([#176])>+5: {"op": "Jump". "target": 5}')
debug_merge_point(0, 0, '5<main.rpyeffect:5(Name(infixAdd95))>+0: {"op": "PrimOp". "name": "infixAdd(Int. Int): Int". "out": {"num": [0]. "ptr": []}. "in": {"num": [0. 1]. "ptr": []}}')
+660: i54 = int_add(i50, i52)
debug_merge_point(0, 0, '5<main.rpyeffect:5(Name(infixAdd95))>+1: {"op": "Return". "args": {"num": [0]. "ptr": []}}')
debug_merge_point(0, 0, '77<main.rpyeffect:77([k@[#176]#184])>+0: {"op": "Store". "ref": 0. "type": "num". "value": 0}')
debug_merge_point(0, 0, '77<main.rpyeffect:77([k@[#176]#184])>+1: {"op": "Construct". "out": 0. "type": Interned(Unit). "tag": Interned(unit). "args": {"num": []. "ptr": []}}')
debug_merge_point(0, 0, '77<main.rpyeffect:77([k@[#176]#184])>+2: {"op": "Construct". "out": 0. "type": Interned(Unit). "tag": Interned(unit). "args": {"num": []. "ptr": []}}')
debug_merge_point(0, 0, '77<main.rpyeffect:77([k@[#176]#184])>+3: {"op": "Jump". "target": 70}')
debug_merge_point(0, 0, '70<main.rpyeffect:70(Name(resume83928))>+0: {"op": "PushStack". "arg": 1}')
debug_merge_point(0, 0, '70<main.rpyeffect:70(Name(resume83928))>+1: {"op": "Return". "args": {"num": []. "ptr": [0]}}')
debug_merge_point(0, 0, '31<main.rpyeffect:31([k@[then#44]#46])>+0: {"op": "Const". "type": "num". "out": 2. "value": 1}')
debug_merge_point(0, 0, '31<main.rpyeffect:31([k@[then#44]#46])>+1: {"op": "Push". "target": 30. "args": {"num": [1]. "ptr": [1]}}')
debug_merge_point(0, 0, '31<main.rpyeffect:31([k@[then#44]#46])>+2: {"op": "Copy". "type": "num". "from": 2. "to". 1}')
debug_merge_point(0, 0, '31<main.rpyeffect:31([k@[then#44]#46])>+3: {"op": "Jump". "target": 5}')
debug_merge_point(0, 0, '5<main.rpyeffect:5(Name(infixAdd95))>+0: {"op": "PrimOp". "name": "infixAdd(Int. Int): Int". "out": {"num": [0]. "ptr": []}. "in": {"num": [0. 1]. "ptr": []}}')
+664: i56 = int_add(i52, 1)
debug_merge_point(0, 0, '5<main.rpyeffect:5(Name(infixAdd95))>+1: {"op": "Return". "args": {"num": [0]. "ptr": []}}')
debug_merge_point(0, 0, '30<main.rpyeffect:30([k@[k@[then#44]#46]#50])>+0: {"op": "Jump". "target": 34}')
debug_merge_point(0, 0, '34<main.rpyeffect:34(Name(range2634))>+0: {"op": "Push". "target": 33. "args": {"num": [0. 1]. "ptr": [0]}}')
debug_merge_point(0, 0, '34<main.rpyeffect:34(Name(range2634))>+1: {"op": "Jump". "target": 9}')
+668: setfield_gc(p36, i54, descr=<FieldS rpyeffect.region.NumRef.inst_value 8>)
+672: jump(p0, p31, i56, i29, p30, p2, p44, p45, p46, i13, p20, p22, p24, p37, p36, i54, descr=TargetToken(5237310912))
+676: --end of the loop--
[68448b] jit-log-opt-loop}
[12c650a] {jit-summary
Tracing:      	1	0.001432
Backend:      	1	0.000358
TOTAL:      		0.014627
ops:             	1459
heapcached ops:  	208
recorded ops:    	256
  calls:         	43
guards:          	65
opt ops:         	105
opt guards:      	17
opt guards shared:	14
forcings:        	0
abort: trace too long:	0
abort: compiling:	0
abort: vable escape:	0
abort: bad loop: 	0
abort: force quasi-immut:	0
abort: segmenting trace:	0
virtualizables forced:	0
nvirtuals:       	2
nvholes:         	0
nvreused:        	0
vecopt tried:    	0
vecopt success:  	0
Total # of loops:	1
Total # of bridges:	0
Freed # of loops:	0
Freed # of bridges:	0
[12c8280] jit-summary}
