2024.08.29 14:57:48 INFO  Started: Metals version 1.3.5 in folders '/Users/gaisseml/dev/effect-jit' for client Visual Studio Code 1.91.1.[0m
SLF4J(W): Class path contains multiple SLF4J providers.
SLF4J(W): Found provider [scribe.slf4j.ScribeServiceProvider@2229c852]
SLF4J(W): Found provider [ch.qos.logback.classic.spi.LogbackServiceProvider@36ac380f]
SLF4J(W): See https://www.slf4j.org/codes.html#multiple_bindings for an explanation.
SLF4J(I): Actual provider is of type [scribe.slf4j.ScribeServiceProvider@2229c852]
2024.08.29 14:57:48 WARN  Flyway upgrade recommended: H2 2.3.230 is newer than this version of Flyway and support has not been tested. The latest supported version of H2 is 2.2.220.[0m
2024.08.29 14:57:49 INFO  no build target found for /Users/gaisseml/dev/effect-jit/rpyeffect-asm/src/main/scala/rpyeffectasm/mcore/Tree.scala. Using presentation compiler with project's scala-library version: 3.3.3[0m
Aug 29, 2024 2:57:49 PM org.eclipse.lsp4j.jsonrpc.RemoteEndpoint handleCancellation
WARNING: Unmatched cancel notification for request id 3
2024.08.29 14:57:51 INFO  no build target found for /Users/gaisseml/dev/effect-jit/rpyeffect-asm/src/main/scala/rpyeffectasm/mcore/Tree.scala. Using presentation compiler with project's scala-library version: 3.3.3[0m
2024.08.29 14:57:52 INFO  no build target found for /Users/gaisseml/dev/effect-jit/rpyeffect-asm/src/main/scala/rpyeffectasm/mcore/Tree.scala. Using presentation compiler with project's scala-library version: 3.3.3[0m
2024.08.29 14:58:14 INFO  no build target found for /Users/gaisseml/dev/effect-jit/rpyeffect-asm/src/main/scala/rpyeffectasm/mcore/Tree.scala. Using presentation compiler with project's scala-library version: 3.3.3[0m
2024.08.29 14:58:14 INFO  no build target found for /Users/gaisseml/dev/effect-jit/rpyeffect-asm/src/main/scala/rpyeffectasm/mcore/Tree.scala. Using presentation compiler with project's scala-library version: 3.3.3[0m
2024.08.29 14:58:14 INFO  no build target found for /Users/gaisseml/dev/effect-jit/rpyeffect-asm/src/main/scala/rpyeffectasm/mcore/Tree.scala. Using presentation compiler with project's scala-library version: 3.3.3[0m
2024.08.29 14:58:14 INFO  no build target found for /Users/gaisseml/dev/effect-jit/rpyeffect-asm/src/main/scala/rpyeffectasm/mcore/Tree.scala. Using presentation compiler with project's scala-library version: 3.3.3[0m
2024.08.29 14:58:15 INFO  no build target found for /Users/gaisseml/dev/effect-jit/rpyeffect-asm/src/main/scala/rpyeffectasm/mcore/Tree.scala. Using presentation compiler with project's scala-library version: 3.3.3[0m
2024.08.29 14:58:15 INFO  no build target found for /Users/gaisseml/dev/effect-jit/rpyeffect-asm/src/main/scala/rpyeffectasm/mcore/Tree.scala. Using presentation compiler with project's scala-library version: 3.3.3[0m
2024.08.29 14:58:15 INFO  no build target found for /Users/gaisseml/dev/effect-jit/rpyeffect-asm/src/main/scala/rpyeffectasm/mcore/Tree.scala. Using presentation compiler with project's scala-library version: 3.3.3[0m
2024.08.29 14:58:19 INFO  no build target found for /Users/gaisseml/dev/effect-jit/rpyeffect-asm/src/main/scala/rpyeffectasm/mcore/Tree.scala. Using presentation compiler with project's scala-library version: 3.3.3[0m
2024.08.29 14:58:19 INFO  no build target found for /Users/gaisseml/dev/effect-jit/rpyeffect-asm/src/main/scala/rpyeffectasm/mcore/Tree.scala. Using presentation compiler with project's scala-library version: 3.3.3[0m
2024.08.29 15:00:12 INFO  no build target found for /Users/gaisseml/dev/effect-jit/rpyeffect-asm/src/main/scala/rpyeffectasm/mcore/Tree.scala. Using presentation compiler with project's scala-library version: 3.3.3[0m
2024.08.29 15:04:45 INFO  no build target found for /Users/gaisseml/dev/effect-jit/effekt/effekt/shared/src/main/scala/effekt/generator/jit/JIT.scala. Using presentation compiler with project's scala-library version: 3.3.3[0m
2024.08.29 15:04:46 INFO  no build target found for /Users/gaisseml/dev/effect-jit/effekt/effekt/shared/src/main/scala/effekt/generator/jit/JIT.scala. Using presentation compiler with project's scala-library version: 3.3.3[0m
2024.08.29 15:04:46 INFO  no build target found for /Users/gaisseml/dev/effect-jit/effekt/effekt/shared/src/main/scala/effekt/generator/jit/JIT.scala. Using presentation compiler with project's scala-library version: 3.3.3[0m
2024.08.29 15:04:50 INFO  no build target found for /Users/gaisseml/dev/effect-jit/effekt/effekt/shared/src/main/scala/effekt/generator/jit/JIT.scala. Using presentation compiler with project's scala-library version: 3.3.3[0m
2024.08.29 15:04:54 INFO  no build target found for /Users/gaisseml/dev/effect-jit/effekt/effekt/shared/src/main/scala/effekt/generator/jit/JIT.scala. Using presentation compiler with project's scala-library version: 3.3.3[0m
2024.08.29 15:07:33 INFO  no build target found for /Users/gaisseml/dev/effect-jit/effekt/effekt/shared/src/main/scala/effekt/core/Tree.scala. Using presentation compiler with project's scala-library version: 3.3.3[0m
2024.08.29 15:07:44 INFO  no build target found for /Users/gaisseml/dev/effect-jit/effekt/effekt/shared/src/main/scala/effekt/core/Tree.scala. Using presentation compiler with project's scala-library version: 3.3.3[0m
2024.08.29 15:07:51 INFO  no build target found for /Users/gaisseml/dev/effect-jit/effekt/effekt/shared/src/main/scala/effekt/core/Tree.scala. Using presentation compiler with project's scala-library version: 3.3.3[0m
2024.08.29 15:08:05 INFO  no build target found for /Users/gaisseml/dev/effect-jit/effekt/effekt/shared/src/main/scala/effekt/core/Tree.scala. Using presentation compiler with project's scala-library version: 3.3.3[0m
2024.08.29 15:08:13 INFO  no build target found for /Users/gaisseml/dev/effect-jit/effekt/effekt/shared/src/main/scala/effekt/core/Tree.scala. Using presentation compiler with project's scala-library version: 3.3.3[0m
2024.08.29 15:08:37 INFO  no build target found for /Users/gaisseml/dev/effect-jit/effekt/effekt/shared/src/main/scala/effekt/core/Tree.scala. Using presentation compiler with project's scala-library version: 3.3.3[0m
2024.08.29 15:08:37 INFO  no build target found for /Users/gaisseml/dev/effect-jit/effekt/effekt/shared/src/main/scala/effekt/core/Tree.scala. Using presentation compiler with project's scala-library version: 3.3.3[0m
2024.08.29 15:09:01 INFO  no build target found for /Users/gaisseml/dev/effect-jit/effekt/effekt/shared/src/main/scala/effekt/core/Tree.scala. Using presentation compiler with project's scala-library version: 3.3.3[0m
2024.08.29 15:09:01 INFO  no build target found for /Users/gaisseml/dev/effect-jit/effekt/effekt/shared/src/main/scala/effekt/core/Tree.scala. Using presentation compiler with project's scala-library version: 3.3.3[0m
2024.08.29 15:09:03 INFO  no build target found for /Users/gaisseml/dev/effect-jit/effekt/effekt/shared/src/main/scala/effekt/core/Tree.scala. Using presentation compiler with project's scala-library version: 3.3.3[0m
2024.08.29 15:09:06 INFO  no build target found for /Users/gaisseml/dev/effect-jit/effekt/effekt/shared/src/main/scala/effekt/core/Tree.scala. Using presentation compiler with project's scala-library version: 3.3.3[0m
2024.08.29 15:09:06 INFO  no build target found for /Users/gaisseml/dev/effect-jit/effekt/effekt/shared/src/main/scala/effekt/core/Tree.scala. Using presentation compiler with project's scala-library version: 3.3.3[0m
2024.08.29 15:09:07 INFO  no build target found for /Users/gaisseml/dev/effect-jit/effekt/effekt/shared/src/main/scala/effekt/core/Tree.scala. Using presentation compiler with project's scala-library version: 3.3.3[0m
2024.08.29 15:09:07 INFO  no build target found for /Users/gaisseml/dev/effect-jit/effekt/effekt/shared/src/main/scala/effekt/core/Tree.scala. Using presentation compiler with project's scala-library version: 3.3.3[0m
2024.08.29 15:09:07 INFO  no build target found for /Users/gaisseml/dev/effect-jit/effekt/effekt/shared/src/main/scala/effekt/core/Tree.scala. Using presentation compiler with project's scala-library version: 3.3.3[0m
2024.08.29 15:09:08 INFO  no build target found for /Users/gaisseml/dev/effect-jit/effekt/effekt/shared/src/main/scala/effekt/core/Tree.scala. Using presentation compiler with project's scala-library version: 3.3.3[0m
2024.08.29 15:09:09 INFO  no build target found for /Users/gaisseml/dev/effect-jit/effekt/effekt/shared/src/main/scala/effekt/core/Tree.scala. Using presentation compiler with project's scala-library version: 3.3.3[0m
2024.08.29 15:09:11 INFO  no build target found for /Users/gaisseml/dev/effect-jit/effekt/effekt/shared/src/main/scala/effekt/core/Tree.scala. Using presentation compiler with project's scala-library version: 3.3.3[0m
2024.08.29 15:10:00 INFO  no build target found for /Users/gaisseml/dev/effect-jit/effekt/effekt/shared/src/main/scala/effekt/core/Tree.scala. Using presentation compiler with project's scala-library version: 3.3.3[0m
2024.08.29 15:10:03 INFO  no build target found for /Users/gaisseml/dev/effect-jit/effekt/effekt/shared/src/main/scala/effekt/core/Tree.scala. Using presentation compiler with project's scala-library version: 3.3.3[0m
2024.08.29 15:10:03 INFO  no build target found for /Users/gaisseml/dev/effect-jit/effekt/effekt/shared/src/main/scala/effekt/core/Tree.scala. Using presentation compiler with project's scala-library version: 3.3.3[0m
2024.08.29 15:10:04 INFO  no build target found for /Users/gaisseml/dev/effect-jit/effekt/effekt/shared/src/main/scala/effekt/core/Tree.scala. Using presentation compiler with project's scala-library version: 3.3.3[0m
2024.08.29 15:10:04 INFO  no build target found for /Users/gaisseml/dev/effect-jit/effekt/effekt/shared/src/main/scala/effekt/core/Tree.scala. Using presentation compiler with project's scala-library version: 3.3.3[0m
2024.08.29 15:10:04 INFO  no build target found for /Users/gaisseml/dev/effect-jit/effekt/effekt/shared/src/main/scala/effekt/core/Tree.scala. Using presentation compiler with project's scala-library version: 3.3.3[0m
Aug 29, 2024 3:10:04 PM org.eclipse.lsp4j.jsonrpc.RemoteEndpoint handleCancellation
WARNING: Unmatched cancel notification for request id 175
2024.08.29 15:10:04 INFO  no build target found for /Users/gaisseml/dev/effect-jit/effekt/effekt/shared/src/main/scala/effekt/core/Tree.scala. Using presentation compiler with project's scala-library version: 3.3.3[0m
2024.08.29 15:10:04 INFO  no build target found for /Users/gaisseml/dev/effect-jit/effekt/effekt/shared/src/main/scala/effekt/core/Tree.scala. Using presentation compiler with project's scala-library version: 3.3.3[0m
2024.08.29 15:10:06 INFO  no build target found for /Users/gaisseml/dev/effect-jit/effekt/effekt/shared/src/main/scala/effekt/core/Tree.scala. Using presentation compiler with project's scala-library version: 3.3.3[0m
2024.08.29 15:10:06 INFO  no build target found for /Users/gaisseml/dev/effect-jit/effekt/effekt/shared/src/main/scala/effekt/core/Tree.scala. Using presentation compiler with project's scala-library version: 3.3.3[0m
2024.08.29 15:10:06 INFO  no build target found for /Users/gaisseml/dev/effect-jit/effekt/effekt/shared/src/main/scala/effekt/core/Tree.scala. Using presentation compiler with project's scala-library version: 3.3.3[0m
2024.08.29 15:10:11 INFO  no build target found for /Users/gaisseml/dev/effect-jit/effekt/effekt/shared/src/main/scala/effekt/core/Tree.scala. Using presentation compiler with project's scala-library version: 3.3.3[0m
2024.08.29 15:10:11 INFO  no build target found for /Users/gaisseml/dev/effect-jit/effekt/effekt/shared/src/main/scala/effekt/core/Tree.scala. Using presentation compiler with project's scala-library version: 3.3.3[0m
2024.08.29 15:10:11 INFO  no build target found for /Users/gaisseml/dev/effect-jit/effekt/effekt/shared/src/main/scala/effekt/core/Tree.scala. Using presentation compiler with project's scala-library version: 3.3.3[0m
2024.08.29 15:10:11 INFO  no build target found for /Users/gaisseml/dev/effect-jit/effekt/effekt/shared/src/main/scala/effekt/core/Tree.scala. Using presentation compiler with project's scala-library version: 3.3.3[0m
2024.08.29 15:10:12 INFO  no build target found for /Users/gaisseml/dev/effect-jit/effekt/effekt/shared/src/main/scala/effekt/core/Tree.scala. Using presentation compiler with project's scala-library version: 3.3.3[0m
2024.08.29 15:10:16 INFO  no build target found for /Users/gaisseml/dev/effect-jit/effekt/effekt/shared/src/main/scala/effekt/core/Tree.scala. Using presentation compiler with project's scala-library version: 3.3.3[0m
2024.08.29 15:43:08 INFO  no build target found for /Users/gaisseml/dev/effect-jit/effekt/effekt/shared/src/main/scala/effekt/generator/jit/JIT.scala. Using presentation compiler with project's scala-library version: 3.3.3[0m
2024.08.29 15:43:10 INFO  no build target found for /Users/gaisseml/dev/effect-jit/effekt/effekt/shared/src/main/scala/effekt/generator/jit/JIT.scala. Using presentation compiler with project's scala-library version: 3.3.3[0m
2024.08.29 15:43:10 INFO  no build target found for /Users/gaisseml/dev/effect-jit/effekt/effekt/shared/src/main/scala/effekt/generator/jit/Transformer.scala. Using presentation compiler with project's scala-library version: 3.3.3[0m
2024.08.29 15:43:11 INFO  no build target found for /Users/gaisseml/dev/effect-jit/effekt/effekt/shared/src/main/scala/effekt/generator/jit/Transformer.scala. Using presentation compiler with project's scala-library version: 3.3.3[0m
2024.08.29 15:43:12 INFO  no build target found for /Users/gaisseml/dev/effect-jit/effekt/effekt/shared/src/main/scala/effekt/generator/jit/Transformer.scala. Using presentation compiler with project's scala-library version: 3.3.3[0m
2024.08.29 15:43:11 INFO  no build target found for /Users/gaisseml/dev/effect-jit/effekt/effekt/shared/src/main/scala/effekt/generator/jit/Transformer.scala. Using presentation compiler with project's scala-library version: 3.3.3[0m
2024.08.29 15:43:52 INFO  no build target found for /Users/gaisseml/dev/effect-jit/effekt/effekt/shared/src/main/scala/effekt/generator/jit/Transformer.scala. Using presentation compiler with project's scala-library version: 3.3.3[0m
2024.08.29 15:43:59 INFO  no build target found for /Users/gaisseml/dev/effect-jit/effekt/effekt/shared/src/main/scala/effekt/generator/jit/Transformer.scala. Using presentation compiler with project's scala-library version: 3.3.3[0m
2024.08.29 15:45:12 INFO  no build target found for /Users/gaisseml/dev/effect-jit/effekt/effekt/shared/src/main/scala/effekt/generator/jit/Transformer.scala. Using presentation compiler with project's scala-library version: 3.3.3[0m
2024.08.29 15:45:16 INFO  no build target found for /Users/gaisseml/dev/effect-jit/effekt/effekt/shared/src/main/scala/effekt/generator/jit/Transformer.scala. Using presentation compiler with project's scala-library version: 3.3.3[0m
2024.08.29 15:45:18 INFO  no build target found for /Users/gaisseml/dev/effect-jit/effekt/effekt/shared/src/main/scala/effekt/generator/jit/Transformer.scala. Using presentation compiler with project's scala-library version: 3.3.3[0m
2024.08.29 15:45:24 INFO  no build target found for /Users/gaisseml/dev/effect-jit/effekt/effekt/shared/src/main/scala/effekt/generator/jit/Transformer.scala. Using presentation compiler with project's scala-library version: 3.3.3[0m
2024.08.29 15:45:28 INFO  no build target found for /Users/gaisseml/dev/effect-jit/effekt/effekt/shared/src/main/scala/effekt/generator/jit/Transformer.scala. Using presentation compiler with project's scala-library version: 3.3.3[0m
2024.08.29 15:45:28 INFO  no build target found for /Users/gaisseml/dev/effect-jit/effekt/effekt/shared/src/main/scala/effekt/generator/jit/Transformer.scala. Using presentation compiler with project's scala-library version: 3.3.3[0m
2024.08.29 15:47:47 INFO  no build target found for /Users/gaisseml/dev/effect-jit/effekt/effekt/shared/src/main/scala/effekt/generator/jit/Transformer.scala. Using presentation compiler with project's scala-library version: 3.3.3[0m
2024.08.29 15:47:50 INFO  no build target found for /Users/gaisseml/dev/effect-jit/effekt/effekt/shared/src/main/scala/effekt/generator/jit/Transformer.scala. Using presentation compiler with project's scala-library version: 3.3.3[0m
2024.08.29 15:47:50 INFO  no build target found for /Users/gaisseml/dev/effect-jit/effekt/effekt/shared/src/main/scala/effekt/generator/jit/Transformer.scala. Using presentation compiler with project's scala-library version: 3.3.3[0m
2024.08.29 15:47:50 INFO  no build target found for /Users/gaisseml/dev/effect-jit/effekt/effekt/shared/src/main/scala/effekt/generator/jit/Transformer.scala. Using presentation compiler with project's scala-library version: 3.3.3[0m
2024.08.29 15:47:54 INFO  no build target found for /Users/gaisseml/dev/effect-jit/effekt/effekt/shared/src/main/scala/effekt/generator/jit/Transformer.scala. Using presentation compiler with project's scala-library version: 3.3.3[0m
2024.08.29 15:47:54 INFO  no build target found for /Users/gaisseml/dev/effect-jit/effekt/effekt/shared/src/main/scala/effekt/generator/jit/Transformer.scala. Using presentation compiler with project's scala-library version: 3.3.3[0m
2024.08.29 15:47:55 INFO  no build target found for /Users/gaisseml/dev/effect-jit/effekt/effekt/shared/src/main/scala/effekt/generator/jit/Transformer.scala. Using presentation compiler with project's scala-library version: 3.3.3[0m
2024.08.29 15:47:55 INFO  no build target found for /Users/gaisseml/dev/effect-jit/effekt/effekt/shared/src/main/scala/effekt/generator/jit/Transformer.scala. Using presentation compiler with project's scala-library version: 3.3.3[0m
2024.08.29 15:47:55 INFO  no build target found for /Users/gaisseml/dev/effect-jit/effekt/effekt/shared/src/main/scala/effekt/generator/jit/Transformer.scala. Using presentation compiler with project's scala-library version: 3.3.3[0m
2024.08.29 15:47:56 INFO  no build target found for /Users/gaisseml/dev/effect-jit/effekt/effekt/shared/src/main/scala/effekt/generator/jit/Transformer.scala. Using presentation compiler with project's scala-library version: 3.3.3[0m
2024.08.29 15:47:56 INFO  no build target found for /Users/gaisseml/dev/effect-jit/effekt/effekt/shared/src/main/scala/effekt/generator/jit/Transformer.scala. Using presentation compiler with project's scala-library version: 3.3.3[0m
2024.08.29 15:47:56 INFO  no build target found for /Users/gaisseml/dev/effect-jit/effekt/effekt/shared/src/main/scala/effekt/generator/jit/Transformer.scala. Using presentation compiler with project's scala-library version: 3.3.3[0m
2024.08.29 15:47:58 INFO  no build target found for /Users/gaisseml/dev/effect-jit/effekt/effekt/shared/src/main/scala/effekt/generator/jit/Transformer.scala. Using presentation compiler with project's scala-library version: 3.3.3[0m
2024.08.29 15:47:58 INFO  no build target found for /Users/gaisseml/dev/effect-jit/effekt/effekt/shared/src/main/scala/effekt/generator/jit/Transformer.scala. Using presentation compiler with project's scala-library version: 3.3.3[0m
2024.08.29 15:47:58 INFO  no build target found for /Users/gaisseml/dev/effect-jit/effekt/effekt/shared/src/main/scala/effekt/generator/jit/Transformer.scala. Using presentation compiler with project's scala-library version: 3.3.3[0m
2024.08.29 15:47:58 INFO  no build target found for /Users/gaisseml/dev/effect-jit/effekt/effekt/shared/src/main/scala/effekt/generator/jit/Transformer.scala. Using presentation compiler with project's scala-library version: 3.3.3[0m
2024.08.29 15:47:58 INFO  no build target found for /Users/gaisseml/dev/effect-jit/effekt/effekt/shared/src/main/scala/effekt/generator/jit/Transformer.scala. Using presentation compiler with project's scala-library version: 3.3.3[0m
2024.08.29 15:47:58 INFO  no build target found for /Users/gaisseml/dev/effect-jit/effekt/effekt/shared/src/main/scala/effekt/generator/jit/Transformer.scala. Using presentation compiler with project's scala-library version: 3.3.3[0m
2024.08.29 15:48:13 INFO  no build target found for /Users/gaisseml/dev/effect-jit/effekt/effekt/shared/src/main/scala/effekt/generator/jit/Transformer.scala. Using presentation compiler with project's scala-library version: 3.3.3[0m
2024.08.29 15:48:13 INFO  no build target found for /Users/gaisseml/dev/effect-jit/effekt/effekt/shared/src/main/scala/effekt/generator/jit/Transformer.scala. Using presentation compiler with project's scala-library version: 3.3.3[0m
2024.08.29 15:49:58 INFO  no build target found for /Users/gaisseml/dev/effect-jit/effekt/effekt/shared/src/main/scala/effekt/generator/jit/Transformer.scala. Using presentation compiler with project's scala-library version: 3.3.3[0m
2024.08.29 15:49:58 INFO  no build target found for /Users/gaisseml/dev/effect-jit/effekt/effekt/shared/src/main/scala/effekt/generator/jit/Transformer.scala. Using presentation compiler with project's scala-library version: 3.3.3[0m
2024.08.29 17:12:39 INFO  Shutting down server[0m
2024.08.29 17:12:39 INFO  shutting down Metals[0m
2024.08.29 17:12:39 INFO  Exiting server[0m
2024.09.09 14:34:39 INFO  Started: Metals version 1.3.5 in folders '/Users/gaisseml/dev/effect-jit' for client Visual Studio Code 1.87.2.[0m
SLF4J(W): Class path contains multiple SLF4J providers.
SLF4J(W): Found provider [scribe.slf4j.ScribeServiceProvider@66c42eac]
SLF4J(W): Found provider [ch.qos.logback.classic.spi.LogbackServiceProvider@1442b9f9]
SLF4J(W): See https://www.slf4j.org/codes.html#multiple_bindings for an explanation.
SLF4J(I): Actual provider is of type [scribe.slf4j.ScribeServiceProvider@66c42eac]
2024.09.09 14:34:39 WARN  Flyway upgrade recommended: H2 2.3.230 is newer than this version of Flyway and support has not been tested. The latest supported version of H2 is 2.2.220.[0m
2024.09.09 14:34:40 INFO  no build target found for /Users/gaisseml/dev/effect-jit/effekt/effekt/shared/src/main/scala/effekt/generator/jit/Transformer.scala. Using presentation compiler with project's scala-library version: 3.3.3[0m
2024.09.09 14:34:41 INFO  no build target found for /Users/gaisseml/dev/effect-jit/effekt/effekt/shared/src/main/scala/effekt/generator/jit/Transformer.scala. Using presentation compiler with project's scala-library version: 3.3.3[0m
2024.09.09 14:34:41 INFO  no build target found for /Users/gaisseml/dev/effect-jit/effekt/effekt/shared/src/main/scala/effekt/generator/jit/Transformer.scala. Using presentation compiler with project's scala-library version: 3.3.3[0m
2024.09.09 14:34:43 WARN  Build server is not auto-connectable.[0m
2024.09.09 14:34:43 INFO  no build target found for /Users/gaisseml/dev/effect-jit/effekt/effekt/shared/src/main/scala/effekt/generator/jit/Transformer.scala. Using presentation compiler with project's scala-library version: 3.3.3[0m
2024.09.09 14:34:43 INFO  no build target found for /Users/gaisseml/dev/effect-jit/effekt/effekt/shared/src/main/scala/effekt/generator/jit/Transformer.scala. Using presentation compiler with project's scala-library version: 3.3.3[0m
2024.09.09 14:34:55 INFO  no build target found for /Users/gaisseml/dev/effect-jit/effekt/effekt/shared/src/main/scala/effekt/generator/jit/Transformer.scala. Using presentation compiler with project's scala-library version: 3.3.3[0m
2024.09.09 14:35:03 INFO  no build target found for /Users/gaisseml/dev/effect-jit/effekt/effekt/shared/src/main/scala/effekt/generator/jit/Transformer.scala. Using presentation compiler with project's scala-library version: 3.3.3[0m
2024.09.09 14:35:06 INFO  no build target found for /Users/gaisseml/dev/effect-jit/effekt/effekt/shared/src/main/scala/effekt/generator/jit/Transformer.scala. Using presentation compiler with project's scala-library version: 3.3.3[0m
2024.09.09 14:35:06 INFO  no build target found for /Users/gaisseml/dev/effect-jit/effekt/effekt/shared/src/main/scala/effekt/generator/jit/Transformer.scala. Using presentation compiler with project's scala-library version: 3.3.3[0m
2024.09.09 14:35:07 INFO  no build target found for /Users/gaisseml/dev/effect-jit/effekt/effekt/shared/src/main/scala/effekt/generator/jit/Transformer.scala. Using presentation compiler with project's scala-library version: 3.3.3[0m
2024.09.09 14:35:09 INFO  no build target found for /Users/gaisseml/dev/effect-jit/effekt/effekt/shared/src/main/scala/effekt/generator/jit/Transformer.scala. Using presentation compiler with project's scala-library version: 3.3.3[0m
2024.09.09 14:35:13 INFO  no build target found for /Users/gaisseml/dev/effect-jit/effekt/effekt/shared/src/main/scala/effekt/generator/jit/Transformer.scala. Using presentation compiler with project's scala-library version: 3.3.3[0m
2024.09.09 14:35:13 INFO  no build target found for /Users/gaisseml/dev/effect-jit/effekt/effekt/shared/src/main/scala/effekt/generator/jit/Transformer.scala. Using presentation compiler with project's scala-library version: 3.3.3[0m
2024.09.09 14:35:13 INFO  no build target found for /Users/gaisseml/dev/effect-jit/effekt/effekt/shared/src/main/scala/effekt/generator/jit/Transformer.scala. Using presentation compiler with project's scala-library version: 3.3.3[0m
2024.09.09 14:35:15 INFO  no build target found for /Users/gaisseml/dev/effect-jit/effekt/effekt/shared/src/main/scala/effekt/generator/jit/Transformer.scala. Using presentation compiler with project's scala-library version: 3.3.3[0m
2024.09.09 14:35:20 INFO  no build target found for /Users/gaisseml/dev/effect-jit/effekt/effekt/shared/src/main/scala/effekt/generator/jit/Transformer.scala. Using presentation compiler with project's scala-library version: 3.3.3[0m
2024.09.09 14:35:20 INFO  no build target found for /Users/gaisseml/dev/effect-jit/effekt/effekt/shared/src/main/scala/effekt/generator/jit/Transformer.scala. Using presentation compiler with project's scala-library version: 3.3.3[0m
2024.09.09 14:35:21 INFO  no build target found for /Users/gaisseml/dev/effect-jit/effekt/effekt/shared/src/main/scala/effekt/generator/jit/Transformer.scala. Using presentation compiler with project's scala-library version: 3.3.3[0m
2024.09.09 14:35:22 INFO  no build target found for /Users/gaisseml/dev/effect-jit/effekt/effekt/shared/src/main/scala/effekt/generator/jit/Transformer.scala. Using presentation compiler with project's scala-library version: 3.3.3[0m
2024.09.09 14:35:22 INFO  no build target found for /Users/gaisseml/dev/effect-jit/effekt/effekt/shared/src/main/scala/effekt/generator/jit/Transformer.scala. Using presentation compiler with project's scala-library version: 3.3.3[0m
2024.09.09 14:35:22 INFO  no build target found for /Users/gaisseml/dev/effect-jit/effekt/effekt/shared/src/main/scala/effekt/generator/jit/Transformer.scala. Using presentation compiler with project's scala-library version: 3.3.3[0m
2024.09.09 14:35:22 INFO  no build target found for /Users/gaisseml/dev/effect-jit/effekt/effekt/shared/src/main/scala/effekt/generator/jit/Transformer.scala. Using presentation compiler with project's scala-library version: 3.3.3[0m
2024.09.09 14:35:25 INFO  no build target found for /Users/gaisseml/dev/effect-jit/effekt/effekt/shared/src/main/scala/effekt/generator/jit/Transformer.scala. Using presentation compiler with project's scala-library version: 3.3.3[0m
2024.09.09 14:35:25 INFO  no build target found for /Users/gaisseml/dev/effect-jit/effekt/effekt/shared/src/main/scala/effekt/generator/jit/Transformer.scala. Using presentation compiler with project's scala-library version: 3.3.3[0m
2024.09.09 14:35:25 INFO  no build target found for /Users/gaisseml/dev/effect-jit/effekt/effekt/shared/src/main/scala/effekt/generator/jit/Transformer.scala. Using presentation compiler with project's scala-library version: 3.3.3[0m
2024.09.09 14:35:25 INFO  no build target found for /Users/gaisseml/dev/effect-jit/effekt/effekt/shared/src/main/scala/effekt/generator/jit/Transformer.scala. Using presentation compiler with project's scala-library version: 3.3.3[0m
2024.09.09 14:35:29 INFO  no build target found for /Users/gaisseml/dev/effect-jit/effekt/effekt/shared/src/main/scala/effekt/generator/jit/Transformer.scala. Using presentation compiler with project's scala-library version: 3.3.3[0m
2024.09.09 14:35:29 INFO  no build target found for /Users/gaisseml/dev/effect-jit/effekt/effekt/shared/src/main/scala/effekt/generator/jit/Transformer.scala. Using presentation compiler with project's scala-library version: 3.3.3[0m
2024.09.09 14:35:29 INFO  no build target found for /Users/gaisseml/dev/effect-jit/effekt/effekt/shared/src/main/scala/effekt/generator/jit/Transformer.scala. Using presentation compiler with project's scala-library version: 3.3.3[0m
2024.09.09 14:35:30 INFO  no build target found for /Users/gaisseml/dev/effect-jit/effekt/effekt/shared/src/main/scala/effekt/generator/jit/Transformer.scala. Using presentation compiler with project's scala-library version: 3.3.3[0m
2024.09.09 14:35:30 INFO  no build target found for /Users/gaisseml/dev/effect-jit/effekt/effekt/shared/src/main/scala/effekt/generator/jit/Transformer.scala. Using presentation compiler with project's scala-library version: 3.3.3[0m
2024.09.09 14:35:32 INFO  no build target found for /Users/gaisseml/dev/effect-jit/effekt/effekt/shared/src/main/scala/effekt/generator/jit/Transformer.scala. Using presentation compiler with project's scala-library version: 3.3.3[0m
2024.09.09 14:35:34 INFO  no build target found for /Users/gaisseml/dev/effect-jit/effekt/effekt/shared/src/main/scala/effekt/generator/jit/Transformer.scala. Using presentation compiler with project's scala-library version: 3.3.3[0m
2024.09.09 14:35:34 INFO  no build target found for /Users/gaisseml/dev/effect-jit/effekt/effekt/shared/src/main/scala/effekt/generator/jit/Transformer.scala. Using presentation compiler with project's scala-library version: 3.3.3[0m
2024.09.09 14:35:34 INFO  no build target found for /Users/gaisseml/dev/effect-jit/effekt/effekt/shared/src/main/scala/effekt/generator/jit/Transformer.scala. Using presentation compiler with project's scala-library version: 3.3.3[0m
2024.09.09 14:35:36 INFO  no build target found for /Users/gaisseml/dev/effect-jit/effekt/effekt/shared/src/main/scala/effekt/generator/jit/Transformer.scala. Using presentation compiler with project's scala-library version: 3.3.3[0m
2024.09.09 14:35:36 INFO  no build target found for /Users/gaisseml/dev/effect-jit/effekt/effekt/shared/src/main/scala/effekt/generator/jit/Transformer.scala. Using presentation compiler with project's scala-library version: 3.3.3[0m
2024.09.09 14:35:36 INFO  no build target found for /Users/gaisseml/dev/effect-jit/effekt/effekt/shared/src/main/scala/effekt/generator/jit/Transformer.scala. Using presentation compiler with project's scala-library version: 3.3.3[0m
2024.09.09 14:35:44 INFO  no build target found for /Users/gaisseml/dev/effect-jit/effekt/effekt/shared/src/main/scala/effekt/generator/jit/Transformer.scala. Using presentation compiler with project's scala-library version: 3.3.3[0m
2024.09.09 14:35:44 INFO  no build target found for /Users/gaisseml/dev/effect-jit/effekt/effekt/shared/src/main/scala/effekt/generator/jit/Transformer.scala. Using presentation compiler with project's scala-library version: 3.3.3[0m
2024.09.09 14:35:47 INFO  no build target found for /Users/gaisseml/dev/effect-jit/effekt/effekt/shared/src/main/scala/effekt/generator/jit/Transformer.scala. Using presentation compiler with project's scala-library version: 3.3.3[0m
2024.09.09 14:35:47 INFO  no build target found for /Users/gaisseml/dev/effect-jit/effekt/effekt/shared/src/main/scala/effekt/generator/jit/Transformer.scala. Using presentation compiler with project's scala-library version: 3.3.3[0m
2024.09.09 14:35:48 INFO  no build target found for /Users/gaisseml/dev/effect-jit/effekt/effekt/shared/src/main/scala/effekt/generator/jit/Transformer.scala. Using presentation compiler with project's scala-library version: 3.3.3[0m
2024.09.09 14:35:48 INFO  no build target found for /Users/gaisseml/dev/effect-jit/effekt/effekt/shared/src/main/scala/effekt/generator/jit/Transformer.scala. Using presentation compiler with project's scala-library version: 3.3.3[0m
2024.09.09 14:35:48 INFO  no build target found for /Users/gaisseml/dev/effect-jit/effekt/effekt/shared/src/main/scala/effekt/generator/jit/Transformer.scala. Using presentation compiler with project's scala-library version: 3.3.3[0m
2024.09.09 14:35:49 INFO  no build target found for /Users/gaisseml/dev/effect-jit/effekt/effekt/shared/src/main/scala/effekt/generator/jit/Transformer.scala. Using presentation compiler with project's scala-library version: 3.3.3[0m
2024.09.09 14:35:49 INFO  no build target found for /Users/gaisseml/dev/effect-jit/effekt/effekt/shared/src/main/scala/effekt/generator/jit/Transformer.scala. Using presentation compiler with project's scala-library version: 3.3.3[0m
2024.09.09 14:35:51 INFO  no build target found for /Users/gaisseml/dev/effect-jit/effekt/effekt/shared/src/main/scala/effekt/generator/jit/Transformer.scala. Using presentation compiler with project's scala-library version: 3.3.3[0m
2024.09.09 14:37:39 INFO  no build target found for /Users/gaisseml/dev/effect-jit/effekt/effekt/shared/src/main/scala/effekt/generator/jit/Transformer.scala. Using presentation compiler with project's scala-library version: 3.3.3[0m
2024.09.09 14:37:41 INFO  no build target found for /Users/gaisseml/dev/effect-jit/effekt/effekt/shared/src/main/scala/effekt/generator/jit/Transformer.scala. Using presentation compiler with project's scala-library version: 3.3.3[0m
2024.09.09 14:37:43 INFO  no build target found for /Users/gaisseml/dev/effect-jit/effekt/effekt/shared/src/main/scala/effekt/generator/jit/Transformer.scala. Using presentation compiler with project's scala-library version: 3.3.3[0m
2024.09.09 14:37:43 INFO  no build target found for /Users/gaisseml/dev/effect-jit/effekt/effekt/shared/src/main/scala/effekt/generator/jit/Transformer.scala. Using presentation compiler with project's scala-library version: 3.3.3[0m
2024.09.09 14:37:44 INFO  no build target found for /Users/gaisseml/dev/effect-jit/effekt/effekt/shared/src/main/scala/effekt/generator/jit/Transformer.scala. Using presentation compiler with project's scala-library version: 3.3.3[0m
2024.09.09 14:37:47 INFO  no build target found for /Users/gaisseml/dev/effect-jit/effekt/effekt/shared/src/main/scala/effekt/generator/jit/Transformer.scala. Using presentation compiler with project's scala-library version: 3.3.3[0m
2024.09.09 14:37:56 INFO  no build target found for /Users/gaisseml/dev/effect-jit/effekt/effekt/shared/src/main/scala/effekt/generator/jit/Transformer.scala. Using presentation compiler with project's scala-library version: 3.3.3[0m
2024.09.09 14:37:56 INFO  no build target found for /Users/gaisseml/dev/effect-jit/effekt/effekt/shared/src/main/scala/effekt/generator/jit/Transformer.scala. Using presentation compiler with project's scala-library version: 3.3.3[0m
2024.09.09 14:37:56 INFO  no build target found for /Users/gaisseml/dev/effect-jit/effekt/effekt/shared/src/main/scala/effekt/generator/jit/Transformer.scala. Using presentation compiler with project's scala-library version: 3.3.3[0m
2024.09.09 14:40:09 INFO  no build target found for /Users/gaisseml/dev/effect-jit/effekt/effekt/shared/src/main/scala/effekt/generator/jit/Transformer.scala. Using presentation compiler with project's scala-library version: 3.3.3[0m
2024.09.09 14:40:10 INFO  no build target found for /Users/gaisseml/dev/effect-jit/effekt/effekt/shared/src/main/scala/effekt/generator/jit/Transformer.scala. Using presentation compiler with project's scala-library version: 3.3.3[0m
2024.09.09 14:40:10 INFO  no build target found for /Users/gaisseml/dev/effect-jit/effekt/effekt/shared/src/main/scala/effekt/generator/jit/Transformer.scala. Using presentation compiler with project's scala-library version: 3.3.3[0m
2024.09.09 14:40:10 INFO  no build target found for /Users/gaisseml/dev/effect-jit/effekt/effekt/shared/src/main/scala/effekt/generator/jit/Transformer.scala. Using presentation compiler with project's scala-library version: 3.3.3[0m
2024.09.09 14:40:10 INFO  no build target found for /Users/gaisseml/dev/effect-jit/effekt/effekt/shared/src/main/scala/effekt/generator/jit/Transformer.scala. Using presentation compiler with project's scala-library version: 3.3.3[0m
2024.09.09 14:40:21 INFO  no build target found for /Users/gaisseml/dev/effect-jit/effekt/effekt/shared/src/main/scala/effekt/generator/jit/Transformer.scala. Using presentation compiler with project's scala-library version: 3.3.3[0m
2024.09.09 14:40:36 INFO  no build target found for /Users/gaisseml/dev/effect-jit/effekt/effekt/shared/src/main/scala/effekt/generator/jit/Transformer.scala. Using presentation compiler with project's scala-library version: 3.3.3[0m
2024.09.09 14:40:36 INFO  no build target found for /Users/gaisseml/dev/effect-jit/effekt/effekt/shared/src/main/scala/effekt/generator/jit/Transformer.scala. Using presentation compiler with project's scala-library version: 3.3.3[0m
2024.09.09 14:40:36 INFO  no build target found for /Users/gaisseml/dev/effect-jit/effekt/effekt/shared/src/main/scala/effekt/generator/jit/Transformer.scala. Using presentation compiler with project's scala-library version: 3.3.3[0m
2024.09.09 14:40:37 INFO  no build target found for /Users/gaisseml/dev/effect-jit/effekt/effekt/shared/src/main/scala/effekt/generator/jit/Transformer.scala. Using presentation compiler with project's scala-library version: 3.3.3[0m
2024.09.09 14:44:00 INFO  no build target found for /Users/gaisseml/dev/effect-jit/effekt/effekt/shared/src/main/scala/effekt/generator/jit/Transformer.scala. Using presentation compiler with project's scala-library version: 3.3.3[0m
2024.09.09 14:44:00 INFO  no build target found for /Users/gaisseml/dev/effect-jit/effekt/effekt/shared/src/main/scala/effekt/generator/jit/Transformer.scala. Using presentation compiler with project's scala-library version: 3.3.3[0m
2024.09.09 14:44:02 INFO  no build target found for /Users/gaisseml/dev/effect-jit/effekt/effekt/shared/src/main/scala/effekt/generator/jit/Transformer.scala. Using presentation compiler with project's scala-library version: 3.3.3[0m
2024.09.09 14:44:04 INFO  no build target found for /Users/gaisseml/dev/effect-jit/effekt/effekt/shared/src/main/scala/effekt/generator/jit/Transformer.scala. Using presentation compiler with project's scala-library version: 3.3.3[0m
2024.09.09 14:44:04 INFO  no build target found for /Users/gaisseml/dev/effect-jit/effekt/effekt/shared/src/main/scala/effekt/generator/jit/Transformer.scala. Using presentation compiler with project's scala-library version: 3.3.3[0m
2024.09.09 14:45:34 INFO  no build target found for /Users/gaisseml/dev/effect-jit/effekt/effekt/shared/src/main/scala/effekt/generator/jit/Transformer.scala. Using presentation compiler with project's scala-library version: 3.3.3[0m
2024.09.09 18:00:47 INFO  Shutting down server[0m
2024.09.09 18:00:47 INFO  shutting down Metals[0m
2024.09.09 18:00:47 INFO  Exiting server[0m
